Command line invocation:
    /Applications/Xcode.app/Contents/Developer/usr/bin/xcodebuild test -project "/Users/sunil/Downloads/YogaofEating/Yoga of Eating.xcodeproj" -scheme "Yoga of Eating" -destination "platform=iOS Simulator,name=iPhone 17" "-only-testing:Yoga of EatingTests" -configuration Debug

Resolve Package Graph


Resolved source packages:
  GoogleUtilities: https://github.com/google/GoogleUtilities.git @ 8.1.0
  leveldb: https://github.com/firebase/leveldb.git @ 1.22.5
  GoogleAppMeasurement: https://github.com/google/GoogleAppMeasurement.git @ 12.5.0
  GoogleDataTransport: https://github.com/google/GoogleDataTransport.git @ 10.1.0
  AppAuth: https://github.com/openid/AppAuth-iOS.git @ 2.0.0
  nanopb: https://github.com/firebase/nanopb.git @ 2.30910.0
  AppCheck: https://github.com/google/app-check.git @ 11.2.0
  abseil: https://github.com/google/abseil-cpp-binary.git @ 1.2024072200.0
  Promises: https://github.com/google/promises.git @ 2.4.0
  GoogleAdsOnDeviceConversion: https://github.com/googleads/google-ads-on-device-conversion-ios-sdk @ 3.2.0
  Firebase: https://github.com/firebase/firebase-ios-sdk @ 12.7.0
  SwiftProtobuf: https://github.com/apple/swift-protobuf.git @ 1.33.3
  gRPC: https://github.com/google/grpc-binary.git @ 1.69.1
  GTMSessionFetcher: https://github.com/google/gtm-session-fetcher.git @ 3.5.0
  InteropForGoogle: https://github.com/google/interop-ios-for-google-sdks.git @ 101.0.0
  GoogleSignIn: https://github.com/google/GoogleSignIn-iOS @ 9.0.0
  GTMAppAuth: https://github.com/google/GTMAppAuth.git @ 5.0.0

ComputePackagePrebuildTargetDependencyGraph

Prepare packages

CreateBuildRequest

SendProjectDescription

CreateBuildOperation

ComputeTargetDependencyGraph
note: Building targets in dependency order
note: Target dependency graph (90 targets)
    Target 'Yoga of EatingUITests' in project 'Yoga of Eating'
        ➜ Explicit dependency on target 'Yoga of Eating' in project 'Yoga of Eating'
    Target 'Yoga of EatingTests' in project 'Yoga of Eating'
        ➜ Explicit dependency on target 'Yoga of Eating' in project 'Yoga of Eating'
    Target 'Yoga of Eating' in project 'Yoga of Eating'
        ➜ Explicit dependency on target 'FirebaseAI' in project 'Firebase'
        ➜ Explicit dependency on target 'FirebaseFirestore' in project 'Firebase'
        ➜ Explicit dependency on target 'GoogleSignInSwift' in project 'GoogleSignIn'
        ➜ Explicit dependency on target 'FirebaseFunctions' in project 'Firebase'
        ➜ Explicit dependency on target 'FirebaseCore' in project 'Firebase'
        ➜ Explicit dependency on target 'FirebaseAuth' in project 'Firebase'
        ➜ Explicit dependency on target 'GoogleSignIn' in project 'GoogleSignIn'
    Target 'GoogleSignIn' in project 'GoogleSignIn'
        ➜ Explicit dependency on target 'GoogleSignIn' in project 'GoogleSignIn'
        ➜ Explicit dependency on target 'GoogleSignIn_GoogleSignIn' in project 'GoogleSignIn'
        ➜ Explicit dependency on target 'AppAuth' in project 'AppAuth'
        ➜ Explicit dependency on target 'AppAuthCore' in project 'AppAuth'
        ➜ Explicit dependency on target 'AppCheckCore' in project 'AppCheck'
        ➜ Explicit dependency on target 'GTMAppAuth' in project 'GTMAppAuth'
        ➜ Explicit dependency on target 'GTMSessionFetcherCore' in project 'GTMSessionFetcher'
    Target 'FirebaseAuth' in project 'Firebase'
        ➜ Explicit dependency on target 'FirebaseAuth' in project 'Firebase'
        ➜ Explicit dependency on target 'Firebase_FirebaseAuth' in project 'Firebase'
        ➜ Explicit dependency on target 'FirebaseAppCheckInterop' in project 'Firebase'
        ➜ Explicit dependency on target 'FirebaseAuthInterop' in project 'Firebase'
        ➜ Explicit dependency on target 'FirebaseAuthInternal' in project 'Firebase'
        ➜ Explicit dependency on target 'Firebase' in project 'Firebase'
        ➜ Explicit dependency on target 'FirebaseCoreInternal' in project 'Firebase'
        ➜ Explicit dependency on target 'FirebaseCore' in project 'Firebase'
        ➜ Explicit dependency on target 'FirebaseCoreExtension' in project 'Firebase'
        ➜ Explicit dependency on target 'RecaptchaInterop' in project 'InteropForGoogle'
        ➜ Explicit dependency on target 'GULNSData' in project 'GoogleUtilities'
        ➜ Explicit dependency on target 'GULEnvironment' in project 'GoogleUtilities'
        ➜ Explicit dependency on target 'GULLogger' in project 'GoogleUtilities'
        ➜ Explicit dependency on target 'GULAppDelegateSwizzler' in project 'GoogleUtilities'
        ➜ Explicit dependency on target 'GTMSessionFetcherCore' in project 'GTMSessionFetcher'
    Target 'FirebaseAuth' in project 'Firebase'
        ➜ Explicit dependency on target 'Firebase_FirebaseAuth' in project 'Firebase'
        ➜ Explicit dependency on target 'FirebaseAppCheckInterop' in project 'Firebase'
        ➜ Explicit dependency on target 'FirebaseAuthInterop' in project 'Firebase'
        ➜ Explicit dependency on target 'FirebaseAuthInternal' in project 'Firebase'
        ➜ Explicit dependency on target 'Firebase' in project 'Firebase'
        ➜ Explicit dependency on target 'FirebaseCoreInternal' in project 'Firebase'
        ➜ Explicit dependency on target 'FirebaseCore' in project 'Firebase'
        ➜ Explicit dependency on target 'FirebaseCoreExtension' in project 'Firebase'
        ➜ Explicit dependency on target 'RecaptchaInterop' in project 'InteropForGoogle'
        ➜ Explicit dependency on target 'GULNSData' in project 'GoogleUtilities'
        ➜ Explicit dependency on target 'GULEnvironment' in project 'GoogleUtilities'
        ➜ Explicit dependency on target 'GULLogger' in project 'GoogleUtilities'
        ➜ Explicit dependency on target 'GULAppDelegateSwizzler' in project 'GoogleUtilities'
        ➜ Explicit dependency on target 'GTMSessionFetcherCore' in project 'GTMSessionFetcher'
    Target 'GULAppDelegateSwizzler' in project 'GoogleUtilities'
        ➜ Explicit dependency on target 'GoogleUtilities-AppDelegateSwizzler' in project 'GoogleUtilities'
        ➜ Explicit dependency on target 'GoogleUtilities_GoogleUtilities-AppDelegateSwizzler' in project 'GoogleUtilities'
        ➜ Explicit dependency on target 'third-party-IsAppEncrypted' in project 'GoogleUtilities'
        ➜ Explicit dependency on target 'GoogleUtilities-Environment' in project 'GoogleUtilities'
        ➜ Explicit dependency on target 'GoogleUtilities-Logger' in project 'GoogleUtilities'
        ➜ Explicit dependency on target 'GoogleUtilities-NSData' in project 'GoogleUtilities'
        ➜ Explicit dependency on target 'GoogleUtilities-Reachability' in project 'GoogleUtilities'
        ➜ Explicit dependency on target 'GoogleUtilities-Network' in project 'GoogleUtilities'
    Target 'GoogleUtilities-AppDelegateSwizzler' in project 'GoogleUtilities'
        ➜ Explicit dependency on target 'GoogleUtilities_GoogleUtilities-AppDelegateSwizzler' in project 'GoogleUtilities'
        ➜ Explicit dependency on target 'third-party-IsAppEncrypted' in project 'GoogleUtilities'
        ➜ Explicit dependency on target 'GoogleUtilities-Environment' in project 'GoogleUtilities'
        ➜ Explicit dependency on target 'GoogleUtilities-Logger' in project 'GoogleUtilities'
        ➜ Explicit dependency on target 'GoogleUtilities-NSData' in project 'GoogleUtilities'
        ➜ Explicit dependency on target 'GoogleUtilities-Reachability' in project 'GoogleUtilities'
        ➜ Explicit dependency on target 'GoogleUtilities-Network' in project 'GoogleUtilities'
    Target 'GoogleUtilities-Network' in project 'GoogleUtilities'
        ➜ Explicit dependency on target 'GoogleUtilities_GoogleUtilities-Network' in project 'GoogleUtilities'
        ➜ Explicit dependency on target 'third-party-IsAppEncrypted' in project 'GoogleUtilities'
        ➜ Explicit dependency on target 'GoogleUtilities-Environment' in project 'GoogleUtilities'
        ➜ Explicit dependency on target 'GoogleUtilities-Logger' in project 'GoogleUtilities'
        ➜ Explicit dependency on target 'GoogleUtilities-NSData' in project 'GoogleUtilities'
        ➜ Explicit dependency on target 'GoogleUtilities-Reachability' in project 'GoogleUtilities'
    Target 'GoogleUtilities_GoogleUtilities-Network' in project 'GoogleUtilities' (no dependencies)
    Target 'GoogleUtilities-Reachability' in project 'GoogleUtilities'
        ➜ Explicit dependency on target 'GoogleUtilities_GoogleUtilities-Reachability' in project 'GoogleUtilities'
        ➜ Explicit dependency on target 'third-party-IsAppEncrypted' in project 'GoogleUtilities'
        ➜ Explicit dependency on target 'GoogleUtilities-Environment' in project 'GoogleUtilities'
        ➜ Explicit dependency on target 'GoogleUtilities-Logger' in project 'GoogleUtilities'
    Target 'GoogleUtilities_GoogleUtilities-Reachability' in project 'GoogleUtilities' (no dependencies)
    Target 'GoogleUtilities_GoogleUtilities-AppDelegateSwizzler' in project 'GoogleUtilities' (no dependencies)
    Target 'FirebaseAuthInternal' in project 'Firebase'
        ➜ Explicit dependency on target 'RecaptchaInterop' in project 'InteropForGoogle'
    Target 'RecaptchaInterop' in project 'InteropForGoogle'
        ➜ Explicit dependency on target 'RecaptchaInterop' in project 'InteropForGoogle'
    Target 'RecaptchaInterop' in project 'InteropForGoogle' (no dependencies)
    Target 'Firebase_FirebaseAuth' in project 'Firebase' (no dependencies)
    Target 'FirebaseCore' in project 'Firebase'
        ➜ Explicit dependency on target 'FirebaseCore' in project 'Firebase'
        ➜ Explicit dependency on target 'Firebase_FirebaseCore' in project 'Firebase'
        ➜ Explicit dependency on target 'Firebase' in project 'Firebase'
        ➜ Explicit dependency on target 'FirebaseCoreInternal' in project 'Firebase'
        ➜ Explicit dependency on target 'GULNSData' in project 'GoogleUtilities'
        ➜ Explicit dependency on target 'GULEnvironment' in project 'GoogleUtilities'
        ➜ Explicit dependency on target 'GULLogger' in project 'GoogleUtilities'
    Target 'FirebaseFunctions' in project 'Firebase'
        ➜ Explicit dependency on target 'FirebaseFunctions' in project 'Firebase'
        ➜ Explicit dependency on target 'FirebaseAppCheckInterop' in project 'Firebase'
        ➜ Explicit dependency on target 'FirebaseAuthInterop' in project 'Firebase'
        ➜ Explicit dependency on target 'Firebase' in project 'Firebase'
        ➜ Explicit dependency on target 'FirebaseCoreInternal' in project 'Firebase'
        ➜ Explicit dependency on target 'FirebaseCore' in project 'Firebase'
        ➜ Explicit dependency on target 'FirebaseCoreExtension' in project 'Firebase'
        ➜ Explicit dependency on target 'FirebaseMessagingInterop' in project 'Firebase'
        ➜ Explicit dependency on target 'FirebaseSharedSwift' in project 'Firebase'
        ➜ Explicit dependency on target 'GULNSData' in project 'GoogleUtilities'
        ➜ Explicit dependency on target 'GULEnvironment' in project 'GoogleUtilities'
        ➜ Explicit dependency on target 'GULLogger' in project 'GoogleUtilities'
        ➜ Explicit dependency on target 'GTMSessionFetcherCore' in project 'GTMSessionFetcher'
    Target 'FirebaseFunctions' in project 'Firebase'
        ➜ Explicit dependency on target 'FirebaseAppCheckInterop' in project 'Firebase'
        ➜ Explicit dependency on target 'FirebaseAuthInterop' in project 'Firebase'
        ➜ Explicit dependency on target 'Firebase' in project 'Firebase'
        ➜ Explicit dependency on target 'FirebaseCoreInternal' in project 'Firebase'
        ➜ Explicit dependency on target 'FirebaseCore' in project 'Firebase'
        ➜ Explicit dependency on target 'FirebaseCoreExtension' in project 'Firebase'
        ➜ Explicit dependency on target 'FirebaseMessagingInterop' in project 'Firebase'
        ➜ Explicit dependency on target 'FirebaseSharedSwift' in project 'Firebase'
        ➜ Explicit dependency on target 'GULNSData' in project 'GoogleUtilities'
        ➜ Explicit dependency on target 'GULEnvironment' in project 'GoogleUtilities'
        ➜ Explicit dependency on target 'GULLogger' in project 'GoogleUtilities'
        ➜ Explicit dependency on target 'GTMSessionFetcherCore' in project 'GTMSessionFetcher'
    Target 'FirebaseMessagingInterop' in project 'Firebase' (no dependencies)
    Target 'GoogleSignInSwift' in project 'GoogleSignIn'
        ➜ Explicit dependency on target 'GoogleSignInSwift' in project 'GoogleSignIn'
        ➜ Explicit dependency on target 'GoogleSignIn_GoogleSignInSwift' in project 'GoogleSignIn'
        ➜ Explicit dependency on target 'GoogleSignIn' in project 'GoogleSignIn'
        ➜ Explicit dependency on target 'AppAuth' in project 'AppAuth'
        ➜ Explicit dependency on target 'AppAuthCore' in project 'AppAuth'
        ➜ Explicit dependency on target 'AppCheckCore' in project 'AppCheck'
        ➜ Explicit dependency on target 'GTMAppAuth' in project 'GTMAppAuth'
        ➜ Explicit dependency on target 'GTMSessionFetcherCore' in project 'GTMSessionFetcher'
    Target 'GoogleSignInSwift' in project 'GoogleSignIn'
        ➜ Explicit dependency on target 'GoogleSignIn_GoogleSignInSwift' in project 'GoogleSignIn'
        ➜ Explicit dependency on target 'GoogleSignIn' in project 'GoogleSignIn'
        ➜ Explicit dependency on target 'AppAuth' in project 'AppAuth'
        ➜ Explicit dependency on target 'AppAuthCore' in project 'AppAuth'
        ➜ Explicit dependency on target 'AppCheckCore' in project 'AppCheck'
        ➜ Explicit dependency on target 'GTMAppAuth' in project 'GTMAppAuth'
        ➜ Explicit dependency on target 'GTMSessionFetcherCore' in project 'GTMSessionFetcher'
    Target 'GoogleSignIn' in project 'GoogleSignIn'
        ➜ Explicit dependency on target 'GoogleSignIn_GoogleSignIn' in project 'GoogleSignIn'
        ➜ Explicit dependency on target 'AppAuth' in project 'AppAuth'
        ➜ Explicit dependency on target 'AppAuthCore' in project 'AppAuth'
        ➜ Explicit dependency on target 'AppCheckCore' in project 'AppCheck'
        ➜ Explicit dependency on target 'GTMAppAuth' in project 'GTMAppAuth'
        ➜ Explicit dependency on target 'GTMSessionFetcherCore' in project 'GTMSessionFetcher'
    Target 'GTMAppAuth' in project 'GTMAppAuth'
        ➜ Explicit dependency on target 'GTMAppAuth' in project 'GTMAppAuth'
        ➜ Explicit dependency on target 'GTMAppAuth_GTMAppAuth' in project 'GTMAppAuth'
        ➜ Explicit dependency on target 'GTMSessionFetcherCore' in project 'GTMSessionFetcher'
        ➜ Explicit dependency on target 'AppAuthCore' in project 'AppAuth'
    Target 'GTMAppAuth' in project 'GTMAppAuth'
        ➜ Explicit dependency on target 'GTMAppAuth_GTMAppAuth' in project 'GTMAppAuth'
        ➜ Explicit dependency on target 'GTMSessionFetcherCore' in project 'GTMSessionFetcher'
        ➜ Explicit dependency on target 'AppAuthCore' in project 'AppAuth'
    Target 'GTMSessionFetcherCore' in project 'GTMSessionFetcher'
        ➜ Explicit dependency on target 'GTMSessionFetcherCore' in project 'GTMSessionFetcher'
        ➜ Explicit dependency on target 'GTMSessionFetcher_GTMSessionFetcherCore' in project 'GTMSessionFetcher'
    Target 'GTMSessionFetcherCore' in project 'GTMSessionFetcher'
        ➜ Explicit dependency on target 'GTMSessionFetcher_GTMSessionFetcherCore' in project 'GTMSessionFetcher'
    Target 'GTMSessionFetcher_GTMSessionFetcherCore' in project 'GTMSessionFetcher' (no dependencies)
    Target 'GTMAppAuth_GTMAppAuth' in project 'GTMAppAuth' (no dependencies)
    Target 'AppCheckCore' in project 'AppCheck'
        ➜ Explicit dependency on target 'AppCheckCore' in project 'AppCheck'
        ➜ Explicit dependency on target 'FBLPromises' in project 'Promises'
        ➜ Explicit dependency on target 'GULEnvironment' in project 'GoogleUtilities'
        ➜ Explicit dependency on target 'GULUserDefaults' in project 'GoogleUtilities'
    Target 'AppCheckCore' in project 'AppCheck'
        ➜ Explicit dependency on target 'FBLPromises' in project 'Promises'
        ➜ Explicit dependency on target 'GULEnvironment' in project 'GoogleUtilities'
        ➜ Explicit dependency on target 'GULUserDefaults' in project 'GoogleUtilities'
    Target 'GULUserDefaults' in project 'GoogleUtilities'
        ➜ Explicit dependency on target 'GoogleUtilities-UserDefaults' in project 'GoogleUtilities'
        ➜ Explicit dependency on target 'GoogleUtilities_GoogleUtilities-UserDefaults' in project 'GoogleUtilities'
        ➜ Explicit dependency on target 'third-party-IsAppEncrypted' in project 'GoogleUtilities'
        ➜ Explicit dependency on target 'GoogleUtilities-Environment' in project 'GoogleUtilities'
        ➜ Explicit dependency on target 'GoogleUtilities-Logger' in project 'GoogleUtilities'
    Target 'GoogleUtilities-UserDefaults' in project 'GoogleUtilities'
        ➜ Explicit dependency on target 'GoogleUtilities_GoogleUtilities-UserDefaults' in project 'GoogleUtilities'
        ➜ Explicit dependency on target 'third-party-IsAppEncrypted' in project 'GoogleUtilities'
        ➜ Explicit dependency on target 'GoogleUtilities-Environment' in project 'GoogleUtilities'
        ➜ Explicit dependency on target 'GoogleUtilities-Logger' in project 'GoogleUtilities'
    Target 'GoogleUtilities_GoogleUtilities-UserDefaults' in project 'GoogleUtilities' (no dependencies)
    Target 'FBLPromises' in project 'Promises'
        ➜ Explicit dependency on target 'FBLPromises' in project 'Promises'
        ➜ Explicit dependency on target 'Promises_FBLPromises' in project 'Promises'
    Target 'FBLPromises' in project 'Promises'
        ➜ Explicit dependency on target 'Promises_FBLPromises' in project 'Promises'
    Target 'Promises_FBLPromises' in project 'Promises' (no dependencies)
    Target 'AppAuthCore' in project 'AppAuth'
        ➜ Explicit dependency on target 'AppAuthCore' in project 'AppAuth'
        ➜ Explicit dependency on target 'AppAuth_AppAuthCore' in project 'AppAuth'
    Target 'AppAuth' in project 'AppAuth'
        ➜ Explicit dependency on target 'AppAuth' in project 'AppAuth'
        ➜ Explicit dependency on target 'AppAuth_AppAuth' in project 'AppAuth'
        ➜ Explicit dependency on target 'AppAuthCore' in project 'AppAuth'
    Target 'AppAuth' in project 'AppAuth'
        ➜ Explicit dependency on target 'AppAuth_AppAuth' in project 'AppAuth'
        ➜ Explicit dependency on target 'AppAuthCore' in project 'AppAuth'
    Target 'AppAuthCore' in project 'AppAuth'
        ➜ Explicit dependency on target 'AppAuth_AppAuthCore' in project 'AppAuth'
    Target 'AppAuth_AppAuthCore' in project 'AppAuth' (no dependencies)
    Target 'AppAuth_AppAuth' in project 'AppAuth' (no dependencies)
    Target 'GoogleSignIn_GoogleSignIn' in project 'GoogleSignIn' (no dependencies)
    Target 'GoogleSignIn_GoogleSignInSwift' in project 'GoogleSignIn' (no dependencies)
    Target 'FirebaseFirestore' in project 'Firebase'
        ➜ Explicit dependency on target 'FirebaseFirestoreTarget' in project 'Firebase'
        ➜ Explicit dependency on target 'FirebaseFirestoreInternalWrapper' in project 'Firebase'
        ➜ Explicit dependency on target 'FirebaseAppCheckInterop' in project 'Firebase'
        ➜ Explicit dependency on target 'Firebase' in project 'Firebase'
        ➜ Explicit dependency on target 'FirebaseCoreInternal' in project 'Firebase'
        ➜ Explicit dependency on target 'FirebaseCore' in project 'Firebase'
        ➜ Explicit dependency on target 'FirebaseCoreExtension' in project 'Firebase'
        ➜ Explicit dependency on target 'FirebaseSharedSwift' in project 'Firebase'
        ➜ Explicit dependency on target 'FirebaseFirestore' in project 'Firebase'
        ➜ Explicit dependency on target 'GULNSData' in project 'GoogleUtilities'
        ➜ Explicit dependency on target 'GULEnvironment' in project 'GoogleUtilities'
        ➜ Explicit dependency on target 'GULLogger' in project 'GoogleUtilities'
        ➜ Explicit dependency on target 'abseil' in project 'abseil'
        ➜ Explicit dependency on target 'gRPC-C++' in project 'gRPC'
        ➜ Explicit dependency on target 'nanopb' in project 'nanopb'
        ➜ Explicit dependency on target 'leveldb' in project 'leveldb'
    Target 'FirebaseFirestoreTarget' in project 'Firebase'
        ➜ Explicit dependency on target 'FirebaseFirestoreInternalWrapper' in project 'Firebase'
        ➜ Explicit dependency on target 'FirebaseAppCheckInterop' in project 'Firebase'
        ➜ Explicit dependency on target 'Firebase' in project 'Firebase'
        ➜ Explicit dependency on target 'FirebaseCoreInternal' in project 'Firebase'
        ➜ Explicit dependency on target 'FirebaseCore' in project 'Firebase'
        ➜ Explicit dependency on target 'FirebaseCoreExtension' in project 'Firebase'
        ➜ Explicit dependency on target 'FirebaseSharedSwift' in project 'Firebase'
        ➜ Explicit dependency on target 'FirebaseFirestore' in project 'Firebase'
        ➜ Explicit dependency on target 'GULNSData' in project 'GoogleUtilities'
        ➜ Explicit dependency on target 'GULEnvironment' in project 'GoogleUtilities'
        ➜ Explicit dependency on target 'GULLogger' in project 'GoogleUtilities'
        ➜ Explicit dependency on target 'abseil' in project 'abseil'
        ➜ Explicit dependency on target 'gRPC-C++' in project 'gRPC'
        ➜ Explicit dependency on target 'nanopb' in project 'nanopb'
        ➜ Explicit dependency on target 'leveldb' in project 'leveldb'
    Target 'FirebaseFirestore' in project 'Firebase'
        ➜ Explicit dependency on target 'Firebase_FirebaseFirestore' in project 'Firebase'
        ➜ Explicit dependency on target 'FirebaseFirestoreInternalWrapper' in project 'Firebase'
        ➜ Explicit dependency on target 'FirebaseAppCheckInterop' in project 'Firebase'
        ➜ Explicit dependency on target 'Firebase' in project 'Firebase'
        ➜ Explicit dependency on target 'FirebaseCoreInternal' in project 'Firebase'
        ➜ Explicit dependency on target 'FirebaseCore' in project 'Firebase'
        ➜ Explicit dependency on target 'FirebaseCoreExtension' in project 'Firebase'
        ➜ Explicit dependency on target 'FirebaseSharedSwift' in project 'Firebase'
        ➜ Explicit dependency on target 'GULNSData' in project 'GoogleUtilities'
        ➜ Explicit dependency on target 'GULEnvironment' in project 'GoogleUtilities'
        ➜ Explicit dependency on target 'GULLogger' in project 'GoogleUtilities'
        ➜ Explicit dependency on target 'abseil' in project 'abseil'
        ➜ Explicit dependency on target 'gRPC-C++' in project 'gRPC'
        ➜ Explicit dependency on target 'nanopb' in project 'nanopb'
        ➜ Explicit dependency on target 'leveldb' in project 'leveldb'
    Target 'leveldb' in project 'leveldb'
        ➜ Explicit dependency on target 'leveldb' in project 'leveldb'
        ➜ Explicit dependency on target 'leveldb_leveldb' in project 'leveldb'
    Target 'leveldb' in project 'leveldb'
        ➜ Explicit dependency on target 'leveldb_leveldb' in project 'leveldb'
    Target 'leveldb_leveldb' in project 'leveldb' (no dependencies)
    Target 'nanopb' in project 'nanopb'
        ➜ Explicit dependency on target 'nanopb' in project 'nanopb'
        ➜ Explicit dependency on target 'nanopb_nanopb' in project 'nanopb'
    Target 'nanopb' in project 'nanopb'
        ➜ Explicit dependency on target 'nanopb_nanopb' in project 'nanopb'
    Target 'nanopb_nanopb' in project 'nanopb' (no dependencies)
    Target 'gRPC-C++' in project 'gRPC'
        ➜ Explicit dependency on target 'grpcppWrapper' in project 'gRPC'
        ➜ Explicit dependency on target 'gRPC_grpcppWrapper' in project 'gRPC'
        ➜ Explicit dependency on target 'grpcWrapper' in project 'gRPC'
        ➜ Explicit dependency on target 'opensslWrapper' in project 'gRPC'
        ➜ Explicit dependency on target 'abseil' in project 'abseil'
    Target 'grpcppWrapper' in project 'gRPC'
        ➜ Explicit dependency on target 'gRPC_grpcppWrapper' in project 'gRPC'
        ➜ Explicit dependency on target 'grpcWrapper' in project 'gRPC'
        ➜ Explicit dependency on target 'opensslWrapper' in project 'gRPC'
        ➜ Explicit dependency on target 'abseil' in project 'abseil'
    Target 'opensslWrapper' in project 'gRPC'
        ➜ Explicit dependency on target 'gRPC_opensslWrapper' in project 'gRPC'
    Target 'gRPC_opensslWrapper' in project 'gRPC' (no dependencies)
    Target 'grpcWrapper' in project 'gRPC'
        ➜ Explicit dependency on target 'gRPC_grpcWrapper' in project 'gRPC'
    Target 'gRPC_grpcWrapper' in project 'gRPC' (no dependencies)
    Target 'gRPC_grpcppWrapper' in project 'gRPC' (no dependencies)
    Target 'abseil' in project 'abseil'
        ➜ Explicit dependency on target 'abslWrapper' in project 'abseil'
        ➜ Explicit dependency on target 'abseil_abslWrapper' in project 'abseil'
    Target 'abslWrapper' in project 'abseil'
        ➜ Explicit dependency on target 'abseil_abslWrapper' in project 'abseil'
    Target 'abseil_abslWrapper' in project 'abseil' (no dependencies)
    Target 'Firebase_FirebaseFirestore' in project 'Firebase' (no dependencies)
    Target 'FirebaseSharedSwift' in project 'Firebase' (no dependencies)
    Target 'FirebaseFirestoreInternalWrapper' in project 'Firebase' (no dependencies)
    Target 'FirebaseAI' in project 'Firebase'
        ➜ Explicit dependency on target 'FirebaseAI' in project 'Firebase'
        ➜ Explicit dependency on target 'FirebaseAILogic' in project 'Firebase'
        ➜ Explicit dependency on target 'FirebaseAppCheckInterop' in project 'Firebase'
        ➜ Explicit dependency on target 'FirebaseAuthInterop' in project 'Firebase'
        ➜ Explicit dependency on target 'Firebase' in project 'Firebase'
        ➜ Explicit dependency on target 'FirebaseCoreInternal' in project 'Firebase'
        ➜ Explicit dependency on target 'FirebaseCore' in project 'Firebase'
        ➜ Explicit dependency on target 'FirebaseCoreExtension' in project 'Firebase'
        ➜ Explicit dependency on target 'GULNSData' in project 'GoogleUtilities'
        ➜ Explicit dependency on target 'GULEnvironment' in project 'GoogleUtilities'
        ➜ Explicit dependency on target 'GULLogger' in project 'GoogleUtilities'
    Target 'FirebaseAI' in project 'Firebase'
        ➜ Explicit dependency on target 'FirebaseAppCheckInterop' in project 'Firebase'
        ➜ Explicit dependency on target 'FirebaseAuthInterop' in project 'Firebase'
        ➜ Explicit dependency on target 'Firebase' in project 'Firebase'
        ➜ Explicit dependency on target 'FirebaseCoreInternal' in project 'Firebase'
        ➜ Explicit dependency on target 'FirebaseCore' in project 'Firebase'
        ➜ Explicit dependency on target 'FirebaseCoreExtension' in project 'Firebase'
        ➜ Explicit dependency on target 'FirebaseAILogic' in project 'Firebase'
        ➜ Explicit dependency on target 'GULNSData' in project 'GoogleUtilities'
        ➜ Explicit dependency on target 'GULEnvironment' in project 'GoogleUtilities'
        ➜ Explicit dependency on target 'GULLogger' in project 'GoogleUtilities'
    Target 'FirebaseAILogic' in project 'Firebase'
        ➜ Explicit dependency on target 'FirebaseAppCheckInterop' in project 'Firebase'
        ➜ Explicit dependency on target 'FirebaseAuthInterop' in project 'Firebase'
        ➜ Explicit dependency on target 'Firebase' in project 'Firebase'
        ➜ Explicit dependency on target 'FirebaseCoreInternal' in project 'Firebase'
        ➜ Explicit dependency on target 'FirebaseCore' in project 'Firebase'
        ➜ Explicit dependency on target 'FirebaseCoreExtension' in project 'Firebase'
        ➜ Explicit dependency on target 'GULNSData' in project 'GoogleUtilities'
        ➜ Explicit dependency on target 'GULEnvironment' in project 'GoogleUtilities'
        ➜ Explicit dependency on target 'GULLogger' in project 'GoogleUtilities'
    Target 'FirebaseCoreExtension' in project 'Firebase'
        ➜ Explicit dependency on target 'Firebase_FirebaseCoreExtension' in project 'Firebase'
    Target 'Firebase_FirebaseCoreExtension' in project 'Firebase' (no dependencies)
    Target 'FirebaseCore' in project 'Firebase'
        ➜ Explicit dependency on target 'Firebase_FirebaseCore' in project 'Firebase'
        ➜ Explicit dependency on target 'Firebase' in project 'Firebase'
        ➜ Explicit dependency on target 'FirebaseCoreInternal' in project 'Firebase'
        ➜ Explicit dependency on target 'GULNSData' in project 'GoogleUtilities'
        ➜ Explicit dependency on target 'GULEnvironment' in project 'GoogleUtilities'
        ➜ Explicit dependency on target 'GULLogger' in project 'GoogleUtilities'
    Target 'GULLogger' in project 'GoogleUtilities'
        ➜ Explicit dependency on target 'GoogleUtilities-Logger' in project 'GoogleUtilities'
        ➜ Explicit dependency on target 'GoogleUtilities_GoogleUtilities-Logger' in project 'GoogleUtilities'
        ➜ Explicit dependency on target 'third-party-IsAppEncrypted' in project 'GoogleUtilities'
        ➜ Explicit dependency on target 'GoogleUtilities-Environment' in project 'GoogleUtilities'
    Target 'GoogleUtilities-Logger' in project 'GoogleUtilities'
        ➜ Explicit dependency on target 'GoogleUtilities_GoogleUtilities-Logger' in project 'GoogleUtilities'
        ➜ Explicit dependency on target 'third-party-IsAppEncrypted' in project 'GoogleUtilities'
        ➜ Explicit dependency on target 'GoogleUtilities-Environment' in project 'GoogleUtilities'
    Target 'GoogleUtilities_GoogleUtilities-Logger' in project 'GoogleUtilities' (no dependencies)
    Target 'GULEnvironment' in project 'GoogleUtilities'
        ➜ Explicit dependency on target 'GoogleUtilities-Environment' in project 'GoogleUtilities'
        ➜ Explicit dependency on target 'GoogleUtilities_GoogleUtilities-Environment' in project 'GoogleUtilities'
        ➜ Explicit dependency on target 'third-party-IsAppEncrypted' in project 'GoogleUtilities'
    Target 'GoogleUtilities-Environment' in project 'GoogleUtilities'
        ➜ Explicit dependency on target 'GoogleUtilities_GoogleUtilities-Environment' in project 'GoogleUtilities'
        ➜ Explicit dependency on target 'third-party-IsAppEncrypted' in project 'GoogleUtilities'
    Target 'third-party-IsAppEncrypted' in project 'GoogleUtilities' (no dependencies)
    Target 'GoogleUtilities_GoogleUtilities-Environment' in project 'GoogleUtilities' (no dependencies)
    Target 'Firebase_FirebaseCore' in project 'Firebase' (no dependencies)
    Target 'FirebaseCoreInternal' in project 'Firebase'
        ➜ Explicit dependency on target 'Firebase_FirebaseCoreInternal' in project 'Firebase'
        ➜ Explicit dependency on target 'GULNSData' in project 'GoogleUtilities'
    Target 'GULNSData' in project 'GoogleUtilities'
        ➜ Explicit dependency on target 'GoogleUtilities-NSData' in project 'GoogleUtilities'
        ➜ Explicit dependency on target 'GoogleUtilities_GoogleUtilities-NSData' in project 'GoogleUtilities'
    Target 'GoogleUtilities-NSData' in project 'GoogleUtilities'
        ➜ Explicit dependency on target 'GoogleUtilities_GoogleUtilities-NSData' in project 'GoogleUtilities'
    Target 'GoogleUtilities_GoogleUtilities-NSData' in project 'GoogleUtilities' (no dependencies)
    Target 'Firebase_FirebaseCoreInternal' in project 'Firebase' (no dependencies)
    Target 'Firebase' in project 'Firebase' (no dependencies)
    Target 'FirebaseAuthInterop' in project 'Firebase' (no dependencies)
    Target 'FirebaseAppCheckInterop' in project 'Firebase' (no dependencies)

GatherProvisioningInputs

CreateBuildDescription

ExecuteExternalTool /Applications/Xcode.app/Contents/Developer/Toolchains/XcodeDefault.xctoolchain/usr/bin/clang -v -E -dM -arch arm64 -isysroot /Applications/Xcode.app/Contents/Developer/Platforms/iPhoneSimulator.platform/Developer/SDKs/iPhoneSimulator26.5.sdk -x objective-c -c /dev/null

ExecuteExternalTool /Applications/Xcode.app/Contents/Developer/Toolchains/XcodeDefault.xctoolchain/usr/bin/swiftc --version

ExecuteExternalTool /Applications/Xcode.app/Contents/Developer/Toolchains/XcodeDefault.xctoolchain/usr/bin/clang -v -E -dM -arch arm64 -isysroot /Applications/Xcode.app/Contents/Developer/Platforms/iPhoneSimulator.platform/Developer/SDKs/iPhoneSimulator26.5.sdk -x c -c /dev/null

ExecuteExternalTool /Applications/Xcode.app/Contents/Developer/Toolchains/XcodeDefault.xctoolchain/usr/bin/clang -v -E -dM -arch arm64 -isysroot /Applications/Xcode.app/Contents/Developer/Platforms/iPhoneSimulator.platform/Developer/SDKs/iPhoneSimulator26.5.sdk -x c++ -c /dev/null

ExecuteExternalTool /Applications/Xcode.app/Contents/Developer/Toolchains/XcodeDefault.xctoolchain/usr/bin/clang -v -E -dM -isysroot /Applications/Xcode.app/Contents/Developer/Platforms/iPhoneSimulator.platform/Developer/SDKs/iPhoneSimulator26.5.sdk -x c -c /dev/null

ExecuteExternalTool /Applications/Xcode.app/Contents/Developer/usr/bin/actool --print-asset-tag-combinations --output-format xml1 /Users/sunil/Downloads/YogaofEating/Yoga of Eating/Assets.xcassets

ExecuteExternalTool /Applications/Xcode.app/Contents/Developer/Toolchains/XcodeDefault.xctoolchain/usr/bin/ld -version_details

ExecuteExternalTool /Applications/Xcode.app/Contents/Developer/usr/bin/actool --version --output-format xml1

Build description signature: 59630c417d64073d32ea820011e3d72d
Build description path: /Users/sunil/Library/Developer/Xcode/DerivedData/Yoga_of_Eating-ducgyjnlphnmtmcobbndvvbfdgcp/Build/Intermediates.noindex/XCBuildData/59630c417d64073d32ea820011e3d72d.xcbuilddata
ClangStatCache /Applications/Xcode.app/Contents/Developer/Toolchains/XcodeDefault.xctoolchain/usr/bin/clang-stat-cache /Applications/Xcode.app/Contents/Developer/Platforms/iPhoneSimulator.platform/Developer/SDKs/iPhoneSimulator26.5.sdk /Users/sunil/Library/Developer/Xcode/DerivedData/SDKStatCaches.noindex/iphonesimulator26.5-23F73-6cfe768891a92b912361537c460fe42b.sdkstatcache
    cd /Users/sunil/Downloads/YogaofEating/Yoga\ of\ Eating.xcodeproj
    /Applications/Xcode.app/Contents/Developer/Toolchains/XcodeDefault.xctoolchain/usr/bin/clang-stat-cache /Applications/Xcode.app/Contents/Developer/Platforms/iPhoneSimulator.platform/Developer/SDKs/iPhoneSimulator26.5.sdk -o /Users/sunil/Library/Developer/Xcode/DerivedData/SDKStatCaches.noindex/iphonesimulator26.5-23F73-6cfe768891a92b912361537c460fe42b.sdkstatcache

ProcessInfoPlistFile /Users/sunil/Library/Developer/Xcode/DerivedData/Yoga_of_Eating-ducgyjnlphnmtmcobbndvvbfdgcp/Build/Products/Debug-iphonesimulator/leveldb_leveldb.bundle/Info.plist /Users/sunil/Library/Developer/Xcode/DerivedData/Yoga_of_Eating-ducgyjnlphnmtmcobbndvvbfdgcp/Build/Intermediates.noindex/leveldb.build/Debug-iphonesimulator/leveldb_leveldb.build/empty-leveldb_leveldb.plist (in target 'leveldb_leveldb' from project 'leveldb')
    cd /Users/sunil/Library/Developer/Xcode/DerivedData/Yoga_of_Eating-ducgyjnlphnmtmcobbndvvbfdgcp/SourcePackages/checkouts/leveldb
    builtin-infoPlistUtility /Users/sunil/Library/Developer/Xcode/DerivedData/Yoga_of_Eating-ducgyjnlphnmtmcobbndvvbfdgcp/Build/Intermediates.noindex/leveldb.build/Debug-iphonesimulator/leveldb_leveldb.build/empty-leveldb_leveldb.plist -producttype com.apple.product-type.bundle -expandbuildsettings -format binary -platform iphonesimulator -o /Users/sunil/Library/Developer/Xcode/DerivedData/Yoga_of_Eating-ducgyjnlphnmtmcobbndvvbfdgcp/Build/Products/Debug-iphonesimulator/leveldb_leveldb.bundle/Info.plist

ProcessInfoPlistFile /Users/sunil/Library/Developer/Xcode/DerivedData/Yoga_of_Eating-ducgyjnlphnmtmcobbndvvbfdgcp/Build/Products/Debug-iphonesimulator/gRPC_grpcppWrapper.bundle/Info.plist /Users/sunil/Library/Developer/Xcode/DerivedData/Yoga_of_Eating-ducgyjnlphnmtmcobbndvvbfdgcp/Build/Intermediates.noindex/gRPC.build/Debug-iphonesimulator/gRPC_grpcppWrapper.build/empty-gRPC_grpcppWrapper.plist (in target 'gRPC_grpcppWrapper' from project 'gRPC')
    cd /Users/sunil/Library/Developer/Xcode/DerivedData/Yoga_of_Eating-ducgyjnlphnmtmcobbndvvbfdgcp/SourcePackages/checkouts/grpc-binary
    builtin-infoPlistUtility /Users/sunil/Library/Developer/Xcode/DerivedData/Yoga_of_Eating-ducgyjnlphnmtmcobbndvvbfdgcp/Build/Intermediates.noindex/gRPC.build/Debug-iphonesimulator/gRPC_grpcppWrapper.build/empty-gRPC_grpcppWrapper.plist -producttype com.apple.product-type.bundle -expandbuildsettings -format binary -platform iphonesimulator -o /Users/sunil/Library/Developer/Xcode/DerivedData/Yoga_of_Eating-ducgyjnlphnmtmcobbndvvbfdgcp/Build/Products/Debug-iphonesimulator/gRPC_grpcppWrapper.bundle/Info.plist

ProcessInfoPlistFile /Users/sunil/Library/Developer/Xcode/DerivedData/Yoga_of_Eating-ducgyjnlphnmtmcobbndvvbfdgcp/Build/Products/Debug-iphonesimulator/nanopb_nanopb.bundle/Info.plist /Users/sunil/Library/Developer/Xcode/DerivedData/Yoga_of_Eating-ducgyjnlphnmtmcobbndvvbfdgcp/Build/Intermediates.noindex/nanopb.build/Debug-iphonesimulator/nanopb_nanopb.build/empty-nanopb_nanopb.plist (in target 'nanopb_nanopb' from project 'nanopb')
    cd /Users/sunil/Library/Developer/Xcode/DerivedData/Yoga_of_Eating-ducgyjnlphnmtmcobbndvvbfdgcp/SourcePackages/checkouts/nanopb
    builtin-infoPlistUtility /Users/sunil/Library/Developer/Xcode/DerivedData/Yoga_of_Eating-ducgyjnlphnmtmcobbndvvbfdgcp/Build/Intermediates.noindex/nanopb.build/Debug-iphonesimulator/nanopb_nanopb.build/empty-nanopb_nanopb.plist -producttype com.apple.product-type.bundle -expandbuildsettings -format binary -platform iphonesimulator -o /Users/sunil/Library/Developer/Xcode/DerivedData/Yoga_of_Eating-ducgyjnlphnmtmcobbndvvbfdgcp/Build/Products/Debug-iphonesimulator/nanopb_nanopb.bundle/Info.plist

ProcessInfoPlistFile /Users/sunil/Library/Developer/Xcode/DerivedData/Yoga_of_Eating-ducgyjnlphnmtmcobbndvvbfdgcp/Build/Products/Debug-iphonesimulator/gRPC_opensslWrapper.bundle/Info.plist /Users/sunil/Library/Developer/Xcode/DerivedData/Yoga_of_Eating-ducgyjnlphnmtmcobbndvvbfdgcp/Build/Intermediates.noindex/gRPC.build/Debug-iphonesimulator/gRPC_opensslWrapper.build/empty-gRPC_opensslWrapper.plist (in target 'gRPC_opensslWrapper' from project 'gRPC')
    cd /Users/sunil/Library/Developer/Xcode/DerivedData/Yoga_of_Eating-ducgyjnlphnmtmcobbndvvbfdgcp/SourcePackages/checkouts/grpc-binary
    builtin-infoPlistUtility /Users/sunil/Library/Developer/Xcode/DerivedData/Yoga_of_Eating-ducgyjnlphnmtmcobbndvvbfdgcp/Build/Intermediates.noindex/gRPC.build/Debug-iphonesimulator/gRPC_opensslWrapper.build/empty-gRPC_opensslWrapper.plist -producttype com.apple.product-type.bundle -expandbuildsettings -format binary -platform iphonesimulator -o /Users/sunil/Library/Developer/Xcode/DerivedData/Yoga_of_Eating-ducgyjnlphnmtmcobbndvvbfdgcp/Build/Products/Debug-iphonesimulator/gRPC_opensslWrapper.bundle/Info.plist

ProcessInfoPlistFile /Users/sunil/Library/Developer/Xcode/DerivedData/Yoga_of_Eating-ducgyjnlphnmtmcobbndvvbfdgcp/Build/Products/Debug-iphonesimulator/GoogleUtilities_GoogleUtilities-UserDefaults.bundle/Info.plist /Users/sunil/Library/Developer/Xcode/DerivedData/Yoga_of_Eating-ducgyjnlphnmtmcobbndvvbfdgcp/Build/Intermediates.noindex/GoogleUtilities.build/Debug-iphonesimulator/GoogleUtilities_GoogleUtilities-UserDefaults.build/empty-GoogleUtilities_GoogleUtilities-UserDefaults.plist (in target 'GoogleUtilities_GoogleUtilities-UserDefaults' from project 'GoogleUtilities')
    cd /Users/sunil/Library/Developer/Xcode/DerivedData/Yoga_of_Eating-ducgyjnlphnmtmcobbndvvbfdgcp/SourcePackages/checkouts/GoogleUtilities
    builtin-infoPlistUtility /Users/sunil/Library/Developer/Xcode/DerivedData/Yoga_of_Eating-ducgyjnlphnmtmcobbndvvbfdgcp/Build/Intermediates.noindex/GoogleUtilities.build/Debug-iphonesimulator/GoogleUtilities_GoogleUtilities-UserDefaults.build/empty-GoogleUtilities_GoogleUtilities-UserDefaults.plist -producttype com.apple.product-type.bundle -expandbuildsettings -format binary -platform iphonesimulator -o /Users/sunil/Library/Developer/Xcode/DerivedData/Yoga_of_Eating-ducgyjnlphnmtmcobbndvvbfdgcp/Build/Products/Debug-iphonesimulator/GoogleUtilities_GoogleUtilities-UserDefaults.bundle/Info.plist

ProcessInfoPlistFile /Users/sunil/Library/Developer/Xcode/DerivedData/Yoga_of_Eating-ducgyjnlphnmtmcobbndvvbfdgcp/Build/Products/Debug-iphonesimulator/abseil_abslWrapper.bundle/Info.plist /Users/sunil/Library/Developer/Xcode/DerivedData/Yoga_of_Eating-ducgyjnlphnmtmcobbndvvbfdgcp/Build/Intermediates.noindex/abseil.build/Debug-iphonesimulator/abseil_abslWrapper.build/empty-abseil_abslWrapper.plist (in target 'abseil_abslWrapper' from project 'abseil')
    cd /Users/sunil/Library/Developer/Xcode/DerivedData/Yoga_of_Eating-ducgyjnlphnmtmcobbndvvbfdgcp/SourcePackages/checkouts/abseil-cpp-binary
    builtin-infoPlistUtility /Users/sunil/Library/Developer/Xcode/DerivedData/Yoga_of_Eating-ducgyjnlphnmtmcobbndvvbfdgcp/Build/Intermediates.noindex/abseil.build/Debug-iphonesimulator/abseil_abslWrapper.build/empty-abseil_abslWrapper.plist -producttype com.apple.product-type.bundle -expandbuildsettings -format binary -platform iphonesimulator -o /Users/sunil/Library/Developer/Xcode/DerivedData/Yoga_of_Eating-ducgyjnlphnmtmcobbndvvbfdgcp/Build/Products/Debug-iphonesimulator/abseil_abslWrapper.bundle/Info.plist

ProcessInfoPlistFile /Users/sunil/Library/Developer/Xcode/DerivedData/Yoga_of_Eating-ducgyjnlphnmtmcobbndvvbfdgcp/Build/Products/Debug-iphonesimulator/Promises_FBLPromises.bundle/Info.plist /Users/sunil/Library/Developer/Xcode/DerivedData/Yoga_of_Eating-ducgyjnlphnmtmcobbndvvbfdgcp/Build/Intermediates.noindex/Promises.build/Debug-iphonesimulator/Promises_FBLPromises.build/empty-Promises_FBLPromises.plist (in target 'Promises_FBLPromises' from project 'Promises')
    cd /Users/sunil/Library/Developer/Xcode/DerivedData/Yoga_of_Eating-ducgyjnlphnmtmcobbndvvbfdgcp/SourcePackages/checkouts/promises
    builtin-infoPlistUtility /Users/sunil/Library/Developer/Xcode/DerivedData/Yoga_of_Eating-ducgyjnlphnmtmcobbndvvbfdgcp/Build/Intermediates.noindex/Promises.build/Debug-iphonesimulator/Promises_FBLPromises.build/empty-Promises_FBLPromises.plist -producttype com.apple.product-type.bundle -expandbuildsettings -format binary -platform iphonesimulator -o /Users/sunil/Library/Developer/Xcode/DerivedData/Yoga_of_Eating-ducgyjnlphnmtmcobbndvvbfdgcp/Build/Products/Debug-iphonesimulator/Promises_FBLPromises.bundle/Info.plist

ProcessInfoPlistFile /Users/sunil/Library/Developer/Xcode/DerivedData/Yoga_of_Eating-ducgyjnlphnmtmcobbndvvbfdgcp/Build/Products/Debug-iphonesimulator/gRPC_grpcWrapper.bundle/Info.plist /Users/sunil/Library/Developer/Xcode/DerivedData/Yoga_of_Eating-ducgyjnlphnmtmcobbndvvbfdgcp/Build/Intermediates.noindex/gRPC.build/Debug-iphonesimulator/gRPC_grpcWrapper.build/empty-gRPC_grpcWrapper.plist (in target 'gRPC_grpcWrapper' from project 'gRPC')
    cd /Users/sunil/Library/Developer/Xcode/DerivedData/Yoga_of_Eating-ducgyjnlphnmtmcobbndvvbfdgcp/SourcePackages/checkouts/grpc-binary
    builtin-infoPlistUtility /Users/sunil/Library/Developer/Xcode/DerivedData/Yoga_of_Eating-ducgyjnlphnmtmcobbndvvbfdgcp/Build/Intermediates.noindex/gRPC.build/Debug-iphonesimulator/gRPC_grpcWrapper.build/empty-gRPC_grpcWrapper.plist -producttype com.apple.product-type.bundle -expandbuildsettings -format binary -platform iphonesimulator -o /Users/sunil/Library/Developer/Xcode/DerivedData/Yoga_of_Eating-ducgyjnlphnmtmcobbndvvbfdgcp/Build/Products/Debug-iphonesimulator/gRPC_grpcWrapper.bundle/Info.plist

ProcessInfoPlistFile /Users/sunil/Library/Developer/Xcode/DerivedData/Yoga_of_Eating-ducgyjnlphnmtmcobbndvvbfdgcp/Build/Products/Debug-iphonesimulator/GoogleUtilities_GoogleUtilities-Reachability.bundle/Info.plist /Users/sunil/Library/Developer/Xcode/DerivedData/Yoga_of_Eating-ducgyjnlphnmtmcobbndvvbfdgcp/Build/Intermediates.noindex/GoogleUtilities.build/Debug-iphonesimulator/GoogleUtilities_GoogleUtilities-Reachability.build/empty-GoogleUtilities_GoogleUtilities-Reachability.plist (in target 'GoogleUtilities_GoogleUtilities-Reachability' from project 'GoogleUtilities')
    cd /Users/sunil/Library/Developer/Xcode/DerivedData/Yoga_of_Eating-ducgyjnlphnmtmcobbndvvbfdgcp/SourcePackages/checkouts/GoogleUtilities
    builtin-infoPlistUtility /Users/sunil/Library/Developer/Xcode/DerivedData/Yoga_of_Eating-ducgyjnlphnmtmcobbndvvbfdgcp/Build/Intermediates.noindex/GoogleUtilities.build/Debug-iphonesimulator/GoogleUtilities_GoogleUtilities-Reachability.build/empty-GoogleUtilities_GoogleUtilities-Reachability.plist -producttype com.apple.product-type.bundle -expandbuildsettings -format binary -platform iphonesimulator -o /Users/sunil/Library/Developer/Xcode/DerivedData/Yoga_of_Eating-ducgyjnlphnmtmcobbndvvbfdgcp/Build/Products/Debug-iphonesimulator/GoogleUtilities_GoogleUtilities-Reachability.bundle/Info.plist

ProcessInfoPlistFile /Users/sunil/Library/Developer/Xcode/DerivedData/Yoga_of_Eating-ducgyjnlphnmtmcobbndvvbfdgcp/Build/Products/Debug-iphonesimulator/GoogleUtilities_GoogleUtilities-Network.bundle/Info.plist /Users/sunil/Library/Developer/Xcode/DerivedData/Yoga_of_Eating-ducgyjnlphnmtmcobbndvvbfdgcp/Build/Intermediates.noindex/GoogleUtilities.build/Debug-iphonesimulator/GoogleUtilities_GoogleUtilities-Network.build/empty-GoogleUtilities_GoogleUtilities-Network.plist (in target 'GoogleUtilities_GoogleUtilities-Network' from project 'GoogleUtilities')
    cd /Users/sunil/Library/Developer/Xcode/DerivedData/Yoga_of_Eating-ducgyjnlphnmtmcobbndvvbfdgcp/SourcePackages/checkouts/GoogleUtilities
    builtin-infoPlistUtility /Users/sunil/Library/Developer/Xcode/DerivedData/Yoga_of_Eating-ducgyjnlphnmtmcobbndvvbfdgcp/Build/Intermediates.noindex/GoogleUtilities.build/Debug-iphonesimulator/GoogleUtilities_GoogleUtilities-Network.build/empty-GoogleUtilities_GoogleUtilities-Network.plist -producttype com.apple.product-type.bundle -expandbuildsettings -format binary -platform iphonesimulator -o /Users/sunil/Library/Developer/Xcode/DerivedData/Yoga_of_Eating-ducgyjnlphnmtmcobbndvvbfdgcp/Build/Products/Debug-iphonesimulator/GoogleUtilities_GoogleUtilities-Network.bundle/Info.plist

ProcessInfoPlistFile /Users/sunil/Library/Developer/Xcode/DerivedData/Yoga_of_Eating-ducgyjnlphnmtmcobbndvvbfdgcp/Build/Products/Debug-iphonesimulator/GoogleUtilities_GoogleUtilities-NSData.bundle/Info.plist /Users/sunil/Library/Developer/Xcode/DerivedData/Yoga_of_Eating-ducgyjnlphnmtmcobbndvvbfdgcp/Build/Intermediates.noindex/GoogleUtilities.build/Debug-iphonesimulator/GoogleUtilities_GoogleUtilities-NSData.build/empty-GoogleUtilities_GoogleUtilities-NSData.plist (in target 'GoogleUtilities_GoogleUtilities-NSData' from project 'GoogleUtilities')
    cd /Users/sunil/Library/Developer/Xcode/DerivedData/Yoga_of_Eating-ducgyjnlphnmtmcobbndvvbfdgcp/SourcePackages/checkouts/GoogleUtilities
    builtin-infoPlistUtility /Users/sunil/Library/Developer/Xcode/DerivedData/Yoga_of_Eating-ducgyjnlphnmtmcobbndvvbfdgcp/Build/Intermediates.noindex/GoogleUtilities.build/Debug-iphonesimulator/GoogleUtilities_GoogleUtilities-NSData.build/empty-GoogleUtilities_GoogleUtilities-NSData.plist -producttype com.apple.product-type.bundle -expandbuildsettings -format binary -platform iphonesimulator -o /Users/sunil/Library/Developer/Xcode/DerivedData/Yoga_of_Eating-ducgyjnlphnmtmcobbndvvbfdgcp/Build/Products/Debug-iphonesimulator/GoogleUtilities_GoogleUtilities-NSData.bundle/Info.plist

ProcessInfoPlistFile /Users/sunil/Library/Developer/Xcode/DerivedData/Yoga_of_Eating-ducgyjnlphnmtmcobbndvvbfdgcp/Build/Products/Debug-iphonesimulator/GoogleUtilities_GoogleUtilities-Logger.bundle/Info.plist /Users/sunil/Library/Developer/Xcode/DerivedData/Yoga_of_Eating-ducgyjnlphnmtmcobbndvvbfdgcp/Build/Intermediates.noindex/GoogleUtilities.build/Debug-iphonesimulator/GoogleUtilities_GoogleUtilities-Logger.build/empty-GoogleUtilities_GoogleUtilities-Logger.plist (in target 'GoogleUtilities_GoogleUtilities-Logger' from project 'GoogleUtilities')
    cd /Users/sunil/Library/Developer/Xcode/DerivedData/Yoga_of_Eating-ducgyjnlphnmtmcobbndvvbfdgcp/SourcePackages/checkouts/GoogleUtilities
    builtin-infoPlistUtility /Users/sunil/Library/Developer/Xcode/DerivedData/Yoga_of_Eating-ducgyjnlphnmtmcobbndvvbfdgcp/Build/Intermediates.noindex/GoogleUtilities.build/Debug-iphonesimulator/GoogleUtilities_GoogleUtilities-Logger.build/empty-GoogleUtilities_GoogleUtilities-Logger.plist -producttype com.apple.product-type.bundle -expandbuildsettings -format binary -platform iphonesimulator -o /Users/sunil/Library/Developer/Xcode/DerivedData/Yoga_of_Eating-ducgyjnlphnmtmcobbndvvbfdgcp/Build/Products/Debug-iphonesimulator/GoogleUtilities_GoogleUtilities-Logger.bundle/Info.plist

ProcessInfoPlistFile /Users/sunil/Library/Developer/Xcode/DerivedData/Yoga_of_Eating-ducgyjnlphnmtmcobbndvvbfdgcp/Build/Products/Debug-iphonesimulator/GoogleUtilities_GoogleUtilities-Environment.bundle/Info.plist /Users/sunil/Library/Developer/Xcode/DerivedData/Yoga_of_Eating-ducgyjnlphnmtmcobbndvvbfdgcp/Build/Intermediates.noindex/GoogleUtilities.build/Debug-iphonesimulator/GoogleUtilities_GoogleUtilities-Environment.build/empty-GoogleUtilities_GoogleUtilities-Environment.plist (in target 'GoogleUtilities_GoogleUtilities-Environment' from project 'GoogleUtilities')
    cd /Users/sunil/Library/Developer/Xcode/DerivedData/Yoga_of_Eating-ducgyjnlphnmtmcobbndvvbfdgcp/SourcePackages/checkouts/GoogleUtilities
    builtin-infoPlistUtility /Users/sunil/Library/Developer/Xcode/DerivedData/Yoga_of_Eating-ducgyjnlphnmtmcobbndvvbfdgcp/Build/Intermediates.noindex/GoogleUtilities.build/Debug-iphonesimulator/GoogleUtilities_GoogleUtilities-Environment.build/empty-GoogleUtilities_GoogleUtilities-Environment.plist -producttype com.apple.product-type.bundle -expandbuildsettings -format binary -platform iphonesimulator -o /Users/sunil/Library/Developer/Xcode/DerivedData/Yoga_of_Eating-ducgyjnlphnmtmcobbndvvbfdgcp/Build/Products/Debug-iphonesimulator/GoogleUtilities_GoogleUtilities-Environment.bundle/Info.plist

ProcessInfoPlistFile /Users/sunil/Library/Developer/Xcode/DerivedData/Yoga_of_Eating-ducgyjnlphnmtmcobbndvvbfdgcp/Build/Products/Debug-iphonesimulator/GoogleUtilities_GoogleUtilities-AppDelegateSwizzler.bundle/Info.plist /Users/sunil/Library/Developer/Xcode/DerivedData/Yoga_of_Eating-ducgyjnlphnmtmcobbndvvbfdgcp/Build/Intermediates.noindex/GoogleUtilities.build/Debug-iphonesimulator/GoogleUtilities_GoogleUtilities-AppDelegateSwizzler.build/empty-GoogleUtilities_GoogleUtilities-AppDelegateSwizzler.plist (in target 'GoogleUtilities_GoogleUtilities-AppDelegateSwizzler' from project 'GoogleUtilities')
    cd /Users/sunil/Library/Developer/Xcode/DerivedData/Yoga_of_Eating-ducgyjnlphnmtmcobbndvvbfdgcp/SourcePackages/checkouts/GoogleUtilities
    builtin-infoPlistUtility /Users/sunil/Library/Developer/Xcode/DerivedData/Yoga_of_Eating-ducgyjnlphnmtmcobbndvvbfdgcp/Build/Intermediates.noindex/GoogleUtilities.build/Debug-iphonesimulator/GoogleUtilities_GoogleUtilities-AppDelegateSwizzler.build/empty-GoogleUtilities_GoogleUtilities-AppDelegateSwizzler.plist -producttype com.apple.product-type.bundle -expandbuildsettings -format binary -platform iphonesimulator -o /Users/sunil/Library/Developer/Xcode/DerivedData/Yoga_of_Eating-ducgyjnlphnmtmcobbndvvbfdgcp/Build/Products/Debug-iphonesimulator/GoogleUtilities_GoogleUtilities-AppDelegateSwizzler.bundle/Info.plist

ProcessInfoPlistFile /Users/sunil/Library/Developer/Xcode/DerivedData/Yoga_of_Eating-ducgyjnlphnmtmcobbndvvbfdgcp/Build/Products/Debug-iphonesimulator/GoogleSignIn_GoogleSignInSwift.bundle/Info.plist /Users/sunil/Library/Developer/Xcode/DerivedData/Yoga_of_Eating-ducgyjnlphnmtmcobbndvvbfdgcp/Build/Intermediates.noindex/GoogleSignIn.build/Debug-iphonesimulator/GoogleSignIn_GoogleSignInSwift.build/empty-GoogleSignIn_GoogleSignInSwift.plist (in target 'GoogleSignIn_GoogleSignInSwift' from project 'GoogleSignIn')
    cd /Users/sunil/Library/Developer/Xcode/DerivedData/Yoga_of_Eating-ducgyjnlphnmtmcobbndvvbfdgcp/SourcePackages/checkouts/GoogleSignIn-iOS
    builtin-infoPlistUtility /Users/sunil/Library/Developer/Xcode/DerivedData/Yoga_of_Eating-ducgyjnlphnmtmcobbndvvbfdgcp/Build/Intermediates.noindex/GoogleSignIn.build/Debug-iphonesimulator/GoogleSignIn_GoogleSignInSwift.build/empty-GoogleSignIn_GoogleSignInSwift.plist -producttype com.apple.product-type.bundle -expandbuildsettings -format binary -platform iphonesimulator -o /Users/sunil/Library/Developer/Xcode/DerivedData/Yoga_of_Eating-ducgyjnlphnmtmcobbndvvbfdgcp/Build/Products/Debug-iphonesimulator/GoogleSignIn_GoogleSignInSwift.bundle/Info.plist

ProcessInfoPlistFile /Users/sunil/Library/Developer/Xcode/DerivedData/Yoga_of_Eating-ducgyjnlphnmtmcobbndvvbfdgcp/Build/Products/Debug-iphonesimulator/GoogleSignIn_GoogleSignIn.bundle/Info.plist /Users/sunil/Library/Developer/Xcode/DerivedData/Yoga_of_Eating-ducgyjnlphnmtmcobbndvvbfdgcp/Build/Intermediates.noindex/GoogleSignIn.build/Debug-iphonesimulator/GoogleSignIn_GoogleSignIn.build/empty-GoogleSignIn_GoogleSignIn.plist (in target 'GoogleSignIn_GoogleSignIn' from project 'GoogleSignIn')
    cd /Users/sunil/Library/Developer/Xcode/DerivedData/Yoga_of_Eating-ducgyjnlphnmtmcobbndvvbfdgcp/SourcePackages/checkouts/GoogleSignIn-iOS
    builtin-infoPlistUtility /Users/sunil/Library/Developer/Xcode/DerivedData/Yoga_of_Eating-ducgyjnlphnmtmcobbndvvbfdgcp/Build/Intermediates.noindex/GoogleSignIn.build/Debug-iphonesimulator/GoogleSignIn_GoogleSignIn.build/empty-GoogleSignIn_GoogleSignIn.plist -producttype com.apple.product-type.bundle -expandbuildsettings -format binary -platform iphonesimulator -o /Users/sunil/Library/Developer/Xcode/DerivedData/Yoga_of_Eating-ducgyjnlphnmtmcobbndvvbfdgcp/Build/Products/Debug-iphonesimulator/GoogleSignIn_GoogleSignIn.bundle/Info.plist

ProcessInfoPlistFile /Users/sunil/Library/Developer/Xcode/DerivedData/Yoga_of_Eating-ducgyjnlphnmtmcobbndvvbfdgcp/Build/Products/Debug-iphonesimulator/GTMSessionFetcher_GTMSessionFetcherCore.bundle/Info.plist /Users/sunil/Library/Developer/Xcode/DerivedData/Yoga_of_Eating-ducgyjnlphnmtmcobbndvvbfdgcp/Build/Intermediates.noindex/GTMSessionFetcher.build/Debug-iphonesimulator/GTMSessionFetcher_GTMSessionFetcherCore.build/empty-GTMSessionFetcher_GTMSessionFetcherCore.plist (in target 'GTMSessionFetcher_GTMSessionFetcherCore' from project 'GTMSessionFetcher')
    cd /Users/sunil/Library/Developer/Xcode/DerivedData/Yoga_of_Eating-ducgyjnlphnmtmcobbndvvbfdgcp/SourcePackages/checkouts/gtm-session-fetcher
    builtin-infoPlistUtility /Users/sunil/Library/Developer/Xcode/DerivedData/Yoga_of_Eating-ducgyjnlphnmtmcobbndvvbfdgcp/Build/Intermediates.noindex/GTMSessionFetcher.build/Debug-iphonesimulator/GTMSessionFetcher_GTMSessionFetcherCore.build/empty-GTMSessionFetcher_GTMSessionFetcherCore.plist -producttype com.apple.product-type.bundle -expandbuildsettings -format binary -platform iphonesimulator -o /Users/sunil/Library/Developer/Xcode/DerivedData/Yoga_of_Eating-ducgyjnlphnmtmcobbndvvbfdgcp/Build/Products/Debug-iphonesimulator/GTMSessionFetcher_GTMSessionFetcherCore.bundle/Info.plist

ProcessInfoPlistFile /Users/sunil/Library/Developer/Xcode/DerivedData/Yoga_of_Eating-ducgyjnlphnmtmcobbndvvbfdgcp/Build/Products/Debug-iphonesimulator/GTMAppAuth_GTMAppAuth.bundle/Info.plist /Users/sunil/Library/Developer/Xcode/DerivedData/Yoga_of_Eating-ducgyjnlphnmtmcobbndvvbfdgcp/Build/Intermediates.noindex/GTMAppAuth.build/Debug-iphonesimulator/GTMAppAuth_GTMAppAuth.build/empty-GTMAppAuth_GTMAppAuth.plist (in target 'GTMAppAuth_GTMAppAuth' from project 'GTMAppAuth')
    cd /Users/sunil/Library/Developer/Xcode/DerivedData/Yoga_of_Eating-ducgyjnlphnmtmcobbndvvbfdgcp/SourcePackages/checkouts/GTMAppAuth
    builtin-infoPlistUtility /Users/sunil/Library/Developer/Xcode/DerivedData/Yoga_of_Eating-ducgyjnlphnmtmcobbndvvbfdgcp/Build/Intermediates.noindex/GTMAppAuth.build/Debug-iphonesimulator/GTMAppAuth_GTMAppAuth.build/empty-GTMAppAuth_GTMAppAuth.plist -producttype com.apple.product-type.bundle -expandbuildsettings -format binary -platform iphonesimulator -o /Users/sunil/Library/Developer/Xcode/DerivedData/Yoga_of_Eating-ducgyjnlphnmtmcobbndvvbfdgcp/Build/Products/Debug-iphonesimulator/GTMAppAuth_GTMAppAuth.bundle/Info.plist

ProcessInfoPlistFile /Users/sunil/Library/Developer/Xcode/DerivedData/Yoga_of_Eating-ducgyjnlphnmtmcobbndvvbfdgcp/Build/Products/Debug-iphonesimulator/Firebase_FirebaseFirestore.bundle/Info.plist /Users/sunil/Library/Developer/Xcode/DerivedData/Yoga_of_Eating-ducgyjnlphnmtmcobbndvvbfdgcp/Build/Intermediates.noindex/Firebase.build/Debug-iphonesimulator/Firebase_FirebaseFirestore.build/empty-Firebase_FirebaseFirestore.plist (in target 'Firebase_FirebaseFirestore' from project 'Firebase')
    cd /Users/sunil/Library/Developer/Xcode/DerivedData/Yoga_of_Eating-ducgyjnlphnmtmcobbndvvbfdgcp/SourcePackages/checkouts/firebase-ios-sdk
    builtin-infoPlistUtility /Users/sunil/Library/Developer/Xcode/DerivedData/Yoga_of_Eating-ducgyjnlphnmtmcobbndvvbfdgcp/Build/Intermediates.noindex/Firebase.build/Debug-iphonesimulator/Firebase_FirebaseFirestore.build/empty-Firebase_FirebaseFirestore.plist -producttype com.apple.product-type.bundle -expandbuildsettings -format binary -platform iphonesimulator -o /Users/sunil/Library/Developer/Xcode/DerivedData/Yoga_of_Eating-ducgyjnlphnmtmcobbndvvbfdgcp/Build/Products/Debug-iphonesimulator/Firebase_FirebaseFirestore.bundle/Info.plist

ProcessInfoPlistFile /Users/sunil/Library/Developer/Xcode/DerivedData/Yoga_of_Eating-ducgyjnlphnmtmcobbndvvbfdgcp/Build/Products/Debug-iphonesimulator/Firebase_FirebaseCoreInternal.bundle/Info.plist /Users/sunil/Library/Developer/Xcode/DerivedData/Yoga_of_Eating-ducgyjnlphnmtmcobbndvvbfdgcp/Build/Intermediates.noindex/Firebase.build/Debug-iphonesimulator/Firebase_FirebaseCoreInternal.build/empty-Firebase_FirebaseCoreInternal.plist (in target 'Firebase_FirebaseCoreInternal' from project 'Firebase')
    cd /Users/sunil/Library/Developer/Xcode/DerivedData/Yoga_of_Eating-ducgyjnlphnmtmcobbndvvbfdgcp/SourcePackages/checkouts/firebase-ios-sdk
    builtin-infoPlistUtility /Users/sunil/Library/Developer/Xcode/DerivedData/Yoga_of_Eating-ducgyjnlphnmtmcobbndvvbfdgcp/Build/Intermediates.noindex/Firebase.build/Debug-iphonesimulator/Firebase_FirebaseCoreInternal.build/empty-Firebase_FirebaseCoreInternal.plist -producttype com.apple.product-type.bundle -expandbuildsettings -format binary -platform iphonesimulator -o /Users/sunil/Library/Developer/Xcode/DerivedData/Yoga_of_Eating-ducgyjnlphnmtmcobbndvvbfdgcp/Build/Products/Debug-iphonesimulator/Firebase_FirebaseCoreInternal.bundle/Info.plist

ProcessInfoPlistFile /Users/sunil/Library/Developer/Xcode/DerivedData/Yoga_of_Eating-ducgyjnlphnmtmcobbndvvbfdgcp/Build/Products/Debug-iphonesimulator/Firebase_FirebaseCoreExtension.bundle/Info.plist /Users/sunil/Library/Developer/Xcode/DerivedData/Yoga_of_Eating-ducgyjnlphnmtmcobbndvvbfdgcp/Build/Intermediates.noindex/Firebase.build/Debug-iphonesimulator/Firebase_FirebaseCoreExtension.build/empty-Firebase_FirebaseCoreExtension.plist (in target 'Firebase_FirebaseCoreExtension' from project 'Firebase')
    cd /Users/sunil/Library/Developer/Xcode/DerivedData/Yoga_of_Eating-ducgyjnlphnmtmcobbndvvbfdgcp/SourcePackages/checkouts/firebase-ios-sdk
    builtin-infoPlistUtility /Users/sunil/Library/Developer/Xcode/DerivedData/Yoga_of_Eating-ducgyjnlphnmtmcobbndvvbfdgcp/Build/Intermediates.noindex/Firebase.build/Debug-iphonesimulator/Firebase_FirebaseCoreExtension.build/empty-Firebase_FirebaseCoreExtension.plist -producttype com.apple.product-type.bundle -expandbuildsettings -format binary -platform iphonesimulator -o /Users/sunil/Library/Developer/Xcode/DerivedData/Yoga_of_Eating-ducgyjnlphnmtmcobbndvvbfdgcp/Build/Products/Debug-iphonesimulator/Firebase_FirebaseCoreExtension.bundle/Info.plist

ProcessInfoPlistFile /Users/sunil/Library/Developer/Xcode/DerivedData/Yoga_of_Eating-ducgyjnlphnmtmcobbndvvbfdgcp/Build/Products/Debug-iphonesimulator/Firebase_FirebaseCore.bundle/Info.plist /Users/sunil/Library/Developer/Xcode/DerivedData/Yoga_of_Eating-ducgyjnlphnmtmcobbndvvbfdgcp/Build/Intermediates.noindex/Firebase.build/Debug-iphonesimulator/Firebase_FirebaseCore.build/empty-Firebase_FirebaseCore.plist (in target 'Firebase_FirebaseCore' from project 'Firebase')
    cd /Users/sunil/Library/Developer/Xcode/DerivedData/Yoga_of_Eating-ducgyjnlphnmtmcobbndvvbfdgcp/SourcePackages/checkouts/firebase-ios-sdk
    builtin-infoPlistUtility /Users/sunil/Library/Developer/Xcode/DerivedData/Yoga_of_Eating-ducgyjnlphnmtmcobbndvvbfdgcp/Build/Intermediates.noindex/Firebase.build/Debug-iphonesimulator/Firebase_FirebaseCore.build/empty-Firebase_FirebaseCore.plist -producttype com.apple.product-type.bundle -expandbuildsettings -format binary -platform iphonesimulator -o /Users/sunil/Library/Developer/Xcode/DerivedData/Yoga_of_Eating-ducgyjnlphnmtmcobbndvvbfdgcp/Build/Products/Debug-iphonesimulator/Firebase_FirebaseCore.bundle/Info.plist

ProcessInfoPlistFile /Users/sunil/Library/Developer/Xcode/DerivedData/Yoga_of_Eating-ducgyjnlphnmtmcobbndvvbfdgcp/Build/Products/Debug-iphonesimulator/Firebase_FirebaseAuth.bundle/Info.plist /Users/sunil/Library/Developer/Xcode/DerivedData/Yoga_of_Eating-ducgyjnlphnmtmcobbndvvbfdgcp/Build/Intermediates.noindex/Firebase.build/Debug-iphonesimulator/Firebase_FirebaseAuth.build/empty-Firebase_FirebaseAuth.plist (in target 'Firebase_FirebaseAuth' from project 'Firebase')
    cd /Users/sunil/Library/Developer/Xcode/DerivedData/Yoga_of_Eating-ducgyjnlphnmtmcobbndvvbfdgcp/SourcePackages/checkouts/firebase-ios-sdk
    builtin-infoPlistUtility /Users/sunil/Library/Developer/Xcode/DerivedData/Yoga_of_Eating-ducgyjnlphnmtmcobbndvvbfdgcp/Build/Intermediates.noindex/Firebase.build/Debug-iphonesimulator/Firebase_FirebaseAuth.build/empty-Firebase_FirebaseAuth.plist -producttype com.apple.product-type.bundle -expandbuildsettings -format binary -platform iphonesimulator -o /Users/sunil/Library/Developer/Xcode/DerivedData/Yoga_of_Eating-ducgyjnlphnmtmcobbndvvbfdgcp/Build/Products/Debug-iphonesimulator/Firebase_FirebaseAuth.bundle/Info.plist

ProcessInfoPlistFile /Users/sunil/Library/Developer/Xcode/DerivedData/Yoga_of_Eating-ducgyjnlphnmtmcobbndvvbfdgcp/Build/Products/Debug-iphonesimulator/AppAuth_AppAuthCore.bundle/Info.plist /Users/sunil/Library/Developer/Xcode/DerivedData/Yoga_of_Eating-ducgyjnlphnmtmcobbndvvbfdgcp/Build/Intermediates.noindex/AppAuth.build/Debug-iphonesimulator/AppAuth_AppAuthCore.build/empty-AppAuth_AppAuthCore.plist (in target 'AppAuth_AppAuthCore' from project 'AppAuth')
    cd /Users/sunil/Library/Developer/Xcode/DerivedData/Yoga_of_Eating-ducgyjnlphnmtmcobbndvvbfdgcp/SourcePackages/checkouts/AppAuth-iOS
    builtin-infoPlistUtility /Users/sunil/Library/Developer/Xcode/DerivedData/Yoga_of_Eating-ducgyjnlphnmtmcobbndvvbfdgcp/Build/Intermediates.noindex/AppAuth.build/Debug-iphonesimulator/AppAuth_AppAuthCore.build/empty-AppAuth_AppAuthCore.plist -producttype com.apple.product-type.bundle -expandbuildsettings -format binary -platform iphonesimulator -o /Users/sunil/Library/Developer/Xcode/DerivedData/Yoga_of_Eating-ducgyjnlphnmtmcobbndvvbfdgcp/Build/Products/Debug-iphonesimulator/AppAuth_AppAuthCore.bundle/Info.plist

ProcessInfoPlistFile /Users/sunil/Library/Developer/Xcode/DerivedData/Yoga_of_Eating-ducgyjnlphnmtmcobbndvvbfdgcp/Build/Products/Debug-iphonesimulator/AppAuth_AppAuth.bundle/Info.plist /Users/sunil/Library/Developer/Xcode/DerivedData/Yoga_of_Eating-ducgyjnlphnmtmcobbndvvbfdgcp/Build/Intermediates.noindex/AppAuth.build/Debug-iphonesimulator/AppAuth_AppAuth.build/empty-AppAuth_AppAuth.plist (in target 'AppAuth_AppAuth' from project 'AppAuth')
    cd /Users/sunil/Library/Developer/Xcode/DerivedData/Yoga_of_Eating-ducgyjnlphnmtmcobbndvvbfdgcp/SourcePackages/checkouts/AppAuth-iOS
    builtin-infoPlistUtility /Users/sunil/Library/Developer/Xcode/DerivedData/Yoga_of_Eating-ducgyjnlphnmtmcobbndvvbfdgcp/Build/Intermediates.noindex/AppAuth.build/Debug-iphonesimulator/AppAuth_AppAuth.build/empty-AppAuth_AppAuth.plist -producttype com.apple.product-type.bundle -expandbuildsettings -format binary -platform iphonesimulator -o /Users/sunil/Library/Developer/Xcode/DerivedData/Yoga_of_Eating-ducgyjnlphnmtmcobbndvvbfdgcp/Build/Products/Debug-iphonesimulator/AppAuth_AppAuth.bundle/Info.plist

note: Disabling hardened runtime with ad-hoc codesigning. (in target 'Yoga of Eating' from project 'Yoga of Eating')
note: Run script build phase 'SwiftFormat' will be run during every build because the option to run the script phase "Based on dependency analysis" is unchecked. (in target 'Yoga of Eating' from project 'Yoga of Eating')
note: Run script build phase 'SwiftLint' will be run during every build because the option to run the script phase "Based on dependency analysis" is unchecked. (in target 'Yoga of Eating' from project 'Yoga of Eating')
PhaseScriptExecution SwiftFormat /Users/sunil/Library/Developer/Xcode/DerivedData/Yoga_of_Eating-ducgyjnlphnmtmcobbndvvbfdgcp/Build/Intermediates.noindex/Yoga\ of\ Eating.build/Debug-iphonesimulator/Yoga\ of\ Eating.build/Script-838323E1A1509BFF74CB23C2.sh (in target 'Yoga of Eating' from project 'Yoga of Eating')
    cd /Users/sunil/Downloads/YogaofEating
    export ACTION\=build
    export AD_HOC_CODE_SIGNING_ALLOWED\=YES
    export AGGREGATE_TRACKED_DOMAINS\=YES
    export ALLOW_BUILD_REQUEST_OVERRIDES\=NO
    export ALLOW_TARGET_PLATFORM_SPECIALIZATION\=NO
    export ALTERNATE_GROUP\=staff
    export ALTERNATE_MODE\=u+w,go-w,a+rX
    export ALTERNATE_OWNER\=sunil
    export ALTERNATIVE_DISTRIBUTION_WEB\=NO
    export ALWAYS_EMBED_SWIFT_STANDARD_LIBRARIES\=NO
    export ALWAYS_SEARCH_USER_PATHS\=NO
    export ALWAYS_USE_SEPARATE_HEADERMAPS\=NO
    export APPLICATION_EXTENSION_API_ONLY\=NO
    export APPLY_RULES_IN_COPY_FILES\=NO
    export APPLY_RULES_IN_COPY_HEADERS\=NO
    export APP_SHORTCUTS_ENABLE_FLEXIBLE_MATCHING\=YES
    export ARCHS\=arm64
    export ARCHS_BASE\=arm64
    export ARCHS_STANDARD\=arm64\ x86_64
    export ARCHS_STANDARD_32_64_BIT\=arm64\ x86_64
    export ARCHS_STANDARD_64_BIT\=arm64\ x86_64
    export ARCHS_STANDARD_INCLUDING_64_BIT\=arm64\ x86_64
    export ARCHS_UNIVERSAL_IPHONE_OS\=arm64\ x86_64
    export ASSETCATALOG_COMPILER_APPICON_NAME\=AppIcon
    export ASSETCATALOG_COMPILER_GENERATE_SWIFT_ASSET_SYMBOL_EXTENSIONS\=YES
    export ASSETCATALOG_COMPILER_GLOBAL_ACCENT_COLOR_NAME\=AccentColor
    export ASSETCATALOG_FILTER_FOR_DEVICE_MODEL\=iPhone18,3
    export ASSETCATALOG_FILTER_FOR_DEVICE_OS_VERSION\=26.4.1
    export ASSETCATALOG_FILTER_FOR_THINNING_DEVICE_CONFIGURATION\=iPhone18,3
    export AUTOMATICALLY_MERGE_DEPENDENCIES\=NO
    export AUTOMATION_APPLE_EVENTS\=NO
    export AVAILABLE_PLATFORMS\=android\ appletvos\ appletvsimulator\ driverkit\ freebsd\ iphoneos\ iphonesimulator\ linux\ macosx\ none\ openbsd\ qnx\ watchos\ watchsimulator\ webassembly\ xros\ xrsimulator
    export AppIdentifierPrefix\=CCVJR9P725.
    export BUILD_ACTIVE_RESOURCES_ONLY\=YES
    export BUILD_COMPONENTS\=headers\ build
    export BUILD_DIR\=/Users/sunil/Library/Developer/Xcode/DerivedData/Yoga_of_Eating-ducgyjnlphnmtmcobbndvvbfdgcp/Build/Products
    export BUILD_LIBRARY_FOR_DISTRIBUTION\=NO
    export BUILD_ONLY_KNOWN_LOCALIZATIONS\=NO
    export BUILD_ROOT\=/Users/sunil/Library/Developer/Xcode/DerivedData/Yoga_of_Eating-ducgyjnlphnmtmcobbndvvbfdgcp/Build/Products
    export BUILD_STYLE\=
    export BUILD_VARIANTS\=normal
    export BUILT_PRODUCTS_DIR\=/Users/sunil/Library/Developer/Xcode/DerivedData/Yoga_of_Eating-ducgyjnlphnmtmcobbndvvbfdgcp/Build/Products/Debug-iphonesimulator
    export BUNDLE_CONTENTS_FOLDER_PATH_deep\=Contents/
    export BUNDLE_EXECUTABLE_FOLDER_NAME_deep\=MacOS
    export BUNDLE_EXTENSIONS_FOLDER_PATH\=Extensions
    export BUNDLE_FORMAT\=shallow
    export BUNDLE_FRAMEWORKS_FOLDER_PATH\=Frameworks
    export BUNDLE_PLUGINS_FOLDER_PATH\=PlugIns
    export BUNDLE_PRIVATE_HEADERS_FOLDER_PATH\=PrivateHeaders
    export BUNDLE_PUBLIC_HEADERS_FOLDER_PATH\=Headers
    export CACHE_ROOT\=/var/folders/r_/6rd80_t54ddghk_cnysh9t7w0000gn/C/com.apple.DeveloperTools/26.5-17F42/Xcode
    export CCHROOT\=/var/folders/r_/6rd80_t54ddghk_cnysh9t7w0000gn/C/com.apple.DeveloperTools/26.5-17F42/Xcode
    export CHMOD\=/bin/chmod
    export CHOWN\=chown
    export CLANG_ANALYZER_NONNULL\=YES
    export CLANG_ANALYZER_NUMBER_OBJECT_CONVERSION\=YES_AGGRESSIVE
    export CLANG_CACHE_FINE_GRAINED_OUTPUTS\=YES
    export CLANG_COVERAGE_MAPPING\=YES
    export CLANG_CXX_LANGUAGE_STANDARD\=gnu++20
    export CLANG_ENABLE_EXPLICIT_MODULES\=YES
    export CLANG_ENABLE_MODULES\=YES
    export CLANG_ENABLE_OBJC_ARC\=YES
    export CLANG_ENABLE_OBJC_WEAK\=YES
    export CLANG_MODULES_BUILD_SESSION_FILE\=/Users/sunil/Library/Developer/Xcode/DerivedData/ModuleCache.noindex/Session.modulevalidation
    export CLANG_PROFILE_DATA_DIRECTORY\=/Users/sunil/Library/Developer/Xcode/DerivedData/Yoga_of_Eating-ducgyjnlphnmtmcobbndvvbfdgcp/Build/ProfileData
    export CLANG_WARN_BLOCK_CAPTURE_AUTORELEASING\=YES
    export CLANG_WARN_BOOL_CONVERSION\=YES
    export CLANG_WARN_COMMA\=YES
    export CLANG_WARN_CONSTANT_CONVERSION\=YES
    export CLANG_WARN_DEPRECATED_OBJC_IMPLEMENTATIONS\=YES
    export CLANG_WARN_DIRECT_OBJC_ISA_USAGE\=YES_ERROR
    export CLANG_WARN_DOCUMENTATION_COMMENTS\=YES
    export CLANG_WARN_EMPTY_BODY\=YES
    export CLANG_WARN_ENUM_CONVERSION\=YES
    export CLANG_WARN_INFINITE_RECURSION\=YES
    export CLANG_WARN_INT_CONVERSION\=YES
    export CLANG_WARN_NON_LITERAL_NULL_CONVERSION\=YES
    export CLANG_WARN_OBJC_IMPLICIT_RETAIN_SELF\=YES
    export CLANG_WARN_OBJC_LITERAL_CONVERSION\=YES
    export CLANG_WARN_OBJC_ROOT_CLASS\=YES_ERROR
    export CLANG_WARN_QUOTED_INCLUDE_IN_FRAMEWORK_HEADER\=YES
    export CLANG_WARN_RANGE_LOOP_ANALYSIS\=YES
    export CLANG_WARN_STRICT_PROTOTYPES\=YES
    export CLANG_WARN_SUSPICIOUS_MOVE\=YES
    export CLANG_WARN_UNGUARDED_AVAILABILITY\=YES_AGGRESSIVE
    export CLANG_WARN_UNREACHABLE_CODE\=YES
    export CLANG_WARN__DUPLICATE_METHOD_MATCH\=YES
    export CLASS_FILE_DIR\=/Users/sunil/Library/Developer/Xcode/DerivedData/Yoga_of_Eating-ducgyjnlphnmtmcobbndvvbfdgcp/Build/Intermediates.noindex/Yoga\ of\ Eating.build/Debug-iphonesimulator/Yoga\ of\ Eating.build/JavaClasses
    export CLEAN_PRECOMPS\=YES
    export CLONE_HEADERS\=NO
    export CODESIGNING_FOLDER_PATH\=/Users/sunil/Library/Developer/Xcode/DerivedData/Yoga_of_Eating-ducgyjnlphnmtmcobbndvvbfdgcp/Build/Products/Debug-iphonesimulator/Yoga\ of\ Eating.app
    export CODE_SIGNING_ALLOWED\=YES
    export CODE_SIGNING_REQUIRED\=YES
    export CODE_SIGN_CONTEXT_CLASS\=XCiPhoneSimulatorCodeSignContext
    export CODE_SIGN_ENTITLEMENTS\=Yoga\ of\ Eating/Yoga\ of\ Eating.entitlements
    export CODE_SIGN_IDENTITY\=-
    export CODE_SIGN_INJECT_BASE_ENTITLEMENTS\=YES
    export CODE_SIGN_STYLE\=Automatic
    export COLOR_DIAGNOSTICS\=NO
    export COMBINE_HIDPI_IMAGES\=NO
    export COMPILATION_CACHE_CAS_PATH\=/Users/sunil/Library/Developer/Xcode/DerivedData/CompilationCache.noindex
    export COMPILATION_CACHE_KEEP_CAS_DIRECTORY\=YES
    export COMPILER_INDEX_STORE_ENABLE\=Default
    export COMPOSITE_SDK_DIRS\=/Users/sunil/Library/Developer/Xcode/DerivedData/Yoga_of_Eating-ducgyjnlphnmtmcobbndvvbfdgcp/Build/Intermediates.noindex/CompositeSDKs
    export COMPRESS_PNG_FILES\=YES
    export CONFIGURATION\=Debug
    export CONFIGURATION_BUILD_DIR\=/Users/sunil/Library/Developer/Xcode/DerivedData/Yoga_of_Eating-ducgyjnlphnmtmcobbndvvbfdgcp/Build/Products/Debug-iphonesimulator
    export CONFIGURATION_TEMP_DIR\=/Users/sunil/Library/Developer/Xcode/DerivedData/Yoga_of_Eating-ducgyjnlphnmtmcobbndvvbfdgcp/Build/Intermediates.noindex/Yoga\ of\ Eating.build/Debug-iphonesimulator
    export CONTENTS_FOLDER_PATH\=Yoga\ of\ Eating.app
    export CONTENTS_FOLDER_PATH_SHALLOW_BUNDLE_NO\=Yoga\ of\ Eating.app/Contents
    export CONTENTS_FOLDER_PATH_SHALLOW_BUNDLE_YES\=Yoga\ of\ Eating.app
    export COPYING_PRESERVES_HFS_DATA\=NO
    export COPY_HEADERS_RUN_UNIFDEF\=NO
    export COPY_PHASE_STRIP\=NO
    export CORRESPONDING_DEVICE_PLATFORM_DIR\=/Applications/Xcode.app/Contents/Developer/Platforms/iPhoneOS.platform
    export CORRESPONDING_DEVICE_PLATFORM_NAME\=iphoneos
    export CORRESPONDING_DEVICE_SDK_DIR\=/Applications/Xcode.app/Contents/Developer/Platforms/iPhoneOS.platform/Developer/SDKs/iPhoneOS26.5.sdk
    export CORRESPONDING_DEVICE_SDK_NAME\=iphoneos26.5
    export CP\=/bin/cp
    export CREATE_INFOPLIST_SECTION_IN_BINARY\=NO
    export CURRENT_ARCH\=undefined_arch
    export CURRENT_PROJECT_VERSION\=1
    export CURRENT_VARIANT\=normal
    export DEAD_CODE_STRIPPING\=YES
    export DEBUGGING_SYMBOLS\=YES
    export DEBUG_INFORMATION_FORMAT\=dwarf
    export DEBUG_INFORMATION_VERSION\=compiler-default
    export DEFAULT_COMPILER\=com.apple.compilers.llvm.clang.1_0
    export DEFAULT_DEXT_INSTALL_PATH\=/System/Library/DriverExtensions
    export DEFAULT_KEXT_INSTALL_PATH\=/System/Library/Extensions
    export DEFINES_MODULE\=NO
    export DEPLOYMENT_LOCATION\=NO
    export DEPLOYMENT_POSTPROCESSING\=NO
    export DEPLOYMENT_TARGET_SETTING_NAME\=IPHONEOS_DEPLOYMENT_TARGET
    export DEPLOYMENT_TARGET_SUGGESTED_VALUES\=12.0\ 12.1\ 12.2\ 12.3\ 12.4\ 13.0\ 13.1\ 13.2\ 13.3\ 13.4\ 13.5\ 13.6\ 14.0\ 14.1\ 14.2\ 14.3\ 14.4\ 14.5\ 14.6\ 14.7\ 15.0\ 15.1\ 15.2\ 15.3\ 15.4\ 15.5\ 15.6\ 16.0\ 16.1\ 16.2\ 16.3\ 16.4\ 16.5\ 16.6\ 17.0\ 17.1\ 17.2\ 17.3\ 17.4\ 17.5\ 17.6\ 18.0\ 18.1\ 18.2\ 18.3\ 18.4\ 18.5\ 18.6\ 26.0\ 26.2\ 26.3\ 26.4\ 26.5
    export DERIVED_FILES_DIR\=/Users/sunil/Library/Developer/Xcode/DerivedData/Yoga_of_Eating-ducgyjnlphnmtmcobbndvvbfdgcp/Build/Intermediates.noindex/Yoga\ of\ Eating.build/Debug-iphonesimulator/Yoga\ of\ Eating.build/DerivedSources
    export DERIVED_FILE_DIR\=/Users/sunil/Library/Developer/Xcode/DerivedData/Yoga_of_Eating-ducgyjnlphnmtmcobbndvvbfdgcp/Build/Intermediates.noindex/Yoga\ of\ Eating.build/Debug-iphonesimulator/Yoga\ of\ Eating.build/DerivedSources
    export DERIVED_SOURCES_DIR\=/Users/sunil/Library/Developer/Xcode/DerivedData/Yoga_of_Eating-ducgyjnlphnmtmcobbndvvbfdgcp/Build/Intermediates.noindex/Yoga\ of\ Eating.build/Debug-iphonesimulator/Yoga\ of\ Eating.build/DerivedSources
    export DEVELOPER_APPLICATIONS_DIR\=/Applications/Xcode.app/Contents/Developer/Applications
    export DEVELOPER_BIN_DIR\=/Applications/Xcode.app/Contents/Developer/usr/bin
    export DEVELOPER_DIR\=/Applications/Xcode.app/Contents/Developer
    export DEVELOPER_FRAMEWORKS_DIR\=/Applications/Xcode.app/Contents/Developer/Library/Frameworks
    export DEVELOPER_FRAMEWORKS_DIR_QUOTED\=/Applications/Xcode.app/Contents/Developer/Library/Frameworks
    export DEVELOPER_LIBRARY_DIR\=/Applications/Xcode.app/Contents/Developer/Library
    export DEVELOPER_SDK_DIR\=/Applications/Xcode.app/Contents/Developer/Platforms/MacOSX.platform/Developer/SDKs
    export DEVELOPER_TOOLS_DIR\=/Applications/Xcode.app/Contents/Developer/Tools
    export DEVELOPER_USR_DIR\=/Applications/Xcode.app/Contents/Developer/usr
    export DEVELOPMENT_LANGUAGE\=en
    export DEVELOPMENT_TEAM\=CCVJR9P725
    export DIAGNOSE_MISSING_TARGET_DEPENDENCIES\=YES
    export DIFF\=/usr/bin/diff
    export DOCUMENTATION_FOLDER_PATH\=Yoga\ of\ Eating.app/en.lproj/Documentation
    export DONT_GENERATE_INFOPLIST_FILE\=NO
    export DSTROOT\=/tmp/Yoga\ of\ Eating.dst
    export DT_TOOLCHAIN_DIR\=/Applications/Xcode.app/Contents/Developer/Toolchains/XcodeDefault.xctoolchain
    export DUMP_DEPENDENCIES\=NO
    export DUMP_DEPENDENCIES_OUTPUT_PATH\=/Users/sunil/Library/Developer/Xcode/DerivedData/Yoga_of_Eating-ducgyjnlphnmtmcobbndvvbfdgcp/Build/Intermediates.noindex/Yoga\ of\ Eating.build/Debug-iphonesimulator/Yoga\ of\ Eating.build/Yoga\ of\ Eating-BuildDependencyInfo.json
    export DWARF_DSYM_FILE_NAME\=Yoga\ of\ Eating.app.dSYM
    export DWARF_DSYM_FILE_SHOULD_ACCOMPANY_PRODUCT\=NO
    export DWARF_DSYM_FOLDER_PATH\=/Users/sunil/Library/Developer/Xcode/DerivedData/Yoga_of_Eating-ducgyjnlphnmtmcobbndvvbfdgcp/Build/Products/Debug-iphonesimulator
    export DYNAMIC_LIBRARY_EXTENSION\=dylib
    export EAGER_COMPILATION_ALLOW_SCRIPTS\=NO
    export EAGER_LINKING\=NO
    export EFFECTIVE_PLATFORM_NAME\=-iphonesimulator
    export EFFECTIVE_SWIFT_VERSION\=5
    export EMBEDDED_CONTENT_CONTAINS_SWIFT\=NO
    export EMBED_ASSET_PACKS_IN_PRODUCT_BUNDLE\=NO
    export EMBED_PACKAGE_RESOURCE_BUNDLE_NAMES\=\ GoogleSignIn_GoogleSignIn\ GTMSessionFetcher_GTMSessionFetcherCore\ GTMAppAuth_GTMAppAuth\ GoogleUtilities_GoogleUtilities-UserDefaults\ GoogleUtilities_GoogleUtilities-Environment\ GoogleUtilities_GoogleUtilities-Logger\ Promises_FBLPromises\ AppAuth_AppAuthCore\ AppAuth_AppAuth\ Firebase_FirebaseAuth\ Firebase_FirebaseCoreInternal\ Firebase_FirebaseCore\ Firebase_FirebaseCoreExtension\ GoogleUtilities_GoogleUtilities-AppDelegateSwizzler\ GoogleUtilities_GoogleUtilities-NSData\ GoogleUtilities_GoogleUtilities-Reachability\ GoogleUtilities_GoogleUtilities-Network\ GoogleSignIn_GoogleSignInSwift\ Firebase_FirebaseFirestore\ leveldb_leveldb\ nanopb_nanopb\ gRPC_grpcppWrapper\ gRPC_grpcWrapper\ gRPC_opensslWrapper\ abseil_abslWrapper
    export ENABLE_APP_SANDBOX\=YES
    export ENABLE_CODE_COVERAGE\=YES
    export ENABLE_COHORT_ARCHS\=NO
    export ENABLE_CPLUSPLUS_BOUNDS_SAFE_BUFFERS\=NO
    export ENABLE_C_BOUNDS_SAFETY\=NO
    export ENABLE_DEBUG_DYLIB\=YES
    export ENABLE_DEFAULT_HEADER_SEARCH_PATHS\=YES
    export ENABLE_DEFAULT_SEARCH_PATHS\=YES
    export ENABLE_ENHANCED_SECURITY\=NO
    export ENABLE_HARDENED_RUNTIME\=NO
    export ENABLE_HEADER_DEPENDENCIES\=YES
    export ENABLE_INCOMING_NETWORK_CONNECTIONS\=NO
    export ENABLE_ON_DEMAND_RESOURCES\=YES
    export ENABLE_OUTGOING_NETWORK_CONNECTIONS\=NO
    export ENABLE_POINTER_AUTHENTICATION\=NO
    export ENABLE_PREVIEWS\=NO
    export ENABLE_RESOURCE_ACCESS_AUDIO_INPUT\=NO
    export ENABLE_RESOURCE_ACCESS_BLUETOOTH\=NO
    export ENABLE_RESOURCE_ACCESS_CALENDARS\=NO
    export ENABLE_RESOURCE_ACCESS_CAMERA\=NO
    export ENABLE_RESOURCE_ACCESS_CONTACTS\=NO
    export ENABLE_RESOURCE_ACCESS_LOCATION\=NO
    export ENABLE_RESOURCE_ACCESS_PHOTO_LIBRARY\=NO
    export ENABLE_RESOURCE_ACCESS_PRINTING\=NO
    export ENABLE_RESOURCE_ACCESS_USB\=NO
    export ENABLE_SDK_IMPORTS\=NO
    export ENABLE_SECURITY_COMPILER_WARNINGS\=NO
    export ENABLE_STRICT_OBJC_MSGSEND\=YES
    export ENABLE_TESTABILITY\=YES
    export ENABLE_TESTING_SEARCH_PATHS\=NO
    export ENABLE_USER_SCRIPT_SANDBOXING\=NO
    export ENABLE_USER_SELECTED_FILES\=readonly
    export ENABLE_XOJIT_PREVIEWS\=YES
    export ENFORCE_VALID_ARCHS\=YES
    export ENTITLEMENTS_ALLOWED\=NO
    export ENTITLEMENTS_DESTINATION\=__entitlements
    export ENTITLEMENTS_REQUIRED\=NO
    export EXCLUDED_INSTALLSRC_SUBDIRECTORY_PATTERNS\=.DS_Store\ .svn\ .git\ .hg\ CVS
    export EXCLUDED_RECURSIVE_SEARCH_PATH_SUBDIRECTORIES\=\*.nib\ \*.lproj\ \*.framework\ \*.gch\ \*.xcode\*\ \*.xcassets\ \*.icon\ \(\*\)\ .DS_Store\ CVS\ .svn\ .git\ .hg\ \*.pbproj\ \*.pbxproj
    export EXECUTABLES_FOLDER_PATH\=Yoga\ of\ Eating.app/Executables
    export EXECUTABLE_BLANK_INJECTION_DYLIB_PATH\=Yoga\ of\ Eating.app/__preview.dylib
    export EXECUTABLE_DEBUG_DYLIB_INSTALL_NAME\=@rpath/Yoga\ of\ Eating.debug.dylib
    export EXECUTABLE_DEBUG_DYLIB_PATH\=Yoga\ of\ Eating.app/Yoga\ of\ Eating.debug.dylib
    export EXECUTABLE_FOLDER_PATH\=Yoga\ of\ Eating.app
    export EXECUTABLE_FOLDER_PATH_SHALLOW_BUNDLE_NO\=Yoga\ of\ Eating.app/MacOS
    export EXECUTABLE_FOLDER_PATH_SHALLOW_BUNDLE_YES\=Yoga\ of\ Eating.app
    export EXECUTABLE_NAME\=Yoga\ of\ Eating
    export EXECUTABLE_PATH\=Yoga\ of\ Eating.app/Yoga\ of\ Eating
    export EXPANDED_CODE_SIGN_IDENTITY\=-
    export EXPANDED_CODE_SIGN_IDENTITY_NAME\=Sign\ to\ Run\ Locally
    export EXTENSIONS_FOLDER_PATH\=Yoga\ of\ Eating.app/Extensions
    export FILE_LIST\=/Users/sunil/Library/Developer/Xcode/DerivedData/Yoga_of_Eating-ducgyjnlphnmtmcobbndvvbfdgcp/Build/Intermediates.noindex/Yoga\ of\ Eating.build/Debug-iphonesimulator/Yoga\ of\ Eating.build/Objects/LinkFileList
    export FIXED_FILES_DIR\=/Users/sunil/Library/Developer/Xcode/DerivedData/Yoga_of_Eating-ducgyjnlphnmtmcobbndvvbfdgcp/Build/Intermediates.noindex/Yoga\ of\ Eating.build/Debug-iphonesimulator/Yoga\ of\ Eating.build/FixedFiles
    export FRAMEWORKS_FOLDER_PATH\=Yoga\ of\ Eating.app/Frameworks
    export FRAMEWORK_FLAG_PREFIX\=-framework
    export FRAMEWORK_SEARCH_PATHS\=/Users/sunil/Library/Developer/Xcode/DerivedData/Yoga_of_Eating-ducgyjnlphnmtmcobbndvvbfdgcp/Build/Products/Debug-iphonesimulator/PackageFrameworks\ /Users/sunil/Library/Developer/Xcode/DerivedData/Yoga_of_Eating-ducgyjnlphnmtmcobbndvvbfdgcp/Build/Products/Debug-iphonesimulator/PackageFrameworks\ /Users/sunil/Library/Developer/Xcode/DerivedData/Yoga_of_Eating-ducgyjnlphnmtmcobbndvvbfdgcp/Build/Products/Debug-iphonesimulator/PackageFrameworks\ /Users/sunil/Library/Developer/Xcode/DerivedData/Yoga_of_Eating-ducgyjnlphnmtmcobbndvvbfdgcp/Build/Products/Debug-iphonesimulator/PackageFrameworks\ /Users/sunil/Library/Developer/Xcode/DerivedData/Yoga_of_Eating-ducgyjnlphnmtmcobbndvvbfdgcp/Build/Products/Debug-iphonesimulator/PackageFrameworks\ /Users/sunil/Library/Developer/Xcode/DerivedData/Yoga_of_Eating-ducgyjnlphnmtmcobbndvvbfdgcp/Build/Products/Debug-iphonesimulator/PackageFrameworks\ /Users/sunil/Library/Developer/Xcode/DerivedData/Yoga_of_Eating-ducgyjnlphnmtmcobbndvvbfdgcp/Build/Products/Debug-iphonesimulator/PackageFrameworks\ /Users/sunil/Library/Developer/Xcode/DerivedData/Yoga_of_Eating-ducgyjnlphnmtmcobbndvvbfdgcp/Build/Products/Debug-iphonesimulator/PackageFrameworks\ /Users/sunil/Library/Developer/Xcode/DerivedData/Yoga_of_Eating-ducgyjnlphnmtmcobbndvvbfdgcp/Build/Products/Debug-iphonesimulator/PackageFrameworks\ /Users/sunil/Library/Developer/Xcode/DerivedData/Yoga_of_Eating-ducgyjnlphnmtmcobbndvvbfdgcp/Build/Products/Debug-iphonesimulator/PackageFrameworks\ /Users/sunil/Library/Developer/Xcode/DerivedData/Yoga_of_Eating-ducgyjnlphnmtmcobbndvvbfdgcp/Build/Products/Debug-iphonesimulator/PackageFrameworks\ /Users/sunil/Library/Developer/Xcode/DerivedData/Yoga_of_Eating-ducgyjnlphnmtmcobbndvvbfdgcp/Build/Products/Debug-iphonesimulator/PackageFrameworks\ /Users/sunil/Library/Developer/Xcode/DerivedData/Yoga_of_Eating-ducgyjnlphnmtmcobbndvvbfdgcp/Build/Products/Debug-iphonesimulator/PackageFrameworks\ /Users/sunil/Library/Developer/Xcode/DerivedData/Yoga_of_Eating-ducgyjnlphnmtmcobbndvvbfdgcp/Build/Products/Debug-iphonesimulator/PackageFrameworks\ /Users/sunil/Library/Developer/Xcode/DerivedData/Yoga_of_Eating-ducgyjnlphnmtmcobbndvvbfdgcp/Build/Products/Debug-iphonesimulator/PackageFrameworks\ /Users/sunil/Library/Developer/Xcode/DerivedData/Yoga_of_Eating-ducgyjnlphnmtmcobbndvvbfdgcp/Build/Products/Debug-iphonesimulator/PackageFrameworks\ /Users/sunil/Library/Developer/Xcode/DerivedData/Yoga_of_Eating-ducgyjnlphnmtmcobbndvvbfdgcp/Build/Products/Debug-iphonesimulator/PackageFrameworks\ /Users/sunil/Library/Developer/Xcode/DerivedData/Yoga_of_Eating-ducgyjnlphnmtmcobbndvvbfdgcp/Build/Products/Debug-iphonesimulator/PackageFrameworks\ /Users/sunil/Library/Developer/Xcode/DerivedData/Yoga_of_Eating-ducgyjnlphnmtmcobbndvvbfdgcp/Build/Products/Debug-iphonesimulator/PackageFrameworks\ /Users/sunil/Library/Developer/Xcode/DerivedData/Yoga_of_Eating-ducgyjnlphnmtmcobbndvvbfdgcp/Build/Products/Debug-iphonesimulator/PackageFrameworks\ /Users/sunil/Library/Developer/Xcode/DerivedData/Yoga_of_Eating-ducgyjnlphnmtmcobbndvvbfdgcp/Build/Products/Debug-iphonesimulator/PackageFrameworks\ /Users/sunil/Library/Developer/Xcode/DerivedData/Yoga_of_Eating-ducgyjnlphnmtmcobbndvvbfdgcp/Build/Products/Debug-iphonesimulator/PackageFrameworks\ /Users/sunil/Library/Developer/Xcode/DerivedData/Yoga_of_Eating-ducgyjnlphnmtmcobbndvvbfdgcp/Build/Products/Debug-iphonesimulator/PackageFrameworks\ /Users/sunil/Library/Developer/Xcode/DerivedData/Yoga_of_Eating-ducgyjnlphnmtmcobbndvvbfdgcp/Build/Products/Debug-iphonesimulator/PackageFrameworks\ /Users/sunil/Library/Developer/Xcode/DerivedData/Yoga_of_Eating-ducgyjnlphnmtmcobbndvvbfdgcp/Build/Products/Debug-iphonesimulator/PackageFrameworks\ /Users/sunil/Library/Developer/Xcode/DerivedData/Yoga_of_Eating-ducgyjnlphnmtmcobbndvvbfdgcp/Build/Products/Debug-iphonesimulator/PackageFrameworks\ /Users/sunil/Library/Developer/Xcode/DerivedData/Yoga_of_Eating-ducgyjnlphnmtmcobbndvvbfdgcp/Build/Products/Debug-iphonesimulator/PackageFrameworks\ /Users/sunil/Library/Developer/Xcode/DerivedData/Yoga_of_Eating-ducgyjnlphnmtmcobbndvvbfdgcp/Build/Products/Debug-iphonesimulator/PackageFrameworks\ /Users/sunil/Library/Developer/Xcode/DerivedData/Yoga_of_Eating-ducgyjnlphnmtmcobbndvvbfdgcp/Build/Products/Debug-iphonesimulator/PackageFrameworks\ /Users/sunil/Library/Developer/Xcode/DerivedData/Yoga_of_Eating-ducgyjnlphnmtmcobbndvvbfdgcp/Build/Products/Debug-iphonesimulator/PackageFrameworks\ /Users/sunil/Library/Developer/Xcode/DerivedData/Yoga_of_Eating-ducgyjnlphnmtmcobbndvvbfdgcp/Build/Products/Debug-iphonesimulator/PackageFrameworks\ /Users/sunil/Library/Developer/Xcode/DerivedData/Yoga_of_Eating-ducgyjnlphnmtmcobbndvvbfdgcp/Build/Products/Debug-iphonesimulator/PackageFrameworks\ /Users/sunil/Library/Developer/Xcode/DerivedData/Yoga_of_Eating-ducgyjnlphnmtmcobbndvvbfdgcp/Build/Products/Debug-iphonesimulator/PackageFrameworks\ /Users/sunil/Library/Developer/Xcode/DerivedData/Yoga_of_Eating-ducgyjnlphnmtmcobbndvvbfdgcp/Build/Products/Debug-iphonesimulator/PackageFrameworks\ /Users/sunil/Library/Developer/Xcode/DerivedData/Yoga_of_Eating-ducgyjnlphnmtmcobbndvvbfdgcp/Build/Products/Debug-iphonesimulator/PackageFrameworks\ /Users/sunil/Library/Developer/Xcode/DerivedData/Yoga_of_Eating-ducgyjnlphnmtmcobbndvvbfdgcp/Build/Products/Debug-iphonesimulator/PackageFrameworks\ /Users/sunil/Library/Developer/Xcode/DerivedData/Yoga_of_Eating-ducgyjnlphnmtmcobbndvvbfdgcp/Build/Products/Debug-iphonesimulator/PackageFrameworks\ /Users/sunil/Library/Developer/Xcode/DerivedData/Yoga_of_Eating-ducgyjnlphnmtmcobbndvvbfdgcp/Build/Products/Debug-iphonesimulator/PackageFrameworks\ /Users/sunil/Library/Developer/Xcode/DerivedData/Yoga_of_Eating-ducgyjnlphnmtmcobbndvvbfdgcp/Build/Products/Debug-iphonesimulator/PackageFrameworks\ /Users/sunil/Library/Developer/Xcode/DerivedData/Yoga_of_Eating-ducgyjnlphnmtmcobbndvvbfdgcp/Build/Products/Debug-iphonesimulator\ 
    export FRAMEWORK_VERSION\=A
    export FULL_PRODUCT_NAME\=Yoga\ of\ Eating.app
    export FUSE_BUILD_PHASES\=YES
    export FUSE_BUILD_SCRIPT_PHASES\=NO
    export GCC3_VERSION\=3.3
    export GCC_C_LANGUAGE_STANDARD\=gnu17
    export GCC_DYNAMIC_NO_PIC\=NO
    export GCC_INLINES_ARE_PRIVATE_EXTERN\=YES
    export GCC_NO_COMMON_BLOCKS\=YES
    export GCC_OBJC_LEGACY_DISPATCH\=YES
    export GCC_OPTIMIZATION_LEVEL\=0
    export GCC_PFE_FILE_C_DIALECTS\=c\ objective-c\ c++\ objective-c++
    export GCC_PREPROCESSOR_DEFINITIONS\=DEBUG\=1\ 
    export GCC_SYMBOLS_PRIVATE_EXTERN\=NO
    export GCC_TREAT_WARNINGS_AS_ERRORS\=NO
    export GCC_VERSION\=com.apple.compilers.llvm.clang.1_0
    export GCC_VERSION_IDENTIFIER\=com_apple_compilers_llvm_clang_1_0
    export GCC_WARN_64_TO_32_BIT_CONVERSION\=YES
    export GCC_WARN_ABOUT_RETURN_TYPE\=YES_ERROR
    export GCC_WARN_UNDECLARED_SELECTOR\=YES
    export GCC_WARN_UNINITIALIZED_AUTOS\=YES_AGGRESSIVE
    export GCC_WARN_UNUSED_FUNCTION\=YES
    export GCC_WARN_UNUSED_VARIABLE\=YES
    export GENERATED_MODULEMAP_DIR\=/Users/sunil/Library/Developer/Xcode/DerivedData/Yoga_of_Eating-ducgyjnlphnmtmcobbndvvbfdgcp/Build/Intermediates.noindex/GeneratedModuleMaps-iphonesimulator
    export GENERATE_INFOPLIST_FILE\=NO
    export GENERATE_INTERMEDIATE_TEXT_BASED_STUBS\=YES
    export GENERATE_PKGINFO_FILE\=YES
    export GENERATE_PRELINK_OBJECT_FILE\=NO
    export GENERATE_PROFILING_CODE\=NO
    export GENERATE_TEXT_BASED_STUBS\=NO
    export GID\=20
    export GROUP\=staff
    export HEADERMAP_INCLUDES_FLAT_ENTRIES_FOR_TARGET_BEING_BUILT\=YES
    export HEADERMAP_INCLUDES_FRAMEWORK_ENTRIES_FOR_ALL_PRODUCT_TYPES\=YES
    export HEADERMAP_INCLUDES_FRAMEWORK_ENTRIES_FOR_TARGETS_NOT_BEING_BUILT\=YES
    export HEADERMAP_INCLUDES_NONPUBLIC_NONPRIVATE_HEADERS\=YES
    export HEADERMAP_INCLUDES_PROJECT_HEADERS\=YES
    export HEADERMAP_USES_FRAMEWORK_PREFIX_ENTRIES\=YES
    export HEADERMAP_USES_VFS\=NO
    export HEADER_SEARCH_PATHS\=/Users/sunil/Library/Developer/Xcode/DerivedData/Yoga_of_Eating-ducgyjnlphnmtmcobbndvvbfdgcp/SourcePackages/checkouts/abseil-cpp-binary/absl-Wrapper/include\ /Users/sunil/Library/Developer/Xcode/DerivedData/Yoga_of_Eating-ducgyjnlphnmtmcobbndvvbfdgcp/SourcePackages/checkouts/grpc-binary/openssl-grpc-Wrapper/include\ /Users/sunil/Library/Developer/Xcode/DerivedData/Yoga_of_Eating-ducgyjnlphnmtmcobbndvvbfdgcp/SourcePackages/checkouts/grpc-binary/grpc-Wrapper/include\ /Users/sunil/Library/Developer/Xcode/DerivedData/Yoga_of_Eating-ducgyjnlphnmtmcobbndvvbfdgcp/SourcePackages/checkouts/grpc-binary/grpcpp-Wrapper/include\ /Users/sunil/Library/Developer/Xcode/DerivedData/Yoga_of_Eating-ducgyjnlphnmtmcobbndvvbfdgcp/SourcePackages/checkouts/nanopb/spm_headers\ /Users/sunil/Library/Developer/Xcode/DerivedData/Yoga_of_Eating-ducgyjnlphnmtmcobbndvvbfdgcp/SourcePackages/checkouts/leveldb/include\ /Users/sunil/Library/Developer/Xcode/DerivedData/Yoga_of_Eating-ducgyjnlphnmtmcobbndvvbfdgcp/SourcePackages/checkouts/firebase-ios-sdk/FirebaseFirestoreInternal/.\ /Users/sunil/Library/Developer/Xcode/DerivedData/Yoga_of_Eating-ducgyjnlphnmtmcobbndvvbfdgcp/SourcePackages/checkouts/firebase-ios-sdk/SwiftPM-PlatformExclude/FirebaseFirestoreWrap/include\ /Users/sunil/Library/Developer/Xcode/DerivedData/Yoga_of_Eating-ducgyjnlphnmtmcobbndvvbfdgcp/SourcePackages/checkouts/firebase-ios-sdk/FirebaseMessaging/Interop/.\ /Users/sunil/Library/Developer/Xcode/DerivedData/Yoga_of_Eating-ducgyjnlphnmtmcobbndvvbfdgcp/SourcePackages/checkouts/interop-ios-for-google-sdks/RecaptchaEnterprise/RecaptchaInterop/Public\ /Users/sunil/Library/Developer/Xcode/DerivedData/Yoga_of_Eating-ducgyjnlphnmtmcobbndvvbfdgcp/SourcePackages/checkouts/GoogleUtilities/GoogleUtilities/Network/Public\ /Users/sunil/Library/Developer/Xcode/DerivedData/Yoga_of_Eating-ducgyjnlphnmtmcobbndvvbfdgcp/SourcePackages/checkouts/GoogleUtilities/GoogleUtilities/Reachability/Public\ /Users/sunil/Library/Developer/Xcode/DerivedData/Yoga_of_Eating-ducgyjnlphnmtmcobbndvvbfdgcp/SourcePackages/checkouts/GoogleUtilities/GoogleUtilities/NSData+zlib/Public\ /Users/sunil/Library/Developer/Xcode/DerivedData/Yoga_of_Eating-ducgyjnlphnmtmcobbndvvbfdgcp/SourcePackages/checkouts/GoogleUtilities/GoogleUtilities/AppDelegateSwizzler/Public\ /Users/sunil/Library/Developer/Xcode/DerivedData/Yoga_of_Eating-ducgyjnlphnmtmcobbndvvbfdgcp/SourcePackages/checkouts/firebase-ios-sdk/FirebaseCore/Extension/.\ /Users/sunil/Library/Developer/Xcode/DerivedData/Yoga_of_Eating-ducgyjnlphnmtmcobbndvvbfdgcp/SourcePackages/checkouts/firebase-ios-sdk/FirebaseCore/Sources/Public\ /Users/sunil/Library/Developer/Xcode/DerivedData/Yoga_of_Eating-ducgyjnlphnmtmcobbndvvbfdgcp/SourcePackages/checkouts/firebase-ios-sdk/CoreOnly/Sources/.\ /Users/sunil/Library/Developer/Xcode/DerivedData/Yoga_of_Eating-ducgyjnlphnmtmcobbndvvbfdgcp/SourcePackages/checkouts/firebase-ios-sdk/FirebaseAuth/Sources/Public\ /Users/sunil/Library/Developer/Xcode/DerivedData/Yoga_of_Eating-ducgyjnlphnmtmcobbndvvbfdgcp/SourcePackages/checkouts/firebase-ios-sdk/FirebaseAuth/Interop/Public\ /Users/sunil/Library/Developer/Xcode/DerivedData/Yoga_of_Eating-ducgyjnlphnmtmcobbndvvbfdgcp/SourcePackages/checkouts/firebase-ios-sdk/FirebaseAppCheck/Interop/Public\ /Users/sunil/Library/Developer/Xcode/DerivedData/Yoga_of_Eating-ducgyjnlphnmtmcobbndvvbfdgcp/SourcePackages/checkouts/AppAuth-iOS/Sources/AppAuth/.\ /Users/sunil/Library/Developer/Xcode/DerivedData/Yoga_of_Eating-ducgyjnlphnmtmcobbndvvbfdgcp/SourcePackages/checkouts/AppAuth-iOS/Sources/AppAuthCore/.\ /Users/sunil/Library/Developer/Xcode/DerivedData/Yoga_of_Eating-ducgyjnlphnmtmcobbndvvbfdgcp/SourcePackages/checkouts/promises/Sources/FBLPromises/include\ /Users/sunil/Library/Developer/Xcode/DerivedData/Yoga_of_Eating-ducgyjnlphnmtmcobbndvvbfdgcp/SourcePackages/checkouts/GoogleUtilities/GoogleUtilities/Logger/Public\ /Users/sunil/Library/Developer/Xcode/DerivedData/Yoga_of_Eating-ducgyjnlphnmtmcobbndvvbfdgcp/SourcePackages/checkouts/GoogleUtilities/GoogleUtilities/Environment/Public\ /Users/sunil/Library/Developer/Xcode/DerivedData/Yoga_of_Eating-ducgyjnlphnmtmcobbndvvbfdgcp/SourcePackages/checkouts/GoogleUtilities/third_party/IsAppEncrypted/Public\ /Users/sunil/Library/Developer/Xcode/DerivedData/Yoga_of_Eating-ducgyjnlphnmtmcobbndvvbfdgcp/SourcePackages/checkouts/GoogleUtilities/GoogleUtilities/UserDefaults/Public\ /Users/sunil/Library/Developer/Xcode/DerivedData/Yoga_of_Eating-ducgyjnlphnmtmcobbndvvbfdgcp/SourcePackages/checkouts/app-check/AppCheckCore/Sources/Public\ /Users/sunil/Library/Developer/Xcode/DerivedData/Yoga_of_Eating-ducgyjnlphnmtmcobbndvvbfdgcp/SourcePackages/checkouts/gtm-session-fetcher/Sources/Core/Public\ /Users/sunil/Library/Developer/Xcode/DerivedData/Yoga_of_Eating-ducgyjnlphnmtmcobbndvvbfdgcp/SourcePackages/checkouts/GoogleSignIn-iOS/GoogleSignIn/Sources/Public\ /Users/sunil/Library/Developer/Xcode/DerivedData/Yoga_of_Eating-ducgyjnlphnmtmcobbndvvbfdgcp/Build/Products/Debug-iphonesimulator/include\ 
    export HOME\=/Users/sunil
    export HOST_ARCH\=arm64
    export HOST_PLATFORM\=macosx
    export ICONV\=/usr/bin/iconv
    export IMPLICIT_DEPENDENCY_DOMAIN\=default
    export INDEX_STORE_COMPRESS\=NO
    export INDEX_STORE_ONLY_PROJECT_FILES\=NO
    export INFOPLIST_ENABLE_CFBUNDLEICONS_MERGE\=YES
    export INFOPLIST_EXPAND_BUILD_SETTINGS\=YES
    export INFOPLIST_FILE\=Info.plist
    export INFOPLIST_KEY_UIApplicationSceneManifest_Generation\=YES
    export INFOPLIST_KEY_UIApplicationSupportsIndirectInputEvents\=YES
    export INFOPLIST_KEY_UILaunchScreen_Generation\=YES
    export INFOPLIST_KEY_UIStatusBarStyle\=UIStatusBarStyleDefault
    export INFOPLIST_KEY_UISupportedInterfaceOrientations_iPad\=UIInterfaceOrientationPortrait\ UIInterfaceOrientationPortraitUpsideDown\ UIInterfaceOrientationLandscapeLeft\ UIInterfaceOrientationLandscapeRight
    export INFOPLIST_KEY_UISupportedInterfaceOrientations_iPhone\=UIInterfaceOrientationPortrait\ UIInterfaceOrientationPortraitUpsideDown\ UIInterfaceOrientationLandscapeLeft\ UIInterfaceOrientationLandscapeRight
    export INFOPLIST_OUTPUT_FORMAT\=binary
    export INFOPLIST_PATH\=Yoga\ of\ Eating.app/Info.plist
    export INFOPLIST_PREPROCESS\=NO
    export INFOSTRINGS_PATH\=Yoga\ of\ Eating.app/en.lproj/InfoPlist.strings
    export INLINE_PRIVATE_FRAMEWORKS\=NO
    export INSTALLAPI_IGNORE_SKIP_INSTALL\=YES
    export INSTALLHDRS_COPY_PHASE\=NO
    export INSTALLHDRS_SCRIPT_PHASE\=NO
    export INSTALL_DIR\=/tmp/Yoga\ of\ Eating.dst/Applications
    export INSTALL_GROUP\=staff
    export INSTALL_MODE_FLAG\=u+w,go-w,a+rX
    export INSTALL_OWNER\=sunil
    export INSTALL_PATH\=/Applications
    export INSTALL_ROOT\=/tmp/Yoga\ of\ Eating.dst
    export IPHONEOS_DEPLOYMENT_TARGET\=26.2
    export IS_UNOPTIMIZED_BUILD\=YES
    export JAVAC_DEFAULT_FLAGS\=-J-Xms64m\ -J-XX:NewSize\=4M\ -J-Dfile.encoding\=UTF8
    export JAVA_APP_STUB\=/System/Library/Frameworks/JavaVM.framework/Resources/MacOS/JavaApplicationStub
    export JAVA_ARCHIVE_CLASSES\=YES
    export JAVA_ARCHIVE_TYPE\=JAR
    export JAVA_COMPILER\=/usr/bin/javac
    export JAVA_FOLDER_PATH\=Yoga\ of\ Eating.app/Java
    export JAVA_FRAMEWORK_RESOURCES_DIRS\=Resources
    export JAVA_JAR_FLAGS\=cv
    export JAVA_SOURCE_SUBDIR\=.
    export JAVA_USE_DEPENDENCIES\=YES
    export JAVA_ZIP_FLAGS\=-urg
    export JIKES_DEFAULT_FLAGS\=+E\ +OLDCSO
    export KEEP_PRIVATE_EXTERNS\=NO
    export LD_DEPENDENCY_INFO_FILE\=/Users/sunil/Library/Developer/Xcode/DerivedData/Yoga_of_Eating-ducgyjnlphnmtmcobbndvvbfdgcp/Build/Intermediates.noindex/Yoga\ of\ Eating.build/Debug-iphonesimulator/Yoga\ of\ Eating.build/Objects-normal/undefined_arch/Yoga\ of\ Eating_dependency_info.dat
    export LD_ENTITLEMENTS_SECTION\=/Users/sunil/Library/Developer/Xcode/DerivedData/Yoga_of_Eating-ducgyjnlphnmtmcobbndvvbfdgcp/Build/Intermediates.noindex/Yoga\ of\ Eating.build/Debug-iphonesimulator/Yoga\ of\ Eating.build/Yoga\ of\ Eating.app-Simulated.xcent
    export LD_ENTITLEMENTS_SECTION_DER\=/Users/sunil/Library/Developer/Xcode/DerivedData/Yoga_of_Eating-ducgyjnlphnmtmcobbndvvbfdgcp/Build/Intermediates.noindex/Yoga\ of\ Eating.build/Debug-iphonesimulator/Yoga\ of\ Eating.build/Yoga\ of\ Eating.app-Simulated.xcent.der
    export LD_EXPORT_SYMBOLS\=YES
    export LD_GENERATE_MAP_FILE\=NO
    export LD_MAP_FILE_PATH\=/Users/sunil/Library/Developer/Xcode/DerivedData/Yoga_of_Eating-ducgyjnlphnmtmcobbndvvbfdgcp/Build/Intermediates.noindex/Yoga\ of\ Eating.build/Debug-iphonesimulator/Yoga\ of\ Eating.build/Yoga\ of\ Eating-LinkMap-normal-undefined_arch.txt
    export LD_NO_PIE\=NO
    export LD_QUOTE_LINKER_ARGUMENTS_FOR_COMPILER_DRIVER\=YES
    export LD_RUNPATH_SEARCH_PATHS\=/Users/sunil/Library/Developer/Xcode/DerivedData/Yoga_of_Eating-ducgyjnlphnmtmcobbndvvbfdgcp/Build/Products/Debug-iphonesimulator/PackageFrameworks\ /Users/sunil/Library/Developer/Xcode/DerivedData/Yoga_of_Eating-ducgyjnlphnmtmcobbndvvbfdgcp/Build/Products/Debug-iphonesimulator/PackageFrameworks\ /Users/sunil/Library/Developer/Xcode/DerivedData/Yoga_of_Eating-ducgyjnlphnmtmcobbndvvbfdgcp/Build/Products/Debug-iphonesimulator/PackageFrameworks\ /Users/sunil/Library/Developer/Xcode/DerivedData/Yoga_of_Eating-ducgyjnlphnmtmcobbndvvbfdgcp/Build/Products/Debug-iphonesimulator/PackageFrameworks\ /Users/sunil/Library/Developer/Xcode/DerivedData/Yoga_of_Eating-ducgyjnlphnmtmcobbndvvbfdgcp/Build/Products/Debug-iphonesimulator/PackageFrameworks\ /Users/sunil/Library/Developer/Xcode/DerivedData/Yoga_of_Eating-ducgyjnlphnmtmcobbndvvbfdgcp/Build/Products/Debug-iphonesimulator/PackageFrameworks\ /Users/sunil/Library/Developer/Xcode/DerivedData/Yoga_of_Eating-ducgyjnlphnmtmcobbndvvbfdgcp/Build/Products/Debug-iphonesimulator/PackageFrameworks\ /Users/sunil/Library/Developer/Xcode/DerivedData/Yoga_of_Eating-ducgyjnlphnmtmcobbndvvbfdgcp/Build/Products/Debug-iphonesimulator/PackageFrameworks\ /Users/sunil/Library/Developer/Xcode/DerivedData/Yoga_of_Eating-ducgyjnlphnmtmcobbndvvbfdgcp/Build/Products/Debug-iphonesimulator/PackageFrameworks\ /Users/sunil/Library/Developer/Xcode/DerivedData/Yoga_of_Eating-ducgyjnlphnmtmcobbndvvbfdgcp/Build/Products/Debug-iphonesimulator/PackageFrameworks\ /Users/sunil/Library/Developer/Xcode/DerivedData/Yoga_of_Eating-ducgyjnlphnmtmcobbndvvbfdgcp/Build/Products/Debug-iphonesimulator/PackageFrameworks\ /Users/sunil/Library/Developer/Xcode/DerivedData/Yoga_of_Eating-ducgyjnlphnmtmcobbndvvbfdgcp/Build/Products/Debug-iphonesimulator/PackageFrameworks\ /Users/sunil/Library/Developer/Xcode/DerivedData/Yoga_of_Eating-ducgyjnlphnmtmcobbndvvbfdgcp/Build/Products/Debug-iphonesimulator/PackageFrameworks\ /Users/sunil/Library/Developer/Xcode/DerivedData/Yoga_of_Eating-ducgyjnlphnmtmcobbndvvbfdgcp/Build/Products/Debug-iphonesimulator/PackageFrameworks\ /Users/sunil/Library/Developer/Xcode/DerivedData/Yoga_of_Eating-ducgyjnlphnmtmcobbndvvbfdgcp/Build/Products/Debug-iphonesimulator/PackageFrameworks\ /Users/sunil/Library/Developer/Xcode/DerivedData/Yoga_of_Eating-ducgyjnlphnmtmcobbndvvbfdgcp/Build/Products/Debug-iphonesimulator/PackageFrameworks\ /Users/sunil/Library/Developer/Xcode/DerivedData/Yoga_of_Eating-ducgyjnlphnmtmcobbndvvbfdgcp/Build/Products/Debug-iphonesimulator/PackageFrameworks\ /Users/sunil/Library/Developer/Xcode/DerivedData/Yoga_of_Eating-ducgyjnlphnmtmcobbndvvbfdgcp/Build/Products/Debug-iphonesimulator/PackageFrameworks\ /Users/sunil/Library/Developer/Xcode/DerivedData/Yoga_of_Eating-ducgyjnlphnmtmcobbndvvbfdgcp/Build/Products/Debug-iphonesimulator/PackageFrameworks\ /Users/sunil/Library/Developer/Xcode/DerivedData/Yoga_of_Eating-ducgyjnlphnmtmcobbndvvbfdgcp/Build/Products/Debug-iphonesimulator/PackageFrameworks\ /Users/sunil/Library/Developer/Xcode/DerivedData/Yoga_of_Eating-ducgyjnlphnmtmcobbndvvbfdgcp/Build/Products/Debug-iphonesimulator/PackageFrameworks\ /Users/sunil/Library/Developer/Xcode/DerivedData/Yoga_of_Eating-ducgyjnlphnmtmcobbndvvbfdgcp/Build/Products/Debug-iphonesimulator/PackageFrameworks\ /Users/sunil/Library/Developer/Xcode/DerivedData/Yoga_of_Eating-ducgyjnlphnmtmcobbndvvbfdgcp/Build/Products/Debug-iphonesimulator/PackageFrameworks\ /Users/sunil/Library/Developer/Xcode/DerivedData/Yoga_of_Eating-ducgyjnlphnmtmcobbndvvbfdgcp/Build/Products/Debug-iphonesimulator/PackageFrameworks\ /Users/sunil/Library/Developer/Xcode/DerivedData/Yoga_of_Eating-ducgyjnlphnmtmcobbndvvbfdgcp/Build/Products/Debug-iphonesimulator/PackageFrameworks\ /Users/sunil/Library/Developer/Xcode/DerivedData/Yoga_of_Eating-ducgyjnlphnmtmcobbndvvbfdgcp/Build/Products/Debug-iphonesimulator/PackageFrameworks\ /Users/sunil/Library/Developer/Xcode/DerivedData/Yoga_of_Eating-ducgyjnlphnmtmcobbndvvbfdgcp/Build/Products/Debug-iphonesimulator/PackageFrameworks\ /Users/sunil/Library/Developer/Xcode/DerivedData/Yoga_of_Eating-ducgyjnlphnmtmcobbndvvbfdgcp/Build/Products/Debug-iphonesimulator/PackageFrameworks\ /Users/sunil/Library/Developer/Xcode/DerivedData/Yoga_of_Eating-ducgyjnlphnmtmcobbndvvbfdgcp/Build/Products/Debug-iphonesimulator/PackageFrameworks\ /Users/sunil/Library/Developer/Xcode/DerivedData/Yoga_of_Eating-ducgyjnlphnmtmcobbndvvbfdgcp/Build/Products/Debug-iphonesimulator/PackageFrameworks\ /Users/sunil/Library/Developer/Xcode/DerivedData/Yoga_of_Eating-ducgyjnlphnmtmcobbndvvbfdgcp/Build/Products/Debug-iphonesimulator/PackageFrameworks\ /Users/sunil/Library/Developer/Xcode/DerivedData/Yoga_of_Eating-ducgyjnlphnmtmcobbndvvbfdgcp/Build/Products/Debug-iphonesimulator/PackageFrameworks\ /Users/sunil/Library/Developer/Xcode/DerivedData/Yoga_of_Eating-ducgyjnlphnmtmcobbndvvbfdgcp/Build/Products/Debug-iphonesimulator/PackageFrameworks\ /Users/sunil/Library/Developer/Xcode/DerivedData/Yoga_of_Eating-ducgyjnlphnmtmcobbndvvbfdgcp/Build/Products/Debug-iphonesimulator/PackageFrameworks\ /Users/sunil/Library/Developer/Xcode/DerivedData/Yoga_of_Eating-ducgyjnlphnmtmcobbndvvbfdgcp/Build/Products/Debug-iphonesimulator/PackageFrameworks\ /Users/sunil/Library/Developer/Xcode/DerivedData/Yoga_of_Eating-ducgyjnlphnmtmcobbndvvbfdgcp/Build/Products/Debug-iphonesimulator/PackageFrameworks\ /Users/sunil/Library/Developer/Xcode/DerivedData/Yoga_of_Eating-ducgyjnlphnmtmcobbndvvbfdgcp/Build/Products/Debug-iphonesimulator/PackageFrameworks\ /Users/sunil/Library/Developer/Xcode/DerivedData/Yoga_of_Eating-ducgyjnlphnmtmcobbndvvbfdgcp/Build/Products/Debug-iphonesimulator/PackageFrameworks\ /Users/sunil/Library/Developer/Xcode/DerivedData/Yoga_of_Eating-ducgyjnlphnmtmcobbndvvbfdgcp/Build/Products/Debug-iphonesimulator/PackageFrameworks\ @executable_path/Frameworks
    export LD_RUNPATH_SEARCH_PATHS_YES\=@loader_path/../Frameworks
    export LD_SHARED_CACHE_ELIGIBLE\=Automatic
    export LD_WARN_DUPLICATE_LIBRARIES\=NO
    export LD_WARN_UNUSED_DYLIBS\=NO
    export LEGACY_DEVELOPER_DIR\=/Applications/Xcode.app/Contents/PlugIns/Xcode3Core.ideplugin/Contents/SharedSupport/Developer
    export LEX\=lex
    export LIBRARY_DEXT_INSTALL_PATH\=/Library/DriverExtensions
    export LIBRARY_FLAG_NOSPACE\=YES
    export LIBRARY_FLAG_PREFIX\=-l
    export LIBRARY_KEXT_INSTALL_PATH\=/Library/Extensions
    export LIBRARY_SEARCH_PATHS\=/Users/sunil/Library/Developer/Xcode/DerivedData/Yoga_of_Eating-ducgyjnlphnmtmcobbndvvbfdgcp/Build/Products/Debug-iphonesimulator\ 
    export LINKER_DISPLAYS_MANGLED_NAMES\=NO
    export LINK_FILE_LIST_normal_arm64\=/Users/sunil/Library/Developer/Xcode/DerivedData/Yoga_of_Eating-ducgyjnlphnmtmcobbndvvbfdgcp/Build/Intermediates.noindex/Yoga\ of\ Eating.build/Debug-iphonesimulator/Yoga\ of\ Eating.build/Objects-normal/arm64/Yoga\ of\ Eating.LinkFileList
    export LINK_OBJC_RUNTIME\=YES
    export LINK_WITH_STANDARD_LIBRARIES\=YES
    export LLVM_TARGET_TRIPLE_OS_VERSION\=ios26.2
    export LLVM_TARGET_TRIPLE_SUFFIX\=-simulator
    export LLVM_TARGET_TRIPLE_VENDOR\=apple
    export LM_AUX_CONST_METADATA_LIST_PATH_normal_arm64\=/Users/sunil/Library/Developer/Xcode/DerivedData/Yoga_of_Eating-ducgyjnlphnmtmcobbndvvbfdgcp/Build/Intermediates.noindex/Yoga\ of\ Eating.build/Debug-iphonesimulator/Yoga\ of\ Eating.build/Objects-normal/arm64/Yoga\ of\ Eating.SwiftConstValuesFileList
    export LOCALIZATION_EXPORT_SUPPORTED\=YES
    export LOCALIZATION_PREFERS_STRING_CATALOGS\=YES
    export LOCALIZED_RESOURCES_FOLDER_PATH\=Yoga\ of\ Eating.app/en.lproj
    export LOCALIZED_STRING_CODE_COMMENTS\=NO
    export LOCALIZED_STRING_MACRO_NAMES\=NSLocalizedString\ CFCopyLocalizedString
    export LOCALIZED_STRING_SWIFTUI_SUPPORT\=YES
    export LOCAL_ADMIN_APPS_DIR\=/Applications/Utilities
    export LOCAL_APPS_DIR\=/Applications
    export LOCAL_DEVELOPER_DIR\=/Library/Developer
    export LOCAL_LIBRARY_DIR\=/Library
    export LOCROOT\=/Users/sunil/Downloads/YogaofEating
    export LOCSYMROOT\=/Users/sunil/Downloads/YogaofEating
    export MACH_O_TYPE\=mh_execute
    export MAC_OS_X_PRODUCT_BUILD_VERSION\=25F71
    export MAC_OS_X_VERSION_ACTUAL\=260500
    export MAC_OS_X_VERSION_MAJOR\=260000
    export MAC_OS_X_VERSION_MINOR\=260500
    export MAKE_MERGEABLE\=NO
    export MARKETING_VERSION\=1.0
    export MERGEABLE_LIBRARY\=NO
    export MERGED_BINARY_TYPE\=none
    export MERGE_LINKED_LIBRARIES\=NO
    export METAL_LIBRARY_FILE_BASE\=default
    export METAL_LIBRARY_OUTPUT_DIR\=/Users/sunil/Library/Developer/Xcode/DerivedData/Yoga_of_Eating-ducgyjnlphnmtmcobbndvvbfdgcp/Build/Products/Debug-iphonesimulator/Yoga\ of\ Eating.app
    export MODULES_FOLDER_PATH\=Yoga\ of\ Eating.app/Modules
    export MODULE_CACHE_DIR\=/Users/sunil/Library/Developer/Xcode/DerivedData/ModuleCache.noindex
    export MTL_ENABLE_DEBUG_INFO\=INCLUDE_SOURCE
    export MTL_FAST_MATH\=YES
    export NATIVE_ARCH\=arm64
    export NATIVE_ARCH_32_BIT\=arm
    export NATIVE_ARCH_64_BIT\=arm64
    export NATIVE_ARCH_ACTUAL\=arm64
    export NO_COMMON\=YES
    export OBJC_ABI_VERSION\=2
    export OBJECT_FILE_DIR\=/Users/sunil/Library/Developer/Xcode/DerivedData/Yoga_of_Eating-ducgyjnlphnmtmcobbndvvbfdgcp/Build/Intermediates.noindex/Yoga\ of\ Eating.build/Debug-iphonesimulator/Yoga\ of\ Eating.build/Objects
    export OBJECT_FILE_DIR_normal\=/Users/sunil/Library/Developer/Xcode/DerivedData/Yoga_of_Eating-ducgyjnlphnmtmcobbndvvbfdgcp/Build/Intermediates.noindex/Yoga\ of\ Eating.build/Debug-iphonesimulator/Yoga\ of\ Eating.build/Objects-normal
    export OBJROOT\=/Users/sunil/Library/Developer/Xcode/DerivedData/Yoga_of_Eating-ducgyjnlphnmtmcobbndvvbfdgcp/Build/Intermediates.noindex
    export ONLY_ACTIVE_ARCH\=YES
    export OS\=MACOS
    export OSAC\=/usr/bin/osacompile
    export OTHER_CFLAGS\=-fmodule-map-file\=/Users/sunil/Library/Developer/Xcode/DerivedData/Yoga_of_Eating-ducgyjnlphnmtmcobbndvvbfdgcp/Build/Intermediates.noindex/GeneratedModuleMaps-iphonesimulator/FirebaseAILogic.modulemap\ -fmodule-map-file\=/Users/sunil/Library/Developer/Xcode/DerivedData/Yoga_of_Eating-ducgyjnlphnmtmcobbndvvbfdgcp/Build/Intermediates.noindex/GeneratedModuleMaps-iphonesimulator/FirebaseAI.modulemap\ -fmodule-map-file\=/Users/sunil/Library/Developer/Xcode/DerivedData/Yoga_of_Eating-ducgyjnlphnmtmcobbndvvbfdgcp/Build/Intermediates.noindex/GeneratedModuleMaps-iphonesimulator/abslWrapper.modulemap\ -fmodule-map-file\=/Users/sunil/Library/Developer/Xcode/DerivedData/Yoga_of_Eating-ducgyjnlphnmtmcobbndvvbfdgcp/Build/Intermediates.noindex/GeneratedModuleMaps-iphonesimulator/opensslWrapper.modulemap\ -fmodule-map-file\=/Users/sunil/Library/Developer/Xcode/DerivedData/Yoga_of_Eating-ducgyjnlphnmtmcobbndvvbfdgcp/Build/Intermediates.noindex/GeneratedModuleMaps-iphonesimulator/grpcWrapper.modulemap\ -fmodule-map-file\=/Users/sunil/Library/Developer/Xcode/DerivedData/Yoga_of_Eating-ducgyjnlphnmtmcobbndvvbfdgcp/Build/Intermediates.noindex/GeneratedModuleMaps-iphonesimulator/grpcppWrapper.modulemap\ -fmodule-map-file\=/Users/sunil/Library/Developer/Xcode/DerivedData/Yoga_of_Eating-ducgyjnlphnmtmcobbndvvbfdgcp/Build/Intermediates.noindex/GeneratedModuleMaps-iphonesimulator/nanopb.modulemap\ -fmodule-map-file\=/Users/sunil/Library/Developer/Xcode/DerivedData/Yoga_of_Eating-ducgyjnlphnmtmcobbndvvbfdgcp/Build/Intermediates.noindex/GeneratedModuleMaps-iphonesimulator/leveldb.modulemap\ -fmodule-map-file\=/Users/sunil/Library/Developer/Xcode/DerivedData/Yoga_of_Eating-ducgyjnlphnmtmcobbndvvbfdgcp/Build/Intermediates.noindex/GeneratedModuleMaps-iphonesimulator/FirebaseFirestore.modulemap\ -fmodule-map-file\=/Users/sunil/Library/Developer/Xcode/DerivedData/Yoga_of_Eating-ducgyjnlphnmtmcobbndvvbfdgcp/Build/Intermediates.noindex/GeneratedModuleMaps-iphonesimulator/FirebaseFirestoreInternalWrapper.modulemap\ -fmodule-map-file\=/Users/sunil/Library/Developer/Xcode/DerivedData/Yoga_of_Eating-ducgyjnlphnmtmcobbndvvbfdgcp/Build/Intermediates.noindex/GeneratedModuleMaps-iphonesimulator/FirebaseFirestoreTarget.modulemap\ -fmodule-map-file\=/Users/sunil/Library/Developer/Xcode/DerivedData/Yoga_of_Eating-ducgyjnlphnmtmcobbndvvbfdgcp/Build/Intermediates.noindex/GeneratedModuleMaps-iphonesimulator/GoogleSignInSwift.modulemap\ -fmodule-map-file\=/Users/sunil/Library/Developer/Xcode/DerivedData/Yoga_of_Eating-ducgyjnlphnmtmcobbndvvbfdgcp/Build/Intermediates.noindex/GeneratedModuleMaps-iphonesimulator/FirebaseSharedSwift.modulemap\ -fmodule-map-file\=/Users/sunil/Library/Developer/Xcode/DerivedData/Yoga_of_Eating-ducgyjnlphnmtmcobbndvvbfdgcp/Build/Intermediates.noindex/GeneratedModuleMaps-iphonesimulator/FirebaseMessagingInterop.modulemap\ -fmodule-map-file\=/Users/sunil/Library/Developer/Xcode/DerivedData/Yoga_of_Eating-ducgyjnlphnmtmcobbndvvbfdgcp/Build/Intermediates.noindex/GeneratedModuleMaps-iphonesimulator/FirebaseFunctions.modulemap\ -fmodule-map-file\=/Users/sunil/Library/Developer/Xcode/DerivedData/Yoga_of_Eating-ducgyjnlphnmtmcobbndvvbfdgcp/Build/Intermediates.noindex/GeneratedModuleMaps-iphonesimulator/RecaptchaInterop.modulemap\ -fmodule-map-file\=/Users/sunil/Library/Developer/Xcode/DerivedData/Yoga_of_Eating-ducgyjnlphnmtmcobbndvvbfdgcp/Build/Intermediates.noindex/GeneratedModuleMaps-iphonesimulator/GoogleUtilities-Network.modulemap\ -fmodule-map-file\=/Users/sunil/Library/Developer/Xcode/DerivedData/Yoga_of_Eating-ducgyjnlphnmtmcobbndvvbfdgcp/Build/Intermediates.noindex/GeneratedModuleMaps-iphonesimulator/GoogleUtilities-Reachability.modulemap\ -fmodule-map-file\=/Users/sunil/Library/Developer/Xcode/DerivedData/Yoga_of_Eating-ducgyjnlphnmtmcobbndvvbfdgcp/Build/Intermediates.noindex/GeneratedModuleMaps-iphonesimulator/GoogleUtilities-NSData.modulemap\ -fmodule-map-file\=/Users/sunil/Library/Developer/Xcode/DerivedData/Yoga_of_Eating-ducgyjnlphnmtmcobbndvvbfdgcp/Build/Intermediates.noindex/GeneratedModuleMaps-iphonesimulator/GoogleUtilities-AppDelegateSwizzler.modulemap\ -fmodule-map-file\=/Users/sunil/Library/Developer/Xcode/DerivedData/Yoga_of_Eating-ducgyjnlphnmtmcobbndvvbfdgcp/Build/Intermediates.noindex/GeneratedModuleMaps-iphonesimulator/FirebaseCoreExtension.modulemap\ -fmodule-map-file\=/Users/sunil/Library/Developer/Xcode/DerivedData/Yoga_of_Eating-ducgyjnlphnmtmcobbndvvbfdgcp/Build/Intermediates.noindex/GeneratedModuleMaps-iphonesimulator/FirebaseCore.modulemap\ -fmodule-map-file\=/Users/sunil/Library/Developer/Xcode/DerivedData/Yoga_of_Eating-ducgyjnlphnmtmcobbndvvbfdgcp/Build/Intermediates.noindex/GeneratedModuleMaps-iphonesimulator/FirebaseCoreInternal.modulemap\ -fmodule-map-file\=/Users/sunil/Library/Developer/Xcode/DerivedData/Yoga_of_Eating-ducgyjnlphnmtmcobbndvvbfdgcp/Build/Intermediates.noindex/GeneratedModuleMaps-iphonesimulator/FirebaseAuthInternal.modulemap\ -fmodule-map-file\=/Users/sunil/Library/Developer/Xcode/DerivedData/Yoga_of_Eating-ducgyjnlphnmtmcobbndvvbfdgcp/Build/Intermediates.noindex/GeneratedModuleMaps-iphonesimulator/FirebaseAuthInterop.modulemap\ -fmodule-map-file\=/Users/sunil/Library/Developer/Xcode/DerivedData/Yoga_of_Eating-ducgyjnlphnmtmcobbndvvbfdgcp/Build/Intermediates.noindex/GeneratedModuleMaps-iphonesimulator/FirebaseAppCheckInterop.modulemap\ -fmodule-map-file\=/Users/sunil/Library/Developer/Xcode/DerivedData/Yoga_of_Eating-ducgyjnlphnmtmcobbndvvbfdgcp/Build/Intermediates.noindex/GeneratedModuleMaps-iphonesimulator/FirebaseAuth.modulemap\ -fmodule-map-file\=/Users/sunil/Library/Developer/Xcode/DerivedData/Yoga_of_Eating-ducgyjnlphnmtmcobbndvvbfdgcp/Build/Intermediates.noindex/GeneratedModuleMaps-iphonesimulator/AppAuth.modulemap\ -fmodule-map-file\=/Users/sunil/Library/Developer/Xcode/DerivedData/Yoga_of_Eating-ducgyjnlphnmtmcobbndvvbfdgcp/Build/Intermediates.noindex/GeneratedModuleMaps-iphonesimulator/AppAuthCore.modulemap\ -fmodule-map-file\=/Users/sunil/Library/Developer/Xcode/DerivedData/Yoga_of_Eating-ducgyjnlphnmtmcobbndvvbfdgcp/Build/Intermediates.noindex/GeneratedModuleMaps-iphonesimulator/GoogleUtilities-Logger.modulemap\ -fmodule-map-file\=/Users/sunil/Library/Developer/Xcode/DerivedData/Yoga_of_Eating-ducgyjnlphnmtmcobbndvvbfdgcp/Build/Intermediates.noindex/GeneratedModuleMaps-iphonesimulator/GoogleUtilities-Environment.modulemap\ -fmodule-map-file\=/Users/sunil/Library/Developer/Xcode/DerivedData/Yoga_of_Eating-ducgyjnlphnmtmcobbndvvbfdgcp/Build/Intermediates.noindex/GeneratedModuleMaps-iphonesimulator/third-party-IsAppEncrypted.modulemap\ -fmodule-map-file\=/Users/sunil/Library/Developer/Xcode/DerivedData/Yoga_of_Eating-ducgyjnlphnmtmcobbndvvbfdgcp/Build/Intermediates.noindex/GeneratedModuleMaps-iphonesimulator/GoogleUtilities-UserDefaults.modulemap\ -fmodule-map-file\=/Users/sunil/Library/Developer/Xcode/DerivedData/Yoga_of_Eating-ducgyjnlphnmtmcobbndvvbfdgcp/Build/Intermediates.noindex/GeneratedModuleMaps-iphonesimulator/AppCheckCore.modulemap\ -fmodule-map-file\=/Users/sunil/Library/Developer/Xcode/DerivedData/Yoga_of_Eating-ducgyjnlphnmtmcobbndvvbfdgcp/Build/Intermediates.noindex/GeneratedModuleMaps-iphonesimulator/GTMAppAuth.modulemap\ -fmodule-map-file\=/Users/sunil/Library/Developer/Xcode/DerivedData/Yoga_of_Eating-ducgyjnlphnmtmcobbndvvbfdgcp/Build/Intermediates.noindex/GeneratedModuleMaps-iphonesimulator/GTMSessionFetcherCore.modulemap\ -fmodule-map-file\=/Users/sunil/Library/Developer/Xcode/DerivedData/Yoga_of_Eating-ducgyjnlphnmtmcobbndvvbfdgcp/Build/Intermediates.noindex/GeneratedModuleMaps-iphonesimulator/GoogleSignIn.modulemap\ 
    export OTHER_CPLUSPLUSFLAGS\=-fmodule-map-file\=/Users/sunil/Library/Developer/Xcode/DerivedData/Yoga_of_Eating-ducgyjnlphnmtmcobbndvvbfdgcp/Build/Intermediates.noindex/GeneratedModuleMaps-iphonesimulator/FirebaseAILogic.modulemap\ -fmodule-map-file\=/Users/sunil/Library/Developer/Xcode/DerivedData/Yoga_of_Eating-ducgyjnlphnmtmcobbndvvbfdgcp/Build/Intermediates.noindex/GeneratedModuleMaps-iphonesimulator/FirebaseAI.modulemap\ -fmodule-map-file\=/Users/sunil/Library/Developer/Xcode/DerivedData/Yoga_of_Eating-ducgyjnlphnmtmcobbndvvbfdgcp/Build/Intermediates.noindex/GeneratedModuleMaps-iphonesimulator/abslWrapper.modulemap\ -fmodule-map-file\=/Users/sunil/Library/Developer/Xcode/DerivedData/Yoga_of_Eating-ducgyjnlphnmtmcobbndvvbfdgcp/Build/Intermediates.noindex/GeneratedModuleMaps-iphonesimulator/opensslWrapper.modulemap\ -fmodule-map-file\=/Users/sunil/Library/Developer/Xcode/DerivedData/Yoga_of_Eating-ducgyjnlphnmtmcobbndvvbfdgcp/Build/Intermediates.noindex/GeneratedModuleMaps-iphonesimulator/grpcWrapper.modulemap\ -fmodule-map-file\=/Users/sunil/Library/Developer/Xcode/DerivedData/Yoga_of_Eating-ducgyjnlphnmtmcobbndvvbfdgcp/Build/Intermediates.noindex/GeneratedModuleMaps-iphonesimulator/grpcppWrapper.modulemap\ -fmodule-map-file\=/Users/sunil/Library/Developer/Xcode/DerivedData/Yoga_of_Eating-ducgyjnlphnmtmcobbndvvbfdgcp/Build/Intermediates.noindex/GeneratedModuleMaps-iphonesimulator/nanopb.modulemap\ -fmodule-map-file\=/Users/sunil/Library/Developer/Xcode/DerivedData/Yoga_of_Eating-ducgyjnlphnmtmcobbndvvbfdgcp/Build/Intermediates.noindex/GeneratedModuleMaps-iphonesimulator/leveldb.modulemap\ -fmodule-map-file\=/Users/sunil/Library/Developer/Xcode/DerivedData/Yoga_of_Eating-ducgyjnlphnmtmcobbndvvbfdgcp/Build/Intermediates.noindex/GeneratedModuleMaps-iphonesimulator/FirebaseFirestore.modulemap\ -fmodule-map-file\=/Users/sunil/Library/Developer/Xcode/DerivedData/Yoga_of_Eating-ducgyjnlphnmtmcobbndvvbfdgcp/Build/Intermediates.noindex/GeneratedModuleMaps-iphonesimulator/FirebaseFirestoreInternalWrapper.modulemap\ -fmodule-map-file\=/Users/sunil/Library/Developer/Xcode/DerivedData/Yoga_of_Eating-ducgyjnlphnmtmcobbndvvbfdgcp/Build/Intermediates.noindex/GeneratedModuleMaps-iphonesimulator/FirebaseFirestoreTarget.modulemap\ -fmodule-map-file\=/Users/sunil/Library/Developer/Xcode/DerivedData/Yoga_of_Eating-ducgyjnlphnmtmcobbndvvbfdgcp/Build/Intermediates.noindex/GeneratedModuleMaps-iphonesimulator/GoogleSignInSwift.modulemap\ -fmodule-map-file\=/Users/sunil/Library/Developer/Xcode/DerivedData/Yoga_of_Eating-ducgyjnlphnmtmcobbndvvbfdgcp/Build/Intermediates.noindex/GeneratedModuleMaps-iphonesimulator/FirebaseSharedSwift.modulemap\ -fmodule-map-file\=/Users/sunil/Library/Developer/Xcode/DerivedData/Yoga_of_Eating-ducgyjnlphnmtmcobbndvvbfdgcp/Build/Intermediates.noindex/GeneratedModuleMaps-iphonesimulator/FirebaseMessagingInterop.modulemap\ -fmodule-map-file\=/Users/sunil/Library/Developer/Xcode/DerivedData/Yoga_of_Eating-ducgyjnlphnmtmcobbndvvbfdgcp/Build/Intermediates.noindex/GeneratedModuleMaps-iphonesimulator/FirebaseFunctions.modulemap\ -fmodule-map-file\=/Users/sunil/Library/Developer/Xcode/DerivedData/Yoga_of_Eating-ducgyjnlphnmtmcobbndvvbfdgcp/Build/Intermediates.noindex/GeneratedModuleMaps-iphonesimulator/RecaptchaInterop.modulemap\ -fmodule-map-file\=/Users/sunil/Library/Developer/Xcode/DerivedData/Yoga_of_Eating-ducgyjnlphnmtmcobbndvvbfdgcp/Build/Intermediates.noindex/GeneratedModuleMaps-iphonesimulator/GoogleUtilities-Network.modulemap\ -fmodule-map-file\=/Users/sunil/Library/Developer/Xcode/DerivedData/Yoga_of_Eating-ducgyjnlphnmtmcobbndvvbfdgcp/Build/Intermediates.noindex/GeneratedModuleMaps-iphonesimulator/GoogleUtilities-Reachability.modulemap\ -fmodule-map-file\=/Users/sunil/Library/Developer/Xcode/DerivedData/Yoga_of_Eating-ducgyjnlphnmtmcobbndvvbfdgcp/Build/Intermediates.noindex/GeneratedModuleMaps-iphonesimulator/GoogleUtilities-NSData.modulemap\ -fmodule-map-file\=/Users/sunil/Library/Developer/Xcode/DerivedData/Yoga_of_Eating-ducgyjnlphnmtmcobbndvvbfdgcp/Build/Intermediates.noindex/GeneratedModuleMaps-iphonesimulator/GoogleUtilities-AppDelegateSwizzler.modulemap\ -fmodule-map-file\=/Users/sunil/Library/Developer/Xcode/DerivedData/Yoga_of_Eating-ducgyjnlphnmtmcobbndvvbfdgcp/Build/Intermediates.noindex/GeneratedModuleMaps-iphonesimulator/FirebaseCoreExtension.modulemap\ -fmodule-map-file\=/Users/sunil/Library/Developer/Xcode/DerivedData/Yoga_of_Eating-ducgyjnlphnmtmcobbndvvbfdgcp/Build/Intermediates.noindex/GeneratedModuleMaps-iphonesimulator/FirebaseCore.modulemap\ -fmodule-map-file\=/Users/sunil/Library/Developer/Xcode/DerivedData/Yoga_of_Eating-ducgyjnlphnmtmcobbndvvbfdgcp/Build/Intermediates.noindex/GeneratedModuleMaps-iphonesimulator/FirebaseCoreInternal.modulemap\ -fmodule-map-file\=/Users/sunil/Library/Developer/Xcode/DerivedData/Yoga_of_Eating-ducgyjnlphnmtmcobbndvvbfdgcp/Build/Intermediates.noindex/GeneratedModuleMaps-iphonesimulator/FirebaseAuthInternal.modulemap\ -fmodule-map-file\=/Users/sunil/Library/Developer/Xcode/DerivedData/Yoga_of_Eating-ducgyjnlphnmtmcobbndvvbfdgcp/Build/Intermediates.noindex/GeneratedModuleMaps-iphonesimulator/FirebaseAuthInterop.modulemap\ -fmodule-map-file\=/Users/sunil/Library/Developer/Xcode/DerivedData/Yoga_of_Eating-ducgyjnlphnmtmcobbndvvbfdgcp/Build/Intermediates.noindex/GeneratedModuleMaps-iphonesimulator/FirebaseAppCheckInterop.modulemap\ -fmodule-map-file\=/Users/sunil/Library/Developer/Xcode/DerivedData/Yoga_of_Eating-ducgyjnlphnmtmcobbndvvbfdgcp/Build/Intermediates.noindex/GeneratedModuleMaps-iphonesimulator/FirebaseAuth.modulemap\ -fmodule-map-file\=/Users/sunil/Library/Developer/Xcode/DerivedData/Yoga_of_Eating-ducgyjnlphnmtmcobbndvvbfdgcp/Build/Intermediates.noindex/GeneratedModuleMaps-iphonesimulator/AppAuth.modulemap\ -fmodule-map-file\=/Users/sunil/Library/Developer/Xcode/DerivedData/Yoga_of_Eating-ducgyjnlphnmtmcobbndvvbfdgcp/Build/Intermediates.noindex/GeneratedModuleMaps-iphonesimulator/AppAuthCore.modulemap\ -fmodule-map-file\=/Users/sunil/Library/Developer/Xcode/DerivedData/Yoga_of_Eating-ducgyjnlphnmtmcobbndvvbfdgcp/Build/Intermediates.noindex/GeneratedModuleMaps-iphonesimulator/GoogleUtilities-Logger.modulemap\ -fmodule-map-file\=/Users/sunil/Library/Developer/Xcode/DerivedData/Yoga_of_Eating-ducgyjnlphnmtmcobbndvvbfdgcp/Build/Intermediates.noindex/GeneratedModuleMaps-iphonesimulator/GoogleUtilities-Environment.modulemap\ -fmodule-map-file\=/Users/sunil/Library/Developer/Xcode/DerivedData/Yoga_of_Eating-ducgyjnlphnmtmcobbndvvbfdgcp/Build/Intermediates.noindex/GeneratedModuleMaps-iphonesimulator/third-party-IsAppEncrypted.modulemap\ -fmodule-map-file\=/Users/sunil/Library/Developer/Xcode/DerivedData/Yoga_of_Eating-ducgyjnlphnmtmcobbndvvbfdgcp/Build/Intermediates.noindex/GeneratedModuleMaps-iphonesimulator/GoogleUtilities-UserDefaults.modulemap\ -fmodule-map-file\=/Users/sunil/Library/Developer/Xcode/DerivedData/Yoga_of_Eating-ducgyjnlphnmtmcobbndvvbfdgcp/Build/Intermediates.noindex/GeneratedModuleMaps-iphonesimulator/AppCheckCore.modulemap\ -fmodule-map-file\=/Users/sunil/Library/Developer/Xcode/DerivedData/Yoga_of_Eating-ducgyjnlphnmtmcobbndvvbfdgcp/Build/Intermediates.noindex/GeneratedModuleMaps-iphonesimulator/GTMAppAuth.modulemap\ -fmodule-map-file\=/Users/sunil/Library/Developer/Xcode/DerivedData/Yoga_of_Eating-ducgyjnlphnmtmcobbndvvbfdgcp/Build/Intermediates.noindex/GeneratedModuleMaps-iphonesimulator/GTMSessionFetcherCore.modulemap\ -fmodule-map-file\=/Users/sunil/Library/Developer/Xcode/DerivedData/Yoga_of_Eating-ducgyjnlphnmtmcobbndvvbfdgcp/Build/Intermediates.noindex/GeneratedModuleMaps-iphonesimulator/GoogleSignIn.modulemap\ 
    export OTHER_LDFLAGS\=-Wl,-no_warn_duplicate_libraries\ -Wl,-no_warn_duplicate_libraries\ -Wl,-no_warn_duplicate_libraries\ -Wl,-no_warn_duplicate_libraries\ -Wl,-no_warn_duplicate_libraries\ -Wl,-no_warn_duplicate_libraries\ -Wl,-no_warn_duplicate_libraries\ -lc++\ -Wl,-no_warn_duplicate_libraries\ -Wl,-no_warn_duplicate_libraries\ -Wl,-no_warn_duplicate_libraries\ -Wl,-no_warn_duplicate_libraries\ -Wl,-no_warn_duplicate_libraries\ -Wl,-no_warn_duplicate_libraries\ -Wl,-no_warn_duplicate_libraries\ -Wl,-no_warn_duplicate_libraries\ -Wl,-no_warn_duplicate_libraries\ -Wl,-no_warn_duplicate_libraries\ -Wl,-no_warn_duplicate_libraries\ -Wl,-no_warn_duplicate_libraries\ -Wl,-no_warn_duplicate_libraries\ -Wl,-no_warn_duplicate_libraries\ -Wl,-no_warn_duplicate_libraries\ -Wl,-no_warn_duplicate_libraries\ -Wl,-no_warn_duplicate_libraries\ -Wl,-no_warn_duplicate_libraries\ -Wl,-no_warn_duplicate_libraries\ -Wl,-no_warn_duplicate_libraries\ -Wl,-no_warn_duplicate_libraries\ -Wl,-no_warn_duplicate_libraries\ -Wl,-no_warn_duplicate_libraries\ -Wl,-no_warn_duplicate_libraries\ -Wl,-no_warn_duplicate_libraries\ -Wl,-no_warn_duplicate_libraries\ -Wl,-no_warn_duplicate_libraries\ -Wl,-no_warn_duplicate_libraries\ -Wl,-no_warn_duplicate_libraries\ -Wl,-no_warn_duplicate_libraries\ -Wl,-no_warn_duplicate_libraries\ -Wl,-no_warn_duplicate_libraries\ \ -framework\ CoreGraphics\ -framework\ CoreText\ -framework\ Foundation\ -framework\ LocalAuthentication\ -framework\ Security\ -framework\ UIKit\ -framework\ Security\ -framework\ DeviceCheck\ -framework\ Security\ -framework\ SafariServices\ -framework\ UIKit\ -lz\ -lc++\ -framework\ SystemConfiguration\ -framework\ UIKit
    export OTHER_SWIFT_FLAGS\=-Xcc\ -fmodule-map-file\=/Users/sunil/Library/Developer/Xcode/DerivedData/Yoga_of_Eating-ducgyjnlphnmtmcobbndvvbfdgcp/Build/Intermediates.noindex/GeneratedModuleMaps-iphonesimulator/abslWrapper.modulemap\ -Xcc\ -fmodule-map-file\=/Users/sunil/Library/Developer/Xcode/DerivedData/Yoga_of_Eating-ducgyjnlphnmtmcobbndvvbfdgcp/Build/Intermediates.noindex/GeneratedModuleMaps-iphonesimulator/opensslWrapper.modulemap\ -Xcc\ -fmodule-map-file\=/Users/sunil/Library/Developer/Xcode/DerivedData/Yoga_of_Eating-ducgyjnlphnmtmcobbndvvbfdgcp/Build/Intermediates.noindex/GeneratedModuleMaps-iphonesimulator/grpcWrapper.modulemap\ -Xcc\ -fmodule-map-file\=/Users/sunil/Library/Developer/Xcode/DerivedData/Yoga_of_Eating-ducgyjnlphnmtmcobbndvvbfdgcp/Build/Intermediates.noindex/GeneratedModuleMaps-iphonesimulator/grpcppWrapper.modulemap\ -Xcc\ -fmodule-map-file\=/Users/sunil/Library/Developer/Xcode/DerivedData/Yoga_of_Eating-ducgyjnlphnmtmcobbndvvbfdgcp/Build/Intermediates.noindex/GeneratedModuleMaps-iphonesimulator/nanopb.modulemap\ -Xcc\ -fmodule-map-file\=/Users/sunil/Library/Developer/Xcode/DerivedData/Yoga_of_Eating-ducgyjnlphnmtmcobbndvvbfdgcp/Build/Intermediates.noindex/GeneratedModuleMaps-iphonesimulator/leveldb.modulemap\ -Xcc\ -fmodule-map-file\=/Users/sunil/Library/Developer/Xcode/DerivedData/Yoga_of_Eating-ducgyjnlphnmtmcobbndvvbfdgcp/Build/Intermediates.noindex/GeneratedModuleMaps-iphonesimulator/FirebaseFirestoreInternalWrapper.modulemap\ -Xcc\ -fmodule-map-file\=/Users/sunil/Library/Developer/Xcode/DerivedData/Yoga_of_Eating-ducgyjnlphnmtmcobbndvvbfdgcp/Build/Intermediates.noindex/GeneratedModuleMaps-iphonesimulator/FirebaseFirestoreTarget.modulemap\ -Xcc\ -fmodule-map-file\=/Users/sunil/Library/Developer/Xcode/DerivedData/Yoga_of_Eating-ducgyjnlphnmtmcobbndvvbfdgcp/Build/Intermediates.noindex/GeneratedModuleMaps-iphonesimulator/FirebaseMessagingInterop.modulemap\ -Xcc\ -fmodule-map-file\=/Users/sunil/Library/Developer/Xcode/DerivedData/Yoga_of_Eating-ducgyjnlphnmtmcobbndvvbfdgcp/Build/Intermediates.noindex/GeneratedModuleMaps-iphonesimulator/RecaptchaInterop.modulemap\ -Xcc\ -fmodule-map-file\=/Users/sunil/Library/Developer/Xcode/DerivedData/Yoga_of_Eating-ducgyjnlphnmtmcobbndvvbfdgcp/Build/Intermediates.noindex/GeneratedModuleMaps-iphonesimulator/GoogleUtilities-Network.modulemap\ -Xcc\ -fmodule-map-file\=/Users/sunil/Library/Developer/Xcode/DerivedData/Yoga_of_Eating-ducgyjnlphnmtmcobbndvvbfdgcp/Build/Intermediates.noindex/GeneratedModuleMaps-iphonesimulator/GoogleUtilities-Reachability.modulemap\ -Xcc\ -fmodule-map-file\=/Users/sunil/Library/Developer/Xcode/DerivedData/Yoga_of_Eating-ducgyjnlphnmtmcobbndvvbfdgcp/Build/Intermediates.noindex/GeneratedModuleMaps-iphonesimulator/GoogleUtilities-NSData.modulemap\ -Xcc\ -fmodule-map-file\=/Users/sunil/Library/Developer/Xcode/DerivedData/Yoga_of_Eating-ducgyjnlphnmtmcobbndvvbfdgcp/Build/Intermediates.noindex/GeneratedModuleMaps-iphonesimulator/GoogleUtilities-AppDelegateSwizzler.modulemap\ -Xcc\ -fmodule-map-file\=/Users/sunil/Library/Developer/Xcode/DerivedData/Yoga_of_Eating-ducgyjnlphnmtmcobbndvvbfdgcp/Build/Intermediates.noindex/GeneratedModuleMaps-iphonesimulator/FirebaseCoreExtension.modulemap\ -Xcc\ -fmodule-map-file\=/Users/sunil/Library/Developer/Xcode/DerivedData/Yoga_of_Eating-ducgyjnlphnmtmcobbndvvbfdgcp/Build/Intermediates.noindex/GeneratedModuleMaps-iphonesimulator/FirebaseCore.modulemap\ -Xcc\ -fmodule-map-file\=/Users/sunil/Library/Developer/Xcode/DerivedData/Yoga_of_Eating-ducgyjnlphnmtmcobbndvvbfdgcp/Build/Intermediates.noindex/GeneratedModuleMaps-iphonesimulator/FirebaseAuthInternal.modulemap\ -Xcc\ -fmodule-map-file\=/Users/sunil/Library/Developer/Xcode/DerivedData/Yoga_of_Eating-ducgyjnlphnmtmcobbndvvbfdgcp/Build/Intermediates.noindex/GeneratedModuleMaps-iphonesimulator/FirebaseAuthInterop.modulemap\ -Xcc\ -fmodule-map-file\=/Users/sunil/Library/Developer/Xcode/DerivedData/Yoga_of_Eating-ducgyjnlphnmtmcobbndvvbfdgcp/Build/Intermediates.noindex/GeneratedModuleMaps-iphonesimulator/FirebaseAppCheckInterop.modulemap\ -Xcc\ -fmodule-map-file\=/Users/sunil/Library/Developer/Xcode/DerivedData/Yoga_of_Eating-ducgyjnlphnmtmcobbndvvbfdgcp/Build/Intermediates.noindex/GeneratedModuleMaps-iphonesimulator/AppAuth.modulemap\ -Xcc\ -fmodule-map-file\=/Users/sunil/Library/Developer/Xcode/DerivedData/Yoga_of_Eating-ducgyjnlphnmtmcobbndvvbfdgcp/Build/Intermediates.noindex/GeneratedModuleMaps-iphonesimulator/AppAuthCore.modulemap\ -Xcc\ -fmodule-map-file\=/Users/sunil/Library/Developer/Xcode/DerivedData/Yoga_of_Eating-ducgyjnlphnmtmcobbndvvbfdgcp/Build/Intermediates.noindex/GeneratedModuleMaps-iphonesimulator/GoogleUtilities-Logger.modulemap\ -Xcc\ -fmodule-map-file\=/Users/sunil/Library/Developer/Xcode/DerivedData/Yoga_of_Eating-ducgyjnlphnmtmcobbndvvbfdgcp/Build/Intermediates.noindex/GeneratedModuleMaps-iphonesimulator/GoogleUtilities-Environment.modulemap\ -Xcc\ -fmodule-map-file\=/Users/sunil/Library/Developer/Xcode/DerivedData/Yoga_of_Eating-ducgyjnlphnmtmcobbndvvbfdgcp/Build/Intermediates.noindex/GeneratedModuleMaps-iphonesimulator/third-party-IsAppEncrypted.modulemap\ -Xcc\ -fmodule-map-file\=/Users/sunil/Library/Developer/Xcode/DerivedData/Yoga_of_Eating-ducgyjnlphnmtmcobbndvvbfdgcp/Build/Intermediates.noindex/GeneratedModuleMaps-iphonesimulator/GoogleUtilities-UserDefaults.modulemap\ -Xcc\ -fmodule-map-file\=/Users/sunil/Library/Developer/Xcode/DerivedData/Yoga_of_Eating-ducgyjnlphnmtmcobbndvvbfdgcp/Build/Intermediates.noindex/GeneratedModuleMaps-iphonesimulator/AppCheckCore.modulemap\ -Xcc\ -fmodule-map-file\=/Users/sunil/Library/Developer/Xcode/DerivedData/Yoga_of_Eating-ducgyjnlphnmtmcobbndvvbfdgcp/Build/Intermediates.noindex/GeneratedModuleMaps-iphonesimulator/GTMSessionFetcherCore.modulemap\ -Xcc\ -fmodule-map-file\=/Users/sunil/Library/Developer/Xcode/DerivedData/Yoga_of_Eating-ducgyjnlphnmtmcobbndvvbfdgcp/Build/Intermediates.noindex/GeneratedModuleMaps-iphonesimulator/GoogleSignIn.modulemap\ 
    export PACKAGE_TYPE\=com.apple.package-type.wrapper.application
    export PASCAL_STRINGS\=YES
    export PATH\=/Applications/Xcode.app/Contents/SharedFrameworks/SwiftBuild.framework/Versions/A/PlugIns/SWBBuildService.bundle/Contents/PlugIns/SWBUniversalPlatformPlugin.bundle/Contents/Frameworks/SWBUniversalPlatform.framework/Resources:/Applications/Xcode.app/Contents/Developer/Toolchains/XcodeDefault.xctoolchain/usr/bin:/Applications/Xcode.app/Contents/Developer/Toolchains/XcodeDefault.xctoolchain/usr/local/bin:/Applications/Xcode.app/Contents/Developer/Toolchains/XcodeDefault.xctoolchain/usr/libexec:/Applications/Xcode.app/Contents/Developer/Platforms/iPhoneSimulator.platform/usr/bin:/Applications/Xcode.app/Contents/Developer/Platforms/iPhoneSimulator.platform/usr/local/bin:/Applications/Xcode.app/Contents/Developer/Platforms/iPhoneSimulator.platform/Developer/usr/bin:/Applications/Xcode.app/Contents/Developer/Platforms/iPhoneSimulator.platform/Developer/usr/local/bin:/Applications/Xcode.app/Contents/Developer/usr/bin:/Applications/Xcode.app/Contents/Developer/usr/local/bin:/opt/homebrew/opt/openjdk@21/libexec/openjdk.jdk/Contents/Home/bin:/Users/sunil/.npm-global/bin:/Users/sunil/.antigravity/antigravity/bin:/Users/sunil/.local/bin:/Users/sunil/Library/Android/sdk/platform-tools:/opt/homebrew/opt/openjdk@17/bin:/Users/sunil/Library/Application\ Support/Code/User/globalStorage/github.copilot-chat/debugCommand:/Users/sunil/Library/Application\ Support/Code/User/globalStorage/github.copilot-chat/copilotCli:/opt/homebrew/bin:/opt/homebrew/sbin:/usr/local/bin:/System/Cryptexes/App/usr/bin:/usr/bin:/bin:/usr/sbin:/sbin:/var/run/com.apple.security.cryptexd/codex.system/bootstrap/usr/local/bin:/var/run/com.apple.security.cryptexd/codex.system/bootstrap/usr/bin:/var/run/com.apple.security.cryptexd/codex.system/bootstrap/usr/appleinternal/bin:/pkg/env/global/bin:/Library/Apple/usr/bin:/Users/sunil/.swiftly/bin
    export PATH_PREFIXES_EXCLUDED_FROM_HEADER_DEPENDENCIES\=/usr/include\ /usr/local/include\ /System/Library/Frameworks\ /System/Library/PrivateFrameworks\ /Applications/Xcode.app/Contents/Developer/Headers\ /Applications/Xcode.app/Contents/Developer/SDKs\ /Applications/Xcode.app/Contents/Developer/Platforms
    export PBDEVELOPMENTPLIST_PATH\=Yoga\ of\ Eating.app/pbdevelopment.plist
    export PER_ARCH_MODULE_FILE_DIR\=/Users/sunil/Library/Developer/Xcode/DerivedData/Yoga_of_Eating-ducgyjnlphnmtmcobbndvvbfdgcp/Build/Intermediates.noindex/Yoga\ of\ Eating.build/Debug-iphonesimulator/Yoga\ of\ Eating.build/Objects-normal/undefined_arch
    export PER_ARCH_OBJECT_FILE_DIR\=/Users/sunil/Library/Developer/Xcode/DerivedData/Yoga_of_Eating-ducgyjnlphnmtmcobbndvvbfdgcp/Build/Intermediates.noindex/Yoga\ of\ Eating.build/Debug-iphonesimulator/Yoga\ of\ Eating.build/Objects-normal/undefined_arch
    export PER_VARIANT_OBJECT_FILE_DIR\=/Users/sunil/Library/Developer/Xcode/DerivedData/Yoga_of_Eating-ducgyjnlphnmtmcobbndvvbfdgcp/Build/Intermediates.noindex/Yoga\ of\ Eating.build/Debug-iphonesimulator/Yoga\ of\ Eating.build/Objects-normal
    export PKGINFO_FILE_PATH\=/Users/sunil/Library/Developer/Xcode/DerivedData/Yoga_of_Eating-ducgyjnlphnmtmcobbndvvbfdgcp/Build/Intermediates.noindex/Yoga\ of\ Eating.build/Debug-iphonesimulator/Yoga\ of\ Eating.build/PkgInfo
    export PKGINFO_PATH\=Yoga\ of\ Eating.app/PkgInfo
    export PLATFORM_DEVELOPER_APPLICATIONS_DIR\=/Applications/Xcode.app/Contents/Developer/Platforms/iPhoneSimulator.platform/Developer/Applications
    export PLATFORM_DEVELOPER_BIN_DIR\=/Applications/Xcode.app/Contents/Developer/Platforms/iPhoneSimulator.platform/Developer/usr/bin
    export PLATFORM_DEVELOPER_LIBRARY_DIR\=/Applications/Xcode.app/Contents/Developer/Platforms/iPhoneSimulator.platform/Developer/Library
    export PLATFORM_DEVELOPER_SDK_DIR\=/Applications/Xcode.app/Contents/Developer/Platforms/iPhoneSimulator.platform/Developer/SDKs
    export PLATFORM_DEVELOPER_TOOLS_DIR\=/Applications/Xcode.app/Contents/Developer/Platforms/iPhoneSimulator.platform/Developer/Tools
    export PLATFORM_DEVELOPER_USR_DIR\=/Applications/Xcode.app/Contents/Developer/Platforms/iPhoneSimulator.platform/Developer/usr
    export PLATFORM_DIR\=/Applications/Xcode.app/Contents/Developer/Platforms/iPhoneSimulator.platform
    export PLATFORM_DISPLAY_NAME\=iOS\ Simulator
    export PLATFORM_FAMILY_NAME\=iOS
    export PLATFORM_NAME\=iphonesimulator
    export PLATFORM_PREFERRED_ARCH\=x86_64
    export PLATFORM_PRODUCT_BUILD_VERSION\=23F73
    export PLATFORM_REQUIRES_SWIFT_AUTOLINK_EXTRACT\=NO
    export PLATFORM_REQUIRES_SWIFT_MODULEWRAP\=NO
    export PLATFORM_USES_DSYMS\=YES
    export PLIST_FILE_OUTPUT_FORMAT\=binary
    export PLUGINS_FOLDER_PATH\=Yoga\ of\ Eating.app/PlugIns
    export PRECOMPS_INCLUDE_HEADERS_FROM_BUILT_PRODUCTS_DIR\=YES
    export PRECOMP_DESTINATION_DIR\=/Users/sunil/Library/Developer/Xcode/DerivedData/Yoga_of_Eating-ducgyjnlphnmtmcobbndvvbfdgcp/Build/Intermediates.noindex/Yoga\ of\ Eating.build/Debug-iphonesimulator/Yoga\ of\ Eating.build/PrefixHeaders
    export PRIVATE_HEADERS_FOLDER_PATH\=Yoga\ of\ Eating.app/PrivateHeaders
    export PROCESSED_INFOPLIST_PATH\=/Users/sunil/Library/Developer/Xcode/DerivedData/Yoga_of_Eating-ducgyjnlphnmtmcobbndvvbfdgcp/Build/Intermediates.noindex/Yoga\ of\ Eating.build/Debug-iphonesimulator/Yoga\ of\ Eating.build/Objects-normal/undefined_arch/Processed-Info.plist
    export PRODUCT_BUNDLE_IDENTIFIER\=com.yogaofeating.Yoga-of-Eating
    export PRODUCT_BUNDLE_PACKAGE_TYPE\=APPL
    export PRODUCT_MODULE_NAME\=Yoga_of_Eating
    export PRODUCT_NAME\=Yoga\ of\ Eating
    export PRODUCT_SETTINGS_PATH\=/Users/sunil/Downloads/YogaofEating/Info.plist
    export PRODUCT_TYPE\=com.apple.product-type.application
    export PROFILING_CODE\=NO
    export PROJECT\=Yoga\ of\ Eating
    export PROJECT_DERIVED_FILE_DIR\=/Users/sunil/Library/Developer/Xcode/DerivedData/Yoga_of_Eating-ducgyjnlphnmtmcobbndvvbfdgcp/Build/Intermediates.noindex/Yoga\ of\ Eating.build/DerivedSources
    export PROJECT_DIR\=/Users/sunil/Downloads/YogaofEating
    export PROJECT_FILE_PATH\=/Users/sunil/Downloads/YogaofEating/Yoga\ of\ Eating.xcodeproj
    export PROJECT_GUID\=6ec78203e59d38cc8c9128f746e6b456
    export PROJECT_NAME\=Yoga\ of\ Eating
    export PROJECT_TEMP_DIR\=/Users/sunil/Library/Developer/Xcode/DerivedData/Yoga_of_Eating-ducgyjnlphnmtmcobbndvvbfdgcp/Build/Intermediates.noindex/Yoga\ of\ Eating.build
    export PROJECT_TEMP_ROOT\=/Users/sunil/Library/Developer/Xcode/DerivedData/Yoga_of_Eating-ducgyjnlphnmtmcobbndvvbfdgcp/Build/Intermediates.noindex
    export PROVISIONING_PROFILE_REQUIRED\=NO
    export PROVISIONING_PROFILE_REQUIRED_YES_YES\=YES
    export PROVISIONING_PROFILE_SUPPORTED\=YES
    export PUBLIC_HEADERS_FOLDER_PATH\=Yoga\ of\ Eating.app/Headers
    export RECOMMENDED_IPHONEOS_DEPLOYMENT_TARGET\=15.0
    export RECURSIVE_SEARCH_PATHS_FOLLOW_SYMLINKS\=YES
    export REGISTER_APP_GROUPS\=YES
    export REMOVE_CVS_FROM_RESOURCES\=YES
    export REMOVE_GIT_FROM_RESOURCES\=YES
    export REMOVE_HEADERS_FROM_EMBEDDED_BUNDLES\=YES
    export REMOVE_HG_FROM_RESOURCES\=YES
    export REMOVE_STATIC_EXECUTABLES_FROM_EMBEDDED_BUNDLES\=YES
    export REMOVE_SVN_FROM_RESOURCES\=YES
    export RESCHEDULE_INDEPENDENT_HEADERS_PHASES\=YES
    export REZ_COLLECTOR_DIR\=/Users/sunil/Library/Developer/Xcode/DerivedData/Yoga_of_Eating-ducgyjnlphnmtmcobbndvvbfdgcp/Build/Intermediates.noindex/Yoga\ of\ Eating.build/Debug-iphonesimulator/Yoga\ of\ Eating.build/ResourceManagerResources
    export REZ_OBJECTS_DIR\=/Users/sunil/Library/Developer/Xcode/DerivedData/Yoga_of_Eating-ducgyjnlphnmtmcobbndvvbfdgcp/Build/Intermediates.noindex/Yoga\ of\ Eating.build/Debug-iphonesimulator/Yoga\ of\ Eating.build/ResourceManagerResources/Objects
    export REZ_SEARCH_PATHS\=/Users/sunil/Library/Developer/Xcode/DerivedData/Yoga_of_Eating-ducgyjnlphnmtmcobbndvvbfdgcp/Build/Products/Debug-iphonesimulator\ 
    export RPATH_ORIGIN\=@loader_path
    export RUNTIME_EXCEPTION_ALLOW_DYLD_ENVIRONMENT_VARIABLES\=NO
    export RUNTIME_EXCEPTION_ALLOW_JIT\=NO
    export RUNTIME_EXCEPTION_ALLOW_UNSIGNED_EXECUTABLE_MEMORY\=NO
    export RUNTIME_EXCEPTION_DEBUGGING_TOOL\=NO
    export RUNTIME_EXCEPTION_DISABLE_EXECUTABLE_PAGE_PROTECTION\=NO
    export RUNTIME_EXCEPTION_DISABLE_LIBRARY_VALIDATION\=NO
    export SCANNING_PCM_KEEP_CACHE_DIRECTORY\=YES
    export SCAN_ALL_SOURCE_FILES_FOR_INCLUDES\=NO
    export SCRIPTS_FOLDER_PATH\=Yoga\ of\ Eating.app/Scripts
    export SCRIPT_INPUT_FILE_COUNT\=0
    export SCRIPT_INPUT_FILE_LIST_COUNT\=0
    export SCRIPT_OUTPUT_FILE_COUNT\=0
    export SCRIPT_OUTPUT_FILE_LIST_COUNT\=0
    export SDKROOT\=/Applications/Xcode.app/Contents/Developer/Platforms/iPhoneSimulator.platform/Developer/SDKs/iPhoneSimulator26.5.sdk
    export SDK_DIR\=/Applications/Xcode.app/Contents/Developer/Platforms/iPhoneSimulator.platform/Developer/SDKs/iPhoneSimulator26.5.sdk
    export SDK_DIR_iphonesimulator\=/Applications/Xcode.app/Contents/Developer/Platforms/iPhoneSimulator.platform/Developer/SDKs/iPhoneSimulator26.5.sdk
    export SDK_DIR_iphonesimulator26_5\=/Applications/Xcode.app/Contents/Developer/Platforms/iPhoneSimulator.platform/Developer/SDKs/iPhoneSimulator26.5.sdk
    export SDK_NAME\=iphonesimulator26.5
    export SDK_NAMES\=iphonesimulator26.5
    export SDK_PRODUCT_BUILD_VERSION\=23F73
    export SDK_STAT_CACHE_DIR\=/Users/sunil/Library/Developer/Xcode/DerivedData
    export SDK_STAT_CACHE_ENABLE\=YES
    export SDK_STAT_CACHE_PATH\=/Users/sunil/Library/Developer/Xcode/DerivedData/SDKStatCaches.noindex/iphonesimulator26.5-23F73-6cfe768891a92b912361537c460fe42b.sdkstatcache
    export SDK_VERSION\=26.5
    export SDK_VERSION_ACTUAL\=260500
    export SDK_VERSION_MAJOR\=260000
    export SDK_VERSION_MINOR\=260500
    export SED\=/usr/bin/sed
    export SEPARATE_STRIP\=NO
    export SEPARATE_SYMBOL_EDIT\=NO
    export SET_DIR_MODE_OWNER_GROUP\=YES
    export SET_FILE_MODE_OWNER_GROUP\=NO
    export SHALLOW_BUNDLE\=YES
    export SHALLOW_BUNDLE_TRIPLE\=ios-simulator
    export SHALLOW_BUNDLE_ios_macabi\=NO
    export SHALLOW_BUNDLE_macos\=NO
    export SHARED_DERIVED_FILE_DIR\=/Users/sunil/Library/Developer/Xcode/DerivedData/Yoga_of_Eating-ducgyjnlphnmtmcobbndvvbfdgcp/Build/Products/Debug-iphonesimulator/DerivedSources
    export SHARED_FRAMEWORKS_FOLDER_PATH\=Yoga\ of\ Eating.app/SharedFrameworks
    export SHARED_PRECOMPS_DIR\=/Users/sunil/Library/Developer/Xcode/DerivedData/Yoga_of_Eating-ducgyjnlphnmtmcobbndvvbfdgcp/Build/Intermediates.noindex/PrecompiledHeaders
    export SHARED_SUPPORT_FOLDER_PATH\=Yoga\ of\ Eating.app/SharedSupport
    export SKIP_INSTALL\=NO
    export SKIP_MERGEABLE_LIBRARY_BUNDLE_HOOK\=NO
    export SOURCE_ROOT\=/Users/sunil/Downloads/YogaofEating
    export SRCROOT\=/Users/sunil/Downloads/YogaofEating
    export STRINGSDATA_DIR\=/Users/sunil/Library/Developer/Xcode/DerivedData/Yoga_of_Eating-ducgyjnlphnmtmcobbndvvbfdgcp/Build/Intermediates.noindex/Yoga\ of\ Eating.build/Debug-iphonesimulator/Yoga\ of\ Eating.build/Objects-normal/undefined_arch
    export STRINGSDATA_ROOT\=/Users/sunil/Library/Developer/Xcode/DerivedData/Yoga_of_Eating-ducgyjnlphnmtmcobbndvvbfdgcp/Build/Intermediates.noindex/Yoga\ of\ Eating.build/Debug-iphonesimulator/Yoga\ of\ Eating.build
    export STRINGS_FILE_INFOPLIST_RENAME\=YES
    export STRINGS_FILE_OUTPUT_ENCODING\=binary
    export STRING_CATALOG_GENERATE_SYMBOLS\=YES
    export STRIP_BITCODE_FROM_COPIED_FILES\=NO
    export STRIP_INSTALLED_PRODUCT\=NO
    export STRIP_STYLE\=all
    export STRIP_SWIFT_SYMBOLS\=YES
    export SUPPORTED_DEVICE_FAMILIES\=1,2
    export SUPPORTED_PLATFORMS\=iphoneos\ iphonesimulator\ macosx\ xros\ xrsimulator
    export SUPPORTS_MACCATALYST\=NO
    export SUPPORTS_ON_DEMAND_RESOURCES\=YES
    export SUPPORTS_TEXT_BASED_API\=NO
    export SUPPRESS_WARNINGS\=NO
    export SWIFT_ACTIVE_COMPILATION_CONDITIONS\=DEBUG\ 
    export SWIFT_APPROACHABLE_CONCURRENCY\=YES
    export SWIFT_DEFAULT_ACTOR_ISOLATION\=MainActor
    export SWIFT_EMIT_CONST_VALUE_PROTOCOLS\=AnyResolverProviding\ AppEntity\ AppEnum\ AppExtension\ AppIntent\ AppIntentsPackage\ AppShortcutProviding\ AppShortcutsProvider\ AppUnionValue\ AppUnionValueCasesProviding\ DynamicOptionsProvider\ EntityQuery\ ExtensionPointDefining\ IntentValueQuery\ Resolver\ TransientEntity\ _AssistantIntentsProvider\ _GenerativeFunctionExtractable\ _IntentValueRepresentable
    export SWIFT_EMIT_LOC_STRINGS\=YES
    export SWIFT_ENABLE_EXPLICIT_MODULES\=YES
    export SWIFT_OPTIMIZATION_LEVEL\=-Onone
    export SWIFT_PLATFORM_TARGET_PREFIX\=ios
    export SWIFT_RESPONSE_FILE_PATH_normal_arm64\=/Users/sunil/Library/Developer/Xcode/DerivedData/Yoga_of_Eating-ducgyjnlphnmtmcobbndvvbfdgcp/Build/Intermediates.noindex/Yoga\ of\ Eating.build/Debug-iphonesimulator/Yoga\ of\ Eating.build/Objects-normal/arm64/Yoga\ of\ Eating.SwiftFileList
    export SWIFT_UPCOMING_FEATURE_MEMBER_IMPORT_VISIBILITY\=YES
    export SWIFT_VERSION\=5.0
    export SYMROOT\=/Users/sunil/Library/Developer/Xcode/DerivedData/Yoga_of_Eating-ducgyjnlphnmtmcobbndvvbfdgcp/Build/Products
    export SYSTEM_ADMIN_APPS_DIR\=/Applications/Utilities
    export SYSTEM_APPS_DIR\=/Applications
    export SYSTEM_CORE_SERVICES_DIR\=/System/Library/CoreServices
    export SYSTEM_DEMOS_DIR\=/Applications/Extras
    export SYSTEM_DEVELOPER_APPS_DIR\=/Applications/Xcode.app/Contents/Developer/Applications
    export SYSTEM_DEVELOPER_BIN_DIR\=/Applications/Xcode.app/Contents/Developer/usr/bin
    export SYSTEM_DEVELOPER_DEMOS_DIR\=/Applications/Xcode.app/Contents/Developer/Applications/Utilities/Built\ Examples
    export SYSTEM_DEVELOPER_DIR\=/Applications/Xcode.app/Contents/Developer
    export SYSTEM_DEVELOPER_DOC_DIR\=/Applications/Xcode.app/Contents/Developer/ADC\ Reference\ Library
    export SYSTEM_DEVELOPER_GRAPHICS_TOOLS_DIR\=/Applications/Xcode.app/Contents/Developer/Applications/Graphics\ Tools
    export SYSTEM_DEVELOPER_JAVA_TOOLS_DIR\=/Applications/Xcode.app/Contents/Developer/Applications/Java\ Tools
    export SYSTEM_DEVELOPER_PERFORMANCE_TOOLS_DIR\=/Applications/Xcode.app/Contents/Developer/Applications/Performance\ Tools
    export SYSTEM_DEVELOPER_RELEASENOTES_DIR\=/Applications/Xcode.app/Contents/Developer/ADC\ Reference\ Library/releasenotes
    export SYSTEM_DEVELOPER_TOOLS\=/Applications/Xcode.app/Contents/Developer/Tools
    export SYSTEM_DEVELOPER_TOOLS_DOC_DIR\=/Applications/Xcode.app/Contents/Developer/ADC\ Reference\ Library/documentation/DeveloperTools
    export SYSTEM_DEVELOPER_TOOLS_RELEASENOTES_DIR\=/Applications/Xcode.app/Contents/Developer/ADC\ Reference\ Library/releasenotes/DeveloperTools
    export SYSTEM_DEVELOPER_USR_DIR\=/Applications/Xcode.app/Contents/Developer/usr
    export SYSTEM_DEVELOPER_UTILITIES_DIR\=/Applications/Xcode.app/Contents/Developer/Applications/Utilities
    export SYSTEM_DEXT_INSTALL_PATH\=/System/Library/DriverExtensions
    export SYSTEM_DOCUMENTATION_DIR\=/Library/Documentation
    export SYSTEM_EXTENSIONS_FOLDER_PATH\=Yoga\ of\ Eating.app/SystemExtensions
    export SYSTEM_EXTENSIONS_FOLDER_PATH_SHALLOW_BUNDLE_NO\=Yoga\ of\ Eating.app/Library/SystemExtensions
    export SYSTEM_EXTENSIONS_FOLDER_PATH_SHALLOW_BUNDLE_YES\=Yoga\ of\ Eating.app/SystemExtensions
    export SYSTEM_KEXT_INSTALL_PATH\=/System/Library/Extensions
    export SYSTEM_LIBRARY_DIR\=/System/Library
    export TAPI_DEMANGLE\=YES
    export TAPI_ENABLE_PROJECT_HEADERS\=NO
    export TAPI_LANGUAGE\=objective-c
    export TAPI_LANGUAGE_STANDARD\=compiler-default
    export TAPI_USE_SRCROOT\=YES
    export TAPI_VERIFY_MODE\=Pedantic
    export TARGETED_DEVICE_FAMILY\=1,2,7
    export TARGETNAME\=Yoga\ of\ Eating
    export TARGET_BUILD_DIR\=/Users/sunil/Library/Developer/Xcode/DerivedData/Yoga_of_Eating-ducgyjnlphnmtmcobbndvvbfdgcp/Build/Products/Debug-iphonesimulator
    export TARGET_DEVICE_IDENTIFIER\=0F23C23C-3966-4E21-AA7A-858ADAA4B3DF
    export TARGET_DEVICE_MODEL\=iPhone18,3
    export TARGET_DEVICE_OS_VERSION\=26.4.1
    export TARGET_DEVICE_PLATFORM_NAME\=iphonesimulator
    export TARGET_NAME\=Yoga\ of\ Eating
    export TARGET_TEMP_DIR\=/Users/sunil/Library/Developer/Xcode/DerivedData/Yoga_of_Eating-ducgyjnlphnmtmcobbndvvbfdgcp/Build/Intermediates.noindex/Yoga\ of\ Eating.build/Debug-iphonesimulator/Yoga\ of\ Eating.build
    export TEMP_DIR\=/Users/sunil/Library/Developer/Xcode/DerivedData/Yoga_of_Eating-ducgyjnlphnmtmcobbndvvbfdgcp/Build/Intermediates.noindex/Yoga\ of\ Eating.build/Debug-iphonesimulator/Yoga\ of\ Eating.build
    export TEMP_FILES_DIR\=/Users/sunil/Library/Developer/Xcode/DerivedData/Yoga_of_Eating-ducgyjnlphnmtmcobbndvvbfdgcp/Build/Intermediates.noindex/Yoga\ of\ Eating.build/Debug-iphonesimulator/Yoga\ of\ Eating.build
    export TEMP_FILE_DIR\=/Users/sunil/Library/Developer/Xcode/DerivedData/Yoga_of_Eating-ducgyjnlphnmtmcobbndvvbfdgcp/Build/Intermediates.noindex/Yoga\ of\ Eating.build/Debug-iphonesimulator/Yoga\ of\ Eating.build
    export TEMP_ROOT\=/Users/sunil/Library/Developer/Xcode/DerivedData/Yoga_of_Eating-ducgyjnlphnmtmcobbndvvbfdgcp/Build/Intermediates.noindex
    export TEMP_SANDBOX_DIR\=/Users/sunil/Library/Developer/Xcode/DerivedData/Yoga_of_Eating-ducgyjnlphnmtmcobbndvvbfdgcp/Build/Intermediates.noindex/TemporaryTaskSandboxes
    export TEST_FRAMEWORK_SEARCH_PATHS\=\ /Applications/Xcode.app/Contents/Developer/Platforms/iPhoneSimulator.platform/Developer/Library/Frameworks\ /Applications/Xcode.app/Contents/Developer/Platforms/iPhoneSimulator.platform/Developer/SDKs/iPhoneSimulator26.5.sdk/Developer/Library/Frameworks
    export TEST_LIBRARY_SEARCH_PATHS\=\ /Applications/Xcode.app/Contents/Developer/Platforms/iPhoneSimulator.platform/Developer/usr/lib
    export TOOLCHAINS\=com.apple.dt.toolchain.XcodeDefault
    export TOOLCHAIN_DIR\=/Applications/Xcode.app/Contents/Developer/Toolchains/XcodeDefault.xctoolchain
    export TREAT_MISSING_BASELINES_AS_TEST_FAILURES\=NO
    export TREAT_MISSING_SCRIPT_PHASE_OUTPUTS_AS_ERRORS\=NO
    export TeamIdentifierPrefix\=CCVJR9P725.
    export UID\=501
    export UNINSTALLED_PRODUCTS_DIR\=/Users/sunil/Library/Developer/Xcode/DerivedData/Yoga_of_Eating-ducgyjnlphnmtmcobbndvvbfdgcp/Build/Intermediates.noindex/UninstalledProducts
    export UNLOCALIZED_RESOURCES_FOLDER_PATH\=Yoga\ of\ Eating.app
    export UNLOCALIZED_RESOURCES_FOLDER_PATH_SHALLOW_BUNDLE_NO\=Yoga\ of\ Eating.app/Resources
    export UNLOCALIZED_RESOURCES_FOLDER_PATH_SHALLOW_BUNDLE_YES\=Yoga\ of\ Eating.app
    export UNSTRIPPED_PRODUCT\=NO
    export USER\=sunil
    export USER_APPS_DIR\=/Users/sunil/Applications
    export USER_LIBRARY_DIR\=/Users/sunil/Library
    export USE_DYNAMIC_NO_PIC\=YES
    export USE_HEADERMAP\=YES
    export USE_HEADER_SYMLINKS\=NO
    export VALIDATE_DEVELOPMENT_ASSET_PATHS\=YES_ERROR
    export VALIDATE_PRODUCT\=NO
    export VALID_ARCHS\=arm64\ x86_64
    export VERBOSE_PBXCP\=NO
    export VERSIONPLIST_PATH\=Yoga\ of\ Eating.app/version.plist
    export VERSION_INFO_BUILDER\=sunil
    export VERSION_INFO_FILE\=Yoga\ of\ Eating_vers.c
    export VERSION_INFO_STRING\=\"@\(\#\)PROGRAM:Yoga\ of\ Eating\ \ PROJECT:Yoga\ of\ Eating-1\"
    export WORKSPACE_DIR\=/Users/sunil/Downloads/YogaofEating/Yoga\ of\ Eating.xcodeproj
    export WRAPPER_EXTENSION\=app
    export WRAPPER_NAME\=Yoga\ of\ Eating.app
    export WRAPPER_SUFFIX\=.app
    export WRAP_ASSET_PACKS_IN_SEPARATE_DIRECTORIES\=NO
    export XCODE_APP_SUPPORT_DIR\=/Applications/Xcode.app/Contents/Developer/Library/Xcode
    export XCODE_PRODUCT_BUILD_VERSION\=17F42
    export XCODE_VERSION_ACTUAL\=2650
    export XCODE_VERSION_MAJOR\=2600
    export XCODE_VERSION_MINOR\=2650
    export XPCSERVICES_FOLDER_PATH\=Yoga\ of\ Eating.app/XPCServices
    export YACC\=yacc
    export _DISCOVER_COMMAND_LINE_LINKER_INPUTS\=YES
    export _DISCOVER_COMMAND_LINE_LINKER_INPUTS_INCLUDE_WL\=YES
    export _LD_MULTIARCH\=YES
    export _WRAPPER_CONTENTS_DIR_SHALLOW_BUNDLE_NO\=/Contents
    export _WRAPPER_PARENT_PATH_SHALLOW_BUNDLE_NO\=/..
    export _WRAPPER_RESOURCES_DIR_SHALLOW_BUNDLE_NO\=/Resources
    export __DIAGNOSE_DEPRECATED_ARCHS\=YES
    export __IS_NOT_MACOS\=YES
    export __IS_NOT_MACOS_macosx\=NO
    export __IS_NOT_SIMULATOR\=NO
    export __IS_NOT_SIMULATOR_simulator\=NO
    export __ORIGINAL_SDK_DEFINED_LLVM_TARGET_TRIPLE_SYS\=ios
    export arch\=undefined_arch
    export variant\=normal
    /bin/sh -c /Users/sunil/Library/Developer/Xcode/DerivedData/Yoga_of_Eating-ducgyjnlphnmtmcobbndvvbfdgcp/Build/Intermediates.noindex/Yoga\\\ of\\\ Eating.build/Debug-iphonesimulator/Yoga\\\ of\\\ Eating.build/Script-838323E1A1509BFF74CB23C2.sh
Running SwiftFormat...
Reading swift-version file at /Users/sunil/Downloads/YogaofEating/.swift-version (version 6.0)
SwiftFormat completed in 0.11s.
0/256 files formatted, 650 files skipped.

PhaseScriptExecution SwiftLint /Users/sunil/Library/Developer/Xcode/DerivedData/Yoga_of_Eating-ducgyjnlphnmtmcobbndvvbfdgcp/Build/Intermediates.noindex/Yoga\ of\ Eating.build/Debug-iphonesimulator/Yoga\ of\ Eating.build/Script-2E14653B40B3CCB95435C7E0.sh (in target 'Yoga of Eating' from project 'Yoga of Eating')
    cd /Users/sunil/Downloads/YogaofEating
    export ACTION\=build
    export AD_HOC_CODE_SIGNING_ALLOWED\=YES
    export AGGREGATE_TRACKED_DOMAINS\=YES
    export ALLOW_BUILD_REQUEST_OVERRIDES\=NO
    export ALLOW_TARGET_PLATFORM_SPECIALIZATION\=NO
    export ALTERNATE_GROUP\=staff
    export ALTERNATE_MODE\=u+w,go-w,a+rX
    export ALTERNATE_OWNER\=sunil
    export ALTERNATIVE_DISTRIBUTION_WEB\=NO
    export ALWAYS_EMBED_SWIFT_STANDARD_LIBRARIES\=NO
    export ALWAYS_SEARCH_USER_PATHS\=NO
    export ALWAYS_USE_SEPARATE_HEADERMAPS\=NO
    export APPLICATION_EXTENSION_API_ONLY\=NO
    export APPLY_RULES_IN_COPY_FILES\=NO
    export APPLY_RULES_IN_COPY_HEADERS\=NO
    export APP_SHORTCUTS_ENABLE_FLEXIBLE_MATCHING\=YES
    export ARCHS\=arm64
    export ARCHS_BASE\=arm64
    export ARCHS_STANDARD\=arm64\ x86_64
    export ARCHS_STANDARD_32_64_BIT\=arm64\ x86_64
    export ARCHS_STANDARD_64_BIT\=arm64\ x86_64
    export ARCHS_STANDARD_INCLUDING_64_BIT\=arm64\ x86_64
    export ARCHS_UNIVERSAL_IPHONE_OS\=arm64\ x86_64
    export ASSETCATALOG_COMPILER_APPICON_NAME\=AppIcon
    export ASSETCATALOG_COMPILER_GENERATE_SWIFT_ASSET_SYMBOL_EXTENSIONS\=YES
    export ASSETCATALOG_COMPILER_GLOBAL_ACCENT_COLOR_NAME\=AccentColor
    export ASSETCATALOG_FILTER_FOR_DEVICE_MODEL\=iPhone18,3
    export ASSETCATALOG_FILTER_FOR_DEVICE_OS_VERSION\=26.4.1
    export ASSETCATALOG_FILTER_FOR_THINNING_DEVICE_CONFIGURATION\=iPhone18,3
    export AUTOMATICALLY_MERGE_DEPENDENCIES\=NO
    export AUTOMATION_APPLE_EVENTS\=NO
    export AVAILABLE_PLATFORMS\=android\ appletvos\ appletvsimulator\ driverkit\ freebsd\ iphoneos\ iphonesimulator\ linux\ macosx\ none\ openbsd\ qnx\ watchos\ watchsimulator\ webassembly\ xros\ xrsimulator
    export AppIdentifierPrefix\=CCVJR9P725.
    export BUILD_ACTIVE_RESOURCES_ONLY\=YES
    export BUILD_COMPONENTS\=headers\ build
    export BUILD_DIR\=/Users/sunil/Library/Developer/Xcode/DerivedData/Yoga_of_Eating-ducgyjnlphnmtmcobbndvvbfdgcp/Build/Products
    export BUILD_LIBRARY_FOR_DISTRIBUTION\=NO
    export BUILD_ONLY_KNOWN_LOCALIZATIONS\=NO
    export BUILD_ROOT\=/Users/sunil/Library/Developer/Xcode/DerivedData/Yoga_of_Eating-ducgyjnlphnmtmcobbndvvbfdgcp/Build/Products
    export BUILD_STYLE\=
    export BUILD_VARIANTS\=normal
    export BUILT_PRODUCTS_DIR\=/Users/sunil/Library/Developer/Xcode/DerivedData/Yoga_of_Eating-ducgyjnlphnmtmcobbndvvbfdgcp/Build/Products/Debug-iphonesimulator
    export BUNDLE_CONTENTS_FOLDER_PATH_deep\=Contents/
    export BUNDLE_EXECUTABLE_FOLDER_NAME_deep\=MacOS
    export BUNDLE_EXTENSIONS_FOLDER_PATH\=Extensions
    export BUNDLE_FORMAT\=shallow
    export BUNDLE_FRAMEWORKS_FOLDER_PATH\=Frameworks
    export BUNDLE_PLUGINS_FOLDER_PATH\=PlugIns
    export BUNDLE_PRIVATE_HEADERS_FOLDER_PATH\=PrivateHeaders
    export BUNDLE_PUBLIC_HEADERS_FOLDER_PATH\=Headers
    export CACHE_ROOT\=/var/folders/r_/6rd80_t54ddghk_cnysh9t7w0000gn/C/com.apple.DeveloperTools/26.5-17F42/Xcode
    export CCHROOT\=/var/folders/r_/6rd80_t54ddghk_cnysh9t7w0000gn/C/com.apple.DeveloperTools/26.5-17F42/Xcode
    export CHMOD\=/bin/chmod
    export CHOWN\=chown
    export CLANG_ANALYZER_NONNULL\=YES
    export CLANG_ANALYZER_NUMBER_OBJECT_CONVERSION\=YES_AGGRESSIVE
    export CLANG_CACHE_FINE_GRAINED_OUTPUTS\=YES
    export CLANG_COVERAGE_MAPPING\=YES
    export CLANG_CXX_LANGUAGE_STANDARD\=gnu++20
    export CLANG_ENABLE_EXPLICIT_MODULES\=YES
    export CLANG_ENABLE_MODULES\=YES
    export CLANG_ENABLE_OBJC_ARC\=YES
    export CLANG_ENABLE_OBJC_WEAK\=YES
    export CLANG_MODULES_BUILD_SESSION_FILE\=/Users/sunil/Library/Developer/Xcode/DerivedData/ModuleCache.noindex/Session.modulevalidation
    export CLANG_PROFILE_DATA_DIRECTORY\=/Users/sunil/Library/Developer/Xcode/DerivedData/Yoga_of_Eating-ducgyjnlphnmtmcobbndvvbfdgcp/Build/ProfileData
    export CLANG_WARN_BLOCK_CAPTURE_AUTORELEASING\=YES
    export CLANG_WARN_BOOL_CONVERSION\=YES
    export CLANG_WARN_COMMA\=YES
    export CLANG_WARN_CONSTANT_CONVERSION\=YES
    export CLANG_WARN_DEPRECATED_OBJC_IMPLEMENTATIONS\=YES
    export CLANG_WARN_DIRECT_OBJC_ISA_USAGE\=YES_ERROR
    export CLANG_WARN_DOCUMENTATION_COMMENTS\=YES
    export CLANG_WARN_EMPTY_BODY\=YES
    export CLANG_WARN_ENUM_CONVERSION\=YES
    export CLANG_WARN_INFINITE_RECURSION\=YES
    export CLANG_WARN_INT_CONVERSION\=YES
    export CLANG_WARN_NON_LITERAL_NULL_CONVERSION\=YES
    export CLANG_WARN_OBJC_IMPLICIT_RETAIN_SELF\=YES
    export CLANG_WARN_OBJC_LITERAL_CONVERSION\=YES
    export CLANG_WARN_OBJC_ROOT_CLASS\=YES_ERROR
    export CLANG_WARN_QUOTED_INCLUDE_IN_FRAMEWORK_HEADER\=YES
    export CLANG_WARN_RANGE_LOOP_ANALYSIS\=YES
    export CLANG_WARN_STRICT_PROTOTYPES\=YES
    export CLANG_WARN_SUSPICIOUS_MOVE\=YES
    export CLANG_WARN_UNGUARDED_AVAILABILITY\=YES_AGGRESSIVE
    export CLANG_WARN_UNREACHABLE_CODE\=YES
    export CLANG_WARN__DUPLICATE_METHOD_MATCH\=YES
    export CLASS_FILE_DIR\=/Users/sunil/Library/Developer/Xcode/DerivedData/Yoga_of_Eating-ducgyjnlphnmtmcobbndvvbfdgcp/Build/Intermediates.noindex/Yoga\ of\ Eating.build/Debug-iphonesimulator/Yoga\ of\ Eating.build/JavaClasses
    export CLEAN_PRECOMPS\=YES
    export CLONE_HEADERS\=NO
    export CODESIGNING_FOLDER_PATH\=/Users/sunil/Library/Developer/Xcode/DerivedData/Yoga_of_Eating-ducgyjnlphnmtmcobbndvvbfdgcp/Build/Products/Debug-iphonesimulator/Yoga\ of\ Eating.app
    export CODE_SIGNING_ALLOWED\=YES
    export CODE_SIGNING_REQUIRED\=YES
    export CODE_SIGN_CONTEXT_CLASS\=XCiPhoneSimulatorCodeSignContext
    export CODE_SIGN_ENTITLEMENTS\=Yoga\ of\ Eating/Yoga\ of\ Eating.entitlements
    export CODE_SIGN_IDENTITY\=-
    export CODE_SIGN_INJECT_BASE_ENTITLEMENTS\=YES
    export CODE_SIGN_STYLE\=Automatic
    export COLOR_DIAGNOSTICS\=NO
    export COMBINE_HIDPI_IMAGES\=NO
    export COMPILATION_CACHE_CAS_PATH\=/Users/sunil/Library/Developer/Xcode/DerivedData/CompilationCache.noindex
    export COMPILATION_CACHE_KEEP_CAS_DIRECTORY\=YES
    export COMPILER_INDEX_STORE_ENABLE\=Default
    export COMPOSITE_SDK_DIRS\=/Users/sunil/Library/Developer/Xcode/DerivedData/Yoga_of_Eating-ducgyjnlphnmtmcobbndvvbfdgcp/Build/Intermediates.noindex/CompositeSDKs
    export COMPRESS_PNG_FILES\=YES
    export CONFIGURATION\=Debug
    export CONFIGURATION_BUILD_DIR\=/Users/sunil/Library/Developer/Xcode/DerivedData/Yoga_of_Eating-ducgyjnlphnmtmcobbndvvbfdgcp/Build/Products/Debug-iphonesimulator
    export CONFIGURATION_TEMP_DIR\=/Users/sunil/Library/Developer/Xcode/DerivedData/Yoga_of_Eating-ducgyjnlphnmtmcobbndvvbfdgcp/Build/Intermediates.noindex/Yoga\ of\ Eating.build/Debug-iphonesimulator
    export CONTENTS_FOLDER_PATH\=Yoga\ of\ Eating.app
    export CONTENTS_FOLDER_PATH_SHALLOW_BUNDLE_NO\=Yoga\ of\ Eating.app/Contents
    export CONTENTS_FOLDER_PATH_SHALLOW_BUNDLE_YES\=Yoga\ of\ Eating.app
    export COPYING_PRESERVES_HFS_DATA\=NO
    export COPY_HEADERS_RUN_UNIFDEF\=NO
    export COPY_PHASE_STRIP\=NO
    export CORRESPONDING_DEVICE_PLATFORM_DIR\=/Applications/Xcode.app/Contents/Developer/Platforms/iPhoneOS.platform
    export CORRESPONDING_DEVICE_PLATFORM_NAME\=iphoneos
    export CORRESPONDING_DEVICE_SDK_DIR\=/Applications/Xcode.app/Contents/Developer/Platforms/iPhoneOS.platform/Developer/SDKs/iPhoneOS26.5.sdk
    export CORRESPONDING_DEVICE_SDK_NAME\=iphoneos26.5
    export CP\=/bin/cp
    export CREATE_INFOPLIST_SECTION_IN_BINARY\=NO
    export CURRENT_ARCH\=undefined_arch
    export CURRENT_PROJECT_VERSION\=1
    export CURRENT_VARIANT\=normal
    export DEAD_CODE_STRIPPING\=YES
    export DEBUGGING_SYMBOLS\=YES
    export DEBUG_INFORMATION_FORMAT\=dwarf
    export DEBUG_INFORMATION_VERSION\=compiler-default
    export DEFAULT_COMPILER\=com.apple.compilers.llvm.clang.1_0
    export DEFAULT_DEXT_INSTALL_PATH\=/System/Library/DriverExtensions
    export DEFAULT_KEXT_INSTALL_PATH\=/System/Library/Extensions
    export DEFINES_MODULE\=NO
    export DEPLOYMENT_LOCATION\=NO
    export DEPLOYMENT_POSTPROCESSING\=NO
    export DEPLOYMENT_TARGET_SETTING_NAME\=IPHONEOS_DEPLOYMENT_TARGET
    export DEPLOYMENT_TARGET_SUGGESTED_VALUES\=12.0\ 12.1\ 12.2\ 12.3\ 12.4\ 13.0\ 13.1\ 13.2\ 13.3\ 13.4\ 13.5\ 13.6\ 14.0\ 14.1\ 14.2\ 14.3\ 14.4\ 14.5\ 14.6\ 14.7\ 15.0\ 15.1\ 15.2\ 15.3\ 15.4\ 15.5\ 15.6\ 16.0\ 16.1\ 16.2\ 16.3\ 16.4\ 16.5\ 16.6\ 17.0\ 17.1\ 17.2\ 17.3\ 17.4\ 17.5\ 17.6\ 18.0\ 18.1\ 18.2\ 18.3\ 18.4\ 18.5\ 18.6\ 26.0\ 26.2\ 26.3\ 26.4\ 26.5
    export DERIVED_FILES_DIR\=/Users/sunil/Library/Developer/Xcode/DerivedData/Yoga_of_Eating-ducgyjnlphnmtmcobbndvvbfdgcp/Build/Intermediates.noindex/Yoga\ of\ Eating.build/Debug-iphonesimulator/Yoga\ of\ Eating.build/DerivedSources
    export DERIVED_FILE_DIR\=/Users/sunil/Library/Developer/Xcode/DerivedData/Yoga_of_Eating-ducgyjnlphnmtmcobbndvvbfdgcp/Build/Intermediates.noindex/Yoga\ of\ Eating.build/Debug-iphonesimulator/Yoga\ of\ Eating.build/DerivedSources
    export DERIVED_SOURCES_DIR\=/Users/sunil/Library/Developer/Xcode/DerivedData/Yoga_of_Eating-ducgyjnlphnmtmcobbndvvbfdgcp/Build/Intermediates.noindex/Yoga\ of\ Eating.build/Debug-iphonesimulator/Yoga\ of\ Eating.build/DerivedSources
    export DEVELOPER_APPLICATIONS_DIR\=/Applications/Xcode.app/Contents/Developer/Applications
    export DEVELOPER_BIN_DIR\=/Applications/Xcode.app/Contents/Developer/usr/bin
    export DEVELOPER_DIR\=/Applications/Xcode.app/Contents/Developer
    export DEVELOPER_FRAMEWORKS_DIR\=/Applications/Xcode.app/Contents/Developer/Library/Frameworks
    export DEVELOPER_FRAMEWORKS_DIR_QUOTED\=/Applications/Xcode.app/Contents/Developer/Library/Frameworks
    export DEVELOPER_LIBRARY_DIR\=/Applications/Xcode.app/Contents/Developer/Library
    export DEVELOPER_SDK_DIR\=/Applications/Xcode.app/Contents/Developer/Platforms/MacOSX.platform/Developer/SDKs
    export DEVELOPER_TOOLS_DIR\=/Applications/Xcode.app/Contents/Developer/Tools
    export DEVELOPER_USR_DIR\=/Applications/Xcode.app/Contents/Developer/usr
    export DEVELOPMENT_LANGUAGE\=en
    export DEVELOPMENT_TEAM\=CCVJR9P725
    export DIAGNOSE_MISSING_TARGET_DEPENDENCIES\=YES
    export DIFF\=/usr/bin/diff
    export DOCUMENTATION_FOLDER_PATH\=Yoga\ of\ Eating.app/en.lproj/Documentation
    export DONT_GENERATE_INFOPLIST_FILE\=NO
    export DSTROOT\=/tmp/Yoga\ of\ Eating.dst
    export DT_TOOLCHAIN_DIR\=/Applications/Xcode.app/Contents/Developer/Toolchains/XcodeDefault.xctoolchain
    export DUMP_DEPENDENCIES\=NO
    export DUMP_DEPENDENCIES_OUTPUT_PATH\=/Users/sunil/Library/Developer/Xcode/DerivedData/Yoga_of_Eating-ducgyjnlphnmtmcobbndvvbfdgcp/Build/Intermediates.noindex/Yoga\ of\ Eating.build/Debug-iphonesimulator/Yoga\ of\ Eating.build/Yoga\ of\ Eating-BuildDependencyInfo.json
    export DWARF_DSYM_FILE_NAME\=Yoga\ of\ Eating.app.dSYM
    export DWARF_DSYM_FILE_SHOULD_ACCOMPANY_PRODUCT\=NO
    export DWARF_DSYM_FOLDER_PATH\=/Users/sunil/Library/Developer/Xcode/DerivedData/Yoga_of_Eating-ducgyjnlphnmtmcobbndvvbfdgcp/Build/Products/Debug-iphonesimulator
    export DYNAMIC_LIBRARY_EXTENSION\=dylib
    export EAGER_COMPILATION_ALLOW_SCRIPTS\=NO
    export EAGER_LINKING\=NO
    export EFFECTIVE_PLATFORM_NAME\=-iphonesimulator
    export EFFECTIVE_SWIFT_VERSION\=5
    export EMBEDDED_CONTENT_CONTAINS_SWIFT\=NO
    export EMBED_ASSET_PACKS_IN_PRODUCT_BUNDLE\=NO
    export EMBED_PACKAGE_RESOURCE_BUNDLE_NAMES\=\ GoogleSignIn_GoogleSignIn\ GTMSessionFetcher_GTMSessionFetcherCore\ GTMAppAuth_GTMAppAuth\ GoogleUtilities_GoogleUtilities-UserDefaults\ GoogleUtilities_GoogleUtilities-Environment\ GoogleUtilities_GoogleUtilities-Logger\ Promises_FBLPromises\ AppAuth_AppAuthCore\ AppAuth_AppAuth\ Firebase_FirebaseAuth\ Firebase_FirebaseCoreInternal\ Firebase_FirebaseCore\ Firebase_FirebaseCoreExtension\ GoogleUtilities_GoogleUtilities-AppDelegateSwizzler\ GoogleUtilities_GoogleUtilities-NSData\ GoogleUtilities_GoogleUtilities-Reachability\ GoogleUtilities_GoogleUtilities-Network\ GoogleSignIn_GoogleSignInSwift\ Firebase_FirebaseFirestore\ leveldb_leveldb\ nanopb_nanopb\ gRPC_grpcppWrapper\ gRPC_grpcWrapper\ gRPC_opensslWrapper\ abseil_abslWrapper
    export ENABLE_APP_SANDBOX\=YES
    export ENABLE_CODE_COVERAGE\=YES
    export ENABLE_COHORT_ARCHS\=NO
    export ENABLE_CPLUSPLUS_BOUNDS_SAFE_BUFFERS\=NO
    export ENABLE_C_BOUNDS_SAFETY\=NO
    export ENABLE_DEBUG_DYLIB\=YES
    export ENABLE_DEFAULT_HEADER_SEARCH_PATHS\=YES
    export ENABLE_DEFAULT_SEARCH_PATHS\=YES
    export ENABLE_ENHANCED_SECURITY\=NO
    export ENABLE_HARDENED_RUNTIME\=NO
    export ENABLE_HEADER_DEPENDENCIES\=YES
    export ENABLE_INCOMING_NETWORK_CONNECTIONS\=NO
    export ENABLE_ON_DEMAND_RESOURCES\=YES
    export ENABLE_OUTGOING_NETWORK_CONNECTIONS\=NO
    export ENABLE_POINTER_AUTHENTICATION\=NO
    export ENABLE_PREVIEWS\=NO
    export ENABLE_RESOURCE_ACCESS_AUDIO_INPUT\=NO
    export ENABLE_RESOURCE_ACCESS_BLUETOOTH\=NO
    export ENABLE_RESOURCE_ACCESS_CALENDARS\=NO
    export ENABLE_RESOURCE_ACCESS_CAMERA\=NO
    export ENABLE_RESOURCE_ACCESS_CONTACTS\=NO
    export ENABLE_RESOURCE_ACCESS_LOCATION\=NO
    export ENABLE_RESOURCE_ACCESS_PHOTO_LIBRARY\=NO
    export ENABLE_RESOURCE_ACCESS_PRINTING\=NO
    export ENABLE_RESOURCE_ACCESS_USB\=NO
    export ENABLE_SDK_IMPORTS\=NO
    export ENABLE_SECURITY_COMPILER_WARNINGS\=NO
    export ENABLE_STRICT_OBJC_MSGSEND\=YES
    export ENABLE_TESTABILITY\=YES
    export ENABLE_TESTING_SEARCH_PATHS\=NO
    export ENABLE_USER_SCRIPT_SANDBOXING\=NO
    export ENABLE_USER_SELECTED_FILES\=readonly
    export ENABLE_XOJIT_PREVIEWS\=YES
    export ENFORCE_VALID_ARCHS\=YES
    export ENTITLEMENTS_ALLOWED\=NO
    export ENTITLEMENTS_DESTINATION\=__entitlements
    export ENTITLEMENTS_REQUIRED\=NO
    export EXCLUDED_INSTALLSRC_SUBDIRECTORY_PATTERNS\=.DS_Store\ .svn\ .git\ .hg\ CVS
    export EXCLUDED_RECURSIVE_SEARCH_PATH_SUBDIRECTORIES\=\*.nib\ \*.lproj\ \*.framework\ \*.gch\ \*.xcode\*\ \*.xcassets\ \*.icon\ \(\*\)\ .DS_Store\ CVS\ .svn\ .git\ .hg\ \*.pbproj\ \*.pbxproj
    export EXECUTABLES_FOLDER_PATH\=Yoga\ of\ Eating.app/Executables
    export EXECUTABLE_BLANK_INJECTION_DYLIB_PATH\=Yoga\ of\ Eating.app/__preview.dylib
    export EXECUTABLE_DEBUG_DYLIB_INSTALL_NAME\=@rpath/Yoga\ of\ Eating.debug.dylib
    export EXECUTABLE_DEBUG_DYLIB_PATH\=Yoga\ of\ Eating.app/Yoga\ of\ Eating.debug.dylib
    export EXECUTABLE_FOLDER_PATH\=Yoga\ of\ Eating.app
    export EXECUTABLE_FOLDER_PATH_SHALLOW_BUNDLE_NO\=Yoga\ of\ Eating.app/MacOS
    export EXECUTABLE_FOLDER_PATH_SHALLOW_BUNDLE_YES\=Yoga\ of\ Eating.app
    export EXECUTABLE_NAME\=Yoga\ of\ Eating
    export EXECUTABLE_PATH\=Yoga\ of\ Eating.app/Yoga\ of\ Eating
    export EXPANDED_CODE_SIGN_IDENTITY\=-
    export EXPANDED_CODE_SIGN_IDENTITY_NAME\=Sign\ to\ Run\ Locally
    export EXTENSIONS_FOLDER_PATH\=Yoga\ of\ Eating.app/Extensions
    export FILE_LIST\=/Users/sunil/Library/Developer/Xcode/DerivedData/Yoga_of_Eating-ducgyjnlphnmtmcobbndvvbfdgcp/Build/Intermediates.noindex/Yoga\ of\ Eating.build/Debug-iphonesimulator/Yoga\ of\ Eating.build/Objects/LinkFileList
    export FIXED_FILES_DIR\=/Users/sunil/Library/Developer/Xcode/DerivedData/Yoga_of_Eating-ducgyjnlphnmtmcobbndvvbfdgcp/Build/Intermediates.noindex/Yoga\ of\ Eating.build/Debug-iphonesimulator/Yoga\ of\ Eating.build/FixedFiles
    export FRAMEWORKS_FOLDER_PATH\=Yoga\ of\ Eating.app/Frameworks
    export FRAMEWORK_FLAG_PREFIX\=-framework
    export FRAMEWORK_SEARCH_PATHS\=/Users/sunil/Library/Developer/Xcode/DerivedData/Yoga_of_Eating-ducgyjnlphnmtmcobbndvvbfdgcp/Build/Products/Debug-iphonesimulator/PackageFrameworks\ /Users/sunil/Library/Developer/Xcode/DerivedData/Yoga_of_Eating-ducgyjnlphnmtmcobbndvvbfdgcp/Build/Products/Debug-iphonesimulator/PackageFrameworks\ /Users/sunil/Library/Developer/Xcode/DerivedData/Yoga_of_Eating-ducgyjnlphnmtmcobbndvvbfdgcp/Build/Products/Debug-iphonesimulator/PackageFrameworks\ /Users/sunil/Library/Developer/Xcode/DerivedData/Yoga_of_Eating-ducgyjnlphnmtmcobbndvvbfdgcp/Build/Products/Debug-iphonesimulator/PackageFrameworks\ /Users/sunil/Library/Developer/Xcode/DerivedData/Yoga_of_Eating-ducgyjnlphnmtmcobbndvvbfdgcp/Build/Products/Debug-iphonesimulator/PackageFrameworks\ /Users/sunil/Library/Developer/Xcode/DerivedData/Yoga_of_Eating-ducgyjnlphnmtmcobbndvvbfdgcp/Build/Products/Debug-iphonesimulator/PackageFrameworks\ /Users/sunil/Library/Developer/Xcode/DerivedData/Yoga_of_Eating-ducgyjnlphnmtmcobbndvvbfdgcp/Build/Products/Debug-iphonesimulator/PackageFrameworks\ /Users/sunil/Library/Developer/Xcode/DerivedData/Yoga_of_Eating-ducgyjnlphnmtmcobbndvvbfdgcp/Build/Products/Debug-iphonesimulator/PackageFrameworks\ /Users/sunil/Library/Developer/Xcode/DerivedData/Yoga_of_Eating-ducgyjnlphnmtmcobbndvvbfdgcp/Build/Products/Debug-iphonesimulator/PackageFrameworks\ /Users/sunil/Library/Developer/Xcode/DerivedData/Yoga_of_Eating-ducgyjnlphnmtmcobbndvvbfdgcp/Build/Products/Debug-iphonesimulator/PackageFrameworks\ /Users/sunil/Library/Developer/Xcode/DerivedData/Yoga_of_Eating-ducgyjnlphnmtmcobbndvvbfdgcp/Build/Products/Debug-iphonesimulator/PackageFrameworks\ /Users/sunil/Library/Developer/Xcode/DerivedData/Yoga_of_Eating-ducgyjnlphnmtmcobbndvvbfdgcp/Build/Products/Debug-iphonesimulator/PackageFrameworks\ /Users/sunil/Library/Developer/Xcode/DerivedData/Yoga_of_Eating-ducgyjnlphnmtmcobbndvvbfdgcp/Build/Products/Debug-iphonesimulator/PackageFrameworks\ /Users/sunil/Library/Developer/Xcode/DerivedData/Yoga_of_Eating-ducgyjnlphnmtmcobbndvvbfdgcp/Build/Products/Debug-iphonesimulator/PackageFrameworks\ /Users/sunil/Library/Developer/Xcode/DerivedData/Yoga_of_Eating-ducgyjnlphnmtmcobbndvvbfdgcp/Build/Products/Debug-iphonesimulator/PackageFrameworks\ /Users/sunil/Library/Developer/Xcode/DerivedData/Yoga_of_Eating-ducgyjnlphnmtmcobbndvvbfdgcp/Build/Products/Debug-iphonesimulator/PackageFrameworks\ /Users/sunil/Library/Developer/Xcode/DerivedData/Yoga_of_Eating-ducgyjnlphnmtmcobbndvvbfdgcp/Build/Products/Debug-iphonesimulator/PackageFrameworks\ /Users/sunil/Library/Developer/Xcode/DerivedData/Yoga_of_Eating-ducgyjnlphnmtmcobbndvvbfdgcp/Build/Products/Debug-iphonesimulator/PackageFrameworks\ /Users/sunil/Library/Developer/Xcode/DerivedData/Yoga_of_Eating-ducgyjnlphnmtmcobbndvvbfdgcp/Build/Products/Debug-iphonesimulator/PackageFrameworks\ /Users/sunil/Library/Developer/Xcode/DerivedData/Yoga_of_Eating-ducgyjnlphnmtmcobbndvvbfdgcp/Build/Products/Debug-iphonesimulator/PackageFrameworks\ /Users/sunil/Library/Developer/Xcode/DerivedData/Yoga_of_Eating-ducgyjnlphnmtmcobbndvvbfdgcp/Build/Products/Debug-iphonesimulator/PackageFrameworks\ /Users/sunil/Library/Developer/Xcode/DerivedData/Yoga_of_Eating-ducgyjnlphnmtmcobbndvvbfdgcp/Build/Products/Debug-iphonesimulator/PackageFrameworks\ /Users/sunil/Library/Developer/Xcode/DerivedData/Yoga_of_Eating-ducgyjnlphnmtmcobbndvvbfdgcp/Build/Products/Debug-iphonesimulator/PackageFrameworks\ /Users/sunil/Library/Developer/Xcode/DerivedData/Yoga_of_Eating-ducgyjnlphnmtmcobbndvvbfdgcp/Build/Products/Debug-iphonesimulator/PackageFrameworks\ /Users/sunil/Library/Developer/Xcode/DerivedData/Yoga_of_Eating-ducgyjnlphnmtmcobbndvvbfdgcp/Build/Products/Debug-iphonesimulator/PackageFrameworks\ /Users/sunil/Library/Developer/Xcode/DerivedData/Yoga_of_Eating-ducgyjnlphnmtmcobbndvvbfdgcp/Build/Products/Debug-iphonesimulator/PackageFrameworks\ /Users/sunil/Library/Developer/Xcode/DerivedData/Yoga_of_Eating-ducgyjnlphnmtmcobbndvvbfdgcp/Build/Products/Debug-iphonesimulator/PackageFrameworks\ /Users/sunil/Library/Developer/Xcode/DerivedData/Yoga_of_Eating-ducgyjnlphnmtmcobbndvvbfdgcp/Build/Products/Debug-iphonesimulator/PackageFrameworks\ /Users/sunil/Library/Developer/Xcode/DerivedData/Yoga_of_Eating-ducgyjnlphnmtmcobbndvvbfdgcp/Build/Products/Debug-iphonesimulator/PackageFrameworks\ /Users/sunil/Library/Developer/Xcode/DerivedData/Yoga_of_Eating-ducgyjnlphnmtmcobbndvvbfdgcp/Build/Products/Debug-iphonesimulator/PackageFrameworks\ /Users/sunil/Library/Developer/Xcode/DerivedData/Yoga_of_Eating-ducgyjnlphnmtmcobbndvvbfdgcp/Build/Products/Debug-iphonesimulator/PackageFrameworks\ /Users/sunil/Library/Developer/Xcode/DerivedData/Yoga_of_Eating-ducgyjnlphnmtmcobbndvvbfdgcp/Build/Products/Debug-iphonesimulator/PackageFrameworks\ /Users/sunil/Library/Developer/Xcode/DerivedData/Yoga_of_Eating-ducgyjnlphnmtmcobbndvvbfdgcp/Build/Products/Debug-iphonesimulator/PackageFrameworks\ /Users/sunil/Library/Developer/Xcode/DerivedData/Yoga_of_Eating-ducgyjnlphnmtmcobbndvvbfdgcp/Build/Products/Debug-iphonesimulator/PackageFrameworks\ /Users/sunil/Library/Developer/Xcode/DerivedData/Yoga_of_Eating-ducgyjnlphnmtmcobbndvvbfdgcp/Build/Products/Debug-iphonesimulator/PackageFrameworks\ /Users/sunil/Library/Developer/Xcode/DerivedData/Yoga_of_Eating-ducgyjnlphnmtmcobbndvvbfdgcp/Build/Products/Debug-iphonesimulator/PackageFrameworks\ /Users/sunil/Library/Developer/Xcode/DerivedData/Yoga_of_Eating-ducgyjnlphnmtmcobbndvvbfdgcp/Build/Products/Debug-iphonesimulator/PackageFrameworks\ /Users/sunil/Library/Developer/Xcode/DerivedData/Yoga_of_Eating-ducgyjnlphnmtmcobbndvvbfdgcp/Build/Products/Debug-iphonesimulator/PackageFrameworks\ /Users/sunil/Library/Developer/Xcode/DerivedData/Yoga_of_Eating-ducgyjnlphnmtmcobbndvvbfdgcp/Build/Products/Debug-iphonesimulator/PackageFrameworks\ /Users/sunil/Library/Developer/Xcode/DerivedData/Yoga_of_Eating-ducgyjnlphnmtmcobbndvvbfdgcp/Build/Products/Debug-iphonesimulator\ 
    export FRAMEWORK_VERSION\=A
    export FULL_PRODUCT_NAME\=Yoga\ of\ Eating.app
    export FUSE_BUILD_PHASES\=YES
    export FUSE_BUILD_SCRIPT_PHASES\=NO
    export GCC3_VERSION\=3.3
    export GCC_C_LANGUAGE_STANDARD\=gnu17
    export GCC_DYNAMIC_NO_PIC\=NO
    export GCC_INLINES_ARE_PRIVATE_EXTERN\=YES
    export GCC_NO_COMMON_BLOCKS\=YES
    export GCC_OBJC_LEGACY_DISPATCH\=YES
    export GCC_OPTIMIZATION_LEVEL\=0
    export GCC_PFE_FILE_C_DIALECTS\=c\ objective-c\ c++\ objective-c++
    export GCC_PREPROCESSOR_DEFINITIONS\=DEBUG\=1\ 
    export GCC_SYMBOLS_PRIVATE_EXTERN\=NO
    export GCC_TREAT_WARNINGS_AS_ERRORS\=NO
    export GCC_VERSION\=com.apple.compilers.llvm.clang.1_0
    export GCC_VERSION_IDENTIFIER\=com_apple_compilers_llvm_clang_1_0
    export GCC_WARN_64_TO_32_BIT_CONVERSION\=YES
    export GCC_WARN_ABOUT_RETURN_TYPE\=YES_ERROR
    export GCC_WARN_UNDECLARED_SELECTOR\=YES
    export GCC_WARN_UNINITIALIZED_AUTOS\=YES_AGGRESSIVE
    export GCC_WARN_UNUSED_FUNCTION\=YES
    export GCC_WARN_UNUSED_VARIABLE\=YES
    export GENERATED_MODULEMAP_DIR\=/Users/sunil/Library/Developer/Xcode/DerivedData/Yoga_of_Eating-ducgyjnlphnmtmcobbndvvbfdgcp/Build/Intermediates.noindex/GeneratedModuleMaps-iphonesimulator
    export GENERATE_INFOPLIST_FILE\=NO
    export GENERATE_INTERMEDIATE_TEXT_BASED_STUBS\=YES
    export GENERATE_PKGINFO_FILE\=YES
    export GENERATE_PRELINK_OBJECT_FILE\=NO
    export GENERATE_PROFILING_CODE\=NO
    export GENERATE_TEXT_BASED_STUBS\=NO
    export GID\=20
    export GROUP\=staff
    export HEADERMAP_INCLUDES_FLAT_ENTRIES_FOR_TARGET_BEING_BUILT\=YES
    export HEADERMAP_INCLUDES_FRAMEWORK_ENTRIES_FOR_ALL_PRODUCT_TYPES\=YES
    export HEADERMAP_INCLUDES_FRAMEWORK_ENTRIES_FOR_TARGETS_NOT_BEING_BUILT\=YES
    export HEADERMAP_INCLUDES_NONPUBLIC_NONPRIVATE_HEADERS\=YES
    export HEADERMAP_INCLUDES_PROJECT_HEADERS\=YES
    export HEADERMAP_USES_FRAMEWORK_PREFIX_ENTRIES\=YES
    export HEADERMAP_USES_VFS\=NO
    export HEADER_SEARCH_PATHS\=/Users/sunil/Library/Developer/Xcode/DerivedData/Yoga_of_Eating-ducgyjnlphnmtmcobbndvvbfdgcp/SourcePackages/checkouts/abseil-cpp-binary/absl-Wrapper/include\ /Users/sunil/Library/Developer/Xcode/DerivedData/Yoga_of_Eating-ducgyjnlphnmtmcobbndvvbfdgcp/SourcePackages/checkouts/grpc-binary/openssl-grpc-Wrapper/include\ /Users/sunil/Library/Developer/Xcode/DerivedData/Yoga_of_Eating-ducgyjnlphnmtmcobbndvvbfdgcp/SourcePackages/checkouts/grpc-binary/grpc-Wrapper/include\ /Users/sunil/Library/Developer/Xcode/DerivedData/Yoga_of_Eating-ducgyjnlphnmtmcobbndvvbfdgcp/SourcePackages/checkouts/grpc-binary/grpcpp-Wrapper/include\ /Users/sunil/Library/Developer/Xcode/DerivedData/Yoga_of_Eating-ducgyjnlphnmtmcobbndvvbfdgcp/SourcePackages/checkouts/nanopb/spm_headers\ /Users/sunil/Library/Developer/Xcode/DerivedData/Yoga_of_Eating-ducgyjnlphnmtmcobbndvvbfdgcp/SourcePackages/checkouts/leveldb/include\ /Users/sunil/Library/Developer/Xcode/DerivedData/Yoga_of_Eating-ducgyjnlphnmtmcobbndvvbfdgcp/SourcePackages/checkouts/firebase-ios-sdk/FirebaseFirestoreInternal/.\ /Users/sunil/Library/Developer/Xcode/DerivedData/Yoga_of_Eating-ducgyjnlphnmtmcobbndvvbfdgcp/SourcePackages/checkouts/firebase-ios-sdk/SwiftPM-PlatformExclude/FirebaseFirestoreWrap/include\ /Users/sunil/Library/Developer/Xcode/DerivedData/Yoga_of_Eating-ducgyjnlphnmtmcobbndvvbfdgcp/SourcePackages/checkouts/firebase-ios-sdk/FirebaseMessaging/Interop/.\ /Users/sunil/Library/Developer/Xcode/DerivedData/Yoga_of_Eating-ducgyjnlphnmtmcobbndvvbfdgcp/SourcePackages/checkouts/interop-ios-for-google-sdks/RecaptchaEnterprise/RecaptchaInterop/Public\ /Users/sunil/Library/Developer/Xcode/DerivedData/Yoga_of_Eating-ducgyjnlphnmtmcobbndvvbfdgcp/SourcePackages/checkouts/GoogleUtilities/GoogleUtilities/Network/Public\ /Users/sunil/Library/Developer/Xcode/DerivedData/Yoga_of_Eating-ducgyjnlphnmtmcobbndvvbfdgcp/SourcePackages/checkouts/GoogleUtilities/GoogleUtilities/Reachability/Public\ /Users/sunil/Library/Developer/Xcode/DerivedData/Yoga_of_Eating-ducgyjnlphnmtmcobbndvvbfdgcp/SourcePackages/checkouts/GoogleUtilities/GoogleUtilities/NSData+zlib/Public\ /Users/sunil/Library/Developer/Xcode/DerivedData/Yoga_of_Eating-ducgyjnlphnmtmcobbndvvbfdgcp/SourcePackages/checkouts/GoogleUtilities/GoogleUtilities/AppDelegateSwizzler/Public\ /Users/sunil/Library/Developer/Xcode/DerivedData/Yoga_of_Eating-ducgyjnlphnmtmcobbndvvbfdgcp/SourcePackages/checkouts/firebase-ios-sdk/FirebaseCore/Extension/.\ /Users/sunil/Library/Developer/Xcode/DerivedData/Yoga_of_Eating-ducgyjnlphnmtmcobbndvvbfdgcp/SourcePackages/checkouts/firebase-ios-sdk/FirebaseCore/Sources/Public\ /Users/sunil/Library/Developer/Xcode/DerivedData/Yoga_of_Eating-ducgyjnlphnmtmcobbndvvbfdgcp/SourcePackages/checkouts/firebase-ios-sdk/CoreOnly/Sources/.\ /Users/sunil/Library/Developer/Xcode/DerivedData/Yoga_of_Eating-ducgyjnlphnmtmcobbndvvbfdgcp/SourcePackages/checkouts/firebase-ios-sdk/FirebaseAuth/Sources/Public\ /Users/sunil/Library/Developer/Xcode/DerivedData/Yoga_of_Eating-ducgyjnlphnmtmcobbndvvbfdgcp/SourcePackages/checkouts/firebase-ios-sdk/FirebaseAuth/Interop/Public\ /Users/sunil/Library/Developer/Xcode/DerivedData/Yoga_of_Eating-ducgyjnlphnmtmcobbndvvbfdgcp/SourcePackages/checkouts/firebase-ios-sdk/FirebaseAppCheck/Interop/Public\ /Users/sunil/Library/Developer/Xcode/DerivedData/Yoga_of_Eating-ducgyjnlphnmtmcobbndvvbfdgcp/SourcePackages/checkouts/AppAuth-iOS/Sources/AppAuth/.\ /Users/sunil/Library/Developer/Xcode/DerivedData/Yoga_of_Eating-ducgyjnlphnmtmcobbndvvbfdgcp/SourcePackages/checkouts/AppAuth-iOS/Sources/AppAuthCore/.\ /Users/sunil/Library/Developer/Xcode/DerivedData/Yoga_of_Eating-ducgyjnlphnmtmcobbndvvbfdgcp/SourcePackages/checkouts/promises/Sources/FBLPromises/include\ /Users/sunil/Library/Developer/Xcode/DerivedData/Yoga_of_Eating-ducgyjnlphnmtmcobbndvvbfdgcp/SourcePackages/checkouts/GoogleUtilities/GoogleUtilities/Logger/Public\ /Users/sunil/Library/Developer/Xcode/DerivedData/Yoga_of_Eating-ducgyjnlphnmtmcobbndvvbfdgcp/SourcePackages/checkouts/GoogleUtilities/GoogleUtilities/Environment/Public\ /Users/sunil/Library/Developer/Xcode/DerivedData/Yoga_of_Eating-ducgyjnlphnmtmcobbndvvbfdgcp/SourcePackages/checkouts/GoogleUtilities/third_party/IsAppEncrypted/Public\ /Users/sunil/Library/Developer/Xcode/DerivedData/Yoga_of_Eating-ducgyjnlphnmtmcobbndvvbfdgcp/SourcePackages/checkouts/GoogleUtilities/GoogleUtilities/UserDefaults/Public\ /Users/sunil/Library/Developer/Xcode/DerivedData/Yoga_of_Eating-ducgyjnlphnmtmcobbndvvbfdgcp/SourcePackages/checkouts/app-check/AppCheckCore/Sources/Public\ /Users/sunil/Library/Developer/Xcode/DerivedData/Yoga_of_Eating-ducgyjnlphnmtmcobbndvvbfdgcp/SourcePackages/checkouts/gtm-session-fetcher/Sources/Core/Public\ /Users/sunil/Library/Developer/Xcode/DerivedData/Yoga_of_Eating-ducgyjnlphnmtmcobbndvvbfdgcp/SourcePackages/checkouts/GoogleSignIn-iOS/GoogleSignIn/Sources/Public\ /Users/sunil/Library/Developer/Xcode/DerivedData/Yoga_of_Eating-ducgyjnlphnmtmcobbndvvbfdgcp/Build/Products/Debug-iphonesimulator/include\ 
    export HOME\=/Users/sunil
    export HOST_ARCH\=arm64
    export HOST_PLATFORM\=macosx
    export ICONV\=/usr/bin/iconv
    export IMPLICIT_DEPENDENCY_DOMAIN\=default
    export INDEX_STORE_COMPRESS\=NO
    export INDEX_STORE_ONLY_PROJECT_FILES\=NO
    export INFOPLIST_ENABLE_CFBUNDLEICONS_MERGE\=YES
    export INFOPLIST_EXPAND_BUILD_SETTINGS\=YES
    export INFOPLIST_FILE\=Info.plist
    export INFOPLIST_KEY_UIApplicationSceneManifest_Generation\=YES
    export INFOPLIST_KEY_UIApplicationSupportsIndirectInputEvents\=YES
    export INFOPLIST_KEY_UILaunchScreen_Generation\=YES
    export INFOPLIST_KEY_UIStatusBarStyle\=UIStatusBarStyleDefault
    export INFOPLIST_KEY_UISupportedInterfaceOrientations_iPad\=UIInterfaceOrientationPortrait\ UIInterfaceOrientationPortraitUpsideDown\ UIInterfaceOrientationLandscapeLeft\ UIInterfaceOrientationLandscapeRight
    export INFOPLIST_KEY_UISupportedInterfaceOrientations_iPhone\=UIInterfaceOrientationPortrait\ UIInterfaceOrientationPortraitUpsideDown\ UIInterfaceOrientationLandscapeLeft\ UIInterfaceOrientationLandscapeRight
    export INFOPLIST_OUTPUT_FORMAT\=binary
    export INFOPLIST_PATH\=Yoga\ of\ Eating.app/Info.plist
    export INFOPLIST_PREPROCESS\=NO
    export INFOSTRINGS_PATH\=Yoga\ of\ Eating.app/en.lproj/InfoPlist.strings
    export INLINE_PRIVATE_FRAMEWORKS\=NO
    export INSTALLAPI_IGNORE_SKIP_INSTALL\=YES
    export INSTALLHDRS_COPY_PHASE\=NO
    export INSTALLHDRS_SCRIPT_PHASE\=NO
    export INSTALL_DIR\=/tmp/Yoga\ of\ Eating.dst/Applications
    export INSTALL_GROUP\=staff
    export INSTALL_MODE_FLAG\=u+w,go-w,a+rX
    export INSTALL_OWNER\=sunil
    export INSTALL_PATH\=/Applications
    export INSTALL_ROOT\=/tmp/Yoga\ of\ Eating.dst
    export IPHONEOS_DEPLOYMENT_TARGET\=26.2
    export IS_UNOPTIMIZED_BUILD\=YES
    export JAVAC_DEFAULT_FLAGS\=-J-Xms64m\ -J-XX:NewSize\=4M\ -J-Dfile.encoding\=UTF8
    export JAVA_APP_STUB\=/System/Library/Frameworks/JavaVM.framework/Resources/MacOS/JavaApplicationStub
    export JAVA_ARCHIVE_CLASSES\=YES
    export JAVA_ARCHIVE_TYPE\=JAR
    export JAVA_COMPILER\=/usr/bin/javac
    export JAVA_FOLDER_PATH\=Yoga\ of\ Eating.app/Java
    export JAVA_FRAMEWORK_RESOURCES_DIRS\=Resources
    export JAVA_JAR_FLAGS\=cv
    export JAVA_SOURCE_SUBDIR\=.
    export JAVA_USE_DEPENDENCIES\=YES
    export JAVA_ZIP_FLAGS\=-urg
    export JIKES_DEFAULT_FLAGS\=+E\ +OLDCSO
    export KEEP_PRIVATE_EXTERNS\=NO
    export LD_DEPENDENCY_INFO_FILE\=/Users/sunil/Library/Developer/Xcode/DerivedData/Yoga_of_Eating-ducgyjnlphnmtmcobbndvvbfdgcp/Build/Intermediates.noindex/Yoga\ of\ Eating.build/Debug-iphonesimulator/Yoga\ of\ Eating.build/Objects-normal/undefined_arch/Yoga\ of\ Eating_dependency_info.dat
    export LD_ENTITLEMENTS_SECTION\=/Users/sunil/Library/Developer/Xcode/DerivedData/Yoga_of_Eating-ducgyjnlphnmtmcobbndvvbfdgcp/Build/Intermediates.noindex/Yoga\ of\ Eating.build/Debug-iphonesimulator/Yoga\ of\ Eating.build/Yoga\ of\ Eating.app-Simulated.xcent
    export LD_ENTITLEMENTS_SECTION_DER\=/Users/sunil/Library/Developer/Xcode/DerivedData/Yoga_of_Eating-ducgyjnlphnmtmcobbndvvbfdgcp/Build/Intermediates.noindex/Yoga\ of\ Eating.build/Debug-iphonesimulator/Yoga\ of\ Eating.build/Yoga\ of\ Eating.app-Simulated.xcent.der
    export LD_EXPORT_SYMBOLS\=YES
    export LD_GENERATE_MAP_FILE\=NO
    export LD_MAP_FILE_PATH\=/Users/sunil/Library/Developer/Xcode/DerivedData/Yoga_of_Eating-ducgyjnlphnmtmcobbndvvbfdgcp/Build/Intermediates.noindex/Yoga\ of\ Eating.build/Debug-iphonesimulator/Yoga\ of\ Eating.build/Yoga\ of\ Eating-LinkMap-normal-undefined_arch.txt
    export LD_NO_PIE\=NO
    export LD_QUOTE_LINKER_ARGUMENTS_FOR_COMPILER_DRIVER\=YES
    export LD_RUNPATH_SEARCH_PATHS\=/Users/sunil/Library/Developer/Xcode/DerivedData/Yoga_of_Eating-ducgyjnlphnmtmcobbndvvbfdgcp/Build/Products/Debug-iphonesimulator/PackageFrameworks\ /Users/sunil/Library/Developer/Xcode/DerivedData/Yoga_of_Eating-ducgyjnlphnmtmcobbndvvbfdgcp/Build/Products/Debug-iphonesimulator/PackageFrameworks\ /Users/sunil/Library/Developer/Xcode/DerivedData/Yoga_of_Eating-ducgyjnlphnmtmcobbndvvbfdgcp/Build/Products/Debug-iphonesimulator/PackageFrameworks\ /Users/sunil/Library/Developer/Xcode/DerivedData/Yoga_of_Eating-ducgyjnlphnmtmcobbndvvbfdgcp/Build/Products/Debug-iphonesimulator/PackageFrameworks\ /Users/sunil/Library/Developer/Xcode/DerivedData/Yoga_of_Eating-ducgyjnlphnmtmcobbndvvbfdgcp/Build/Products/Debug-iphonesimulator/PackageFrameworks\ /Users/sunil/Library/Developer/Xcode/DerivedData/Yoga_of_Eating-ducgyjnlphnmtmcobbndvvbfdgcp/Build/Products/Debug-iphonesimulator/PackageFrameworks\ /Users/sunil/Library/Developer/Xcode/DerivedData/Yoga_of_Eating-ducgyjnlphnmtmcobbndvvbfdgcp/Build/Products/Debug-iphonesimulator/PackageFrameworks\ /Users/sunil/Library/Developer/Xcode/DerivedData/Yoga_of_Eating-ducgyjnlphnmtmcobbndvvbfdgcp/Build/Products/Debug-iphonesimulator/PackageFrameworks\ /Users/sunil/Library/Developer/Xcode/DerivedData/Yoga_of_Eating-ducgyjnlphnmtmcobbndvvbfdgcp/Build/Products/Debug-iphonesimulator/PackageFrameworks\ /Users/sunil/Library/Developer/Xcode/DerivedData/Yoga_of_Eating-ducgyjnlphnmtmcobbndvvbfdgcp/Build/Products/Debug-iphonesimulator/PackageFrameworks\ /Users/sunil/Library/Developer/Xcode/DerivedData/Yoga_of_Eating-ducgyjnlphnmtmcobbndvvbfdgcp/Build/Products/Debug-iphonesimulator/PackageFrameworks\ /Users/sunil/Library/Developer/Xcode/DerivedData/Yoga_of_Eating-ducgyjnlphnmtmcobbndvvbfdgcp/Build/Products/Debug-iphonesimulator/PackageFrameworks\ /Users/sunil/Library/Developer/Xcode/DerivedData/Yoga_of_Eating-ducgyjnlphnmtmcobbndvvbfdgcp/Build/Products/Debug-iphonesimulator/PackageFrameworks\ /Users/sunil/Library/Developer/Xcode/DerivedData/Yoga_of_Eating-ducgyjnlphnmtmcobbndvvbfdgcp/Build/Products/Debug-iphonesimulator/PackageFrameworks\ /Users/sunil/Library/Developer/Xcode/DerivedData/Yoga_of_Eating-ducgyjnlphnmtmcobbndvvbfdgcp/Build/Products/Debug-iphonesimulator/PackageFrameworks\ /Users/sunil/Library/Developer/Xcode/DerivedData/Yoga_of_Eating-ducgyjnlphnmtmcobbndvvbfdgcp/Build/Products/Debug-iphonesimulator/PackageFrameworks\ /Users/sunil/Library/Developer/Xcode/DerivedData/Yoga_of_Eating-ducgyjnlphnmtmcobbndvvbfdgcp/Build/Products/Debug-iphonesimulator/PackageFrameworks\ /Users/sunil/Library/Developer/Xcode/DerivedData/Yoga_of_Eating-ducgyjnlphnmtmcobbndvvbfdgcp/Build/Products/Debug-iphonesimulator/PackageFrameworks\ /Users/sunil/Library/Developer/Xcode/DerivedData/Yoga_of_Eating-ducgyjnlphnmtmcobbndvvbfdgcp/Build/Products/Debug-iphonesimulator/PackageFrameworks\ /Users/sunil/Library/Developer/Xcode/DerivedData/Yoga_of_Eating-ducgyjnlphnmtmcobbndvvbfdgcp/Build/Products/Debug-iphonesimulator/PackageFrameworks\ /Users/sunil/Library/Developer/Xcode/DerivedData/Yoga_of_Eating-ducgyjnlphnmtmcobbndvvbfdgcp/Build/Products/Debug-iphonesimulator/PackageFrameworks\ /Users/sunil/Library/Developer/Xcode/DerivedData/Yoga_of_Eating-ducgyjnlphnmtmcobbndvvbfdgcp/Build/Products/Debug-iphonesimulator/PackageFrameworks\ /Users/sunil/Library/Developer/Xcode/DerivedData/Yoga_of_Eating-ducgyjnlphnmtmcobbndvvbfdgcp/Build/Products/Debug-iphonesimulator/PackageFrameworks\ /Users/sunil/Library/Developer/Xcode/DerivedData/Yoga_of_Eating-ducgyjnlphnmtmcobbndvvbfdgcp/Build/Products/Debug-iphonesimulator/PackageFrameworks\ /Users/sunil/Library/Developer/Xcode/DerivedData/Yoga_of_Eating-ducgyjnlphnmtmcobbndvvbfdgcp/Build/Products/Debug-iphonesimulator/PackageFrameworks\ /Users/sunil/Library/Developer/Xcode/DerivedData/Yoga_of_Eating-ducgyjnlphnmtmcobbndvvbfdgcp/Build/Products/Debug-iphonesimulator/PackageFrameworks\ /Users/sunil/Library/Developer/Xcode/DerivedData/Yoga_of_Eating-ducgyjnlphnmtmcobbndvvbfdgcp/Build/Products/Debug-iphonesimulator/PackageFrameworks\ /Users/sunil/Library/Developer/Xcode/DerivedData/Yoga_of_Eating-ducgyjnlphnmtmcobbndvvbfdgcp/Build/Products/Debug-iphonesimulator/PackageFrameworks\ /Users/sunil/Library/Developer/Xcode/DerivedData/Yoga_of_Eating-ducgyjnlphnmtmcobbndvvbfdgcp/Build/Products/Debug-iphonesimulator/PackageFrameworks\ /Users/sunil/Library/Developer/Xcode/DerivedData/Yoga_of_Eating-ducgyjnlphnmtmcobbndvvbfdgcp/Build/Products/Debug-iphonesimulator/PackageFrameworks\ /Users/sunil/Library/Developer/Xcode/DerivedData/Yoga_of_Eating-ducgyjnlphnmtmcobbndvvbfdgcp/Build/Products/Debug-iphonesimulator/PackageFrameworks\ /Users/sunil/Library/Developer/Xcode/DerivedData/Yoga_of_Eating-ducgyjnlphnmtmcobbndvvbfdgcp/Build/Products/Debug-iphonesimulator/PackageFrameworks\ /Users/sunil/Library/Developer/Xcode/DerivedData/Yoga_of_Eating-ducgyjnlphnmtmcobbndvvbfdgcp/Build/Products/Debug-iphonesimulator/PackageFrameworks\ /Users/sunil/Library/Developer/Xcode/DerivedData/Yoga_of_Eating-ducgyjnlphnmtmcobbndvvbfdgcp/Build/Products/Debug-iphonesimulator/PackageFrameworks\ /Users/sunil/Library/Developer/Xcode/DerivedData/Yoga_of_Eating-ducgyjnlphnmtmcobbndvvbfdgcp/Build/Products/Debug-iphonesimulator/PackageFrameworks\ /Users/sunil/Library/Developer/Xcode/DerivedData/Yoga_of_Eating-ducgyjnlphnmtmcobbndvvbfdgcp/Build/Products/Debug-iphonesimulator/PackageFrameworks\ /Users/sunil/Library/Developer/Xcode/DerivedData/Yoga_of_Eating-ducgyjnlphnmtmcobbndvvbfdgcp/Build/Products/Debug-iphonesimulator/PackageFrameworks\ /Users/sunil/Library/Developer/Xcode/DerivedData/Yoga_of_Eating-ducgyjnlphnmtmcobbndvvbfdgcp/Build/Products/Debug-iphonesimulator/PackageFrameworks\ /Users/sunil/Library/Developer/Xcode/DerivedData/Yoga_of_Eating-ducgyjnlphnmtmcobbndvvbfdgcp/Build/Products/Debug-iphonesimulator/PackageFrameworks\ @executable_path/Frameworks
    export LD_RUNPATH_SEARCH_PATHS_YES\=@loader_path/../Frameworks
    export LD_SHARED_CACHE_ELIGIBLE\=Automatic
    export LD_WARN_DUPLICATE_LIBRARIES\=NO
    export LD_WARN_UNUSED_DYLIBS\=NO
    export LEGACY_DEVELOPER_DIR\=/Applications/Xcode.app/Contents/PlugIns/Xcode3Core.ideplugin/Contents/SharedSupport/Developer
    export LEX\=lex
    export LIBRARY_DEXT_INSTALL_PATH\=/Library/DriverExtensions
    export LIBRARY_FLAG_NOSPACE\=YES
    export LIBRARY_FLAG_PREFIX\=-l
    export LIBRARY_KEXT_INSTALL_PATH\=/Library/Extensions
    export LIBRARY_SEARCH_PATHS\=/Users/sunil/Library/Developer/Xcode/DerivedData/Yoga_of_Eating-ducgyjnlphnmtmcobbndvvbfdgcp/Build/Products/Debug-iphonesimulator\ 
    export LINKER_DISPLAYS_MANGLED_NAMES\=NO
    export LINK_FILE_LIST_normal_arm64\=/Users/sunil/Library/Developer/Xcode/DerivedData/Yoga_of_Eating-ducgyjnlphnmtmcobbndvvbfdgcp/Build/Intermediates.noindex/Yoga\ of\ Eating.build/Debug-iphonesimulator/Yoga\ of\ Eating.build/Objects-normal/arm64/Yoga\ of\ Eating.LinkFileList
    export LINK_OBJC_RUNTIME\=YES
    export LINK_WITH_STANDARD_LIBRARIES\=YES
    export LLVM_TARGET_TRIPLE_OS_VERSION\=ios26.2
    export LLVM_TARGET_TRIPLE_SUFFIX\=-simulator
    export LLVM_TARGET_TRIPLE_VENDOR\=apple
    export LM_AUX_CONST_METADATA_LIST_PATH_normal_arm64\=/Users/sunil/Library/Developer/Xcode/DerivedData/Yoga_of_Eating-ducgyjnlphnmtmcobbndvvbfdgcp/Build/Intermediates.noindex/Yoga\ of\ Eating.build/Debug-iphonesimulator/Yoga\ of\ Eating.build/Objects-normal/arm64/Yoga\ of\ Eating.SwiftConstValuesFileList
    export LOCALIZATION_EXPORT_SUPPORTED\=YES
    export LOCALIZATION_PREFERS_STRING_CATALOGS\=YES
    export LOCALIZED_RESOURCES_FOLDER_PATH\=Yoga\ of\ Eating.app/en.lproj
    export LOCALIZED_STRING_CODE_COMMENTS\=NO
    export LOCALIZED_STRING_MACRO_NAMES\=NSLocalizedString\ CFCopyLocalizedString
    export LOCALIZED_STRING_SWIFTUI_SUPPORT\=YES
    export LOCAL_ADMIN_APPS_DIR\=/Applications/Utilities
    export LOCAL_APPS_DIR\=/Applications
    export LOCAL_DEVELOPER_DIR\=/Library/Developer
    export LOCAL_LIBRARY_DIR\=/Library
    export LOCROOT\=/Users/sunil/Downloads/YogaofEating
    export LOCSYMROOT\=/Users/sunil/Downloads/YogaofEating
    export MACH_O_TYPE\=mh_execute
    export MAC_OS_X_PRODUCT_BUILD_VERSION\=25F71
    export MAC_OS_X_VERSION_ACTUAL\=260500
    export MAC_OS_X_VERSION_MAJOR\=260000
    export MAC_OS_X_VERSION_MINOR\=260500
    export MAKE_MERGEABLE\=NO
    export MARKETING_VERSION\=1.0
    export MERGEABLE_LIBRARY\=NO
    export MERGED_BINARY_TYPE\=none
    export MERGE_LINKED_LIBRARIES\=NO
    export METAL_LIBRARY_FILE_BASE\=default
    export METAL_LIBRARY_OUTPUT_DIR\=/Users/sunil/Library/Developer/Xcode/DerivedData/Yoga_of_Eating-ducgyjnlphnmtmcobbndvvbfdgcp/Build/Products/Debug-iphonesimulator/Yoga\ of\ Eating.app
    export MODULES_FOLDER_PATH\=Yoga\ of\ Eating.app/Modules
    export MODULE_CACHE_DIR\=/Users/sunil/Library/Developer/Xcode/DerivedData/ModuleCache.noindex
    export MTL_ENABLE_DEBUG_INFO\=INCLUDE_SOURCE
    export MTL_FAST_MATH\=YES
    export NATIVE_ARCH\=arm64
    export NATIVE_ARCH_32_BIT\=arm
    export NATIVE_ARCH_64_BIT\=arm64
    export NATIVE_ARCH_ACTUAL\=arm64
    export NO_COMMON\=YES
    export OBJC_ABI_VERSION\=2
    export OBJECT_FILE_DIR\=/Users/sunil/Library/Developer/Xcode/DerivedData/Yoga_of_Eating-ducgyjnlphnmtmcobbndvvbfdgcp/Build/Intermediates.noindex/Yoga\ of\ Eating.build/Debug-iphonesimulator/Yoga\ of\ Eating.build/Objects
    export OBJECT_FILE_DIR_normal\=/Users/sunil/Library/Developer/Xcode/DerivedData/Yoga_of_Eating-ducgyjnlphnmtmcobbndvvbfdgcp/Build/Intermediates.noindex/Yoga\ of\ Eating.build/Debug-iphonesimulator/Yoga\ of\ Eating.build/Objects-normal
    export OBJROOT\=/Users/sunil/Library/Developer/Xcode/DerivedData/Yoga_of_Eating-ducgyjnlphnmtmcobbndvvbfdgcp/Build/Intermediates.noindex
    export ONLY_ACTIVE_ARCH\=YES
    export OS\=MACOS
    export OSAC\=/usr/bin/osacompile
    export OTHER_CFLAGS\=-fmodule-map-file\=/Users/sunil/Library/Developer/Xcode/DerivedData/Yoga_of_Eating-ducgyjnlphnmtmcobbndvvbfdgcp/Build/Intermediates.noindex/GeneratedModuleMaps-iphonesimulator/FirebaseAILogic.modulemap\ -fmodule-map-file\=/Users/sunil/Library/Developer/Xcode/DerivedData/Yoga_of_Eating-ducgyjnlphnmtmcobbndvvbfdgcp/Build/Intermediates.noindex/GeneratedModuleMaps-iphonesimulator/FirebaseAI.modulemap\ -fmodule-map-file\=/Users/sunil/Library/Developer/Xcode/DerivedData/Yoga_of_Eating-ducgyjnlphnmtmcobbndvvbfdgcp/Build/Intermediates.noindex/GeneratedModuleMaps-iphonesimulator/abslWrapper.modulemap\ -fmodule-map-file\=/Users/sunil/Library/Developer/Xcode/DerivedData/Yoga_of_Eating-ducgyjnlphnmtmcobbndvvbfdgcp/Build/Intermediates.noindex/GeneratedModuleMaps-iphonesimulator/opensslWrapper.modulemap\ -fmodule-map-file\=/Users/sunil/Library/Developer/Xcode/DerivedData/Yoga_of_Eating-ducgyjnlphnmtmcobbndvvbfdgcp/Build/Intermediates.noindex/GeneratedModuleMaps-iphonesimulator/grpcWrapper.modulemap\ -fmodule-map-file\=/Users/sunil/Library/Developer/Xcode/DerivedData/Yoga_of_Eating-ducgyjnlphnmtmcobbndvvbfdgcp/Build/Intermediates.noindex/GeneratedModuleMaps-iphonesimulator/grpcppWrapper.modulemap\ -fmodule-map-file\=/Users/sunil/Library/Developer/Xcode/DerivedData/Yoga_of_Eating-ducgyjnlphnmtmcobbndvvbfdgcp/Build/Intermediates.noindex/GeneratedModuleMaps-iphonesimulator/nanopb.modulemap\ -fmodule-map-file\=/Users/sunil/Library/Developer/Xcode/DerivedData/Yoga_of_Eating-ducgyjnlphnmtmcobbndvvbfdgcp/Build/Intermediates.noindex/GeneratedModuleMaps-iphonesimulator/leveldb.modulemap\ -fmodule-map-file\=/Users/sunil/Library/Developer/Xcode/DerivedData/Yoga_of_Eating-ducgyjnlphnmtmcobbndvvbfdgcp/Build/Intermediates.noindex/GeneratedModuleMaps-iphonesimulator/FirebaseFirestore.modulemap\ -fmodule-map-file\=/Users/sunil/Library/Developer/Xcode/DerivedData/Yoga_of_Eating-ducgyjnlphnmtmcobbndvvbfdgcp/Build/Intermediates.noindex/GeneratedModuleMaps-iphonesimulator/FirebaseFirestoreInternalWrapper.modulemap\ -fmodule-map-file\=/Users/sunil/Library/Developer/Xcode/DerivedData/Yoga_of_Eating-ducgyjnlphnmtmcobbndvvbfdgcp/Build/Intermediates.noindex/GeneratedModuleMaps-iphonesimulator/FirebaseFirestoreTarget.modulemap\ -fmodule-map-file\=/Users/sunil/Library/Developer/Xcode/DerivedData/Yoga_of_Eating-ducgyjnlphnmtmcobbndvvbfdgcp/Build/Intermediates.noindex/GeneratedModuleMaps-iphonesimulator/GoogleSignInSwift.modulemap\ -fmodule-map-file\=/Users/sunil/Library/Developer/Xcode/DerivedData/Yoga_of_Eating-ducgyjnlphnmtmcobbndvvbfdgcp/Build/Intermediates.noindex/GeneratedModuleMaps-iphonesimulator/FirebaseSharedSwift.modulemap\ -fmodule-map-file\=/Users/sunil/Library/Developer/Xcode/DerivedData/Yoga_of_Eating-ducgyjnlphnmtmcobbndvvbfdgcp/Build/Intermediates.noindex/GeneratedModuleMaps-iphonesimulator/FirebaseMessagingInterop.modulemap\ -fmodule-map-file\=/Users/sunil/Library/Developer/Xcode/DerivedData/Yoga_of_Eating-ducgyjnlphnmtmcobbndvvbfdgcp/Build/Intermediates.noindex/GeneratedModuleMaps-iphonesimulator/FirebaseFunctions.modulemap\ -fmodule-map-file\=/Users/sunil/Library/Developer/Xcode/DerivedData/Yoga_of_Eating-ducgyjnlphnmtmcobbndvvbfdgcp/Build/Intermediates.noindex/GeneratedModuleMaps-iphonesimulator/RecaptchaInterop.modulemap\ -fmodule-map-file\=/Users/sunil/Library/Developer/Xcode/DerivedData/Yoga_of_Eating-ducgyjnlphnmtmcobbndvvbfdgcp/Build/Intermediates.noindex/GeneratedModuleMaps-iphonesimulator/GoogleUtilities-Network.modulemap\ -fmodule-map-file\=/Users/sunil/Library/Developer/Xcode/DerivedData/Yoga_of_Eating-ducgyjnlphnmtmcobbndvvbfdgcp/Build/Intermediates.noindex/GeneratedModuleMaps-iphonesimulator/GoogleUtilities-Reachability.modulemap\ -fmodule-map-file\=/Users/sunil/Library/Developer/Xcode/DerivedData/Yoga_of_Eating-ducgyjnlphnmtmcobbndvvbfdgcp/Build/Intermediates.noindex/GeneratedModuleMaps-iphonesimulator/GoogleUtilities-NSData.modulemap\ -fmodule-map-file\=/Users/sunil/Library/Developer/Xcode/DerivedData/Yoga_of_Eating-ducgyjnlphnmtmcobbndvvbfdgcp/Build/Intermediates.noindex/GeneratedModuleMaps-iphonesimulator/GoogleUtilities-AppDelegateSwizzler.modulemap\ -fmodule-map-file\=/Users/sunil/Library/Developer/Xcode/DerivedData/Yoga_of_Eating-ducgyjnlphnmtmcobbndvvbfdgcp/Build/Intermediates.noindex/GeneratedModuleMaps-iphonesimulator/FirebaseCoreExtension.modulemap\ -fmodule-map-file\=/Users/sunil/Library/Developer/Xcode/DerivedData/Yoga_of_Eating-ducgyjnlphnmtmcobbndvvbfdgcp/Build/Intermediates.noindex/GeneratedModuleMaps-iphonesimulator/FirebaseCore.modulemap\ -fmodule-map-file\=/Users/sunil/Library/Developer/Xcode/DerivedData/Yoga_of_Eating-ducgyjnlphnmtmcobbndvvbfdgcp/Build/Intermediates.noindex/GeneratedModuleMaps-iphonesimulator/FirebaseCoreInternal.modulemap\ -fmodule-map-file\=/Users/sunil/Library/Developer/Xcode/DerivedData/Yoga_of_Eating-ducgyjnlphnmtmcobbndvvbfdgcp/Build/Intermediates.noindex/GeneratedModuleMaps-iphonesimulator/FirebaseAuthInternal.modulemap\ -fmodule-map-file\=/Users/sunil/Library/Developer/Xcode/DerivedData/Yoga_of_Eating-ducgyjnlphnmtmcobbndvvbfdgcp/Build/Intermediates.noindex/GeneratedModuleMaps-iphonesimulator/FirebaseAuthInterop.modulemap\ -fmodule-map-file\=/Users/sunil/Library/Developer/Xcode/DerivedData/Yoga_of_Eating-ducgyjnlphnmtmcobbndvvbfdgcp/Build/Intermediates.noindex/GeneratedModuleMaps-iphonesimulator/FirebaseAppCheckInterop.modulemap\ -fmodule-map-file\=/Users/sunil/Library/Developer/Xcode/DerivedData/Yoga_of_Eating-ducgyjnlphnmtmcobbndvvbfdgcp/Build/Intermediates.noindex/GeneratedModuleMaps-iphonesimulator/FirebaseAuth.modulemap\ -fmodule-map-file\=/Users/sunil/Library/Developer/Xcode/DerivedData/Yoga_of_Eating-ducgyjnlphnmtmcobbndvvbfdgcp/Build/Intermediates.noindex/GeneratedModuleMaps-iphonesimulator/AppAuth.modulemap\ -fmodule-map-file\=/Users/sunil/Library/Developer/Xcode/DerivedData/Yoga_of_Eating-ducgyjnlphnmtmcobbndvvbfdgcp/Build/Intermediates.noindex/GeneratedModuleMaps-iphonesimulator/AppAuthCore.modulemap\ -fmodule-map-file\=/Users/sunil/Library/Developer/Xcode/DerivedData/Yoga_of_Eating-ducgyjnlphnmtmcobbndvvbfdgcp/Build/Intermediates.noindex/GeneratedModuleMaps-iphonesimulator/GoogleUtilities-Logger.modulemap\ -fmodule-map-file\=/Users/sunil/Library/Developer/Xcode/DerivedData/Yoga_of_Eating-ducgyjnlphnmtmcobbndvvbfdgcp/Build/Intermediates.noindex/GeneratedModuleMaps-iphonesimulator/GoogleUtilities-Environment.modulemap\ -fmodule-map-file\=/Users/sunil/Library/Developer/Xcode/DerivedData/Yoga_of_Eating-ducgyjnlphnmtmcobbndvvbfdgcp/Build/Intermediates.noindex/GeneratedModuleMaps-iphonesimulator/third-party-IsAppEncrypted.modulemap\ -fmodule-map-file\=/Users/sunil/Library/Developer/Xcode/DerivedData/Yoga_of_Eating-ducgyjnlphnmtmcobbndvvbfdgcp/Build/Intermediates.noindex/GeneratedModuleMaps-iphonesimulator/GoogleUtilities-UserDefaults.modulemap\ -fmodule-map-file\=/Users/sunil/Library/Developer/Xcode/DerivedData/Yoga_of_Eating-ducgyjnlphnmtmcobbndvvbfdgcp/Build/Intermediates.noindex/GeneratedModuleMaps-iphonesimulator/AppCheckCore.modulemap\ -fmodule-map-file\=/Users/sunil/Library/Developer/Xcode/DerivedData/Yoga_of_Eating-ducgyjnlphnmtmcobbndvvbfdgcp/Build/Intermediates.noindex/GeneratedModuleMaps-iphonesimulator/GTMAppAuth.modulemap\ -fmodule-map-file\=/Users/sunil/Library/Developer/Xcode/DerivedData/Yoga_of_Eating-ducgyjnlphnmtmcobbndvvbfdgcp/Build/Intermediates.noindex/GeneratedModuleMaps-iphonesimulator/GTMSessionFetcherCore.modulemap\ -fmodule-map-file\=/Users/sunil/Library/Developer/Xcode/DerivedData/Yoga_of_Eating-ducgyjnlphnmtmcobbndvvbfdgcp/Build/Intermediates.noindex/GeneratedModuleMaps-iphonesimulator/GoogleSignIn.modulemap\ 
    export OTHER_CPLUSPLUSFLAGS\=-fmodule-map-file\=/Users/sunil/Library/Developer/Xcode/DerivedData/Yoga_of_Eating-ducgyjnlphnmtmcobbndvvbfdgcp/Build/Intermediates.noindex/GeneratedModuleMaps-iphonesimulator/FirebaseAILogic.modulemap\ -fmodule-map-file\=/Users/sunil/Library/Developer/Xcode/DerivedData/Yoga_of_Eating-ducgyjnlphnmtmcobbndvvbfdgcp/Build/Intermediates.noindex/GeneratedModuleMaps-iphonesimulator/FirebaseAI.modulemap\ -fmodule-map-file\=/Users/sunil/Library/Developer/Xcode/DerivedData/Yoga_of_Eating-ducgyjnlphnmtmcobbndvvbfdgcp/Build/Intermediates.noindex/GeneratedModuleMaps-iphonesimulator/abslWrapper.modulemap\ -fmodule-map-file\=/Users/sunil/Library/Developer/Xcode/DerivedData/Yoga_of_Eating-ducgyjnlphnmtmcobbndvvbfdgcp/Build/Intermediates.noindex/GeneratedModuleMaps-iphonesimulator/opensslWrapper.modulemap\ -fmodule-map-file\=/Users/sunil/Library/Developer/Xcode/DerivedData/Yoga_of_Eating-ducgyjnlphnmtmcobbndvvbfdgcp/Build/Intermediates.noindex/GeneratedModuleMaps-iphonesimulator/grpcWrapper.modulemap\ -fmodule-map-file\=/Users/sunil/Library/Developer/Xcode/DerivedData/Yoga_of_Eating-ducgyjnlphnmtmcobbndvvbfdgcp/Build/Intermediates.noindex/GeneratedModuleMaps-iphonesimulator/grpcppWrapper.modulemap\ -fmodule-map-file\=/Users/sunil/Library/Developer/Xcode/DerivedData/Yoga_of_Eating-ducgyjnlphnmtmcobbndvvbfdgcp/Build/Intermediates.noindex/GeneratedModuleMaps-iphonesimulator/nanopb.modulemap\ -fmodule-map-file\=/Users/sunil/Library/Developer/Xcode/DerivedData/Yoga_of_Eating-ducgyjnlphnmtmcobbndvvbfdgcp/Build/Intermediates.noindex/GeneratedModuleMaps-iphonesimulator/leveldb.modulemap\ -fmodule-map-file\=/Users/sunil/Library/Developer/Xcode/DerivedData/Yoga_of_Eating-ducgyjnlphnmtmcobbndvvbfdgcp/Build/Intermediates.noindex/GeneratedModuleMaps-iphonesimulator/FirebaseFirestore.modulemap\ -fmodule-map-file\=/Users/sunil/Library/Developer/Xcode/DerivedData/Yoga_of_Eating-ducgyjnlphnmtmcobbndvvbfdgcp/Build/Intermediates.noindex/GeneratedModuleMaps-iphonesimulator/FirebaseFirestoreInternalWrapper.modulemap\ -fmodule-map-file\=/Users/sunil/Library/Developer/Xcode/DerivedData/Yoga_of_Eating-ducgyjnlphnmtmcobbndvvbfdgcp/Build/Intermediates.noindex/GeneratedModuleMaps-iphonesimulator/FirebaseFirestoreTarget.modulemap\ -fmodule-map-file\=/Users/sunil/Library/Developer/Xcode/DerivedData/Yoga_of_Eating-ducgyjnlphnmtmcobbndvvbfdgcp/Build/Intermediates.noindex/GeneratedModuleMaps-iphonesimulator/GoogleSignInSwift.modulemap\ -fmodule-map-file\=/Users/sunil/Library/Developer/Xcode/DerivedData/Yoga_of_Eating-ducgyjnlphnmtmcobbndvvbfdgcp/Build/Intermediates.noindex/GeneratedModuleMaps-iphonesimulator/FirebaseSharedSwift.modulemap\ -fmodule-map-file\=/Users/sunil/Library/Developer/Xcode/DerivedData/Yoga_of_Eating-ducgyjnlphnmtmcobbndvvbfdgcp/Build/Intermediates.noindex/GeneratedModuleMaps-iphonesimulator/FirebaseMessagingInterop.modulemap\ -fmodule-map-file\=/Users/sunil/Library/Developer/Xcode/DerivedData/Yoga_of_Eating-ducgyjnlphnmtmcobbndvvbfdgcp/Build/Intermediates.noindex/GeneratedModuleMaps-iphonesimulator/FirebaseFunctions.modulemap\ -fmodule-map-file\=/Users/sunil/Library/Developer/Xcode/DerivedData/Yoga_of_Eating-ducgyjnlphnmtmcobbndvvbfdgcp/Build/Intermediates.noindex/GeneratedModuleMaps-iphonesimulator/RecaptchaInterop.modulemap\ -fmodule-map-file\=/Users/sunil/Library/Developer/Xcode/DerivedData/Yoga_of_Eating-ducgyjnlphnmtmcobbndvvbfdgcp/Build/Intermediates.noindex/GeneratedModuleMaps-iphonesimulator/GoogleUtilities-Network.modulemap\ -fmodule-map-file\=/Users/sunil/Library/Developer/Xcode/DerivedData/Yoga_of_Eating-ducgyjnlphnmtmcobbndvvbfdgcp/Build/Intermediates.noindex/GeneratedModuleMaps-iphonesimulator/GoogleUtilities-Reachability.modulemap\ -fmodule-map-file\=/Users/sunil/Library/Developer/Xcode/DerivedData/Yoga_of_Eating-ducgyjnlphnmtmcobbndvvbfdgcp/Build/Intermediates.noindex/GeneratedModuleMaps-iphonesimulator/GoogleUtilities-NSData.modulemap\ -fmodule-map-file\=/Users/sunil/Library/Developer/Xcode/DerivedData/Yoga_of_Eating-ducgyjnlphnmtmcobbndvvbfdgcp/Build/Intermediates.noindex/GeneratedModuleMaps-iphonesimulator/GoogleUtilities-AppDelegateSwizzler.modulemap\ -fmodule-map-file\=/Users/sunil/Library/Developer/Xcode/DerivedData/Yoga_of_Eating-ducgyjnlphnmtmcobbndvvbfdgcp/Build/Intermediates.noindex/GeneratedModuleMaps-iphonesimulator/FirebaseCoreExtension.modulemap\ -fmodule-map-file\=/Users/sunil/Library/Developer/Xcode/DerivedData/Yoga_of_Eating-ducgyjnlphnmtmcobbndvvbfdgcp/Build/Intermediates.noindex/GeneratedModuleMaps-iphonesimulator/FirebaseCore.modulemap\ -fmodule-map-file\=/Users/sunil/Library/Developer/Xcode/DerivedData/Yoga_of_Eating-ducgyjnlphnmtmcobbndvvbfdgcp/Build/Intermediates.noindex/GeneratedModuleMaps-iphonesimulator/FirebaseCoreInternal.modulemap\ -fmodule-map-file\=/Users/sunil/Library/Developer/Xcode/DerivedData/Yoga_of_Eating-ducgyjnlphnmtmcobbndvvbfdgcp/Build/Intermediates.noindex/GeneratedModuleMaps-iphonesimulator/FirebaseAuthInternal.modulemap\ -fmodule-map-file\=/Users/sunil/Library/Developer/Xcode/DerivedData/Yoga_of_Eating-ducgyjnlphnmtmcobbndvvbfdgcp/Build/Intermediates.noindex/GeneratedModuleMaps-iphonesimulator/FirebaseAuthInterop.modulemap\ -fmodule-map-file\=/Users/sunil/Library/Developer/Xcode/DerivedData/Yoga_of_Eating-ducgyjnlphnmtmcobbndvvbfdgcp/Build/Intermediates.noindex/GeneratedModuleMaps-iphonesimulator/FirebaseAppCheckInterop.modulemap\ -fmodule-map-file\=/Users/sunil/Library/Developer/Xcode/DerivedData/Yoga_of_Eating-ducgyjnlphnmtmcobbndvvbfdgcp/Build/Intermediates.noindex/GeneratedModuleMaps-iphonesimulator/FirebaseAuth.modulemap\ -fmodule-map-file\=/Users/sunil/Library/Developer/Xcode/DerivedData/Yoga_of_Eating-ducgyjnlphnmtmcobbndvvbfdgcp/Build/Intermediates.noindex/GeneratedModuleMaps-iphonesimulator/AppAuth.modulemap\ -fmodule-map-file\=/Users/sunil/Library/Developer/Xcode/DerivedData/Yoga_of_Eating-ducgyjnlphnmtmcobbndvvbfdgcp/Build/Intermediates.noindex/GeneratedModuleMaps-iphonesimulator/AppAuthCore.modulemap\ -fmodule-map-file\=/Users/sunil/Library/Developer/Xcode/DerivedData/Yoga_of_Eating-ducgyjnlphnmtmcobbndvvbfdgcp/Build/Intermediates.noindex/GeneratedModuleMaps-iphonesimulator/GoogleUtilities-Logger.modulemap\ -fmodule-map-file\=/Users/sunil/Library/Developer/Xcode/DerivedData/Yoga_of_Eating-ducgyjnlphnmtmcobbndvvbfdgcp/Build/Intermediates.noindex/GeneratedModuleMaps-iphonesimulator/GoogleUtilities-Environment.modulemap\ -fmodule-map-file\=/Users/sunil/Library/Developer/Xcode/DerivedData/Yoga_of_Eating-ducgyjnlphnmtmcobbndvvbfdgcp/Build/Intermediates.noindex/GeneratedModuleMaps-iphonesimulator/third-party-IsAppEncrypted.modulemap\ -fmodule-map-file\=/Users/sunil/Library/Developer/Xcode/DerivedData/Yoga_of_Eating-ducgyjnlphnmtmcobbndvvbfdgcp/Build/Intermediates.noindex/GeneratedModuleMaps-iphonesimulator/GoogleUtilities-UserDefaults.modulemap\ -fmodule-map-file\=/Users/sunil/Library/Developer/Xcode/DerivedData/Yoga_of_Eating-ducgyjnlphnmtmcobbndvvbfdgcp/Build/Intermediates.noindex/GeneratedModuleMaps-iphonesimulator/AppCheckCore.modulemap\ -fmodule-map-file\=/Users/sunil/Library/Developer/Xcode/DerivedData/Yoga_of_Eating-ducgyjnlphnmtmcobbndvvbfdgcp/Build/Intermediates.noindex/GeneratedModuleMaps-iphonesimulator/GTMAppAuth.modulemap\ -fmodule-map-file\=/Users/sunil/Library/Developer/Xcode/DerivedData/Yoga_of_Eating-ducgyjnlphnmtmcobbndvvbfdgcp/Build/Intermediates.noindex/GeneratedModuleMaps-iphonesimulator/GTMSessionFetcherCore.modulemap\ -fmodule-map-file\=/Users/sunil/Library/Developer/Xcode/DerivedData/Yoga_of_Eating-ducgyjnlphnmtmcobbndvvbfdgcp/Build/Intermediates.noindex/GeneratedModuleMaps-iphonesimulator/GoogleSignIn.modulemap\ 
    export OTHER_LDFLAGS\=-Wl,-no_warn_duplicate_libraries\ -Wl,-no_warn_duplicate_libraries\ -Wl,-no_warn_duplicate_libraries\ -Wl,-no_warn_duplicate_libraries\ -Wl,-no_warn_duplicate_libraries\ -Wl,-no_warn_duplicate_libraries\ -Wl,-no_warn_duplicate_libraries\ -lc++\ -Wl,-no_warn_duplicate_libraries\ -Wl,-no_warn_duplicate_libraries\ -Wl,-no_warn_duplicate_libraries\ -Wl,-no_warn_duplicate_libraries\ -Wl,-no_warn_duplicate_libraries\ -Wl,-no_warn_duplicate_libraries\ -Wl,-no_warn_duplicate_libraries\ -Wl,-no_warn_duplicate_libraries\ -Wl,-no_warn_duplicate_libraries\ -Wl,-no_warn_duplicate_libraries\ -Wl,-no_warn_duplicate_libraries\ -Wl,-no_warn_duplicate_libraries\ -Wl,-no_warn_duplicate_libraries\ -Wl,-no_warn_duplicate_libraries\ -Wl,-no_warn_duplicate_libraries\ -Wl,-no_warn_duplicate_libraries\ -Wl,-no_warn_duplicate_libraries\ -Wl,-no_warn_duplicate_libraries\ -Wl,-no_warn_duplicate_libraries\ -Wl,-no_warn_duplicate_libraries\ -Wl,-no_warn_duplicate_libraries\ -Wl,-no_warn_duplicate_libraries\ -Wl,-no_warn_duplicate_libraries\ -Wl,-no_warn_duplicate_libraries\ -Wl,-no_warn_duplicate_libraries\ -Wl,-no_warn_duplicate_libraries\ -Wl,-no_warn_duplicate_libraries\ -Wl,-no_warn_duplicate_libraries\ -Wl,-no_warn_duplicate_libraries\ -Wl,-no_warn_duplicate_libraries\ -Wl,-no_warn_duplicate_libraries\ -Wl,-no_warn_duplicate_libraries\ \ -framework\ CoreGraphics\ -framework\ CoreText\ -framework\ Foundation\ -framework\ LocalAuthentication\ -framework\ Security\ -framework\ UIKit\ -framework\ Security\ -framework\ DeviceCheck\ -framework\ Security\ -framework\ SafariServices\ -framework\ UIKit\ -lz\ -lc++\ -framework\ SystemConfiguration\ -framework\ UIKit
    export OTHER_SWIFT_FLAGS\=-Xcc\ -fmodule-map-file\=/Users/sunil/Library/Developer/Xcode/DerivedData/Yoga_of_Eating-ducgyjnlphnmtmcobbndvvbfdgcp/Build/Intermediates.noindex/GeneratedModuleMaps-iphonesimulator/abslWrapper.modulemap\ -Xcc\ -fmodule-map-file\=/Users/sunil/Library/Developer/Xcode/DerivedData/Yoga_of_Eating-ducgyjnlphnmtmcobbndvvbfdgcp/Build/Intermediates.noindex/GeneratedModuleMaps-iphonesimulator/opensslWrapper.modulemap\ -Xcc\ -fmodule-map-file\=/Users/sunil/Library/Developer/Xcode/DerivedData/Yoga_of_Eating-ducgyjnlphnmtmcobbndvvbfdgcp/Build/Intermediates.noindex/GeneratedModuleMaps-iphonesimulator/grpcWrapper.modulemap\ -Xcc\ -fmodule-map-file\=/Users/sunil/Library/Developer/Xcode/DerivedData/Yoga_of_Eating-ducgyjnlphnmtmcobbndvvbfdgcp/Build/Intermediates.noindex/GeneratedModuleMaps-iphonesimulator/grpcppWrapper.modulemap\ -Xcc\ -fmodule-map-file\=/Users/sunil/Library/Developer/Xcode/DerivedData/Yoga_of_Eating-ducgyjnlphnmtmcobbndvvbfdgcp/Build/Intermediates.noindex/GeneratedModuleMaps-iphonesimulator/nanopb.modulemap\ -Xcc\ -fmodule-map-file\=/Users/sunil/Library/Developer/Xcode/DerivedData/Yoga_of_Eating-ducgyjnlphnmtmcobbndvvbfdgcp/Build/Intermediates.noindex/GeneratedModuleMaps-iphonesimulator/leveldb.modulemap\ -Xcc\ -fmodule-map-file\=/Users/sunil/Library/Developer/Xcode/DerivedData/Yoga_of_Eating-ducgyjnlphnmtmcobbndvvbfdgcp/Build/Intermediates.noindex/GeneratedModuleMaps-iphonesimulator/FirebaseFirestoreInternalWrapper.modulemap\ -Xcc\ -fmodule-map-file\=/Users/sunil/Library/Developer/Xcode/DerivedData/Yoga_of_Eating-ducgyjnlphnmtmcobbndvvbfdgcp/Build/Intermediates.noindex/GeneratedModuleMaps-iphonesimulator/FirebaseFirestoreTarget.modulemap\ -Xcc\ -fmodule-map-file\=/Users/sunil/Library/Developer/Xcode/DerivedData/Yoga_of_Eating-ducgyjnlphnmtmcobbndvvbfdgcp/Build/Intermediates.noindex/GeneratedModuleMaps-iphonesimulator/FirebaseMessagingInterop.modulemap\ -Xcc\ -fmodule-map-file\=/Users/sunil/Library/Developer/Xcode/DerivedData/Yoga_of_Eating-ducgyjnlphnmtmcobbndvvbfdgcp/Build/Intermediates.noindex/GeneratedModuleMaps-iphonesimulator/RecaptchaInterop.modulemap\ -Xcc\ -fmodule-map-file\=/Users/sunil/Library/Developer/Xcode/DerivedData/Yoga_of_Eating-ducgyjnlphnmtmcobbndvvbfdgcp/Build/Intermediates.noindex/GeneratedModuleMaps-iphonesimulator/GoogleUtilities-Network.modulemap\ -Xcc\ -fmodule-map-file\=/Users/sunil/Library/Developer/Xcode/DerivedData/Yoga_of_Eating-ducgyjnlphnmtmcobbndvvbfdgcp/Build/Intermediates.noindex/GeneratedModuleMaps-iphonesimulator/GoogleUtilities-Reachability.modulemap\ -Xcc\ -fmodule-map-file\=/Users/sunil/Library/Developer/Xcode/DerivedData/Yoga_of_Eating-ducgyjnlphnmtmcobbndvvbfdgcp/Build/Intermediates.noindex/GeneratedModuleMaps-iphonesimulator/GoogleUtilities-NSData.modulemap\ -Xcc\ -fmodule-map-file\=/Users/sunil/Library/Developer/Xcode/DerivedData/Yoga_of_Eating-ducgyjnlphnmtmcobbndvvbfdgcp/Build/Intermediates.noindex/GeneratedModuleMaps-iphonesimulator/GoogleUtilities-AppDelegateSwizzler.modulemap\ -Xcc\ -fmodule-map-file\=/Users/sunil/Library/Developer/Xcode/DerivedData/Yoga_of_Eating-ducgyjnlphnmtmcobbndvvbfdgcp/Build/Intermediates.noindex/GeneratedModuleMaps-iphonesimulator/FirebaseCoreExtension.modulemap\ -Xcc\ -fmodule-map-file\=/Users/sunil/Library/Developer/Xcode/DerivedData/Yoga_of_Eating-ducgyjnlphnmtmcobbndvvbfdgcp/Build/Intermediates.noindex/GeneratedModuleMaps-iphonesimulator/FirebaseCore.modulemap\ -Xcc\ -fmodule-map-file\=/Users/sunil/Library/Developer/Xcode/DerivedData/Yoga_of_Eating-ducgyjnlphnmtmcobbndvvbfdgcp/Build/Intermediates.noindex/GeneratedModuleMaps-iphonesimulator/FirebaseAuthInternal.modulemap\ -Xcc\ -fmodule-map-file\=/Users/sunil/Library/Developer/Xcode/DerivedData/Yoga_of_Eating-ducgyjnlphnmtmcobbndvvbfdgcp/Build/Intermediates.noindex/GeneratedModuleMaps-iphonesimulator/FirebaseAuthInterop.modulemap\ -Xcc\ -fmodule-map-file\=/Users/sunil/Library/Developer/Xcode/DerivedData/Yoga_of_Eating-ducgyjnlphnmtmcobbndvvbfdgcp/Build/Intermediates.noindex/GeneratedModuleMaps-iphonesimulator/FirebaseAppCheckInterop.modulemap\ -Xcc\ -fmodule-map-file\=/Users/sunil/Library/Developer/Xcode/DerivedData/Yoga_of_Eating-ducgyjnlphnmtmcobbndvvbfdgcp/Build/Intermediates.noindex/GeneratedModuleMaps-iphonesimulator/AppAuth.modulemap\ -Xcc\ -fmodule-map-file\=/Users/sunil/Library/Developer/Xcode/DerivedData/Yoga_of_Eating-ducgyjnlphnmtmcobbndvvbfdgcp/Build/Intermediates.noindex/GeneratedModuleMaps-iphonesimulator/AppAuthCore.modulemap\ -Xcc\ -fmodule-map-file\=/Users/sunil/Library/Developer/Xcode/DerivedData/Yoga_of_Eating-ducgyjnlphnmtmcobbndvvbfdgcp/Build/Intermediates.noindex/GeneratedModuleMaps-iphonesimulator/GoogleUtilities-Logger.modulemap\ -Xcc\ -fmodule-map-file\=/Users/sunil/Library/Developer/Xcode/DerivedData/Yoga_of_Eating-ducgyjnlphnmtmcobbndvvbfdgcp/Build/Intermediates.noindex/GeneratedModuleMaps-iphonesimulator/GoogleUtilities-Environment.modulemap\ -Xcc\ -fmodule-map-file\=/Users/sunil/Library/Developer/Xcode/DerivedData/Yoga_of_Eating-ducgyjnlphnmtmcobbndvvbfdgcp/Build/Intermediates.noindex/GeneratedModuleMaps-iphonesimulator/third-party-IsAppEncrypted.modulemap\ -Xcc\ -fmodule-map-file\=/Users/sunil/Library/Developer/Xcode/DerivedData/Yoga_of_Eating-ducgyjnlphnmtmcobbndvvbfdgcp/Build/Intermediates.noindex/GeneratedModuleMaps-iphonesimulator/GoogleUtilities-UserDefaults.modulemap\ -Xcc\ -fmodule-map-file\=/Users/sunil/Library/Developer/Xcode/DerivedData/Yoga_of_Eating-ducgyjnlphnmtmcobbndvvbfdgcp/Build/Intermediates.noindex/GeneratedModuleMaps-iphonesimulator/AppCheckCore.modulemap\ -Xcc\ -fmodule-map-file\=/Users/sunil/Library/Developer/Xcode/DerivedData/Yoga_of_Eating-ducgyjnlphnmtmcobbndvvbfdgcp/Build/Intermediates.noindex/GeneratedModuleMaps-iphonesimulator/GTMSessionFetcherCore.modulemap\ -Xcc\ -fmodule-map-file\=/Users/sunil/Library/Developer/Xcode/DerivedData/Yoga_of_Eating-ducgyjnlphnmtmcobbndvvbfdgcp/Build/Intermediates.noindex/GeneratedModuleMaps-iphonesimulator/GoogleSignIn.modulemap\ 
    export PACKAGE_TYPE\=com.apple.package-type.wrapper.application
    export PASCAL_STRINGS\=YES
    export PATH\=/Applications/Xcode.app/Contents/SharedFrameworks/SwiftBuild.framework/Versions/A/PlugIns/SWBBuildService.bundle/Contents/PlugIns/SWBUniversalPlatformPlugin.bundle/Contents/Frameworks/SWBUniversalPlatform.framework/Resources:/Applications/Xcode.app/Contents/Developer/Toolchains/XcodeDefault.xctoolchain/usr/bin:/Applications/Xcode.app/Contents/Developer/Toolchains/XcodeDefault.xctoolchain/usr/local/bin:/Applications/Xcode.app/Contents/Developer/Toolchains/XcodeDefault.xctoolchain/usr/libexec:/Applications/Xcode.app/Contents/Developer/Platforms/iPhoneSimulator.platform/usr/bin:/Applications/Xcode.app/Contents/Developer/Platforms/iPhoneSimulator.platform/usr/local/bin:/Applications/Xcode.app/Contents/Developer/Platforms/iPhoneSimulator.platform/Developer/usr/bin:/Applications/Xcode.app/Contents/Developer/Platforms/iPhoneSimulator.platform/Developer/usr/local/bin:/Applications/Xcode.app/Contents/Developer/usr/bin:/Applications/Xcode.app/Contents/Developer/usr/local/bin:/opt/homebrew/opt/openjdk@21/libexec/openjdk.jdk/Contents/Home/bin:/Users/sunil/.npm-global/bin:/Users/sunil/.antigravity/antigravity/bin:/Users/sunil/.local/bin:/Users/sunil/Library/Android/sdk/platform-tools:/opt/homebrew/opt/openjdk@17/bin:/Users/sunil/Library/Application\ Support/Code/User/globalStorage/github.copilot-chat/debugCommand:/Users/sunil/Library/Application\ Support/Code/User/globalStorage/github.copilot-chat/copilotCli:/opt/homebrew/bin:/opt/homebrew/sbin:/usr/local/bin:/System/Cryptexes/App/usr/bin:/usr/bin:/bin:/usr/sbin:/sbin:/var/run/com.apple.security.cryptexd/codex.system/bootstrap/usr/local/bin:/var/run/com.apple.security.cryptexd/codex.system/bootstrap/usr/bin:/var/run/com.apple.security.cryptexd/codex.system/bootstrap/usr/appleinternal/bin:/pkg/env/global/bin:/Library/Apple/usr/bin:/Users/sunil/.swiftly/bin
    export PATH_PREFIXES_EXCLUDED_FROM_HEADER_DEPENDENCIES\=/usr/include\ /usr/local/include\ /System/Library/Frameworks\ /System/Library/PrivateFrameworks\ /Applications/Xcode.app/Contents/Developer/Headers\ /Applications/Xcode.app/Contents/Developer/SDKs\ /Applications/Xcode.app/Contents/Developer/Platforms
    export PBDEVELOPMENTPLIST_PATH\=Yoga\ of\ Eating.app/pbdevelopment.plist
    export PER_ARCH_MODULE_FILE_DIR\=/Users/sunil/Library/Developer/Xcode/DerivedData/Yoga_of_Eating-ducgyjnlphnmtmcobbndvvbfdgcp/Build/Intermediates.noindex/Yoga\ of\ Eating.build/Debug-iphonesimulator/Yoga\ of\ Eating.build/Objects-normal/undefined_arch
    export PER_ARCH_OBJECT_FILE_DIR\=/Users/sunil/Library/Developer/Xcode/DerivedData/Yoga_of_Eating-ducgyjnlphnmtmcobbndvvbfdgcp/Build/Intermediates.noindex/Yoga\ of\ Eating.build/Debug-iphonesimulator/Yoga\ of\ Eating.build/Objects-normal/undefined_arch
    export PER_VARIANT_OBJECT_FILE_DIR\=/Users/sunil/Library/Developer/Xcode/DerivedData/Yoga_of_Eating-ducgyjnlphnmtmcobbndvvbfdgcp/Build/Intermediates.noindex/Yoga\ of\ Eating.build/Debug-iphonesimulator/Yoga\ of\ Eating.build/Objects-normal
    export PKGINFO_FILE_PATH\=/Users/sunil/Library/Developer/Xcode/DerivedData/Yoga_of_Eating-ducgyjnlphnmtmcobbndvvbfdgcp/Build/Intermediates.noindex/Yoga\ of\ Eating.build/Debug-iphonesimulator/Yoga\ of\ Eating.build/PkgInfo
    export PKGINFO_PATH\=Yoga\ of\ Eating.app/PkgInfo
    export PLATFORM_DEVELOPER_APPLICATIONS_DIR\=/Applications/Xcode.app/Contents/Developer/Platforms/iPhoneSimulator.platform/Developer/Applications
    export PLATFORM_DEVELOPER_BIN_DIR\=/Applications/Xcode.app/Contents/Developer/Platforms/iPhoneSimulator.platform/Developer/usr/bin
    export PLATFORM_DEVELOPER_LIBRARY_DIR\=/Applications/Xcode.app/Contents/Developer/Platforms/iPhoneSimulator.platform/Developer/Library
    export PLATFORM_DEVELOPER_SDK_DIR\=/Applications/Xcode.app/Contents/Developer/Platforms/iPhoneSimulator.platform/Developer/SDKs
    export PLATFORM_DEVELOPER_TOOLS_DIR\=/Applications/Xcode.app/Contents/Developer/Platforms/iPhoneSimulator.platform/Developer/Tools
    export PLATFORM_DEVELOPER_USR_DIR\=/Applications/Xcode.app/Contents/Developer/Platforms/iPhoneSimulator.platform/Developer/usr
    export PLATFORM_DIR\=/Applications/Xcode.app/Contents/Developer/Platforms/iPhoneSimulator.platform
    export PLATFORM_DISPLAY_NAME\=iOS\ Simulator
    export PLATFORM_FAMILY_NAME\=iOS
    export PLATFORM_NAME\=iphonesimulator
    export PLATFORM_PREFERRED_ARCH\=x86_64
    export PLATFORM_PRODUCT_BUILD_VERSION\=23F73
    export PLATFORM_REQUIRES_SWIFT_AUTOLINK_EXTRACT\=NO
    export PLATFORM_REQUIRES_SWIFT_MODULEWRAP\=NO
    export PLATFORM_USES_DSYMS\=YES
    export PLIST_FILE_OUTPUT_FORMAT\=binary
    export PLUGINS_FOLDER_PATH\=Yoga\ of\ Eating.app/PlugIns
    export PRECOMPS_INCLUDE_HEADERS_FROM_BUILT_PRODUCTS_DIR\=YES
    export PRECOMP_DESTINATION_DIR\=/Users/sunil/Library/Developer/Xcode/DerivedData/Yoga_of_Eating-ducgyjnlphnmtmcobbndvvbfdgcp/Build/Intermediates.noindex/Yoga\ of\ Eating.build/Debug-iphonesimulator/Yoga\ of\ Eating.build/PrefixHeaders
    export PRIVATE_HEADERS_FOLDER_PATH\=Yoga\ of\ Eating.app/PrivateHeaders
    export PROCESSED_INFOPLIST_PATH\=/Users/sunil/Library/Developer/Xcode/DerivedData/Yoga_of_Eating-ducgyjnlphnmtmcobbndvvbfdgcp/Build/Intermediates.noindex/Yoga\ of\ Eating.build/Debug-iphonesimulator/Yoga\ of\ Eating.build/Objects-normal/undefined_arch/Processed-Info.plist
    export PRODUCT_BUNDLE_IDENTIFIER\=com.yogaofeating.Yoga-of-Eating
    export PRODUCT_BUNDLE_PACKAGE_TYPE\=APPL
    export PRODUCT_MODULE_NAME\=Yoga_of_Eating
    export PRODUCT_NAME\=Yoga\ of\ Eating
    export PRODUCT_SETTINGS_PATH\=/Users/sunil/Downloads/YogaofEating/Info.plist
    export PRODUCT_TYPE\=com.apple.product-type.application
    export PROFILING_CODE\=NO
    export PROJECT\=Yoga\ of\ Eating
    export PROJECT_DERIVED_FILE_DIR\=/Users/sunil/Library/Developer/Xcode/DerivedData/Yoga_of_Eating-ducgyjnlphnmtmcobbndvvbfdgcp/Build/Intermediates.noindex/Yoga\ of\ Eating.build/DerivedSources
    export PROJECT_DIR\=/Users/sunil/Downloads/YogaofEating
    export PROJECT_FILE_PATH\=/Users/sunil/Downloads/YogaofEating/Yoga\ of\ Eating.xcodeproj
    export PROJECT_GUID\=6ec78203e59d38cc8c9128f746e6b456
    export PROJECT_NAME\=Yoga\ of\ Eating
    export PROJECT_TEMP_DIR\=/Users/sunil/Library/Developer/Xcode/DerivedData/Yoga_of_Eating-ducgyjnlphnmtmcobbndvvbfdgcp/Build/Intermediates.noindex/Yoga\ of\ Eating.build
    export PROJECT_TEMP_ROOT\=/Users/sunil/Library/Developer/Xcode/DerivedData/Yoga_of_Eating-ducgyjnlphnmtmcobbndvvbfdgcp/Build/Intermediates.noindex
    export PROVISIONING_PROFILE_REQUIRED\=NO
    export PROVISIONING_PROFILE_REQUIRED_YES_YES\=YES
    export PROVISIONING_PROFILE_SUPPORTED\=YES
    export PUBLIC_HEADERS_FOLDER_PATH\=Yoga\ of\ Eating.app/Headers
    export RECOMMENDED_IPHONEOS_DEPLOYMENT_TARGET\=15.0
    export RECURSIVE_SEARCH_PATHS_FOLLOW_SYMLINKS\=YES
    export REGISTER_APP_GROUPS\=YES
    export REMOVE_CVS_FROM_RESOURCES\=YES
    export REMOVE_GIT_FROM_RESOURCES\=YES
    export REMOVE_HEADERS_FROM_EMBEDDED_BUNDLES\=YES
    export REMOVE_HG_FROM_RESOURCES\=YES
    export REMOVE_STATIC_EXECUTABLES_FROM_EMBEDDED_BUNDLES\=YES
    export REMOVE_SVN_FROM_RESOURCES\=YES
    export RESCHEDULE_INDEPENDENT_HEADERS_PHASES\=YES
    export REZ_COLLECTOR_DIR\=/Users/sunil/Library/Developer/Xcode/DerivedData/Yoga_of_Eating-ducgyjnlphnmtmcobbndvvbfdgcp/Build/Intermediates.noindex/Yoga\ of\ Eating.build/Debug-iphonesimulator/Yoga\ of\ Eating.build/ResourceManagerResources
    export REZ_OBJECTS_DIR\=/Users/sunil/Library/Developer/Xcode/DerivedData/Yoga_of_Eating-ducgyjnlphnmtmcobbndvvbfdgcp/Build/Intermediates.noindex/Yoga\ of\ Eating.build/Debug-iphonesimulator/Yoga\ of\ Eating.build/ResourceManagerResources/Objects
    export REZ_SEARCH_PATHS\=/Users/sunil/Library/Developer/Xcode/DerivedData/Yoga_of_Eating-ducgyjnlphnmtmcobbndvvbfdgcp/Build/Products/Debug-iphonesimulator\ 
    export RPATH_ORIGIN\=@loader_path
    export RUNTIME_EXCEPTION_ALLOW_DYLD_ENVIRONMENT_VARIABLES\=NO
    export RUNTIME_EXCEPTION_ALLOW_JIT\=NO
    export RUNTIME_EXCEPTION_ALLOW_UNSIGNED_EXECUTABLE_MEMORY\=NO
    export RUNTIME_EXCEPTION_DEBUGGING_TOOL\=NO
    export RUNTIME_EXCEPTION_DISABLE_EXECUTABLE_PAGE_PROTECTION\=NO
    export RUNTIME_EXCEPTION_DISABLE_LIBRARY_VALIDATION\=NO
    export SCANNING_PCM_KEEP_CACHE_DIRECTORY\=YES
    export SCAN_ALL_SOURCE_FILES_FOR_INCLUDES\=NO
    export SCRIPTS_FOLDER_PATH\=Yoga\ of\ Eating.app/Scripts
    export SCRIPT_INPUT_FILE_COUNT\=0
    export SCRIPT_INPUT_FILE_LIST_COUNT\=0
    export SCRIPT_OUTPUT_FILE_COUNT\=0
    export SCRIPT_OUTPUT_FILE_LIST_COUNT\=0
    export SDKROOT\=/Applications/Xcode.app/Contents/Developer/Platforms/iPhoneSimulator.platform/Developer/SDKs/iPhoneSimulator26.5.sdk
    export SDK_DIR\=/Applications/Xcode.app/Contents/Developer/Platforms/iPhoneSimulator.platform/Developer/SDKs/iPhoneSimulator26.5.sdk
    export SDK_DIR_iphonesimulator\=/Applications/Xcode.app/Contents/Developer/Platforms/iPhoneSimulator.platform/Developer/SDKs/iPhoneSimulator26.5.sdk
    export SDK_DIR_iphonesimulator26_5\=/Applications/Xcode.app/Contents/Developer/Platforms/iPhoneSimulator.platform/Developer/SDKs/iPhoneSimulator26.5.sdk
    export SDK_NAME\=iphonesimulator26.5
    export SDK_NAMES\=iphonesimulator26.5
    export SDK_PRODUCT_BUILD_VERSION\=23F73
    export SDK_STAT_CACHE_DIR\=/Users/sunil/Library/Developer/Xcode/DerivedData
    export SDK_STAT_CACHE_ENABLE\=YES
    export SDK_STAT_CACHE_PATH\=/Users/sunil/Library/Developer/Xcode/DerivedData/SDKStatCaches.noindex/iphonesimulator26.5-23F73-6cfe768891a92b912361537c460fe42b.sdkstatcache
    export SDK_VERSION\=26.5
    export SDK_VERSION_ACTUAL\=260500
    export SDK_VERSION_MAJOR\=260000
    export SDK_VERSION_MINOR\=260500
    export SED\=/usr/bin/sed
    export SEPARATE_STRIP\=NO
    export SEPARATE_SYMBOL_EDIT\=NO
    export SET_DIR_MODE_OWNER_GROUP\=YES
    export SET_FILE_MODE_OWNER_GROUP\=NO
    export SHALLOW_BUNDLE\=YES
    export SHALLOW_BUNDLE_TRIPLE\=ios-simulator
    export SHALLOW_BUNDLE_ios_macabi\=NO
    export SHALLOW_BUNDLE_macos\=NO
    export SHARED_DERIVED_FILE_DIR\=/Users/sunil/Library/Developer/Xcode/DerivedData/Yoga_of_Eating-ducgyjnlphnmtmcobbndvvbfdgcp/Build/Products/Debug-iphonesimulator/DerivedSources
    export SHARED_FRAMEWORKS_FOLDER_PATH\=Yoga\ of\ Eating.app/SharedFrameworks
    export SHARED_PRECOMPS_DIR\=/Users/sunil/Library/Developer/Xcode/DerivedData/Yoga_of_Eating-ducgyjnlphnmtmcobbndvvbfdgcp/Build/Intermediates.noindex/PrecompiledHeaders
    export SHARED_SUPPORT_FOLDER_PATH\=Yoga\ of\ Eating.app/SharedSupport
    export SKIP_INSTALL\=NO
    export SKIP_MERGEABLE_LIBRARY_BUNDLE_HOOK\=NO
    export SOURCE_ROOT\=/Users/sunil/Downloads/YogaofEating
    export SRCROOT\=/Users/sunil/Downloads/YogaofEating
    export STRINGSDATA_DIR\=/Users/sunil/Library/Developer/Xcode/DerivedData/Yoga_of_Eating-ducgyjnlphnmtmcobbndvvbfdgcp/Build/Intermediates.noindex/Yoga\ of\ Eating.build/Debug-iphonesimulator/Yoga\ of\ Eating.build/Objects-normal/undefined_arch
    export STRINGSDATA_ROOT\=/Users/sunil/Library/Developer/Xcode/DerivedData/Yoga_of_Eating-ducgyjnlphnmtmcobbndvvbfdgcp/Build/Intermediates.noindex/Yoga\ of\ Eating.build/Debug-iphonesimulator/Yoga\ of\ Eating.build
    export STRINGS_FILE_INFOPLIST_RENAME\=YES
    export STRINGS_FILE_OUTPUT_ENCODING\=binary
    export STRING_CATALOG_GENERATE_SYMBOLS\=YES
    export STRIP_BITCODE_FROM_COPIED_FILES\=NO
    export STRIP_INSTALLED_PRODUCT\=NO
    export STRIP_STYLE\=all
    export STRIP_SWIFT_SYMBOLS\=YES
    export SUPPORTED_DEVICE_FAMILIES\=1,2
    export SUPPORTED_PLATFORMS\=iphoneos\ iphonesimulator\ macosx\ xros\ xrsimulator
    export SUPPORTS_MACCATALYST\=NO
    export SUPPORTS_ON_DEMAND_RESOURCES\=YES
    export SUPPORTS_TEXT_BASED_API\=NO
    export SUPPRESS_WARNINGS\=NO
    export SWIFT_ACTIVE_COMPILATION_CONDITIONS\=DEBUG\ 
    export SWIFT_APPROACHABLE_CONCURRENCY\=YES
    export SWIFT_DEFAULT_ACTOR_ISOLATION\=MainActor
    export SWIFT_EMIT_CONST_VALUE_PROTOCOLS\=AnyResolverProviding\ AppEntity\ AppEnum\ AppExtension\ AppIntent\ AppIntentsPackage\ AppShortcutProviding\ AppShortcutsProvider\ AppUnionValue\ AppUnionValueCasesProviding\ DynamicOptionsProvider\ EntityQuery\ ExtensionPointDefining\ IntentValueQuery\ Resolver\ TransientEntity\ _AssistantIntentsProvider\ _GenerativeFunctionExtractable\ _IntentValueRepresentable
    export SWIFT_EMIT_LOC_STRINGS\=YES
    export SWIFT_ENABLE_EXPLICIT_MODULES\=YES
    export SWIFT_OPTIMIZATION_LEVEL\=-Onone
    export SWIFT_PLATFORM_TARGET_PREFIX\=ios
    export SWIFT_RESPONSE_FILE_PATH_normal_arm64\=/Users/sunil/Library/Developer/Xcode/DerivedData/Yoga_of_Eating-ducgyjnlphnmtmcobbndvvbfdgcp/Build/Intermediates.noindex/Yoga\ of\ Eating.build/Debug-iphonesimulator/Yoga\ of\ Eating.build/Objects-normal/arm64/Yoga\ of\ Eating.SwiftFileList
    export SWIFT_UPCOMING_FEATURE_MEMBER_IMPORT_VISIBILITY\=YES
    export SWIFT_VERSION\=5.0
    export SYMROOT\=/Users/sunil/Library/Developer/Xcode/DerivedData/Yoga_of_Eating-ducgyjnlphnmtmcobbndvvbfdgcp/Build/Products
    export SYSTEM_ADMIN_APPS_DIR\=/Applications/Utilities
    export SYSTEM_APPS_DIR\=/Applications
    export SYSTEM_CORE_SERVICES_DIR\=/System/Library/CoreServices
    export SYSTEM_DEMOS_DIR\=/Applications/Extras
    export SYSTEM_DEVELOPER_APPS_DIR\=/Applications/Xcode.app/Contents/Developer/Applications
    export SYSTEM_DEVELOPER_BIN_DIR\=/Applications/Xcode.app/Contents/Developer/usr/bin
    export SYSTEM_DEVELOPER_DEMOS_DIR\=/Applications/Xcode.app/Contents/Developer/Applications/Utilities/Built\ Examples
    export SYSTEM_DEVELOPER_DIR\=/Applications/Xcode.app/Contents/Developer
    export SYSTEM_DEVELOPER_DOC_DIR\=/Applications/Xcode.app/Contents/Developer/ADC\ Reference\ Library
    export SYSTEM_DEVELOPER_GRAPHICS_TOOLS_DIR\=/Applications/Xcode.app/Contents/Developer/Applications/Graphics\ Tools
    export SYSTEM_DEVELOPER_JAVA_TOOLS_DIR\=/Applications/Xcode.app/Contents/Developer/Applications/Java\ Tools
    export SYSTEM_DEVELOPER_PERFORMANCE_TOOLS_DIR\=/Applications/Xcode.app/Contents/Developer/Applications/Performance\ Tools
    export SYSTEM_DEVELOPER_RELEASENOTES_DIR\=/Applications/Xcode.app/Contents/Developer/ADC\ Reference\ Library/releasenotes
    export SYSTEM_DEVELOPER_TOOLS\=/Applications/Xcode.app/Contents/Developer/Tools
    export SYSTEM_DEVELOPER_TOOLS_DOC_DIR\=/Applications/Xcode.app/Contents/Developer/ADC\ Reference\ Library/documentation/DeveloperTools
    export SYSTEM_DEVELOPER_TOOLS_RELEASENOTES_DIR\=/Applications/Xcode.app/Contents/Developer/ADC\ Reference\ Library/releasenotes/DeveloperTools
    export SYSTEM_DEVELOPER_USR_DIR\=/Applications/Xcode.app/Contents/Developer/usr
    export SYSTEM_DEVELOPER_UTILITIES_DIR\=/Applications/Xcode.app/Contents/Developer/Applications/Utilities
    export SYSTEM_DEXT_INSTALL_PATH\=/System/Library/DriverExtensions
    export SYSTEM_DOCUMENTATION_DIR\=/Library/Documentation
    export SYSTEM_EXTENSIONS_FOLDER_PATH\=Yoga\ of\ Eating.app/SystemExtensions
    export SYSTEM_EXTENSIONS_FOLDER_PATH_SHALLOW_BUNDLE_NO\=Yoga\ of\ Eating.app/Library/SystemExtensions
    export SYSTEM_EXTENSIONS_FOLDER_PATH_SHALLOW_BUNDLE_YES\=Yoga\ of\ Eating.app/SystemExtensions
    export SYSTEM_KEXT_INSTALL_PATH\=/System/Library/Extensions
    export SYSTEM_LIBRARY_DIR\=/System/Library
    export TAPI_DEMANGLE\=YES
    export TAPI_ENABLE_PROJECT_HEADERS\=NO
    export TAPI_LANGUAGE\=objective-c
    export TAPI_LANGUAGE_STANDARD\=compiler-default
    export TAPI_USE_SRCROOT\=YES
    export TAPI_VERIFY_MODE\=Pedantic
    export TARGETED_DEVICE_FAMILY\=1,2,7
    export TARGETNAME\=Yoga\ of\ Eating
    export TARGET_BUILD_DIR\=/Users/sunil/Library/Developer/Xcode/DerivedData/Yoga_of_Eating-ducgyjnlphnmtmcobbndvvbfdgcp/Build/Products/Debug-iphonesimulator
    export TARGET_DEVICE_IDENTIFIER\=0F23C23C-3966-4E21-AA7A-858ADAA4B3DF
    export TARGET_DEVICE_MODEL\=iPhone18,3
    export TARGET_DEVICE_OS_VERSION\=26.4.1
    export TARGET_DEVICE_PLATFORM_NAME\=iphonesimulator
    export TARGET_NAME\=Yoga\ of\ Eating
    export TARGET_TEMP_DIR\=/Users/sunil/Library/Developer/Xcode/DerivedData/Yoga_of_Eating-ducgyjnlphnmtmcobbndvvbfdgcp/Build/Intermediates.noindex/Yoga\ of\ Eating.build/Debug-iphonesimulator/Yoga\ of\ Eating.build
    export TEMP_DIR\=/Users/sunil/Library/Developer/Xcode/DerivedData/Yoga_of_Eating-ducgyjnlphnmtmcobbndvvbfdgcp/Build/Intermediates.noindex/Yoga\ of\ Eating.build/Debug-iphonesimulator/Yoga\ of\ Eating.build
    export TEMP_FILES_DIR\=/Users/sunil/Library/Developer/Xcode/DerivedData/Yoga_of_Eating-ducgyjnlphnmtmcobbndvvbfdgcp/Build/Intermediates.noindex/Yoga\ of\ Eating.build/Debug-iphonesimulator/Yoga\ of\ Eating.build
    export TEMP_FILE_DIR\=/Users/sunil/Library/Developer/Xcode/DerivedData/Yoga_of_Eating-ducgyjnlphnmtmcobbndvvbfdgcp/Build/Intermediates.noindex/Yoga\ of\ Eating.build/Debug-iphonesimulator/Yoga\ of\ Eating.build
    export TEMP_ROOT\=/Users/sunil/Library/Developer/Xcode/DerivedData/Yoga_of_Eating-ducgyjnlphnmtmcobbndvvbfdgcp/Build/Intermediates.noindex
    export TEMP_SANDBOX_DIR\=/Users/sunil/Library/Developer/Xcode/DerivedData/Yoga_of_Eating-ducgyjnlphnmtmcobbndvvbfdgcp/Build/Intermediates.noindex/TemporaryTaskSandboxes
    export TEST_FRAMEWORK_SEARCH_PATHS\=\ /Applications/Xcode.app/Contents/Developer/Platforms/iPhoneSimulator.platform/Developer/Library/Frameworks\ /Applications/Xcode.app/Contents/Developer/Platforms/iPhoneSimulator.platform/Developer/SDKs/iPhoneSimulator26.5.sdk/Developer/Library/Frameworks
    export TEST_LIBRARY_SEARCH_PATHS\=\ /Applications/Xcode.app/Contents/Developer/Platforms/iPhoneSimulator.platform/Developer/usr/lib
    export TOOLCHAINS\=com.apple.dt.toolchain.XcodeDefault
    export TOOLCHAIN_DIR\=/Applications/Xcode.app/Contents/Developer/Toolchains/XcodeDefault.xctoolchain
    export TREAT_MISSING_BASELINES_AS_TEST_FAILURES\=NO
    export TREAT_MISSING_SCRIPT_PHASE_OUTPUTS_AS_ERRORS\=NO
    export TeamIdentifierPrefix\=CCVJR9P725.
    export UID\=501
    export UNINSTALLED_PRODUCTS_DIR\=/Users/sunil/Library/Developer/Xcode/DerivedData/Yoga_of_Eating-ducgyjnlphnmtmcobbndvvbfdgcp/Build/Intermediates.noindex/UninstalledProducts
    export UNLOCALIZED_RESOURCES_FOLDER_PATH\=Yoga\ of\ Eating.app
    export UNLOCALIZED_RESOURCES_FOLDER_PATH_SHALLOW_BUNDLE_NO\=Yoga\ of\ Eating.app/Resources
    export UNLOCALIZED_RESOURCES_FOLDER_PATH_SHALLOW_BUNDLE_YES\=Yoga\ of\ Eating.app
    export UNSTRIPPED_PRODUCT\=NO
    export USER\=sunil
    export USER_APPS_DIR\=/Users/sunil/Applications
    export USER_LIBRARY_DIR\=/Users/sunil/Library
    export USE_DYNAMIC_NO_PIC\=YES
    export USE_HEADERMAP\=YES
    export USE_HEADER_SYMLINKS\=NO
    export VALIDATE_DEVELOPMENT_ASSET_PATHS\=YES_ERROR
    export VALIDATE_PRODUCT\=NO
    export VALID_ARCHS\=arm64\ x86_64
    export VERBOSE_PBXCP\=NO
    export VERSIONPLIST_PATH\=Yoga\ of\ Eating.app/version.plist
    export VERSION_INFO_BUILDER\=sunil
    export VERSION_INFO_FILE\=Yoga\ of\ Eating_vers.c
    export VERSION_INFO_STRING\=\"@\(\#\)PROGRAM:Yoga\ of\ Eating\ \ PROJECT:Yoga\ of\ Eating-1\"
    export WORKSPACE_DIR\=/Users/sunil/Downloads/YogaofEating/Yoga\ of\ Eating.xcodeproj
    export WRAPPER_EXTENSION\=app
    export WRAPPER_NAME\=Yoga\ of\ Eating.app
    export WRAPPER_SUFFIX\=.app
    export WRAP_ASSET_PACKS_IN_SEPARATE_DIRECTORIES\=NO
    export XCODE_APP_SUPPORT_DIR\=/Applications/Xcode.app/Contents/Developer/Library/Xcode
    export XCODE_PRODUCT_BUILD_VERSION\=17F42
    export XCODE_VERSION_ACTUAL\=2650
    export XCODE_VERSION_MAJOR\=2600
    export XCODE_VERSION_MINOR\=2650
    export XPCSERVICES_FOLDER_PATH\=Yoga\ of\ Eating.app/XPCServices
    export YACC\=yacc
    export _DISCOVER_COMMAND_LINE_LINKER_INPUTS\=YES
    export _DISCOVER_COMMAND_LINE_LINKER_INPUTS_INCLUDE_WL\=YES
    export _LD_MULTIARCH\=YES
    export _WRAPPER_CONTENTS_DIR_SHALLOW_BUNDLE_NO\=/Contents
    export _WRAPPER_PARENT_PATH_SHALLOW_BUNDLE_NO\=/..
    export _WRAPPER_RESOURCES_DIR_SHALLOW_BUNDLE_NO\=/Resources
    export __DIAGNOSE_DEPRECATED_ARCHS\=YES
    export __IS_NOT_MACOS\=YES
    export __IS_NOT_MACOS_macosx\=NO
    export __IS_NOT_SIMULATOR\=NO
    export __IS_NOT_SIMULATOR_simulator\=NO
    export __ORIGINAL_SDK_DEFINED_LLVM_TARGET_TRIPLE_SYS\=ios
    export arch\=undefined_arch
    export variant\=normal
    /bin/sh -c /Users/sunil/Library/Developer/Xcode/DerivedData/Yoga_of_Eating-ducgyjnlphnmtmcobbndvvbfdgcp/Build/Intermediates.noindex/Yoga\\\ of\\\ Eating.build/Debug-iphonesimulator/Yoga\\\ of\\\ Eating.build/Script-2E14653B40B3CCB95435C7E0.sh
Linting Swift files at paths /Users/sunil/Downloads/YogaofEating/
Linting 'HighlightView.swift' (1/4)
Linting 'YogaOfEatingApp.swift' (2/4)
Linting 'ReflectView.swift' (3/4)
Linting 'RootTabView.swift' (4/4)
Done linting! Found 0 violations, 0 serious in 4 files.

ProcessInfoPlistFile /Users/sunil/Library/Developer/Xcode/DerivedData/Yoga_of_Eating-ducgyjnlphnmtmcobbndvvbfdgcp/Build/Products/Debug-iphonesimulator/Yoga\ of\ Eating.app/Info.plist /Users/sunil/Downloads/YogaofEating/Info.plist (in target 'Yoga of Eating' from project 'Yoga of Eating')
    cd /Users/sunil/Downloads/YogaofEating
    builtin-infoPlistUtility /Users/sunil/Downloads/YogaofEating/Info.plist -producttype com.apple.product-type.application -genpkginfo /Users/sunil/Library/Developer/Xcode/DerivedData/Yoga_of_Eating-ducgyjnlphnmtmcobbndvvbfdgcp/Build/Products/Debug-iphonesimulator/Yoga\ of\ Eating.app/PkgInfo -expandbuildsettings -format binary -platform iphonesimulator -additionalcontentfile /Users/sunil/Library/Developer/Xcode/DerivedData/Yoga_of_Eating-ducgyjnlphnmtmcobbndvvbfdgcp/Build/Intermediates.noindex/Yoga\ of\ Eating.build/Debug-iphonesimulator/Yoga\ of\ Eating.build/assetcatalog_generated_info.plist -scanforprivacyfile /Users/sunil/Library/Developer/Xcode/DerivedData/Yoga_of_Eating-ducgyjnlphnmtmcobbndvvbfdgcp/Build/Products/Debug-iphonesimulator/Yoga\ of\ Eating.app/AppAuth_AppAuth.bundle -scanforprivacyfile /Users/sunil/Library/Developer/Xcode/DerivedData/Yoga_of_Eating-ducgyjnlphnmtmcobbndvvbfdgcp/Build/Products/Debug-iphonesimulator/Yoga\ of\ Eating.app/AppAuth_AppAuthCore.bundle -scanforprivacyfile /Users/sunil/Library/Developer/Xcode/DerivedData/Yoga_of_Eating-ducgyjnlphnmtmcobbndvvbfdgcp/Build/Products/Debug-iphonesimulator/Yoga\ of\ Eating.app/Firebase_FirebaseAuth.bundle -scanforprivacyfile /Users/sunil/Library/Developer/Xcode/DerivedData/Yoga_of_Eating-ducgyjnlphnmtmcobbndvvbfdgcp/Build/Products/Debug-iphonesimulator/Yoga\ of\ Eating.app/Firebase_FirebaseCore.bundle -scanforprivacyfile /Users/sunil/Library/Developer/Xcode/DerivedData/Yoga_of_Eating-ducgyjnlphnmtmcobbndvvbfdgcp/Build/Products/Debug-iphonesimulator/Yoga\ of\ Eating.app/Firebase_FirebaseCoreExtension.bundle -scanforprivacyfile /Users/sunil/Library/Developer/Xcode/DerivedData/Yoga_of_Eating-ducgyjnlphnmtmcobbndvvbfdgcp/Build/Products/Debug-iphonesimulator/Yoga\ of\ Eating.app/Firebase_FirebaseCoreInternal.bundle -scanforprivacyfile /Users/sunil/Library/Developer/Xcode/DerivedData/Yoga_of_Eating-ducgyjnlphnmtmcobbndvvbfdgcp/Build/Products/Debug-iphonesimulator/Yoga\ of\ Eating.app/Firebase_FirebaseFirestore.bundle -scanforprivacyfile /Users/sunil/Library/Developer/Xcode/DerivedData/Yoga_of_Eating-ducgyjnlphnmtmcobbndvvbfdgcp/Build/Products/Debug-iphonesimulator/Yoga\ of\ Eating.app/Frameworks/FirebaseFirestoreInternal.framework -scanforprivacyfile /Users/sunil/Library/Developer/Xcode/DerivedData/Yoga_of_Eating-ducgyjnlphnmtmcobbndvvbfdgcp/Build/Products/Debug-iphonesimulator/Yoga\ of\ Eating.app/Frameworks/absl.framework -scanforprivacyfile /Users/sunil/Library/Developer/Xcode/DerivedData/Yoga_of_Eating-ducgyjnlphnmtmcobbndvvbfdgcp/Build/Products/Debug-iphonesimulator/Yoga\ of\ Eating.app/Frameworks/grpc.framework -scanforprivacyfile /Users/sunil/Library/Developer/Xcode/DerivedData/Yoga_of_Eating-ducgyjnlphnmtmcobbndvvbfdgcp/Build/Products/Debug-iphonesimulator/Yoga\ of\ Eating.app/Frameworks/grpcpp.framework -scanforprivacyfile /Users/sunil/Library/Developer/Xcode/DerivedData/Yoga_of_Eating-ducgyjnlphnmtmcobbndvvbfdgcp/Build/Products/Debug-iphonesimulator/Yoga\ of\ Eating.app/Frameworks/openssl_grpc.framework -scanforprivacyfile /Users/sunil/Library/Developer/Xcode/DerivedData/Yoga_of_Eating-ducgyjnlphnmtmcobbndvvbfdgcp/Build/Products/Debug-iphonesimulator/Yoga\ of\ Eating.app/GTMAppAuth_GTMAppAuth.bundle -scanforprivacyfile /Users/sunil/Library/Developer/Xcode/DerivedData/Yoga_of_Eating-ducgyjnlphnmtmcobbndvvbfdgcp/Build/Products/Debug-iphonesimulator/Yoga\ of\ Eating.app/GTMSessionFetcher_GTMSessionFetcherCore.bundle -scanforprivacyfile /Users/sunil/Library/Developer/Xcode/DerivedData/Yoga_of_Eating-ducgyjnlphnmtmcobbndvvbfdgcp/Build/Products/Debug-iphonesimulator/Yoga\ of\ Eating.app/GoogleSignIn_GoogleSignIn.bundle -scanforprivacyfile /Users/sunil/Library/Developer/Xcode/DerivedData/Yoga_of_Eating-ducgyjnlphnmtmcobbndvvbfdgcp/Build/Products/Debug-iphonesimulator/Yoga\ of\ Eating.app/GoogleSignIn_GoogleSignInSwift.bundle -scanforprivacyfile /Users/sunil/Library/Developer/Xcode/DerivedData/Yoga_of_Eating-ducgyjnlphnmtmcobbndvvbfdgcp/Build/Products/Debug-iphonesimulator/Yoga\ of\ Eating.app/GoogleUtilities_GoogleUtilities-AppDelegateSwizzler.bundle -scanforprivacyfile /Users/sunil/Library/Developer/Xcode/DerivedData/Yoga_of_Eating-ducgyjnlphnmtmcobbndvvbfdgcp/Build/Products/Debug-iphonesimulator/Yoga\ of\ Eating.app/GoogleUtilities_GoogleUtilities-Environment.bundle -scanforprivacyfile /Users/sunil/Library/Developer/Xcode/DerivedData/Yoga_of_Eating-ducgyjnlphnmtmcobbndvvbfdgcp/Build/Products/Debug-iphonesimulator/Yoga\ of\ Eating.app/GoogleUtilities_GoogleUtilities-Logger.bundle -scanforprivacyfile /Users/sunil/Library/Developer/Xcode/DerivedData/Yoga_of_Eating-ducgyjnlphnmtmcobbndvvbfdgcp/Build/Products/Debug-iphonesimulator/Yoga\ of\ Eating.app/GoogleUtilities_GoogleUtilities-NSData.bundle -scanforprivacyfile /Users/sunil/Library/Developer/Xcode/DerivedData/Yoga_of_Eating-ducgyjnlphnmtmcobbndvvbfdgcp/Build/Products/Debug-iphonesimulator/Yoga\ of\ Eating.app/GoogleUtilities_GoogleUtilities-Network.bundle -scanforprivacyfile /Users/sunil/Library/Developer/Xcode/DerivedData/Yoga_of_Eating-ducgyjnlphnmtmcobbndvvbfdgcp/Build/Products/Debug-iphonesimulator/Yoga\ of\ Eating.app/GoogleUtilities_GoogleUtilities-Reachability.bundle -scanforprivacyfile /Users/sunil/Library/Developer/Xcode/DerivedData/Yoga_of_Eating-ducgyjnlphnmtmcobbndvvbfdgcp/Build/Products/Debug-iphonesimulator/Yoga\ of\ Eating.app/GoogleUtilities_GoogleUtilities-UserDefaults.bundle -scanforprivacyfile /Users/sunil/Library/Developer/Xcode/DerivedData/Yoga_of_Eating-ducgyjnlphnmtmcobbndvvbfdgcp/Build/Products/Debug-iphonesimulator/Yoga\ of\ Eating.app/Promises_FBLPromises.bundle -scanforprivacyfile /Users/sunil/Library/Developer/Xcode/DerivedData/Yoga_of_Eating-ducgyjnlphnmtmcobbndvvbfdgcp/Build/Products/Debug-iphonesimulator/Yoga\ of\ Eating.app/abseil_abslWrapper.bundle -scanforprivacyfile /Users/sunil/Library/Developer/Xcode/DerivedData/Yoga_of_Eating-ducgyjnlphnmtmcobbndvvbfdgcp/Build/Products/Debug-iphonesimulator/Yoga\ of\ Eating.app/gRPC_grpcWrapper.bundle -scanforprivacyfile /Users/sunil/Library/Developer/Xcode/DerivedData/Yoga_of_Eating-ducgyjnlphnmtmcobbndvvbfdgcp/Build/Products/Debug-iphonesimulator/Yoga\ of\ Eating.app/gRPC_grpcppWrapper.bundle -scanforprivacyfile /Users/sunil/Library/Developer/Xcode/DerivedData/Yoga_of_Eating-ducgyjnlphnmtmcobbndvvbfdgcp/Build/Products/Debug-iphonesimulator/Yoga\ of\ Eating.app/gRPC_opensslWrapper.bundle -scanforprivacyfile /Users/sunil/Library/Developer/Xcode/DerivedData/Yoga_of_Eating-ducgyjnlphnmtmcobbndvvbfdgcp/Build/Products/Debug-iphonesimulator/Yoga\ of\ Eating.app/leveldb_leveldb.bundle -scanforprivacyfile /Users/sunil/Library/Developer/Xcode/DerivedData/Yoga_of_Eating-ducgyjnlphnmtmcobbndvvbfdgcp/Build/Products/Debug-iphonesimulator/Yoga\ of\ Eating.app/nanopb_nanopb.bundle -o /Users/sunil/Library/Developer/Xcode/DerivedData/Yoga_of_Eating-ducgyjnlphnmtmcobbndvvbfdgcp/Build/Products/Debug-iphonesimulator/Yoga\ of\ Eating.app/Info.plist

CopySwiftLibs /Users/sunil/Library/Developer/Xcode/DerivedData/Yoga_of_Eating-ducgyjnlphnmtmcobbndvvbfdgcp/Build/Products/Debug-iphonesimulator/Yoga\ of\ Eating.app (in target 'Yoga of Eating' from project 'Yoga of Eating')
    cd /Users/sunil/Downloads/YogaofEating
    builtin-swiftStdLibTool --copy --verbose --sign - --scan-executable /Users/sunil/Library/Developer/Xcode/DerivedData/Yoga_of_Eating-ducgyjnlphnmtmcobbndvvbfdgcp/Build/Products/Debug-iphonesimulator/Yoga\ of\ Eating.app/Yoga\ of\ Eating.debug.dylib --scan-folder /Users/sunil/Library/Developer/Xcode/DerivedData/Yoga_of_Eating-ducgyjnlphnmtmcobbndvvbfdgcp/Build/Products/Debug-iphonesimulator/Yoga\ of\ Eating.app/Frameworks --scan-folder /Users/sunil/Library/Developer/Xcode/DerivedData/Yoga_of_Eating-ducgyjnlphnmtmcobbndvvbfdgcp/Build/Products/Debug-iphonesimulator/Yoga\ of\ Eating.app/PlugIns --scan-folder /Users/sunil/Library/Developer/Xcode/DerivedData/Yoga_of_Eating-ducgyjnlphnmtmcobbndvvbfdgcp/Build/Products/Debug-iphonesimulator/Yoga\ of\ Eating.app/SystemExtensions --scan-folder /Users/sunil/Library/Developer/Xcode/DerivedData/Yoga_of_Eating-ducgyjnlphnmtmcobbndvvbfdgcp/Build/Products/Debug-iphonesimulator/Yoga\ of\ Eating.app/Extensions --platform iphonesimulator --toolchain /Applications/Xcode.app/Contents/Developer/Toolchains/XcodeDefault.xctoolchain --destination /Users/sunil/Library/Developer/Xcode/DerivedData/Yoga_of_Eating-ducgyjnlphnmtmcobbndvvbfdgcp/Build/Products/Debug-iphonesimulator/Yoga\ of\ Eating.app/Frameworks --strip-bitcode --strip-bitcode-tool /Applications/Xcode.app/Contents/Developer/Toolchains/XcodeDefault.xctoolchain/usr/bin/bitcode_strip --emit-dependency-info /Users/sunil/Library/Developer/Xcode/DerivedData/Yoga_of_Eating-ducgyjnlphnmtmcobbndvvbfdgcp/Build/Intermediates.noindex/Yoga\ of\ Eating.build/Debug-iphonesimulator/Yoga\ of\ Eating.build/SwiftStdLibToolInputDependencies.dep --filter-for-swift-os

note: Run script build phase 'SwiftLint' will be run during every build because the option to run the script phase "Based on dependency analysis" is unchecked. (in target 'Yoga of EatingTests' from project 'Yoga of Eating')
note: Run script build phase 'SwiftFormat' will be run during every build because the option to run the script phase "Based on dependency analysis" is unchecked. (in target 'Yoga of EatingTests' from project 'Yoga of Eating')
PhaseScriptExecution SwiftFormat /Users/sunil/Library/Developer/Xcode/DerivedData/Yoga_of_Eating-ducgyjnlphnmtmcobbndvvbfdgcp/Build/Intermediates.noindex/Yoga\ of\ Eating.build/Debug-iphonesimulator/Yoga\ of\ EatingTests.build/Script-838323E1A1509BFF74CB23C2.sh (in target 'Yoga of EatingTests' from project 'Yoga of Eating')
    cd /Users/sunil/Downloads/YogaofEating
    export ACTION\=build
    export AD_HOC_CODE_SIGNING_ALLOWED\=YES
    export ALLOW_BUILD_REQUEST_OVERRIDES\=NO
    export ALLOW_TARGET_PLATFORM_SPECIALIZATION\=NO
    export ALTERNATE_GROUP\=staff
    export ALTERNATE_MODE\=u+w,go-w,a+rX
    export ALTERNATE_OWNER\=sunil
    export ALTERNATIVE_DISTRIBUTION_WEB\=NO
    export ALWAYS_EMBED_SWIFT_STANDARD_LIBRARIES\=NO
    export ALWAYS_SEARCH_USER_PATHS\=NO
    export ALWAYS_USE_SEPARATE_HEADERMAPS\=NO
    export APPLICATION_EXTENSION_API_ONLY\=NO
    export APPLY_RULES_IN_COPY_FILES\=NO
    export APPLY_RULES_IN_COPY_HEADERS\=NO
    export APP_SHORTCUTS_ENABLE_FLEXIBLE_MATCHING\=YES
    export ARCHS\=arm64
    export ARCHS_BASE\=arm64
    export ARCHS_STANDARD\=arm64\ x86_64
    export ARCHS_STANDARD_32_64_BIT\=arm64\ x86_64
    export ARCHS_STANDARD_64_BIT\=arm64\ x86_64
    export ARCHS_STANDARD_INCLUDING_64_BIT\=arm64\ x86_64
    export ARCHS_UNIVERSAL_IPHONE_OS\=arm64\ x86_64
    export ASSETCATALOG_COMPILER_GENERATE_SWIFT_ASSET_SYMBOL_EXTENSIONS\=YES
    export ASSETCATALOG_FILTER_FOR_DEVICE_MODEL\=iPhone18,3
    export ASSETCATALOG_FILTER_FOR_DEVICE_OS_VERSION\=26.4.1
    export ASSETCATALOG_FILTER_FOR_THINNING_DEVICE_CONFIGURATION\=iPhone18,3
    export AUTOMATICALLY_MERGE_DEPENDENCIES\=NO
    export AUTOMATION_APPLE_EVENTS\=NO
    export AVAILABLE_PLATFORMS\=android\ appletvos\ appletvsimulator\ driverkit\ freebsd\ iphoneos\ iphonesimulator\ linux\ macosx\ none\ openbsd\ qnx\ watchos\ watchsimulator\ webassembly\ xros\ xrsimulator
    export AppIdentifierPrefix\=CCVJR9P725.
    export BUILD_ACTIVE_RESOURCES_ONLY\=YES
    export BUILD_COMPONENTS\=headers\ build
    export BUILD_DIR\=/Users/sunil/Library/Developer/Xcode/DerivedData/Yoga_of_Eating-ducgyjnlphnmtmcobbndvvbfdgcp/Build/Products
    export BUILD_LIBRARY_FOR_DISTRIBUTION\=NO
    export BUILD_ONLY_KNOWN_LOCALIZATIONS\=NO
    export BUILD_ROOT\=/Users/sunil/Library/Developer/Xcode/DerivedData/Yoga_of_Eating-ducgyjnlphnmtmcobbndvvbfdgcp/Build/Products
    export BUILD_STYLE\=
    export BUILD_VARIANTS\=normal
    export BUILT_PRODUCTS_DIR\=/Users/sunil/Library/Developer/Xcode/DerivedData/Yoga_of_Eating-ducgyjnlphnmtmcobbndvvbfdgcp/Build/Products/Debug-iphonesimulator
    export BUNDLE_CONTENTS_FOLDER_PATH_deep\=Contents/
    export BUNDLE_EXECUTABLE_FOLDER_NAME_deep\=MacOS
    export BUNDLE_EXTENSIONS_FOLDER_PATH\=Extensions
    export BUNDLE_FORMAT\=shallow
    export BUNDLE_FRAMEWORKS_FOLDER_PATH\=Frameworks
    export BUNDLE_LOADER\=/Users/sunil/Library/Developer/Xcode/DerivedData/Yoga_of_Eating-ducgyjnlphnmtmcobbndvvbfdgcp/Build/Products/Debug-iphonesimulator/Yoga\ of\ Eating.app//Yoga\ of\ Eating
    export BUNDLE_PLUGINS_FOLDER_PATH\=PlugIns
    export BUNDLE_PRIVATE_HEADERS_FOLDER_PATH\=PrivateHeaders
    export BUNDLE_PUBLIC_HEADERS_FOLDER_PATH\=Headers
    export CACHE_ROOT\=/var/folders/r_/6rd80_t54ddghk_cnysh9t7w0000gn/C/com.apple.DeveloperTools/26.5-17F42/Xcode
    export CCHROOT\=/var/folders/r_/6rd80_t54ddghk_cnysh9t7w0000gn/C/com.apple.DeveloperTools/26.5-17F42/Xcode
    export CHMOD\=/bin/chmod
    export CHOWN\=chown
    export CLANG_ANALYZER_NONNULL\=YES
    export CLANG_ANALYZER_NUMBER_OBJECT_CONVERSION\=YES_AGGRESSIVE
    export CLANG_CACHE_FINE_GRAINED_OUTPUTS\=YES
    export CLANG_COVERAGE_MAPPING\=YES
    export CLANG_CXX_LANGUAGE_STANDARD\=gnu++20
    export CLANG_ENABLE_EXPLICIT_MODULES\=YES
    export CLANG_ENABLE_MODULES\=YES
    export CLANG_ENABLE_OBJC_ARC\=YES
    export CLANG_ENABLE_OBJC_WEAK\=YES
    export CLANG_MODULES_BUILD_SESSION_FILE\=/Users/sunil/Library/Developer/Xcode/DerivedData/ModuleCache.noindex/Session.modulevalidation
    export CLANG_PROFILE_DATA_DIRECTORY\=/Users/sunil/Library/Developer/Xcode/DerivedData/Yoga_of_Eating-ducgyjnlphnmtmcobbndvvbfdgcp/Build/ProfileData
    export CLANG_WARN_BLOCK_CAPTURE_AUTORELEASING\=YES
    export CLANG_WARN_BOOL_CONVERSION\=YES
    export CLANG_WARN_COMMA\=YES
    export CLANG_WARN_CONSTANT_CONVERSION\=YES
    export CLANG_WARN_DEPRECATED_OBJC_IMPLEMENTATIONS\=YES
    export CLANG_WARN_DIRECT_OBJC_ISA_USAGE\=YES_ERROR
    export CLANG_WARN_DOCUMENTATION_COMMENTS\=YES
    export CLANG_WARN_EMPTY_BODY\=YES
    export CLANG_WARN_ENUM_CONVERSION\=YES
    export CLANG_WARN_INFINITE_RECURSION\=YES
    export CLANG_WARN_INT_CONVERSION\=YES
    export CLANG_WARN_NON_LITERAL_NULL_CONVERSION\=YES
    export CLANG_WARN_OBJC_IMPLICIT_RETAIN_SELF\=YES
    export CLANG_WARN_OBJC_LITERAL_CONVERSION\=YES
    export CLANG_WARN_OBJC_ROOT_CLASS\=YES_ERROR
    export CLANG_WARN_QUOTED_INCLUDE_IN_FRAMEWORK_HEADER\=YES
    export CLANG_WARN_RANGE_LOOP_ANALYSIS\=YES
    export CLANG_WARN_STRICT_PROTOTYPES\=YES
    export CLANG_WARN_SUSPICIOUS_MOVE\=YES
    export CLANG_WARN_UNGUARDED_AVAILABILITY\=YES_AGGRESSIVE
    export CLANG_WARN_UNREACHABLE_CODE\=YES
    export CLANG_WARN__DUPLICATE_METHOD_MATCH\=YES
    export CLASS_FILE_DIR\=/Users/sunil/Library/Developer/Xcode/DerivedData/Yoga_of_Eating-ducgyjnlphnmtmcobbndvvbfdgcp/Build/Intermediates.noindex/Yoga\ of\ Eating.build/Debug-iphonesimulator/Yoga\ of\ EatingTests.build/JavaClasses
    export CLEAN_PRECOMPS\=YES
    export CLONE_HEADERS\=NO
    export CODESIGNING_FOLDER_PATH\=/Users/sunil/Library/Developer/Xcode/DerivedData/Yoga_of_Eating-ducgyjnlphnmtmcobbndvvbfdgcp/Build/Products/Debug-iphonesimulator/Yoga\ of\ Eating.app/PlugIns/Yoga\ of\ EatingTests.xctest
    export CODE_SIGNING_ALLOWED\=YES
    export CODE_SIGNING_REQUIRED\=YES
    export CODE_SIGN_CONTEXT_CLASS\=XCiPhoneSimulatorCodeSignContext
    export CODE_SIGN_IDENTITY\=-
    export CODE_SIGN_INJECT_BASE_ENTITLEMENTS\=YES
    export CODE_SIGN_STYLE\=Automatic
    export COLOR_DIAGNOSTICS\=NO
    export COMBINE_HIDPI_IMAGES\=NO
    export COMPILATION_CACHE_CAS_PATH\=/Users/sunil/Library/Developer/Xcode/DerivedData/CompilationCache.noindex
    export COMPILATION_CACHE_KEEP_CAS_DIRECTORY\=YES
    export COMPILER_INDEX_STORE_ENABLE\=Default
    export COMPOSITE_SDK_DIRS\=/Users/sunil/Library/Developer/Xcode/DerivedData/Yoga_of_Eating-ducgyjnlphnmtmcobbndvvbfdgcp/Build/Intermediates.noindex/CompositeSDKs
    export COMPRESS_PNG_FILES\=YES
    export CONFIGURATION\=Debug
    export CONFIGURATION_BUILD_DIR\=/Users/sunil/Library/Developer/Xcode/DerivedData/Yoga_of_Eating-ducgyjnlphnmtmcobbndvvbfdgcp/Build/Products/Debug-iphonesimulator
    export CONFIGURATION_TEMP_DIR\=/Users/sunil/Library/Developer/Xcode/DerivedData/Yoga_of_Eating-ducgyjnlphnmtmcobbndvvbfdgcp/Build/Intermediates.noindex/Yoga\ of\ Eating.build/Debug-iphonesimulator
    export CONTENTS_FOLDER_PATH\=Yoga\ of\ EatingTests.xctest
    export CONTENTS_FOLDER_PATH_SHALLOW_BUNDLE_NO\=Yoga\ of\ EatingTests.xctest/Contents
    export CONTENTS_FOLDER_PATH_SHALLOW_BUNDLE_YES\=Yoga\ of\ EatingTests.xctest
    export COPYING_PRESERVES_HFS_DATA\=NO
    export COPY_HEADERS_RUN_UNIFDEF\=NO
    export COPY_PHASE_STRIP\=NO
    export CORRESPONDING_DEVICE_PLATFORM_DIR\=/Applications/Xcode.app/Contents/Developer/Platforms/iPhoneOS.platform
    export CORRESPONDING_DEVICE_PLATFORM_NAME\=iphoneos
    export CORRESPONDING_DEVICE_SDK_DIR\=/Applications/Xcode.app/Contents/Developer/Platforms/iPhoneOS.platform/Developer/SDKs/iPhoneOS26.5.sdk
    export CORRESPONDING_DEVICE_SDK_NAME\=iphoneos26.5
    export CP\=/bin/cp
    export CREATE_INFOPLIST_SECTION_IN_BINARY\=NO
    export CURRENT_ARCH\=undefined_arch
    export CURRENT_PROJECT_VERSION\=1
    export CURRENT_VARIANT\=normal
    export DEAD_CODE_STRIPPING\=YES
    export DEBUGGING_SYMBOLS\=YES
    export DEBUG_INFORMATION_FORMAT\=dwarf
    export DEBUG_INFORMATION_VERSION\=compiler-default
    export DEFAULT_COMPILER\=com.apple.compilers.llvm.clang.1_0
    export DEFAULT_DEXT_INSTALL_PATH\=/System/Library/DriverExtensions
    export DEFAULT_KEXT_INSTALL_PATH\=/System/Library/Extensions
    export DEFINES_MODULE\=NO
    export DEPLOYMENT_LOCATION\=NO
    export DEPLOYMENT_POSTPROCESSING\=NO
    export DEPLOYMENT_TARGET_SETTING_NAME\=IPHONEOS_DEPLOYMENT_TARGET
    export DEPLOYMENT_TARGET_SUGGESTED_VALUES\=12.0\ 12.1\ 12.2\ 12.3\ 12.4\ 13.0\ 13.1\ 13.2\ 13.3\ 13.4\ 13.5\ 13.6\ 14.0\ 14.1\ 14.2\ 14.3\ 14.4\ 14.5\ 14.6\ 14.7\ 15.0\ 15.1\ 15.2\ 15.3\ 15.4\ 15.5\ 15.6\ 16.0\ 16.1\ 16.2\ 16.3\ 16.4\ 16.5\ 16.6\ 17.0\ 17.1\ 17.2\ 17.3\ 17.4\ 17.5\ 17.6\ 18.0\ 18.1\ 18.2\ 18.3\ 18.4\ 18.5\ 18.6\ 26.0\ 26.2\ 26.3\ 26.4\ 26.5
    export DERIVED_FILES_DIR\=/Users/sunil/Library/Developer/Xcode/DerivedData/Yoga_of_Eating-ducgyjnlphnmtmcobbndvvbfdgcp/Build/Intermediates.noindex/Yoga\ of\ Eating.build/Debug-iphonesimulator/Yoga\ of\ EatingTests.build/DerivedSources
    export DERIVED_FILE_DIR\=/Users/sunil/Library/Developer/Xcode/DerivedData/Yoga_of_Eating-ducgyjnlphnmtmcobbndvvbfdgcp/Build/Intermediates.noindex/Yoga\ of\ Eating.build/Debug-iphonesimulator/Yoga\ of\ EatingTests.build/DerivedSources
    export DERIVED_SOURCES_DIR\=/Users/sunil/Library/Developer/Xcode/DerivedData/Yoga_of_Eating-ducgyjnlphnmtmcobbndvvbfdgcp/Build/Intermediates.noindex/Yoga\ of\ Eating.build/Debug-iphonesimulator/Yoga\ of\ EatingTests.build/DerivedSources
    export DEVELOPER_APPLICATIONS_DIR\=/Applications/Xcode.app/Contents/Developer/Applications
    export DEVELOPER_BIN_DIR\=/Applications/Xcode.app/Contents/Developer/usr/bin
    export DEVELOPER_DIR\=/Applications/Xcode.app/Contents/Developer
    export DEVELOPER_FRAMEWORKS_DIR\=/Applications/Xcode.app/Contents/Developer/Library/Frameworks
    export DEVELOPER_FRAMEWORKS_DIR_QUOTED\=/Applications/Xcode.app/Contents/Developer/Library/Frameworks
    export DEVELOPER_LIBRARY_DIR\=/Applications/Xcode.app/Contents/Developer/Library
    export DEVELOPER_SDK_DIR\=/Applications/Xcode.app/Contents/Developer/Platforms/MacOSX.platform/Developer/SDKs
    export DEVELOPER_TOOLS_DIR\=/Applications/Xcode.app/Contents/Developer/Tools
    export DEVELOPER_USR_DIR\=/Applications/Xcode.app/Contents/Developer/usr
    export DEVELOPMENT_LANGUAGE\=en
    export DEVELOPMENT_TEAM\=CCVJR9P725
    export DIAGNOSE_MISSING_TARGET_DEPENDENCIES\=YES
    export DIFF\=/usr/bin/diff
    export DOCUMENTATION_FOLDER_PATH\=Yoga\ of\ EatingTests.xctest/en.lproj/Documentation
    export DONT_GENERATE_INFOPLIST_FILE\=NO
    export DSTROOT\=/tmp/Yoga\ of\ Eating.dst
    export DT_TOOLCHAIN_DIR\=/Applications/Xcode.app/Contents/Developer/Toolchains/XcodeDefault.xctoolchain
    export DUMP_DEPENDENCIES\=NO
    export DUMP_DEPENDENCIES_OUTPUT_PATH\=/Users/sunil/Library/Developer/Xcode/DerivedData/Yoga_of_Eating-ducgyjnlphnmtmcobbndvvbfdgcp/Build/Intermediates.noindex/Yoga\ of\ Eating.build/Debug-iphonesimulator/Yoga\ of\ EatingTests.build/Yoga\ of\ EatingTests-BuildDependencyInfo.json
    export DWARF_DSYM_FILE_NAME\=Yoga\ of\ EatingTests.xctest.dSYM
    export DWARF_DSYM_FILE_SHOULD_ACCOMPANY_PRODUCT\=NO
    export DWARF_DSYM_FOLDER_PATH\=/Users/sunil/Library/Developer/Xcode/DerivedData/Yoga_of_Eating-ducgyjnlphnmtmcobbndvvbfdgcp/Build/Products/Debug-iphonesimulator/Yoga\ of\ Eating.app/PlugIns
    export DYNAMIC_LIBRARY_EXTENSION\=dylib
    export EAGER_COMPILATION_ALLOW_SCRIPTS\=NO
    export EAGER_LINKING\=NO
    export EFFECTIVE_PLATFORM_NAME\=-iphonesimulator
    export EFFECTIVE_SWIFT_VERSION\=5
    export EMBEDDED_CONTENT_CONTAINS_SWIFT\=NO
    export EMBED_ASSET_PACKS_IN_PRODUCT_BUNDLE\=NO
    export EMBED_PACKAGE_RESOURCE_BUNDLE_NAMES\=\ GoogleSignIn_GoogleSignIn\ GTMSessionFetcher_GTMSessionFetcherCore\ GTMAppAuth_GTMAppAuth\ GoogleUtilities_GoogleUtilities-UserDefaults\ GoogleUtilities_GoogleUtilities-Environment\ GoogleUtilities_GoogleUtilities-Logger\ Promises_FBLPromises\ AppAuth_AppAuthCore\ AppAuth_AppAuth\ Firebase_FirebaseAuth\ Firebase_FirebaseCoreInternal\ Firebase_FirebaseCore\ Firebase_FirebaseCoreExtension\ GoogleUtilities_GoogleUtilities-AppDelegateSwizzler\ GoogleUtilities_GoogleUtilities-NSData\ GoogleUtilities_GoogleUtilities-Reachability\ GoogleUtilities_GoogleUtilities-Network\ GoogleSignIn_GoogleSignInSwift\ Firebase_FirebaseFirestore\ leveldb_leveldb\ nanopb_nanopb\ gRPC_grpcppWrapper\ gRPC_grpcWrapper\ gRPC_opensslWrapper\ abseil_abslWrapper
    export ENABLE_APP_SANDBOX\=NO
    export ENABLE_CODE_COVERAGE\=YES
    export ENABLE_COHORT_ARCHS\=NO
    export ENABLE_CPLUSPLUS_BOUNDS_SAFE_BUFFERS\=NO
    export ENABLE_C_BOUNDS_SAFETY\=NO
    export ENABLE_DEFAULT_HEADER_SEARCH_PATHS\=YES
    export ENABLE_DEFAULT_SEARCH_PATHS\=YES
    export ENABLE_ENHANCED_SECURITY\=NO
    export ENABLE_HARDENED_RUNTIME\=NO
    export ENABLE_HEADER_DEPENDENCIES\=YES
    export ENABLE_INCOMING_NETWORK_CONNECTIONS\=NO
    export ENABLE_ON_DEMAND_RESOURCES\=NO
    export ENABLE_OUTGOING_NETWORK_CONNECTIONS\=NO
    export ENABLE_POINTER_AUTHENTICATION\=NO
    export ENABLE_PREVIEWS\=NO
    export ENABLE_RESOURCE_ACCESS_AUDIO_INPUT\=NO
    export ENABLE_RESOURCE_ACCESS_BLUETOOTH\=NO
    export ENABLE_RESOURCE_ACCESS_CALENDARS\=NO
    export ENABLE_RESOURCE_ACCESS_CAMERA\=NO
    export ENABLE_RESOURCE_ACCESS_CONTACTS\=NO
    export ENABLE_RESOURCE_ACCESS_LOCATION\=NO
    export ENABLE_RESOURCE_ACCESS_PHOTO_LIBRARY\=NO
    export ENABLE_RESOURCE_ACCESS_PRINTING\=NO
    export ENABLE_RESOURCE_ACCESS_USB\=NO
    export ENABLE_SDK_IMPORTS\=NO
    export ENABLE_SECURITY_COMPILER_WARNINGS\=NO
    export ENABLE_STRICT_OBJC_MSGSEND\=YES
    export ENABLE_TESTABILITY\=YES
    export ENABLE_TESTING_SEARCH_PATHS\=YES
    export ENABLE_USER_SCRIPT_SANDBOXING\=NO
    export ENABLE_XOJIT_PREVIEWS\=YES
    export ENFORCE_VALID_ARCHS\=YES
    export ENTITLEMENTS_DESTINATION\=__entitlements
    export ENTITLEMENTS_REQUIRED\=NO
    export EXCLUDED_INSTALLSRC_SUBDIRECTORY_PATTERNS\=.DS_Store\ .svn\ .git\ .hg\ CVS
    export EXCLUDED_RECURSIVE_SEARCH_PATH_SUBDIRECTORIES\=\*.nib\ \*.lproj\ \*.framework\ \*.gch\ \*.xcode\*\ \*.xcassets\ \*.icon\ \(\*\)\ .DS_Store\ CVS\ .svn\ .git\ .hg\ \*.pbproj\ \*.pbxproj
    export EXECUTABLES_FOLDER_PATH\=Yoga\ of\ EatingTests.xctest/Executables
    export EXECUTABLE_FOLDER_PATH\=Yoga\ of\ EatingTests.xctest
    export EXECUTABLE_FOLDER_PATH_SHALLOW_BUNDLE_NO\=Yoga\ of\ EatingTests.xctest/MacOS
    export EXECUTABLE_FOLDER_PATH_SHALLOW_BUNDLE_YES\=Yoga\ of\ EatingTests.xctest
    export EXECUTABLE_NAME\=Yoga\ of\ EatingTests
    export EXECUTABLE_PATH\=Yoga\ of\ EatingTests.xctest/Yoga\ of\ EatingTests
    export EXPANDED_CODE_SIGN_IDENTITY\=-
    export EXPANDED_CODE_SIGN_IDENTITY_NAME\=Sign\ to\ Run\ Locally
    export EXTENSIONS_FOLDER_PATH\=Yoga\ of\ EatingTests.xctest/Extensions
    export FILE_LIST\=/Users/sunil/Library/Developer/Xcode/DerivedData/Yoga_of_Eating-ducgyjnlphnmtmcobbndvvbfdgcp/Build/Intermediates.noindex/Yoga\ of\ Eating.build/Debug-iphonesimulator/Yoga\ of\ EatingTests.build/Objects/LinkFileList
    export FIXED_FILES_DIR\=/Users/sunil/Library/Developer/Xcode/DerivedData/Yoga_of_Eating-ducgyjnlphnmtmcobbndvvbfdgcp/Build/Intermediates.noindex/Yoga\ of\ Eating.build/Debug-iphonesimulator/Yoga\ of\ EatingTests.build/FixedFiles
    export FRAMEWORKS_FOLDER_PATH\=Yoga\ of\ EatingTests.xctest/Frameworks
    export FRAMEWORK_FLAG_PREFIX\=-framework
    export FRAMEWORK_SEARCH_PATHS\=/Users/sunil/Library/Developer/Xcode/DerivedData/Yoga_of_Eating-ducgyjnlphnmtmcobbndvvbfdgcp/Build/Products/Debug-iphonesimulator/PackageFrameworks\ /Users/sunil/Library/Developer/Xcode/DerivedData/Yoga_of_Eating-ducgyjnlphnmtmcobbndvvbfdgcp/Build/Products/Debug-iphonesimulator/PackageFrameworks\ /Users/sunil/Library/Developer/Xcode/DerivedData/Yoga_of_Eating-ducgyjnlphnmtmcobbndvvbfdgcp/Build/Products/Debug-iphonesimulator/PackageFrameworks\ /Users/sunil/Library/Developer/Xcode/DerivedData/Yoga_of_Eating-ducgyjnlphnmtmcobbndvvbfdgcp/Build/Products/Debug-iphonesimulator/PackageFrameworks\ /Users/sunil/Library/Developer/Xcode/DerivedData/Yoga_of_Eating-ducgyjnlphnmtmcobbndvvbfdgcp/Build/Products/Debug-iphonesimulator/PackageFrameworks\ /Users/sunil/Library/Developer/Xcode/DerivedData/Yoga_of_Eating-ducgyjnlphnmtmcobbndvvbfdgcp/Build/Products/Debug-iphonesimulator/PackageFrameworks\ /Users/sunil/Library/Developer/Xcode/DerivedData/Yoga_of_Eating-ducgyjnlphnmtmcobbndvvbfdgcp/Build/Products/Debug-iphonesimulator/PackageFrameworks\ /Users/sunil/Library/Developer/Xcode/DerivedData/Yoga_of_Eating-ducgyjnlphnmtmcobbndvvbfdgcp/Build/Products/Debug-iphonesimulator/PackageFrameworks\ /Users/sunil/Library/Developer/Xcode/DerivedData/Yoga_of_Eating-ducgyjnlphnmtmcobbndvvbfdgcp/Build/Products/Debug-iphonesimulator/PackageFrameworks\ /Users/sunil/Library/Developer/Xcode/DerivedData/Yoga_of_Eating-ducgyjnlphnmtmcobbndvvbfdgcp/Build/Products/Debug-iphonesimulator/PackageFrameworks\ /Users/sunil/Library/Developer/Xcode/DerivedData/Yoga_of_Eating-ducgyjnlphnmtmcobbndvvbfdgcp/Build/Products/Debug-iphonesimulator/PackageFrameworks\ /Users/sunil/Library/Developer/Xcode/DerivedData/Yoga_of_Eating-ducgyjnlphnmtmcobbndvvbfdgcp/Build/Products/Debug-iphonesimulator/PackageFrameworks\ /Users/sunil/Library/Developer/Xcode/DerivedData/Yoga_of_Eating-ducgyjnlphnmtmcobbndvvbfdgcp/Build/Products/Debug-iphonesimulator/PackageFrameworks\ /Users/sunil/Library/Developer/Xcode/DerivedData/Yoga_of_Eating-ducgyjnlphnmtmcobbndvvbfdgcp/Build/Products/Debug-iphonesimulator/PackageFrameworks\ /Users/sunil/Library/Developer/Xcode/DerivedData/Yoga_of_Eating-ducgyjnlphnmtmcobbndvvbfdgcp/Build/Products/Debug-iphonesimulator/PackageFrameworks\ /Users/sunil/Library/Developer/Xcode/DerivedData/Yoga_of_Eating-ducgyjnlphnmtmcobbndvvbfdgcp/Build/Products/Debug-iphonesimulator/PackageFrameworks\ /Users/sunil/Library/Developer/Xcode/DerivedData/Yoga_of_Eating-ducgyjnlphnmtmcobbndvvbfdgcp/Build/Products/Debug-iphonesimulator/PackageFrameworks\ /Users/sunil/Library/Developer/Xcode/DerivedData/Yoga_of_Eating-ducgyjnlphnmtmcobbndvvbfdgcp/Build/Products/Debug-iphonesimulator/PackageFrameworks\ /Users/sunil/Library/Developer/Xcode/DerivedData/Yoga_of_Eating-ducgyjnlphnmtmcobbndvvbfdgcp/Build/Products/Debug-iphonesimulator/PackageFrameworks\ /Users/sunil/Library/Developer/Xcode/DerivedData/Yoga_of_Eating-ducgyjnlphnmtmcobbndvvbfdgcp/Build/Products/Debug-iphonesimulator/PackageFrameworks\ /Users/sunil/Library/Developer/Xcode/DerivedData/Yoga_of_Eating-ducgyjnlphnmtmcobbndvvbfdgcp/Build/Products/Debug-iphonesimulator/PackageFrameworks\ /Users/sunil/Library/Developer/Xcode/DerivedData/Yoga_of_Eating-ducgyjnlphnmtmcobbndvvbfdgcp/Build/Products/Debug-iphonesimulator/PackageFrameworks\ /Users/sunil/Library/Developer/Xcode/DerivedData/Yoga_of_Eating-ducgyjnlphnmtmcobbndvvbfdgcp/Build/Products/Debug-iphonesimulator/PackageFrameworks\ /Users/sunil/Library/Developer/Xcode/DerivedData/Yoga_of_Eating-ducgyjnlphnmtmcobbndvvbfdgcp/Build/Products/Debug-iphonesimulator/PackageFrameworks\ /Users/sunil/Library/Developer/Xcode/DerivedData/Yoga_of_Eating-ducgyjnlphnmtmcobbndvvbfdgcp/Build/Products/Debug-iphonesimulator/PackageFrameworks\ /Users/sunil/Library/Developer/Xcode/DerivedData/Yoga_of_Eating-ducgyjnlphnmtmcobbndvvbfdgcp/Build/Products/Debug-iphonesimulator/PackageFrameworks\ /Users/sunil/Library/Developer/Xcode/DerivedData/Yoga_of_Eating-ducgyjnlphnmtmcobbndvvbfdgcp/Build/Products/Debug-iphonesimulator/PackageFrameworks\ /Users/sunil/Library/Developer/Xcode/DerivedData/Yoga_of_Eating-ducgyjnlphnmtmcobbndvvbfdgcp/Build/Products/Debug-iphonesimulator/PackageFrameworks\ /Users/sunil/Library/Developer/Xcode/DerivedData/Yoga_of_Eating-ducgyjnlphnmtmcobbndvvbfdgcp/Build/Products/Debug-iphonesimulator/PackageFrameworks\ /Users/sunil/Library/Developer/Xcode/DerivedData/Yoga_of_Eating-ducgyjnlphnmtmcobbndvvbfdgcp/Build/Products/Debug-iphonesimulator/PackageFrameworks\ /Users/sunil/Library/Developer/Xcode/DerivedData/Yoga_of_Eating-ducgyjnlphnmtmcobbndvvbfdgcp/Build/Products/Debug-iphonesimulator/PackageFrameworks\ /Users/sunil/Library/Developer/Xcode/DerivedData/Yoga_of_Eating-ducgyjnlphnmtmcobbndvvbfdgcp/Build/Products/Debug-iphonesimulator/PackageFrameworks\ /Users/sunil/Library/Developer/Xcode/DerivedData/Yoga_of_Eating-ducgyjnlphnmtmcobbndvvbfdgcp/Build/Products/Debug-iphonesimulator/PackageFrameworks\ /Users/sunil/Library/Developer/Xcode/DerivedData/Yoga_of_Eating-ducgyjnlphnmtmcobbndvvbfdgcp/Build/Products/Debug-iphonesimulator/PackageFrameworks\ /Users/sunil/Library/Developer/Xcode/DerivedData/Yoga_of_Eating-ducgyjnlphnmtmcobbndvvbfdgcp/Build/Products/Debug-iphonesimulator/PackageFrameworks\ /Users/sunil/Library/Developer/Xcode/DerivedData/Yoga_of_Eating-ducgyjnlphnmtmcobbndvvbfdgcp/Build/Products/Debug-iphonesimulator/PackageFrameworks\ /Users/sunil/Library/Developer/Xcode/DerivedData/Yoga_of_Eating-ducgyjnlphnmtmcobbndvvbfdgcp/Build/Products/Debug-iphonesimulator/PackageFrameworks\ /Users/sunil/Library/Developer/Xcode/DerivedData/Yoga_of_Eating-ducgyjnlphnmtmcobbndvvbfdgcp/Build/Products/Debug-iphonesimulator/PackageFrameworks\ /Users/sunil/Library/Developer/Xcode/DerivedData/Yoga_of_Eating-ducgyjnlphnmtmcobbndvvbfdgcp/Build/Products/Debug-iphonesimulator/PackageFrameworks\ /Users/sunil/Library/Developer/Xcode/DerivedData/Yoga_of_Eating-ducgyjnlphnmtmcobbndvvbfdgcp/Build/Products/Debug-iphonesimulator\ 
    export FRAMEWORK_VERSION\=A
    export FULL_PRODUCT_NAME\=Yoga\ of\ EatingTests.xctest
    export FUSE_BUILD_PHASES\=YES
    export FUSE_BUILD_SCRIPT_PHASES\=NO
    export GCC3_VERSION\=3.3
    export GCC_C_LANGUAGE_STANDARD\=gnu17
    export GCC_DYNAMIC_NO_PIC\=NO
    export GCC_INLINES_ARE_PRIVATE_EXTERN\=YES
    export GCC_NO_COMMON_BLOCKS\=YES
    export GCC_OBJC_LEGACY_DISPATCH\=YES
    export GCC_OPTIMIZATION_LEVEL\=0
    export GCC_PFE_FILE_C_DIALECTS\=c\ objective-c\ c++\ objective-c++
    export GCC_PREPROCESSOR_DEFINITIONS\=DEBUG\=1\ 
    export GCC_TREAT_WARNINGS_AS_ERRORS\=NO
    export GCC_VERSION\=com.apple.compilers.llvm.clang.1_0
    export GCC_VERSION_IDENTIFIER\=com_apple_compilers_llvm_clang_1_0
    export GCC_WARN_64_TO_32_BIT_CONVERSION\=YES
    export GCC_WARN_ABOUT_RETURN_TYPE\=YES_ERROR
    export GCC_WARN_UNDECLARED_SELECTOR\=YES
    export GCC_WARN_UNINITIALIZED_AUTOS\=YES_AGGRESSIVE
    export GCC_WARN_UNUSED_FUNCTION\=YES
    export GCC_WARN_UNUSED_VARIABLE\=YES
    export GENERATED_MODULEMAP_DIR\=/Users/sunil/Library/Developer/Xcode/DerivedData/Yoga_of_Eating-ducgyjnlphnmtmcobbndvvbfdgcp/Build/Intermediates.noindex/GeneratedModuleMaps-iphonesimulator
    export GENERATED_TEST_ENTRY_POINT_PATH\=/Users/sunil/Library/Developer/Xcode/DerivedData/Yoga_of_Eating-ducgyjnlphnmtmcobbndvvbfdgcp/Build/Intermediates.noindex/Yoga\ of\ Eating.build/Debug-iphonesimulator/Yoga\ of\ EatingTests.build/DerivedSources/test_entry_point.swift
    export GENERATE_INFOPLIST_FILE\=YES
    export GENERATE_INTERMEDIATE_TEXT_BASED_STUBS\=YES
    export GENERATE_PKGINFO_FILE\=NO
    export GENERATE_PRELINK_OBJECT_FILE\=NO
    export GENERATE_PROFILING_CODE\=NO
    export GENERATE_TEXT_BASED_STUBS\=NO
    export GID\=20
    export GROUP\=staff
    export HEADERMAP_INCLUDES_FLAT_ENTRIES_FOR_TARGET_BEING_BUILT\=YES
    export HEADERMAP_INCLUDES_FRAMEWORK_ENTRIES_FOR_ALL_PRODUCT_TYPES\=YES
    export HEADERMAP_INCLUDES_FRAMEWORK_ENTRIES_FOR_TARGETS_NOT_BEING_BUILT\=YES
    export HEADERMAP_INCLUDES_NONPUBLIC_NONPRIVATE_HEADERS\=YES
    export HEADERMAP_INCLUDES_PROJECT_HEADERS\=YES
    export HEADERMAP_USES_FRAMEWORK_PREFIX_ENTRIES\=YES
    export HEADERMAP_USES_VFS\=NO
    export HEADER_SEARCH_PATHS\=/Users/sunil/Library/Developer/Xcode/DerivedData/Yoga_of_Eating-ducgyjnlphnmtmcobbndvvbfdgcp/SourcePackages/checkouts/abseil-cpp-binary/absl-Wrapper/include\ /Users/sunil/Library/Developer/Xcode/DerivedData/Yoga_of_Eating-ducgyjnlphnmtmcobbndvvbfdgcp/SourcePackages/checkouts/grpc-binary/openssl-grpc-Wrapper/include\ /Users/sunil/Library/Developer/Xcode/DerivedData/Yoga_of_Eating-ducgyjnlphnmtmcobbndvvbfdgcp/SourcePackages/checkouts/grpc-binary/grpc-Wrapper/include\ /Users/sunil/Library/Developer/Xcode/DerivedData/Yoga_of_Eating-ducgyjnlphnmtmcobbndvvbfdgcp/SourcePackages/checkouts/grpc-binary/grpcpp-Wrapper/include\ /Users/sunil/Library/Developer/Xcode/DerivedData/Yoga_of_Eating-ducgyjnlphnmtmcobbndvvbfdgcp/SourcePackages/checkouts/nanopb/spm_headers\ /Users/sunil/Library/Developer/Xcode/DerivedData/Yoga_of_Eating-ducgyjnlphnmtmcobbndvvbfdgcp/SourcePackages/checkouts/leveldb/include\ /Users/sunil/Library/Developer/Xcode/DerivedData/Yoga_of_Eating-ducgyjnlphnmtmcobbndvvbfdgcp/SourcePackages/checkouts/firebase-ios-sdk/FirebaseFirestoreInternal/.\ /Users/sunil/Library/Developer/Xcode/DerivedData/Yoga_of_Eating-ducgyjnlphnmtmcobbndvvbfdgcp/SourcePackages/checkouts/firebase-ios-sdk/SwiftPM-PlatformExclude/FirebaseFirestoreWrap/include\ /Users/sunil/Library/Developer/Xcode/DerivedData/Yoga_of_Eating-ducgyjnlphnmtmcobbndvvbfdgcp/SourcePackages/checkouts/firebase-ios-sdk/FirebaseMessaging/Interop/.\ /Users/sunil/Library/Developer/Xcode/DerivedData/Yoga_of_Eating-ducgyjnlphnmtmcobbndvvbfdgcp/SourcePackages/checkouts/interop-ios-for-google-sdks/RecaptchaEnterprise/RecaptchaInterop/Public\ /Users/sunil/Library/Developer/Xcode/DerivedData/Yoga_of_Eating-ducgyjnlphnmtmcobbndvvbfdgcp/SourcePackages/checkouts/GoogleUtilities/GoogleUtilities/Network/Public\ /Users/sunil/Library/Developer/Xcode/DerivedData/Yoga_of_Eating-ducgyjnlphnmtmcobbndvvbfdgcp/SourcePackages/checkouts/GoogleUtilities/GoogleUtilities/Reachability/Public\ /Users/sunil/Library/Developer/Xcode/DerivedData/Yoga_of_Eating-ducgyjnlphnmtmcobbndvvbfdgcp/SourcePackages/checkouts/GoogleUtilities/GoogleUtilities/NSData+zlib/Public\ /Users/sunil/Library/Developer/Xcode/DerivedData/Yoga_of_Eating-ducgyjnlphnmtmcobbndvvbfdgcp/SourcePackages/checkouts/GoogleUtilities/GoogleUtilities/AppDelegateSwizzler/Public\ /Users/sunil/Library/Developer/Xcode/DerivedData/Yoga_of_Eating-ducgyjnlphnmtmcobbndvvbfdgcp/SourcePackages/checkouts/firebase-ios-sdk/FirebaseCore/Extension/.\ /Users/sunil/Library/Developer/Xcode/DerivedData/Yoga_of_Eating-ducgyjnlphnmtmcobbndvvbfdgcp/SourcePackages/checkouts/firebase-ios-sdk/FirebaseCore/Sources/Public\ /Users/sunil/Library/Developer/Xcode/DerivedData/Yoga_of_Eating-ducgyjnlphnmtmcobbndvvbfdgcp/SourcePackages/checkouts/firebase-ios-sdk/CoreOnly/Sources/.\ /Users/sunil/Library/Developer/Xcode/DerivedData/Yoga_of_Eating-ducgyjnlphnmtmcobbndvvbfdgcp/SourcePackages/checkouts/firebase-ios-sdk/FirebaseAuth/Sources/Public\ /Users/sunil/Library/Developer/Xcode/DerivedData/Yoga_of_Eating-ducgyjnlphnmtmcobbndvvbfdgcp/SourcePackages/checkouts/firebase-ios-sdk/FirebaseAuth/Interop/Public\ /Users/sunil/Library/Developer/Xcode/DerivedData/Yoga_of_Eating-ducgyjnlphnmtmcobbndvvbfdgcp/SourcePackages/checkouts/firebase-ios-sdk/FirebaseAppCheck/Interop/Public\ /Users/sunil/Library/Developer/Xcode/DerivedData/Yoga_of_Eating-ducgyjnlphnmtmcobbndvvbfdgcp/SourcePackages/checkouts/AppAuth-iOS/Sources/AppAuth/.\ /Users/sunil/Library/Developer/Xcode/DerivedData/Yoga_of_Eating-ducgyjnlphnmtmcobbndvvbfdgcp/SourcePackages/checkouts/AppAuth-iOS/Sources/AppAuthCore/.\ /Users/sunil/Library/Developer/Xcode/DerivedData/Yoga_of_Eating-ducgyjnlphnmtmcobbndvvbfdgcp/SourcePackages/checkouts/promises/Sources/FBLPromises/include\ /Users/sunil/Library/Developer/Xcode/DerivedData/Yoga_of_Eating-ducgyjnlphnmtmcobbndvvbfdgcp/SourcePackages/checkouts/GoogleUtilities/GoogleUtilities/Logger/Public\ /Users/sunil/Library/Developer/Xcode/DerivedData/Yoga_of_Eating-ducgyjnlphnmtmcobbndvvbfdgcp/SourcePackages/checkouts/GoogleUtilities/GoogleUtilities/Environment/Public\ /Users/sunil/Library/Developer/Xcode/DerivedData/Yoga_of_Eating-ducgyjnlphnmtmcobbndvvbfdgcp/SourcePackages/checkouts/GoogleUtilities/third_party/IsAppEncrypted/Public\ /Users/sunil/Library/Developer/Xcode/DerivedData/Yoga_of_Eating-ducgyjnlphnmtmcobbndvvbfdgcp/SourcePackages/checkouts/GoogleUtilities/GoogleUtilities/UserDefaults/Public\ /Users/sunil/Library/Developer/Xcode/DerivedData/Yoga_of_Eating-ducgyjnlphnmtmcobbndvvbfdgcp/SourcePackages/checkouts/app-check/AppCheckCore/Sources/Public\ /Users/sunil/Library/Developer/Xcode/DerivedData/Yoga_of_Eating-ducgyjnlphnmtmcobbndvvbfdgcp/SourcePackages/checkouts/gtm-session-fetcher/Sources/Core/Public\ /Users/sunil/Library/Developer/Xcode/DerivedData/Yoga_of_Eating-ducgyjnlphnmtmcobbndvvbfdgcp/SourcePackages/checkouts/GoogleSignIn-iOS/GoogleSignIn/Sources/Public\ /Users/sunil/Library/Developer/Xcode/DerivedData/Yoga_of_Eating-ducgyjnlphnmtmcobbndvvbfdgcp/Build/Products/Debug-iphonesimulator/include\ 
    export HOME\=/Users/sunil
    export HOST_ARCH\=arm64
    export HOST_PLATFORM\=macosx
    export ICONV\=/usr/bin/iconv
    export IMPLICIT_DEPENDENCY_DOMAIN\=default
    export INDEX_STORE_COMPRESS\=NO
    export INDEX_STORE_ONLY_PROJECT_FILES\=NO
    export INFOPLIST_ENABLE_CFBUNDLEICONS_MERGE\=YES
    export INFOPLIST_EXPAND_BUILD_SETTINGS\=YES
    export INFOPLIST_OUTPUT_FORMAT\=binary
    export INFOPLIST_PATH\=Yoga\ of\ EatingTests.xctest/Info.plist
    export INFOPLIST_PREPROCESS\=NO
    export INFOSTRINGS_PATH\=Yoga\ of\ EatingTests.xctest/en.lproj/InfoPlist.strings
    export INLINE_PRIVATE_FRAMEWORKS\=NO
    export INSTALLAPI_IGNORE_SKIP_INSTALL\=YES
    export INSTALLHDRS_COPY_PHASE\=NO
    export INSTALLHDRS_SCRIPT_PHASE\=NO
    export INSTALL_DIR\=/tmp/Yoga\ of\ Eating.dst
    export INSTALL_GROUP\=staff
    export INSTALL_MODE_FLAG\=u+w,go-w,a+rX
    export INSTALL_OWNER\=sunil
    export INSTALL_ROOT\=/tmp/Yoga\ of\ Eating.dst
    export IPHONEOS_DEPLOYMENT_TARGET\=26.2
    export IS_UNOPTIMIZED_BUILD\=YES
    export JAVAC_DEFAULT_FLAGS\=-J-Xms64m\ -J-XX:NewSize\=4M\ -J-Dfile.encoding\=UTF8
    export JAVA_APP_STUB\=/System/Library/Frameworks/JavaVM.framework/Resources/MacOS/JavaApplicationStub
    export JAVA_ARCHIVE_CLASSES\=YES
    export JAVA_ARCHIVE_TYPE\=JAR
    export JAVA_COMPILER\=/usr/bin/javac
    export JAVA_FOLDER_PATH\=Yoga\ of\ EatingTests.xctest/Java
    export JAVA_FRAMEWORK_RESOURCES_DIRS\=Resources
    export JAVA_JAR_FLAGS\=cv
    export JAVA_SOURCE_SUBDIR\=.
    export JAVA_USE_DEPENDENCIES\=YES
    export JAVA_ZIP_FLAGS\=-urg
    export JIKES_DEFAULT_FLAGS\=+E\ +OLDCSO
    export KEEP_PRIVATE_EXTERNS\=NO
    export LD_DEPENDENCY_INFO_FILE\=/Users/sunil/Library/Developer/Xcode/DerivedData/Yoga_of_Eating-ducgyjnlphnmtmcobbndvvbfdgcp/Build/Intermediates.noindex/Yoga\ of\ Eating.build/Debug-iphonesimulator/Yoga\ of\ EatingTests.build/Objects-normal/undefined_arch/Yoga\ of\ EatingTests_dependency_info.dat
    export LD_EXPORT_SYMBOLS\=YES
    export LD_GENERATE_MAP_FILE\=NO
    export LD_MAP_FILE_PATH\=/Users/sunil/Library/Developer/Xcode/DerivedData/Yoga_of_Eating-ducgyjnlphnmtmcobbndvvbfdgcp/Build/Intermediates.noindex/Yoga\ of\ Eating.build/Debug-iphonesimulator/Yoga\ of\ EatingTests.build/Yoga\ of\ EatingTests-LinkMap-normal-undefined_arch.txt
    export LD_NO_PIE\=NO
    export LD_QUOTE_LINKER_ARGUMENTS_FOR_COMPILER_DRIVER\=YES
    export LD_RUNPATH_SEARCH_PATHS\=/Users/sunil/Library/Developer/Xcode/DerivedData/Yoga_of_Eating-ducgyjnlphnmtmcobbndvvbfdgcp/Build/Products/Debug-iphonesimulator/PackageFrameworks\ /Users/sunil/Library/Developer/Xcode/DerivedData/Yoga_of_Eating-ducgyjnlphnmtmcobbndvvbfdgcp/Build/Products/Debug-iphonesimulator/PackageFrameworks\ /Users/sunil/Library/Developer/Xcode/DerivedData/Yoga_of_Eating-ducgyjnlphnmtmcobbndvvbfdgcp/Build/Products/Debug-iphonesimulator/PackageFrameworks\ /Users/sunil/Library/Developer/Xcode/DerivedData/Yoga_of_Eating-ducgyjnlphnmtmcobbndvvbfdgcp/Build/Products/Debug-iphonesimulator/PackageFrameworks\ /Users/sunil/Library/Developer/Xcode/DerivedData/Yoga_of_Eating-ducgyjnlphnmtmcobbndvvbfdgcp/Build/Products/Debug-iphonesimulator/PackageFrameworks\ /Users/sunil/Library/Developer/Xcode/DerivedData/Yoga_of_Eating-ducgyjnlphnmtmcobbndvvbfdgcp/Build/Products/Debug-iphonesimulator/PackageFrameworks\ /Users/sunil/Library/Developer/Xcode/DerivedData/Yoga_of_Eating-ducgyjnlphnmtmcobbndvvbfdgcp/Build/Products/Debug-iphonesimulator/PackageFrameworks\ /Users/sunil/Library/Developer/Xcode/DerivedData/Yoga_of_Eating-ducgyjnlphnmtmcobbndvvbfdgcp/Build/Products/Debug-iphonesimulator/PackageFrameworks\ /Users/sunil/Library/Developer/Xcode/DerivedData/Yoga_of_Eating-ducgyjnlphnmtmcobbndvvbfdgcp/Build/Products/Debug-iphonesimulator/PackageFrameworks\ /Users/sunil/Library/Developer/Xcode/DerivedData/Yoga_of_Eating-ducgyjnlphnmtmcobbndvvbfdgcp/Build/Products/Debug-iphonesimulator/PackageFrameworks\ /Users/sunil/Library/Developer/Xcode/DerivedData/Yoga_of_Eating-ducgyjnlphnmtmcobbndvvbfdgcp/Build/Products/Debug-iphonesimulator/PackageFrameworks\ /Users/sunil/Library/Developer/Xcode/DerivedData/Yoga_of_Eating-ducgyjnlphnmtmcobbndvvbfdgcp/Build/Products/Debug-iphonesimulator/PackageFrameworks\ /Users/sunil/Library/Developer/Xcode/DerivedData/Yoga_of_Eating-ducgyjnlphnmtmcobbndvvbfdgcp/Build/Products/Debug-iphonesimulator/PackageFrameworks\ /Users/sunil/Library/Developer/Xcode/DerivedData/Yoga_of_Eating-ducgyjnlphnmtmcobbndvvbfdgcp/Build/Products/Debug-iphonesimulator/PackageFrameworks\ /Users/sunil/Library/Developer/Xcode/DerivedData/Yoga_of_Eating-ducgyjnlphnmtmcobbndvvbfdgcp/Build/Products/Debug-iphonesimulator/PackageFrameworks\ /Users/sunil/Library/Developer/Xcode/DerivedData/Yoga_of_Eating-ducgyjnlphnmtmcobbndvvbfdgcp/Build/Products/Debug-iphonesimulator/PackageFrameworks\ /Users/sunil/Library/Developer/Xcode/DerivedData/Yoga_of_Eating-ducgyjnlphnmtmcobbndvvbfdgcp/Build/Products/Debug-iphonesimulator/PackageFrameworks\ /Users/sunil/Library/Developer/Xcode/DerivedData/Yoga_of_Eating-ducgyjnlphnmtmcobbndvvbfdgcp/Build/Products/Debug-iphonesimulator/PackageFrameworks\ /Users/sunil/Library/Developer/Xcode/DerivedData/Yoga_of_Eating-ducgyjnlphnmtmcobbndvvbfdgcp/Build/Products/Debug-iphonesimulator/PackageFrameworks\ /Users/sunil/Library/Developer/Xcode/DerivedData/Yoga_of_Eating-ducgyjnlphnmtmcobbndvvbfdgcp/Build/Products/Debug-iphonesimulator/PackageFrameworks\ /Users/sunil/Library/Developer/Xcode/DerivedData/Yoga_of_Eating-ducgyjnlphnmtmcobbndvvbfdgcp/Build/Products/Debug-iphonesimulator/PackageFrameworks\ /Users/sunil/Library/Developer/Xcode/DerivedData/Yoga_of_Eating-ducgyjnlphnmtmcobbndvvbfdgcp/Build/Products/Debug-iphonesimulator/PackageFrameworks\ /Users/sunil/Library/Developer/Xcode/DerivedData/Yoga_of_Eating-ducgyjnlphnmtmcobbndvvbfdgcp/Build/Products/Debug-iphonesimulator/PackageFrameworks\ /Users/sunil/Library/Developer/Xcode/DerivedData/Yoga_of_Eating-ducgyjnlphnmtmcobbndvvbfdgcp/Build/Products/Debug-iphonesimulator/PackageFrameworks\ /Users/sunil/Library/Developer/Xcode/DerivedData/Yoga_of_Eating-ducgyjnlphnmtmcobbndvvbfdgcp/Build/Products/Debug-iphonesimulator/PackageFrameworks\ /Users/sunil/Library/Developer/Xcode/DerivedData/Yoga_of_Eating-ducgyjnlphnmtmcobbndvvbfdgcp/Build/Products/Debug-iphonesimulator/PackageFrameworks\ /Users/sunil/Library/Developer/Xcode/DerivedData/Yoga_of_Eating-ducgyjnlphnmtmcobbndvvbfdgcp/Build/Products/Debug-iphonesimulator/PackageFrameworks\ /Users/sunil/Library/Developer/Xcode/DerivedData/Yoga_of_Eating-ducgyjnlphnmtmcobbndvvbfdgcp/Build/Products/Debug-iphonesimulator/PackageFrameworks\ /Users/sunil/Library/Developer/Xcode/DerivedData/Yoga_of_Eating-ducgyjnlphnmtmcobbndvvbfdgcp/Build/Products/Debug-iphonesimulator/PackageFrameworks\ /Users/sunil/Library/Developer/Xcode/DerivedData/Yoga_of_Eating-ducgyjnlphnmtmcobbndvvbfdgcp/Build/Products/Debug-iphonesimulator/PackageFrameworks\ /Users/sunil/Library/Developer/Xcode/DerivedData/Yoga_of_Eating-ducgyjnlphnmtmcobbndvvbfdgcp/Build/Products/Debug-iphonesimulator/PackageFrameworks\ /Users/sunil/Library/Developer/Xcode/DerivedData/Yoga_of_Eating-ducgyjnlphnmtmcobbndvvbfdgcp/Build/Products/Debug-iphonesimulator/PackageFrameworks\ /Users/sunil/Library/Developer/Xcode/DerivedData/Yoga_of_Eating-ducgyjnlphnmtmcobbndvvbfdgcp/Build/Products/Debug-iphonesimulator/PackageFrameworks\ /Users/sunil/Library/Developer/Xcode/DerivedData/Yoga_of_Eating-ducgyjnlphnmtmcobbndvvbfdgcp/Build/Products/Debug-iphonesimulator/PackageFrameworks\ /Users/sunil/Library/Developer/Xcode/DerivedData/Yoga_of_Eating-ducgyjnlphnmtmcobbndvvbfdgcp/Build/Products/Debug-iphonesimulator/PackageFrameworks\ /Users/sunil/Library/Developer/Xcode/DerivedData/Yoga_of_Eating-ducgyjnlphnmtmcobbndvvbfdgcp/Build/Products/Debug-iphonesimulator/PackageFrameworks\ /Users/sunil/Library/Developer/Xcode/DerivedData/Yoga_of_Eating-ducgyjnlphnmtmcobbndvvbfdgcp/Build/Products/Debug-iphonesimulator/PackageFrameworks\ /Users/sunil/Library/Developer/Xcode/DerivedData/Yoga_of_Eating-ducgyjnlphnmtmcobbndvvbfdgcp/Build/Products/Debug-iphonesimulator/PackageFrameworks\ /Users/sunil/Library/Developer/Xcode/DerivedData/Yoga_of_Eating-ducgyjnlphnmtmcobbndvvbfdgcp/Build/Products/Debug-iphonesimulator/PackageFrameworks\ \ @loader_path/Frameworks\ @executable_path/Frameworks
    export LD_RUNPATH_SEARCH_PATHS_SHALLOW_BUNDLE_NO\=@loader_path/../Frameworks
    export LD_RUNPATH_SEARCH_PATHS_SHALLOW_BUNDLE_YES\=@loader_path/Frameworks
    export LD_SHARED_CACHE_ELIGIBLE\=Automatic
    export LD_WARN_DUPLICATE_LIBRARIES\=NO
    export LD_WARN_UNUSED_DYLIBS\=NO
    export LEGACY_DEVELOPER_DIR\=/Applications/Xcode.app/Contents/PlugIns/Xcode3Core.ideplugin/Contents/SharedSupport/Developer
    export LEX\=lex
    export LIBRARY_DEXT_INSTALL_PATH\=/Library/DriverExtensions
    export LIBRARY_FLAG_NOSPACE\=YES
    export LIBRARY_FLAG_PREFIX\=-l
    export LIBRARY_KEXT_INSTALL_PATH\=/Library/Extensions
    export LIBRARY_SEARCH_PATHS\=/Users/sunil/Library/Developer/Xcode/DerivedData/Yoga_of_Eating-ducgyjnlphnmtmcobbndvvbfdgcp/Build/Products/Debug-iphonesimulator\ \ \ /Applications/Xcode.app/Contents/Developer/Platforms/iPhoneSimulator.platform/Developer/usr/lib
    export LINKER_DISPLAYS_MANGLED_NAMES\=NO
    export LINK_FILE_LIST_normal_arm64\=/Users/sunil/Library/Developer/Xcode/DerivedData/Yoga_of_Eating-ducgyjnlphnmtmcobbndvvbfdgcp/Build/Intermediates.noindex/Yoga\ of\ Eating.build/Debug-iphonesimulator/Yoga\ of\ EatingTests.build/Objects-normal/arm64/Yoga\ of\ EatingTests.LinkFileList
    export LINK_OBJC_RUNTIME\=YES
    export LINK_WITH_STANDARD_LIBRARIES\=YES
    export LLVM_TARGET_TRIPLE_OS_VERSION\=ios26.2
    export LLVM_TARGET_TRIPLE_SUFFIX\=-simulator
    export LLVM_TARGET_TRIPLE_VENDOR\=apple
    export LM_AUX_CONST_METADATA_LIST_PATH_normal_arm64\=/Users/sunil/Library/Developer/Xcode/DerivedData/Yoga_of_Eating-ducgyjnlphnmtmcobbndvvbfdgcp/Build/Intermediates.noindex/Yoga\ of\ Eating.build/Debug-iphonesimulator/Yoga\ of\ EatingTests.build/Objects-normal/arm64/Yoga\ of\ EatingTests.SwiftConstValuesFileList
    export LOCALIZATION_EXPORT_SUPPORTED\=YES
    export LOCALIZATION_PREFERS_STRING_CATALOGS\=YES
    export LOCALIZED_RESOURCES_FOLDER_PATH\=Yoga\ of\ EatingTests.xctest/en.lproj
    export LOCALIZED_STRING_CODE_COMMENTS\=NO
    export LOCALIZED_STRING_MACRO_NAMES\=NSLocalizedString\ CFCopyLocalizedString
    export LOCALIZED_STRING_SWIFTUI_SUPPORT\=YES
    export LOCAL_ADMIN_APPS_DIR\=/Applications/Utilities
    export LOCAL_APPS_DIR\=/Applications
    export LOCAL_DEVELOPER_DIR\=/Library/Developer
    export LOCAL_LIBRARY_DIR\=/Library
    export LOCROOT\=/Users/sunil/Downloads/YogaofEating
    export LOCSYMROOT\=/Users/sunil/Downloads/YogaofEating
    export MACH_O_TYPE\=mh_bundle
    export MAC_OS_X_PRODUCT_BUILD_VERSION\=25F71
    export MAC_OS_X_VERSION_ACTUAL\=260500
    export MAC_OS_X_VERSION_MAJOR\=260000
    export MAC_OS_X_VERSION_MINOR\=260500
    export MAKE_MERGEABLE\=NO
    export MARKETING_VERSION\=1.0
    export MERGEABLE_LIBRARY\=NO
    export MERGED_BINARY_TYPE\=none
    export MERGE_LINKED_LIBRARIES\=NO
    export METAL_LIBRARY_FILE_BASE\=default
    export METAL_LIBRARY_OUTPUT_DIR\=/Users/sunil/Library/Developer/Xcode/DerivedData/Yoga_of_Eating-ducgyjnlphnmtmcobbndvvbfdgcp/Build/Products/Debug-iphonesimulator/Yoga\ of\ Eating.app/PlugIns/Yoga\ of\ EatingTests.xctest
    export MODULES_FOLDER_PATH\=Yoga\ of\ EatingTests.xctest/Modules
    export MODULE_CACHE_DIR\=/Users/sunil/Library/Developer/Xcode/DerivedData/ModuleCache.noindex
    export MTL_ENABLE_DEBUG_INFO\=INCLUDE_SOURCE
    export MTL_FAST_MATH\=YES
    export NATIVE_ARCH\=arm64
    export NATIVE_ARCH_32_BIT\=arm
    export NATIVE_ARCH_64_BIT\=arm64
    export NATIVE_ARCH_ACTUAL\=arm64
    export NO_COMMON\=YES
    export OBJC_ABI_VERSION\=2
    export OBJECT_FILE_DIR\=/Users/sunil/Library/Developer/Xcode/DerivedData/Yoga_of_Eating-ducgyjnlphnmtmcobbndvvbfdgcp/Build/Intermediates.noindex/Yoga\ of\ Eating.build/Debug-iphonesimulator/Yoga\ of\ EatingTests.build/Objects
    export OBJECT_FILE_DIR_normal\=/Users/sunil/Library/Developer/Xcode/DerivedData/Yoga_of_Eating-ducgyjnlphnmtmcobbndvvbfdgcp/Build/Intermediates.noindex/Yoga\ of\ Eating.build/Debug-iphonesimulator/Yoga\ of\ EatingTests.build/Objects-normal
    export OBJROOT\=/Users/sunil/Library/Developer/Xcode/DerivedData/Yoga_of_Eating-ducgyjnlphnmtmcobbndvvbfdgcp/Build/Intermediates.noindex
    export ONLY_ACTIVE_ARCH\=YES
    export OS\=MACOS
    export OSAC\=/usr/bin/osacompile
    export OTHER_CFLAGS\=-fmodule-map-file\=/Users/sunil/Library/Developer/Xcode/DerivedData/Yoga_of_Eating-ducgyjnlphnmtmcobbndvvbfdgcp/Build/Intermediates.noindex/GeneratedModuleMaps-iphonesimulator/FirebaseAILogic.modulemap\ -fmodule-map-file\=/Users/sunil/Library/Developer/Xcode/DerivedData/Yoga_of_Eating-ducgyjnlphnmtmcobbndvvbfdgcp/Build/Intermediates.noindex/GeneratedModuleMaps-iphonesimulator/FirebaseAI.modulemap\ -fmodule-map-file\=/Users/sunil/Library/Developer/Xcode/DerivedData/Yoga_of_Eating-ducgyjnlphnmtmcobbndvvbfdgcp/Build/Intermediates.noindex/GeneratedModuleMaps-iphonesimulator/abslWrapper.modulemap\ -fmodule-map-file\=/Users/sunil/Library/Developer/Xcode/DerivedData/Yoga_of_Eating-ducgyjnlphnmtmcobbndvvbfdgcp/Build/Intermediates.noindex/GeneratedModuleMaps-iphonesimulator/opensslWrapper.modulemap\ -fmodule-map-file\=/Users/sunil/Library/Developer/Xcode/DerivedData/Yoga_of_Eating-ducgyjnlphnmtmcobbndvvbfdgcp/Build/Intermediates.noindex/GeneratedModuleMaps-iphonesimulator/grpcWrapper.modulemap\ -fmodule-map-file\=/Users/sunil/Library/Developer/Xcode/DerivedData/Yoga_of_Eating-ducgyjnlphnmtmcobbndvvbfdgcp/Build/Intermediates.noindex/GeneratedModuleMaps-iphonesimulator/grpcppWrapper.modulemap\ -fmodule-map-file\=/Users/sunil/Library/Developer/Xcode/DerivedData/Yoga_of_Eating-ducgyjnlphnmtmcobbndvvbfdgcp/Build/Intermediates.noindex/GeneratedModuleMaps-iphonesimulator/nanopb.modulemap\ -fmodule-map-file\=/Users/sunil/Library/Developer/Xcode/DerivedData/Yoga_of_Eating-ducgyjnlphnmtmcobbndvvbfdgcp/Build/Intermediates.noindex/GeneratedModuleMaps-iphonesimulator/leveldb.modulemap\ -fmodule-map-file\=/Users/sunil/Library/Developer/Xcode/DerivedData/Yoga_of_Eating-ducgyjnlphnmtmcobbndvvbfdgcp/Build/Intermediates.noindex/GeneratedModuleMaps-iphonesimulator/FirebaseFirestore.modulemap\ -fmodule-map-file\=/Users/sunil/Library/Developer/Xcode/DerivedData/Yoga_of_Eating-ducgyjnlphnmtmcobbndvvbfdgcp/Build/Intermediates.noindex/GeneratedModuleMaps-iphonesimulator/FirebaseFirestoreInternalWrapper.modulemap\ -fmodule-map-file\=/Users/sunil/Library/Developer/Xcode/DerivedData/Yoga_of_Eating-ducgyjnlphnmtmcobbndvvbfdgcp/Build/Intermediates.noindex/GeneratedModuleMaps-iphonesimulator/FirebaseFirestoreTarget.modulemap\ -fmodule-map-file\=/Users/sunil/Library/Developer/Xcode/DerivedData/Yoga_of_Eating-ducgyjnlphnmtmcobbndvvbfdgcp/Build/Intermediates.noindex/GeneratedModuleMaps-iphonesimulator/GoogleSignInSwift.modulemap\ -fmodule-map-file\=/Users/sunil/Library/Developer/Xcode/DerivedData/Yoga_of_Eating-ducgyjnlphnmtmcobbndvvbfdgcp/Build/Intermediates.noindex/GeneratedModuleMaps-iphonesimulator/FirebaseSharedSwift.modulemap\ -fmodule-map-file\=/Users/sunil/Library/Developer/Xcode/DerivedData/Yoga_of_Eating-ducgyjnlphnmtmcobbndvvbfdgcp/Build/Intermediates.noindex/GeneratedModuleMaps-iphonesimulator/FirebaseMessagingInterop.modulemap\ -fmodule-map-file\=/Users/sunil/Library/Developer/Xcode/DerivedData/Yoga_of_Eating-ducgyjnlphnmtmcobbndvvbfdgcp/Build/Intermediates.noindex/GeneratedModuleMaps-iphonesimulator/FirebaseFunctions.modulemap\ -fmodule-map-file\=/Users/sunil/Library/Developer/Xcode/DerivedData/Yoga_of_Eating-ducgyjnlphnmtmcobbndvvbfdgcp/Build/Intermediates.noindex/GeneratedModuleMaps-iphonesimulator/RecaptchaInterop.modulemap\ -fmodule-map-file\=/Users/sunil/Library/Developer/Xcode/DerivedData/Yoga_of_Eating-ducgyjnlphnmtmcobbndvvbfdgcp/Build/Intermediates.noindex/GeneratedModuleMaps-iphonesimulator/GoogleUtilities-Network.modulemap\ -fmodule-map-file\=/Users/sunil/Library/Developer/Xcode/DerivedData/Yoga_of_Eating-ducgyjnlphnmtmcobbndvvbfdgcp/Build/Intermediates.noindex/GeneratedModuleMaps-iphonesimulator/GoogleUtilities-Reachability.modulemap\ -fmodule-map-file\=/Users/sunil/Library/Developer/Xcode/DerivedData/Yoga_of_Eating-ducgyjnlphnmtmcobbndvvbfdgcp/Build/Intermediates.noindex/GeneratedModuleMaps-iphonesimulator/GoogleUtilities-NSData.modulemap\ -fmodule-map-file\=/Users/sunil/Library/Developer/Xcode/DerivedData/Yoga_of_Eating-ducgyjnlphnmtmcobbndvvbfdgcp/Build/Intermediates.noindex/GeneratedModuleMaps-iphonesimulator/GoogleUtilities-AppDelegateSwizzler.modulemap\ -fmodule-map-file\=/Users/sunil/Library/Developer/Xcode/DerivedData/Yoga_of_Eating-ducgyjnlphnmtmcobbndvvbfdgcp/Build/Intermediates.noindex/GeneratedModuleMaps-iphonesimulator/FirebaseCoreExtension.modulemap\ -fmodule-map-file\=/Users/sunil/Library/Developer/Xcode/DerivedData/Yoga_of_Eating-ducgyjnlphnmtmcobbndvvbfdgcp/Build/Intermediates.noindex/GeneratedModuleMaps-iphonesimulator/FirebaseCore.modulemap\ -fmodule-map-file\=/Users/sunil/Library/Developer/Xcode/DerivedData/Yoga_of_Eating-ducgyjnlphnmtmcobbndvvbfdgcp/Build/Intermediates.noindex/GeneratedModuleMaps-iphonesimulator/FirebaseCoreInternal.modulemap\ -fmodule-map-file\=/Users/sunil/Library/Developer/Xcode/DerivedData/Yoga_of_Eating-ducgyjnlphnmtmcobbndvvbfdgcp/Build/Intermediates.noindex/GeneratedModuleMaps-iphonesimulator/FirebaseAuthInternal.modulemap\ -fmodule-map-file\=/Users/sunil/Library/Developer/Xcode/DerivedData/Yoga_of_Eating-ducgyjnlphnmtmcobbndvvbfdgcp/Build/Intermediates.noindex/GeneratedModuleMaps-iphonesimulator/FirebaseAuthInterop.modulemap\ -fmodule-map-file\=/Users/sunil/Library/Developer/Xcode/DerivedData/Yoga_of_Eating-ducgyjnlphnmtmcobbndvvbfdgcp/Build/Intermediates.noindex/GeneratedModuleMaps-iphonesimulator/FirebaseAppCheckInterop.modulemap\ -fmodule-map-file\=/Users/sunil/Library/Developer/Xcode/DerivedData/Yoga_of_Eating-ducgyjnlphnmtmcobbndvvbfdgcp/Build/Intermediates.noindex/GeneratedModuleMaps-iphonesimulator/FirebaseAuth.modulemap\ -fmodule-map-file\=/Users/sunil/Library/Developer/Xcode/DerivedData/Yoga_of_Eating-ducgyjnlphnmtmcobbndvvbfdgcp/Build/Intermediates.noindex/GeneratedModuleMaps-iphonesimulator/AppAuth.modulemap\ -fmodule-map-file\=/Users/sunil/Library/Developer/Xcode/DerivedData/Yoga_of_Eating-ducgyjnlphnmtmcobbndvvbfdgcp/Build/Intermediates.noindex/GeneratedModuleMaps-iphonesimulator/AppAuthCore.modulemap\ -fmodule-map-file\=/Users/sunil/Library/Developer/Xcode/DerivedData/Yoga_of_Eating-ducgyjnlphnmtmcobbndvvbfdgcp/Build/Intermediates.noindex/GeneratedModuleMaps-iphonesimulator/GoogleUtilities-Logger.modulemap\ -fmodule-map-file\=/Users/sunil/Library/Developer/Xcode/DerivedData/Yoga_of_Eating-ducgyjnlphnmtmcobbndvvbfdgcp/Build/Intermediates.noindex/GeneratedModuleMaps-iphonesimulator/GoogleUtilities-Environment.modulemap\ -fmodule-map-file\=/Users/sunil/Library/Developer/Xcode/DerivedData/Yoga_of_Eating-ducgyjnlphnmtmcobbndvvbfdgcp/Build/Intermediates.noindex/GeneratedModuleMaps-iphonesimulator/third-party-IsAppEncrypted.modulemap\ -fmodule-map-file\=/Users/sunil/Library/Developer/Xcode/DerivedData/Yoga_of_Eating-ducgyjnlphnmtmcobbndvvbfdgcp/Build/Intermediates.noindex/GeneratedModuleMaps-iphonesimulator/GoogleUtilities-UserDefaults.modulemap\ -fmodule-map-file\=/Users/sunil/Library/Developer/Xcode/DerivedData/Yoga_of_Eating-ducgyjnlphnmtmcobbndvvbfdgcp/Build/Intermediates.noindex/GeneratedModuleMaps-iphonesimulator/AppCheckCore.modulemap\ -fmodule-map-file\=/Users/sunil/Library/Developer/Xcode/DerivedData/Yoga_of_Eating-ducgyjnlphnmtmcobbndvvbfdgcp/Build/Intermediates.noindex/GeneratedModuleMaps-iphonesimulator/GTMAppAuth.modulemap\ -fmodule-map-file\=/Users/sunil/Library/Developer/Xcode/DerivedData/Yoga_of_Eating-ducgyjnlphnmtmcobbndvvbfdgcp/Build/Intermediates.noindex/GeneratedModuleMaps-iphonesimulator/GTMSessionFetcherCore.modulemap\ -fmodule-map-file\=/Users/sunil/Library/Developer/Xcode/DerivedData/Yoga_of_Eating-ducgyjnlphnmtmcobbndvvbfdgcp/Build/Intermediates.noindex/GeneratedModuleMaps-iphonesimulator/GoogleSignIn.modulemap\ 
    export OTHER_CPLUSPLUSFLAGS\=-fmodule-map-file\=/Users/sunil/Library/Developer/Xcode/DerivedData/Yoga_of_Eating-ducgyjnlphnmtmcobbndvvbfdgcp/Build/Intermediates.noindex/GeneratedModuleMaps-iphonesimulator/FirebaseAILogic.modulemap\ -fmodule-map-file\=/Users/sunil/Library/Developer/Xcode/DerivedData/Yoga_of_Eating-ducgyjnlphnmtmcobbndvvbfdgcp/Build/Intermediates.noindex/GeneratedModuleMaps-iphonesimulator/FirebaseAI.modulemap\ -fmodule-map-file\=/Users/sunil/Library/Developer/Xcode/DerivedData/Yoga_of_Eating-ducgyjnlphnmtmcobbndvvbfdgcp/Build/Intermediates.noindex/GeneratedModuleMaps-iphonesimulator/abslWrapper.modulemap\ -fmodule-map-file\=/Users/sunil/Library/Developer/Xcode/DerivedData/Yoga_of_Eating-ducgyjnlphnmtmcobbndvvbfdgcp/Build/Intermediates.noindex/GeneratedModuleMaps-iphonesimulator/opensslWrapper.modulemap\ -fmodule-map-file\=/Users/sunil/Library/Developer/Xcode/DerivedData/Yoga_of_Eating-ducgyjnlphnmtmcobbndvvbfdgcp/Build/Intermediates.noindex/GeneratedModuleMaps-iphonesimulator/grpcWrapper.modulemap\ -fmodule-map-file\=/Users/sunil/Library/Developer/Xcode/DerivedData/Yoga_of_Eating-ducgyjnlphnmtmcobbndvvbfdgcp/Build/Intermediates.noindex/GeneratedModuleMaps-iphonesimulator/grpcppWrapper.modulemap\ -fmodule-map-file\=/Users/sunil/Library/Developer/Xcode/DerivedData/Yoga_of_Eating-ducgyjnlphnmtmcobbndvvbfdgcp/Build/Intermediates.noindex/GeneratedModuleMaps-iphonesimulator/nanopb.modulemap\ -fmodule-map-file\=/Users/sunil/Library/Developer/Xcode/DerivedData/Yoga_of_Eating-ducgyjnlphnmtmcobbndvvbfdgcp/Build/Intermediates.noindex/GeneratedModuleMaps-iphonesimulator/leveldb.modulemap\ -fmodule-map-file\=/Users/sunil/Library/Developer/Xcode/DerivedData/Yoga_of_Eating-ducgyjnlphnmtmcobbndvvbfdgcp/Build/Intermediates.noindex/GeneratedModuleMaps-iphonesimulator/FirebaseFirestore.modulemap\ -fmodule-map-file\=/Users/sunil/Library/Developer/Xcode/DerivedData/Yoga_of_Eating-ducgyjnlphnmtmcobbndvvbfdgcp/Build/Intermediates.noindex/GeneratedModuleMaps-iphonesimulator/FirebaseFirestoreInternalWrapper.modulemap\ -fmodule-map-file\=/Users/sunil/Library/Developer/Xcode/DerivedData/Yoga_of_Eating-ducgyjnlphnmtmcobbndvvbfdgcp/Build/Intermediates.noindex/GeneratedModuleMaps-iphonesimulator/FirebaseFirestoreTarget.modulemap\ -fmodule-map-file\=/Users/sunil/Library/Developer/Xcode/DerivedData/Yoga_of_Eating-ducgyjnlphnmtmcobbndvvbfdgcp/Build/Intermediates.noindex/GeneratedModuleMaps-iphonesimulator/GoogleSignInSwift.modulemap\ -fmodule-map-file\=/Users/sunil/Library/Developer/Xcode/DerivedData/Yoga_of_Eating-ducgyjnlphnmtmcobbndvvbfdgcp/Build/Intermediates.noindex/GeneratedModuleMaps-iphonesimulator/FirebaseSharedSwift.modulemap\ -fmodule-map-file\=/Users/sunil/Library/Developer/Xcode/DerivedData/Yoga_of_Eating-ducgyjnlphnmtmcobbndvvbfdgcp/Build/Intermediates.noindex/GeneratedModuleMaps-iphonesimulator/FirebaseMessagingInterop.modulemap\ -fmodule-map-file\=/Users/sunil/Library/Developer/Xcode/DerivedData/Yoga_of_Eating-ducgyjnlphnmtmcobbndvvbfdgcp/Build/Intermediates.noindex/GeneratedModuleMaps-iphonesimulator/FirebaseFunctions.modulemap\ -fmodule-map-file\=/Users/sunil/Library/Developer/Xcode/DerivedData/Yoga_of_Eating-ducgyjnlphnmtmcobbndvvbfdgcp/Build/Intermediates.noindex/GeneratedModuleMaps-iphonesimulator/RecaptchaInterop.modulemap\ -fmodule-map-file\=/Users/sunil/Library/Developer/Xcode/DerivedData/Yoga_of_Eating-ducgyjnlphnmtmcobbndvvbfdgcp/Build/Intermediates.noindex/GeneratedModuleMaps-iphonesimulator/GoogleUtilities-Network.modulemap\ -fmodule-map-file\=/Users/sunil/Library/Developer/Xcode/DerivedData/Yoga_of_Eating-ducgyjnlphnmtmcobbndvvbfdgcp/Build/Intermediates.noindex/GeneratedModuleMaps-iphonesimulator/GoogleUtilities-Reachability.modulemap\ -fmodule-map-file\=/Users/sunil/Library/Developer/Xcode/DerivedData/Yoga_of_Eating-ducgyjnlphnmtmcobbndvvbfdgcp/Build/Intermediates.noindex/GeneratedModuleMaps-iphonesimulator/GoogleUtilities-NSData.modulemap\ -fmodule-map-file\=/Users/sunil/Library/Developer/Xcode/DerivedData/Yoga_of_Eating-ducgyjnlphnmtmcobbndvvbfdgcp/Build/Intermediates.noindex/GeneratedModuleMaps-iphonesimulator/GoogleUtilities-AppDelegateSwizzler.modulemap\ -fmodule-map-file\=/Users/sunil/Library/Developer/Xcode/DerivedData/Yoga_of_Eating-ducgyjnlphnmtmcobbndvvbfdgcp/Build/Intermediates.noindex/GeneratedModuleMaps-iphonesimulator/FirebaseCoreExtension.modulemap\ -fmodule-map-file\=/Users/sunil/Library/Developer/Xcode/DerivedData/Yoga_of_Eating-ducgyjnlphnmtmcobbndvvbfdgcp/Build/Intermediates.noindex/GeneratedModuleMaps-iphonesimulator/FirebaseCore.modulemap\ -fmodule-map-file\=/Users/sunil/Library/Developer/Xcode/DerivedData/Yoga_of_Eating-ducgyjnlphnmtmcobbndvvbfdgcp/Build/Intermediates.noindex/GeneratedModuleMaps-iphonesimulator/FirebaseCoreInternal.modulemap\ -fmodule-map-file\=/Users/sunil/Library/Developer/Xcode/DerivedData/Yoga_of_Eating-ducgyjnlphnmtmcobbndvvbfdgcp/Build/Intermediates.noindex/GeneratedModuleMaps-iphonesimulator/FirebaseAuthInternal.modulemap\ -fmodule-map-file\=/Users/sunil/Library/Developer/Xcode/DerivedData/Yoga_of_Eating-ducgyjnlphnmtmcobbndvvbfdgcp/Build/Intermediates.noindex/GeneratedModuleMaps-iphonesimulator/FirebaseAuthInterop.modulemap\ -fmodule-map-file\=/Users/sunil/Library/Developer/Xcode/DerivedData/Yoga_of_Eating-ducgyjnlphnmtmcobbndvvbfdgcp/Build/Intermediates.noindex/GeneratedModuleMaps-iphonesimulator/FirebaseAppCheckInterop.modulemap\ -fmodule-map-file\=/Users/sunil/Library/Developer/Xcode/DerivedData/Yoga_of_Eating-ducgyjnlphnmtmcobbndvvbfdgcp/Build/Intermediates.noindex/GeneratedModuleMaps-iphonesimulator/FirebaseAuth.modulemap\ -fmodule-map-file\=/Users/sunil/Library/Developer/Xcode/DerivedData/Yoga_of_Eating-ducgyjnlphnmtmcobbndvvbfdgcp/Build/Intermediates.noindex/GeneratedModuleMaps-iphonesimulator/AppAuth.modulemap\ -fmodule-map-file\=/Users/sunil/Library/Developer/Xcode/DerivedData/Yoga_of_Eating-ducgyjnlphnmtmcobbndvvbfdgcp/Build/Intermediates.noindex/GeneratedModuleMaps-iphonesimulator/AppAuthCore.modulemap\ -fmodule-map-file\=/Users/sunil/Library/Developer/Xcode/DerivedData/Yoga_of_Eating-ducgyjnlphnmtmcobbndvvbfdgcp/Build/Intermediates.noindex/GeneratedModuleMaps-iphonesimulator/GoogleUtilities-Logger.modulemap\ -fmodule-map-file\=/Users/sunil/Library/Developer/Xcode/DerivedData/Yoga_of_Eating-ducgyjnlphnmtmcobbndvvbfdgcp/Build/Intermediates.noindex/GeneratedModuleMaps-iphonesimulator/GoogleUtilities-Environment.modulemap\ -fmodule-map-file\=/Users/sunil/Library/Developer/Xcode/DerivedData/Yoga_of_Eating-ducgyjnlphnmtmcobbndvvbfdgcp/Build/Intermediates.noindex/GeneratedModuleMaps-iphonesimulator/third-party-IsAppEncrypted.modulemap\ -fmodule-map-file\=/Users/sunil/Library/Developer/Xcode/DerivedData/Yoga_of_Eating-ducgyjnlphnmtmcobbndvvbfdgcp/Build/Intermediates.noindex/GeneratedModuleMaps-iphonesimulator/GoogleUtilities-UserDefaults.modulemap\ -fmodule-map-file\=/Users/sunil/Library/Developer/Xcode/DerivedData/Yoga_of_Eating-ducgyjnlphnmtmcobbndvvbfdgcp/Build/Intermediates.noindex/GeneratedModuleMaps-iphonesimulator/AppCheckCore.modulemap\ -fmodule-map-file\=/Users/sunil/Library/Developer/Xcode/DerivedData/Yoga_of_Eating-ducgyjnlphnmtmcobbndvvbfdgcp/Build/Intermediates.noindex/GeneratedModuleMaps-iphonesimulator/GTMAppAuth.modulemap\ -fmodule-map-file\=/Users/sunil/Library/Developer/Xcode/DerivedData/Yoga_of_Eating-ducgyjnlphnmtmcobbndvvbfdgcp/Build/Intermediates.noindex/GeneratedModuleMaps-iphonesimulator/GTMSessionFetcherCore.modulemap\ -fmodule-map-file\=/Users/sunil/Library/Developer/Xcode/DerivedData/Yoga_of_Eating-ducgyjnlphnmtmcobbndvvbfdgcp/Build/Intermediates.noindex/GeneratedModuleMaps-iphonesimulator/GoogleSignIn.modulemap\ 
    export OTHER_LDFLAGS\=-Wl,-no_warn_duplicate_libraries\ -Wl,-no_warn_duplicate_libraries\ -Wl,-no_warn_duplicate_libraries\ -Wl,-no_warn_duplicate_libraries\ -Wl,-no_warn_duplicate_libraries\ -Wl,-no_warn_duplicate_libraries\ -Wl,-no_warn_duplicate_libraries\ -lc++\ -Wl,-no_warn_duplicate_libraries\ -Wl,-no_warn_duplicate_libraries\ -Wl,-no_warn_duplicate_libraries\ -Wl,-no_warn_duplicate_libraries\ -Wl,-no_warn_duplicate_libraries\ -Wl,-no_warn_duplicate_libraries\ -Wl,-no_warn_duplicate_libraries\ -Wl,-no_warn_duplicate_libraries\ -Wl,-no_warn_duplicate_libraries\ -Wl,-no_warn_duplicate_libraries\ -Wl,-no_warn_duplicate_libraries\ -Wl,-no_warn_duplicate_libraries\ -Wl,-no_warn_duplicate_libraries\ -Wl,-no_warn_duplicate_libraries\ -Wl,-no_warn_duplicate_libraries\ -Wl,-no_warn_duplicate_libraries\ -Wl,-no_warn_duplicate_libraries\ -Wl,-no_warn_duplicate_libraries\ -Wl,-no_warn_duplicate_libraries\ -Wl,-no_warn_duplicate_libraries\ -Wl,-no_warn_duplicate_libraries\ -Wl,-no_warn_duplicate_libraries\ -Wl,-no_warn_duplicate_libraries\ -Wl,-no_warn_duplicate_libraries\ -Wl,-no_warn_duplicate_libraries\ -Wl,-no_warn_duplicate_libraries\ -Wl,-no_warn_duplicate_libraries\ -Wl,-no_warn_duplicate_libraries\ -Wl,-no_warn_duplicate_libraries\ -Wl,-no_warn_duplicate_libraries\ -Wl,-no_warn_duplicate_libraries\ -Wl,-no_warn_duplicate_libraries\ \ -framework\ CoreGraphics\ -framework\ CoreText\ -framework\ Foundation\ -framework\ LocalAuthentication\ -framework\ Security\ -framework\ UIKit\ -framework\ Security\ -framework\ DeviceCheck\ -framework\ Security\ -framework\ SafariServices\ -framework\ UIKit\ -lz\ -lc++\ -framework\ SystemConfiguration\ -framework\ UIKit
    export OTHER_SWIFT_FLAGS\=-Xcc\ -fmodule-map-file\=/Users/sunil/Library/Developer/Xcode/DerivedData/Yoga_of_Eating-ducgyjnlphnmtmcobbndvvbfdgcp/Build/Intermediates.noindex/GeneratedModuleMaps-iphonesimulator/abslWrapper.modulemap\ -Xcc\ -fmodule-map-file\=/Users/sunil/Library/Developer/Xcode/DerivedData/Yoga_of_Eating-ducgyjnlphnmtmcobbndvvbfdgcp/Build/Intermediates.noindex/GeneratedModuleMaps-iphonesimulator/opensslWrapper.modulemap\ -Xcc\ -fmodule-map-file\=/Users/sunil/Library/Developer/Xcode/DerivedData/Yoga_of_Eating-ducgyjnlphnmtmcobbndvvbfdgcp/Build/Intermediates.noindex/GeneratedModuleMaps-iphonesimulator/grpcWrapper.modulemap\ -Xcc\ -fmodule-map-file\=/Users/sunil/Library/Developer/Xcode/DerivedData/Yoga_of_Eating-ducgyjnlphnmtmcobbndvvbfdgcp/Build/Intermediates.noindex/GeneratedModuleMaps-iphonesimulator/grpcppWrapper.modulemap\ -Xcc\ -fmodule-map-file\=/Users/sunil/Library/Developer/Xcode/DerivedData/Yoga_of_Eating-ducgyjnlphnmtmcobbndvvbfdgcp/Build/Intermediates.noindex/GeneratedModuleMaps-iphonesimulator/nanopb.modulemap\ -Xcc\ -fmodule-map-file\=/Users/sunil/Library/Developer/Xcode/DerivedData/Yoga_of_Eating-ducgyjnlphnmtmcobbndvvbfdgcp/Build/Intermediates.noindex/GeneratedModuleMaps-iphonesimulator/leveldb.modulemap\ -Xcc\ -fmodule-map-file\=/Users/sunil/Library/Developer/Xcode/DerivedData/Yoga_of_Eating-ducgyjnlphnmtmcobbndvvbfdgcp/Build/Intermediates.noindex/GeneratedModuleMaps-iphonesimulator/FirebaseFirestoreInternalWrapper.modulemap\ -Xcc\ -fmodule-map-file\=/Users/sunil/Library/Developer/Xcode/DerivedData/Yoga_of_Eating-ducgyjnlphnmtmcobbndvvbfdgcp/Build/Intermediates.noindex/GeneratedModuleMaps-iphonesimulator/FirebaseFirestoreTarget.modulemap\ -Xcc\ -fmodule-map-file\=/Users/sunil/Library/Developer/Xcode/DerivedData/Yoga_of_Eating-ducgyjnlphnmtmcobbndvvbfdgcp/Build/Intermediates.noindex/GeneratedModuleMaps-iphonesimulator/FirebaseMessagingInterop.modulemap\ -Xcc\ -fmodule-map-file\=/Users/sunil/Library/Developer/Xcode/DerivedData/Yoga_of_Eating-ducgyjnlphnmtmcobbndvvbfdgcp/Build/Intermediates.noindex/GeneratedModuleMaps-iphonesimulator/RecaptchaInterop.modulemap\ -Xcc\ -fmodule-map-file\=/Users/sunil/Library/Developer/Xcode/DerivedData/Yoga_of_Eating-ducgyjnlphnmtmcobbndvvbfdgcp/Build/Intermediates.noindex/GeneratedModuleMaps-iphonesimulator/GoogleUtilities-Network.modulemap\ -Xcc\ -fmodule-map-file\=/Users/sunil/Library/Developer/Xcode/DerivedData/Yoga_of_Eating-ducgyjnlphnmtmcobbndvvbfdgcp/Build/Intermediates.noindex/GeneratedModuleMaps-iphonesimulator/GoogleUtilities-Reachability.modulemap\ -Xcc\ -fmodule-map-file\=/Users/sunil/Library/Developer/Xcode/DerivedData/Yoga_of_Eating-ducgyjnlphnmtmcobbndvvbfdgcp/Build/Intermediates.noindex/GeneratedModuleMaps-iphonesimulator/GoogleUtilities-NSData.modulemap\ -Xcc\ -fmodule-map-file\=/Users/sunil/Library/Developer/Xcode/DerivedData/Yoga_of_Eating-ducgyjnlphnmtmcobbndvvbfdgcp/Build/Intermediates.noindex/GeneratedModuleMaps-iphonesimulator/GoogleUtilities-AppDelegateSwizzler.modulemap\ -Xcc\ -fmodule-map-file\=/Users/sunil/Library/Developer/Xcode/DerivedData/Yoga_of_Eating-ducgyjnlphnmtmcobbndvvbfdgcp/Build/Intermediates.noindex/GeneratedModuleMaps-iphonesimulator/FirebaseCoreExtension.modulemap\ -Xcc\ -fmodule-map-file\=/Users/sunil/Library/Developer/Xcode/DerivedData/Yoga_of_Eating-ducgyjnlphnmtmcobbndvvbfdgcp/Build/Intermediates.noindex/GeneratedModuleMaps-iphonesimulator/FirebaseCore.modulemap\ -Xcc\ -fmodule-map-file\=/Users/sunil/Library/Developer/Xcode/DerivedData/Yoga_of_Eating-ducgyjnlphnmtmcobbndvvbfdgcp/Build/Intermediates.noindex/GeneratedModuleMaps-iphonesimulator/FirebaseAuthInternal.modulemap\ -Xcc\ -fmodule-map-file\=/Users/sunil/Library/Developer/Xcode/DerivedData/Yoga_of_Eating-ducgyjnlphnmtmcobbndvvbfdgcp/Build/Intermediates.noindex/GeneratedModuleMaps-iphonesimulator/FirebaseAuthInterop.modulemap\ -Xcc\ -fmodule-map-file\=/Users/sunil/Library/Developer/Xcode/DerivedData/Yoga_of_Eating-ducgyjnlphnmtmcobbndvvbfdgcp/Build/Intermediates.noindex/GeneratedModuleMaps-iphonesimulator/FirebaseAppCheckInterop.modulemap\ -Xcc\ -fmodule-map-file\=/Users/sunil/Library/Developer/Xcode/DerivedData/Yoga_of_Eating-ducgyjnlphnmtmcobbndvvbfdgcp/Build/Intermediates.noindex/GeneratedModuleMaps-iphonesimulator/AppAuth.modulemap\ -Xcc\ -fmodule-map-file\=/Users/sunil/Library/Developer/Xcode/DerivedData/Yoga_of_Eating-ducgyjnlphnmtmcobbndvvbfdgcp/Build/Intermediates.noindex/GeneratedModuleMaps-iphonesimulator/AppAuthCore.modulemap\ -Xcc\ -fmodule-map-file\=/Users/sunil/Library/Developer/Xcode/DerivedData/Yoga_of_Eating-ducgyjnlphnmtmcobbndvvbfdgcp/Build/Intermediates.noindex/GeneratedModuleMaps-iphonesimulator/GoogleUtilities-Logger.modulemap\ -Xcc\ -fmodule-map-file\=/Users/sunil/Library/Developer/Xcode/DerivedData/Yoga_of_Eating-ducgyjnlphnmtmcobbndvvbfdgcp/Build/Intermediates.noindex/GeneratedModuleMaps-iphonesimulator/GoogleUtilities-Environment.modulemap\ -Xcc\ -fmodule-map-file\=/Users/sunil/Library/Developer/Xcode/DerivedData/Yoga_of_Eating-ducgyjnlphnmtmcobbndvvbfdgcp/Build/Intermediates.noindex/GeneratedModuleMaps-iphonesimulator/third-party-IsAppEncrypted.modulemap\ -Xcc\ -fmodule-map-file\=/Users/sunil/Library/Developer/Xcode/DerivedData/Yoga_of_Eating-ducgyjnlphnmtmcobbndvvbfdgcp/Build/Intermediates.noindex/GeneratedModuleMaps-iphonesimulator/GoogleUtilities-UserDefaults.modulemap\ -Xcc\ -fmodule-map-file\=/Users/sunil/Library/Developer/Xcode/DerivedData/Yoga_of_Eating-ducgyjnlphnmtmcobbndvvbfdgcp/Build/Intermediates.noindex/GeneratedModuleMaps-iphonesimulator/AppCheckCore.modulemap\ -Xcc\ -fmodule-map-file\=/Users/sunil/Library/Developer/Xcode/DerivedData/Yoga_of_Eating-ducgyjnlphnmtmcobbndvvbfdgcp/Build/Intermediates.noindex/GeneratedModuleMaps-iphonesimulator/GTMSessionFetcherCore.modulemap\ -Xcc\ -fmodule-map-file\=/Users/sunil/Library/Developer/Xcode/DerivedData/Yoga_of_Eating-ducgyjnlphnmtmcobbndvvbfdgcp/Build/Intermediates.noindex/GeneratedModuleMaps-iphonesimulator/GoogleSignIn.modulemap\ \ -plugin-path\ /Applications/Xcode.app/Contents/Developer/Toolchains/XcodeDefault.xctoolchain/usr/lib/swift/host/plugins/testing
    export PACKAGE_TYPE\=com.apple.package-type.bundle.unit-test
    export PASCAL_STRINGS\=YES
    export PATH\=/Applications/Xcode.app/Contents/SharedFrameworks/SwiftBuild.framework/Versions/A/PlugIns/SWBBuildService.bundle/Contents/PlugIns/SWBUniversalPlatformPlugin.bundle/Contents/Frameworks/SWBUniversalPlatform.framework/Resources:/Applications/Xcode.app/Contents/Developer/Toolchains/XcodeDefault.xctoolchain/usr/bin:/Applications/Xcode.app/Contents/Developer/Toolchains/XcodeDefault.xctoolchain/usr/local/bin:/Applications/Xcode.app/Contents/Developer/Toolchains/XcodeDefault.xctoolchain/usr/libexec:/Applications/Xcode.app/Contents/Developer/Platforms/iPhoneSimulator.platform/usr/bin:/Applications/Xcode.app/Contents/Developer/Platforms/iPhoneSimulator.platform/usr/local/bin:/Applications/Xcode.app/Contents/Developer/Platforms/iPhoneSimulator.platform/Developer/usr/bin:/Applications/Xcode.app/Contents/Developer/Platforms/iPhoneSimulator.platform/Developer/usr/local/bin:/Applications/Xcode.app/Contents/Developer/usr/bin:/Applications/Xcode.app/Contents/Developer/usr/local/bin:/opt/homebrew/opt/openjdk@21/libexec/openjdk.jdk/Contents/Home/bin:/Users/sunil/.npm-global/bin:/Users/sunil/.antigravity/antigravity/bin:/Users/sunil/.local/bin:/Users/sunil/Library/Android/sdk/platform-tools:/opt/homebrew/opt/openjdk@17/bin:/Users/sunil/Library/Application\ Support/Code/User/globalStorage/github.copilot-chat/debugCommand:/Users/sunil/Library/Application\ Support/Code/User/globalStorage/github.copilot-chat/copilotCli:/opt/homebrew/bin:/opt/homebrew/sbin:/usr/local/bin:/System/Cryptexes/App/usr/bin:/usr/bin:/bin:/usr/sbin:/sbin:/var/run/com.apple.security.cryptexd/codex.system/bootstrap/usr/local/bin:/var/run/com.apple.security.cryptexd/codex.system/bootstrap/usr/bin:/var/run/com.apple.security.cryptexd/codex.system/bootstrap/usr/appleinternal/bin:/pkg/env/global/bin:/Library/Apple/usr/bin:/Users/sunil/.swiftly/bin
    export PATH_PREFIXES_EXCLUDED_FROM_HEADER_DEPENDENCIES\=/usr/include\ /usr/local/include\ /System/Library/Frameworks\ /System/Library/PrivateFrameworks\ /Applications/Xcode.app/Contents/Developer/Headers\ /Applications/Xcode.app/Contents/Developer/SDKs\ /Applications/Xcode.app/Contents/Developer/Platforms
    export PBDEVELOPMENTPLIST_PATH\=Yoga\ of\ EatingTests.xctest/pbdevelopment.plist
    export PER_ARCH_MODULE_FILE_DIR\=/Users/sunil/Library/Developer/Xcode/DerivedData/Yoga_of_Eating-ducgyjnlphnmtmcobbndvvbfdgcp/Build/Intermediates.noindex/Yoga\ of\ Eating.build/Debug-iphonesimulator/Yoga\ of\ EatingTests.build/Objects-normal/undefined_arch
    export PER_ARCH_OBJECT_FILE_DIR\=/Users/sunil/Library/Developer/Xcode/DerivedData/Yoga_of_Eating-ducgyjnlphnmtmcobbndvvbfdgcp/Build/Intermediates.noindex/Yoga\ of\ Eating.build/Debug-iphonesimulator/Yoga\ of\ EatingTests.build/Objects-normal/undefined_arch
    export PER_VARIANT_OBJECT_FILE_DIR\=/Users/sunil/Library/Developer/Xcode/DerivedData/Yoga_of_Eating-ducgyjnlphnmtmcobbndvvbfdgcp/Build/Intermediates.noindex/Yoga\ of\ Eating.build/Debug-iphonesimulator/Yoga\ of\ EatingTests.build/Objects-normal
    export PKGINFO_FILE_PATH\=/Users/sunil/Library/Developer/Xcode/DerivedData/Yoga_of_Eating-ducgyjnlphnmtmcobbndvvbfdgcp/Build/Intermediates.noindex/Yoga\ of\ Eating.build/Debug-iphonesimulator/Yoga\ of\ EatingTests.build/PkgInfo
    export PKGINFO_PATH\=Yoga\ of\ EatingTests.xctest/PkgInfo
    export PLATFORM_DEVELOPER_APPLICATIONS_DIR\=/Applications/Xcode.app/Contents/Developer/Platforms/iPhoneSimulator.platform/Developer/Applications
    export PLATFORM_DEVELOPER_BIN_DIR\=/Applications/Xcode.app/Contents/Developer/Platforms/iPhoneSimulator.platform/Developer/usr/bin
    export PLATFORM_DEVELOPER_LIBRARY_DIR\=/Applications/Xcode.app/Contents/Developer/Platforms/iPhoneSimulator.platform/Developer/Library
    export PLATFORM_DEVELOPER_SDK_DIR\=/Applications/Xcode.app/Contents/Developer/Platforms/iPhoneSimulator.platform/Developer/SDKs
    export PLATFORM_DEVELOPER_TOOLS_DIR\=/Applications/Xcode.app/Contents/Developer/Platforms/iPhoneSimulator.platform/Developer/Tools
    export PLATFORM_DEVELOPER_USR_DIR\=/Applications/Xcode.app/Contents/Developer/Platforms/iPhoneSimulator.platform/Developer/usr
    export PLATFORM_DIR\=/Applications/Xcode.app/Contents/Developer/Platforms/iPhoneSimulator.platform
    export PLATFORM_DISPLAY_NAME\=iOS\ Simulator
    export PLATFORM_FAMILY_NAME\=iOS
    export PLATFORM_NAME\=iphonesimulator
    export PLATFORM_PREFERRED_ARCH\=x86_64
    export PLATFORM_PRODUCT_BUILD_VERSION\=23F73
    export PLATFORM_REQUIRES_SWIFT_AUTOLINK_EXTRACT\=NO
    export PLATFORM_REQUIRES_SWIFT_MODULEWRAP\=NO
    export PLATFORM_USES_DSYMS\=YES
    export PLIST_FILE_OUTPUT_FORMAT\=binary
    export PLUGINS_FOLDER_PATH\=Yoga\ of\ EatingTests.xctest/PlugIns
    export PRECOMPS_INCLUDE_HEADERS_FROM_BUILT_PRODUCTS_DIR\=YES
    export PRECOMP_DESTINATION_DIR\=/Users/sunil/Library/Developer/Xcode/DerivedData/Yoga_of_Eating-ducgyjnlphnmtmcobbndvvbfdgcp/Build/Intermediates.noindex/Yoga\ of\ Eating.build/Debug-iphonesimulator/Yoga\ of\ EatingTests.build/PrefixHeaders
    export PRIVATE_HEADERS_FOLDER_PATH\=Yoga\ of\ EatingTests.xctest/PrivateHeaders
    export PROCESSED_INFOPLIST_PATH\=/Users/sunil/Library/Developer/Xcode/DerivedData/Yoga_of_Eating-ducgyjnlphnmtmcobbndvvbfdgcp/Build/Intermediates.noindex/Yoga\ of\ Eating.build/Debug-iphonesimulator/Yoga\ of\ EatingTests.build/Objects-normal/undefined_arch/Processed-Info.plist
    export PRODUCT_BUNDLE_IDENTIFIER\=com.yogaofeating.Yoga-of-EatingTests
    export PRODUCT_BUNDLE_PACKAGE_TYPE\=BNDL
    export PRODUCT_MODULE_NAME\=Yoga_of_EatingTests
    export PRODUCT_NAME\=Yoga\ of\ EatingTests
    export PRODUCT_SETTINGS_PATH\=
    export PRODUCT_SPECIFIC_LDFLAGS\=-Xlinker\ -needed_framework\ -Xlinker\ XCTest\ -framework\ XCTest\ -Xlinker\ -needed-lXCTestSwiftSupport\ -lXCTestSwiftSupport
    export PRODUCT_TYPE\=com.apple.product-type.bundle.unit-test
    export PRODUCT_TYPE_SWIFT_STDLIB_TOOL_FLAGS\=--scan-executable\ \"/Applications/Xcode.app/Contents/Developer/Platforms/iPhoneSimulator.platform/Developer/usr/lib/libXCTestSwiftSupport.dylib\"
    export PROFILING_CODE\=NO
    export PROJECT\=Yoga\ of\ Eating
    export PROJECT_DERIVED_FILE_DIR\=/Users/sunil/Library/Developer/Xcode/DerivedData/Yoga_of_Eating-ducgyjnlphnmtmcobbndvvbfdgcp/Build/Intermediates.noindex/Yoga\ of\ Eating.build/DerivedSources
    export PROJECT_DIR\=/Users/sunil/Downloads/YogaofEating
    export PROJECT_FILE_PATH\=/Users/sunil/Downloads/YogaofEating/Yoga\ of\ Eating.xcodeproj
    export PROJECT_GUID\=6ec78203e59d38cc8c9128f746e6b456
    export PROJECT_NAME\=Yoga\ of\ Eating
    export PROJECT_TEMP_DIR\=/Users/sunil/Library/Developer/Xcode/DerivedData/Yoga_of_Eating-ducgyjnlphnmtmcobbndvvbfdgcp/Build/Intermediates.noindex/Yoga\ of\ Eating.build
    export PROJECT_TEMP_ROOT\=/Users/sunil/Library/Developer/Xcode/DerivedData/Yoga_of_Eating-ducgyjnlphnmtmcobbndvvbfdgcp/Build/Intermediates.noindex
    export PROVISIONING_PROFILE_REQUIRED\=NO
    export PROVISIONING_PROFILE_SUPPORTED\=YES
    export PUBLIC_HEADERS_FOLDER_PATH\=Yoga\ of\ EatingTests.xctest/Headers
    export RECOMMENDED_IPHONEOS_DEPLOYMENT_TARGET\=15.0
    export RECURSIVE_SEARCH_PATHS_FOLLOW_SYMLINKS\=YES
    export REMOVE_CVS_FROM_RESOURCES\=YES
    export REMOVE_GIT_FROM_RESOURCES\=YES
    export REMOVE_HEADERS_FROM_EMBEDDED_BUNDLES\=YES
    export REMOVE_HG_FROM_RESOURCES\=YES
    export REMOVE_STATIC_EXECUTABLES_FROM_EMBEDDED_BUNDLES\=YES
    export REMOVE_SVN_FROM_RESOURCES\=YES
    export RESCHEDULE_INDEPENDENT_HEADERS_PHASES\=YES
    export REZ_COLLECTOR_DIR\=/Users/sunil/Library/Developer/Xcode/DerivedData/Yoga_of_Eating-ducgyjnlphnmtmcobbndvvbfdgcp/Build/Intermediates.noindex/Yoga\ of\ Eating.build/Debug-iphonesimulator/Yoga\ of\ EatingTests.build/ResourceManagerResources
    export REZ_OBJECTS_DIR\=/Users/sunil/Library/Developer/Xcode/DerivedData/Yoga_of_Eating-ducgyjnlphnmtmcobbndvvbfdgcp/Build/Intermediates.noindex/Yoga\ of\ Eating.build/Debug-iphonesimulator/Yoga\ of\ EatingTests.build/ResourceManagerResources/Objects
    export REZ_SEARCH_PATHS\=/Users/sunil/Library/Developer/Xcode/DerivedData/Yoga_of_Eating-ducgyjnlphnmtmcobbndvvbfdgcp/Build/Products/Debug-iphonesimulator\ 
    export RPATH_ORIGIN\=@loader_path
    export RUNTIME_EXCEPTION_ALLOW_DYLD_ENVIRONMENT_VARIABLES\=NO
    export RUNTIME_EXCEPTION_ALLOW_JIT\=NO
    export RUNTIME_EXCEPTION_ALLOW_UNSIGNED_EXECUTABLE_MEMORY\=NO
    export RUNTIME_EXCEPTION_DEBUGGING_TOOL\=NO
    export RUNTIME_EXCEPTION_DISABLE_EXECUTABLE_PAGE_PROTECTION\=NO
    export RUNTIME_EXCEPTION_DISABLE_LIBRARY_VALIDATION\=NO
    export SCANNING_PCM_KEEP_CACHE_DIRECTORY\=YES
    export SCAN_ALL_SOURCE_FILES_FOR_INCLUDES\=NO
    export SCRIPTS_FOLDER_PATH\=Yoga\ of\ EatingTests.xctest/Scripts
    export SCRIPT_INPUT_FILE_COUNT\=0
    export SCRIPT_INPUT_FILE_LIST_COUNT\=0
    export SCRIPT_OUTPUT_FILE_COUNT\=0
    export SCRIPT_OUTPUT_FILE_LIST_COUNT\=0
    export SDKROOT\=/Applications/Xcode.app/Contents/Developer/Platforms/iPhoneSimulator.platform/Developer/SDKs/iPhoneSimulator26.5.sdk
    export SDK_DIR\=/Applications/Xcode.app/Contents/Developer/Platforms/iPhoneSimulator.platform/Developer/SDKs/iPhoneSimulator26.5.sdk
    export SDK_DIR_iphonesimulator\=/Applications/Xcode.app/Contents/Developer/Platforms/iPhoneSimulator.platform/Developer/SDKs/iPhoneSimulator26.5.sdk
    export SDK_DIR_iphonesimulator26_5\=/Applications/Xcode.app/Contents/Developer/Platforms/iPhoneSimulator.platform/Developer/SDKs/iPhoneSimulator26.5.sdk
    export SDK_NAME\=iphonesimulator26.5
    export SDK_NAMES\=iphonesimulator26.5
    export SDK_PRODUCT_BUILD_VERSION\=23F73
    export SDK_STAT_CACHE_DIR\=/Users/sunil/Library/Developer/Xcode/DerivedData
    export SDK_STAT_CACHE_ENABLE\=YES
    export SDK_STAT_CACHE_PATH\=/Users/sunil/Library/Developer/Xcode/DerivedData/SDKStatCaches.noindex/iphonesimulator26.5-23F73-6cfe768891a92b912361537c460fe42b.sdkstatcache
    export SDK_VERSION\=26.5
    export SDK_VERSION_ACTUAL\=260500
    export SDK_VERSION_MAJOR\=260000
    export SDK_VERSION_MINOR\=260500
    export SED\=/usr/bin/sed
    export SEPARATE_STRIP\=NO
    export SEPARATE_SYMBOL_EDIT\=NO
    export SET_DIR_MODE_OWNER_GROUP\=YES
    export SET_FILE_MODE_OWNER_GROUP\=NO
    export SHALLOW_BUNDLE\=YES
    export SHALLOW_BUNDLE_TRIPLE\=ios-simulator
    export SHALLOW_BUNDLE_ios_macabi\=NO
    export SHALLOW_BUNDLE_macos\=NO
    export SHARED_DERIVED_FILE_DIR\=/Users/sunil/Library/Developer/Xcode/DerivedData/Yoga_of_Eating-ducgyjnlphnmtmcobbndvvbfdgcp/Build/Products/Debug-iphonesimulator/DerivedSources
    export SHARED_FRAMEWORKS_FOLDER_PATH\=Yoga\ of\ EatingTests.xctest/SharedFrameworks
    export SHARED_PRECOMPS_DIR\=/Users/sunil/Library/Developer/Xcode/DerivedData/Yoga_of_Eating-ducgyjnlphnmtmcobbndvvbfdgcp/Build/Intermediates.noindex/PrecompiledHeaders
    export SHARED_SUPPORT_FOLDER_PATH\=Yoga\ of\ EatingTests.xctest/SharedSupport
    export SKIP_INSTALL\=YES
    export SKIP_MERGEABLE_LIBRARY_BUNDLE_HOOK\=NO
    export SOURCE_ROOT\=/Users/sunil/Downloads/YogaofEating
    export SRCROOT\=/Users/sunil/Downloads/YogaofEating
    export STRINGSDATA_DIR\=/Users/sunil/Library/Developer/Xcode/DerivedData/Yoga_of_Eating-ducgyjnlphnmtmcobbndvvbfdgcp/Build/Intermediates.noindex/Yoga\ of\ Eating.build/Debug-iphonesimulator/Yoga\ of\ EatingTests.build/Objects-normal/undefined_arch
    export STRINGSDATA_ROOT\=/Users/sunil/Library/Developer/Xcode/DerivedData/Yoga_of_Eating-ducgyjnlphnmtmcobbndvvbfdgcp/Build/Intermediates.noindex/Yoga\ of\ Eating.build/Debug-iphonesimulator/Yoga\ of\ EatingTests.build
    export STRINGS_FILE_INFOPLIST_RENAME\=YES
    export STRINGS_FILE_OUTPUT_ENCODING\=binary
    export STRING_CATALOG_GENERATE_SYMBOLS\=NO
    export STRIP_BITCODE_FROM_COPIED_FILES\=NO
    export STRIP_INSTALLED_PRODUCT\=NO
    export STRIP_STYLE\=non-global
    export STRIP_SWIFT_SYMBOLS\=YES
    export SUPPORTED_DEVICE_FAMILIES\=1,2
    export SUPPORTED_PLATFORMS\=iphoneos\ iphonesimulator\ macosx\ xros\ xrsimulator
    export SUPPORTS_MACCATALYST\=NO
    export SUPPORTS_TEXT_BASED_API\=NO
    export SUPPRESS_WARNINGS\=NO
    export SWIFT_ACTIVE_COMPILATION_CONDITIONS\=DEBUG\ 
    export SWIFT_APPROACHABLE_CONCURRENCY\=YES
    export SWIFT_EMIT_CONST_VALUE_PROTOCOLS\=AnyResolverProviding\ AppEntity\ AppEnum\ AppExtension\ AppIntent\ AppIntentsPackage\ AppShortcutProviding\ AppShortcutsProvider\ AppUnionValue\ AppUnionValueCasesProviding\ DynamicOptionsProvider\ EntityQuery\ ExtensionPointDefining\ IntentValueQuery\ Resolver\ TransientEntity\ _AssistantIntentsProvider\ _GenerativeFunctionExtractable\ _IntentValueRepresentable
    export SWIFT_EMIT_LOC_STRINGS\=NO
    export SWIFT_ENABLE_EXPLICIT_MODULES\=YES
    export SWIFT_OPTIMIZATION_LEVEL\=-Onone
    export SWIFT_PLATFORM_TARGET_PREFIX\=ios
    export SWIFT_RESPONSE_FILE_PATH_normal_arm64\=/Users/sunil/Library/Developer/Xcode/DerivedData/Yoga_of_Eating-ducgyjnlphnmtmcobbndvvbfdgcp/Build/Intermediates.noindex/Yoga\ of\ Eating.build/Debug-iphonesimulator/Yoga\ of\ EatingTests.build/Objects-normal/arm64/Yoga\ of\ EatingTests.SwiftFileList
    export SWIFT_UPCOMING_FEATURE_MEMBER_IMPORT_VISIBILITY\=YES
    export SWIFT_VERSION\=5.0
    export SYMROOT\=/Users/sunil/Library/Developer/Xcode/DerivedData/Yoga_of_Eating-ducgyjnlphnmtmcobbndvvbfdgcp/Build/Products
    export SYSTEM_ADMIN_APPS_DIR\=/Applications/Utilities
    export SYSTEM_APPS_DIR\=/Applications
    export SYSTEM_CORE_SERVICES_DIR\=/System/Library/CoreServices
    export SYSTEM_DEMOS_DIR\=/Applications/Extras
    export SYSTEM_DEVELOPER_APPS_DIR\=/Applications/Xcode.app/Contents/Developer/Applications
    export SYSTEM_DEVELOPER_BIN_DIR\=/Applications/Xcode.app/Contents/Developer/usr/bin
    export SYSTEM_DEVELOPER_DEMOS_DIR\=/Applications/Xcode.app/Contents/Developer/Applications/Utilities/Built\ Examples
    export SYSTEM_DEVELOPER_DIR\=/Applications/Xcode.app/Contents/Developer
    export SYSTEM_DEVELOPER_DOC_DIR\=/Applications/Xcode.app/Contents/Developer/ADC\ Reference\ Library
    export SYSTEM_DEVELOPER_GRAPHICS_TOOLS_DIR\=/Applications/Xcode.app/Contents/Developer/Applications/Graphics\ Tools
    export SYSTEM_DEVELOPER_JAVA_TOOLS_DIR\=/Applications/Xcode.app/Contents/Developer/Applications/Java\ Tools
    export SYSTEM_DEVELOPER_PERFORMANCE_TOOLS_DIR\=/Applications/Xcode.app/Contents/Developer/Applications/Performance\ Tools
    export SYSTEM_DEVELOPER_RELEASENOTES_DIR\=/Applications/Xcode.app/Contents/Developer/ADC\ Reference\ Library/releasenotes
    export SYSTEM_DEVELOPER_TOOLS\=/Applications/Xcode.app/Contents/Developer/Tools
    export SYSTEM_DEVELOPER_TOOLS_DOC_DIR\=/Applications/Xcode.app/Contents/Developer/ADC\ Reference\ Library/documentation/DeveloperTools
    export SYSTEM_DEVELOPER_TOOLS_RELEASENOTES_DIR\=/Applications/Xcode.app/Contents/Developer/ADC\ Reference\ Library/releasenotes/DeveloperTools
    export SYSTEM_DEVELOPER_USR_DIR\=/Applications/Xcode.app/Contents/Developer/usr
    export SYSTEM_DEVELOPER_UTILITIES_DIR\=/Applications/Xcode.app/Contents/Developer/Applications/Utilities
    export SYSTEM_DEXT_INSTALL_PATH\=/System/Library/DriverExtensions
    export SYSTEM_DOCUMENTATION_DIR\=/Library/Documentation
    export SYSTEM_EXTENSIONS_FOLDER_PATH\=Yoga\ of\ EatingTests.xctest/SystemExtensions
    export SYSTEM_EXTENSIONS_FOLDER_PATH_SHALLOW_BUNDLE_NO\=Yoga\ of\ EatingTests.xctest/Library/SystemExtensions
    export SYSTEM_EXTENSIONS_FOLDER_PATH_SHALLOW_BUNDLE_YES\=Yoga\ of\ EatingTests.xctest/SystemExtensions
    export SYSTEM_FRAMEWORK_SEARCH_PATHS\=\ \ /Applications/Xcode.app/Contents/Developer/Platforms/iPhoneSimulator.platform/Developer/Library/Frameworks\ /Applications/Xcode.app/Contents/Developer/Platforms/iPhoneSimulator.platform/Developer/SDKs/iPhoneSimulator26.5.sdk/Developer/Library/Frameworks
    export SYSTEM_KEXT_INSTALL_PATH\=/System/Library/Extensions
    export SYSTEM_LIBRARY_DIR\=/System/Library
    export TAPI_DEMANGLE\=YES
    export TAPI_ENABLE_PROJECT_HEADERS\=NO
    export TAPI_LANGUAGE\=objective-c
    export TAPI_LANGUAGE_STANDARD\=compiler-default
    export TAPI_USE_SRCROOT\=YES
    export TAPI_VERIFY_MODE\=Pedantic
    export TARGETED_DEVICE_FAMILY\=1,2,7
    export TARGETNAME\=Yoga\ of\ EatingTests
    export TARGET_BUILD_DIR\=/Users/sunil/Library/Developer/Xcode/DerivedData/Yoga_of_Eating-ducgyjnlphnmtmcobbndvvbfdgcp/Build/Products/Debug-iphonesimulator/Yoga\ of\ Eating.app/PlugIns
    export TARGET_BUILD_SUBPATH\=/Yoga\ of\ Eating.app/PlugIns
    export TARGET_DEVICE_IDENTIFIER\=0F23C23C-3966-4E21-AA7A-858ADAA4B3DF
    export TARGET_DEVICE_MODEL\=iPhone18,3
    export TARGET_DEVICE_OS_VERSION\=26.4.1
    export TARGET_DEVICE_PLATFORM_NAME\=iphonesimulator
    export TARGET_NAME\=Yoga\ of\ EatingTests
    export TARGET_TEMP_DIR\=/Users/sunil/Library/Developer/Xcode/DerivedData/Yoga_of_Eating-ducgyjnlphnmtmcobbndvvbfdgcp/Build/Intermediates.noindex/Yoga\ of\ Eating.build/Debug-iphonesimulator/Yoga\ of\ EatingTests.build
    export TEMP_DIR\=/Users/sunil/Library/Developer/Xcode/DerivedData/Yoga_of_Eating-ducgyjnlphnmtmcobbndvvbfdgcp/Build/Intermediates.noindex/Yoga\ of\ Eating.build/Debug-iphonesimulator/Yoga\ of\ EatingTests.build
    export TEMP_FILES_DIR\=/Users/sunil/Library/Developer/Xcode/DerivedData/Yoga_of_Eating-ducgyjnlphnmtmcobbndvvbfdgcp/Build/Intermediates.noindex/Yoga\ of\ Eating.build/Debug-iphonesimulator/Yoga\ of\ EatingTests.build
    export TEMP_FILE_DIR\=/Users/sunil/Library/Developer/Xcode/DerivedData/Yoga_of_Eating-ducgyjnlphnmtmcobbndvvbfdgcp/Build/Intermediates.noindex/Yoga\ of\ Eating.build/Debug-iphonesimulator/Yoga\ of\ EatingTests.build
    export TEMP_ROOT\=/Users/sunil/Library/Developer/Xcode/DerivedData/Yoga_of_Eating-ducgyjnlphnmtmcobbndvvbfdgcp/Build/Intermediates.noindex
    export TEMP_SANDBOX_DIR\=/Users/sunil/Library/Developer/Xcode/DerivedData/Yoga_of_Eating-ducgyjnlphnmtmcobbndvvbfdgcp/Build/Intermediates.noindex/TemporaryTaskSandboxes
    export TEST_FRAMEWORK_SEARCH_PATHS\=\ /Applications/Xcode.app/Contents/Developer/Platforms/iPhoneSimulator.platform/Developer/Library/Frameworks\ /Applications/Xcode.app/Contents/Developer/Platforms/iPhoneSimulator.platform/Developer/SDKs/iPhoneSimulator26.5.sdk/Developer/Library/Frameworks
    export TEST_HOST\=/Users/sunil/Library/Developer/Xcode/DerivedData/Yoga_of_Eating-ducgyjnlphnmtmcobbndvvbfdgcp/Build/Products/Debug-iphonesimulator/Yoga\ of\ Eating.app//Yoga\ of\ Eating
    export TEST_LIBRARY_SEARCH_PATHS\=\ /Applications/Xcode.app/Contents/Developer/Platforms/iPhoneSimulator.platform/Developer/usr/lib
    export TOOLCHAINS\=com.apple.dt.toolchain.XcodeDefault
    export TOOLCHAIN_DIR\=/Applications/Xcode.app/Contents/Developer/Toolchains/XcodeDefault.xctoolchain
    export TREAT_MISSING_BASELINES_AS_TEST_FAILURES\=NO
    export TREAT_MISSING_SCRIPT_PHASE_OUTPUTS_AS_ERRORS\=NO
    export TeamIdentifierPrefix\=CCVJR9P725.
    export UID\=501
    export UNINSTALLED_PRODUCTS_DIR\=/Users/sunil/Library/Developer/Xcode/DerivedData/Yoga_of_Eating-ducgyjnlphnmtmcobbndvvbfdgcp/Build/Intermediates.noindex/UninstalledProducts
    export UNLOCALIZED_RESOURCES_FOLDER_PATH\=Yoga\ of\ EatingTests.xctest
    export UNLOCALIZED_RESOURCES_FOLDER_PATH_SHALLOW_BUNDLE_NO\=Yoga\ of\ EatingTests.xctest/Resources
    export UNLOCALIZED_RESOURCES_FOLDER_PATH_SHALLOW_BUNDLE_YES\=Yoga\ of\ EatingTests.xctest
    export UNSTRIPPED_PRODUCT\=NO
    export USER\=sunil
    export USER_APPS_DIR\=/Users/sunil/Applications
    export USER_LIBRARY_DIR\=/Users/sunil/Library
    export USE_DYNAMIC_NO_PIC\=YES
    export USE_HEADERMAP\=YES
    export USE_HEADER_SYMLINKS\=NO
    export VALIDATE_DEVELOPMENT_ASSET_PATHS\=YES_ERROR
    export VALIDATE_PRODUCT\=NO
    export VALID_ARCHS\=arm64\ x86_64
    export VERBOSE_PBXCP\=NO
    export VERSIONPLIST_PATH\=Yoga\ of\ EatingTests.xctest/version.plist
    export VERSION_INFO_BUILDER\=sunil
    export VERSION_INFO_FILE\=Yoga\ of\ EatingTests_vers.c
    export VERSION_INFO_STRING\=\"@\(\#\)PROGRAM:Yoga\ of\ EatingTests\ \ PROJECT:Yoga\ of\ Eating-1\"
    export WORKSPACE_DIR\=/Users/sunil/Downloads/YogaofEating/Yoga\ of\ Eating.xcodeproj
    export WRAPPER_EXTENSION\=xctest
    export WRAPPER_NAME\=Yoga\ of\ EatingTests.xctest
    export WRAPPER_SUFFIX\=.xctest
    export WRAP_ASSET_PACKS_IN_SEPARATE_DIRECTORIES\=NO
    export XCODE_APP_SUPPORT_DIR\=/Applications/Xcode.app/Contents/Developer/Library/Xcode
    export XCODE_PRODUCT_BUILD_VERSION\=17F42
    export XCODE_VERSION_ACTUAL\=2650
    export XCODE_VERSION_MAJOR\=2600
    export XCODE_VERSION_MINOR\=2650
    export XPCSERVICES_FOLDER_PATH\=Yoga\ of\ EatingTests.xctest/XPCServices
    export YACC\=yacc
    export _BUILDABLE_SERIALIZATION_KEY\=test-bundle-with-host:\ Path\(_str:\ \"/Users/sunil/Library/Developer/Xcode/DerivedData/Yoga_of_Eating-ducgyjnlphnmtmcobbndvvbfdgcp/Build/Products/Debug-iphonesimulator/Yoga\ of\ Eating.app//Yoga\ of\ Eating\"\)
    export _DISCOVER_COMMAND_LINE_LINKER_INPUTS\=YES
    export _DISCOVER_COMMAND_LINE_LINKER_INPUTS_INCLUDE_WL\=YES
    export _LD_MULTIARCH\=YES
    export _WRAPPER_CONTENTS_DIR_SHALLOW_BUNDLE_NO\=/Contents
    export _WRAPPER_PARENT_PATH_SHALLOW_BUNDLE_NO\=/..
    export _WRAPPER_RESOURCES_DIR_SHALLOW_BUNDLE_NO\=/Resources
    export __DIAGNOSE_DEPRECATED_ARCHS\=YES
    export __ORIGINAL_SDK_DEFINED_LLVM_TARGET_TRIPLE_SYS\=ios
    export arch\=undefined_arch
    export variant\=normal
    /bin/sh -c /Users/sunil/Library/Developer/Xcode/DerivedData/Yoga_of_Eating-ducgyjnlphnmtmcobbndvvbfdgcp/Build/Intermediates.noindex/Yoga\\\ of\\\ Eating.build/Debug-iphonesimulator/Yoga\\\ of\\\ EatingTests.build/Script-838323E1A1509BFF74CB23C2.sh
Running SwiftFormat...
Reading swift-version file at /Users/sunil/Downloads/YogaofEating/.swift-version (version 6.0)
SwiftFormat completed in 0.11s.
0/256 files formatted, 650 files skipped.

ProcessInfoPlistFile /Users/sunil/Library/Developer/Xcode/DerivedData/Yoga_of_Eating-ducgyjnlphnmtmcobbndvvbfdgcp/Build/Products/Debug-iphonesimulator/Yoga\ of\ Eating.app/PlugIns/Yoga\ of\ EatingTests.xctest/Info.plist /Users/sunil/Library/Developer/Xcode/DerivedData/Yoga_of_Eating-ducgyjnlphnmtmcobbndvvbfdgcp/Build/Intermediates.noindex/Yoga\ of\ Eating.build/Debug-iphonesimulator/Yoga\ of\ EatingTests.build/empty-Yoga\ of\ EatingTests.plist (in target 'Yoga of EatingTests' from project 'Yoga of Eating')
    cd /Users/sunil/Downloads/YogaofEating
    builtin-infoPlistUtility /Users/sunil/Library/Developer/Xcode/DerivedData/Yoga_of_Eating-ducgyjnlphnmtmcobbndvvbfdgcp/Build/Intermediates.noindex/Yoga\ of\ Eating.build/Debug-iphonesimulator/Yoga\ of\ EatingTests.build/empty-Yoga\ of\ EatingTests.plist -producttype com.apple.product-type.bundle.unit-test -expandbuildsettings -format binary -platform iphonesimulator -scanforprivacyfile /Users/sunil/Library/Developer/Xcode/DerivedData/Yoga_of_Eating-ducgyjnlphnmtmcobbndvvbfdgcp/Build/Products/Debug-iphonesimulator/Yoga\ of\ Eating.app/PlugIns/Yoga\ of\ EatingTests.xctest/AppAuth_AppAuth.bundle -scanforprivacyfile /Users/sunil/Library/Developer/Xcode/DerivedData/Yoga_of_Eating-ducgyjnlphnmtmcobbndvvbfdgcp/Build/Products/Debug-iphonesimulator/Yoga\ of\ Eating.app/PlugIns/Yoga\ of\ EatingTests.xctest/AppAuth_AppAuthCore.bundle -scanforprivacyfile /Users/sunil/Library/Developer/Xcode/DerivedData/Yoga_of_Eating-ducgyjnlphnmtmcobbndvvbfdgcp/Build/Products/Debug-iphonesimulator/Yoga\ of\ Eating.app/PlugIns/Yoga\ of\ EatingTests.xctest/Firebase_FirebaseAuth.bundle -scanforprivacyfile /Users/sunil/Library/Developer/Xcode/DerivedData/Yoga_of_Eating-ducgyjnlphnmtmcobbndvvbfdgcp/Build/Products/Debug-iphonesimulator/Yoga\ of\ Eating.app/PlugIns/Yoga\ of\ EatingTests.xctest/Firebase_FirebaseCore.bundle -scanforprivacyfile /Users/sunil/Library/Developer/Xcode/DerivedData/Yoga_of_Eating-ducgyjnlphnmtmcobbndvvbfdgcp/Build/Products/Debug-iphonesimulator/Yoga\ of\ Eating.app/PlugIns/Yoga\ of\ EatingTests.xctest/Firebase_FirebaseCoreExtension.bundle -scanforprivacyfile /Users/sunil/Library/Developer/Xcode/DerivedData/Yoga_of_Eating-ducgyjnlphnmtmcobbndvvbfdgcp/Build/Products/Debug-iphonesimulator/Yoga\ of\ Eating.app/PlugIns/Yoga\ of\ EatingTests.xctest/Firebase_FirebaseCoreInternal.bundle -scanforprivacyfile /Users/sunil/Library/Developer/Xcode/DerivedData/Yoga_of_Eating-ducgyjnlphnmtmcobbndvvbfdgcp/Build/Products/Debug-iphonesimulator/Yoga\ of\ Eating.app/PlugIns/Yoga\ of\ EatingTests.xctest/Firebase_FirebaseFirestore.bundle -scanforprivacyfile /Users/sunil/Library/Developer/Xcode/DerivedData/Yoga_of_Eating-ducgyjnlphnmtmcobbndvvbfdgcp/Build/Products/Debug-iphonesimulator/Yoga\ of\ Eating.app/PlugIns/Yoga\ of\ EatingTests.xctest/GTMAppAuth_GTMAppAuth.bundle -scanforprivacyfile /Users/sunil/Library/Developer/Xcode/DerivedData/Yoga_of_Eating-ducgyjnlphnmtmcobbndvvbfdgcp/Build/Products/Debug-iphonesimulator/Yoga\ of\ Eating.app/PlugIns/Yoga\ of\ EatingTests.xctest/GTMSessionFetcher_GTMSessionFetcherCore.bundle -scanforprivacyfile /Users/sunil/Library/Developer/Xcode/DerivedData/Yoga_of_Eating-ducgyjnlphnmtmcobbndvvbfdgcp/Build/Products/Debug-iphonesimulator/Yoga\ of\ Eating.app/PlugIns/Yoga\ of\ EatingTests.xctest/GoogleSignIn_GoogleSignIn.bundle -scanforprivacyfile /Users/sunil/Library/Developer/Xcode/DerivedData/Yoga_of_Eating-ducgyjnlphnmtmcobbndvvbfdgcp/Build/Products/Debug-iphonesimulator/Yoga\ of\ Eating.app/PlugIns/Yoga\ of\ EatingTests.xctest/GoogleSignIn_GoogleSignInSwift.bundle -scanforprivacyfile /Users/sunil/Library/Developer/Xcode/DerivedData/Yoga_of_Eating-ducgyjnlphnmtmcobbndvvbfdgcp/Build/Products/Debug-iphonesimulator/Yoga\ of\ Eating.app/PlugIns/Yoga\ of\ EatingTests.xctest/GoogleUtilities_GoogleUtilities-AppDelegateSwizzler.bundle -scanforprivacyfile /Users/sunil/Library/Developer/Xcode/DerivedData/Yoga_of_Eating-ducgyjnlphnmtmcobbndvvbfdgcp/Build/Products/Debug-iphonesimulator/Yoga\ of\ Eating.app/PlugIns/Yoga\ of\ EatingTests.xctest/GoogleUtilities_GoogleUtilities-Environment.bundle -scanforprivacyfile /Users/sunil/Library/Developer/Xcode/DerivedData/Yoga_of_Eating-ducgyjnlphnmtmcobbndvvbfdgcp/Build/Products/Debug-iphonesimulator/Yoga\ of\ Eating.app/PlugIns/Yoga\ of\ EatingTests.xctest/GoogleUtilities_GoogleUtilities-Logger.bundle -scanforprivacyfile /Users/sunil/Library/Developer/Xcode/DerivedData/Yoga_of_Eating-ducgyjnlphnmtmcobbndvvbfdgcp/Build/Products/Debug-iphonesimulator/Yoga\ of\ Eating.app/PlugIns/Yoga\ of\ EatingTests.xctest/GoogleUtilities_GoogleUtilities-NSData.bundle -scanforprivacyfile /Users/sunil/Library/Developer/Xcode/DerivedData/Yoga_of_Eating-ducgyjnlphnmtmcobbndvvbfdgcp/Build/Products/Debug-iphonesimulator/Yoga\ of\ Eating.app/PlugIns/Yoga\ of\ EatingTests.xctest/GoogleUtilities_GoogleUtilities-Network.bundle -scanforprivacyfile /Users/sunil/Library/Developer/Xcode/DerivedData/Yoga_of_Eating-ducgyjnlphnmtmcobbndvvbfdgcp/Build/Products/Debug-iphonesimulator/Yoga\ of\ Eating.app/PlugIns/Yoga\ of\ EatingTests.xctest/GoogleUtilities_GoogleUtilities-Reachability.bundle -scanforprivacyfile /Users/sunil/Library/Developer/Xcode/DerivedData/Yoga_of_Eating-ducgyjnlphnmtmcobbndvvbfdgcp/Build/Products/Debug-iphonesimulator/Yoga\ of\ Eating.app/PlugIns/Yoga\ of\ EatingTests.xctest/GoogleUtilities_GoogleUtilities-UserDefaults.bundle -scanforprivacyfile /Users/sunil/Library/Developer/Xcode/DerivedData/Yoga_of_Eating-ducgyjnlphnmtmcobbndvvbfdgcp/Build/Products/Debug-iphonesimulator/Yoga\ of\ Eating.app/PlugIns/Yoga\ of\ EatingTests.xctest/Promises_FBLPromises.bundle -scanforprivacyfile /Users/sunil/Library/Developer/Xcode/DerivedData/Yoga_of_Eating-ducgyjnlphnmtmcobbndvvbfdgcp/Build/Products/Debug-iphonesimulator/Yoga\ of\ Eating.app/PlugIns/Yoga\ of\ EatingTests.xctest/abseil_abslWrapper.bundle -scanforprivacyfile /Users/sunil/Library/Developer/Xcode/DerivedData/Yoga_of_Eating-ducgyjnlphnmtmcobbndvvbfdgcp/Build/Products/Debug-iphonesimulator/Yoga\ of\ Eating.app/PlugIns/Yoga\ of\ EatingTests.xctest/gRPC_grpcWrapper.bundle -scanforprivacyfile /Users/sunil/Library/Developer/Xcode/DerivedData/Yoga_of_Eating-ducgyjnlphnmtmcobbndvvbfdgcp/Build/Products/Debug-iphonesimulator/Yoga\ of\ Eating.app/PlugIns/Yoga\ of\ EatingTests.xctest/gRPC_grpcppWrapper.bundle -scanforprivacyfile /Users/sunil/Library/Developer/Xcode/DerivedData/Yoga_of_Eating-ducgyjnlphnmtmcobbndvvbfdgcp/Build/Products/Debug-iphonesimulator/Yoga\ of\ Eating.app/PlugIns/Yoga\ of\ EatingTests.xctest/gRPC_opensslWrapper.bundle -scanforprivacyfile /Users/sunil/Library/Developer/Xcode/DerivedData/Yoga_of_Eating-ducgyjnlphnmtmcobbndvvbfdgcp/Build/Products/Debug-iphonesimulator/Yoga\ of\ Eating.app/PlugIns/Yoga\ of\ EatingTests.xctest/leveldb_leveldb.bundle -scanforprivacyfile /Users/sunil/Library/Developer/Xcode/DerivedData/Yoga_of_Eating-ducgyjnlphnmtmcobbndvvbfdgcp/Build/Products/Debug-iphonesimulator/Yoga\ of\ Eating.app/PlugIns/Yoga\ of\ EatingTests.xctest/nanopb_nanopb.bundle -o /Users/sunil/Library/Developer/Xcode/DerivedData/Yoga_of_Eating-ducgyjnlphnmtmcobbndvvbfdgcp/Build/Products/Debug-iphonesimulator/Yoga\ of\ Eating.app/PlugIns/Yoga\ of\ EatingTests.xctest/Info.plist

PhaseScriptExecution SwiftLint /Users/sunil/Library/Developer/Xcode/DerivedData/Yoga_of_Eating-ducgyjnlphnmtmcobbndvvbfdgcp/Build/Intermediates.noindex/Yoga\ of\ Eating.build/Debug-iphonesimulator/Yoga\ of\ EatingTests.build/Script-2E14653B40B3CCB95435C7E0.sh (in target 'Yoga of EatingTests' from project 'Yoga of Eating')
    cd /Users/sunil/Downloads/YogaofEating
    export ACTION\=build
    export AD_HOC_CODE_SIGNING_ALLOWED\=YES
    export ALLOW_BUILD_REQUEST_OVERRIDES\=NO
    export ALLOW_TARGET_PLATFORM_SPECIALIZATION\=NO
    export ALTERNATE_GROUP\=staff
    export ALTERNATE_MODE\=u+w,go-w,a+rX
    export ALTERNATE_OWNER\=sunil
    export ALTERNATIVE_DISTRIBUTION_WEB\=NO
    export ALWAYS_EMBED_SWIFT_STANDARD_LIBRARIES\=NO
    export ALWAYS_SEARCH_USER_PATHS\=NO
    export ALWAYS_USE_SEPARATE_HEADERMAPS\=NO
    export APPLICATION_EXTENSION_API_ONLY\=NO
    export APPLY_RULES_IN_COPY_FILES\=NO
    export APPLY_RULES_IN_COPY_HEADERS\=NO
    export APP_SHORTCUTS_ENABLE_FLEXIBLE_MATCHING\=YES
    export ARCHS\=arm64
    export ARCHS_BASE\=arm64
    export ARCHS_STANDARD\=arm64\ x86_64
    export ARCHS_STANDARD_32_64_BIT\=arm64\ x86_64
    export ARCHS_STANDARD_64_BIT\=arm64\ x86_64
    export ARCHS_STANDARD_INCLUDING_64_BIT\=arm64\ x86_64
    export ARCHS_UNIVERSAL_IPHONE_OS\=arm64\ x86_64
    export ASSETCATALOG_COMPILER_GENERATE_SWIFT_ASSET_SYMBOL_EXTENSIONS\=YES
    export ASSETCATALOG_FILTER_FOR_DEVICE_MODEL\=iPhone18,3
    export ASSETCATALOG_FILTER_FOR_DEVICE_OS_VERSION\=26.4.1
    export ASSETCATALOG_FILTER_FOR_THINNING_DEVICE_CONFIGURATION\=iPhone18,3
    export AUTOMATICALLY_MERGE_DEPENDENCIES\=NO
    export AUTOMATION_APPLE_EVENTS\=NO
    export AVAILABLE_PLATFORMS\=android\ appletvos\ appletvsimulator\ driverkit\ freebsd\ iphoneos\ iphonesimulator\ linux\ macosx\ none\ openbsd\ qnx\ watchos\ watchsimulator\ webassembly\ xros\ xrsimulator
    export AppIdentifierPrefix\=CCVJR9P725.
    export BUILD_ACTIVE_RESOURCES_ONLY\=YES
    export BUILD_COMPONENTS\=headers\ build
    export BUILD_DIR\=/Users/sunil/Library/Developer/Xcode/DerivedData/Yoga_of_Eating-ducgyjnlphnmtmcobbndvvbfdgcp/Build/Products
    export BUILD_LIBRARY_FOR_DISTRIBUTION\=NO
    export BUILD_ONLY_KNOWN_LOCALIZATIONS\=NO
    export BUILD_ROOT\=/Users/sunil/Library/Developer/Xcode/DerivedData/Yoga_of_Eating-ducgyjnlphnmtmcobbndvvbfdgcp/Build/Products
    export BUILD_STYLE\=
    export BUILD_VARIANTS\=normal
    export BUILT_PRODUCTS_DIR\=/Users/sunil/Library/Developer/Xcode/DerivedData/Yoga_of_Eating-ducgyjnlphnmtmcobbndvvbfdgcp/Build/Products/Debug-iphonesimulator
    export BUNDLE_CONTENTS_FOLDER_PATH_deep\=Contents/
    export BUNDLE_EXECUTABLE_FOLDER_NAME_deep\=MacOS
    export BUNDLE_EXTENSIONS_FOLDER_PATH\=Extensions
    export BUNDLE_FORMAT\=shallow
    export BUNDLE_FRAMEWORKS_FOLDER_PATH\=Frameworks
    export BUNDLE_LOADER\=/Users/sunil/Library/Developer/Xcode/DerivedData/Yoga_of_Eating-ducgyjnlphnmtmcobbndvvbfdgcp/Build/Products/Debug-iphonesimulator/Yoga\ of\ Eating.app//Yoga\ of\ Eating
    export BUNDLE_PLUGINS_FOLDER_PATH\=PlugIns
    export BUNDLE_PRIVATE_HEADERS_FOLDER_PATH\=PrivateHeaders
    export BUNDLE_PUBLIC_HEADERS_FOLDER_PATH\=Headers
    export CACHE_ROOT\=/var/folders/r_/6rd80_t54ddghk_cnysh9t7w0000gn/C/com.apple.DeveloperTools/26.5-17F42/Xcode
    export CCHROOT\=/var/folders/r_/6rd80_t54ddghk_cnysh9t7w0000gn/C/com.apple.DeveloperTools/26.5-17F42/Xcode
    export CHMOD\=/bin/chmod
    export CHOWN\=chown
    export CLANG_ANALYZER_NONNULL\=YES
    export CLANG_ANALYZER_NUMBER_OBJECT_CONVERSION\=YES_AGGRESSIVE
    export CLANG_CACHE_FINE_GRAINED_OUTPUTS\=YES
    export CLANG_COVERAGE_MAPPING\=YES
    export CLANG_CXX_LANGUAGE_STANDARD\=gnu++20
    export CLANG_ENABLE_EXPLICIT_MODULES\=YES
    export CLANG_ENABLE_MODULES\=YES
    export CLANG_ENABLE_OBJC_ARC\=YES
    export CLANG_ENABLE_OBJC_WEAK\=YES
    export CLANG_MODULES_BUILD_SESSION_FILE\=/Users/sunil/Library/Developer/Xcode/DerivedData/ModuleCache.noindex/Session.modulevalidation
    export CLANG_PROFILE_DATA_DIRECTORY\=/Users/sunil/Library/Developer/Xcode/DerivedData/Yoga_of_Eating-ducgyjnlphnmtmcobbndvvbfdgcp/Build/ProfileData
    export CLANG_WARN_BLOCK_CAPTURE_AUTORELEASING\=YES
    export CLANG_WARN_BOOL_CONVERSION\=YES
    export CLANG_WARN_COMMA\=YES
    export CLANG_WARN_CONSTANT_CONVERSION\=YES
    export CLANG_WARN_DEPRECATED_OBJC_IMPLEMENTATIONS\=YES
    export CLANG_WARN_DIRECT_OBJC_ISA_USAGE\=YES_ERROR
    export CLANG_WARN_DOCUMENTATION_COMMENTS\=YES
    export CLANG_WARN_EMPTY_BODY\=YES
    export CLANG_WARN_ENUM_CONVERSION\=YES
    export CLANG_WARN_INFINITE_RECURSION\=YES
    export CLANG_WARN_INT_CONVERSION\=YES
    export CLANG_WARN_NON_LITERAL_NULL_CONVERSION\=YES
    export CLANG_WARN_OBJC_IMPLICIT_RETAIN_SELF\=YES
    export CLANG_WARN_OBJC_LITERAL_CONVERSION\=YES
    export CLANG_WARN_OBJC_ROOT_CLASS\=YES_ERROR
    export CLANG_WARN_QUOTED_INCLUDE_IN_FRAMEWORK_HEADER\=YES
    export CLANG_WARN_RANGE_LOOP_ANALYSIS\=YES
    export CLANG_WARN_STRICT_PROTOTYPES\=YES
    export CLANG_WARN_SUSPICIOUS_MOVE\=YES
    export CLANG_WARN_UNGUARDED_AVAILABILITY\=YES_AGGRESSIVE
    export CLANG_WARN_UNREACHABLE_CODE\=YES
    export CLANG_WARN__DUPLICATE_METHOD_MATCH\=YES
    export CLASS_FILE_DIR\=/Users/sunil/Library/Developer/Xcode/DerivedData/Yoga_of_Eating-ducgyjnlphnmtmcobbndvvbfdgcp/Build/Intermediates.noindex/Yoga\ of\ Eating.build/Debug-iphonesimulator/Yoga\ of\ EatingTests.build/JavaClasses
    export CLEAN_PRECOMPS\=YES
    export CLONE_HEADERS\=NO
    export CODESIGNING_FOLDER_PATH\=/Users/sunil/Library/Developer/Xcode/DerivedData/Yoga_of_Eating-ducgyjnlphnmtmcobbndvvbfdgcp/Build/Products/Debug-iphonesimulator/Yoga\ of\ Eating.app/PlugIns/Yoga\ of\ EatingTests.xctest
    export CODE_SIGNING_ALLOWED\=YES
    export CODE_SIGNING_REQUIRED\=YES
    export CODE_SIGN_CONTEXT_CLASS\=XCiPhoneSimulatorCodeSignContext
    export CODE_SIGN_IDENTITY\=-
    export CODE_SIGN_INJECT_BASE_ENTITLEMENTS\=YES
    export CODE_SIGN_STYLE\=Automatic
    export COLOR_DIAGNOSTICS\=NO
    export COMBINE_HIDPI_IMAGES\=NO
    export COMPILATION_CACHE_CAS_PATH\=/Users/sunil/Library/Developer/Xcode/DerivedData/CompilationCache.noindex
    export COMPILATION_CACHE_KEEP_CAS_DIRECTORY\=YES
    export COMPILER_INDEX_STORE_ENABLE\=Default
    export COMPOSITE_SDK_DIRS\=/Users/sunil/Library/Developer/Xcode/DerivedData/Yoga_of_Eating-ducgyjnlphnmtmcobbndvvbfdgcp/Build/Intermediates.noindex/CompositeSDKs
    export COMPRESS_PNG_FILES\=YES
    export CONFIGURATION\=Debug
    export CONFIGURATION_BUILD_DIR\=/Users/sunil/Library/Developer/Xcode/DerivedData/Yoga_of_Eating-ducgyjnlphnmtmcobbndvvbfdgcp/Build/Products/Debug-iphonesimulator
    export CONFIGURATION_TEMP_DIR\=/Users/sunil/Library/Developer/Xcode/DerivedData/Yoga_of_Eating-ducgyjnlphnmtmcobbndvvbfdgcp/Build/Intermediates.noindex/Yoga\ of\ Eating.build/Debug-iphonesimulator
    export CONTENTS_FOLDER_PATH\=Yoga\ of\ EatingTests.xctest
    export CONTENTS_FOLDER_PATH_SHALLOW_BUNDLE_NO\=Yoga\ of\ EatingTests.xctest/Contents
    export CONTENTS_FOLDER_PATH_SHALLOW_BUNDLE_YES\=Yoga\ of\ EatingTests.xctest
    export COPYING_PRESERVES_HFS_DATA\=NO
    export COPY_HEADERS_RUN_UNIFDEF\=NO
    export COPY_PHASE_STRIP\=NO
    export CORRESPONDING_DEVICE_PLATFORM_DIR\=/Applications/Xcode.app/Contents/Developer/Platforms/iPhoneOS.platform
    export CORRESPONDING_DEVICE_PLATFORM_NAME\=iphoneos
    export CORRESPONDING_DEVICE_SDK_DIR\=/Applications/Xcode.app/Contents/Developer/Platforms/iPhoneOS.platform/Developer/SDKs/iPhoneOS26.5.sdk
    export CORRESPONDING_DEVICE_SDK_NAME\=iphoneos26.5
    export CP\=/bin/cp
    export CREATE_INFOPLIST_SECTION_IN_BINARY\=NO
    export CURRENT_ARCH\=undefined_arch
    export CURRENT_PROJECT_VERSION\=1
    export CURRENT_VARIANT\=normal
    export DEAD_CODE_STRIPPING\=YES
    export DEBUGGING_SYMBOLS\=YES
    export DEBUG_INFORMATION_FORMAT\=dwarf
    export DEBUG_INFORMATION_VERSION\=compiler-default
    export DEFAULT_COMPILER\=com.apple.compilers.llvm.clang.1_0
    export DEFAULT_DEXT_INSTALL_PATH\=/System/Library/DriverExtensions
    export DEFAULT_KEXT_INSTALL_PATH\=/System/Library/Extensions
    export DEFINES_MODULE\=NO
    export DEPLOYMENT_LOCATION\=NO
    export DEPLOYMENT_POSTPROCESSING\=NO
    export DEPLOYMENT_TARGET_SETTING_NAME\=IPHONEOS_DEPLOYMENT_TARGET
    export DEPLOYMENT_TARGET_SUGGESTED_VALUES\=12.0\ 12.1\ 12.2\ 12.3\ 12.4\ 13.0\ 13.1\ 13.2\ 13.3\ 13.4\ 13.5\ 13.6\ 14.0\ 14.1\ 14.2\ 14.3\ 14.4\ 14.5\ 14.6\ 14.7\ 15.0\ 15.1\ 15.2\ 15.3\ 15.4\ 15.5\ 15.6\ 16.0\ 16.1\ 16.2\ 16.3\ 16.4\ 16.5\ 16.6\ 17.0\ 17.1\ 17.2\ 17.3\ 17.4\ 17.5\ 17.6\ 18.0\ 18.1\ 18.2\ 18.3\ 18.4\ 18.5\ 18.6\ 26.0\ 26.2\ 26.3\ 26.4\ 26.5
    export DERIVED_FILES_DIR\=/Users/sunil/Library/Developer/Xcode/DerivedData/Yoga_of_Eating-ducgyjnlphnmtmcobbndvvbfdgcp/Build/Intermediates.noindex/Yoga\ of\ Eating.build/Debug-iphonesimulator/Yoga\ of\ EatingTests.build/DerivedSources
    export DERIVED_FILE_DIR\=/Users/sunil/Library/Developer/Xcode/DerivedData/Yoga_of_Eating-ducgyjnlphnmtmcobbndvvbfdgcp/Build/Intermediates.noindex/Yoga\ of\ Eating.build/Debug-iphonesimulator/Yoga\ of\ EatingTests.build/DerivedSources
    export DERIVED_SOURCES_DIR\=/Users/sunil/Library/Developer/Xcode/DerivedData/Yoga_of_Eating-ducgyjnlphnmtmcobbndvvbfdgcp/Build/Intermediates.noindex/Yoga\ of\ Eating.build/Debug-iphonesimulator/Yoga\ of\ EatingTests.build/DerivedSources
    export DEVELOPER_APPLICATIONS_DIR\=/Applications/Xcode.app/Contents/Developer/Applications
    export DEVELOPER_BIN_DIR\=/Applications/Xcode.app/Contents/Developer/usr/bin
    export DEVELOPER_DIR\=/Applications/Xcode.app/Contents/Developer
    export DEVELOPER_FRAMEWORKS_DIR\=/Applications/Xcode.app/Contents/Developer/Library/Frameworks
    export DEVELOPER_FRAMEWORKS_DIR_QUOTED\=/Applications/Xcode.app/Contents/Developer/Library/Frameworks
    export DEVELOPER_LIBRARY_DIR\=/Applications/Xcode.app/Contents/Developer/Library
    export DEVELOPER_SDK_DIR\=/Applications/Xcode.app/Contents/Developer/Platforms/MacOSX.platform/Developer/SDKs
    export DEVELOPER_TOOLS_DIR\=/Applications/Xcode.app/Contents/Developer/Tools
    export DEVELOPER_USR_DIR\=/Applications/Xcode.app/Contents/Developer/usr
    export DEVELOPMENT_LANGUAGE\=en
    export DEVELOPMENT_TEAM\=CCVJR9P725
    export DIAGNOSE_MISSING_TARGET_DEPENDENCIES\=YES
    export DIFF\=/usr/bin/diff
    export DOCUMENTATION_FOLDER_PATH\=Yoga\ of\ EatingTests.xctest/en.lproj/Documentation
    export DONT_GENERATE_INFOPLIST_FILE\=NO
    export DSTROOT\=/tmp/Yoga\ of\ Eating.dst
    export DT_TOOLCHAIN_DIR\=/Applications/Xcode.app/Contents/Developer/Toolchains/XcodeDefault.xctoolchain
    export DUMP_DEPENDENCIES\=NO
    export DUMP_DEPENDENCIES_OUTPUT_PATH\=/Users/sunil/Library/Developer/Xcode/DerivedData/Yoga_of_Eating-ducgyjnlphnmtmcobbndvvbfdgcp/Build/Intermediates.noindex/Yoga\ of\ Eating.build/Debug-iphonesimulator/Yoga\ of\ EatingTests.build/Yoga\ of\ EatingTests-BuildDependencyInfo.json
    export DWARF_DSYM_FILE_NAME\=Yoga\ of\ EatingTests.xctest.dSYM
    export DWARF_DSYM_FILE_SHOULD_ACCOMPANY_PRODUCT\=NO
    export DWARF_DSYM_FOLDER_PATH\=/Users/sunil/Library/Developer/Xcode/DerivedData/Yoga_of_Eating-ducgyjnlphnmtmcobbndvvbfdgcp/Build/Products/Debug-iphonesimulator/Yoga\ of\ Eating.app/PlugIns
    export DYNAMIC_LIBRARY_EXTENSION\=dylib
    export EAGER_COMPILATION_ALLOW_SCRIPTS\=NO
    export EAGER_LINKING\=NO
    export EFFECTIVE_PLATFORM_NAME\=-iphonesimulator
    export EFFECTIVE_SWIFT_VERSION\=5
    export EMBEDDED_CONTENT_CONTAINS_SWIFT\=NO
    export EMBED_ASSET_PACKS_IN_PRODUCT_BUNDLE\=NO
    export EMBED_PACKAGE_RESOURCE_BUNDLE_NAMES\=\ GoogleSignIn_GoogleSignIn\ GTMSessionFetcher_GTMSessionFetcherCore\ GTMAppAuth_GTMAppAuth\ GoogleUtilities_GoogleUtilities-UserDefaults\ GoogleUtilities_GoogleUtilities-Environment\ GoogleUtilities_GoogleUtilities-Logger\ Promises_FBLPromises\ AppAuth_AppAuthCore\ AppAuth_AppAuth\ Firebase_FirebaseAuth\ Firebase_FirebaseCoreInternal\ Firebase_FirebaseCore\ Firebase_FirebaseCoreExtension\ GoogleUtilities_GoogleUtilities-AppDelegateSwizzler\ GoogleUtilities_GoogleUtilities-NSData\ GoogleUtilities_GoogleUtilities-Reachability\ GoogleUtilities_GoogleUtilities-Network\ GoogleSignIn_GoogleSignInSwift\ Firebase_FirebaseFirestore\ leveldb_leveldb\ nanopb_nanopb\ gRPC_grpcppWrapper\ gRPC_grpcWrapper\ gRPC_opensslWrapper\ abseil_abslWrapper
    export ENABLE_APP_SANDBOX\=NO
    export ENABLE_CODE_COVERAGE\=YES
    export ENABLE_COHORT_ARCHS\=NO
    export ENABLE_CPLUSPLUS_BOUNDS_SAFE_BUFFERS\=NO
    export ENABLE_C_BOUNDS_SAFETY\=NO
    export ENABLE_DEFAULT_HEADER_SEARCH_PATHS\=YES
    export ENABLE_DEFAULT_SEARCH_PATHS\=YES
    export ENABLE_ENHANCED_SECURITY\=NO
    export ENABLE_HARDENED_RUNTIME\=NO
    export ENABLE_HEADER_DEPENDENCIES\=YES
    export ENABLE_INCOMING_NETWORK_CONNECTIONS\=NO
    export ENABLE_ON_DEMAND_RESOURCES\=NO
    export ENABLE_OUTGOING_NETWORK_CONNECTIONS\=NO
    export ENABLE_POINTER_AUTHENTICATION\=NO
    export ENABLE_PREVIEWS\=NO
    export ENABLE_RESOURCE_ACCESS_AUDIO_INPUT\=NO
    export ENABLE_RESOURCE_ACCESS_BLUETOOTH\=NO
    export ENABLE_RESOURCE_ACCESS_CALENDARS\=NO
    export ENABLE_RESOURCE_ACCESS_CAMERA\=NO
    export ENABLE_RESOURCE_ACCESS_CONTACTS\=NO
    export ENABLE_RESOURCE_ACCESS_LOCATION\=NO
    export ENABLE_RESOURCE_ACCESS_PHOTO_LIBRARY\=NO
    export ENABLE_RESOURCE_ACCESS_PRINTING\=NO
    export ENABLE_RESOURCE_ACCESS_USB\=NO
    export ENABLE_SDK_IMPORTS\=NO
    export ENABLE_SECURITY_COMPILER_WARNINGS\=NO
    export ENABLE_STRICT_OBJC_MSGSEND\=YES
    export ENABLE_TESTABILITY\=YES
    export ENABLE_TESTING_SEARCH_PATHS\=YES
    export ENABLE_USER_SCRIPT_SANDBOXING\=NO
    export ENABLE_XOJIT_PREVIEWS\=YES
    export ENFORCE_VALID_ARCHS\=YES
    export ENTITLEMENTS_DESTINATION\=__entitlements
    export ENTITLEMENTS_REQUIRED\=NO
    export EXCLUDED_INSTALLSRC_SUBDIRECTORY_PATTERNS\=.DS_Store\ .svn\ .git\ .hg\ CVS
    export EXCLUDED_RECURSIVE_SEARCH_PATH_SUBDIRECTORIES\=\*.nib\ \*.lproj\ \*.framework\ \*.gch\ \*.xcode\*\ \*.xcassets\ \*.icon\ \(\*\)\ .DS_Store\ CVS\ .svn\ .git\ .hg\ \*.pbproj\ \*.pbxproj
    export EXECUTABLES_FOLDER_PATH\=Yoga\ of\ EatingTests.xctest/Executables
    export EXECUTABLE_FOLDER_PATH\=Yoga\ of\ EatingTests.xctest
    export EXECUTABLE_FOLDER_PATH_SHALLOW_BUNDLE_NO\=Yoga\ of\ EatingTests.xctest/MacOS
    export EXECUTABLE_FOLDER_PATH_SHALLOW_BUNDLE_YES\=Yoga\ of\ EatingTests.xctest
    export EXECUTABLE_NAME\=Yoga\ of\ EatingTests
    export EXECUTABLE_PATH\=Yoga\ of\ EatingTests.xctest/Yoga\ of\ EatingTests
    export EXPANDED_CODE_SIGN_IDENTITY\=-
    export EXPANDED_CODE_SIGN_IDENTITY_NAME\=Sign\ to\ Run\ Locally
    export EXTENSIONS_FOLDER_PATH\=Yoga\ of\ EatingTests.xctest/Extensions
    export FILE_LIST\=/Users/sunil/Library/Developer/Xcode/DerivedData/Yoga_of_Eating-ducgyjnlphnmtmcobbndvvbfdgcp/Build/Intermediates.noindex/Yoga\ of\ Eating.build/Debug-iphonesimulator/Yoga\ of\ EatingTests.build/Objects/LinkFileList
    export FIXED_FILES_DIR\=/Users/sunil/Library/Developer/Xcode/DerivedData/Yoga_of_Eating-ducgyjnlphnmtmcobbndvvbfdgcp/Build/Intermediates.noindex/Yoga\ of\ Eating.build/Debug-iphonesimulator/Yoga\ of\ EatingTests.build/FixedFiles
    export FRAMEWORKS_FOLDER_PATH\=Yoga\ of\ EatingTests.xctest/Frameworks
    export FRAMEWORK_FLAG_PREFIX\=-framework
    export FRAMEWORK_SEARCH_PATHS\=/Users/sunil/Library/Developer/Xcode/DerivedData/Yoga_of_Eating-ducgyjnlphnmtmcobbndvvbfdgcp/Build/Products/Debug-iphonesimulator/PackageFrameworks\ /Users/sunil/Library/Developer/Xcode/DerivedData/Yoga_of_Eating-ducgyjnlphnmtmcobbndvvbfdgcp/Build/Products/Debug-iphonesimulator/PackageFrameworks\ /Users/sunil/Library/Developer/Xcode/DerivedData/Yoga_of_Eating-ducgyjnlphnmtmcobbndvvbfdgcp/Build/Products/Debug-iphonesimulator/PackageFrameworks\ /Users/sunil/Library/Developer/Xcode/DerivedData/Yoga_of_Eating-ducgyjnlphnmtmcobbndvvbfdgcp/Build/Products/Debug-iphonesimulator/PackageFrameworks\ /Users/sunil/Library/Developer/Xcode/DerivedData/Yoga_of_Eating-ducgyjnlphnmtmcobbndvvbfdgcp/Build/Products/Debug-iphonesimulator/PackageFrameworks\ /Users/sunil/Library/Developer/Xcode/DerivedData/Yoga_of_Eating-ducgyjnlphnmtmcobbndvvbfdgcp/Build/Products/Debug-iphonesimulator/PackageFrameworks\ /Users/sunil/Library/Developer/Xcode/DerivedData/Yoga_of_Eating-ducgyjnlphnmtmcobbndvvbfdgcp/Build/Products/Debug-iphonesimulator/PackageFrameworks\ /Users/sunil/Library/Developer/Xcode/DerivedData/Yoga_of_Eating-ducgyjnlphnmtmcobbndvvbfdgcp/Build/Products/Debug-iphonesimulator/PackageFrameworks\ /Users/sunil/Library/Developer/Xcode/DerivedData/Yoga_of_Eating-ducgyjnlphnmtmcobbndvvbfdgcp/Build/Products/Debug-iphonesimulator/PackageFrameworks\ /Users/sunil/Library/Developer/Xcode/DerivedData/Yoga_of_Eating-ducgyjnlphnmtmcobbndvvbfdgcp/Build/Products/Debug-iphonesimulator/PackageFrameworks\ /Users/sunil/Library/Developer/Xcode/DerivedData/Yoga_of_Eating-ducgyjnlphnmtmcobbndvvbfdgcp/Build/Products/Debug-iphonesimulator/PackageFrameworks\ /Users/sunil/Library/Developer/Xcode/DerivedData/Yoga_of_Eating-ducgyjnlphnmtmcobbndvvbfdgcp/Build/Products/Debug-iphonesimulator/PackageFrameworks\ /Users/sunil/Library/Developer/Xcode/DerivedData/Yoga_of_Eating-ducgyjnlphnmtmcobbndvvbfdgcp/Build/Products/Debug-iphonesimulator/PackageFrameworks\ /Users/sunil/Library/Developer/Xcode/DerivedData/Yoga_of_Eating-ducgyjnlphnmtmcobbndvvbfdgcp/Build/Products/Debug-iphonesimulator/PackageFrameworks\ /Users/sunil/Library/Developer/Xcode/DerivedData/Yoga_of_Eating-ducgyjnlphnmtmcobbndvvbfdgcp/Build/Products/Debug-iphonesimulator/PackageFrameworks\ /Users/sunil/Library/Developer/Xcode/DerivedData/Yoga_of_Eating-ducgyjnlphnmtmcobbndvvbfdgcp/Build/Products/Debug-iphonesimulator/PackageFrameworks\ /Users/sunil/Library/Developer/Xcode/DerivedData/Yoga_of_Eating-ducgyjnlphnmtmcobbndvvbfdgcp/Build/Products/Debug-iphonesimulator/PackageFrameworks\ /Users/sunil/Library/Developer/Xcode/DerivedData/Yoga_of_Eating-ducgyjnlphnmtmcobbndvvbfdgcp/Build/Products/Debug-iphonesimulator/PackageFrameworks\ /Users/sunil/Library/Developer/Xcode/DerivedData/Yoga_of_Eating-ducgyjnlphnmtmcobbndvvbfdgcp/Build/Products/Debug-iphonesimulator/PackageFrameworks\ /Users/sunil/Library/Developer/Xcode/DerivedData/Yoga_of_Eating-ducgyjnlphnmtmcobbndvvbfdgcp/Build/Products/Debug-iphonesimulator/PackageFrameworks\ /Users/sunil/Library/Developer/Xcode/DerivedData/Yoga_of_Eating-ducgyjnlphnmtmcobbndvvbfdgcp/Build/Products/Debug-iphonesimulator/PackageFrameworks\ /Users/sunil/Library/Developer/Xcode/DerivedData/Yoga_of_Eating-ducgyjnlphnmtmcobbndvvbfdgcp/Build/Products/Debug-iphonesimulator/PackageFrameworks\ /Users/sunil/Library/Developer/Xcode/DerivedData/Yoga_of_Eating-ducgyjnlphnmtmcobbndvvbfdgcp/Build/Products/Debug-iphonesimulator/PackageFrameworks\ /Users/sunil/Library/Developer/Xcode/DerivedData/Yoga_of_Eating-ducgyjnlphnmtmcobbndvvbfdgcp/Build/Products/Debug-iphonesimulator/PackageFrameworks\ /Users/sunil/Library/Developer/Xcode/DerivedData/Yoga_of_Eating-ducgyjnlphnmtmcobbndvvbfdgcp/Build/Products/Debug-iphonesimulator/PackageFrameworks\ /Users/sunil/Library/Developer/Xcode/DerivedData/Yoga_of_Eating-ducgyjnlphnmtmcobbndvvbfdgcp/Build/Products/Debug-iphonesimulator/PackageFrameworks\ /Users/sunil/Library/Developer/Xcode/DerivedData/Yoga_of_Eating-ducgyjnlphnmtmcobbndvvbfdgcp/Build/Products/Debug-iphonesimulator/PackageFrameworks\ /Users/sunil/Library/Developer/Xcode/DerivedData/Yoga_of_Eating-ducgyjnlphnmtmcobbndvvbfdgcp/Build/Products/Debug-iphonesimulator/PackageFrameworks\ /Users/sunil/Library/Developer/Xcode/DerivedData/Yoga_of_Eating-ducgyjnlphnmtmcobbndvvbfdgcp/Build/Products/Debug-iphonesimulator/PackageFrameworks\ /Users/sunil/Library/Developer/Xcode/DerivedData/Yoga_of_Eating-ducgyjnlphnmtmcobbndvvbfdgcp/Build/Products/Debug-iphonesimulator/PackageFrameworks\ /Users/sunil/Library/Developer/Xcode/DerivedData/Yoga_of_Eating-ducgyjnlphnmtmcobbndvvbfdgcp/Build/Products/Debug-iphonesimulator/PackageFrameworks\ /Users/sunil/Library/Developer/Xcode/DerivedData/Yoga_of_Eating-ducgyjnlphnmtmcobbndvvbfdgcp/Build/Products/Debug-iphonesimulator/PackageFrameworks\ /Users/sunil/Library/Developer/Xcode/DerivedData/Yoga_of_Eating-ducgyjnlphnmtmcobbndvvbfdgcp/Build/Products/Debug-iphonesimulator/PackageFrameworks\ /Users/sunil/Library/Developer/Xcode/DerivedData/Yoga_of_Eating-ducgyjnlphnmtmcobbndvvbfdgcp/Build/Products/Debug-iphonesimulator/PackageFrameworks\ /Users/sunil/Library/Developer/Xcode/DerivedData/Yoga_of_Eating-ducgyjnlphnmtmcobbndvvbfdgcp/Build/Products/Debug-iphonesimulator/PackageFrameworks\ /Users/sunil/Library/Developer/Xcode/DerivedData/Yoga_of_Eating-ducgyjnlphnmtmcobbndvvbfdgcp/Build/Products/Debug-iphonesimulator/PackageFrameworks\ /Users/sunil/Library/Developer/Xcode/DerivedData/Yoga_of_Eating-ducgyjnlphnmtmcobbndvvbfdgcp/Build/Products/Debug-iphonesimulator/PackageFrameworks\ /Users/sunil/Library/Developer/Xcode/DerivedData/Yoga_of_Eating-ducgyjnlphnmtmcobbndvvbfdgcp/Build/Products/Debug-iphonesimulator/PackageFrameworks\ /Users/sunil/Library/Developer/Xcode/DerivedData/Yoga_of_Eating-ducgyjnlphnmtmcobbndvvbfdgcp/Build/Products/Debug-iphonesimulator/PackageFrameworks\ /Users/sunil/Library/Developer/Xcode/DerivedData/Yoga_of_Eating-ducgyjnlphnmtmcobbndvvbfdgcp/Build/Products/Debug-iphonesimulator\ 
    export FRAMEWORK_VERSION\=A
    export FULL_PRODUCT_NAME\=Yoga\ of\ EatingTests.xctest
    export FUSE_BUILD_PHASES\=YES
    export FUSE_BUILD_SCRIPT_PHASES\=NO
    export GCC3_VERSION\=3.3
    export GCC_C_LANGUAGE_STANDARD\=gnu17
    export GCC_DYNAMIC_NO_PIC\=NO
    export GCC_INLINES_ARE_PRIVATE_EXTERN\=YES
    export GCC_NO_COMMON_BLOCKS\=YES
    export GCC_OBJC_LEGACY_DISPATCH\=YES
    export GCC_OPTIMIZATION_LEVEL\=0
    export GCC_PFE_FILE_C_DIALECTS\=c\ objective-c\ c++\ objective-c++
    export GCC_PREPROCESSOR_DEFINITIONS\=DEBUG\=1\ 
    export GCC_TREAT_WARNINGS_AS_ERRORS\=NO
    export GCC_VERSION\=com.apple.compilers.llvm.clang.1_0
    export GCC_VERSION_IDENTIFIER\=com_apple_compilers_llvm_clang_1_0
    export GCC_WARN_64_TO_32_BIT_CONVERSION\=YES
    export GCC_WARN_ABOUT_RETURN_TYPE\=YES_ERROR
    export GCC_WARN_UNDECLARED_SELECTOR\=YES
    export GCC_WARN_UNINITIALIZED_AUTOS\=YES_AGGRESSIVE
    export GCC_WARN_UNUSED_FUNCTION\=YES
    export GCC_WARN_UNUSED_VARIABLE\=YES
    export GENERATED_MODULEMAP_DIR\=/Users/sunil/Library/Developer/Xcode/DerivedData/Yoga_of_Eating-ducgyjnlphnmtmcobbndvvbfdgcp/Build/Intermediates.noindex/GeneratedModuleMaps-iphonesimulator
    export GENERATED_TEST_ENTRY_POINT_PATH\=/Users/sunil/Library/Developer/Xcode/DerivedData/Yoga_of_Eating-ducgyjnlphnmtmcobbndvvbfdgcp/Build/Intermediates.noindex/Yoga\ of\ Eating.build/Debug-iphonesimulator/Yoga\ of\ EatingTests.build/DerivedSources/test_entry_point.swift
    export GENERATE_INFOPLIST_FILE\=YES
    export GENERATE_INTERMEDIATE_TEXT_BASED_STUBS\=YES
    export GENERATE_PKGINFO_FILE\=NO
    export GENERATE_PRELINK_OBJECT_FILE\=NO
    export GENERATE_PROFILING_CODE\=NO
    export GENERATE_TEXT_BASED_STUBS\=NO
    export GID\=20
    export GROUP\=staff
    export HEADERMAP_INCLUDES_FLAT_ENTRIES_FOR_TARGET_BEING_BUILT\=YES
    export HEADERMAP_INCLUDES_FRAMEWORK_ENTRIES_FOR_ALL_PRODUCT_TYPES\=YES
    export HEADERMAP_INCLUDES_FRAMEWORK_ENTRIES_FOR_TARGETS_NOT_BEING_BUILT\=YES
    export HEADERMAP_INCLUDES_NONPUBLIC_NONPRIVATE_HEADERS\=YES
    export HEADERMAP_INCLUDES_PROJECT_HEADERS\=YES
    export HEADERMAP_USES_FRAMEWORK_PREFIX_ENTRIES\=YES
    export HEADERMAP_USES_VFS\=NO
    export HEADER_SEARCH_PATHS\=/Users/sunil/Library/Developer/Xcode/DerivedData/Yoga_of_Eating-ducgyjnlphnmtmcobbndvvbfdgcp/SourcePackages/checkouts/abseil-cpp-binary/absl-Wrapper/include\ /Users/sunil/Library/Developer/Xcode/DerivedData/Yoga_of_Eating-ducgyjnlphnmtmcobbndvvbfdgcp/SourcePackages/checkouts/grpc-binary/openssl-grpc-Wrapper/include\ /Users/sunil/Library/Developer/Xcode/DerivedData/Yoga_of_Eating-ducgyjnlphnmtmcobbndvvbfdgcp/SourcePackages/checkouts/grpc-binary/grpc-Wrapper/include\ /Users/sunil/Library/Developer/Xcode/DerivedData/Yoga_of_Eating-ducgyjnlphnmtmcobbndvvbfdgcp/SourcePackages/checkouts/grpc-binary/grpcpp-Wrapper/include\ /Users/sunil/Library/Developer/Xcode/DerivedData/Yoga_of_Eating-ducgyjnlphnmtmcobbndvvbfdgcp/SourcePackages/checkouts/nanopb/spm_headers\ /Users/sunil/Library/Developer/Xcode/DerivedData/Yoga_of_Eating-ducgyjnlphnmtmcobbndvvbfdgcp/SourcePackages/checkouts/leveldb/include\ /Users/sunil/Library/Developer/Xcode/DerivedData/Yoga_of_Eating-ducgyjnlphnmtmcobbndvvbfdgcp/SourcePackages/checkouts/firebase-ios-sdk/FirebaseFirestoreInternal/.\ /Users/sunil/Library/Developer/Xcode/DerivedData/Yoga_of_Eating-ducgyjnlphnmtmcobbndvvbfdgcp/SourcePackages/checkouts/firebase-ios-sdk/SwiftPM-PlatformExclude/FirebaseFirestoreWrap/include\ /Users/sunil/Library/Developer/Xcode/DerivedData/Yoga_of_Eating-ducgyjnlphnmtmcobbndvvbfdgcp/SourcePackages/checkouts/firebase-ios-sdk/FirebaseMessaging/Interop/.\ /Users/sunil/Library/Developer/Xcode/DerivedData/Yoga_of_Eating-ducgyjnlphnmtmcobbndvvbfdgcp/SourcePackages/checkouts/interop-ios-for-google-sdks/RecaptchaEnterprise/RecaptchaInterop/Public\ /Users/sunil/Library/Developer/Xcode/DerivedData/Yoga_of_Eating-ducgyjnlphnmtmcobbndvvbfdgcp/SourcePackages/checkouts/GoogleUtilities/GoogleUtilities/Network/Public\ /Users/sunil/Library/Developer/Xcode/DerivedData/Yoga_of_Eating-ducgyjnlphnmtmcobbndvvbfdgcp/SourcePackages/checkouts/GoogleUtilities/GoogleUtilities/Reachability/Public\ /Users/sunil/Library/Developer/Xcode/DerivedData/Yoga_of_Eating-ducgyjnlphnmtmcobbndvvbfdgcp/SourcePackages/checkouts/GoogleUtilities/GoogleUtilities/NSData+zlib/Public\ /Users/sunil/Library/Developer/Xcode/DerivedData/Yoga_of_Eating-ducgyjnlphnmtmcobbndvvbfdgcp/SourcePackages/checkouts/GoogleUtilities/GoogleUtilities/AppDelegateSwizzler/Public\ /Users/sunil/Library/Developer/Xcode/DerivedData/Yoga_of_Eating-ducgyjnlphnmtmcobbndvvbfdgcp/SourcePackages/checkouts/firebase-ios-sdk/FirebaseCore/Extension/.\ /Users/sunil/Library/Developer/Xcode/DerivedData/Yoga_of_Eating-ducgyjnlphnmtmcobbndvvbfdgcp/SourcePackages/checkouts/firebase-ios-sdk/FirebaseCore/Sources/Public\ /Users/sunil/Library/Developer/Xcode/DerivedData/Yoga_of_Eating-ducgyjnlphnmtmcobbndvvbfdgcp/SourcePackages/checkouts/firebase-ios-sdk/CoreOnly/Sources/.\ /Users/sunil/Library/Developer/Xcode/DerivedData/Yoga_of_Eating-ducgyjnlphnmtmcobbndvvbfdgcp/SourcePackages/checkouts/firebase-ios-sdk/FirebaseAuth/Sources/Public\ /Users/sunil/Library/Developer/Xcode/DerivedData/Yoga_of_Eating-ducgyjnlphnmtmcobbndvvbfdgcp/SourcePackages/checkouts/firebase-ios-sdk/FirebaseAuth/Interop/Public\ /Users/sunil/Library/Developer/Xcode/DerivedData/Yoga_of_Eating-ducgyjnlphnmtmcobbndvvbfdgcp/SourcePackages/checkouts/firebase-ios-sdk/FirebaseAppCheck/Interop/Public\ /Users/sunil/Library/Developer/Xcode/DerivedData/Yoga_of_Eating-ducgyjnlphnmtmcobbndvvbfdgcp/SourcePackages/checkouts/AppAuth-iOS/Sources/AppAuth/.\ /Users/sunil/Library/Developer/Xcode/DerivedData/Yoga_of_Eating-ducgyjnlphnmtmcobbndvvbfdgcp/SourcePackages/checkouts/AppAuth-iOS/Sources/AppAuthCore/.\ /Users/sunil/Library/Developer/Xcode/DerivedData/Yoga_of_Eating-ducgyjnlphnmtmcobbndvvbfdgcp/SourcePackages/checkouts/promises/Sources/FBLPromises/include\ /Users/sunil/Library/Developer/Xcode/DerivedData/Yoga_of_Eating-ducgyjnlphnmtmcobbndvvbfdgcp/SourcePackages/checkouts/GoogleUtilities/GoogleUtilities/Logger/Public\ /Users/sunil/Library/Developer/Xcode/DerivedData/Yoga_of_Eating-ducgyjnlphnmtmcobbndvvbfdgcp/SourcePackages/checkouts/GoogleUtilities/GoogleUtilities/Environment/Public\ /Users/sunil/Library/Developer/Xcode/DerivedData/Yoga_of_Eating-ducgyjnlphnmtmcobbndvvbfdgcp/SourcePackages/checkouts/GoogleUtilities/third_party/IsAppEncrypted/Public\ /Users/sunil/Library/Developer/Xcode/DerivedData/Yoga_of_Eating-ducgyjnlphnmtmcobbndvvbfdgcp/SourcePackages/checkouts/GoogleUtilities/GoogleUtilities/UserDefaults/Public\ /Users/sunil/Library/Developer/Xcode/DerivedData/Yoga_of_Eating-ducgyjnlphnmtmcobbndvvbfdgcp/SourcePackages/checkouts/app-check/AppCheckCore/Sources/Public\ /Users/sunil/Library/Developer/Xcode/DerivedData/Yoga_of_Eating-ducgyjnlphnmtmcobbndvvbfdgcp/SourcePackages/checkouts/gtm-session-fetcher/Sources/Core/Public\ /Users/sunil/Library/Developer/Xcode/DerivedData/Yoga_of_Eating-ducgyjnlphnmtmcobbndvvbfdgcp/SourcePackages/checkouts/GoogleSignIn-iOS/GoogleSignIn/Sources/Public\ /Users/sunil/Library/Developer/Xcode/DerivedData/Yoga_of_Eating-ducgyjnlphnmtmcobbndvvbfdgcp/Build/Products/Debug-iphonesimulator/include\ 
    export HOME\=/Users/sunil
    export HOST_ARCH\=arm64
    export HOST_PLATFORM\=macosx
    export ICONV\=/usr/bin/iconv
    export IMPLICIT_DEPENDENCY_DOMAIN\=default
    export INDEX_STORE_COMPRESS\=NO
    export INDEX_STORE_ONLY_PROJECT_FILES\=NO
    export INFOPLIST_ENABLE_CFBUNDLEICONS_MERGE\=YES
    export INFOPLIST_EXPAND_BUILD_SETTINGS\=YES
    export INFOPLIST_OUTPUT_FORMAT\=binary
    export INFOPLIST_PATH\=Yoga\ of\ EatingTests.xctest/Info.plist
    export INFOPLIST_PREPROCESS\=NO
    export INFOSTRINGS_PATH\=Yoga\ of\ EatingTests.xctest/en.lproj/InfoPlist.strings
    export INLINE_PRIVATE_FRAMEWORKS\=NO
    export INSTALLAPI_IGNORE_SKIP_INSTALL\=YES
    export INSTALLHDRS_COPY_PHASE\=NO
    export INSTALLHDRS_SCRIPT_PHASE\=NO
    export INSTALL_DIR\=/tmp/Yoga\ of\ Eating.dst
    export INSTALL_GROUP\=staff
    export INSTALL_MODE_FLAG\=u+w,go-w,a+rX
    export INSTALL_OWNER\=sunil
    export INSTALL_ROOT\=/tmp/Yoga\ of\ Eating.dst
    export IPHONEOS_DEPLOYMENT_TARGET\=26.2
    export IS_UNOPTIMIZED_BUILD\=YES
    export JAVAC_DEFAULT_FLAGS\=-J-Xms64m\ -J-XX:NewSize\=4M\ -J-Dfile.encoding\=UTF8
    export JAVA_APP_STUB\=/System/Library/Frameworks/JavaVM.framework/Resources/MacOS/JavaApplicationStub
    export JAVA_ARCHIVE_CLASSES\=YES
    export JAVA_ARCHIVE_TYPE\=JAR
    export JAVA_COMPILER\=/usr/bin/javac
    export JAVA_FOLDER_PATH\=Yoga\ of\ EatingTests.xctest/Java
    export JAVA_FRAMEWORK_RESOURCES_DIRS\=Resources
    export JAVA_JAR_FLAGS\=cv
    export JAVA_SOURCE_SUBDIR\=.
    export JAVA_USE_DEPENDENCIES\=YES
    export JAVA_ZIP_FLAGS\=-urg
    export JIKES_DEFAULT_FLAGS\=+E\ +OLDCSO
    export KEEP_PRIVATE_EXTERNS\=NO
    export LD_DEPENDENCY_INFO_FILE\=/Users/sunil/Library/Developer/Xcode/DerivedData/Yoga_of_Eating-ducgyjnlphnmtmcobbndvvbfdgcp/Build/Intermediates.noindex/Yoga\ of\ Eating.build/Debug-iphonesimulator/Yoga\ of\ EatingTests.build/Objects-normal/undefined_arch/Yoga\ of\ EatingTests_dependency_info.dat
    export LD_EXPORT_SYMBOLS\=YES
    export LD_GENERATE_MAP_FILE\=NO
    export LD_MAP_FILE_PATH\=/Users/sunil/Library/Developer/Xcode/DerivedData/Yoga_of_Eating-ducgyjnlphnmtmcobbndvvbfdgcp/Build/Intermediates.noindex/Yoga\ of\ Eating.build/Debug-iphonesimulator/Yoga\ of\ EatingTests.build/Yoga\ of\ EatingTests-LinkMap-normal-undefined_arch.txt
    export LD_NO_PIE\=NO
    export LD_QUOTE_LINKER_ARGUMENTS_FOR_COMPILER_DRIVER\=YES
    export LD_RUNPATH_SEARCH_PATHS\=/Users/sunil/Library/Developer/Xcode/DerivedData/Yoga_of_Eating-ducgyjnlphnmtmcobbndvvbfdgcp/Build/Products/Debug-iphonesimulator/PackageFrameworks\ /Users/sunil/Library/Developer/Xcode/DerivedData/Yoga_of_Eating-ducgyjnlphnmtmcobbndvvbfdgcp/Build/Products/Debug-iphonesimulator/PackageFrameworks\ /Users/sunil/Library/Developer/Xcode/DerivedData/Yoga_of_Eating-ducgyjnlphnmtmcobbndvvbfdgcp/Build/Products/Debug-iphonesimulator/PackageFrameworks\ /Users/sunil/Library/Developer/Xcode/DerivedData/Yoga_of_Eating-ducgyjnlphnmtmcobbndvvbfdgcp/Build/Products/Debug-iphonesimulator/PackageFrameworks\ /Users/sunil/Library/Developer/Xcode/DerivedData/Yoga_of_Eating-ducgyjnlphnmtmcobbndvvbfdgcp/Build/Products/Debug-iphonesimulator/PackageFrameworks\ /Users/sunil/Library/Developer/Xcode/DerivedData/Yoga_of_Eating-ducgyjnlphnmtmcobbndvvbfdgcp/Build/Products/Debug-iphonesimulator/PackageFrameworks\ /Users/sunil/Library/Developer/Xcode/DerivedData/Yoga_of_Eating-ducgyjnlphnmtmcobbndvvbfdgcp/Build/Products/Debug-iphonesimulator/PackageFrameworks\ /Users/sunil/Library/Developer/Xcode/DerivedData/Yoga_of_Eating-ducgyjnlphnmtmcobbndvvbfdgcp/Build/Products/Debug-iphonesimulator/PackageFrameworks\ /Users/sunil/Library/Developer/Xcode/DerivedData/Yoga_of_Eating-ducgyjnlphnmtmcobbndvvbfdgcp/Build/Products/Debug-iphonesimulator/PackageFrameworks\ /Users/sunil/Library/Developer/Xcode/DerivedData/Yoga_of_Eating-ducgyjnlphnmtmcobbndvvbfdgcp/Build/Products/Debug-iphonesimulator/PackageFrameworks\ /Users/sunil/Library/Developer/Xcode/DerivedData/Yoga_of_Eating-ducgyjnlphnmtmcobbndvvbfdgcp/Build/Products/Debug-iphonesimulator/PackageFrameworks\ /Users/sunil/Library/Developer/Xcode/DerivedData/Yoga_of_Eating-ducgyjnlphnmtmcobbndvvbfdgcp/Build/Products/Debug-iphonesimulator/PackageFrameworks\ /Users/sunil/Library/Developer/Xcode/DerivedData/Yoga_of_Eating-ducgyjnlphnmtmcobbndvvbfdgcp/Build/Products/Debug-iphonesimulator/PackageFrameworks\ /Users/sunil/Library/Developer/Xcode/DerivedData/Yoga_of_Eating-ducgyjnlphnmtmcobbndvvbfdgcp/Build/Products/Debug-iphonesimulator/PackageFrameworks\ /Users/sunil/Library/Developer/Xcode/DerivedData/Yoga_of_Eating-ducgyjnlphnmtmcobbndvvbfdgcp/Build/Products/Debug-iphonesimulator/PackageFrameworks\ /Users/sunil/Library/Developer/Xcode/DerivedData/Yoga_of_Eating-ducgyjnlphnmtmcobbndvvbfdgcp/Build/Products/Debug-iphonesimulator/PackageFrameworks\ /Users/sunil/Library/Developer/Xcode/DerivedData/Yoga_of_Eating-ducgyjnlphnmtmcobbndvvbfdgcp/Build/Products/Debug-iphonesimulator/PackageFrameworks\ /Users/sunil/Library/Developer/Xcode/DerivedData/Yoga_of_Eating-ducgyjnlphnmtmcobbndvvbfdgcp/Build/Products/Debug-iphonesimulator/PackageFrameworks\ /Users/sunil/Library/Developer/Xcode/DerivedData/Yoga_of_Eating-ducgyjnlphnmtmcobbndvvbfdgcp/Build/Products/Debug-iphonesimulator/PackageFrameworks\ /Users/sunil/Library/Developer/Xcode/DerivedData/Yoga_of_Eating-ducgyjnlphnmtmcobbndvvbfdgcp/Build/Products/Debug-iphonesimulator/PackageFrameworks\ /Users/sunil/Library/Developer/Xcode/DerivedData/Yoga_of_Eating-ducgyjnlphnmtmcobbndvvbfdgcp/Build/Products/Debug-iphonesimulator/PackageFrameworks\ /Users/sunil/Library/Developer/Xcode/DerivedData/Yoga_of_Eating-ducgyjnlphnmtmcobbndvvbfdgcp/Build/Products/Debug-iphonesimulator/PackageFrameworks\ /Users/sunil/Library/Developer/Xcode/DerivedData/Yoga_of_Eating-ducgyjnlphnmtmcobbndvvbfdgcp/Build/Products/Debug-iphonesimulator/PackageFrameworks\ /Users/sunil/Library/Developer/Xcode/DerivedData/Yoga_of_Eating-ducgyjnlphnmtmcobbndvvbfdgcp/Build/Products/Debug-iphonesimulator/PackageFrameworks\ /Users/sunil/Library/Developer/Xcode/DerivedData/Yoga_of_Eating-ducgyjnlphnmtmcobbndvvbfdgcp/Build/Products/Debug-iphonesimulator/PackageFrameworks\ /Users/sunil/Library/Developer/Xcode/DerivedData/Yoga_of_Eating-ducgyjnlphnmtmcobbndvvbfdgcp/Build/Products/Debug-iphonesimulator/PackageFrameworks\ /Users/sunil/Library/Developer/Xcode/DerivedData/Yoga_of_Eating-ducgyjnlphnmtmcobbndvvbfdgcp/Build/Products/Debug-iphonesimulator/PackageFrameworks\ /Users/sunil/Library/Developer/Xcode/DerivedData/Yoga_of_Eating-ducgyjnlphnmtmcobbndvvbfdgcp/Build/Products/Debug-iphonesimulator/PackageFrameworks\ /Users/sunil/Library/Developer/Xcode/DerivedData/Yoga_of_Eating-ducgyjnlphnmtmcobbndvvbfdgcp/Build/Products/Debug-iphonesimulator/PackageFrameworks\ /Users/sunil/Library/Developer/Xcode/DerivedData/Yoga_of_Eating-ducgyjnlphnmtmcobbndvvbfdgcp/Build/Products/Debug-iphonesimulator/PackageFrameworks\ /Users/sunil/Library/Developer/Xcode/DerivedData/Yoga_of_Eating-ducgyjnlphnmtmcobbndvvbfdgcp/Build/Products/Debug-iphonesimulator/PackageFrameworks\ /Users/sunil/Library/Developer/Xcode/DerivedData/Yoga_of_Eating-ducgyjnlphnmtmcobbndvvbfdgcp/Build/Products/Debug-iphonesimulator/PackageFrameworks\ /Users/sunil/Library/Developer/Xcode/DerivedData/Yoga_of_Eating-ducgyjnlphnmtmcobbndvvbfdgcp/Build/Products/Debug-iphonesimulator/PackageFrameworks\ /Users/sunil/Library/Developer/Xcode/DerivedData/Yoga_of_Eating-ducgyjnlphnmtmcobbndvvbfdgcp/Build/Products/Debug-iphonesimulator/PackageFrameworks\ /Users/sunil/Library/Developer/Xcode/DerivedData/Yoga_of_Eating-ducgyjnlphnmtmcobbndvvbfdgcp/Build/Products/Debug-iphonesimulator/PackageFrameworks\ /Users/sunil/Library/Developer/Xcode/DerivedData/Yoga_of_Eating-ducgyjnlphnmtmcobbndvvbfdgcp/Build/Products/Debug-iphonesimulator/PackageFrameworks\ /Users/sunil/Library/Developer/Xcode/DerivedData/Yoga_of_Eating-ducgyjnlphnmtmcobbndvvbfdgcp/Build/Products/Debug-iphonesimulator/PackageFrameworks\ /Users/sunil/Library/Developer/Xcode/DerivedData/Yoga_of_Eating-ducgyjnlphnmtmcobbndvvbfdgcp/Build/Products/Debug-iphonesimulator/PackageFrameworks\ /Users/sunil/Library/Developer/Xcode/DerivedData/Yoga_of_Eating-ducgyjnlphnmtmcobbndvvbfdgcp/Build/Products/Debug-iphonesimulator/PackageFrameworks\ \ @loader_path/Frameworks\ @executable_path/Frameworks
    export LD_RUNPATH_SEARCH_PATHS_SHALLOW_BUNDLE_NO\=@loader_path/../Frameworks
    export LD_RUNPATH_SEARCH_PATHS_SHALLOW_BUNDLE_YES\=@loader_path/Frameworks
    export LD_SHARED_CACHE_ELIGIBLE\=Automatic
    export LD_WARN_DUPLICATE_LIBRARIES\=NO
    export LD_WARN_UNUSED_DYLIBS\=NO
    export LEGACY_DEVELOPER_DIR\=/Applications/Xcode.app/Contents/PlugIns/Xcode3Core.ideplugin/Contents/SharedSupport/Developer
    export LEX\=lex
    export LIBRARY_DEXT_INSTALL_PATH\=/Library/DriverExtensions
    export LIBRARY_FLAG_NOSPACE\=YES
    export LIBRARY_FLAG_PREFIX\=-l
    export LIBRARY_KEXT_INSTALL_PATH\=/Library/Extensions
    export LIBRARY_SEARCH_PATHS\=/Users/sunil/Library/Developer/Xcode/DerivedData/Yoga_of_Eating-ducgyjnlphnmtmcobbndvvbfdgcp/Build/Products/Debug-iphonesimulator\ \ \ /Applications/Xcode.app/Contents/Developer/Platforms/iPhoneSimulator.platform/Developer/usr/lib
    export LINKER_DISPLAYS_MANGLED_NAMES\=NO
    export LINK_FILE_LIST_normal_arm64\=/Users/sunil/Library/Developer/Xcode/DerivedData/Yoga_of_Eating-ducgyjnlphnmtmcobbndvvbfdgcp/Build/Intermediates.noindex/Yoga\ of\ Eating.build/Debug-iphonesimulator/Yoga\ of\ EatingTests.build/Objects-normal/arm64/Yoga\ of\ EatingTests.LinkFileList
    export LINK_OBJC_RUNTIME\=YES
    export LINK_WITH_STANDARD_LIBRARIES\=YES
    export LLVM_TARGET_TRIPLE_OS_VERSION\=ios26.2
    export LLVM_TARGET_TRIPLE_SUFFIX\=-simulator
    export LLVM_TARGET_TRIPLE_VENDOR\=apple
    export LM_AUX_CONST_METADATA_LIST_PATH_normal_arm64\=/Users/sunil/Library/Developer/Xcode/DerivedData/Yoga_of_Eating-ducgyjnlphnmtmcobbndvvbfdgcp/Build/Intermediates.noindex/Yoga\ of\ Eating.build/Debug-iphonesimulator/Yoga\ of\ EatingTests.build/Objects-normal/arm64/Yoga\ of\ EatingTests.SwiftConstValuesFileList
    export LOCALIZATION_EXPORT_SUPPORTED\=YES
    export LOCALIZATION_PREFERS_STRING_CATALOGS\=YES
    export LOCALIZED_RESOURCES_FOLDER_PATH\=Yoga\ of\ EatingTests.xctest/en.lproj
    export LOCALIZED_STRING_CODE_COMMENTS\=NO
    export LOCALIZED_STRING_MACRO_NAMES\=NSLocalizedString\ CFCopyLocalizedString
    export LOCALIZED_STRING_SWIFTUI_SUPPORT\=YES
    export LOCAL_ADMIN_APPS_DIR\=/Applications/Utilities
    export LOCAL_APPS_DIR\=/Applications
    export LOCAL_DEVELOPER_DIR\=/Library/Developer
    export LOCAL_LIBRARY_DIR\=/Library
    export LOCROOT\=/Users/sunil/Downloads/YogaofEating
    export LOCSYMROOT\=/Users/sunil/Downloads/YogaofEating
    export MACH_O_TYPE\=mh_bundle
    export MAC_OS_X_PRODUCT_BUILD_VERSION\=25F71
    export MAC_OS_X_VERSION_ACTUAL\=260500
    export MAC_OS_X_VERSION_MAJOR\=260000
    export MAC_OS_X_VERSION_MINOR\=260500
    export MAKE_MERGEABLE\=NO
    export MARKETING_VERSION\=1.0
    export MERGEABLE_LIBRARY\=NO
    export MERGED_BINARY_TYPE\=none
    export MERGE_LINKED_LIBRARIES\=NO
    export METAL_LIBRARY_FILE_BASE\=default
    export METAL_LIBRARY_OUTPUT_DIR\=/Users/sunil/Library/Developer/Xcode/DerivedData/Yoga_of_Eating-ducgyjnlphnmtmcobbndvvbfdgcp/Build/Products/Debug-iphonesimulator/Yoga\ of\ Eating.app/PlugIns/Yoga\ of\ EatingTests.xctest
    export MODULES_FOLDER_PATH\=Yoga\ of\ EatingTests.xctest/Modules
    export MODULE_CACHE_DIR\=/Users/sunil/Library/Developer/Xcode/DerivedData/ModuleCache.noindex
    export MTL_ENABLE_DEBUG_INFO\=INCLUDE_SOURCE
    export MTL_FAST_MATH\=YES
    export NATIVE_ARCH\=arm64
    export NATIVE_ARCH_32_BIT\=arm
    export NATIVE_ARCH_64_BIT\=arm64
    export NATIVE_ARCH_ACTUAL\=arm64
    export NO_COMMON\=YES
    export OBJC_ABI_VERSION\=2
    export OBJECT_FILE_DIR\=/Users/sunil/Library/Developer/Xcode/DerivedData/Yoga_of_Eating-ducgyjnlphnmtmcobbndvvbfdgcp/Build/Intermediates.noindex/Yoga\ of\ Eating.build/Debug-iphonesimulator/Yoga\ of\ EatingTests.build/Objects
    export OBJECT_FILE_DIR_normal\=/Users/sunil/Library/Developer/Xcode/DerivedData/Yoga_of_Eating-ducgyjnlphnmtmcobbndvvbfdgcp/Build/Intermediates.noindex/Yoga\ of\ Eating.build/Debug-iphonesimulator/Yoga\ of\ EatingTests.build/Objects-normal
    export OBJROOT\=/Users/sunil/Library/Developer/Xcode/DerivedData/Yoga_of_Eating-ducgyjnlphnmtmcobbndvvbfdgcp/Build/Intermediates.noindex
    export ONLY_ACTIVE_ARCH\=YES
    export OS\=MACOS
    export OSAC\=/usr/bin/osacompile
    export OTHER_CFLAGS\=-fmodule-map-file\=/Users/sunil/Library/Developer/Xcode/DerivedData/Yoga_of_Eating-ducgyjnlphnmtmcobbndvvbfdgcp/Build/Intermediates.noindex/GeneratedModuleMaps-iphonesimulator/FirebaseAILogic.modulemap\ -fmodule-map-file\=/Users/sunil/Library/Developer/Xcode/DerivedData/Yoga_of_Eating-ducgyjnlphnmtmcobbndvvbfdgcp/Build/Intermediates.noindex/GeneratedModuleMaps-iphonesimulator/FirebaseAI.modulemap\ -fmodule-map-file\=/Users/sunil/Library/Developer/Xcode/DerivedData/Yoga_of_Eating-ducgyjnlphnmtmcobbndvvbfdgcp/Build/Intermediates.noindex/GeneratedModuleMaps-iphonesimulator/abslWrapper.modulemap\ -fmodule-map-file\=/Users/sunil/Library/Developer/Xcode/DerivedData/Yoga_of_Eating-ducgyjnlphnmtmcobbndvvbfdgcp/Build/Intermediates.noindex/GeneratedModuleMaps-iphonesimulator/opensslWrapper.modulemap\ -fmodule-map-file\=/Users/sunil/Library/Developer/Xcode/DerivedData/Yoga_of_Eating-ducgyjnlphnmtmcobbndvvbfdgcp/Build/Intermediates.noindex/GeneratedModuleMaps-iphonesimulator/grpcWrapper.modulemap\ -fmodule-map-file\=/Users/sunil/Library/Developer/Xcode/DerivedData/Yoga_of_Eating-ducgyjnlphnmtmcobbndvvbfdgcp/Build/Intermediates.noindex/GeneratedModuleMaps-iphonesimulator/grpcppWrapper.modulemap\ -fmodule-map-file\=/Users/sunil/Library/Developer/Xcode/DerivedData/Yoga_of_Eating-ducgyjnlphnmtmcobbndvvbfdgcp/Build/Intermediates.noindex/GeneratedModuleMaps-iphonesimulator/nanopb.modulemap\ -fmodule-map-file\=/Users/sunil/Library/Developer/Xcode/DerivedData/Yoga_of_Eating-ducgyjnlphnmtmcobbndvvbfdgcp/Build/Intermediates.noindex/GeneratedModuleMaps-iphonesimulator/leveldb.modulemap\ -fmodule-map-file\=/Users/sunil/Library/Developer/Xcode/DerivedData/Yoga_of_Eating-ducgyjnlphnmtmcobbndvvbfdgcp/Build/Intermediates.noindex/GeneratedModuleMaps-iphonesimulator/FirebaseFirestore.modulemap\ -fmodule-map-file\=/Users/sunil/Library/Developer/Xcode/DerivedData/Yoga_of_Eating-ducgyjnlphnmtmcobbndvvbfdgcp/Build/Intermediates.noindex/GeneratedModuleMaps-iphonesimulator/FirebaseFirestoreInternalWrapper.modulemap\ -fmodule-map-file\=/Users/sunil/Library/Developer/Xcode/DerivedData/Yoga_of_Eating-ducgyjnlphnmtmcobbndvvbfdgcp/Build/Intermediates.noindex/GeneratedModuleMaps-iphonesimulator/FirebaseFirestoreTarget.modulemap\ -fmodule-map-file\=/Users/sunil/Library/Developer/Xcode/DerivedData/Yoga_of_Eating-ducgyjnlphnmtmcobbndvvbfdgcp/Build/Intermediates.noindex/GeneratedModuleMaps-iphonesimulator/GoogleSignInSwift.modulemap\ -fmodule-map-file\=/Users/sunil/Library/Developer/Xcode/DerivedData/Yoga_of_Eating-ducgyjnlphnmtmcobbndvvbfdgcp/Build/Intermediates.noindex/GeneratedModuleMaps-iphonesimulator/FirebaseSharedSwift.modulemap\ -fmodule-map-file\=/Users/sunil/Library/Developer/Xcode/DerivedData/Yoga_of_Eating-ducgyjnlphnmtmcobbndvvbfdgcp/Build/Intermediates.noindex/GeneratedModuleMaps-iphonesimulator/FirebaseMessagingInterop.modulemap\ -fmodule-map-file\=/Users/sunil/Library/Developer/Xcode/DerivedData/Yoga_of_Eating-ducgyjnlphnmtmcobbndvvbfdgcp/Build/Intermediates.noindex/GeneratedModuleMaps-iphonesimulator/FirebaseFunctions.modulemap\ -fmodule-map-file\=/Users/sunil/Library/Developer/Xcode/DerivedData/Yoga_of_Eating-ducgyjnlphnmtmcobbndvvbfdgcp/Build/Intermediates.noindex/GeneratedModuleMaps-iphonesimulator/RecaptchaInterop.modulemap\ -fmodule-map-file\=/Users/sunil/Library/Developer/Xcode/DerivedData/Yoga_of_Eating-ducgyjnlphnmtmcobbndvvbfdgcp/Build/Intermediates.noindex/GeneratedModuleMaps-iphonesimulator/GoogleUtilities-Network.modulemap\ -fmodule-map-file\=/Users/sunil/Library/Developer/Xcode/DerivedData/Yoga_of_Eating-ducgyjnlphnmtmcobbndvvbfdgcp/Build/Intermediates.noindex/GeneratedModuleMaps-iphonesimulator/GoogleUtilities-Reachability.modulemap\ -fmodule-map-file\=/Users/sunil/Library/Developer/Xcode/DerivedData/Yoga_of_Eating-ducgyjnlphnmtmcobbndvvbfdgcp/Build/Intermediates.noindex/GeneratedModuleMaps-iphonesimulator/GoogleUtilities-NSData.modulemap\ -fmodule-map-file\=/Users/sunil/Library/Developer/Xcode/DerivedData/Yoga_of_Eating-ducgyjnlphnmtmcobbndvvbfdgcp/Build/Intermediates.noindex/GeneratedModuleMaps-iphonesimulator/GoogleUtilities-AppDelegateSwizzler.modulemap\ -fmodule-map-file\=/Users/sunil/Library/Developer/Xcode/DerivedData/Yoga_of_Eating-ducgyjnlphnmtmcobbndvvbfdgcp/Build/Intermediates.noindex/GeneratedModuleMaps-iphonesimulator/FirebaseCoreExtension.modulemap\ -fmodule-map-file\=/Users/sunil/Library/Developer/Xcode/DerivedData/Yoga_of_Eating-ducgyjnlphnmtmcobbndvvbfdgcp/Build/Intermediates.noindex/GeneratedModuleMaps-iphonesimulator/FirebaseCore.modulemap\ -fmodule-map-file\=/Users/sunil/Library/Developer/Xcode/DerivedData/Yoga_of_Eating-ducgyjnlphnmtmcobbndvvbfdgcp/Build/Intermediates.noindex/GeneratedModuleMaps-iphonesimulator/FirebaseCoreInternal.modulemap\ -fmodule-map-file\=/Users/sunil/Library/Developer/Xcode/DerivedData/Yoga_of_Eating-ducgyjnlphnmtmcobbndvvbfdgcp/Build/Intermediates.noindex/GeneratedModuleMaps-iphonesimulator/FirebaseAuthInternal.modulemap\ -fmodule-map-file\=/Users/sunil/Library/Developer/Xcode/DerivedData/Yoga_of_Eating-ducgyjnlphnmtmcobbndvvbfdgcp/Build/Intermediates.noindex/GeneratedModuleMaps-iphonesimulator/FirebaseAuthInterop.modulemap\ -fmodule-map-file\=/Users/sunil/Library/Developer/Xcode/DerivedData/Yoga_of_Eating-ducgyjnlphnmtmcobbndvvbfdgcp/Build/Intermediates.noindex/GeneratedModuleMaps-iphonesimulator/FirebaseAppCheckInterop.modulemap\ -fmodule-map-file\=/Users/sunil/Library/Developer/Xcode/DerivedData/Yoga_of_Eating-ducgyjnlphnmtmcobbndvvbfdgcp/Build/Intermediates.noindex/GeneratedModuleMaps-iphonesimulator/FirebaseAuth.modulemap\ -fmodule-map-file\=/Users/sunil/Library/Developer/Xcode/DerivedData/Yoga_of_Eating-ducgyjnlphnmtmcobbndvvbfdgcp/Build/Intermediates.noindex/GeneratedModuleMaps-iphonesimulator/AppAuth.modulemap\ -fmodule-map-file\=/Users/sunil/Library/Developer/Xcode/DerivedData/Yoga_of_Eating-ducgyjnlphnmtmcobbndvvbfdgcp/Build/Intermediates.noindex/GeneratedModuleMaps-iphonesimulator/AppAuthCore.modulemap\ -fmodule-map-file\=/Users/sunil/Library/Developer/Xcode/DerivedData/Yoga_of_Eating-ducgyjnlphnmtmcobbndvvbfdgcp/Build/Intermediates.noindex/GeneratedModuleMaps-iphonesimulator/GoogleUtilities-Logger.modulemap\ -fmodule-map-file\=/Users/sunil/Library/Developer/Xcode/DerivedData/Yoga_of_Eating-ducgyjnlphnmtmcobbndvvbfdgcp/Build/Intermediates.noindex/GeneratedModuleMaps-iphonesimulator/GoogleUtilities-Environment.modulemap\ -fmodule-map-file\=/Users/sunil/Library/Developer/Xcode/DerivedData/Yoga_of_Eating-ducgyjnlphnmtmcobbndvvbfdgcp/Build/Intermediates.noindex/GeneratedModuleMaps-iphonesimulator/third-party-IsAppEncrypted.modulemap\ -fmodule-map-file\=/Users/sunil/Library/Developer/Xcode/DerivedData/Yoga_of_Eating-ducgyjnlphnmtmcobbndvvbfdgcp/Build/Intermediates.noindex/GeneratedModuleMaps-iphonesimulator/GoogleUtilities-UserDefaults.modulemap\ -fmodule-map-file\=/Users/sunil/Library/Developer/Xcode/DerivedData/Yoga_of_Eating-ducgyjnlphnmtmcobbndvvbfdgcp/Build/Intermediates.noindex/GeneratedModuleMaps-iphonesimulator/AppCheckCore.modulemap\ -fmodule-map-file\=/Users/sunil/Library/Developer/Xcode/DerivedData/Yoga_of_Eating-ducgyjnlphnmtmcobbndvvbfdgcp/Build/Intermediates.noindex/GeneratedModuleMaps-iphonesimulator/GTMAppAuth.modulemap\ -fmodule-map-file\=/Users/sunil/Library/Developer/Xcode/DerivedData/Yoga_of_Eating-ducgyjnlphnmtmcobbndvvbfdgcp/Build/Intermediates.noindex/GeneratedModuleMaps-iphonesimulator/GTMSessionFetcherCore.modulemap\ -fmodule-map-file\=/Users/sunil/Library/Developer/Xcode/DerivedData/Yoga_of_Eating-ducgyjnlphnmtmcobbndvvbfdgcp/Build/Intermediates.noindex/GeneratedModuleMaps-iphonesimulator/GoogleSignIn.modulemap\ 
    export OTHER_CPLUSPLUSFLAGS\=-fmodule-map-file\=/Users/sunil/Library/Developer/Xcode/DerivedData/Yoga_of_Eating-ducgyjnlphnmtmcobbndvvbfdgcp/Build/Intermediates.noindex/GeneratedModuleMaps-iphonesimulator/FirebaseAILogic.modulemap\ -fmodule-map-file\=/Users/sunil/Library/Developer/Xcode/DerivedData/Yoga_of_Eating-ducgyjnlphnmtmcobbndvvbfdgcp/Build/Intermediates.noindex/GeneratedModuleMaps-iphonesimulator/FirebaseAI.modulemap\ -fmodule-map-file\=/Users/sunil/Library/Developer/Xcode/DerivedData/Yoga_of_Eating-ducgyjnlphnmtmcobbndvvbfdgcp/Build/Intermediates.noindex/GeneratedModuleMaps-iphonesimulator/abslWrapper.modulemap\ -fmodule-map-file\=/Users/sunil/Library/Developer/Xcode/DerivedData/Yoga_of_Eating-ducgyjnlphnmtmcobbndvvbfdgcp/Build/Intermediates.noindex/GeneratedModuleMaps-iphonesimulator/opensslWrapper.modulemap\ -fmodule-map-file\=/Users/sunil/Library/Developer/Xcode/DerivedData/Yoga_of_Eating-ducgyjnlphnmtmcobbndvvbfdgcp/Build/Intermediates.noindex/GeneratedModuleMaps-iphonesimulator/grpcWrapper.modulemap\ -fmodule-map-file\=/Users/sunil/Library/Developer/Xcode/DerivedData/Yoga_of_Eating-ducgyjnlphnmtmcobbndvvbfdgcp/Build/Intermediates.noindex/GeneratedModuleMaps-iphonesimulator/grpcppWrapper.modulemap\ -fmodule-map-file\=/Users/sunil/Library/Developer/Xcode/DerivedData/Yoga_of_Eating-ducgyjnlphnmtmcobbndvvbfdgcp/Build/Intermediates.noindex/GeneratedModuleMaps-iphonesimulator/nanopb.modulemap\ -fmodule-map-file\=/Users/sunil/Library/Developer/Xcode/DerivedData/Yoga_of_Eating-ducgyjnlphnmtmcobbndvvbfdgcp/Build/Intermediates.noindex/GeneratedModuleMaps-iphonesimulator/leveldb.modulemap\ -fmodule-map-file\=/Users/sunil/Library/Developer/Xcode/DerivedData/Yoga_of_Eating-ducgyjnlphnmtmcobbndvvbfdgcp/Build/Intermediates.noindex/GeneratedModuleMaps-iphonesimulator/FirebaseFirestore.modulemap\ -fmodule-map-file\=/Users/sunil/Library/Developer/Xcode/DerivedData/Yoga_of_Eating-ducgyjnlphnmtmcobbndvvbfdgcp/Build/Intermediates.noindex/GeneratedModuleMaps-iphonesimulator/FirebaseFirestoreInternalWrapper.modulemap\ -fmodule-map-file\=/Users/sunil/Library/Developer/Xcode/DerivedData/Yoga_of_Eating-ducgyjnlphnmtmcobbndvvbfdgcp/Build/Intermediates.noindex/GeneratedModuleMaps-iphonesimulator/FirebaseFirestoreTarget.modulemap\ -fmodule-map-file\=/Users/sunil/Library/Developer/Xcode/DerivedData/Yoga_of_Eating-ducgyjnlphnmtmcobbndvvbfdgcp/Build/Intermediates.noindex/GeneratedModuleMaps-iphonesimulator/GoogleSignInSwift.modulemap\ -fmodule-map-file\=/Users/sunil/Library/Developer/Xcode/DerivedData/Yoga_of_Eating-ducgyjnlphnmtmcobbndvvbfdgcp/Build/Intermediates.noindex/GeneratedModuleMaps-iphonesimulator/FirebaseSharedSwift.modulemap\ -fmodule-map-file\=/Users/sunil/Library/Developer/Xcode/DerivedData/Yoga_of_Eating-ducgyjnlphnmtmcobbndvvbfdgcp/Build/Intermediates.noindex/GeneratedModuleMaps-iphonesimulator/FirebaseMessagingInterop.modulemap\ -fmodule-map-file\=/Users/sunil/Library/Developer/Xcode/DerivedData/Yoga_of_Eating-ducgyjnlphnmtmcobbndvvbfdgcp/Build/Intermediates.noindex/GeneratedModuleMaps-iphonesimulator/FirebaseFunctions.modulemap\ -fmodule-map-file\=/Users/sunil/Library/Developer/Xcode/DerivedData/Yoga_of_Eating-ducgyjnlphnmtmcobbndvvbfdgcp/Build/Intermediates.noindex/GeneratedModuleMaps-iphonesimulator/RecaptchaInterop.modulemap\ -fmodule-map-file\=/Users/sunil/Library/Developer/Xcode/DerivedData/Yoga_of_Eating-ducgyjnlphnmtmcobbndvvbfdgcp/Build/Intermediates.noindex/GeneratedModuleMaps-iphonesimulator/GoogleUtilities-Network.modulemap\ -fmodule-map-file\=/Users/sunil/Library/Developer/Xcode/DerivedData/Yoga_of_Eating-ducgyjnlphnmtmcobbndvvbfdgcp/Build/Intermediates.noindex/GeneratedModuleMaps-iphonesimulator/GoogleUtilities-Reachability.modulemap\ -fmodule-map-file\=/Users/sunil/Library/Developer/Xcode/DerivedData/Yoga_of_Eating-ducgyjnlphnmtmcobbndvvbfdgcp/Build/Intermediates.noindex/GeneratedModuleMaps-iphonesimulator/GoogleUtilities-NSData.modulemap\ -fmodule-map-file\=/Users/sunil/Library/Developer/Xcode/DerivedData/Yoga_of_Eating-ducgyjnlphnmtmcobbndvvbfdgcp/Build/Intermediates.noindex/GeneratedModuleMaps-iphonesimulator/GoogleUtilities-AppDelegateSwizzler.modulemap\ -fmodule-map-file\=/Users/sunil/Library/Developer/Xcode/DerivedData/Yoga_of_Eating-ducgyjnlphnmtmcobbndvvbfdgcp/Build/Intermediates.noindex/GeneratedModuleMaps-iphonesimulator/FirebaseCoreExtension.modulemap\ -fmodule-map-file\=/Users/sunil/Library/Developer/Xcode/DerivedData/Yoga_of_Eating-ducgyjnlphnmtmcobbndvvbfdgcp/Build/Intermediates.noindex/GeneratedModuleMaps-iphonesimulator/FirebaseCore.modulemap\ -fmodule-map-file\=/Users/sunil/Library/Developer/Xcode/DerivedData/Yoga_of_Eating-ducgyjnlphnmtmcobbndvvbfdgcp/Build/Intermediates.noindex/GeneratedModuleMaps-iphonesimulator/FirebaseCoreInternal.modulemap\ -fmodule-map-file\=/Users/sunil/Library/Developer/Xcode/DerivedData/Yoga_of_Eating-ducgyjnlphnmtmcobbndvvbfdgcp/Build/Intermediates.noindex/GeneratedModuleMaps-iphonesimulator/FirebaseAuthInternal.modulemap\ -fmodule-map-file\=/Users/sunil/Library/Developer/Xcode/DerivedData/Yoga_of_Eating-ducgyjnlphnmtmcobbndvvbfdgcp/Build/Intermediates.noindex/GeneratedModuleMaps-iphonesimulator/FirebaseAuthInterop.modulemap\ -fmodule-map-file\=/Users/sunil/Library/Developer/Xcode/DerivedData/Yoga_of_Eating-ducgyjnlphnmtmcobbndvvbfdgcp/Build/Intermediates.noindex/GeneratedModuleMaps-iphonesimulator/FirebaseAppCheckInterop.modulemap\ -fmodule-map-file\=/Users/sunil/Library/Developer/Xcode/DerivedData/Yoga_of_Eating-ducgyjnlphnmtmcobbndvvbfdgcp/Build/Intermediates.noindex/GeneratedModuleMaps-iphonesimulator/FirebaseAuth.modulemap\ -fmodule-map-file\=/Users/sunil/Library/Developer/Xcode/DerivedData/Yoga_of_Eating-ducgyjnlphnmtmcobbndvvbfdgcp/Build/Intermediates.noindex/GeneratedModuleMaps-iphonesimulator/AppAuth.modulemap\ -fmodule-map-file\=/Users/sunil/Library/Developer/Xcode/DerivedData/Yoga_of_Eating-ducgyjnlphnmtmcobbndvvbfdgcp/Build/Intermediates.noindex/GeneratedModuleMaps-iphonesimulator/AppAuthCore.modulemap\ -fmodule-map-file\=/Users/sunil/Library/Developer/Xcode/DerivedData/Yoga_of_Eating-ducgyjnlphnmtmcobbndvvbfdgcp/Build/Intermediates.noindex/GeneratedModuleMaps-iphonesimulator/GoogleUtilities-Logger.modulemap\ -fmodule-map-file\=/Users/sunil/Library/Developer/Xcode/DerivedData/Yoga_of_Eating-ducgyjnlphnmtmcobbndvvbfdgcp/Build/Intermediates.noindex/GeneratedModuleMaps-iphonesimulator/GoogleUtilities-Environment.modulemap\ -fmodule-map-file\=/Users/sunil/Library/Developer/Xcode/DerivedData/Yoga_of_Eating-ducgyjnlphnmtmcobbndvvbfdgcp/Build/Intermediates.noindex/GeneratedModuleMaps-iphonesimulator/third-party-IsAppEncrypted.modulemap\ -fmodule-map-file\=/Users/sunil/Library/Developer/Xcode/DerivedData/Yoga_of_Eating-ducgyjnlphnmtmcobbndvvbfdgcp/Build/Intermediates.noindex/GeneratedModuleMaps-iphonesimulator/GoogleUtilities-UserDefaults.modulemap\ -fmodule-map-file\=/Users/sunil/Library/Developer/Xcode/DerivedData/Yoga_of_Eating-ducgyjnlphnmtmcobbndvvbfdgcp/Build/Intermediates.noindex/GeneratedModuleMaps-iphonesimulator/AppCheckCore.modulemap\ -fmodule-map-file\=/Users/sunil/Library/Developer/Xcode/DerivedData/Yoga_of_Eating-ducgyjnlphnmtmcobbndvvbfdgcp/Build/Intermediates.noindex/GeneratedModuleMaps-iphonesimulator/GTMAppAuth.modulemap\ -fmodule-map-file\=/Users/sunil/Library/Developer/Xcode/DerivedData/Yoga_of_Eating-ducgyjnlphnmtmcobbndvvbfdgcp/Build/Intermediates.noindex/GeneratedModuleMaps-iphonesimulator/GTMSessionFetcherCore.modulemap\ -fmodule-map-file\=/Users/sunil/Library/Developer/Xcode/DerivedData/Yoga_of_Eating-ducgyjnlphnmtmcobbndvvbfdgcp/Build/Intermediates.noindex/GeneratedModuleMaps-iphonesimulator/GoogleSignIn.modulemap\ 
    export OTHER_LDFLAGS\=-Wl,-no_warn_duplicate_libraries\ -Wl,-no_warn_duplicate_libraries\ -Wl,-no_warn_duplicate_libraries\ -Wl,-no_warn_duplicate_libraries\ -Wl,-no_warn_duplicate_libraries\ -Wl,-no_warn_duplicate_libraries\ -Wl,-no_warn_duplicate_libraries\ -lc++\ -Wl,-no_warn_duplicate_libraries\ -Wl,-no_warn_duplicate_libraries\ -Wl,-no_warn_duplicate_libraries\ -Wl,-no_warn_duplicate_libraries\ -Wl,-no_warn_duplicate_libraries\ -Wl,-no_warn_duplicate_libraries\ -Wl,-no_warn_duplicate_libraries\ -Wl,-no_warn_duplicate_libraries\ -Wl,-no_warn_duplicate_libraries\ -Wl,-no_warn_duplicate_libraries\ -Wl,-no_warn_duplicate_libraries\ -Wl,-no_warn_duplicate_libraries\ -Wl,-no_warn_duplicate_libraries\ -Wl,-no_warn_duplicate_libraries\ -Wl,-no_warn_duplicate_libraries\ -Wl,-no_warn_duplicate_libraries\ -Wl,-no_warn_duplicate_libraries\ -Wl,-no_warn_duplicate_libraries\ -Wl,-no_warn_duplicate_libraries\ -Wl,-no_warn_duplicate_libraries\ -Wl,-no_warn_duplicate_libraries\ -Wl,-no_warn_duplicate_libraries\ -Wl,-no_warn_duplicate_libraries\ -Wl,-no_warn_duplicate_libraries\ -Wl,-no_warn_duplicate_libraries\ -Wl,-no_warn_duplicate_libraries\ -Wl,-no_warn_duplicate_libraries\ -Wl,-no_warn_duplicate_libraries\ -Wl,-no_warn_duplicate_libraries\ -Wl,-no_warn_duplicate_libraries\ -Wl,-no_warn_duplicate_libraries\ -Wl,-no_warn_duplicate_libraries\ \ -framework\ CoreGraphics\ -framework\ CoreText\ -framework\ Foundation\ -framework\ LocalAuthentication\ -framework\ Security\ -framework\ UIKit\ -framework\ Security\ -framework\ DeviceCheck\ -framework\ Security\ -framework\ SafariServices\ -framework\ UIKit\ -lz\ -lc++\ -framework\ SystemConfiguration\ -framework\ UIKit
    export OTHER_SWIFT_FLAGS\=-Xcc\ -fmodule-map-file\=/Users/sunil/Library/Developer/Xcode/DerivedData/Yoga_of_Eating-ducgyjnlphnmtmcobbndvvbfdgcp/Build/Intermediates.noindex/GeneratedModuleMaps-iphonesimulator/abslWrapper.modulemap\ -Xcc\ -fmodule-map-file\=/Users/sunil/Library/Developer/Xcode/DerivedData/Yoga_of_Eating-ducgyjnlphnmtmcobbndvvbfdgcp/Build/Intermediates.noindex/GeneratedModuleMaps-iphonesimulator/opensslWrapper.modulemap\ -Xcc\ -fmodule-map-file\=/Users/sunil/Library/Developer/Xcode/DerivedData/Yoga_of_Eating-ducgyjnlphnmtmcobbndvvbfdgcp/Build/Intermediates.noindex/GeneratedModuleMaps-iphonesimulator/grpcWrapper.modulemap\ -Xcc\ -fmodule-map-file\=/Users/sunil/Library/Developer/Xcode/DerivedData/Yoga_of_Eating-ducgyjnlphnmtmcobbndvvbfdgcp/Build/Intermediates.noindex/GeneratedModuleMaps-iphonesimulator/grpcppWrapper.modulemap\ -Xcc\ -fmodule-map-file\=/Users/sunil/Library/Developer/Xcode/DerivedData/Yoga_of_Eating-ducgyjnlphnmtmcobbndvvbfdgcp/Build/Intermediates.noindex/GeneratedModuleMaps-iphonesimulator/nanopb.modulemap\ -Xcc\ -fmodule-map-file\=/Users/sunil/Library/Developer/Xcode/DerivedData/Yoga_of_Eating-ducgyjnlphnmtmcobbndvvbfdgcp/Build/Intermediates.noindex/GeneratedModuleMaps-iphonesimulator/leveldb.modulemap\ -Xcc\ -fmodule-map-file\=/Users/sunil/Library/Developer/Xcode/DerivedData/Yoga_of_Eating-ducgyjnlphnmtmcobbndvvbfdgcp/Build/Intermediates.noindex/GeneratedModuleMaps-iphonesimulator/FirebaseFirestoreInternalWrapper.modulemap\ -Xcc\ -fmodule-map-file\=/Users/sunil/Library/Developer/Xcode/DerivedData/Yoga_of_Eating-ducgyjnlphnmtmcobbndvvbfdgcp/Build/Intermediates.noindex/GeneratedModuleMaps-iphonesimulator/FirebaseFirestoreTarget.modulemap\ -Xcc\ -fmodule-map-file\=/Users/sunil/Library/Developer/Xcode/DerivedData/Yoga_of_Eating-ducgyjnlphnmtmcobbndvvbfdgcp/Build/Intermediates.noindex/GeneratedModuleMaps-iphonesimulator/FirebaseMessagingInterop.modulemap\ -Xcc\ -fmodule-map-file\=/Users/sunil/Library/Developer/Xcode/DerivedData/Yoga_of_Eating-ducgyjnlphnmtmcobbndvvbfdgcp/Build/Intermediates.noindex/GeneratedModuleMaps-iphonesimulator/RecaptchaInterop.modulemap\ -Xcc\ -fmodule-map-file\=/Users/sunil/Library/Developer/Xcode/DerivedData/Yoga_of_Eating-ducgyjnlphnmtmcobbndvvbfdgcp/Build/Intermediates.noindex/GeneratedModuleMaps-iphonesimulator/GoogleUtilities-Network.modulemap\ -Xcc\ -fmodule-map-file\=/Users/sunil/Library/Developer/Xcode/DerivedData/Yoga_of_Eating-ducgyjnlphnmtmcobbndvvbfdgcp/Build/Intermediates.noindex/GeneratedModuleMaps-iphonesimulator/GoogleUtilities-Reachability.modulemap\ -Xcc\ -fmodule-map-file\=/Users/sunil/Library/Developer/Xcode/DerivedData/Yoga_of_Eating-ducgyjnlphnmtmcobbndvvbfdgcp/Build/Intermediates.noindex/GeneratedModuleMaps-iphonesimulator/GoogleUtilities-NSData.modulemap\ -Xcc\ -fmodule-map-file\=/Users/sunil/Library/Developer/Xcode/DerivedData/Yoga_of_Eating-ducgyjnlphnmtmcobbndvvbfdgcp/Build/Intermediates.noindex/GeneratedModuleMaps-iphonesimulator/GoogleUtilities-AppDelegateSwizzler.modulemap\ -Xcc\ -fmodule-map-file\=/Users/sunil/Library/Developer/Xcode/DerivedData/Yoga_of_Eating-ducgyjnlphnmtmcobbndvvbfdgcp/Build/Intermediates.noindex/GeneratedModuleMaps-iphonesimulator/FirebaseCoreExtension.modulemap\ -Xcc\ -fmodule-map-file\=/Users/sunil/Library/Developer/Xcode/DerivedData/Yoga_of_Eating-ducgyjnlphnmtmcobbndvvbfdgcp/Build/Intermediates.noindex/GeneratedModuleMaps-iphonesimulator/FirebaseCore.modulemap\ -Xcc\ -fmodule-map-file\=/Users/sunil/Library/Developer/Xcode/DerivedData/Yoga_of_Eating-ducgyjnlphnmtmcobbndvvbfdgcp/Build/Intermediates.noindex/GeneratedModuleMaps-iphonesimulator/FirebaseAuthInternal.modulemap\ -Xcc\ -fmodule-map-file\=/Users/sunil/Library/Developer/Xcode/DerivedData/Yoga_of_Eating-ducgyjnlphnmtmcobbndvvbfdgcp/Build/Intermediates.noindex/GeneratedModuleMaps-iphonesimulator/FirebaseAuthInterop.modulemap\ -Xcc\ -fmodule-map-file\=/Users/sunil/Library/Developer/Xcode/DerivedData/Yoga_of_Eating-ducgyjnlphnmtmcobbndvvbfdgcp/Build/Intermediates.noindex/GeneratedModuleMaps-iphonesimulator/FirebaseAppCheckInterop.modulemap\ -Xcc\ -fmodule-map-file\=/Users/sunil/Library/Developer/Xcode/DerivedData/Yoga_of_Eating-ducgyjnlphnmtmcobbndvvbfdgcp/Build/Intermediates.noindex/GeneratedModuleMaps-iphonesimulator/AppAuth.modulemap\ -Xcc\ -fmodule-map-file\=/Users/sunil/Library/Developer/Xcode/DerivedData/Yoga_of_Eating-ducgyjnlphnmtmcobbndvvbfdgcp/Build/Intermediates.noindex/GeneratedModuleMaps-iphonesimulator/AppAuthCore.modulemap\ -Xcc\ -fmodule-map-file\=/Users/sunil/Library/Developer/Xcode/DerivedData/Yoga_of_Eating-ducgyjnlphnmtmcobbndvvbfdgcp/Build/Intermediates.noindex/GeneratedModuleMaps-iphonesimulator/GoogleUtilities-Logger.modulemap\ -Xcc\ -fmodule-map-file\=/Users/sunil/Library/Developer/Xcode/DerivedData/Yoga_of_Eating-ducgyjnlphnmtmcobbndvvbfdgcp/Build/Intermediates.noindex/GeneratedModuleMaps-iphonesimulator/GoogleUtilities-Environment.modulemap\ -Xcc\ -fmodule-map-file\=/Users/sunil/Library/Developer/Xcode/DerivedData/Yoga_of_Eating-ducgyjnlphnmtmcobbndvvbfdgcp/Build/Intermediates.noindex/GeneratedModuleMaps-iphonesimulator/third-party-IsAppEncrypted.modulemap\ -Xcc\ -fmodule-map-file\=/Users/sunil/Library/Developer/Xcode/DerivedData/Yoga_of_Eating-ducgyjnlphnmtmcobbndvvbfdgcp/Build/Intermediates.noindex/GeneratedModuleMaps-iphonesimulator/GoogleUtilities-UserDefaults.modulemap\ -Xcc\ -fmodule-map-file\=/Users/sunil/Library/Developer/Xcode/DerivedData/Yoga_of_Eating-ducgyjnlphnmtmcobbndvvbfdgcp/Build/Intermediates.noindex/GeneratedModuleMaps-iphonesimulator/AppCheckCore.modulemap\ -Xcc\ -fmodule-map-file\=/Users/sunil/Library/Developer/Xcode/DerivedData/Yoga_of_Eating-ducgyjnlphnmtmcobbndvvbfdgcp/Build/Intermediates.noindex/GeneratedModuleMaps-iphonesimulator/GTMSessionFetcherCore.modulemap\ -Xcc\ -fmodule-map-file\=/Users/sunil/Library/Developer/Xcode/DerivedData/Yoga_of_Eating-ducgyjnlphnmtmcobbndvvbfdgcp/Build/Intermediates.noindex/GeneratedModuleMaps-iphonesimulator/GoogleSignIn.modulemap\ \ -plugin-path\ /Applications/Xcode.app/Contents/Developer/Toolchains/XcodeDefault.xctoolchain/usr/lib/swift/host/plugins/testing
    export PACKAGE_TYPE\=com.apple.package-type.bundle.unit-test
    export PASCAL_STRINGS\=YES
    export PATH\=/Applications/Xcode.app/Contents/SharedFrameworks/SwiftBuild.framework/Versions/A/PlugIns/SWBBuildService.bundle/Contents/PlugIns/SWBUniversalPlatformPlugin.bundle/Contents/Frameworks/SWBUniversalPlatform.framework/Resources:/Applications/Xcode.app/Contents/Developer/Toolchains/XcodeDefault.xctoolchain/usr/bin:/Applications/Xcode.app/Contents/Developer/Toolchains/XcodeDefault.xctoolchain/usr/local/bin:/Applications/Xcode.app/Contents/Developer/Toolchains/XcodeDefault.xctoolchain/usr/libexec:/Applications/Xcode.app/Contents/Developer/Platforms/iPhoneSimulator.platform/usr/bin:/Applications/Xcode.app/Contents/Developer/Platforms/iPhoneSimulator.platform/usr/local/bin:/Applications/Xcode.app/Contents/Developer/Platforms/iPhoneSimulator.platform/Developer/usr/bin:/Applications/Xcode.app/Contents/Developer/Platforms/iPhoneSimulator.platform/Developer/usr/local/bin:/Applications/Xcode.app/Contents/Developer/usr/bin:/Applications/Xcode.app/Contents/Developer/usr/local/bin:/opt/homebrew/opt/openjdk@21/libexec/openjdk.jdk/Contents/Home/bin:/Users/sunil/.npm-global/bin:/Users/sunil/.antigravity/antigravity/bin:/Users/sunil/.local/bin:/Users/sunil/Library/Android/sdk/platform-tools:/opt/homebrew/opt/openjdk@17/bin:/Users/sunil/Library/Application\ Support/Code/User/globalStorage/github.copilot-chat/debugCommand:/Users/sunil/Library/Application\ Support/Code/User/globalStorage/github.copilot-chat/copilotCli:/opt/homebrew/bin:/opt/homebrew/sbin:/usr/local/bin:/System/Cryptexes/App/usr/bin:/usr/bin:/bin:/usr/sbin:/sbin:/var/run/com.apple.security.cryptexd/codex.system/bootstrap/usr/local/bin:/var/run/com.apple.security.cryptexd/codex.system/bootstrap/usr/bin:/var/run/com.apple.security.cryptexd/codex.system/bootstrap/usr/appleinternal/bin:/pkg/env/global/bin:/Library/Apple/usr/bin:/Users/sunil/.swiftly/bin
    export PATH_PREFIXES_EXCLUDED_FROM_HEADER_DEPENDENCIES\=/usr/include\ /usr/local/include\ /System/Library/Frameworks\ /System/Library/PrivateFrameworks\ /Applications/Xcode.app/Contents/Developer/Headers\ /Applications/Xcode.app/Contents/Developer/SDKs\ /Applications/Xcode.app/Contents/Developer/Platforms
    export PBDEVELOPMENTPLIST_PATH\=Yoga\ of\ EatingTests.xctest/pbdevelopment.plist
    export PER_ARCH_MODULE_FILE_DIR\=/Users/sunil/Library/Developer/Xcode/DerivedData/Yoga_of_Eating-ducgyjnlphnmtmcobbndvvbfdgcp/Build/Intermediates.noindex/Yoga\ of\ Eating.build/Debug-iphonesimulator/Yoga\ of\ EatingTests.build/Objects-normal/undefined_arch
    export PER_ARCH_OBJECT_FILE_DIR\=/Users/sunil/Library/Developer/Xcode/DerivedData/Yoga_of_Eating-ducgyjnlphnmtmcobbndvvbfdgcp/Build/Intermediates.noindex/Yoga\ of\ Eating.build/Debug-iphonesimulator/Yoga\ of\ EatingTests.build/Objects-normal/undefined_arch
    export PER_VARIANT_OBJECT_FILE_DIR\=/Users/sunil/Library/Developer/Xcode/DerivedData/Yoga_of_Eating-ducgyjnlphnmtmcobbndvvbfdgcp/Build/Intermediates.noindex/Yoga\ of\ Eating.build/Debug-iphonesimulator/Yoga\ of\ EatingTests.build/Objects-normal
    export PKGINFO_FILE_PATH\=/Users/sunil/Library/Developer/Xcode/DerivedData/Yoga_of_Eating-ducgyjnlphnmtmcobbndvvbfdgcp/Build/Intermediates.noindex/Yoga\ of\ Eating.build/Debug-iphonesimulator/Yoga\ of\ EatingTests.build/PkgInfo
    export PKGINFO_PATH\=Yoga\ of\ EatingTests.xctest/PkgInfo
    export PLATFORM_DEVELOPER_APPLICATIONS_DIR\=/Applications/Xcode.app/Contents/Developer/Platforms/iPhoneSimulator.platform/Developer/Applications
    export PLATFORM_DEVELOPER_BIN_DIR\=/Applications/Xcode.app/Contents/Developer/Platforms/iPhoneSimulator.platform/Developer/usr/bin
    export PLATFORM_DEVELOPER_LIBRARY_DIR\=/Applications/Xcode.app/Contents/Developer/Platforms/iPhoneSimulator.platform/Developer/Library
    export PLATFORM_DEVELOPER_SDK_DIR\=/Applications/Xcode.app/Contents/Developer/Platforms/iPhoneSimulator.platform/Developer/SDKs
    export PLATFORM_DEVELOPER_TOOLS_DIR\=/Applications/Xcode.app/Contents/Developer/Platforms/iPhoneSimulator.platform/Developer/Tools
    export PLATFORM_DEVELOPER_USR_DIR\=/Applications/Xcode.app/Contents/Developer/Platforms/iPhoneSimulator.platform/Developer/usr
    export PLATFORM_DIR\=/Applications/Xcode.app/Contents/Developer/Platforms/iPhoneSimulator.platform
    export PLATFORM_DISPLAY_NAME\=iOS\ Simulator
    export PLATFORM_FAMILY_NAME\=iOS
    export PLATFORM_NAME\=iphonesimulator
    export PLATFORM_PREFERRED_ARCH\=x86_64
    export PLATFORM_PRODUCT_BUILD_VERSION\=23F73
    export PLATFORM_REQUIRES_SWIFT_AUTOLINK_EXTRACT\=NO
    export PLATFORM_REQUIRES_SWIFT_MODULEWRAP\=NO
    export PLATFORM_USES_DSYMS\=YES
    export PLIST_FILE_OUTPUT_FORMAT\=binary
    export PLUGINS_FOLDER_PATH\=Yoga\ of\ EatingTests.xctest/PlugIns
    export PRECOMPS_INCLUDE_HEADERS_FROM_BUILT_PRODUCTS_DIR\=YES
    export PRECOMP_DESTINATION_DIR\=/Users/sunil/Library/Developer/Xcode/DerivedData/Yoga_of_Eating-ducgyjnlphnmtmcobbndvvbfdgcp/Build/Intermediates.noindex/Yoga\ of\ Eating.build/Debug-iphonesimulator/Yoga\ of\ EatingTests.build/PrefixHeaders
    export PRIVATE_HEADERS_FOLDER_PATH\=Yoga\ of\ EatingTests.xctest/PrivateHeaders
    export PROCESSED_INFOPLIST_PATH\=/Users/sunil/Library/Developer/Xcode/DerivedData/Yoga_of_Eating-ducgyjnlphnmtmcobbndvvbfdgcp/Build/Intermediates.noindex/Yoga\ of\ Eating.build/Debug-iphonesimulator/Yoga\ of\ EatingTests.build/Objects-normal/undefined_arch/Processed-Info.plist
    export PRODUCT_BUNDLE_IDENTIFIER\=com.yogaofeating.Yoga-of-EatingTests
    export PRODUCT_BUNDLE_PACKAGE_TYPE\=BNDL
    export PRODUCT_MODULE_NAME\=Yoga_of_EatingTests
    export PRODUCT_NAME\=Yoga\ of\ EatingTests
    export PRODUCT_SETTINGS_PATH\=
    export PRODUCT_SPECIFIC_LDFLAGS\=-Xlinker\ -needed_framework\ -Xlinker\ XCTest\ -framework\ XCTest\ -Xlinker\ -needed-lXCTestSwiftSupport\ -lXCTestSwiftSupport
    export PRODUCT_TYPE\=com.apple.product-type.bundle.unit-test
    export PRODUCT_TYPE_SWIFT_STDLIB_TOOL_FLAGS\=--scan-executable\ \"/Applications/Xcode.app/Contents/Developer/Platforms/iPhoneSimulator.platform/Developer/usr/lib/libXCTestSwiftSupport.dylib\"
    export PROFILING_CODE\=NO
    export PROJECT\=Yoga\ of\ Eating
    export PROJECT_DERIVED_FILE_DIR\=/Users/sunil/Library/Developer/Xcode/DerivedData/Yoga_of_Eating-ducgyjnlphnmtmcobbndvvbfdgcp/Build/Intermediates.noindex/Yoga\ of\ Eating.build/DerivedSources
    export PROJECT_DIR\=/Users/sunil/Downloads/YogaofEating
    export PROJECT_FILE_PATH\=/Users/sunil/Downloads/YogaofEating/Yoga\ of\ Eating.xcodeproj
    export PROJECT_GUID\=6ec78203e59d38cc8c9128f746e6b456
    export PROJECT_NAME\=Yoga\ of\ Eating
    export PROJECT_TEMP_DIR\=/Users/sunil/Library/Developer/Xcode/DerivedData/Yoga_of_Eating-ducgyjnlphnmtmcobbndvvbfdgcp/Build/Intermediates.noindex/Yoga\ of\ Eating.build
    export PROJECT_TEMP_ROOT\=/Users/sunil/Library/Developer/Xcode/DerivedData/Yoga_of_Eating-ducgyjnlphnmtmcobbndvvbfdgcp/Build/Intermediates.noindex
    export PROVISIONING_PROFILE_REQUIRED\=NO
    export PROVISIONING_PROFILE_SUPPORTED\=YES
    export PUBLIC_HEADERS_FOLDER_PATH\=Yoga\ of\ EatingTests.xctest/Headers
    export RECOMMENDED_IPHONEOS_DEPLOYMENT_TARGET\=15.0
    export RECURSIVE_SEARCH_PATHS_FOLLOW_SYMLINKS\=YES
    export REMOVE_CVS_FROM_RESOURCES\=YES
    export REMOVE_GIT_FROM_RESOURCES\=YES
    export REMOVE_HEADERS_FROM_EMBEDDED_BUNDLES\=YES
    export REMOVE_HG_FROM_RESOURCES\=YES
    export REMOVE_STATIC_EXECUTABLES_FROM_EMBEDDED_BUNDLES\=YES
    export REMOVE_SVN_FROM_RESOURCES\=YES
    export RESCHEDULE_INDEPENDENT_HEADERS_PHASES\=YES
    export REZ_COLLECTOR_DIR\=/Users/sunil/Library/Developer/Xcode/DerivedData/Yoga_of_Eating-ducgyjnlphnmtmcobbndvvbfdgcp/Build/Intermediates.noindex/Yoga\ of\ Eating.build/Debug-iphonesimulator/Yoga\ of\ EatingTests.build/ResourceManagerResources
    export REZ_OBJECTS_DIR\=/Users/sunil/Library/Developer/Xcode/DerivedData/Yoga_of_Eating-ducgyjnlphnmtmcobbndvvbfdgcp/Build/Intermediates.noindex/Yoga\ of\ Eating.build/Debug-iphonesimulator/Yoga\ of\ EatingTests.build/ResourceManagerResources/Objects
    export REZ_SEARCH_PATHS\=/Users/sunil/Library/Developer/Xcode/DerivedData/Yoga_of_Eating-ducgyjnlphnmtmcobbndvvbfdgcp/Build/Products/Debug-iphonesimulator\ 
    export RPATH_ORIGIN\=@loader_path
    export RUNTIME_EXCEPTION_ALLOW_DYLD_ENVIRONMENT_VARIABLES\=NO
    export RUNTIME_EXCEPTION_ALLOW_JIT\=NO
    export RUNTIME_EXCEPTION_ALLOW_UNSIGNED_EXECUTABLE_MEMORY\=NO
    export RUNTIME_EXCEPTION_DEBUGGING_TOOL\=NO
    export RUNTIME_EXCEPTION_DISABLE_EXECUTABLE_PAGE_PROTECTION\=NO
    export RUNTIME_EXCEPTION_DISABLE_LIBRARY_VALIDATION\=NO
    export SCANNING_PCM_KEEP_CACHE_DIRECTORY\=YES
    export SCAN_ALL_SOURCE_FILES_FOR_INCLUDES\=NO
    export SCRIPTS_FOLDER_PATH\=Yoga\ of\ EatingTests.xctest/Scripts
    export SCRIPT_INPUT_FILE_COUNT\=0
    export SCRIPT_INPUT_FILE_LIST_COUNT\=0
    export SCRIPT_OUTPUT_FILE_COUNT\=0
    export SCRIPT_OUTPUT_FILE_LIST_COUNT\=0
    export SDKROOT\=/Applications/Xcode.app/Contents/Developer/Platforms/iPhoneSimulator.platform/Developer/SDKs/iPhoneSimulator26.5.sdk
    export SDK_DIR\=/Applications/Xcode.app/Contents/Developer/Platforms/iPhoneSimulator.platform/Developer/SDKs/iPhoneSimulator26.5.sdk
    export SDK_DIR_iphonesimulator\=/Applications/Xcode.app/Contents/Developer/Platforms/iPhoneSimulator.platform/Developer/SDKs/iPhoneSimulator26.5.sdk
    export SDK_DIR_iphonesimulator26_5\=/Applications/Xcode.app/Contents/Developer/Platforms/iPhoneSimulator.platform/Developer/SDKs/iPhoneSimulator26.5.sdk
    export SDK_NAME\=iphonesimulator26.5
    export SDK_NAMES\=iphonesimulator26.5
    export SDK_PRODUCT_BUILD_VERSION\=23F73
    export SDK_STAT_CACHE_DIR\=/Users/sunil/Library/Developer/Xcode/DerivedData
    export SDK_STAT_CACHE_ENABLE\=YES
    export SDK_STAT_CACHE_PATH\=/Users/sunil/Library/Developer/Xcode/DerivedData/SDKStatCaches.noindex/iphonesimulator26.5-23F73-6cfe768891a92b912361537c460fe42b.sdkstatcache
    export SDK_VERSION\=26.5
    export SDK_VERSION_ACTUAL\=260500
    export SDK_VERSION_MAJOR\=260000
    export SDK_VERSION_MINOR\=260500
    export SED\=/usr/bin/sed
    export SEPARATE_STRIP\=NO
    export SEPARATE_SYMBOL_EDIT\=NO
    export SET_DIR_MODE_OWNER_GROUP\=YES
    export SET_FILE_MODE_OWNER_GROUP\=NO
    export SHALLOW_BUNDLE\=YES
    export SHALLOW_BUNDLE_TRIPLE\=ios-simulator
    export SHALLOW_BUNDLE_ios_macabi\=NO
    export SHALLOW_BUNDLE_macos\=NO
    export SHARED_DERIVED_FILE_DIR\=/Users/sunil/Library/Developer/Xcode/DerivedData/Yoga_of_Eating-ducgyjnlphnmtmcobbndvvbfdgcp/Build/Products/Debug-iphonesimulator/DerivedSources
    export SHARED_FRAMEWORKS_FOLDER_PATH\=Yoga\ of\ EatingTests.xctest/SharedFrameworks
    export SHARED_PRECOMPS_DIR\=/Users/sunil/Library/Developer/Xcode/DerivedData/Yoga_of_Eating-ducgyjnlphnmtmcobbndvvbfdgcp/Build/Intermediates.noindex/PrecompiledHeaders
    export SHARED_SUPPORT_FOLDER_PATH\=Yoga\ of\ EatingTests.xctest/SharedSupport
    export SKIP_INSTALL\=YES
    export SKIP_MERGEABLE_LIBRARY_BUNDLE_HOOK\=NO
    export SOURCE_ROOT\=/Users/sunil/Downloads/YogaofEating
    export SRCROOT\=/Users/sunil/Downloads/YogaofEating
    export STRINGSDATA_DIR\=/Users/sunil/Library/Developer/Xcode/DerivedData/Yoga_of_Eating-ducgyjnlphnmtmcobbndvvbfdgcp/Build/Intermediates.noindex/Yoga\ of\ Eating.build/Debug-iphonesimulator/Yoga\ of\ EatingTests.build/Objects-normal/undefined_arch
    export STRINGSDATA_ROOT\=/Users/sunil/Library/Developer/Xcode/DerivedData/Yoga_of_Eating-ducgyjnlphnmtmcobbndvvbfdgcp/Build/Intermediates.noindex/Yoga\ of\ Eating.build/Debug-iphonesimulator/Yoga\ of\ EatingTests.build
    export STRINGS_FILE_INFOPLIST_RENAME\=YES
    export STRINGS_FILE_OUTPUT_ENCODING\=binary
    export STRING_CATALOG_GENERATE_SYMBOLS\=NO
    export STRIP_BITCODE_FROM_COPIED_FILES\=NO
    export STRIP_INSTALLED_PRODUCT\=NO
    export STRIP_STYLE\=non-global
    export STRIP_SWIFT_SYMBOLS\=YES
    export SUPPORTED_DEVICE_FAMILIES\=1,2
    export SUPPORTED_PLATFORMS\=iphoneos\ iphonesimulator\ macosx\ xros\ xrsimulator
    export SUPPORTS_MACCATALYST\=NO
    export SUPPORTS_TEXT_BASED_API\=NO
    export SUPPRESS_WARNINGS\=NO
    export SWIFT_ACTIVE_COMPILATION_CONDITIONS\=DEBUG\ 
    export SWIFT_APPROACHABLE_CONCURRENCY\=YES
    export SWIFT_EMIT_CONST_VALUE_PROTOCOLS\=AnyResolverProviding\ AppEntity\ AppEnum\ AppExtension\ AppIntent\ AppIntentsPackage\ AppShortcutProviding\ AppShortcutsProvider\ AppUnionValue\ AppUnionValueCasesProviding\ DynamicOptionsProvider\ EntityQuery\ ExtensionPointDefining\ IntentValueQuery\ Resolver\ TransientEntity\ _AssistantIntentsProvider\ _GenerativeFunctionExtractable\ _IntentValueRepresentable
    export SWIFT_EMIT_LOC_STRINGS\=NO
    export SWIFT_ENABLE_EXPLICIT_MODULES\=YES
    export SWIFT_OPTIMIZATION_LEVEL\=-Onone
    export SWIFT_PLATFORM_TARGET_PREFIX\=ios
    export SWIFT_RESPONSE_FILE_PATH_normal_arm64\=/Users/sunil/Library/Developer/Xcode/DerivedData/Yoga_of_Eating-ducgyjnlphnmtmcobbndvvbfdgcp/Build/Intermediates.noindex/Yoga\ of\ Eating.build/Debug-iphonesimulator/Yoga\ of\ EatingTests.build/Objects-normal/arm64/Yoga\ of\ EatingTests.SwiftFileList
    export SWIFT_UPCOMING_FEATURE_MEMBER_IMPORT_VISIBILITY\=YES
    export SWIFT_VERSION\=5.0
    export SYMROOT\=/Users/sunil/Library/Developer/Xcode/DerivedData/Yoga_of_Eating-ducgyjnlphnmtmcobbndvvbfdgcp/Build/Products
    export SYSTEM_ADMIN_APPS_DIR\=/Applications/Utilities
    export SYSTEM_APPS_DIR\=/Applications
    export SYSTEM_CORE_SERVICES_DIR\=/System/Library/CoreServices
    export SYSTEM_DEMOS_DIR\=/Applications/Extras
    export SYSTEM_DEVELOPER_APPS_DIR\=/Applications/Xcode.app/Contents/Developer/Applications
    export SYSTEM_DEVELOPER_BIN_DIR\=/Applications/Xcode.app/Contents/Developer/usr/bin
    export SYSTEM_DEVELOPER_DEMOS_DIR\=/Applications/Xcode.app/Contents/Developer/Applications/Utilities/Built\ Examples
    export SYSTEM_DEVELOPER_DIR\=/Applications/Xcode.app/Contents/Developer
    export SYSTEM_DEVELOPER_DOC_DIR\=/Applications/Xcode.app/Contents/Developer/ADC\ Reference\ Library
    export SYSTEM_DEVELOPER_GRAPHICS_TOOLS_DIR\=/Applications/Xcode.app/Contents/Developer/Applications/Graphics\ Tools
    export SYSTEM_DEVELOPER_JAVA_TOOLS_DIR\=/Applications/Xcode.app/Contents/Developer/Applications/Java\ Tools
    export SYSTEM_DEVELOPER_PERFORMANCE_TOOLS_DIR\=/Applications/Xcode.app/Contents/Developer/Applications/Performance\ Tools
    export SYSTEM_DEVELOPER_RELEASENOTES_DIR\=/Applications/Xcode.app/Contents/Developer/ADC\ Reference\ Library/releasenotes
    export SYSTEM_DEVELOPER_TOOLS\=/Applications/Xcode.app/Contents/Developer/Tools
    export SYSTEM_DEVELOPER_TOOLS_DOC_DIR\=/Applications/Xcode.app/Contents/Developer/ADC\ Reference\ Library/documentation/DeveloperTools
    export SYSTEM_DEVELOPER_TOOLS_RELEASENOTES_DIR\=/Applications/Xcode.app/Contents/Developer/ADC\ Reference\ Library/releasenotes/DeveloperTools
    export SYSTEM_DEVELOPER_USR_DIR\=/Applications/Xcode.app/Contents/Developer/usr
    export SYSTEM_DEVELOPER_UTILITIES_DIR\=/Applications/Xcode.app/Contents/Developer/Applications/Utilities
    export SYSTEM_DEXT_INSTALL_PATH\=/System/Library/DriverExtensions
    export SYSTEM_DOCUMENTATION_DIR\=/Library/Documentation
    export SYSTEM_EXTENSIONS_FOLDER_PATH\=Yoga\ of\ EatingTests.xctest/SystemExtensions
    export SYSTEM_EXTENSIONS_FOLDER_PATH_SHALLOW_BUNDLE_NO\=Yoga\ of\ EatingTests.xctest/Library/SystemExtensions
    export SYSTEM_EXTENSIONS_FOLDER_PATH_SHALLOW_BUNDLE_YES\=Yoga\ of\ EatingTests.xctest/SystemExtensions
    export SYSTEM_FRAMEWORK_SEARCH_PATHS\=\ \ /Applications/Xcode.app/Contents/Developer/Platforms/iPhoneSimulator.platform/Developer/Library/Frameworks\ /Applications/Xcode.app/Contents/Developer/Platforms/iPhoneSimulator.platform/Developer/SDKs/iPhoneSimulator26.5.sdk/Developer/Library/Frameworks
    export SYSTEM_KEXT_INSTALL_PATH\=/System/Library/Extensions
    export SYSTEM_LIBRARY_DIR\=/System/Library
    export TAPI_DEMANGLE\=YES
    export TAPI_ENABLE_PROJECT_HEADERS\=NO
    export TAPI_LANGUAGE\=objective-c
    export TAPI_LANGUAGE_STANDARD\=compiler-default
    export TAPI_USE_SRCROOT\=YES
    export TAPI_VERIFY_MODE\=Pedantic
    export TARGETED_DEVICE_FAMILY\=1,2,7
    export TARGETNAME\=Yoga\ of\ EatingTests
    export TARGET_BUILD_DIR\=/Users/sunil/Library/Developer/Xcode/DerivedData/Yoga_of_Eating-ducgyjnlphnmtmcobbndvvbfdgcp/Build/Products/Debug-iphonesimulator/Yoga\ of\ Eating.app/PlugIns
    export TARGET_BUILD_SUBPATH\=/Yoga\ of\ Eating.app/PlugIns
    export TARGET_DEVICE_IDENTIFIER\=0F23C23C-3966-4E21-AA7A-858ADAA4B3DF
    export TARGET_DEVICE_MODEL\=iPhone18,3
    export TARGET_DEVICE_OS_VERSION\=26.4.1
    export TARGET_DEVICE_PLATFORM_NAME\=iphonesimulator
    export TARGET_NAME\=Yoga\ of\ EatingTests
    export TARGET_TEMP_DIR\=/Users/sunil/Library/Developer/Xcode/DerivedData/Yoga_of_Eating-ducgyjnlphnmtmcobbndvvbfdgcp/Build/Intermediates.noindex/Yoga\ of\ Eating.build/Debug-iphonesimulator/Yoga\ of\ EatingTests.build
    export TEMP_DIR\=/Users/sunil/Library/Developer/Xcode/DerivedData/Yoga_of_Eating-ducgyjnlphnmtmcobbndvvbfdgcp/Build/Intermediates.noindex/Yoga\ of\ Eating.build/Debug-iphonesimulator/Yoga\ of\ EatingTests.build
    export TEMP_FILES_DIR\=/Users/sunil/Library/Developer/Xcode/DerivedData/Yoga_of_Eating-ducgyjnlphnmtmcobbndvvbfdgcp/Build/Intermediates.noindex/Yoga\ of\ Eating.build/Debug-iphonesimulator/Yoga\ of\ EatingTests.build
    export TEMP_FILE_DIR\=/Users/sunil/Library/Developer/Xcode/DerivedData/Yoga_of_Eating-ducgyjnlphnmtmcobbndvvbfdgcp/Build/Intermediates.noindex/Yoga\ of\ Eating.build/Debug-iphonesimulator/Yoga\ of\ EatingTests.build
    export TEMP_ROOT\=/Users/sunil/Library/Developer/Xcode/DerivedData/Yoga_of_Eating-ducgyjnlphnmtmcobbndvvbfdgcp/Build/Intermediates.noindex
    export TEMP_SANDBOX_DIR\=/Users/sunil/Library/Developer/Xcode/DerivedData/Yoga_of_Eating-ducgyjnlphnmtmcobbndvvbfdgcp/Build/Intermediates.noindex/TemporaryTaskSandboxes
    export TEST_FRAMEWORK_SEARCH_PATHS\=\ /Applications/Xcode.app/Contents/Developer/Platforms/iPhoneSimulator.platform/Developer/Library/Frameworks\ /Applications/Xcode.app/Contents/Developer/Platforms/iPhoneSimulator.platform/Developer/SDKs/iPhoneSimulator26.5.sdk/Developer/Library/Frameworks
    export TEST_HOST\=/Users/sunil/Library/Developer/Xcode/DerivedData/Yoga_of_Eating-ducgyjnlphnmtmcobbndvvbfdgcp/Build/Products/Debug-iphonesimulator/Yoga\ of\ Eating.app//Yoga\ of\ Eating
    export TEST_LIBRARY_SEARCH_PATHS\=\ /Applications/Xcode.app/Contents/Developer/Platforms/iPhoneSimulator.platform/Developer/usr/lib
    export TOOLCHAINS\=com.apple.dt.toolchain.XcodeDefault
    export TOOLCHAIN_DIR\=/Applications/Xcode.app/Contents/Developer/Toolchains/XcodeDefault.xctoolchain
    export TREAT_MISSING_BASELINES_AS_TEST_FAILURES\=NO
    export TREAT_MISSING_SCRIPT_PHASE_OUTPUTS_AS_ERRORS\=NO
    export TeamIdentifierPrefix\=CCVJR9P725.
    export UID\=501
    export UNINSTALLED_PRODUCTS_DIR\=/Users/sunil/Library/Developer/Xcode/DerivedData/Yoga_of_Eating-ducgyjnlphnmtmcobbndvvbfdgcp/Build/Intermediates.noindex/UninstalledProducts
    export UNLOCALIZED_RESOURCES_FOLDER_PATH\=Yoga\ of\ EatingTests.xctest
    export UNLOCALIZED_RESOURCES_FOLDER_PATH_SHALLOW_BUNDLE_NO\=Yoga\ of\ EatingTests.xctest/Resources
    export UNLOCALIZED_RESOURCES_FOLDER_PATH_SHALLOW_BUNDLE_YES\=Yoga\ of\ EatingTests.xctest
    export UNSTRIPPED_PRODUCT\=NO
    export USER\=sunil
    export USER_APPS_DIR\=/Users/sunil/Applications
    export USER_LIBRARY_DIR\=/Users/sunil/Library
    export USE_DYNAMIC_NO_PIC\=YES
    export USE_HEADERMAP\=YES
    export USE_HEADER_SYMLINKS\=NO
    export VALIDATE_DEVELOPMENT_ASSET_PATHS\=YES_ERROR
    export VALIDATE_PRODUCT\=NO
    export VALID_ARCHS\=arm64\ x86_64
    export VERBOSE_PBXCP\=NO
    export VERSIONPLIST_PATH\=Yoga\ of\ EatingTests.xctest/version.plist
    export VERSION_INFO_BUILDER\=sunil
    export VERSION_INFO_FILE\=Yoga\ of\ EatingTests_vers.c
    export VERSION_INFO_STRING\=\"@\(\#\)PROGRAM:Yoga\ of\ EatingTests\ \ PROJECT:Yoga\ of\ Eating-1\"
    export WORKSPACE_DIR\=/Users/sunil/Downloads/YogaofEating/Yoga\ of\ Eating.xcodeproj
    export WRAPPER_EXTENSION\=xctest
    export WRAPPER_NAME\=Yoga\ of\ EatingTests.xctest
    export WRAPPER_SUFFIX\=.xctest
    export WRAP_ASSET_PACKS_IN_SEPARATE_DIRECTORIES\=NO
    export XCODE_APP_SUPPORT_DIR\=/Applications/Xcode.app/Contents/Developer/Library/Xcode
    export XCODE_PRODUCT_BUILD_VERSION\=17F42
    export XCODE_VERSION_ACTUAL\=2650
    export XCODE_VERSION_MAJOR\=2600
    export XCODE_VERSION_MINOR\=2650
    export XPCSERVICES_FOLDER_PATH\=Yoga\ of\ EatingTests.xctest/XPCServices
    export YACC\=yacc
    export _BUILDABLE_SERIALIZATION_KEY\=test-bundle-with-host:\ Path\(_str:\ \"/Users/sunil/Library/Developer/Xcode/DerivedData/Yoga_of_Eating-ducgyjnlphnmtmcobbndvvbfdgcp/Build/Products/Debug-iphonesimulator/Yoga\ of\ Eating.app//Yoga\ of\ Eating\"\)
    export _DISCOVER_COMMAND_LINE_LINKER_INPUTS\=YES
    export _DISCOVER_COMMAND_LINE_LINKER_INPUTS_INCLUDE_WL\=YES
    export _LD_MULTIARCH\=YES
    export _WRAPPER_CONTENTS_DIR_SHALLOW_BUNDLE_NO\=/Contents
    export _WRAPPER_PARENT_PATH_SHALLOW_BUNDLE_NO\=/..
    export _WRAPPER_RESOURCES_DIR_SHALLOW_BUNDLE_NO\=/Resources
    export __DIAGNOSE_DEPRECATED_ARCHS\=YES
    export __ORIGINAL_SDK_DEFINED_LLVM_TARGET_TRIPLE_SYS\=ios
    export arch\=undefined_arch
    export variant\=normal
    /bin/sh -c /Users/sunil/Library/Developer/Xcode/DerivedData/Yoga_of_Eating-ducgyjnlphnmtmcobbndvvbfdgcp/Build/Intermediates.noindex/Yoga\\\ of\\\ Eating.build/Debug-iphonesimulator/Yoga\\\ of\\\ EatingTests.build/Script-2E14653B40B3CCB95435C7E0.sh
Linting Swift files at paths /Users/sunil/Downloads/YogaofEating/
Linting 'HighlightView.swift' (1/4)
Linting 'YogaOfEatingApp.swift' (2/4)
Linting 'ReflectView.swift' (3/4)
Linting 'RootTabView.swift' (4/4)
Done linting! Found 0 violations, 0 serious in 4 files.

CopySwiftLibs /Users/sunil/Library/Developer/Xcode/DerivedData/Yoga_of_Eating-ducgyjnlphnmtmcobbndvvbfdgcp/Build/Products/Debug-iphonesimulator/Yoga\ of\ Eating.app/PlugIns/Yoga\ of\ EatingTests.xctest (in target 'Yoga of EatingTests' from project 'Yoga of Eating')
    cd /Users/sunil/Downloads/YogaofEating
    builtin-swiftStdLibTool --copy --verbose --sign - --scan-executable /Users/sunil/Library/Developer/Xcode/DerivedData/Yoga_of_Eating-ducgyjnlphnmtmcobbndvvbfdgcp/Build/Products/Debug-iphonesimulator/Yoga\ of\ Eating.app/PlugIns/Yoga\ of\ EatingTests.xctest/Yoga\ of\ EatingTests --scan-folder /Users/sunil/Library/Developer/Xcode/DerivedData/Yoga_of_Eating-ducgyjnlphnmtmcobbndvvbfdgcp/Build/Products/Debug-iphonesimulator/Yoga\ of\ Eating.app/PlugIns/Yoga\ of\ EatingTests.xctest/Frameworks --scan-folder /Users/sunil/Library/Developer/Xcode/DerivedData/Yoga_of_Eating-ducgyjnlphnmtmcobbndvvbfdgcp/Build/Products/Debug-iphonesimulator/Yoga\ of\ Eating.app/PlugIns/Yoga\ of\ EatingTests.xctest/PlugIns --scan-folder /Users/sunil/Library/Developer/Xcode/DerivedData/Yoga_of_Eating-ducgyjnlphnmtmcobbndvvbfdgcp/Build/Products/Debug-iphonesimulator/Yoga\ of\ Eating.app/PlugIns/Yoga\ of\ EatingTests.xctest/SystemExtensions --scan-folder /Users/sunil/Library/Developer/Xcode/DerivedData/Yoga_of_Eating-ducgyjnlphnmtmcobbndvvbfdgcp/Build/Products/Debug-iphonesimulator/Yoga\ of\ Eating.app/PlugIns/Yoga\ of\ EatingTests.xctest/Extensions --platform iphonesimulator --toolchain /Applications/Xcode.app/Contents/Developer/Toolchains/XcodeDefault.xctoolchain --destination /Users/sunil/Library/Developer/Xcode/DerivedData/Yoga_of_Eating-ducgyjnlphnmtmcobbndvvbfdgcp/Build/Products/Debug-iphonesimulator/Yoga\ of\ Eating.app/PlugIns/Yoga\ of\ EatingTests.xctest/Frameworks --strip-bitcode --scan-executable /Applications/Xcode.app/Contents/Developer/Platforms/iPhoneSimulator.platform/Developer/usr/lib/libXCTestSwiftSupport.dylib --strip-bitcode-tool /Applications/Xcode.app/Contents/Developer/Toolchains/XcodeDefault.xctoolchain/usr/bin/bitcode_strip --emit-dependency-info /Users/sunil/Library/Developer/Xcode/DerivedData/Yoga_of_Eating-ducgyjnlphnmtmcobbndvvbfdgcp/Build/Intermediates.noindex/Yoga\ of\ Eating.build/Debug-iphonesimulator/Yoga\ of\ EatingTests.build/SwiftStdLibToolInputDependencies.dep --filter-for-swift-os

note: Run script build phase 'SwiftLint' will be run during every build because the option to run the script phase "Based on dependency analysis" is unchecked. (in target 'Yoga of EatingUITests' from project 'Yoga of Eating')
note: Run script build phase 'SwiftFormat' will be run during every build because the option to run the script phase "Based on dependency analysis" is unchecked. (in target 'Yoga of EatingUITests' from project 'Yoga of Eating')
PhaseScriptExecution SwiftFormat /Users/sunil/Library/Developer/Xcode/DerivedData/Yoga_of_Eating-ducgyjnlphnmtmcobbndvvbfdgcp/Build/Intermediates.noindex/Yoga\ of\ Eating.build/Debug-iphonesimulator/Yoga\ of\ EatingUITests.build/Script-838323E1A1509BFF74CB23C2.sh (in target 'Yoga of EatingUITests' from project 'Yoga of Eating')
    cd /Users/sunil/Downloads/YogaofEating
    export ACTION\=build
    export AD_HOC_CODE_SIGNING_ALLOWED\=YES
    export ALLOW_BUILD_REQUEST_OVERRIDES\=NO
    export ALLOW_TARGET_PLATFORM_SPECIALIZATION\=NO
    export ALTERNATE_GROUP\=staff
    export ALTERNATE_MODE\=u+w,go-w,a+rX
    export ALTERNATE_OWNER\=sunil
    export ALTERNATIVE_DISTRIBUTION_WEB\=NO
    export ALWAYS_EMBED_SWIFT_STANDARD_LIBRARIES\=NO
    export ALWAYS_SEARCH_USER_PATHS\=NO
    export ALWAYS_USE_SEPARATE_HEADERMAPS\=NO
    export APPLICATION_EXTENSION_API_ONLY\=NO
    export APPLY_RULES_IN_COPY_FILES\=NO
    export APPLY_RULES_IN_COPY_HEADERS\=NO
    export APP_SHORTCUTS_ENABLE_FLEXIBLE_MATCHING\=YES
    export ARCHS\=arm64
    export ARCHS_BASE\=arm64
    export ARCHS_STANDARD\=arm64\ x86_64
    export ARCHS_STANDARD_32_64_BIT\=arm64\ x86_64
    export ARCHS_STANDARD_64_BIT\=arm64\ x86_64
    export ARCHS_STANDARD_INCLUDING_64_BIT\=arm64\ x86_64
    export ARCHS_UNIVERSAL_IPHONE_OS\=arm64\ x86_64
    export ASSETCATALOG_COMPILER_GENERATE_SWIFT_ASSET_SYMBOL_EXTENSIONS\=YES
    export ASSETCATALOG_FILTER_FOR_DEVICE_MODEL\=iPhone18,3
    export ASSETCATALOG_FILTER_FOR_DEVICE_OS_VERSION\=26.4.1
    export ASSETCATALOG_FILTER_FOR_THINNING_DEVICE_CONFIGURATION\=iPhone18,3
    export AUTOMATICALLY_MERGE_DEPENDENCIES\=NO
    export AUTOMATION_APPLE_EVENTS\=NO
    export AVAILABLE_PLATFORMS\=android\ appletvos\ appletvsimulator\ driverkit\ freebsd\ iphoneos\ iphonesimulator\ linux\ macosx\ none\ openbsd\ qnx\ watchos\ watchsimulator\ webassembly\ xros\ xrsimulator
    export AppIdentifierPrefix\=CCVJR9P725.
    export BUILD_ACTIVE_RESOURCES_ONLY\=YES
    export BUILD_COMPONENTS\=headers\ build
    export BUILD_DIR\=/Users/sunil/Library/Developer/Xcode/DerivedData/Yoga_of_Eating-ducgyjnlphnmtmcobbndvvbfdgcp/Build/Products
    export BUILD_LIBRARY_FOR_DISTRIBUTION\=NO
    export BUILD_ONLY_KNOWN_LOCALIZATIONS\=NO
    export BUILD_ROOT\=/Users/sunil/Library/Developer/Xcode/DerivedData/Yoga_of_Eating-ducgyjnlphnmtmcobbndvvbfdgcp/Build/Products
    export BUILD_STYLE\=
    export BUILD_VARIANTS\=normal
    export BUILT_PRODUCTS_DIR\=/Users/sunil/Library/Developer/Xcode/DerivedData/Yoga_of_Eating-ducgyjnlphnmtmcobbndvvbfdgcp/Build/Products/Debug-iphonesimulator
    export BUNDLE_CONTENTS_FOLDER_PATH_deep\=Contents/
    export BUNDLE_EXECUTABLE_FOLDER_NAME_deep\=MacOS
    export BUNDLE_EXTENSIONS_FOLDER_PATH\=Extensions
    export BUNDLE_FORMAT\=shallow
    export BUNDLE_FRAMEWORKS_FOLDER_PATH\=Frameworks
    export BUNDLE_PLUGINS_FOLDER_PATH\=PlugIns
    export BUNDLE_PRIVATE_HEADERS_FOLDER_PATH\=PrivateHeaders
    export BUNDLE_PUBLIC_HEADERS_FOLDER_PATH\=Headers
    export CACHE_ROOT\=/var/folders/r_/6rd80_t54ddghk_cnysh9t7w0000gn/C/com.apple.DeveloperTools/26.5-17F42/Xcode
    export CCHROOT\=/var/folders/r_/6rd80_t54ddghk_cnysh9t7w0000gn/C/com.apple.DeveloperTools/26.5-17F42/Xcode
    export CHMOD\=/bin/chmod
    export CHOWN\=chown
    export CLANG_ANALYZER_NONNULL\=YES
    export CLANG_ANALYZER_NUMBER_OBJECT_CONVERSION\=YES_AGGRESSIVE
    export CLANG_CACHE_FINE_GRAINED_OUTPUTS\=YES
    export CLANG_COVERAGE_MAPPING\=YES
    export CLANG_CXX_LANGUAGE_STANDARD\=gnu++20
    export CLANG_ENABLE_EXPLICIT_MODULES\=YES
    export CLANG_ENABLE_MODULES\=YES
    export CLANG_ENABLE_OBJC_ARC\=YES
    export CLANG_ENABLE_OBJC_WEAK\=YES
    export CLANG_MODULES_BUILD_SESSION_FILE\=/Users/sunil/Library/Developer/Xcode/DerivedData/ModuleCache.noindex/Session.modulevalidation
    export CLANG_PROFILE_DATA_DIRECTORY\=/Users/sunil/Library/Developer/Xcode/DerivedData/Yoga_of_Eating-ducgyjnlphnmtmcobbndvvbfdgcp/Build/ProfileData
    export CLANG_WARN_BLOCK_CAPTURE_AUTORELEASING\=YES
    export CLANG_WARN_BOOL_CONVERSION\=YES
    export CLANG_WARN_COMMA\=YES
    export CLANG_WARN_CONSTANT_CONVERSION\=YES
    export CLANG_WARN_DEPRECATED_OBJC_IMPLEMENTATIONS\=YES
    export CLANG_WARN_DIRECT_OBJC_ISA_USAGE\=YES_ERROR
    export CLANG_WARN_DOCUMENTATION_COMMENTS\=YES
    export CLANG_WARN_EMPTY_BODY\=YES
    export CLANG_WARN_ENUM_CONVERSION\=YES
    export CLANG_WARN_INFINITE_RECURSION\=YES
    export CLANG_WARN_INT_CONVERSION\=YES
    export CLANG_WARN_NON_LITERAL_NULL_CONVERSION\=YES
    export CLANG_WARN_OBJC_IMPLICIT_RETAIN_SELF\=YES
    export CLANG_WARN_OBJC_LITERAL_CONVERSION\=YES
    export CLANG_WARN_OBJC_ROOT_CLASS\=YES_ERROR
    export CLANG_WARN_QUOTED_INCLUDE_IN_FRAMEWORK_HEADER\=YES
    export CLANG_WARN_RANGE_LOOP_ANALYSIS\=YES
    export CLANG_WARN_STRICT_PROTOTYPES\=YES
    export CLANG_WARN_SUSPICIOUS_MOVE\=YES
    export CLANG_WARN_UNGUARDED_AVAILABILITY\=YES_AGGRESSIVE
    export CLANG_WARN_UNREACHABLE_CODE\=YES
    export CLANG_WARN__DUPLICATE_METHOD_MATCH\=YES
    export CLASS_FILE_DIR\=/Users/sunil/Library/Developer/Xcode/DerivedData/Yoga_of_Eating-ducgyjnlphnmtmcobbndvvbfdgcp/Build/Intermediates.noindex/Yoga\ of\ Eating.build/Debug-iphonesimulator/Yoga\ of\ EatingUITests.build/JavaClasses
    export CLEAN_PRECOMPS\=YES
    export CLONE_HEADERS\=NO
    export CODESIGNING_FOLDER_PATH\=/Users/sunil/Library/Developer/Xcode/DerivedData/Yoga_of_Eating-ducgyjnlphnmtmcobbndvvbfdgcp/Build/Products/Debug-iphonesimulator/Yoga\ of\ EatingUITests-Runner.app/PlugIns/Yoga\ of\ EatingUITests.xctest
    export CODE_SIGNING_ALLOWED\=YES
    export CODE_SIGNING_REQUIRED\=YES
    export CODE_SIGN_CONTEXT_CLASS\=XCiPhoneSimulatorCodeSignContext
    export CODE_SIGN_IDENTITY\=-
    export CODE_SIGN_INJECT_BASE_ENTITLEMENTS\=YES
    export CODE_SIGN_STYLE\=Automatic
    export COLOR_DIAGNOSTICS\=NO
    export COMBINE_HIDPI_IMAGES\=NO
    export COMPILATION_CACHE_CAS_PATH\=/Users/sunil/Library/Developer/Xcode/DerivedData/CompilationCache.noindex
    export COMPILATION_CACHE_KEEP_CAS_DIRECTORY\=YES
    export COMPILER_INDEX_STORE_ENABLE\=Default
    export COMPOSITE_SDK_DIRS\=/Users/sunil/Library/Developer/Xcode/DerivedData/Yoga_of_Eating-ducgyjnlphnmtmcobbndvvbfdgcp/Build/Intermediates.noindex/CompositeSDKs
    export COMPRESS_PNG_FILES\=YES
    export CONFIGURATION\=Debug
    export CONFIGURATION_BUILD_DIR\=/Users/sunil/Library/Developer/Xcode/DerivedData/Yoga_of_Eating-ducgyjnlphnmtmcobbndvvbfdgcp/Build/Products/Debug-iphonesimulator
    export CONFIGURATION_TEMP_DIR\=/Users/sunil/Library/Developer/Xcode/DerivedData/Yoga_of_Eating-ducgyjnlphnmtmcobbndvvbfdgcp/Build/Intermediates.noindex/Yoga\ of\ Eating.build/Debug-iphonesimulator
    export CONTENTS_FOLDER_PATH\=Yoga\ of\ EatingUITests.xctest
    export CONTENTS_FOLDER_PATH_SHALLOW_BUNDLE_NO\=Yoga\ of\ EatingUITests.xctest/Contents
    export CONTENTS_FOLDER_PATH_SHALLOW_BUNDLE_YES\=Yoga\ of\ EatingUITests.xctest
    export COPYING_PRESERVES_HFS_DATA\=NO
    export COPY_HEADERS_RUN_UNIFDEF\=NO
    export COPY_PHASE_STRIP\=NO
    export CORRESPONDING_DEVICE_PLATFORM_DIR\=/Applications/Xcode.app/Contents/Developer/Platforms/iPhoneOS.platform
    export CORRESPONDING_DEVICE_PLATFORM_NAME\=iphoneos
    export CORRESPONDING_DEVICE_SDK_DIR\=/Applications/Xcode.app/Contents/Developer/Platforms/iPhoneOS.platform/Developer/SDKs/iPhoneOS26.5.sdk
    export CORRESPONDING_DEVICE_SDK_NAME\=iphoneos26.5
    export CP\=/bin/cp
    export CREATE_INFOPLIST_SECTION_IN_BINARY\=NO
    export CURRENT_ARCH\=undefined_arch
    export CURRENT_PROJECT_VERSION\=1
    export CURRENT_VARIANT\=normal
    export DEAD_CODE_STRIPPING\=YES
    export DEBUGGING_SYMBOLS\=YES
    export DEBUG_INFORMATION_FORMAT\=dwarf
    export DEBUG_INFORMATION_VERSION\=compiler-default
    export DEFAULT_COMPILER\=com.apple.compilers.llvm.clang.1_0
    export DEFAULT_DEXT_INSTALL_PATH\=/System/Library/DriverExtensions
    export DEFAULT_KEXT_INSTALL_PATH\=/System/Library/Extensions
    export DEFINES_MODULE\=NO
    export DEPLOYMENT_LOCATION\=NO
    export DEPLOYMENT_POSTPROCESSING\=NO
    export DEPLOYMENT_TARGET_SETTING_NAME\=IPHONEOS_DEPLOYMENT_TARGET
    export DEPLOYMENT_TARGET_SUGGESTED_VALUES\=12.0\ 12.1\ 12.2\ 12.3\ 12.4\ 13.0\ 13.1\ 13.2\ 13.3\ 13.4\ 13.5\ 13.6\ 14.0\ 14.1\ 14.2\ 14.3\ 14.4\ 14.5\ 14.6\ 14.7\ 15.0\ 15.1\ 15.2\ 15.3\ 15.4\ 15.5\ 15.6\ 16.0\ 16.1\ 16.2\ 16.3\ 16.4\ 16.5\ 16.6\ 17.0\ 17.1\ 17.2\ 17.3\ 17.4\ 17.5\ 17.6\ 18.0\ 18.1\ 18.2\ 18.3\ 18.4\ 18.5\ 18.6\ 26.0\ 26.2\ 26.3\ 26.4\ 26.5
    export DERIVED_FILES_DIR\=/Users/sunil/Library/Developer/Xcode/DerivedData/Yoga_of_Eating-ducgyjnlphnmtmcobbndvvbfdgcp/Build/Intermediates.noindex/Yoga\ of\ Eating.build/Debug-iphonesimulator/Yoga\ of\ EatingUITests.build/DerivedSources
    export DERIVED_FILE_DIR\=/Users/sunil/Library/Developer/Xcode/DerivedData/Yoga_of_Eating-ducgyjnlphnmtmcobbndvvbfdgcp/Build/Intermediates.noindex/Yoga\ of\ Eating.build/Debug-iphonesimulator/Yoga\ of\ EatingUITests.build/DerivedSources
    export DERIVED_SOURCES_DIR\=/Users/sunil/Library/Developer/Xcode/DerivedData/Yoga_of_Eating-ducgyjnlphnmtmcobbndvvbfdgcp/Build/Intermediates.noindex/Yoga\ of\ Eating.build/Debug-iphonesimulator/Yoga\ of\ EatingUITests.build/DerivedSources
    export DEVELOPER_APPLICATIONS_DIR\=/Applications/Xcode.app/Contents/Developer/Applications
    export DEVELOPER_BIN_DIR\=/Applications/Xcode.app/Contents/Developer/usr/bin
    export DEVELOPER_DIR\=/Applications/Xcode.app/Contents/Developer
    export DEVELOPER_FRAMEWORKS_DIR\=/Applications/Xcode.app/Contents/Developer/Library/Frameworks
    export DEVELOPER_FRAMEWORKS_DIR_QUOTED\=/Applications/Xcode.app/Contents/Developer/Library/Frameworks
    export DEVELOPER_LIBRARY_DIR\=/Applications/Xcode.app/Contents/Developer/Library
    export DEVELOPER_SDK_DIR\=/Applications/Xcode.app/Contents/Developer/Platforms/MacOSX.platform/Developer/SDKs
    export DEVELOPER_TOOLS_DIR\=/Applications/Xcode.app/Contents/Developer/Tools
    export DEVELOPER_USR_DIR\=/Applications/Xcode.app/Contents/Developer/usr
    export DEVELOPMENT_LANGUAGE\=en
    export DEVELOPMENT_TEAM\=CCVJR9P725
    export DIAGNOSE_MISSING_TARGET_DEPENDENCIES\=YES
    export DIFF\=/usr/bin/diff
    export DOCUMENTATION_FOLDER_PATH\=Yoga\ of\ EatingUITests.xctest/en.lproj/Documentation
    export DONT_GENERATE_INFOPLIST_FILE\=NO
    export DSTROOT\=/tmp/Yoga\ of\ Eating.dst
    export DT_TOOLCHAIN_DIR\=/Applications/Xcode.app/Contents/Developer/Toolchains/XcodeDefault.xctoolchain
    export DUMP_DEPENDENCIES\=NO
    export DUMP_DEPENDENCIES_OUTPUT_PATH\=/Users/sunil/Library/Developer/Xcode/DerivedData/Yoga_of_Eating-ducgyjnlphnmtmcobbndvvbfdgcp/Build/Intermediates.noindex/Yoga\ of\ Eating.build/Debug-iphonesimulator/Yoga\ of\ EatingUITests.build/Yoga\ of\ EatingUITests-BuildDependencyInfo.json
    export DWARF_DSYM_FILE_NAME\=Yoga\ of\ EatingUITests.xctest.dSYM
    export DWARF_DSYM_FILE_SHOULD_ACCOMPANY_PRODUCT\=NO
    export DWARF_DSYM_FOLDER_PATH\=/Users/sunil/Library/Developer/Xcode/DerivedData/Yoga_of_Eating-ducgyjnlphnmtmcobbndvvbfdgcp/Build/Products/Debug-iphonesimulator/Yoga\ of\ EatingUITests-Runner.app/PlugIns
    export DYNAMIC_LIBRARY_EXTENSION\=dylib
    export EAGER_COMPILATION_ALLOW_SCRIPTS\=NO
    export EAGER_LINKING\=NO
    export EFFECTIVE_PLATFORM_NAME\=-iphonesimulator
    export EFFECTIVE_SWIFT_VERSION\=5
    export EMBEDDED_CONTENT_CONTAINS_SWIFT\=NO
    export EMBED_ASSET_PACKS_IN_PRODUCT_BUNDLE\=NO
    export ENABLE_APP_SANDBOX\=NO
    export ENABLE_CODE_COVERAGE\=YES
    export ENABLE_COHORT_ARCHS\=NO
    export ENABLE_CPLUSPLUS_BOUNDS_SAFE_BUFFERS\=NO
    export ENABLE_C_BOUNDS_SAFETY\=NO
    export ENABLE_DEFAULT_HEADER_SEARCH_PATHS\=YES
    export ENABLE_DEFAULT_SEARCH_PATHS\=YES
    export ENABLE_ENHANCED_SECURITY\=NO
    export ENABLE_HARDENED_RUNTIME\=NO
    export ENABLE_HEADER_DEPENDENCIES\=YES
    export ENABLE_INCOMING_NETWORK_CONNECTIONS\=NO
    export ENABLE_ON_DEMAND_RESOURCES\=NO
    export ENABLE_OUTGOING_NETWORK_CONNECTIONS\=NO
    export ENABLE_POINTER_AUTHENTICATION\=NO
    export ENABLE_PREVIEWS\=NO
    export ENABLE_RESOURCE_ACCESS_AUDIO_INPUT\=NO
    export ENABLE_RESOURCE_ACCESS_BLUETOOTH\=NO
    export ENABLE_RESOURCE_ACCESS_CALENDARS\=NO
    export ENABLE_RESOURCE_ACCESS_CAMERA\=NO
    export ENABLE_RESOURCE_ACCESS_CONTACTS\=NO
    export ENABLE_RESOURCE_ACCESS_LOCATION\=NO
    export ENABLE_RESOURCE_ACCESS_PHOTO_LIBRARY\=NO
    export ENABLE_RESOURCE_ACCESS_PRINTING\=NO
    export ENABLE_RESOURCE_ACCESS_USB\=NO
    export ENABLE_SDK_IMPORTS\=NO
    export ENABLE_SECURITY_COMPILER_WARNINGS\=NO
    export ENABLE_STRICT_OBJC_MSGSEND\=YES
    export ENABLE_TESTABILITY\=YES
    export ENABLE_TESTING_SEARCH_PATHS\=YES
    export ENABLE_USER_SCRIPT_SANDBOXING\=NO
    export ENABLE_XOJIT_PREVIEWS\=YES
    export ENFORCE_VALID_ARCHS\=YES
    export ENTITLEMENTS_DESTINATION\=__entitlements
    export ENTITLEMENTS_REQUIRED\=YES
    export EXCLUDED_INSTALLSRC_SUBDIRECTORY_PATTERNS\=.DS_Store\ .svn\ .git\ .hg\ CVS
    export EXCLUDED_RECURSIVE_SEARCH_PATH_SUBDIRECTORIES\=\*.nib\ \*.lproj\ \*.framework\ \*.gch\ \*.xcode\*\ \*.xcassets\ \*.icon\ \(\*\)\ .DS_Store\ CVS\ .svn\ .git\ .hg\ \*.pbproj\ \*.pbxproj
    export EXECUTABLES_FOLDER_PATH\=Yoga\ of\ EatingUITests.xctest/Executables
    export EXECUTABLE_FOLDER_PATH\=Yoga\ of\ EatingUITests.xctest
    export EXECUTABLE_FOLDER_PATH_SHALLOW_BUNDLE_NO\=Yoga\ of\ EatingUITests.xctest/MacOS
    export EXECUTABLE_FOLDER_PATH_SHALLOW_BUNDLE_YES\=Yoga\ of\ EatingUITests.xctest
    export EXECUTABLE_NAME\=Yoga\ of\ EatingUITests
    export EXECUTABLE_PATH\=Yoga\ of\ EatingUITests.xctest/Yoga\ of\ EatingUITests
    export EXPANDED_CODE_SIGN_IDENTITY\=-
    export EXPANDED_CODE_SIGN_IDENTITY_NAME\=Sign\ to\ Run\ Locally
    export EXTENSIONS_FOLDER_PATH\=Yoga\ of\ EatingUITests.xctest/Extensions
    export FILE_LIST\=/Users/sunil/Library/Developer/Xcode/DerivedData/Yoga_of_Eating-ducgyjnlphnmtmcobbndvvbfdgcp/Build/Intermediates.noindex/Yoga\ of\ Eating.build/Debug-iphonesimulator/Yoga\ of\ EatingUITests.build/Objects/LinkFileList
    export FIXED_FILES_DIR\=/Users/sunil/Library/Developer/Xcode/DerivedData/Yoga_of_Eating-ducgyjnlphnmtmcobbndvvbfdgcp/Build/Intermediates.noindex/Yoga\ of\ Eating.build/Debug-iphonesimulator/Yoga\ of\ EatingUITests.build/FixedFiles
    export FRAMEWORKS_FOLDER_PATH\=Yoga\ of\ EatingUITests.xctest/Frameworks
    export FRAMEWORK_FLAG_PREFIX\=-framework
    export FRAMEWORK_SEARCH_PATHS\=/Users/sunil/Library/Developer/Xcode/DerivedData/Yoga_of_Eating-ducgyjnlphnmtmcobbndvvbfdgcp/Build/Products/Debug-iphonesimulator\ 
    export FRAMEWORK_VERSION\=A
    export FULL_PRODUCT_NAME\=Yoga\ of\ EatingUITests.xctest
    export FUSE_BUILD_PHASES\=YES
    export FUSE_BUILD_SCRIPT_PHASES\=NO
    export GCC3_VERSION\=3.3
    export GCC_C_LANGUAGE_STANDARD\=gnu17
    export GCC_DYNAMIC_NO_PIC\=NO
    export GCC_INLINES_ARE_PRIVATE_EXTERN\=YES
    export GCC_NO_COMMON_BLOCKS\=YES
    export GCC_OBJC_LEGACY_DISPATCH\=YES
    export GCC_OPTIMIZATION_LEVEL\=0
    export GCC_PFE_FILE_C_DIALECTS\=c\ objective-c\ c++\ objective-c++
    export GCC_PREPROCESSOR_DEFINITIONS\=DEBUG\=1\ 
    export GCC_TREAT_WARNINGS_AS_ERRORS\=NO
    export GCC_VERSION\=com.apple.compilers.llvm.clang.1_0
    export GCC_VERSION_IDENTIFIER\=com_apple_compilers_llvm_clang_1_0
    export GCC_WARN_64_TO_32_BIT_CONVERSION\=YES
    export GCC_WARN_ABOUT_RETURN_TYPE\=YES_ERROR
    export GCC_WARN_UNDECLARED_SELECTOR\=YES
    export GCC_WARN_UNINITIALIZED_AUTOS\=YES_AGGRESSIVE
    export GCC_WARN_UNUSED_FUNCTION\=YES
    export GCC_WARN_UNUSED_VARIABLE\=YES
    export GENERATED_MODULEMAP_DIR\=/Users/sunil/Library/Developer/Xcode/DerivedData/Yoga_of_Eating-ducgyjnlphnmtmcobbndvvbfdgcp/Build/Intermediates.noindex/GeneratedModuleMaps-iphonesimulator
    export GENERATED_TEST_ENTRY_POINT_PATH\=/Users/sunil/Library/Developer/Xcode/DerivedData/Yoga_of_Eating-ducgyjnlphnmtmcobbndvvbfdgcp/Build/Intermediates.noindex/Yoga\ of\ Eating.build/Debug-iphonesimulator/Yoga\ of\ EatingUITests.build/DerivedSources/test_entry_point.swift
    export GENERATE_INFOPLIST_FILE\=YES
    export GENERATE_INTERMEDIATE_TEXT_BASED_STUBS\=YES
    export GENERATE_PKGINFO_FILE\=NO
    export GENERATE_PRELINK_OBJECT_FILE\=NO
    export GENERATE_PROFILING_CODE\=NO
    export GENERATE_TEXT_BASED_STUBS\=NO
    export GID\=20
    export GROUP\=staff
    export HEADERMAP_INCLUDES_FLAT_ENTRIES_FOR_TARGET_BEING_BUILT\=YES
    export HEADERMAP_INCLUDES_FRAMEWORK_ENTRIES_FOR_ALL_PRODUCT_TYPES\=YES
    export HEADERMAP_INCLUDES_FRAMEWORK_ENTRIES_FOR_TARGETS_NOT_BEING_BUILT\=YES
    export HEADERMAP_INCLUDES_NONPUBLIC_NONPRIVATE_HEADERS\=YES
    export HEADERMAP_INCLUDES_PROJECT_HEADERS\=YES
    export HEADERMAP_USES_FRAMEWORK_PREFIX_ENTRIES\=YES
    export HEADERMAP_USES_VFS\=NO
    export HEADER_SEARCH_PATHS\=/Users/sunil/Library/Developer/Xcode/DerivedData/Yoga_of_Eating-ducgyjnlphnmtmcobbndvvbfdgcp/Build/Products/Debug-iphonesimulator/include\ 
    export HOME\=/Users/sunil
    export HOST_ARCH\=arm64
    export HOST_PLATFORM\=macosx
    export ICONV\=/usr/bin/iconv
    export IMPLICIT_DEPENDENCY_DOMAIN\=default
    export INDEX_STORE_COMPRESS\=NO
    export INDEX_STORE_ONLY_PROJECT_FILES\=NO
    export INFOPLIST_ENABLE_CFBUNDLEICONS_MERGE\=YES
    export INFOPLIST_EXPAND_BUILD_SETTINGS\=YES
    export INFOPLIST_OUTPUT_FORMAT\=binary
    export INFOPLIST_PATH\=Yoga\ of\ EatingUITests.xctest/Info.plist
    export INFOPLIST_PREPROCESS\=NO
    export INFOSTRINGS_PATH\=Yoga\ of\ EatingUITests.xctest/en.lproj/InfoPlist.strings
    export INLINE_PRIVATE_FRAMEWORKS\=NO
    export INSTALLAPI_IGNORE_SKIP_INSTALL\=YES
    export INSTALLHDRS_COPY_PHASE\=NO
    export INSTALLHDRS_SCRIPT_PHASE\=NO
    export INSTALL_DIR\=/tmp/Yoga\ of\ Eating.dst
    export INSTALL_GROUP\=staff
    export INSTALL_MODE_FLAG\=u+w,go-w,a+rX
    export INSTALL_OWNER\=sunil
    export INSTALL_ROOT\=/tmp/Yoga\ of\ Eating.dst
    export IPHONEOS_DEPLOYMENT_TARGET\=26.2
    export IS_UNOPTIMIZED_BUILD\=YES
    export JAVAC_DEFAULT_FLAGS\=-J-Xms64m\ -J-XX:NewSize\=4M\ -J-Dfile.encoding\=UTF8
    export JAVA_APP_STUB\=/System/Library/Frameworks/JavaVM.framework/Resources/MacOS/JavaApplicationStub
    export JAVA_ARCHIVE_CLASSES\=YES
    export JAVA_ARCHIVE_TYPE\=JAR
    export JAVA_COMPILER\=/usr/bin/javac
    export JAVA_FOLDER_PATH\=Yoga\ of\ EatingUITests.xctest/Java
    export JAVA_FRAMEWORK_RESOURCES_DIRS\=Resources
    export JAVA_JAR_FLAGS\=cv
    export JAVA_SOURCE_SUBDIR\=.
    export JAVA_USE_DEPENDENCIES\=YES
    export JAVA_ZIP_FLAGS\=-urg
    export JIKES_DEFAULT_FLAGS\=+E\ +OLDCSO
    export KEEP_PRIVATE_EXTERNS\=NO
    export LD_DEPENDENCY_INFO_FILE\=/Users/sunil/Library/Developer/Xcode/DerivedData/Yoga_of_Eating-ducgyjnlphnmtmcobbndvvbfdgcp/Build/Intermediates.noindex/Yoga\ of\ Eating.build/Debug-iphonesimulator/Yoga\ of\ EatingUITests.build/Objects-normal/undefined_arch/Yoga\ of\ EatingUITests_dependency_info.dat
    export LD_ENTITLEMENTS_SECTION\=/Users/sunil/Library/Developer/Xcode/DerivedData/Yoga_of_Eating-ducgyjnlphnmtmcobbndvvbfdgcp/Build/Intermediates.noindex/Yoga\ of\ Eating.build/Debug-iphonesimulator/Yoga\ of\ EatingUITests.build/Yoga\ of\ EatingUITests.xctest-Simulated.xcent
    export LD_ENTITLEMENTS_SECTION_DER\=/Users/sunil/Library/Developer/Xcode/DerivedData/Yoga_of_Eating-ducgyjnlphnmtmcobbndvvbfdgcp/Build/Intermediates.noindex/Yoga\ of\ Eating.build/Debug-iphonesimulator/Yoga\ of\ EatingUITests.build/Yoga\ of\ EatingUITests.xctest-Simulated.xcent.der
    export LD_EXPORT_SYMBOLS\=YES
    export LD_GENERATE_MAP_FILE\=NO
    export LD_MAP_FILE_PATH\=/Users/sunil/Library/Developer/Xcode/DerivedData/Yoga_of_Eating-ducgyjnlphnmtmcobbndvvbfdgcp/Build/Intermediates.noindex/Yoga\ of\ Eating.build/Debug-iphonesimulator/Yoga\ of\ EatingUITests.build/Yoga\ of\ EatingUITests-LinkMap-normal-undefined_arch.txt
    export LD_NO_PIE\=NO
    export LD_QUOTE_LINKER_ARGUMENTS_FOR_COMPILER_DRIVER\=YES
    export LD_RUNPATH_SEARCH_PATHS\=\ @loader_path/Frameworks
    export LD_RUNPATH_SEARCH_PATHS_SHALLOW_BUNDLE_NO\=@loader_path/../Frameworks
    export LD_RUNPATH_SEARCH_PATHS_SHALLOW_BUNDLE_YES\=@loader_path/Frameworks
    export LD_SHARED_CACHE_ELIGIBLE\=Automatic
    export LD_WARN_DUPLICATE_LIBRARIES\=NO
    export LD_WARN_UNUSED_DYLIBS\=NO
    export LEGACY_DEVELOPER_DIR\=/Applications/Xcode.app/Contents/PlugIns/Xcode3Core.ideplugin/Contents/SharedSupport/Developer
    export LEX\=lex
    export LIBRARY_DEXT_INSTALL_PATH\=/Library/DriverExtensions
    export LIBRARY_FLAG_NOSPACE\=YES
    export LIBRARY_FLAG_PREFIX\=-l
    export LIBRARY_KEXT_INSTALL_PATH\=/Library/Extensions
    export LIBRARY_SEARCH_PATHS\=/Users/sunil/Library/Developer/Xcode/DerivedData/Yoga_of_Eating-ducgyjnlphnmtmcobbndvvbfdgcp/Build/Products/Debug-iphonesimulator\ \ \ /Applications/Xcode.app/Contents/Developer/Platforms/iPhoneSimulator.platform/Developer/usr/lib
    export LINKER_DISPLAYS_MANGLED_NAMES\=NO
    export LINK_FILE_LIST_normal_arm64\=/Users/sunil/Library/Developer/Xcode/DerivedData/Yoga_of_Eating-ducgyjnlphnmtmcobbndvvbfdgcp/Build/Intermediates.noindex/Yoga\ of\ Eating.build/Debug-iphonesimulator/Yoga\ of\ EatingUITests.build/Objects-normal/arm64/Yoga\ of\ EatingUITests.LinkFileList
    export LINK_OBJC_RUNTIME\=YES
    export LINK_WITH_STANDARD_LIBRARIES\=YES
    export LLVM_TARGET_TRIPLE_OS_VERSION\=ios26.2
    export LLVM_TARGET_TRIPLE_SUFFIX\=-simulator
    export LLVM_TARGET_TRIPLE_VENDOR\=apple
    export LM_AUX_CONST_METADATA_LIST_PATH_normal_arm64\=/Users/sunil/Library/Developer/Xcode/DerivedData/Yoga_of_Eating-ducgyjnlphnmtmcobbndvvbfdgcp/Build/Intermediates.noindex/Yoga\ of\ Eating.build/Debug-iphonesimulator/Yoga\ of\ EatingUITests.build/Objects-normal/arm64/Yoga\ of\ EatingUITests.SwiftConstValuesFileList
    export LOCALIZATION_EXPORT_SUPPORTED\=YES
    export LOCALIZATION_PREFERS_STRING_CATALOGS\=YES
    export LOCALIZED_RESOURCES_FOLDER_PATH\=Yoga\ of\ EatingUITests.xctest/en.lproj
    export LOCALIZED_STRING_CODE_COMMENTS\=NO
    export LOCALIZED_STRING_MACRO_NAMES\=NSLocalizedString\ CFCopyLocalizedString
    export LOCALIZED_STRING_SWIFTUI_SUPPORT\=YES
    export LOCAL_ADMIN_APPS_DIR\=/Applications/Utilities
    export LOCAL_APPS_DIR\=/Applications
    export LOCAL_DEVELOPER_DIR\=/Library/Developer
    export LOCAL_LIBRARY_DIR\=/Library
    export LOCROOT\=/Users/sunil/Downloads/YogaofEating
    export LOCSYMROOT\=/Users/sunil/Downloads/YogaofEating
    export MACH_O_TYPE\=mh_bundle
    export MAC_OS_X_PRODUCT_BUILD_VERSION\=25F71
    export MAC_OS_X_VERSION_ACTUAL\=260500
    export MAC_OS_X_VERSION_MAJOR\=260000
    export MAC_OS_X_VERSION_MINOR\=260500
    export MAKE_MERGEABLE\=NO
    export MARKETING_VERSION\=1.0
    export MERGEABLE_LIBRARY\=NO
    export MERGED_BINARY_TYPE\=none
    export MERGE_LINKED_LIBRARIES\=NO
    export METAL_LIBRARY_FILE_BASE\=default
    export METAL_LIBRARY_OUTPUT_DIR\=/Users/sunil/Library/Developer/Xcode/DerivedData/Yoga_of_Eating-ducgyjnlphnmtmcobbndvvbfdgcp/Build/Products/Debug-iphonesimulator/Yoga\ of\ EatingUITests-Runner.app/PlugIns/Yoga\ of\ EatingUITests.xctest
    export MODULES_FOLDER_PATH\=Yoga\ of\ EatingUITests.xctest/Modules
    export MODULE_CACHE_DIR\=/Users/sunil/Library/Developer/Xcode/DerivedData/ModuleCache.noindex
    export MTL_ENABLE_DEBUG_INFO\=INCLUDE_SOURCE
    export MTL_FAST_MATH\=YES
    export NATIVE_ARCH\=arm64
    export NATIVE_ARCH_32_BIT\=arm
    export NATIVE_ARCH_64_BIT\=arm64
    export NATIVE_ARCH_ACTUAL\=arm64
    export NO_COMMON\=YES
    export OBJC_ABI_VERSION\=2
    export OBJECT_FILE_DIR\=/Users/sunil/Library/Developer/Xcode/DerivedData/Yoga_of_Eating-ducgyjnlphnmtmcobbndvvbfdgcp/Build/Intermediates.noindex/Yoga\ of\ Eating.build/Debug-iphonesimulator/Yoga\ of\ EatingUITests.build/Objects
    export OBJECT_FILE_DIR_normal\=/Users/sunil/Library/Developer/Xcode/DerivedData/Yoga_of_Eating-ducgyjnlphnmtmcobbndvvbfdgcp/Build/Intermediates.noindex/Yoga\ of\ Eating.build/Debug-iphonesimulator/Yoga\ of\ EatingUITests.build/Objects-normal
    export OBJROOT\=/Users/sunil/Library/Developer/Xcode/DerivedData/Yoga_of_Eating-ducgyjnlphnmtmcobbndvvbfdgcp/Build/Intermediates.noindex
    export ONLY_ACTIVE_ARCH\=YES
    export OS\=MACOS
    export OSAC\=/usr/bin/osacompile
    export OTHER_SWIFT_FLAGS\=\ -module-alias\ Testing\=_Testing_Unavailable\ -plugin-path\ /Applications/Xcode.app/Contents/Developer/Toolchains/XcodeDefault.xctoolchain/usr/lib/swift/host/plugins/testing
    export PACKAGE_TYPE\=com.apple.package-type.bundle.unit-test
    export PASCAL_STRINGS\=YES
    export PATH\=/Applications/Xcode.app/Contents/SharedFrameworks/SwiftBuild.framework/Versions/A/PlugIns/SWBBuildService.bundle/Contents/PlugIns/SWBUniversalPlatformPlugin.bundle/Contents/Frameworks/SWBUniversalPlatform.framework/Resources:/Applications/Xcode.app/Contents/Developer/Toolchains/XcodeDefault.xctoolchain/usr/bin:/Applications/Xcode.app/Contents/Developer/Toolchains/XcodeDefault.xctoolchain/usr/local/bin:/Applications/Xcode.app/Contents/Developer/Toolchains/XcodeDefault.xctoolchain/usr/libexec:/Applications/Xcode.app/Contents/Developer/Platforms/iPhoneSimulator.platform/usr/bin:/Applications/Xcode.app/Contents/Developer/Platforms/iPhoneSimulator.platform/usr/local/bin:/Applications/Xcode.app/Contents/Developer/Platforms/iPhoneSimulator.platform/Developer/usr/bin:/Applications/Xcode.app/Contents/Developer/Platforms/iPhoneSimulator.platform/Developer/usr/local/bin:/Applications/Xcode.app/Contents/Developer/usr/bin:/Applications/Xcode.app/Contents/Developer/usr/local/bin:/opt/homebrew/opt/openjdk@21/libexec/openjdk.jdk/Contents/Home/bin:/Users/sunil/.npm-global/bin:/Users/sunil/.antigravity/antigravity/bin:/Users/sunil/.local/bin:/Users/sunil/Library/Android/sdk/platform-tools:/opt/homebrew/opt/openjdk@17/bin:/Users/sunil/Library/Application\ Support/Code/User/globalStorage/github.copilot-chat/debugCommand:/Users/sunil/Library/Application\ Support/Code/User/globalStorage/github.copilot-chat/copilotCli:/opt/homebrew/bin:/opt/homebrew/sbin:/usr/local/bin:/System/Cryptexes/App/usr/bin:/usr/bin:/bin:/usr/sbin:/sbin:/var/run/com.apple.security.cryptexd/codex.system/bootstrap/usr/local/bin:/var/run/com.apple.security.cryptexd/codex.system/bootstrap/usr/bin:/var/run/com.apple.security.cryptexd/codex.system/bootstrap/usr/appleinternal/bin:/pkg/env/global/bin:/Library/Apple/usr/bin:/Users/sunil/.swiftly/bin
    export PATH_PREFIXES_EXCLUDED_FROM_HEADER_DEPENDENCIES\=/usr/include\ /usr/local/include\ /System/Library/Frameworks\ /System/Library/PrivateFrameworks\ /Applications/Xcode.app/Contents/Developer/Headers\ /Applications/Xcode.app/Contents/Developer/SDKs\ /Applications/Xcode.app/Contents/Developer/Platforms
    export PBDEVELOPMENTPLIST_PATH\=Yoga\ of\ EatingUITests.xctest/pbdevelopment.plist
    export PER_ARCH_MODULE_FILE_DIR\=/Users/sunil/Library/Developer/Xcode/DerivedData/Yoga_of_Eating-ducgyjnlphnmtmcobbndvvbfdgcp/Build/Intermediates.noindex/Yoga\ of\ Eating.build/Debug-iphonesimulator/Yoga\ of\ EatingUITests.build/Objects-normal/undefined_arch
    export PER_ARCH_OBJECT_FILE_DIR\=/Users/sunil/Library/Developer/Xcode/DerivedData/Yoga_of_Eating-ducgyjnlphnmtmcobbndvvbfdgcp/Build/Intermediates.noindex/Yoga\ of\ Eating.build/Debug-iphonesimulator/Yoga\ of\ EatingUITests.build/Objects-normal/undefined_arch
    export PER_VARIANT_OBJECT_FILE_DIR\=/Users/sunil/Library/Developer/Xcode/DerivedData/Yoga_of_Eating-ducgyjnlphnmtmcobbndvvbfdgcp/Build/Intermediates.noindex/Yoga\ of\ Eating.build/Debug-iphonesimulator/Yoga\ of\ EatingUITests.build/Objects-normal
    export PKGINFO_FILE_PATH\=/Users/sunil/Library/Developer/Xcode/DerivedData/Yoga_of_Eating-ducgyjnlphnmtmcobbndvvbfdgcp/Build/Intermediates.noindex/Yoga\ of\ Eating.build/Debug-iphonesimulator/Yoga\ of\ EatingUITests.build/PkgInfo
    export PKGINFO_PATH\=Yoga\ of\ EatingUITests.xctest/PkgInfo
    export PLATFORM_DEVELOPER_APPLICATIONS_DIR\=/Applications/Xcode.app/Contents/Developer/Platforms/iPhoneSimulator.platform/Developer/Applications
    export PLATFORM_DEVELOPER_BIN_DIR\=/Applications/Xcode.app/Contents/Developer/Platforms/iPhoneSimulator.platform/Developer/usr/bin
    export PLATFORM_DEVELOPER_LIBRARY_DIR\=/Applications/Xcode.app/Contents/Developer/Platforms/iPhoneSimulator.platform/Developer/Library
    export PLATFORM_DEVELOPER_SDK_DIR\=/Applications/Xcode.app/Contents/Developer/Platforms/iPhoneSimulator.platform/Developer/SDKs
    export PLATFORM_DEVELOPER_TOOLS_DIR\=/Applications/Xcode.app/Contents/Developer/Platforms/iPhoneSimulator.platform/Developer/Tools
    export PLATFORM_DEVELOPER_USR_DIR\=/Applications/Xcode.app/Contents/Developer/Platforms/iPhoneSimulator.platform/Developer/usr
    export PLATFORM_DIR\=/Applications/Xcode.app/Contents/Developer/Platforms/iPhoneSimulator.platform
    export PLATFORM_DISPLAY_NAME\=iOS\ Simulator
    export PLATFORM_FAMILY_NAME\=iOS
    export PLATFORM_NAME\=iphonesimulator
    export PLATFORM_PREFERRED_ARCH\=x86_64
    export PLATFORM_PRODUCT_BUILD_VERSION\=23F73
    export PLATFORM_REQUIRES_SWIFT_AUTOLINK_EXTRACT\=NO
    export PLATFORM_REQUIRES_SWIFT_MODULEWRAP\=NO
    export PLATFORM_USES_DSYMS\=YES
    export PLIST_FILE_OUTPUT_FORMAT\=binary
    export PLUGINS_FOLDER_PATH\=Yoga\ of\ EatingUITests.xctest/PlugIns
    export PRECOMPS_INCLUDE_HEADERS_FROM_BUILT_PRODUCTS_DIR\=YES
    export PRECOMP_DESTINATION_DIR\=/Users/sunil/Library/Developer/Xcode/DerivedData/Yoga_of_Eating-ducgyjnlphnmtmcobbndvvbfdgcp/Build/Intermediates.noindex/Yoga\ of\ Eating.build/Debug-iphonesimulator/Yoga\ of\ EatingUITests.build/PrefixHeaders
    export PRIVATE_HEADERS_FOLDER_PATH\=Yoga\ of\ EatingUITests.xctest/PrivateHeaders
    export PROCESSED_INFOPLIST_PATH\=/Users/sunil/Library/Developer/Xcode/DerivedData/Yoga_of_Eating-ducgyjnlphnmtmcobbndvvbfdgcp/Build/Intermediates.noindex/Yoga\ of\ Eating.build/Debug-iphonesimulator/Yoga\ of\ EatingUITests.build/Objects-normal/undefined_arch/Processed-Info.plist
    export PRODUCT_BUNDLE_IDENTIFIER\=com.yogaofeating.Yoga-of-EatingUITests
    export PRODUCT_BUNDLE_PACKAGE_TYPE\=BNDL
    export PRODUCT_MODULE_NAME\=Yoga_of_EatingUITests
    export PRODUCT_NAME\=Yoga\ of\ EatingUITests
    export PRODUCT_SETTINGS_PATH\=
    export PRODUCT_SPECIFIC_LDFLAGS\=-Xlinker\ -needed_framework\ -Xlinker\ XCTest\ -framework\ XCTest\ -Xlinker\ -needed-lXCTestSwiftSupport\ -lXCTestSwiftSupport
    export PRODUCT_TYPE\=com.apple.product-type.bundle.ui-testing
    export PRODUCT_TYPE_SWIFT_STDLIB_TOOL_FLAGS\=--scan-executable\ \"/Applications/Xcode.app/Contents/Developer/Platforms/iPhoneSimulator.platform/Developer/usr/lib/libXCTestSwiftSupport.dylib\"
    export PROFILING_CODE\=NO
    export PROJECT\=Yoga\ of\ Eating
    export PROJECT_DERIVED_FILE_DIR\=/Users/sunil/Library/Developer/Xcode/DerivedData/Yoga_of_Eating-ducgyjnlphnmtmcobbndvvbfdgcp/Build/Intermediates.noindex/Yoga\ of\ Eating.build/DerivedSources
    export PROJECT_DIR\=/Users/sunil/Downloads/YogaofEating
    export PROJECT_FILE_PATH\=/Users/sunil/Downloads/YogaofEating/Yoga\ of\ Eating.xcodeproj
    export PROJECT_GUID\=6ec78203e59d38cc8c9128f746e6b456
    export PROJECT_NAME\=Yoga\ of\ Eating
    export PROJECT_TEMP_DIR\=/Users/sunil/Library/Developer/Xcode/DerivedData/Yoga_of_Eating-ducgyjnlphnmtmcobbndvvbfdgcp/Build/Intermediates.noindex/Yoga\ of\ Eating.build
    export PROJECT_TEMP_ROOT\=/Users/sunil/Library/Developer/Xcode/DerivedData/Yoga_of_Eating-ducgyjnlphnmtmcobbndvvbfdgcp/Build/Intermediates.noindex
    export PROVISIONING_PROFILE_DESTINATION_PATH\=/Users/sunil/Library/Developer/Xcode/DerivedData/Yoga_of_Eating-ducgyjnlphnmtmcobbndvvbfdgcp/Build/Products/Debug-iphonesimulator/Yoga\ of\ EatingUITests-Runner.app/PlugIns/..
    export PROVISIONING_PROFILE_REQUIRED\=YES
    export PROVISIONING_PROFILE_SUPPORTED\=YES
    export PUBLIC_HEADERS_FOLDER_PATH\=Yoga\ of\ EatingUITests.xctest/Headers
    export RECOMMENDED_IPHONEOS_DEPLOYMENT_TARGET\=15.0
    export RECURSIVE_SEARCH_PATHS_FOLLOW_SYMLINKS\=YES
    export REMOVE_CVS_FROM_RESOURCES\=YES
    export REMOVE_GIT_FROM_RESOURCES\=YES
    export REMOVE_HEADERS_FROM_EMBEDDED_BUNDLES\=YES
    export REMOVE_HG_FROM_RESOURCES\=YES
    export REMOVE_STATIC_EXECUTABLES_FROM_EMBEDDED_BUNDLES\=YES
    export REMOVE_SVN_FROM_RESOURCES\=YES
    export RESCHEDULE_INDEPENDENT_HEADERS_PHASES\=YES
    export REZ_COLLECTOR_DIR\=/Users/sunil/Library/Developer/Xcode/DerivedData/Yoga_of_Eating-ducgyjnlphnmtmcobbndvvbfdgcp/Build/Intermediates.noindex/Yoga\ of\ Eating.build/Debug-iphonesimulator/Yoga\ of\ EatingUITests.build/ResourceManagerResources
    export REZ_OBJECTS_DIR\=/Users/sunil/Library/Developer/Xcode/DerivedData/Yoga_of_Eating-ducgyjnlphnmtmcobbndvvbfdgcp/Build/Intermediates.noindex/Yoga\ of\ Eating.build/Debug-iphonesimulator/Yoga\ of\ EatingUITests.build/ResourceManagerResources/Objects
    export REZ_SEARCH_PATHS\=/Users/sunil/Library/Developer/Xcode/DerivedData/Yoga_of_Eating-ducgyjnlphnmtmcobbndvvbfdgcp/Build/Products/Debug-iphonesimulator\ 
    export RPATH_ORIGIN\=@loader_path
    export RUNTIME_EXCEPTION_ALLOW_DYLD_ENVIRONMENT_VARIABLES\=NO
    export RUNTIME_EXCEPTION_ALLOW_JIT\=NO
    export RUNTIME_EXCEPTION_ALLOW_UNSIGNED_EXECUTABLE_MEMORY\=NO
    export RUNTIME_EXCEPTION_DEBUGGING_TOOL\=NO
    export RUNTIME_EXCEPTION_DISABLE_EXECUTABLE_PAGE_PROTECTION\=NO
    export RUNTIME_EXCEPTION_DISABLE_LIBRARY_VALIDATION\=NO
    export SCANNING_PCM_KEEP_CACHE_DIRECTORY\=YES
    export SCAN_ALL_SOURCE_FILES_FOR_INCLUDES\=NO
    export SCRIPTS_FOLDER_PATH\=Yoga\ of\ EatingUITests.xctest/Scripts
    export SCRIPT_INPUT_FILE_COUNT\=0
    export SCRIPT_INPUT_FILE_LIST_COUNT\=0
    export SCRIPT_OUTPUT_FILE_COUNT\=0
    export SCRIPT_OUTPUT_FILE_LIST_COUNT\=0
    export SDKROOT\=/Applications/Xcode.app/Contents/Developer/Platforms/iPhoneSimulator.platform/Developer/SDKs/iPhoneSimulator26.5.sdk
    export SDK_DIR\=/Applications/Xcode.app/Contents/Developer/Platforms/iPhoneSimulator.platform/Developer/SDKs/iPhoneSimulator26.5.sdk
    export SDK_DIR_iphonesimulator\=/Applications/Xcode.app/Contents/Developer/Platforms/iPhoneSimulator.platform/Developer/SDKs/iPhoneSimulator26.5.sdk
    export SDK_DIR_iphonesimulator26_5\=/Applications/Xcode.app/Contents/Developer/Platforms/iPhoneSimulator.platform/Developer/SDKs/iPhoneSimulator26.5.sdk
    export SDK_NAME\=iphonesimulator26.5
    export SDK_NAMES\=iphonesimulator26.5
    export SDK_PRODUCT_BUILD_VERSION\=23F73
    export SDK_STAT_CACHE_DIR\=/Users/sunil/Library/Developer/Xcode/DerivedData
    export SDK_STAT_CACHE_ENABLE\=YES
    export SDK_STAT_CACHE_PATH\=/Users/sunil/Library/Developer/Xcode/DerivedData/SDKStatCaches.noindex/iphonesimulator26.5-23F73-6cfe768891a92b912361537c460fe42b.sdkstatcache
    export SDK_VERSION\=26.5
    export SDK_VERSION_ACTUAL\=260500
    export SDK_VERSION_MAJOR\=260000
    export SDK_VERSION_MINOR\=260500
    export SED\=/usr/bin/sed
    export SEPARATE_STRIP\=NO
    export SEPARATE_SYMBOL_EDIT\=NO
    export SET_DIR_MODE_OWNER_GROUP\=YES
    export SET_FILE_MODE_OWNER_GROUP\=NO
    export SHALLOW_BUNDLE\=YES
    export SHALLOW_BUNDLE_TRIPLE\=ios-simulator
    export SHALLOW_BUNDLE_ios_macabi\=NO
    export SHALLOW_BUNDLE_macos\=NO
    export SHARED_DERIVED_FILE_DIR\=/Users/sunil/Library/Developer/Xcode/DerivedData/Yoga_of_Eating-ducgyjnlphnmtmcobbndvvbfdgcp/Build/Products/Debug-iphonesimulator/DerivedSources
    export SHARED_FRAMEWORKS_FOLDER_PATH\=Yoga\ of\ EatingUITests.xctest/SharedFrameworks
    export SHARED_PRECOMPS_DIR\=/Users/sunil/Library/Developer/Xcode/DerivedData/Yoga_of_Eating-ducgyjnlphnmtmcobbndvvbfdgcp/Build/Intermediates.noindex/PrecompiledHeaders
    export SHARED_SUPPORT_FOLDER_PATH\=Yoga\ of\ EatingUITests.xctest/SharedSupport
    export SKIP_INSTALL\=YES
    export SKIP_MERGEABLE_LIBRARY_BUNDLE_HOOK\=NO
    export SOURCE_ROOT\=/Users/sunil/Downloads/YogaofEating
    export SRCROOT\=/Users/sunil/Downloads/YogaofEating
    export STRINGSDATA_DIR\=/Users/sunil/Library/Developer/Xcode/DerivedData/Yoga_of_Eating-ducgyjnlphnmtmcobbndvvbfdgcp/Build/Intermediates.noindex/Yoga\ of\ Eating.build/Debug-iphonesimulator/Yoga\ of\ EatingUITests.build/Objects-normal/undefined_arch
    export STRINGSDATA_ROOT\=/Users/sunil/Library/Developer/Xcode/DerivedData/Yoga_of_Eating-ducgyjnlphnmtmcobbndvvbfdgcp/Build/Intermediates.noindex/Yoga\ of\ Eating.build/Debug-iphonesimulator/Yoga\ of\ EatingUITests.build
    export STRINGS_FILE_INFOPLIST_RENAME\=YES
    export STRINGS_FILE_OUTPUT_ENCODING\=binary
    export STRING_CATALOG_GENERATE_SYMBOLS\=NO
    export STRIP_BITCODE_FROM_COPIED_FILES\=NO
    export STRIP_INSTALLED_PRODUCT\=NO
    export STRIP_STYLE\=non-global
    export STRIP_SWIFT_SYMBOLS\=YES
    export SUPPORTED_DEVICE_FAMILIES\=1,2
    export SUPPORTED_PLATFORMS\=iphoneos\ iphonesimulator\ macosx\ xros\ xrsimulator
    export SUPPORTS_MACCATALYST\=NO
    export SUPPORTS_TEXT_BASED_API\=NO
    export SUPPRESS_WARNINGS\=NO
    export SWIFT_ACTIVE_COMPILATION_CONDITIONS\=DEBUG\ 
    export SWIFT_APPROACHABLE_CONCURRENCY\=YES
    export SWIFT_EMIT_CONST_VALUE_PROTOCOLS\=AnyResolverProviding\ AppEntity\ AppEnum\ AppExtension\ AppIntent\ AppIntentsPackage\ AppShortcutProviding\ AppShortcutsProvider\ AppUnionValue\ AppUnionValueCasesProviding\ DynamicOptionsProvider\ EntityQuery\ ExtensionPointDefining\ IntentValueQuery\ Resolver\ TransientEntity\ _AssistantIntentsProvider\ _GenerativeFunctionExtractable\ _IntentValueRepresentable
    export SWIFT_EMIT_LOC_STRINGS\=NO
    export SWIFT_ENABLE_EXPLICIT_MODULES\=YES
    export SWIFT_OPTIMIZATION_LEVEL\=-Onone
    export SWIFT_PLATFORM_TARGET_PREFIX\=ios
    export SWIFT_RESPONSE_FILE_PATH_normal_arm64\=/Users/sunil/Library/Developer/Xcode/DerivedData/Yoga_of_Eating-ducgyjnlphnmtmcobbndvvbfdgcp/Build/Intermediates.noindex/Yoga\ of\ Eating.build/Debug-iphonesimulator/Yoga\ of\ EatingUITests.build/Objects-normal/arm64/Yoga\ of\ EatingUITests.SwiftFileList
    export SWIFT_UPCOMING_FEATURE_MEMBER_IMPORT_VISIBILITY\=YES
    export SWIFT_VERSION\=5.0
    export SYMROOT\=/Users/sunil/Library/Developer/Xcode/DerivedData/Yoga_of_Eating-ducgyjnlphnmtmcobbndvvbfdgcp/Build/Products
    export SYSTEM_ADMIN_APPS_DIR\=/Applications/Utilities
    export SYSTEM_APPS_DIR\=/Applications
    export SYSTEM_CORE_SERVICES_DIR\=/System/Library/CoreServices
    export SYSTEM_DEMOS_DIR\=/Applications/Extras
    export SYSTEM_DEVELOPER_APPS_DIR\=/Applications/Xcode.app/Contents/Developer/Applications
    export SYSTEM_DEVELOPER_BIN_DIR\=/Applications/Xcode.app/Contents/Developer/usr/bin
    export SYSTEM_DEVELOPER_DEMOS_DIR\=/Applications/Xcode.app/Contents/Developer/Applications/Utilities/Built\ Examples
    export SYSTEM_DEVELOPER_DIR\=/Applications/Xcode.app/Contents/Developer
    export SYSTEM_DEVELOPER_DOC_DIR\=/Applications/Xcode.app/Contents/Developer/ADC\ Reference\ Library
    export SYSTEM_DEVELOPER_GRAPHICS_TOOLS_DIR\=/Applications/Xcode.app/Contents/Developer/Applications/Graphics\ Tools
    export SYSTEM_DEVELOPER_JAVA_TOOLS_DIR\=/Applications/Xcode.app/Contents/Developer/Applications/Java\ Tools
    export SYSTEM_DEVELOPER_PERFORMANCE_TOOLS_DIR\=/Applications/Xcode.app/Contents/Developer/Applications/Performance\ Tools
    export SYSTEM_DEVELOPER_RELEASENOTES_DIR\=/Applications/Xcode.app/Contents/Developer/ADC\ Reference\ Library/releasenotes
    export SYSTEM_DEVELOPER_TOOLS\=/Applications/Xcode.app/Contents/Developer/Tools
    export SYSTEM_DEVELOPER_TOOLS_DOC_DIR\=/Applications/Xcode.app/Contents/Developer/ADC\ Reference\ Library/documentation/DeveloperTools
    export SYSTEM_DEVELOPER_TOOLS_RELEASENOTES_DIR\=/Applications/Xcode.app/Contents/Developer/ADC\ Reference\ Library/releasenotes/DeveloperTools
    export SYSTEM_DEVELOPER_USR_DIR\=/Applications/Xcode.app/Contents/Developer/usr
    export SYSTEM_DEVELOPER_UTILITIES_DIR\=/Applications/Xcode.app/Contents/Developer/Applications/Utilities
    export SYSTEM_DEXT_INSTALL_PATH\=/System/Library/DriverExtensions
    export SYSTEM_DOCUMENTATION_DIR\=/Library/Documentation
    export SYSTEM_EXTENSIONS_FOLDER_PATH\=Yoga\ of\ EatingUITests.xctest/SystemExtensions
    export SYSTEM_EXTENSIONS_FOLDER_PATH_SHALLOW_BUNDLE_NO\=Yoga\ of\ EatingUITests.xctest/Library/SystemExtensions
    export SYSTEM_EXTENSIONS_FOLDER_PATH_SHALLOW_BUNDLE_YES\=Yoga\ of\ EatingUITests.xctest/SystemExtensions
    export SYSTEM_FRAMEWORK_SEARCH_PATHS\=\ \ /Applications/Xcode.app/Contents/Developer/Platforms/iPhoneSimulator.platform/Developer/Library/Frameworks\ /Applications/Xcode.app/Contents/Developer/Platforms/iPhoneSimulator.platform/Developer/SDKs/iPhoneSimulator26.5.sdk/Developer/Library/Frameworks
    export SYSTEM_KEXT_INSTALL_PATH\=/System/Library/Extensions
    export SYSTEM_LIBRARY_DIR\=/System/Library
    export TAPI_DEMANGLE\=YES
    export TAPI_ENABLE_PROJECT_HEADERS\=NO
    export TAPI_LANGUAGE\=objective-c
    export TAPI_LANGUAGE_STANDARD\=compiler-default
    export TAPI_USE_SRCROOT\=YES
    export TAPI_VERIFY_MODE\=Pedantic
    export TARGETED_DEVICE_FAMILY\=1,2,7
    export TARGETNAME\=Yoga\ of\ EatingUITests
    export TARGET_BUILD_DIR\=/Users/sunil/Library/Developer/Xcode/DerivedData/Yoga_of_Eating-ducgyjnlphnmtmcobbndvvbfdgcp/Build/Products/Debug-iphonesimulator/Yoga\ of\ EatingUITests-Runner.app/PlugIns
    export TARGET_BUILD_SUBPATH\=/Yoga\ of\ EatingUITests-Runner.app/PlugIns
    export TARGET_DEVICE_IDENTIFIER\=0F23C23C-3966-4E21-AA7A-858ADAA4B3DF
    export TARGET_DEVICE_MODEL\=iPhone18,3
    export TARGET_DEVICE_OS_VERSION\=26.4.1
    export TARGET_DEVICE_PLATFORM_NAME\=iphonesimulator
    export TARGET_NAME\=Yoga\ of\ EatingUITests
    export TARGET_TEMP_DIR\=/Users/sunil/Library/Developer/Xcode/DerivedData/Yoga_of_Eating-ducgyjnlphnmtmcobbndvvbfdgcp/Build/Intermediates.noindex/Yoga\ of\ Eating.build/Debug-iphonesimulator/Yoga\ of\ EatingUITests.build
    export TEMP_DIR\=/Users/sunil/Library/Developer/Xcode/DerivedData/Yoga_of_Eating-ducgyjnlphnmtmcobbndvvbfdgcp/Build/Intermediates.noindex/Yoga\ of\ Eating.build/Debug-iphonesimulator/Yoga\ of\ EatingUITests.build
    export TEMP_FILES_DIR\=/Users/sunil/Library/Developer/Xcode/DerivedData/Yoga_of_Eating-ducgyjnlphnmtmcobbndvvbfdgcp/Build/Intermediates.noindex/Yoga\ of\ Eating.build/Debug-iphonesimulator/Yoga\ of\ EatingUITests.build
    export TEMP_FILE_DIR\=/Users/sunil/Library/Developer/Xcode/DerivedData/Yoga_of_Eating-ducgyjnlphnmtmcobbndvvbfdgcp/Build/Intermediates.noindex/Yoga\ of\ Eating.build/Debug-iphonesimulator/Yoga\ of\ EatingUITests.build
    export TEMP_ROOT\=/Users/sunil/Library/Developer/Xcode/DerivedData/Yoga_of_Eating-ducgyjnlphnmtmcobbndvvbfdgcp/Build/Intermediates.noindex
    export TEMP_SANDBOX_DIR\=/Users/sunil/Library/Developer/Xcode/DerivedData/Yoga_of_Eating-ducgyjnlphnmtmcobbndvvbfdgcp/Build/Intermediates.noindex/TemporaryTaskSandboxes
    export TESTING_FRAMEWORK_MODULE_ALIAS_FLAGS\=-module-alias\ Testing\=_Testing_Unavailable
    export TEST_FRAMEWORK_SEARCH_PATHS\=\ /Applications/Xcode.app/Contents/Developer/Platforms/iPhoneSimulator.platform/Developer/Library/Frameworks\ /Applications/Xcode.app/Contents/Developer/Platforms/iPhoneSimulator.platform/Developer/SDKs/iPhoneSimulator26.5.sdk/Developer/Library/Frameworks
    export TEST_LIBRARY_SEARCH_PATHS\=\ /Applications/Xcode.app/Contents/Developer/Platforms/iPhoneSimulator.platform/Developer/usr/lib
    export TEST_TARGET_NAME\=Yoga\ of\ Eating
    export TOOLCHAINS\=com.apple.dt.toolchain.XcodeDefault
    export TOOLCHAIN_DIR\=/Applications/Xcode.app/Contents/Developer/Toolchains/XcodeDefault.xctoolchain
    export TREAT_MISSING_BASELINES_AS_TEST_FAILURES\=NO
    export TREAT_MISSING_SCRIPT_PHASE_OUTPUTS_AS_ERRORS\=NO
    export TeamIdentifierPrefix\=CCVJR9P725.
    export UID\=501
    export UNINSTALLED_PRODUCTS_DIR\=/Users/sunil/Library/Developer/Xcode/DerivedData/Yoga_of_Eating-ducgyjnlphnmtmcobbndvvbfdgcp/Build/Intermediates.noindex/UninstalledProducts
    export UNLOCALIZED_RESOURCES_FOLDER_PATH\=Yoga\ of\ EatingUITests.xctest
    export UNLOCALIZED_RESOURCES_FOLDER_PATH_SHALLOW_BUNDLE_NO\=Yoga\ of\ EatingUITests.xctest/Resources
    export UNLOCALIZED_RESOURCES_FOLDER_PATH_SHALLOW_BUNDLE_YES\=Yoga\ of\ EatingUITests.xctest
    export UNSTRIPPED_PRODUCT\=NO
    export USER\=sunil
    export USER_APPS_DIR\=/Users/sunil/Applications
    export USER_LIBRARY_DIR\=/Users/sunil/Library
    export USES_XCTRUNNER\=YES
    export USE_DYNAMIC_NO_PIC\=YES
    export USE_HEADERMAP\=YES
    export USE_HEADER_SYMLINKS\=NO
    export VALIDATE_DEVELOPMENT_ASSET_PATHS\=YES_ERROR
    export VALIDATE_PRODUCT\=NO
    export VALID_ARCHS\=arm64\ x86_64
    export VERBOSE_PBXCP\=NO
    export VERSIONPLIST_PATH\=Yoga\ of\ EatingUITests.xctest/version.plist
    export VERSION_INFO_BUILDER\=sunil
    export VERSION_INFO_FILE\=Yoga\ of\ EatingUITests_vers.c
    export VERSION_INFO_STRING\=\"@\(\#\)PROGRAM:Yoga\ of\ EatingUITests\ \ PROJECT:Yoga\ of\ Eating-1\"
    export WORKSPACE_DIR\=/Users/sunil/Downloads/YogaofEating/Yoga\ of\ Eating.xcodeproj
    export WRAPPER_EXTENSION\=xctest
    export WRAPPER_NAME\=Yoga\ of\ EatingUITests.xctest
    export WRAPPER_SUFFIX\=.xctest
    export WRAP_ASSET_PACKS_IN_SEPARATE_DIRECTORIES\=NO
    export XCODE_APP_SUPPORT_DIR\=/Applications/Xcode.app/Contents/Developer/Library/Xcode
    export XCODE_PRODUCT_BUILD_VERSION\=17F42
    export XCODE_VERSION_ACTUAL\=2650
    export XCODE_VERSION_MAJOR\=2600
    export XCODE_VERSION_MINOR\=2650
    export XCTRUNNER_PRODUCT_NAME\=Yoga\ of\ EatingUITests-Runner.app
    export XPCSERVICES_FOLDER_PATH\=Yoga\ of\ EatingUITests.xctest/XPCServices
    export YACC\=yacc
    export _DISCOVER_COMMAND_LINE_LINKER_INPUTS\=YES
    export _DISCOVER_COMMAND_LINE_LINKER_INPUTS_INCLUDE_WL\=YES
    export _LD_MULTIARCH\=YES
    export _WRAPPER_CONTENTS_DIR_SHALLOW_BUNDLE_NO\=/Contents
    export _WRAPPER_PARENT_PATH_SHALLOW_BUNDLE_NO\=/..
    export _WRAPPER_RESOURCES_DIR_SHALLOW_BUNDLE_NO\=/Resources
    export __DIAGNOSE_DEPRECATED_ARCHS\=YES
    export __IS_NOT_MACOS\=YES
    export __IS_NOT_MACOS_macosx\=NO
    export __ORIGINAL_SDK_DEFINED_LLVM_TARGET_TRIPLE_SYS\=ios
    export arch\=undefined_arch
    export variant\=normal
    /bin/sh -c /Users/sunil/Library/Developer/Xcode/DerivedData/Yoga_of_Eating-ducgyjnlphnmtmcobbndvvbfdgcp/Build/Intermediates.noindex/Yoga\\\ of\\\ Eating.build/Debug-iphonesimulator/Yoga\\\ of\\\ EatingUITests.build/Script-838323E1A1509BFF74CB23C2.sh
Running SwiftFormat...
Reading swift-version file at /Users/sunil/Downloads/YogaofEating/.swift-version (version 6.0)
SwiftFormat completed in 0.11s.
0/256 files formatted, 650 files skipped.

ProcessInfoPlistFile /Users/sunil/Library/Developer/Xcode/DerivedData/Yoga_of_Eating-ducgyjnlphnmtmcobbndvvbfdgcp/Build/Products/Debug-iphonesimulator/Yoga\ of\ EatingUITests-Runner.app/PlugIns/Yoga\ of\ EatingUITests.xctest/Info.plist /Users/sunil/Library/Developer/Xcode/DerivedData/Yoga_of_Eating-ducgyjnlphnmtmcobbndvvbfdgcp/Build/Intermediates.noindex/Yoga\ of\ Eating.build/Debug-iphonesimulator/Yoga\ of\ EatingUITests.build/empty-Yoga\ of\ EatingUITests.plist (in target 'Yoga of EatingUITests' from project 'Yoga of Eating')
    cd /Users/sunil/Downloads/YogaofEating
    builtin-infoPlistUtility /Users/sunil/Library/Developer/Xcode/DerivedData/Yoga_of_Eating-ducgyjnlphnmtmcobbndvvbfdgcp/Build/Intermediates.noindex/Yoga\ of\ Eating.build/Debug-iphonesimulator/Yoga\ of\ EatingUITests.build/empty-Yoga\ of\ EatingUITests.plist -producttype com.apple.product-type.bundle.ui-testing -expandbuildsettings -format binary -platform iphonesimulator -additionalcontentfile /Users/sunil/Library/Developer/Xcode/DerivedData/Yoga_of_Eating-ducgyjnlphnmtmcobbndvvbfdgcp/Build/Intermediates.noindex/Yoga\ of\ Eating.build/Debug-iphonesimulator/Yoga\ of\ EatingUITests.build/ProductTypeInfoPlistAdditions.plist -o /Users/sunil/Library/Developer/Xcode/DerivedData/Yoga_of_Eating-ducgyjnlphnmtmcobbndvvbfdgcp/Build/Products/Debug-iphonesimulator/Yoga\ of\ EatingUITests-Runner.app/PlugIns/Yoga\ of\ EatingUITests.xctest/Info.plist

PhaseScriptExecution SwiftLint /Users/sunil/Library/Developer/Xcode/DerivedData/Yoga_of_Eating-ducgyjnlphnmtmcobbndvvbfdgcp/Build/Intermediates.noindex/Yoga\ of\ Eating.build/Debug-iphonesimulator/Yoga\ of\ EatingUITests.build/Script-2E14653B40B3CCB95435C7E0.sh (in target 'Yoga of EatingUITests' from project 'Yoga of Eating')
    cd /Users/sunil/Downloads/YogaofEating
    export ACTION\=build
    export AD_HOC_CODE_SIGNING_ALLOWED\=YES
    export ALLOW_BUILD_REQUEST_OVERRIDES\=NO
    export ALLOW_TARGET_PLATFORM_SPECIALIZATION\=NO
    export ALTERNATE_GROUP\=staff
    export ALTERNATE_MODE\=u+w,go-w,a+rX
    export ALTERNATE_OWNER\=sunil
    export ALTERNATIVE_DISTRIBUTION_WEB\=NO
    export ALWAYS_EMBED_SWIFT_STANDARD_LIBRARIES\=NO
    export ALWAYS_SEARCH_USER_PATHS\=NO
    export ALWAYS_USE_SEPARATE_HEADERMAPS\=NO
    export APPLICATION_EXTENSION_API_ONLY\=NO
    export APPLY_RULES_IN_COPY_FILES\=NO
    export APPLY_RULES_IN_COPY_HEADERS\=NO
    export APP_SHORTCUTS_ENABLE_FLEXIBLE_MATCHING\=YES
    export ARCHS\=arm64
    export ARCHS_BASE\=arm64
    export ARCHS_STANDARD\=arm64\ x86_64
    export ARCHS_STANDARD_32_64_BIT\=arm64\ x86_64
    export ARCHS_STANDARD_64_BIT\=arm64\ x86_64
    export ARCHS_STANDARD_INCLUDING_64_BIT\=arm64\ x86_64
    export ARCHS_UNIVERSAL_IPHONE_OS\=arm64\ x86_64
    export ASSETCATALOG_COMPILER_GENERATE_SWIFT_ASSET_SYMBOL_EXTENSIONS\=YES
    export ASSETCATALOG_FILTER_FOR_DEVICE_MODEL\=iPhone18,3
    export ASSETCATALOG_FILTER_FOR_DEVICE_OS_VERSION\=26.4.1
    export ASSETCATALOG_FILTER_FOR_THINNING_DEVICE_CONFIGURATION\=iPhone18,3
    export AUTOMATICALLY_MERGE_DEPENDENCIES\=NO
    export AUTOMATION_APPLE_EVENTS\=NO
    export AVAILABLE_PLATFORMS\=android\ appletvos\ appletvsimulator\ driverkit\ freebsd\ iphoneos\ iphonesimulator\ linux\ macosx\ none\ openbsd\ qnx\ watchos\ watchsimulator\ webassembly\ xros\ xrsimulator
    export AppIdentifierPrefix\=CCVJR9P725.
    export BUILD_ACTIVE_RESOURCES_ONLY\=YES
    export BUILD_COMPONENTS\=headers\ build
    export BUILD_DIR\=/Users/sunil/Library/Developer/Xcode/DerivedData/Yoga_of_Eating-ducgyjnlphnmtmcobbndvvbfdgcp/Build/Products
    export BUILD_LIBRARY_FOR_DISTRIBUTION\=NO
    export BUILD_ONLY_KNOWN_LOCALIZATIONS\=NO
    export BUILD_ROOT\=/Users/sunil/Library/Developer/Xcode/DerivedData/Yoga_of_Eating-ducgyjnlphnmtmcobbndvvbfdgcp/Build/Products
    export BUILD_STYLE\=
    export BUILD_VARIANTS\=normal
    export BUILT_PRODUCTS_DIR\=/Users/sunil/Library/Developer/Xcode/DerivedData/Yoga_of_Eating-ducgyjnlphnmtmcobbndvvbfdgcp/Build/Products/Debug-iphonesimulator
    export BUNDLE_CONTENTS_FOLDER_PATH_deep\=Contents/
    export BUNDLE_EXECUTABLE_FOLDER_NAME_deep\=MacOS
    export BUNDLE_EXTENSIONS_FOLDER_PATH\=Extensions
    export BUNDLE_FORMAT\=shallow
    export BUNDLE_FRAMEWORKS_FOLDER_PATH\=Frameworks
    export BUNDLE_PLUGINS_FOLDER_PATH\=PlugIns
    export BUNDLE_PRIVATE_HEADERS_FOLDER_PATH\=PrivateHeaders
    export BUNDLE_PUBLIC_HEADERS_FOLDER_PATH\=Headers
    export CACHE_ROOT\=/var/folders/r_/6rd80_t54ddghk_cnysh9t7w0000gn/C/com.apple.DeveloperTools/26.5-17F42/Xcode
    export CCHROOT\=/var/folders/r_/6rd80_t54ddghk_cnysh9t7w0000gn/C/com.apple.DeveloperTools/26.5-17F42/Xcode
    export CHMOD\=/bin/chmod
    export CHOWN\=chown
    export CLANG_ANALYZER_NONNULL\=YES
    export CLANG_ANALYZER_NUMBER_OBJECT_CONVERSION\=YES_AGGRESSIVE
    export CLANG_CACHE_FINE_GRAINED_OUTPUTS\=YES
    export CLANG_COVERAGE_MAPPING\=YES
    export CLANG_CXX_LANGUAGE_STANDARD\=gnu++20
    export CLANG_ENABLE_EXPLICIT_MODULES\=YES
    export CLANG_ENABLE_MODULES\=YES
    export CLANG_ENABLE_OBJC_ARC\=YES
    export CLANG_ENABLE_OBJC_WEAK\=YES
    export CLANG_MODULES_BUILD_SESSION_FILE\=/Users/sunil/Library/Developer/Xcode/DerivedData/ModuleCache.noindex/Session.modulevalidation
    export CLANG_PROFILE_DATA_DIRECTORY\=/Users/sunil/Library/Developer/Xcode/DerivedData/Yoga_of_Eating-ducgyjnlphnmtmcobbndvvbfdgcp/Build/ProfileData
    export CLANG_WARN_BLOCK_CAPTURE_AUTORELEASING\=YES
    export CLANG_WARN_BOOL_CONVERSION\=YES
    export CLANG_WARN_COMMA\=YES
    export CLANG_WARN_CONSTANT_CONVERSION\=YES
    export CLANG_WARN_DEPRECATED_OBJC_IMPLEMENTATIONS\=YES
    export CLANG_WARN_DIRECT_OBJC_ISA_USAGE\=YES_ERROR
    export CLANG_WARN_DOCUMENTATION_COMMENTS\=YES
    export CLANG_WARN_EMPTY_BODY\=YES
    export CLANG_WARN_ENUM_CONVERSION\=YES
    export CLANG_WARN_INFINITE_RECURSION\=YES
    export CLANG_WARN_INT_CONVERSION\=YES
    export CLANG_WARN_NON_LITERAL_NULL_CONVERSION\=YES
    export CLANG_WARN_OBJC_IMPLICIT_RETAIN_SELF\=YES
    export CLANG_WARN_OBJC_LITERAL_CONVERSION\=YES
    export CLANG_WARN_OBJC_ROOT_CLASS\=YES_ERROR
    export CLANG_WARN_QUOTED_INCLUDE_IN_FRAMEWORK_HEADER\=YES
    export CLANG_WARN_RANGE_LOOP_ANALYSIS\=YES
    export CLANG_WARN_STRICT_PROTOTYPES\=YES
    export CLANG_WARN_SUSPICIOUS_MOVE\=YES
    export CLANG_WARN_UNGUARDED_AVAILABILITY\=YES_AGGRESSIVE
    export CLANG_WARN_UNREACHABLE_CODE\=YES
    export CLANG_WARN__DUPLICATE_METHOD_MATCH\=YES
    export CLASS_FILE_DIR\=/Users/sunil/Library/Developer/Xcode/DerivedData/Yoga_of_Eating-ducgyjnlphnmtmcobbndvvbfdgcp/Build/Intermediates.noindex/Yoga\ of\ Eating.build/Debug-iphonesimulator/Yoga\ of\ EatingUITests.build/JavaClasses
    export CLEAN_PRECOMPS\=YES
    export CLONE_HEADERS\=NO
    export CODESIGNING_FOLDER_PATH\=/Users/sunil/Library/Developer/Xcode/DerivedData/Yoga_of_Eating-ducgyjnlphnmtmcobbndvvbfdgcp/Build/Products/Debug-iphonesimulator/Yoga\ of\ EatingUITests-Runner.app/PlugIns/Yoga\ of\ EatingUITests.xctest
    export CODE_SIGNING_ALLOWED\=YES
    export CODE_SIGNING_REQUIRED\=YES
    export CODE_SIGN_CONTEXT_CLASS\=XCiPhoneSimulatorCodeSignContext
    export CODE_SIGN_IDENTITY\=-
    export CODE_SIGN_INJECT_BASE_ENTITLEMENTS\=YES
    export CODE_SIGN_STYLE\=Automatic
    export COLOR_DIAGNOSTICS\=NO
    export COMBINE_HIDPI_IMAGES\=NO
    export COMPILATION_CACHE_CAS_PATH\=/Users/sunil/Library/Developer/Xcode/DerivedData/CompilationCache.noindex
    export COMPILATION_CACHE_KEEP_CAS_DIRECTORY\=YES
    export COMPILER_INDEX_STORE_ENABLE\=Default
    export COMPOSITE_SDK_DIRS\=/Users/sunil/Library/Developer/Xcode/DerivedData/Yoga_of_Eating-ducgyjnlphnmtmcobbndvvbfdgcp/Build/Intermediates.noindex/CompositeSDKs
    export COMPRESS_PNG_FILES\=YES
    export CONFIGURATION\=Debug
    export CONFIGURATION_BUILD_DIR\=/Users/sunil/Library/Developer/Xcode/DerivedData/Yoga_of_Eating-ducgyjnlphnmtmcobbndvvbfdgcp/Build/Products/Debug-iphonesimulator
    export CONFIGURATION_TEMP_DIR\=/Users/sunil/Library/Developer/Xcode/DerivedData/Yoga_of_Eating-ducgyjnlphnmtmcobbndvvbfdgcp/Build/Intermediates.noindex/Yoga\ of\ Eating.build/Debug-iphonesimulator
    export CONTENTS_FOLDER_PATH\=Yoga\ of\ EatingUITests.xctest
    export CONTENTS_FOLDER_PATH_SHALLOW_BUNDLE_NO\=Yoga\ of\ EatingUITests.xctest/Contents
    export CONTENTS_FOLDER_PATH_SHALLOW_BUNDLE_YES\=Yoga\ of\ EatingUITests.xctest
    export COPYING_PRESERVES_HFS_DATA\=NO
    export COPY_HEADERS_RUN_UNIFDEF\=NO
    export COPY_PHASE_STRIP\=NO
    export CORRESPONDING_DEVICE_PLATFORM_DIR\=/Applications/Xcode.app/Contents/Developer/Platforms/iPhoneOS.platform
    export CORRESPONDING_DEVICE_PLATFORM_NAME\=iphoneos
    export CORRESPONDING_DEVICE_SDK_DIR\=/Applications/Xcode.app/Contents/Developer/Platforms/iPhoneOS.platform/Developer/SDKs/iPhoneOS26.5.sdk
    export CORRESPONDING_DEVICE_SDK_NAME\=iphoneos26.5
    export CP\=/bin/cp
    export CREATE_INFOPLIST_SECTION_IN_BINARY\=NO
    export CURRENT_ARCH\=undefined_arch
    export CURRENT_PROJECT_VERSION\=1
    export CURRENT_VARIANT\=normal
    export DEAD_CODE_STRIPPING\=YES
    export DEBUGGING_SYMBOLS\=YES
    export DEBUG_INFORMATION_FORMAT\=dwarf
    export DEBUG_INFORMATION_VERSION\=compiler-default
    export DEFAULT_COMPILER\=com.apple.compilers.llvm.clang.1_0
    export DEFAULT_DEXT_INSTALL_PATH\=/System/Library/DriverExtensions
    export DEFAULT_KEXT_INSTALL_PATH\=/System/Library/Extensions
    export DEFINES_MODULE\=NO
    export DEPLOYMENT_LOCATION\=NO
    export DEPLOYMENT_POSTPROCESSING\=NO
    export DEPLOYMENT_TARGET_SETTING_NAME\=IPHONEOS_DEPLOYMENT_TARGET
    export DEPLOYMENT_TARGET_SUGGESTED_VALUES\=12.0\ 12.1\ 12.2\ 12.3\ 12.4\ 13.0\ 13.1\ 13.2\ 13.3\ 13.4\ 13.5\ 13.6\ 14.0\ 14.1\ 14.2\ 14.3\ 14.4\ 14.5\ 14.6\ 14.7\ 15.0\ 15.1\ 15.2\ 15.3\ 15.4\ 15.5\ 15.6\ 16.0\ 16.1\ 16.2\ 16.3\ 16.4\ 16.5\ 16.6\ 17.0\ 17.1\ 17.2\ 17.3\ 17.4\ 17.5\ 17.6\ 18.0\ 18.1\ 18.2\ 18.3\ 18.4\ 18.5\ 18.6\ 26.0\ 26.2\ 26.3\ 26.4\ 26.5
    export DERIVED_FILES_DIR\=/Users/sunil/Library/Developer/Xcode/DerivedData/Yoga_of_Eating-ducgyjnlphnmtmcobbndvvbfdgcp/Build/Intermediates.noindex/Yoga\ of\ Eating.build/Debug-iphonesimulator/Yoga\ of\ EatingUITests.build/DerivedSources
    export DERIVED_FILE_DIR\=/Users/sunil/Library/Developer/Xcode/DerivedData/Yoga_of_Eating-ducgyjnlphnmtmcobbndvvbfdgcp/Build/Intermediates.noindex/Yoga\ of\ Eating.build/Debug-iphonesimulator/Yoga\ of\ EatingUITests.build/DerivedSources
    export DERIVED_SOURCES_DIR\=/Users/sunil/Library/Developer/Xcode/DerivedData/Yoga_of_Eating-ducgyjnlphnmtmcobbndvvbfdgcp/Build/Intermediates.noindex/Yoga\ of\ Eating.build/Debug-iphonesimulator/Yoga\ of\ EatingUITests.build/DerivedSources
    export DEVELOPER_APPLICATIONS_DIR\=/Applications/Xcode.app/Contents/Developer/Applications
    export DEVELOPER_BIN_DIR\=/Applications/Xcode.app/Contents/Developer/usr/bin
    export DEVELOPER_DIR\=/Applications/Xcode.app/Contents/Developer
    export DEVELOPER_FRAMEWORKS_DIR\=/Applications/Xcode.app/Contents/Developer/Library/Frameworks
    export DEVELOPER_FRAMEWORKS_DIR_QUOTED\=/Applications/Xcode.app/Contents/Developer/Library/Frameworks
    export DEVELOPER_LIBRARY_DIR\=/Applications/Xcode.app/Contents/Developer/Library
    export DEVELOPER_SDK_DIR\=/Applications/Xcode.app/Contents/Developer/Platforms/MacOSX.platform/Developer/SDKs
    export DEVELOPER_TOOLS_DIR\=/Applications/Xcode.app/Contents/Developer/Tools
    export DEVELOPER_USR_DIR\=/Applications/Xcode.app/Contents/Developer/usr
    export DEVELOPMENT_LANGUAGE\=en
    export DEVELOPMENT_TEAM\=CCVJR9P725
    export DIAGNOSE_MISSING_TARGET_DEPENDENCIES\=YES
    export DIFF\=/usr/bin/diff
    export DOCUMENTATION_FOLDER_PATH\=Yoga\ of\ EatingUITests.xctest/en.lproj/Documentation
    export DONT_GENERATE_INFOPLIST_FILE\=NO
    export DSTROOT\=/tmp/Yoga\ of\ Eating.dst
    export DT_TOOLCHAIN_DIR\=/Applications/Xcode.app/Contents/Developer/Toolchains/XcodeDefault.xctoolchain
    export DUMP_DEPENDENCIES\=NO
    export DUMP_DEPENDENCIES_OUTPUT_PATH\=/Users/sunil/Library/Developer/Xcode/DerivedData/Yoga_of_Eating-ducgyjnlphnmtmcobbndvvbfdgcp/Build/Intermediates.noindex/Yoga\ of\ Eating.build/Debug-iphonesimulator/Yoga\ of\ EatingUITests.build/Yoga\ of\ EatingUITests-BuildDependencyInfo.json
    export DWARF_DSYM_FILE_NAME\=Yoga\ of\ EatingUITests.xctest.dSYM
    export DWARF_DSYM_FILE_SHOULD_ACCOMPANY_PRODUCT\=NO
    export DWARF_DSYM_FOLDER_PATH\=/Users/sunil/Library/Developer/Xcode/DerivedData/Yoga_of_Eating-ducgyjnlphnmtmcobbndvvbfdgcp/Build/Products/Debug-iphonesimulator/Yoga\ of\ EatingUITests-Runner.app/PlugIns
    export DYNAMIC_LIBRARY_EXTENSION\=dylib
    export EAGER_COMPILATION_ALLOW_SCRIPTS\=NO
    export EAGER_LINKING\=NO
    export EFFECTIVE_PLATFORM_NAME\=-iphonesimulator
    export EFFECTIVE_SWIFT_VERSION\=5
    export EMBEDDED_CONTENT_CONTAINS_SWIFT\=NO
    export EMBED_ASSET_PACKS_IN_PRODUCT_BUNDLE\=NO
    export ENABLE_APP_SANDBOX\=NO
    export ENABLE_CODE_COVERAGE\=YES
    export ENABLE_COHORT_ARCHS\=NO
    export ENABLE_CPLUSPLUS_BOUNDS_SAFE_BUFFERS\=NO
    export ENABLE_C_BOUNDS_SAFETY\=NO
    export ENABLE_DEFAULT_HEADER_SEARCH_PATHS\=YES
    export ENABLE_DEFAULT_SEARCH_PATHS\=YES
    export ENABLE_ENHANCED_SECURITY\=NO
    export ENABLE_HARDENED_RUNTIME\=NO
    export ENABLE_HEADER_DEPENDENCIES\=YES
    export ENABLE_INCOMING_NETWORK_CONNECTIONS\=NO
    export ENABLE_ON_DEMAND_RESOURCES\=NO
    export ENABLE_OUTGOING_NETWORK_CONNECTIONS\=NO
    export ENABLE_POINTER_AUTHENTICATION\=NO
    export ENABLE_PREVIEWS\=NO
    export ENABLE_RESOURCE_ACCESS_AUDIO_INPUT\=NO
    export ENABLE_RESOURCE_ACCESS_BLUETOOTH\=NO
    export ENABLE_RESOURCE_ACCESS_CALENDARS\=NO
    export ENABLE_RESOURCE_ACCESS_CAMERA\=NO
    export ENABLE_RESOURCE_ACCESS_CONTACTS\=NO
    export ENABLE_RESOURCE_ACCESS_LOCATION\=NO
    export ENABLE_RESOURCE_ACCESS_PHOTO_LIBRARY\=NO
    export ENABLE_RESOURCE_ACCESS_PRINTING\=NO
    export ENABLE_RESOURCE_ACCESS_USB\=NO
    export ENABLE_SDK_IMPORTS\=NO
    export ENABLE_SECURITY_COMPILER_WARNINGS\=NO
    export ENABLE_STRICT_OBJC_MSGSEND\=YES
    export ENABLE_TESTABILITY\=YES
    export ENABLE_TESTING_SEARCH_PATHS\=YES
    export ENABLE_USER_SCRIPT_SANDBOXING\=NO
    export ENABLE_XOJIT_PREVIEWS\=YES
    export ENFORCE_VALID_ARCHS\=YES
    export ENTITLEMENTS_DESTINATION\=__entitlements
    export ENTITLEMENTS_REQUIRED\=YES
    export EXCLUDED_INSTALLSRC_SUBDIRECTORY_PATTERNS\=.DS_Store\ .svn\ .git\ .hg\ CVS
    export EXCLUDED_RECURSIVE_SEARCH_PATH_SUBDIRECTORIES\=\*.nib\ \*.lproj\ \*.framework\ \*.gch\ \*.xcode\*\ \*.xcassets\ \*.icon\ \(\*\)\ .DS_Store\ CVS\ .svn\ .git\ .hg\ \*.pbproj\ \*.pbxproj
    export EXECUTABLES_FOLDER_PATH\=Yoga\ of\ EatingUITests.xctest/Executables
    export EXECUTABLE_FOLDER_PATH\=Yoga\ of\ EatingUITests.xctest
    export EXECUTABLE_FOLDER_PATH_SHALLOW_BUNDLE_NO\=Yoga\ of\ EatingUITests.xctest/MacOS
    export EXECUTABLE_FOLDER_PATH_SHALLOW_BUNDLE_YES\=Yoga\ of\ EatingUITests.xctest
    export EXECUTABLE_NAME\=Yoga\ of\ EatingUITests
    export EXECUTABLE_PATH\=Yoga\ of\ EatingUITests.xctest/Yoga\ of\ EatingUITests
    export EXPANDED_CODE_SIGN_IDENTITY\=-
    export EXPANDED_CODE_SIGN_IDENTITY_NAME\=Sign\ to\ Run\ Locally
    export EXTENSIONS_FOLDER_PATH\=Yoga\ of\ EatingUITests.xctest/Extensions
    export FILE_LIST\=/Users/sunil/Library/Developer/Xcode/DerivedData/Yoga_of_Eating-ducgyjnlphnmtmcobbndvvbfdgcp/Build/Intermediates.noindex/Yoga\ of\ Eating.build/Debug-iphonesimulator/Yoga\ of\ EatingUITests.build/Objects/LinkFileList
    export FIXED_FILES_DIR\=/Users/sunil/Library/Developer/Xcode/DerivedData/Yoga_of_Eating-ducgyjnlphnmtmcobbndvvbfdgcp/Build/Intermediates.noindex/Yoga\ of\ Eating.build/Debug-iphonesimulator/Yoga\ of\ EatingUITests.build/FixedFiles
    export FRAMEWORKS_FOLDER_PATH\=Yoga\ of\ EatingUITests.xctest/Frameworks
    export FRAMEWORK_FLAG_PREFIX\=-framework
    export FRAMEWORK_SEARCH_PATHS\=/Users/sunil/Library/Developer/Xcode/DerivedData/Yoga_of_Eating-ducgyjnlphnmtmcobbndvvbfdgcp/Build/Products/Debug-iphonesimulator\ 
    export FRAMEWORK_VERSION\=A
    export FULL_PRODUCT_NAME\=Yoga\ of\ EatingUITests.xctest
    export FUSE_BUILD_PHASES\=YES
    export FUSE_BUILD_SCRIPT_PHASES\=NO
    export GCC3_VERSION\=3.3
    export GCC_C_LANGUAGE_STANDARD\=gnu17
    export GCC_DYNAMIC_NO_PIC\=NO
    export GCC_INLINES_ARE_PRIVATE_EXTERN\=YES
    export GCC_NO_COMMON_BLOCKS\=YES
    export GCC_OBJC_LEGACY_DISPATCH\=YES
    export GCC_OPTIMIZATION_LEVEL\=0
    export GCC_PFE_FILE_C_DIALECTS\=c\ objective-c\ c++\ objective-c++
    export GCC_PREPROCESSOR_DEFINITIONS\=DEBUG\=1\ 
    export GCC_TREAT_WARNINGS_AS_ERRORS\=NO
    export GCC_VERSION\=com.apple.compilers.llvm.clang.1_0
    export GCC_VERSION_IDENTIFIER\=com_apple_compilers_llvm_clang_1_0
    export GCC_WARN_64_TO_32_BIT_CONVERSION\=YES
    export GCC_WARN_ABOUT_RETURN_TYPE\=YES_ERROR
    export GCC_WARN_UNDECLARED_SELECTOR\=YES
    export GCC_WARN_UNINITIALIZED_AUTOS\=YES_AGGRESSIVE
    export GCC_WARN_UNUSED_FUNCTION\=YES
    export GCC_WARN_UNUSED_VARIABLE\=YES
    export GENERATED_MODULEMAP_DIR\=/Users/sunil/Library/Developer/Xcode/DerivedData/Yoga_of_Eating-ducgyjnlphnmtmcobbndvvbfdgcp/Build/Intermediates.noindex/GeneratedModuleMaps-iphonesimulator
    export GENERATED_TEST_ENTRY_POINT_PATH\=/Users/sunil/Library/Developer/Xcode/DerivedData/Yoga_of_Eating-ducgyjnlphnmtmcobbndvvbfdgcp/Build/Intermediates.noindex/Yoga\ of\ Eating.build/Debug-iphonesimulator/Yoga\ of\ EatingUITests.build/DerivedSources/test_entry_point.swift
    export GENERATE_INFOPLIST_FILE\=YES
    export GENERATE_INTERMEDIATE_TEXT_BASED_STUBS\=YES
    export GENERATE_PKGINFO_FILE\=NO
    export GENERATE_PRELINK_OBJECT_FILE\=NO
    export GENERATE_PROFILING_CODE\=NO
    export GENERATE_TEXT_BASED_STUBS\=NO
    export GID\=20
    export GROUP\=staff
    export HEADERMAP_INCLUDES_FLAT_ENTRIES_FOR_TARGET_BEING_BUILT\=YES
    export HEADERMAP_INCLUDES_FRAMEWORK_ENTRIES_FOR_ALL_PRODUCT_TYPES\=YES
    export HEADERMAP_INCLUDES_FRAMEWORK_ENTRIES_FOR_TARGETS_NOT_BEING_BUILT\=YES
    export HEADERMAP_INCLUDES_NONPUBLIC_NONPRIVATE_HEADERS\=YES
    export HEADERMAP_INCLUDES_PROJECT_HEADERS\=YES
    export HEADERMAP_USES_FRAMEWORK_PREFIX_ENTRIES\=YES
    export HEADERMAP_USES_VFS\=NO
    export HEADER_SEARCH_PATHS\=/Users/sunil/Library/Developer/Xcode/DerivedData/Yoga_of_Eating-ducgyjnlphnmtmcobbndvvbfdgcp/Build/Products/Debug-iphonesimulator/include\ 
    export HOME\=/Users/sunil
    export HOST_ARCH\=arm64
    export HOST_PLATFORM\=macosx
    export ICONV\=/usr/bin/iconv
    export IMPLICIT_DEPENDENCY_DOMAIN\=default
    export INDEX_STORE_COMPRESS\=NO
    export INDEX_STORE_ONLY_PROJECT_FILES\=NO
    export INFOPLIST_ENABLE_CFBUNDLEICONS_MERGE\=YES
    export INFOPLIST_EXPAND_BUILD_SETTINGS\=YES
    export INFOPLIST_OUTPUT_FORMAT\=binary
    export INFOPLIST_PATH\=Yoga\ of\ EatingUITests.xctest/Info.plist
    export INFOPLIST_PREPROCESS\=NO
    export INFOSTRINGS_PATH\=Yoga\ of\ EatingUITests.xctest/en.lproj/InfoPlist.strings
    export INLINE_PRIVATE_FRAMEWORKS\=NO
    export INSTALLAPI_IGNORE_SKIP_INSTALL\=YES
    export INSTALLHDRS_COPY_PHASE\=NO
    export INSTALLHDRS_SCRIPT_PHASE\=NO
    export INSTALL_DIR\=/tmp/Yoga\ of\ Eating.dst
    export INSTALL_GROUP\=staff
    export INSTALL_MODE_FLAG\=u+w,go-w,a+rX
    export INSTALL_OWNER\=sunil
    export INSTALL_ROOT\=/tmp/Yoga\ of\ Eating.dst
    export IPHONEOS_DEPLOYMENT_TARGET\=26.2
    export IS_UNOPTIMIZED_BUILD\=YES
    export JAVAC_DEFAULT_FLAGS\=-J-Xms64m\ -J-XX:NewSize\=4M\ -J-Dfile.encoding\=UTF8
    export JAVA_APP_STUB\=/System/Library/Frameworks/JavaVM.framework/Resources/MacOS/JavaApplicationStub
    export JAVA_ARCHIVE_CLASSES\=YES
    export JAVA_ARCHIVE_TYPE\=JAR
    export JAVA_COMPILER\=/usr/bin/javac
    export JAVA_FOLDER_PATH\=Yoga\ of\ EatingUITests.xctest/Java
    export JAVA_FRAMEWORK_RESOURCES_DIRS\=Resources
    export JAVA_JAR_FLAGS\=cv
    export JAVA_SOURCE_SUBDIR\=.
    export JAVA_USE_DEPENDENCIES\=YES
    export JAVA_ZIP_FLAGS\=-urg
    export JIKES_DEFAULT_FLAGS\=+E\ +OLDCSO
    export KEEP_PRIVATE_EXTERNS\=NO
    export LD_DEPENDENCY_INFO_FILE\=/Users/sunil/Library/Developer/Xcode/DerivedData/Yoga_of_Eating-ducgyjnlphnmtmcobbndvvbfdgcp/Build/Intermediates.noindex/Yoga\ of\ Eating.build/Debug-iphonesimulator/Yoga\ of\ EatingUITests.build/Objects-normal/undefined_arch/Yoga\ of\ EatingUITests_dependency_info.dat
    export LD_ENTITLEMENTS_SECTION\=/Users/sunil/Library/Developer/Xcode/DerivedData/Yoga_of_Eating-ducgyjnlphnmtmcobbndvvbfdgcp/Build/Intermediates.noindex/Yoga\ of\ Eating.build/Debug-iphonesimulator/Yoga\ of\ EatingUITests.build/Yoga\ of\ EatingUITests.xctest-Simulated.xcent
    export LD_ENTITLEMENTS_SECTION_DER\=/Users/sunil/Library/Developer/Xcode/DerivedData/Yoga_of_Eating-ducgyjnlphnmtmcobbndvvbfdgcp/Build/Intermediates.noindex/Yoga\ of\ Eating.build/Debug-iphonesimulator/Yoga\ of\ EatingUITests.build/Yoga\ of\ EatingUITests.xctest-Simulated.xcent.der
    export LD_EXPORT_SYMBOLS\=YES
    export LD_GENERATE_MAP_FILE\=NO
    export LD_MAP_FILE_PATH\=/Users/sunil/Library/Developer/Xcode/DerivedData/Yoga_of_Eating-ducgyjnlphnmtmcobbndvvbfdgcp/Build/Intermediates.noindex/Yoga\ of\ Eating.build/Debug-iphonesimulator/Yoga\ of\ EatingUITests.build/Yoga\ of\ EatingUITests-LinkMap-normal-undefined_arch.txt
    export LD_NO_PIE\=NO
    export LD_QUOTE_LINKER_ARGUMENTS_FOR_COMPILER_DRIVER\=YES
    export LD_RUNPATH_SEARCH_PATHS\=\ @loader_path/Frameworks
    export LD_RUNPATH_SEARCH_PATHS_SHALLOW_BUNDLE_NO\=@loader_path/../Frameworks
    export LD_RUNPATH_SEARCH_PATHS_SHALLOW_BUNDLE_YES\=@loader_path/Frameworks
    export LD_SHARED_CACHE_ELIGIBLE\=Automatic
    export LD_WARN_DUPLICATE_LIBRARIES\=NO
    export LD_WARN_UNUSED_DYLIBS\=NO
    export LEGACY_DEVELOPER_DIR\=/Applications/Xcode.app/Contents/PlugIns/Xcode3Core.ideplugin/Contents/SharedSupport/Developer
    export LEX\=lex
    export LIBRARY_DEXT_INSTALL_PATH\=/Library/DriverExtensions
    export LIBRARY_FLAG_NOSPACE\=YES
    export LIBRARY_FLAG_PREFIX\=-l
    export LIBRARY_KEXT_INSTALL_PATH\=/Library/Extensions
    export LIBRARY_SEARCH_PATHS\=/Users/sunil/Library/Developer/Xcode/DerivedData/Yoga_of_Eating-ducgyjnlphnmtmcobbndvvbfdgcp/Build/Products/Debug-iphonesimulator\ \ \ /Applications/Xcode.app/Contents/Developer/Platforms/iPhoneSimulator.platform/Developer/usr/lib
    export LINKER_DISPLAYS_MANGLED_NAMES\=NO
    export LINK_FILE_LIST_normal_arm64\=/Users/sunil/Library/Developer/Xcode/DerivedData/Yoga_of_Eating-ducgyjnlphnmtmcobbndvvbfdgcp/Build/Intermediates.noindex/Yoga\ of\ Eating.build/Debug-iphonesimulator/Yoga\ of\ EatingUITests.build/Objects-normal/arm64/Yoga\ of\ EatingUITests.LinkFileList
    export LINK_OBJC_RUNTIME\=YES
    export LINK_WITH_STANDARD_LIBRARIES\=YES
    export LLVM_TARGET_TRIPLE_OS_VERSION\=ios26.2
    export LLVM_TARGET_TRIPLE_SUFFIX\=-simulator
    export LLVM_TARGET_TRIPLE_VENDOR\=apple
    export LM_AUX_CONST_METADATA_LIST_PATH_normal_arm64\=/Users/sunil/Library/Developer/Xcode/DerivedData/Yoga_of_Eating-ducgyjnlphnmtmcobbndvvbfdgcp/Build/Intermediates.noindex/Yoga\ of\ Eating.build/Debug-iphonesimulator/Yoga\ of\ EatingUITests.build/Objects-normal/arm64/Yoga\ of\ EatingUITests.SwiftConstValuesFileList
    export LOCALIZATION_EXPORT_SUPPORTED\=YES
    export LOCALIZATION_PREFERS_STRING_CATALOGS\=YES
    export LOCALIZED_RESOURCES_FOLDER_PATH\=Yoga\ of\ EatingUITests.xctest/en.lproj
    export LOCALIZED_STRING_CODE_COMMENTS\=NO
    export LOCALIZED_STRING_MACRO_NAMES\=NSLocalizedString\ CFCopyLocalizedString
    export LOCALIZED_STRING_SWIFTUI_SUPPORT\=YES
    export LOCAL_ADMIN_APPS_DIR\=/Applications/Utilities
    export LOCAL_APPS_DIR\=/Applications
    export LOCAL_DEVELOPER_DIR\=/Library/Developer
    export LOCAL_LIBRARY_DIR\=/Library
    export LOCROOT\=/Users/sunil/Downloads/YogaofEating
    export LOCSYMROOT\=/Users/sunil/Downloads/YogaofEating
    export MACH_O_TYPE\=mh_bundle
    export MAC_OS_X_PRODUCT_BUILD_VERSION\=25F71
    export MAC_OS_X_VERSION_ACTUAL\=260500
    export MAC_OS_X_VERSION_MAJOR\=260000
    export MAC_OS_X_VERSION_MINOR\=260500
    export MAKE_MERGEABLE\=NO
    export MARKETING_VERSION\=1.0
    export MERGEABLE_LIBRARY\=NO
    export MERGED_BINARY_TYPE\=none
    export MERGE_LINKED_LIBRARIES\=NO
    export METAL_LIBRARY_FILE_BASE\=default
    export METAL_LIBRARY_OUTPUT_DIR\=/Users/sunil/Library/Developer/Xcode/DerivedData/Yoga_of_Eating-ducgyjnlphnmtmcobbndvvbfdgcp/Build/Products/Debug-iphonesimulator/Yoga\ of\ EatingUITests-Runner.app/PlugIns/Yoga\ of\ EatingUITests.xctest
    export MODULES_FOLDER_PATH\=Yoga\ of\ EatingUITests.xctest/Modules
    export MODULE_CACHE_DIR\=/Users/sunil/Library/Developer/Xcode/DerivedData/ModuleCache.noindex
    export MTL_ENABLE_DEBUG_INFO\=INCLUDE_SOURCE
    export MTL_FAST_MATH\=YES
    export NATIVE_ARCH\=arm64
    export NATIVE_ARCH_32_BIT\=arm
    export NATIVE_ARCH_64_BIT\=arm64
    export NATIVE_ARCH_ACTUAL\=arm64
    export NO_COMMON\=YES
    export OBJC_ABI_VERSION\=2
    export OBJECT_FILE_DIR\=/Users/sunil/Library/Developer/Xcode/DerivedData/Yoga_of_Eating-ducgyjnlphnmtmcobbndvvbfdgcp/Build/Intermediates.noindex/Yoga\ of\ Eating.build/Debug-iphonesimulator/Yoga\ of\ EatingUITests.build/Objects
    export OBJECT_FILE_DIR_normal\=/Users/sunil/Library/Developer/Xcode/DerivedData/Yoga_of_Eating-ducgyjnlphnmtmcobbndvvbfdgcp/Build/Intermediates.noindex/Yoga\ of\ Eating.build/Debug-iphonesimulator/Yoga\ of\ EatingUITests.build/Objects-normal
    export OBJROOT\=/Users/sunil/Library/Developer/Xcode/DerivedData/Yoga_of_Eating-ducgyjnlphnmtmcobbndvvbfdgcp/Build/Intermediates.noindex
    export ONLY_ACTIVE_ARCH\=YES
    export OS\=MACOS
    export OSAC\=/usr/bin/osacompile
    export OTHER_SWIFT_FLAGS\=\ -module-alias\ Testing\=_Testing_Unavailable\ -plugin-path\ /Applications/Xcode.app/Contents/Developer/Toolchains/XcodeDefault.xctoolchain/usr/lib/swift/host/plugins/testing
    export PACKAGE_TYPE\=com.apple.package-type.bundle.unit-test
    export PASCAL_STRINGS\=YES
    export PATH\=/Applications/Xcode.app/Contents/SharedFrameworks/SwiftBuild.framework/Versions/A/PlugIns/SWBBuildService.bundle/Contents/PlugIns/SWBUniversalPlatformPlugin.bundle/Contents/Frameworks/SWBUniversalPlatform.framework/Resources:/Applications/Xcode.app/Contents/Developer/Toolchains/XcodeDefault.xctoolchain/usr/bin:/Applications/Xcode.app/Contents/Developer/Toolchains/XcodeDefault.xctoolchain/usr/local/bin:/Applications/Xcode.app/Contents/Developer/Toolchains/XcodeDefault.xctoolchain/usr/libexec:/Applications/Xcode.app/Contents/Developer/Platforms/iPhoneSimulator.platform/usr/bin:/Applications/Xcode.app/Contents/Developer/Platforms/iPhoneSimulator.platform/usr/local/bin:/Applications/Xcode.app/Contents/Developer/Platforms/iPhoneSimulator.platform/Developer/usr/bin:/Applications/Xcode.app/Contents/Developer/Platforms/iPhoneSimulator.platform/Developer/usr/local/bin:/Applications/Xcode.app/Contents/Developer/usr/bin:/Applications/Xcode.app/Contents/Developer/usr/local/bin:/opt/homebrew/opt/openjdk@21/libexec/openjdk.jdk/Contents/Home/bin:/Users/sunil/.npm-global/bin:/Users/sunil/.antigravity/antigravity/bin:/Users/sunil/.local/bin:/Users/sunil/Library/Android/sdk/platform-tools:/opt/homebrew/opt/openjdk@17/bin:/Users/sunil/Library/Application\ Support/Code/User/globalStorage/github.copilot-chat/debugCommand:/Users/sunil/Library/Application\ Support/Code/User/globalStorage/github.copilot-chat/copilotCli:/opt/homebrew/bin:/opt/homebrew/sbin:/usr/local/bin:/System/Cryptexes/App/usr/bin:/usr/bin:/bin:/usr/sbin:/sbin:/var/run/com.apple.security.cryptexd/codex.system/bootstrap/usr/local/bin:/var/run/com.apple.security.cryptexd/codex.system/bootstrap/usr/bin:/var/run/com.apple.security.cryptexd/codex.system/bootstrap/usr/appleinternal/bin:/pkg/env/global/bin:/Library/Apple/usr/bin:/Users/sunil/.swiftly/bin
    export PATH_PREFIXES_EXCLUDED_FROM_HEADER_DEPENDENCIES\=/usr/include\ /usr/local/include\ /System/Library/Frameworks\ /System/Library/PrivateFrameworks\ /Applications/Xcode.app/Contents/Developer/Headers\ /Applications/Xcode.app/Contents/Developer/SDKs\ /Applications/Xcode.app/Contents/Developer/Platforms
    export PBDEVELOPMENTPLIST_PATH\=Yoga\ of\ EatingUITests.xctest/pbdevelopment.plist
    export PER_ARCH_MODULE_FILE_DIR\=/Users/sunil/Library/Developer/Xcode/DerivedData/Yoga_of_Eating-ducgyjnlphnmtmcobbndvvbfdgcp/Build/Intermediates.noindex/Yoga\ of\ Eating.build/Debug-iphonesimulator/Yoga\ of\ EatingUITests.build/Objects-normal/undefined_arch
    export PER_ARCH_OBJECT_FILE_DIR\=/Users/sunil/Library/Developer/Xcode/DerivedData/Yoga_of_Eating-ducgyjnlphnmtmcobbndvvbfdgcp/Build/Intermediates.noindex/Yoga\ of\ Eating.build/Debug-iphonesimulator/Yoga\ of\ EatingUITests.build/Objects-normal/undefined_arch
    export PER_VARIANT_OBJECT_FILE_DIR\=/Users/sunil/Library/Developer/Xcode/DerivedData/Yoga_of_Eating-ducgyjnlphnmtmcobbndvvbfdgcp/Build/Intermediates.noindex/Yoga\ of\ Eating.build/Debug-iphonesimulator/Yoga\ of\ EatingUITests.build/Objects-normal
    export PKGINFO_FILE_PATH\=/Users/sunil/Library/Developer/Xcode/DerivedData/Yoga_of_Eating-ducgyjnlphnmtmcobbndvvbfdgcp/Build/Intermediates.noindex/Yoga\ of\ Eating.build/Debug-iphonesimulator/Yoga\ of\ EatingUITests.build/PkgInfo
    export PKGINFO_PATH\=Yoga\ of\ EatingUITests.xctest/PkgInfo
    export PLATFORM_DEVELOPER_APPLICATIONS_DIR\=/Applications/Xcode.app/Contents/Developer/Platforms/iPhoneSimulator.platform/Developer/Applications
    export PLATFORM_DEVELOPER_BIN_DIR\=/Applications/Xcode.app/Contents/Developer/Platforms/iPhoneSimulator.platform/Developer/usr/bin
    export PLATFORM_DEVELOPER_LIBRARY_DIR\=/Applications/Xcode.app/Contents/Developer/Platforms/iPhoneSimulator.platform/Developer/Library
    export PLATFORM_DEVELOPER_SDK_DIR\=/Applications/Xcode.app/Contents/Developer/Platforms/iPhoneSimulator.platform/Developer/SDKs
    export PLATFORM_DEVELOPER_TOOLS_DIR\=/Applications/Xcode.app/Contents/Developer/Platforms/iPhoneSimulator.platform/Developer/Tools
    export PLATFORM_DEVELOPER_USR_DIR\=/Applications/Xcode.app/Contents/Developer/Platforms/iPhoneSimulator.platform/Developer/usr
    export PLATFORM_DIR\=/Applications/Xcode.app/Contents/Developer/Platforms/iPhoneSimulator.platform
    export PLATFORM_DISPLAY_NAME\=iOS\ Simulator
    export PLATFORM_FAMILY_NAME\=iOS
    export PLATFORM_NAME\=iphonesimulator
    export PLATFORM_PREFERRED_ARCH\=x86_64
    export PLATFORM_PRODUCT_BUILD_VERSION\=23F73
    export PLATFORM_REQUIRES_SWIFT_AUTOLINK_EXTRACT\=NO
    export PLATFORM_REQUIRES_SWIFT_MODULEWRAP\=NO
    export PLATFORM_USES_DSYMS\=YES
    export PLIST_FILE_OUTPUT_FORMAT\=binary
    export PLUGINS_FOLDER_PATH\=Yoga\ of\ EatingUITests.xctest/PlugIns
    export PRECOMPS_INCLUDE_HEADERS_FROM_BUILT_PRODUCTS_DIR\=YES
    export PRECOMP_DESTINATION_DIR\=/Users/sunil/Library/Developer/Xcode/DerivedData/Yoga_of_Eating-ducgyjnlphnmtmcobbndvvbfdgcp/Build/Intermediates.noindex/Yoga\ of\ Eating.build/Debug-iphonesimulator/Yoga\ of\ EatingUITests.build/PrefixHeaders
    export PRIVATE_HEADERS_FOLDER_PATH\=Yoga\ of\ EatingUITests.xctest/PrivateHeaders
    export PROCESSED_INFOPLIST_PATH\=/Users/sunil/Library/Developer/Xcode/DerivedData/Yoga_of_Eating-ducgyjnlphnmtmcobbndvvbfdgcp/Build/Intermediates.noindex/Yoga\ of\ Eating.build/Debug-iphonesimulator/Yoga\ of\ EatingUITests.build/Objects-normal/undefined_arch/Processed-Info.plist
    export PRODUCT_BUNDLE_IDENTIFIER\=com.yogaofeating.Yoga-of-EatingUITests
    export PRODUCT_BUNDLE_PACKAGE_TYPE\=BNDL
    export PRODUCT_MODULE_NAME\=Yoga_of_EatingUITests
    export PRODUCT_NAME\=Yoga\ of\ EatingUITests
    export PRODUCT_SETTINGS_PATH\=
    export PRODUCT_SPECIFIC_LDFLAGS\=-Xlinker\ -needed_framework\ -Xlinker\ XCTest\ -framework\ XCTest\ -Xlinker\ -needed-lXCTestSwiftSupport\ -lXCTestSwiftSupport
    export PRODUCT_TYPE\=com.apple.product-type.bundle.ui-testing
    export PRODUCT_TYPE_SWIFT_STDLIB_TOOL_FLAGS\=--scan-executable\ \"/Applications/Xcode.app/Contents/Developer/Platforms/iPhoneSimulator.platform/Developer/usr/lib/libXCTestSwiftSupport.dylib\"
    export PROFILING_CODE\=NO
    export PROJECT\=Yoga\ of\ Eating
    export PROJECT_DERIVED_FILE_DIR\=/Users/sunil/Library/Developer/Xcode/DerivedData/Yoga_of_Eating-ducgyjnlphnmtmcobbndvvbfdgcp/Build/Intermediates.noindex/Yoga\ of\ Eating.build/DerivedSources
    export PROJECT_DIR\=/Users/sunil/Downloads/YogaofEating
    export PROJECT_FILE_PATH\=/Users/sunil/Downloads/YogaofEating/Yoga\ of\ Eating.xcodeproj
    export PROJECT_GUID\=6ec78203e59d38cc8c9128f746e6b456
    export PROJECT_NAME\=Yoga\ of\ Eating
    export PROJECT_TEMP_DIR\=/Users/sunil/Library/Developer/Xcode/DerivedData/Yoga_of_Eating-ducgyjnlphnmtmcobbndvvbfdgcp/Build/Intermediates.noindex/Yoga\ of\ Eating.build
    export PROJECT_TEMP_ROOT\=/Users/sunil/Library/Developer/Xcode/DerivedData/Yoga_of_Eating-ducgyjnlphnmtmcobbndvvbfdgcp/Build/Intermediates.noindex
    export PROVISIONING_PROFILE_DESTINATION_PATH\=/Users/sunil/Library/Developer/Xcode/DerivedData/Yoga_of_Eating-ducgyjnlphnmtmcobbndvvbfdgcp/Build/Products/Debug-iphonesimulator/Yoga\ of\ EatingUITests-Runner.app/PlugIns/..
    export PROVISIONING_PROFILE_REQUIRED\=YES
    export PROVISIONING_PROFILE_SUPPORTED\=YES
    export PUBLIC_HEADERS_FOLDER_PATH\=Yoga\ of\ EatingUITests.xctest/Headers
    export RECOMMENDED_IPHONEOS_DEPLOYMENT_TARGET\=15.0
    export RECURSIVE_SEARCH_PATHS_FOLLOW_SYMLINKS\=YES
    export REMOVE_CVS_FROM_RESOURCES\=YES
    export REMOVE_GIT_FROM_RESOURCES\=YES
    export REMOVE_HEADERS_FROM_EMBEDDED_BUNDLES\=YES
    export REMOVE_HG_FROM_RESOURCES\=YES
    export REMOVE_STATIC_EXECUTABLES_FROM_EMBEDDED_BUNDLES\=YES
    export REMOVE_SVN_FROM_RESOURCES\=YES
    export RESCHEDULE_INDEPENDENT_HEADERS_PHASES\=YES
    export REZ_COLLECTOR_DIR\=/Users/sunil/Library/Developer/Xcode/DerivedData/Yoga_of_Eating-ducgyjnlphnmtmcobbndvvbfdgcp/Build/Intermediates.noindex/Yoga\ of\ Eating.build/Debug-iphonesimulator/Yoga\ of\ EatingUITests.build/ResourceManagerResources
    export REZ_OBJECTS_DIR\=/Users/sunil/Library/Developer/Xcode/DerivedData/Yoga_of_Eating-ducgyjnlphnmtmcobbndvvbfdgcp/Build/Intermediates.noindex/Yoga\ of\ Eating.build/Debug-iphonesimulator/Yoga\ of\ EatingUITests.build/ResourceManagerResources/Objects
    export REZ_SEARCH_PATHS\=/Users/sunil/Library/Developer/Xcode/DerivedData/Yoga_of_Eating-ducgyjnlphnmtmcobbndvvbfdgcp/Build/Products/Debug-iphonesimulator\ 
    export RPATH_ORIGIN\=@loader_path
    export RUNTIME_EXCEPTION_ALLOW_DYLD_ENVIRONMENT_VARIABLES\=NO
    export RUNTIME_EXCEPTION_ALLOW_JIT\=NO
    export RUNTIME_EXCEPTION_ALLOW_UNSIGNED_EXECUTABLE_MEMORY\=NO
    export RUNTIME_EXCEPTION_DEBUGGING_TOOL\=NO
    export RUNTIME_EXCEPTION_DISABLE_EXECUTABLE_PAGE_PROTECTION\=NO
    export RUNTIME_EXCEPTION_DISABLE_LIBRARY_VALIDATION\=NO
    export SCANNING_PCM_KEEP_CACHE_DIRECTORY\=YES
    export SCAN_ALL_SOURCE_FILES_FOR_INCLUDES\=NO
    export SCRIPTS_FOLDER_PATH\=Yoga\ of\ EatingUITests.xctest/Scripts
    export SCRIPT_INPUT_FILE_COUNT\=0
    export SCRIPT_INPUT_FILE_LIST_COUNT\=0
    export SCRIPT_OUTPUT_FILE_COUNT\=0
    export SCRIPT_OUTPUT_FILE_LIST_COUNT\=0
    export SDKROOT\=/Applications/Xcode.app/Contents/Developer/Platforms/iPhoneSimulator.platform/Developer/SDKs/iPhoneSimulator26.5.sdk
    export SDK_DIR\=/Applications/Xcode.app/Contents/Developer/Platforms/iPhoneSimulator.platform/Developer/SDKs/iPhoneSimulator26.5.sdk
    export SDK_DIR_iphonesimulator\=/Applications/Xcode.app/Contents/Developer/Platforms/iPhoneSimulator.platform/Developer/SDKs/iPhoneSimulator26.5.sdk
    export SDK_DIR_iphonesimulator26_5\=/Applications/Xcode.app/Contents/Developer/Platforms/iPhoneSimulator.platform/Developer/SDKs/iPhoneSimulator26.5.sdk
    export SDK_NAME\=iphonesimulator26.5
    export SDK_NAMES\=iphonesimulator26.5
    export SDK_PRODUCT_BUILD_VERSION\=23F73
    export SDK_STAT_CACHE_DIR\=/Users/sunil/Library/Developer/Xcode/DerivedData
    export SDK_STAT_CACHE_ENABLE\=YES
    export SDK_STAT_CACHE_PATH\=/Users/sunil/Library/Developer/Xcode/DerivedData/SDKStatCaches.noindex/iphonesimulator26.5-23F73-6cfe768891a92b912361537c460fe42b.sdkstatcache
    export SDK_VERSION\=26.5
    export SDK_VERSION_ACTUAL\=260500
    export SDK_VERSION_MAJOR\=260000
    export SDK_VERSION_MINOR\=260500
    export SED\=/usr/bin/sed
    export SEPARATE_STRIP\=NO
    export SEPARATE_SYMBOL_EDIT\=NO
    export SET_DIR_MODE_OWNER_GROUP\=YES
    export SET_FILE_MODE_OWNER_GROUP\=NO
    export SHALLOW_BUNDLE\=YES
    export SHALLOW_BUNDLE_TRIPLE\=ios-simulator
    export SHALLOW_BUNDLE_ios_macabi\=NO
    export SHALLOW_BUNDLE_macos\=NO
    export SHARED_DERIVED_FILE_DIR\=/Users/sunil/Library/Developer/Xcode/DerivedData/Yoga_of_Eating-ducgyjnlphnmtmcobbndvvbfdgcp/Build/Products/Debug-iphonesimulator/DerivedSources
    export SHARED_FRAMEWORKS_FOLDER_PATH\=Yoga\ of\ EatingUITests.xctest/SharedFrameworks
    export SHARED_PRECOMPS_DIR\=/Users/sunil/Library/Developer/Xcode/DerivedData/Yoga_of_Eating-ducgyjnlphnmtmcobbndvvbfdgcp/Build/Intermediates.noindex/PrecompiledHeaders
    export SHARED_SUPPORT_FOLDER_PATH\=Yoga\ of\ EatingUITests.xctest/SharedSupport
    export SKIP_INSTALL\=YES
    export SKIP_MERGEABLE_LIBRARY_BUNDLE_HOOK\=NO
    export SOURCE_ROOT\=/Users/sunil/Downloads/YogaofEating
    export SRCROOT\=/Users/sunil/Downloads/YogaofEating
    export STRINGSDATA_DIR\=/Users/sunil/Library/Developer/Xcode/DerivedData/Yoga_of_Eating-ducgyjnlphnmtmcobbndvvbfdgcp/Build/Intermediates.noindex/Yoga\ of\ Eating.build/Debug-iphonesimulator/Yoga\ of\ EatingUITests.build/Objects-normal/undefined_arch
    export STRINGSDATA_ROOT\=/Users/sunil/Library/Developer/Xcode/DerivedData/Yoga_of_Eating-ducgyjnlphnmtmcobbndvvbfdgcp/Build/Intermediates.noindex/Yoga\ of\ Eating.build/Debug-iphonesimulator/Yoga\ of\ EatingUITests.build
    export STRINGS_FILE_INFOPLIST_RENAME\=YES
    export STRINGS_FILE_OUTPUT_ENCODING\=binary
    export STRING_CATALOG_GENERATE_SYMBOLS\=NO
    export STRIP_BITCODE_FROM_COPIED_FILES\=NO
    export STRIP_INSTALLED_PRODUCT\=NO
    export STRIP_STYLE\=non-global
    export STRIP_SWIFT_SYMBOLS\=YES
    export SUPPORTED_DEVICE_FAMILIES\=1,2
    export SUPPORTED_PLATFORMS\=iphoneos\ iphonesimulator\ macosx\ xros\ xrsimulator
    export SUPPORTS_MACCATALYST\=NO
    export SUPPORTS_TEXT_BASED_API\=NO
    export SUPPRESS_WARNINGS\=NO
    export SWIFT_ACTIVE_COMPILATION_CONDITIONS\=DEBUG\ 
    export SWIFT_APPROACHABLE_CONCURRENCY\=YES
    export SWIFT_EMIT_CONST_VALUE_PROTOCOLS\=AnyResolverProviding\ AppEntity\ AppEnum\ AppExtension\ AppIntent\ AppIntentsPackage\ AppShortcutProviding\ AppShortcutsProvider\ AppUnionValue\ AppUnionValueCasesProviding\ DynamicOptionsProvider\ EntityQuery\ ExtensionPointDefining\ IntentValueQuery\ Resolver\ TransientEntity\ _AssistantIntentsProvider\ _GenerativeFunctionExtractable\ _IntentValueRepresentable
    export SWIFT_EMIT_LOC_STRINGS\=NO
    export SWIFT_ENABLE_EXPLICIT_MODULES\=YES
    export SWIFT_OPTIMIZATION_LEVEL\=-Onone
    export SWIFT_PLATFORM_TARGET_PREFIX\=ios
    export SWIFT_RESPONSE_FILE_PATH_normal_arm64\=/Users/sunil/Library/Developer/Xcode/DerivedData/Yoga_of_Eating-ducgyjnlphnmtmcobbndvvbfdgcp/Build/Intermediates.noindex/Yoga\ of\ Eating.build/Debug-iphonesimulator/Yoga\ of\ EatingUITests.build/Objects-normal/arm64/Yoga\ of\ EatingUITests.SwiftFileList
    export SWIFT_UPCOMING_FEATURE_MEMBER_IMPORT_VISIBILITY\=YES
    export SWIFT_VERSION\=5.0
    export SYMROOT\=/Users/sunil/Library/Developer/Xcode/DerivedData/Yoga_of_Eating-ducgyjnlphnmtmcobbndvvbfdgcp/Build/Products
    export SYSTEM_ADMIN_APPS_DIR\=/Applications/Utilities
    export SYSTEM_APPS_DIR\=/Applications
    export SYSTEM_CORE_SERVICES_DIR\=/System/Library/CoreServices
    export SYSTEM_DEMOS_DIR\=/Applications/Extras
    export SYSTEM_DEVELOPER_APPS_DIR\=/Applications/Xcode.app/Contents/Developer/Applications
    export SYSTEM_DEVELOPER_BIN_DIR\=/Applications/Xcode.app/Contents/Developer/usr/bin
    export SYSTEM_DEVELOPER_DEMOS_DIR\=/Applications/Xcode.app/Contents/Developer/Applications/Utilities/Built\ Examples
    export SYSTEM_DEVELOPER_DIR\=/Applications/Xcode.app/Contents/Developer
    export SYSTEM_DEVELOPER_DOC_DIR\=/Applications/Xcode.app/Contents/Developer/ADC\ Reference\ Library
    export SYSTEM_DEVELOPER_GRAPHICS_TOOLS_DIR\=/Applications/Xcode.app/Contents/Developer/Applications/Graphics\ Tools
    export SYSTEM_DEVELOPER_JAVA_TOOLS_DIR\=/Applications/Xcode.app/Contents/Developer/Applications/Java\ Tools
    export SYSTEM_DEVELOPER_PERFORMANCE_TOOLS_DIR\=/Applications/Xcode.app/Contents/Developer/Applications/Performance\ Tools
    export SYSTEM_DEVELOPER_RELEASENOTES_DIR\=/Applications/Xcode.app/Contents/Developer/ADC\ Reference\ Library/releasenotes
    export SYSTEM_DEVELOPER_TOOLS\=/Applications/Xcode.app/Contents/Developer/Tools
    export SYSTEM_DEVELOPER_TOOLS_DOC_DIR\=/Applications/Xcode.app/Contents/Developer/ADC\ Reference\ Library/documentation/DeveloperTools
    export SYSTEM_DEVELOPER_TOOLS_RELEASENOTES_DIR\=/Applications/Xcode.app/Contents/Developer/ADC\ Reference\ Library/releasenotes/DeveloperTools
    export SYSTEM_DEVELOPER_USR_DIR\=/Applications/Xcode.app/Contents/Developer/usr
    export SYSTEM_DEVELOPER_UTILITIES_DIR\=/Applications/Xcode.app/Contents/Developer/Applications/Utilities
    export SYSTEM_DEXT_INSTALL_PATH\=/System/Library/DriverExtensions
    export SYSTEM_DOCUMENTATION_DIR\=/Library/Documentation
    export SYSTEM_EXTENSIONS_FOLDER_PATH\=Yoga\ of\ EatingUITests.xctest/SystemExtensions
    export SYSTEM_EXTENSIONS_FOLDER_PATH_SHALLOW_BUNDLE_NO\=Yoga\ of\ EatingUITests.xctest/Library/SystemExtensions
    export SYSTEM_EXTENSIONS_FOLDER_PATH_SHALLOW_BUNDLE_YES\=Yoga\ of\ EatingUITests.xctest/SystemExtensions
    export SYSTEM_FRAMEWORK_SEARCH_PATHS\=\ \ /Applications/Xcode.app/Contents/Developer/Platforms/iPhoneSimulator.platform/Developer/Library/Frameworks\ /Applications/Xcode.app/Contents/Developer/Platforms/iPhoneSimulator.platform/Developer/SDKs/iPhoneSimulator26.5.sdk/Developer/Library/Frameworks
    export SYSTEM_KEXT_INSTALL_PATH\=/System/Library/Extensions
    export SYSTEM_LIBRARY_DIR\=/System/Library
    export TAPI_DEMANGLE\=YES
    export TAPI_ENABLE_PROJECT_HEADERS\=NO
    export TAPI_LANGUAGE\=objective-c
    export TAPI_LANGUAGE_STANDARD\=compiler-default
    export TAPI_USE_SRCROOT\=YES
    export TAPI_VERIFY_MODE\=Pedantic
    export TARGETED_DEVICE_FAMILY\=1,2,7
    export TARGETNAME\=Yoga\ of\ EatingUITests
    export TARGET_BUILD_DIR\=/Users/sunil/Library/Developer/Xcode/DerivedData/Yoga_of_Eating-ducgyjnlphnmtmcobbndvvbfdgcp/Build/Products/Debug-iphonesimulator/Yoga\ of\ EatingUITests-Runner.app/PlugIns
    export TARGET_BUILD_SUBPATH\=/Yoga\ of\ EatingUITests-Runner.app/PlugIns
    export TARGET_DEVICE_IDENTIFIER\=0F23C23C-3966-4E21-AA7A-858ADAA4B3DF
    export TARGET_DEVICE_MODEL\=iPhone18,3
    export TARGET_DEVICE_OS_VERSION\=26.4.1
    export TARGET_DEVICE_PLATFORM_NAME\=iphonesimulator
    export TARGET_NAME\=Yoga\ of\ EatingUITests
    export TARGET_TEMP_DIR\=/Users/sunil/Library/Developer/Xcode/DerivedData/Yoga_of_Eating-ducgyjnlphnmtmcobbndvvbfdgcp/Build/Intermediates.noindex/Yoga\ of\ Eating.build/Debug-iphonesimulator/Yoga\ of\ EatingUITests.build
    export TEMP_DIR\=/Users/sunil/Library/Developer/Xcode/DerivedData/Yoga_of_Eating-ducgyjnlphnmtmcobbndvvbfdgcp/Build/Intermediates.noindex/Yoga\ of\ Eating.build/Debug-iphonesimulator/Yoga\ of\ EatingUITests.build
    export TEMP_FILES_DIR\=/Users/sunil/Library/Developer/Xcode/DerivedData/Yoga_of_Eating-ducgyjnlphnmtmcobbndvvbfdgcp/Build/Intermediates.noindex/Yoga\ of\ Eating.build/Debug-iphonesimulator/Yoga\ of\ EatingUITests.build
    export TEMP_FILE_DIR\=/Users/sunil/Library/Developer/Xcode/DerivedData/Yoga_of_Eating-ducgyjnlphnmtmcobbndvvbfdgcp/Build/Intermediates.noindex/Yoga\ of\ Eating.build/Debug-iphonesimulator/Yoga\ of\ EatingUITests.build
    export TEMP_ROOT\=/Users/sunil/Library/Developer/Xcode/DerivedData/Yoga_of_Eating-ducgyjnlphnmtmcobbndvvbfdgcp/Build/Intermediates.noindex
    export TEMP_SANDBOX_DIR\=/Users/sunil/Library/Developer/Xcode/DerivedData/Yoga_of_Eating-ducgyjnlphnmtmcobbndvvbfdgcp/Build/Intermediates.noindex/TemporaryTaskSandboxes
    export TESTING_FRAMEWORK_MODULE_ALIAS_FLAGS\=-module-alias\ Testing\=_Testing_Unavailable
    export TEST_FRAMEWORK_SEARCH_PATHS\=\ /Applications/Xcode.app/Contents/Developer/Platforms/iPhoneSimulator.platform/Developer/Library/Frameworks\ /Applications/Xcode.app/Contents/Developer/Platforms/iPhoneSimulator.platform/Developer/SDKs/iPhoneSimulator26.5.sdk/Developer/Library/Frameworks
    export TEST_LIBRARY_SEARCH_PATHS\=\ /Applications/Xcode.app/Contents/Developer/Platforms/iPhoneSimulator.platform/Developer/usr/lib
    export TEST_TARGET_NAME\=Yoga\ of\ Eating
    export TOOLCHAINS\=com.apple.dt.toolchain.XcodeDefault
    export TOOLCHAIN_DIR\=/Applications/Xcode.app/Contents/Developer/Toolchains/XcodeDefault.xctoolchain
    export TREAT_MISSING_BASELINES_AS_TEST_FAILURES\=NO
    export TREAT_MISSING_SCRIPT_PHASE_OUTPUTS_AS_ERRORS\=NO
    export TeamIdentifierPrefix\=CCVJR9P725.
    export UID\=501
    export UNINSTALLED_PRODUCTS_DIR\=/Users/sunil/Library/Developer/Xcode/DerivedData/Yoga_of_Eating-ducgyjnlphnmtmcobbndvvbfdgcp/Build/Intermediates.noindex/UninstalledProducts
    export UNLOCALIZED_RESOURCES_FOLDER_PATH\=Yoga\ of\ EatingUITests.xctest
    export UNLOCALIZED_RESOURCES_FOLDER_PATH_SHALLOW_BUNDLE_NO\=Yoga\ of\ EatingUITests.xctest/Resources
    export UNLOCALIZED_RESOURCES_FOLDER_PATH_SHALLOW_BUNDLE_YES\=Yoga\ of\ EatingUITests.xctest
    export UNSTRIPPED_PRODUCT\=NO
    export USER\=sunil
    export USER_APPS_DIR\=/Users/sunil/Applications
    export USER_LIBRARY_DIR\=/Users/sunil/Library
    export USES_XCTRUNNER\=YES
    export USE_DYNAMIC_NO_PIC\=YES
    export USE_HEADERMAP\=YES
    export USE_HEADER_SYMLINKS\=NO
    export VALIDATE_DEVELOPMENT_ASSET_PATHS\=YES_ERROR
    export VALIDATE_PRODUCT\=NO
    export VALID_ARCHS\=arm64\ x86_64
    export VERBOSE_PBXCP\=NO
    export VERSIONPLIST_PATH\=Yoga\ of\ EatingUITests.xctest/version.plist
    export VERSION_INFO_BUILDER\=sunil
    export VERSION_INFO_FILE\=Yoga\ of\ EatingUITests_vers.c
    export VERSION_INFO_STRING\=\"@\(\#\)PROGRAM:Yoga\ of\ EatingUITests\ \ PROJECT:Yoga\ of\ Eating-1\"
    export WORKSPACE_DIR\=/Users/sunil/Downloads/YogaofEating/Yoga\ of\ Eating.xcodeproj
    export WRAPPER_EXTENSION\=xctest
    export WRAPPER_NAME\=Yoga\ of\ EatingUITests.xctest
    export WRAPPER_SUFFIX\=.xctest
    export WRAP_ASSET_PACKS_IN_SEPARATE_DIRECTORIES\=NO
    export XCODE_APP_SUPPORT_DIR\=/Applications/Xcode.app/Contents/Developer/Library/Xcode
    export XCODE_PRODUCT_BUILD_VERSION\=17F42
    export XCODE_VERSION_ACTUAL\=2650
    export XCODE_VERSION_MAJOR\=2600
    export XCODE_VERSION_MINOR\=2650
    export XCTRUNNER_PRODUCT_NAME\=Yoga\ of\ EatingUITests-Runner.app
    export XPCSERVICES_FOLDER_PATH\=Yoga\ of\ EatingUITests.xctest/XPCServices
    export YACC\=yacc
    export _DISCOVER_COMMAND_LINE_LINKER_INPUTS\=YES
    export _DISCOVER_COMMAND_LINE_LINKER_INPUTS_INCLUDE_WL\=YES
    export _LD_MULTIARCH\=YES
    export _WRAPPER_CONTENTS_DIR_SHALLOW_BUNDLE_NO\=/Contents
    export _WRAPPER_PARENT_PATH_SHALLOW_BUNDLE_NO\=/..
    export _WRAPPER_RESOURCES_DIR_SHALLOW_BUNDLE_NO\=/Resources
    export __DIAGNOSE_DEPRECATED_ARCHS\=YES
    export __IS_NOT_MACOS\=YES
    export __IS_NOT_MACOS_macosx\=NO
    export __ORIGINAL_SDK_DEFINED_LLVM_TARGET_TRIPLE_SYS\=ios
    export arch\=undefined_arch
    export variant\=normal
    /bin/sh -c /Users/sunil/Library/Developer/Xcode/DerivedData/Yoga_of_Eating-ducgyjnlphnmtmcobbndvvbfdgcp/Build/Intermediates.noindex/Yoga\\\ of\\\ Eating.build/Debug-iphonesimulator/Yoga\\\ of\\\ EatingUITests.build/Script-2E14653B40B3CCB95435C7E0.sh
Linting Swift files at paths /Users/sunil/Downloads/YogaofEating/
Linting 'HighlightView.swift' (1/4)
Linting 'YogaOfEatingApp.swift' (2/4)
Linting 'ReflectView.swift' (3/4)
Linting 'RootTabView.swift' (4/4)
Done linting! Found 0 violations, 0 serious in 4 files.

CopySwiftLibs /Users/sunil/Library/Developer/Xcode/DerivedData/Yoga_of_Eating-ducgyjnlphnmtmcobbndvvbfdgcp/Build/Products/Debug-iphonesimulator/Yoga\ of\ EatingUITests-Runner.app/PlugIns/Yoga\ of\ EatingUITests.xctest (in target 'Yoga of EatingUITests' from project 'Yoga of Eating')
    cd /Users/sunil/Downloads/YogaofEating
    builtin-swiftStdLibTool --copy --verbose --sign - --scan-executable /Users/sunil/Library/Developer/Xcode/DerivedData/Yoga_of_Eating-ducgyjnlphnmtmcobbndvvbfdgcp/Build/Products/Debug-iphonesimulator/Yoga\ of\ EatingUITests-Runner.app/PlugIns/Yoga\ of\ EatingUITests.xctest/Yoga\ of\ EatingUITests --scan-folder /Users/sunil/Library/Developer/Xcode/DerivedData/Yoga_of_Eating-ducgyjnlphnmtmcobbndvvbfdgcp/Build/Products/Debug-iphonesimulator/Yoga\ of\ EatingUITests-Runner.app/PlugIns/Yoga\ of\ EatingUITests.xctest/Frameworks --scan-folder /Users/sunil/Library/Developer/Xcode/DerivedData/Yoga_of_Eating-ducgyjnlphnmtmcobbndvvbfdgcp/Build/Products/Debug-iphonesimulator/Yoga\ of\ EatingUITests-Runner.app/PlugIns/Yoga\ of\ EatingUITests.xctest/PlugIns --scan-folder /Users/sunil/Library/Developer/Xcode/DerivedData/Yoga_of_Eating-ducgyjnlphnmtmcobbndvvbfdgcp/Build/Products/Debug-iphonesimulator/Yoga\ of\ EatingUITests-Runner.app/PlugIns/Yoga\ of\ EatingUITests.xctest/SystemExtensions --scan-folder /Users/sunil/Library/Developer/Xcode/DerivedData/Yoga_of_Eating-ducgyjnlphnmtmcobbndvvbfdgcp/Build/Products/Debug-iphonesimulator/Yoga\ of\ EatingUITests-Runner.app/PlugIns/Yoga\ of\ EatingUITests.xctest/Extensions --platform iphonesimulator --toolchain /Applications/Xcode.app/Contents/Developer/Toolchains/XcodeDefault.xctoolchain --destination /Users/sunil/Library/Developer/Xcode/DerivedData/Yoga_of_Eating-ducgyjnlphnmtmcobbndvvbfdgcp/Build/Products/Debug-iphonesimulator/Yoga\ of\ EatingUITests-Runner.app/PlugIns/Yoga\ of\ EatingUITests.xctest/Frameworks --strip-bitcode --scan-executable /Applications/Xcode.app/Contents/Developer/Platforms/iPhoneSimulator.platform/Developer/usr/lib/libXCTestSwiftSupport.dylib --strip-bitcode-tool /Applications/Xcode.app/Contents/Developer/Toolchains/XcodeDefault.xctoolchain/usr/bin/bitcode_strip --emit-dependency-info /Users/sunil/Library/Developer/Xcode/DerivedData/Yoga_of_Eating-ducgyjnlphnmtmcobbndvvbfdgcp/Build/Intermediates.noindex/Yoga\ of\ Eating.build/Debug-iphonesimulator/Yoga\ of\ EatingUITests.build/SwiftStdLibToolInputDependencies.dep --filter-for-swift-os

2026-05-15 06:31:46.722506+0530 Yoga of Eating[15816:124257] [Auth] No previous session to restore: We couldn't restore your session. Please sign in again.
2026-05-15 06:31:46.723000+0530 Yoga of Eating[15816:124257] [HistoricalSync] Sync attempted without authenticated user
2026-05-15 06:31:46.679628+0530 Yoga of Eating[15816:124629] [[FirebaseCore]] 12.7.0 - [FirebaseCore][I-COR000003] The default Firebase app has not yet been configured. Add `FirebaseApp.configure()` to your application initialization. This can be done in in the App Delegate's application(_:didFinishLaunchingWithOptions:)` (or the `@main` struct's initializer in SwiftUI). Read more: https://firebase.google.com/docs/ios/setup#initialize_firebase_in_your_app
2026-05-15 06:31:47.129837+0530 Yoga of Eating[15816:124632] [ActivityData] Energy query failed: Authorization not determined
2026-05-15 06:31:47.131308+0530 Yoga of Eating[15816:124626] [ActivityData] Energy query failed: Authorization not determined
2026-05-15 06:31:47.204960+0530 Yoga of Eating[15816:124257] [MainViewModel.Lifecycle] Activity data refreshed
Test Suite 'All tests' started at 2026-05-15 06:31:47.253.
Test Suite 'Yoga of EatingTests.xctest' started at 2026-05-15 06:31:47.253.
Test Suite 'AIAnalysisCoordinatorTests' started at 2026-05-15 06:31:47.254.
Test Case '-[Yoga_of_EatingTests.AIAnalysisCoordinatorTests test_analyzeIfNeeded_cancelsStaleTask_beforeStartingNew]' started.
2026-05-15 06:31:47.256586+0530 Yoga of Eating[15816:124257] [AIAnalysisCoordinator] AI analysis failed (meal redacted for privacy)
Test Case '-[Yoga_of_EatingTests.AIAnalysisCoordinatorTests test_analyzeIfNeeded_cancelsStaleTask_beforeStartingNew]' passed (0.003 seconds).
Test Case '-[Yoga_of_EatingTests.AIAnalysisCoordinatorTests test_analyzeIfNeeded_tracksTaskForMeal]' started.
Test Case '-[Yoga_of_EatingTests.AIAnalysisCoordinatorTests test_analyzeIfNeeded_tracksTaskForMeal]' passed (0.008 seconds).
Test Case '-[Yoga_of_EatingTests.AIAnalysisCoordinatorTests test_cancelAnalysis_cancelsInFlightTask]' started.
2026-05-15 06:31:47.265985+0530 Yoga of Eating[15816:124257] [AIAnalysisCoordinator] AI analysis failed (meal redacted for privacy)
Test Case '-[Yoga_of_EatingTests.AIAnalysisCoordinatorTests test_cancelAnalysis_cancelsInFlightTask]' passed (0.001 seconds).
Test Case '-[Yoga_of_EatingTests.AIAnalysisCoordinatorTests test_onMealScoreUpdated_isCalledAfterAnalysisCompletes]' started.
2026-05-15 06:31:47.115134+0530 Yoga of Eating[15816:124629] [[FirebaseCore]] 12.7.0 - [FirebaseCore][I-COR000003] The default Firebase app has not yet been configured. Add `FirebaseApp.configure()` to your application initialization. This can be done in in the App Delegate's application(_:didFinishLaunchingWithOptions:)` (or the `@main` struct's initializer in SwiftUI). Read more: https://firebase.google.com/docs/ios/setup#initialize_firebase_in_your_app
2026-05-15 06:31:47.288146+0530 Yoga of Eating[15816:124629] [[FirebaseCore]] 12.7.0 - [FirebaseCore][I-COR000003] The default Firebase app has not yet been configured. Add `FirebaseApp.configure()` to your application initialization. This can be done in in the App Delegate's application(_:didFinishLaunchingWithOptions:)` (or the `@main` struct's initializer in SwiftUI). Read more: https://firebase.google.com/docs/ios/setup#initialize_firebase_in_your_app
2026-05-15 06:31:47.311797+0530 Yoga of Eating[15816:124629] [[FirebaseCore]] 12.7.0 - [FirebaseCore][I-COR000003] The default Firebase app has not yet been configured. Add `FirebaseApp.configure()` to your application initialization. This can be done in in the App Delegate's application(_:didFinishLaunchingWithOptions:)` (or the `@main` struct's initializer in SwiftUI). Read more: https://firebase.google.com/docs/ios/setup#initialize_firebase_in_your_app
2026-05-15 06:31:47.329659+0530 Yoga of Eating[15816:124629] [[FirebaseCore]] 12.7.0 - [FirebaseCore][I-COR000003] The default Firebase app has not yet been configured. Add `FirebaseApp.configure()` to your application initialization. This can be done in in the App Delegate's application(_:didFinishLaunchingWithOptions:)` (or the `@main` struct's initializer in SwiftUI). Read more: https://firebase.google.com/docs/ios/setup#initialize_firebase_in_your_app
Test Case '-[Yoga_of_EatingTests.AIAnalysisCoordinatorTests test_onMealScoreUpdated_isCalledAfterAnalysisCompletes]' passed (0.202 seconds).
Test Case '-[Yoga_of_EatingTests.AIAnalysisCoordinatorTests test_onMealScoreUpdated_isCalledOnMainActor]' started.
Test Case '-[Yoga_of_EatingTests.AIAnalysisCoordinatorTests test_onMealScoreUpdated_isCalledOnMainActor]' passed (0.205 seconds).
Test Suite 'AIAnalysisCoordinatorTests' passed at 2026-05-15 06:31:47.674.
	 Executed 5 tests, with 0 failures (0 unexpected) in 0.419 (0.420) seconds
Test Suite 'AIAnalysisIntegrationTests' started at 2026-05-15 06:31:47.674.
Test Case '-[Yoga_of_EatingTests.AIAnalysisIntegrationTests test_aiFailure_allowsRetryOnNextDone]' started.
2026-05-15 06:31:47.686721+0530 Yoga of Eating[15816:124257] [AIAnalysisCoordinator] AI analysis failed (meal redacted for privacy)
2026-05-15 06:31:47.683253+0530 Yoga of Eating[15816:124606] [[FirebaseCore]] 12.7.0 - [FirebaseCore][I-COR000003] The default Firebase app has not yet been configured. Add `FirebaseApp.configure()` to your application initialization. This can be done in in the App Delegate's application(_:didFinishLaunchingWithOptions:)` (or the `@main` struct's initializer in SwiftUI). Read more: https://firebase.google.com/docs/ios/setup#initialize_firebase_in_your_app
Test Case '-[Yoga_of_EatingTests.AIAnalysisIntegrationTests test_aiFailure_allowsRetryOnNextDone]' passed (0.214 seconds).
Test Case '-[Yoga_of_EatingTests.AIAnalysisIntegrationTests test_aiFailure_doesNotMarkMealAsAnalyzed]' started.
2026-05-15 06:31:47.889361+0530 Yoga of Eating[15816:124257] [AIAnalysis] AI analysis failed (meal redacted for privacy)
Test Case '-[Yoga_of_EatingTests.AIAnalysisIntegrationTests test_aiFailure_doesNotMarkMealAsAnalyzed]' passed (0.001 seconds).
Test Case '-[Yoga_of_EatingTests.AIAnalysisIntegrationTests test_aiFailure_preservesLocalScore]' started.
2026-05-15 06:31:47.890276+0530 Yoga of Eating[15816:124257] [AIAnalysis] AI analysis failed (meal redacted for privacy)
Test Case '-[Yoga_of_EatingTests.AIAnalysisIntegrationTests test_aiFailure_preservesLocalScore]' passed (0.001 seconds).
Test Case '-[Yoga_of_EatingTests.AIAnalysisIntegrationTests test_concurrentDoneTaps_onlyCallAIOnce]' started.
Test Case '-[Yoga_of_EatingTests.AIAnalysisIntegrationTests test_concurrentDoneTaps_onlyCallAIOnce]' passed (0.001 seconds).
Test Case '-[Yoga_of_EatingTests.AIAnalysisIntegrationTests test_contentChange_resetsAIFlag_andRetriggers]' started.
2026-05-15 06:31:47.931950+0530 Yoga of Eating[15816:124628] Could not get attrs using token.pid for connection com.apple.xpc.anonymous.0x10b985cc0.peer[15846].0x10b745c80, pid -1: 144: Requestor lacks required entitlement
2026-05-15 06:31:47.891183+0530 Yoga of Eating[15816:124627] [[FirebaseCore]] 12.7.0 - [FirebaseCore][I-COR000003] The default Firebase app has not yet been configured. Add `FirebaseApp.configure()` to your application initialization. This can be done in in the App Delegate's application(_:didFinishLaunchingWithOptions:)` (or the `@main` struct's initializer in SwiftUI). Read more: https://firebase.google.com/docs/ios/setup#initialize_firebase_in_your_app
2026-05-15 06:31:47.959336+0530 Yoga of Eating[15816:124627] [[FirebaseCore]] 12.7.0 - [FirebaseCore][I-COR000003] The default Firebase app has not yet been configured. Add `FirebaseApp.configure()` to your application initialization. This can be done in in the App Delegate's application(_:didFinishLaunchingWithOptions:)` (or the `@main` struct's initializer in SwiftUI). Read more: https://firebase.google.com/docs/ios/setup#initialize_firebase_in_your_app
2026-05-15 06:31:47.976514+0530 Yoga of Eating[15816:124627] [[FirebaseCore]] 12.7.0 - [FirebaseCore][I-COR000003] The default Firebase app has not yet been configured. Add `FirebaseApp.configure()` to your application initialization. This can be done in in the App Delegate's application(_:didFinishLaunchingWithOptions:)` (or the `@main` struct's initializer in SwiftUI). Read more: https://firebase.google.com/docs/ios/setup#initialize_firebase_in_your_app
2026-05-15 06:31:47.988905+0530 Yoga of Eating[15816:124627] [[FirebaseCore]] 12.7.0 - [FirebaseCore][I-COR000003] The default Firebase app has not yet been configured. Add `FirebaseApp.configure()` to your application initialization. This can be done in in the App Delegate's application(_:didFinishLaunchingWithOptions:)` (or the `@main` struct's initializer in SwiftUI). Read more: https://firebase.google.com/docs/ios/setup#initialize_firebase_in_your_app
Test Case '-[Yoga_of_EatingTests.AIAnalysisIntegrationTests test_contentChange_resetsAIFlag_andRetriggers]' passed (0.204 seconds).
Test Case '-[Yoga_of_EatingTests.AIAnalysisIntegrationTests test_defaultInit_logicServiceIsAIAnalysisProvider]' started.
Test Case '-[Yoga_of_EatingTests.AIAnalysisIntegrationTests test_defaultInit_logicServiceIsAIAnalysisProvider]' passed (0.002 seconds).
Test Case '-[Yoga_of_EatingTests.AIAnalysisIntegrationTests test_defaultInit_performDeepAnalysis_reachesAIProvider]' started.
Test Case '-[Yoga_of_EatingTests.AIAnalysisIntegrationTests test_defaultInit_performDeepAnalysis_reachesAIProvider]' passed (0.001 seconds).
Test Case '-[Yoga_of_EatingTests.AIAnalysisIntegrationTests test_multiMeal_smileyReflectsAverageAiScore]' started.
Test Case '-[Yoga_of_EatingTests.AIAnalysisIntegrationTests test_multiMeal_smileyReflectsAverageAiScore]' passed (0.001 seconds).
Test Case '-[Yoga_of_EatingTests.AIAnalysisIntegrationTests test_pipeline_aiScore_savedToPersistence]' started.
Test Case '-[Yoga_of_EatingTests.AIAnalysisIntegrationTests test_pipeline_aiScore_savedToPersistence]' passed (0.001 seconds).
Test Case '-[Yoga_of_EatingTests.AIAnalysisIntegrationTests test_pipeline_checkmark_triggersAIScore]' started.
2026-05-15 06:31:48.097794+0530 Yoga of Eating[15816:124629] [[FirebaseCore]] 12.7.0 - [FirebaseCore][I-COR000003] The default Firebase app has not yet been configured. Add `FirebaseApp.configure()` to your application initialization. This can be done in in the App Delegate's application(_:didFinishLaunchingWithOptions:)` (or the `@main` struct's initializer in SwiftUI). Read more: https://firebase.google.com/docs/ios/setup#initialize_firebase_in_your_app
2026-05-15 06:31:48.103485+0530 Yoga of Eating[15816:124629] [[FirebaseCore]] 12.7.0 - [FirebaseCore][I-COR000003] The default Firebase app has not yet been configured. Add `FirebaseApp.configure()` to your application initialization. This can be done in in the App Delegate's application(_:didFinishLaunchingWithOptions:)` (or the `@main` struct's initializer in SwiftUI). Read more: https://firebase.google.com/docs/ios/setup#initialize_firebase_in_your_app
2026-05-15 06:31:48.104275+0530 Yoga of Eating[15816:124629] [[FirebaseCore]] 12.7.0 - [FirebaseCore][I-COR000003] The default Firebase app has not yet been configured. Add `FirebaseApp.configure()` to your application initialization. This can be done in in the App Delegate's application(_:didFinishLaunchingWithOptions:)` (or the `@main` struct's initializer in SwiftUI). Read more: https://firebase.google.com/docs/ios/setup#initialize_firebase_in_your_app
2026-05-15 06:31:48.104734+0530 Yoga of Eating[15816:124629] [[FirebaseCore]] 12.7.0 - [FirebaseCore][I-COR000003] The default Firebase app has not yet been configured. Add `FirebaseApp.configure()` to your application initialization. This can be done in in the App Delegate's application(_:didFinishLaunchingWithOptions:)` (or the `@main` struct's initializer in SwiftUI). Read more: https://firebase.google.com/docs/ios/setup#initialize_firebase_in_your_app
2026-05-15 06:31:48.104963+0530 Yoga of Eating[15816:124629] [[FirebaseCore]] 12.7.0 - [FirebaseCore][I-COR000003] The default Firebase app has not yet been configured. Add `FirebaseApp.configure()` to your application initialization. This can be done in in the App Delegate's application(_:didFinishLaunchingWithOptions:)` (or the `@main` struct's initializer in SwiftUI). Read more: https://firebase.google.com/docs/ios/setup#initialize_firebase_in_your_app
2026-05-15 06:31:48.111527+0530 Yoga of Eating[15816:124629] [[FirebaseCore]] 12.7.0 - [FirebaseCore][I-COR000003] The default Firebase app has not yet been configured. Add `FirebaseApp.configure()` to your application initialization. This can be done in in the App Delegate's application(_:didFinishLaunchingWithOptions:)` (or the `@main` struct's initializer in SwiftUI). Read more: https://firebase.google.com/docs/ios/setup#initialize_firebase_in_your_app
2026-05-15 06:31:48.111848+0530 Yoga of Eating[15816:124629] [[FirebaseCore]] 12.7.0 - [FirebaseCore][I-COR000003] The default Firebase app has not yet been configured. Add `FirebaseApp.configure()` to your application initialization. This can be done in in the App Delegate's application(_:didFinishLaunchingWithOptions:)` (or the `@main` struct's initializer in SwiftUI). Read more: https://firebase.google.com/docs/ios/setup#initialize_firebase_in_your_app
2026-05-15 06:31:48.112067+0530 Yoga of Eating[15816:124629] [[FirebaseCore]] 12.7.0 - [FirebaseCore][I-COR000003] The default Firebase app has not yet been configured. Add `FirebaseApp.configure()` to your application initialization. This can be done in in the App Delegate's application(_:didFinishLaunchingWithOptions:)` (or the `@main` struct's initializer in SwiftUI). Read more: https://firebase.google.com/docs/ios/setup#initialize_firebase_in_your_app
Test Case '-[Yoga_of_EatingTests.AIAnalysisIntegrationTests test_pipeline_checkmark_triggersAIScore]' passed (0.214 seconds).
Test Case '-[Yoga_of_EatingTests.AIAnalysisIntegrationTests test_secondDoneAfterAiComplete_doesNotRetrigger_whenContentUnchanged]' started.
2026-05-15 06:31:48.317198+0530 Yoga of Eating[15816:124626] [[FirebaseCore]] 12.7.0 - [FirebaseCore][I-COR000003] The default Firebase app has not yet been configured. Add `FirebaseApp.configure()` to your application initialization. This can be done in in the App Delegate's application(_:didFinishLaunchingWithOptions:)` (or the `@main` struct's initializer in SwiftUI). Read more: https://firebase.google.com/docs/ios/setup#initialize_firebase_in_your_app
Test Case '-[Yoga_of_EatingTests.AIAnalysisIntegrationTests test_secondDoneAfterAiComplete_doesNotRetrigger_whenContentUnchanged]' passed (0.414 seconds).
Test Case '-[Yoga_of_EatingTests.AIAnalysisIntegrationTests test_singleHighScoreMeal_setsSerenemood]' started.
Test Case '-[Yoga_of_EatingTests.AIAnalysisIntegrationTests test_singleHighScoreMeal_setsSerenemood]' passed (0.001 seconds).
Test Case '-[Yoga_of_EatingTests.AIAnalysisIntegrationTests test_singleLowScoreMeal_setsOverwhelmedMood]' started.
Test Case '-[Yoga_of_EatingTests.AIAnalysisIntegrationTests test_singleLowScoreMeal_setsOverwhelmedMood]' passed (0.001 seconds).
Test Case '-[Yoga_of_EatingTests.AIAnalysisIntegrationTests test_whitespaceOnlyChange_doesNotRetrigger]' started.
2026-05-15 06:31:48.731863+0530 Yoga of Eating[15816:124626] [[FirebaseCore]] 12.7.0 - [FirebaseCore][I-COR000003] The default Firebase app has not yet been configured. Add `FirebaseApp.configure()` to your application initialization. This can be done in in the App Delegate's application(_:didFinishLaunchingWithOptions:)` (or the `@main` struct's initializer in SwiftUI). Read more: https://firebase.google.com/docs/ios/setup#initialize_firebase_in_your_app
2026-05-15 06:31:48.734208+0530 Yoga of Eating[15816:124626] [[FirebaseCore]] 12.7.0 - [FirebaseCore][I-COR000003] The default Firebase app has not yet been configured. Add `FirebaseApp.configure()` to your application initialization. This can be done in in the App Delegate's application(_:didFinishLaunchingWithOptions:)` (or the `@main` struct's initializer in SwiftUI). Read more: https://firebase.google.com/docs/ios/setup#initialize_firebase_in_your_app
2026-05-15 06:31:48.734794+0530 Yoga of Eating[15816:124626] [[FirebaseCore]] 12.7.0 - [FirebaseCore][I-COR000003] The default Firebase app has not yet been configured. Add `FirebaseApp.configure()` to your application initialization. This can be done in in the App Delegate's application(_:didFinishLaunchingWithOptions:)` (or the `@main` struct's initializer in SwiftUI). Read more: https://firebase.google.com/docs/ios/setup#initialize_firebase_in_your_app
Test Case '-[Yoga_of_EatingTests.AIAnalysisIntegrationTests test_whitespaceOnlyChange_doesNotRetrigger]' passed (0.405 seconds).
Test Suite 'AIAnalysisIntegrationTests' passed at 2026-05-15 06:31:49.138.
	 Executed 14 tests, with 0 failures (0 unexpected) in 1.461 (1.464) seconds
Test Suite 'AILogicServiceParseResponseTests' started at 2026-05-15 06:31:49.139.
Test Case '-[Yoga_of_EatingTests.AILogicServiceParseResponseTests test_parseResponse_doubleNSNumber_extractsEstimatedCalories]' started.
Test Case '-[Yoga_of_EatingTests.AILogicServiceParseResponseTests test_parseResponse_doubleNSNumber_extractsEstimatedCalories]' passed (0.002 seconds).
Test Case '-[Yoga_of_EatingTests.AILogicServiceParseResponseTests test_parseResponse_emptyDict_returnsDefaults]' started.
Test Case '-[Yoga_of_EatingTests.AILogicServiceParseResponseTests test_parseResponse_emptyDict_returnsDefaults]' passed (0.001 seconds).
Test Case '-[Yoga_of_EatingTests.AILogicServiceParseResponseTests test_parseResponse_healthScore_usesNSNumberBridge]' started.
Test Case '-[Yoga_of_EatingTests.AILogicServiceParseResponseTests test_parseResponse_healthScore_usesNSNumberBridge]' passed (0.001 seconds).
Test Case '-[Yoga_of_EatingTests.AILogicServiceParseResponseTests test_parseResponse_intNSNumber_extractsEstimatedCalories]' started.
Test Case '-[Yoga_of_EatingTests.AILogicServiceParseResponseTests test_parseResponse_intNSNumber_extractsEstimatedCalories]' passed (0.001 seconds).
Test Case '-[Yoga_of_EatingTests.AILogicServiceParseResponseTests test_parseResponse_missingEstimatedCalories_returnsNil]' started.
Test Case '-[Yoga_of_EatingTests.AILogicServiceParseResponseTests test_parseResponse_missingEstimatedCalories_returnsNil]' passed (0.001 seconds).
Test Case '-[Yoga_of_EatingTests.AILogicServiceParseResponseTests test_parseResponse_nullEstimatedCalories_returnsNil]' started.
Test Case '-[Yoga_of_EatingTests.AILogicServiceParseResponseTests test_parseResponse_nullEstimatedCalories_returnsNil]' passed (0.005 seconds).
Test Case '-[Yoga_of_EatingTests.AILogicServiceParseResponseTests test_parseResponse_unknownMood_fallsBackToNeutral]' started.
Test Case '-[Yoga_of_EatingTests.AILogicServiceParseResponseTests test_parseResponse_unknownMood_fallsBackToNeutral]' passed (0.001 seconds).
Test Suite 'AILogicServiceParseResponseTests' passed at 2026-05-15 06:31:49.154.
	 Executed 7 tests, with 0 failures (0 unexpected) in 0.012 (0.015) seconds
Test Suite 'AILogicServiceTests' started at 2026-05-15 06:31:49.154.
Test Case '-[Yoga_of_EatingTests.AILogicServiceTests test_aiLogicService_conformsToAIAnalysisProvider]' started.
2026-05-15 06:31:49.155119+0530 Yoga of Eating[15816:124632] [[FirebaseCore]] 12.7.0 - [FirebaseCore][I-COR000003] The default Firebase app has not yet been configured. Add `FirebaseApp.configure()` to your application initialization. This can be done in in the App Delegate's application(_:didFinishLaunchingWithOptions:)` (or the `@main` struct's initializer in SwiftUI). Read more: https://firebase.google.com/docs/ios/setup#initialize_firebase_in_your_app
Test Case '-[Yoga_of_EatingTests.AILogicServiceTests test_aiLogicService_conformsToAIAnalysisProvider]' passed (0.004 seconds).
Test Case '-[Yoga_of_EatingTests.AILogicServiceTests test_aiLogicService_conformsToMealInsightProvider]' started.
2026-05-15 06:31:49.159627+0530 Yoga of Eating[15816:124627] [[FirebaseCore]] 12.7.0 - [FirebaseCore][I-COR000003] The default Firebase app has not yet been configured. Add `FirebaseApp.configure()` to your application initialization. This can be done in in the App Delegate's application(_:didFinishLaunchingWithOptions:)` (or the `@main` struct's initializer in SwiftUI). Read more: https://firebase.google.com/docs/ios/setup#initialize_firebase_in_your_app
Test Case '-[Yoga_of_EatingTests.AILogicServiceTests test_aiLogicService_conformsToMealInsightProvider]' passed (0.004 seconds).
Test Case '-[Yoga_of_EatingTests.AILogicServiceTests test_analyzeMealQuality_doesNotThrow_whenFunctionsNil]' started.
2026-05-15 06:31:49.164434+0530 Yoga of Eating[15816:124257] [AILogicService] Firebase Functions not available — returning defaults
2026-05-15 06:31:49.164377+0530 Yoga of Eating[15816:124626] [[FirebaseCore]] 12.7.0 - [FirebaseCore][I-COR000003] The default Firebase app has not yet been configured. Add `FirebaseApp.configure()` to your application initialization. This can be done in in the App Delegate's application(_:didFinishLaunchingWithOptions:)` (or the `@main` struct's initializer in SwiftUI). Read more: https://firebase.google.com/docs/ios/setup#initialize_firebase_in_your_app
Test Case '-[Yoga_of_EatingTests.AILogicServiceTests test_analyzeMealQuality_doesNotThrow_whenFunctionsNil]' passed (0.001 seconds).
Test Case '-[Yoga_of_EatingTests.AILogicServiceTests test_analyzeMealQuality_returnsFallback_whenFunctionsNil]' started.
2026-05-15 06:31:49.165698+0530 Yoga of Eating[15816:124257] [AILogicService] Firebase Functions not available — returning defaults
2026-05-15 06:31:49.165695+0530 Yoga of Eating[15816:124606] [[FirebaseCore]] 12.7.0 - [FirebaseCore][I-COR000003] The default Firebase apTest Case '-[Yoga_of_EatingTests.AILogicServiceTests test_analyzeMealQuality_returnsFallback_whenFunctionsNil]' passed (0.001 seconds).
p has not yet been configured. Add `FirebaseApp.configure()` to your application initialization. This can be done in in the App Delegate's application(_:didFinishLaunchingWithOptions:)` (or the `@main` struct's initializer in SwiftUI). Read more: https://firebase.google.com/docs/ios/setup#initialize_firebase_in_your_app
Test Case '-[Yoga_of_EatingTests.AILogicServiceTests test_calculateHealthScore_array_returnsHalf]' started.
2026-05-15 06:31:49.168065+0530 Yoga of Eating[15816:124632] [[FirebaseCore]] 12.7.0 - [FirebaseCore][I-COR000003] The default Firebase app has not yet been configured. Add `FirebaseApp.configure()` to your application initialization. This can be done in in the App Delegate's application(_:didFinishLaunchingWithOptions:)` (or the `@main` struct's initializer in SwiftUI). Read more: https://firebase.google.com/docs/ios/setup#initialize_firebase_in_your_app
Test Case '-[Yoga_of_EatingTests.AILogicServiceTests test_calculateHealthScore_array_returnsHalf]' passed (0.001 seconds).
Test Case '-[Yoga_of_EatingTests.AILogicServiceTests test_calculateHealthScore_emptyArray_returnsHalf]' started.
2026-05-15 06:31:49.168834+0530 Yoga of Eating[15816:124628] [[FirebaseCore]] 12.7.0 - [FirebaseCore][I-COR000003] The default Firebase app has not yet been configTest Case '-[Yoga_of_EatingTests.AILogicServiceTests test_calculateHealthScore_emptyArray_returnsHalf]' passed (0.001 seconds).
ured. Add `FirebaseApp.configure()` to your application initialization. This can be done in in the App Delegate's application(_:didFinishLaunchingWithOptions:)` (or the `@main` struct's initializer in SwiftUI). Read more: https://firebase.google.com/docs/ios/setup#initialize_firebase_in_your_app
Test Case '-[Yoga_of_EatingTests.AILogicServiceTests test_calculateHealthScore_emptyString_returnsHalf]' started.
Test Case '-[Yoga_of_EatingTests.AILogicServiceTests test_calculateHealthScore_emptyString_returnsHalf]' passed (0.000 seconds).
2026-05-15 06:31:49.170175+0530 Yoga of Eating[15816:124628] [[FirebaseCore]] 12.7.0 - [FirebaseCore][I-COR000003] The default Firebase app has not yet been configured. Add `FirebaseApp.configure()` to your application initialization. This can be done in in the App Delegate's application(_:didFinishLaunchingWithOptions:)` (or the `@main` struct's initializer in SwiftUI). Read more: https://firebase.google.com/docs/ios/setup#initialize_firebase_in_your_app
Test Case '-[Yoga_of_EatingTests.AILogicServiceTests test_calculateHealthScore_string_returnsHalf]' started.
2026-05-15 06:31:49.170878+0530 Yoga of Eating[15816:124627] [[FirebaseCore]] 12.7.0 - [FirebaseCore][I-COR000003] The default Firebase app has not yet been configured. Add `FirebaseApp.configure()` to your application initialization. This can be done in in the App Delegate's applicationTest Case '-[Yoga_of_EatingTests.AILogicServiceTests test_calculateHealthScore_string_returnsHalf]' passed (0.000 seconds).
(_:didFinishLaunchingWithOptions:)` (or the `@main` struct's initializer in SwiftUI). Read more: https://firebase.google.com/docs/ios/setup#initialize_firebase_in_your_app
Test Case '-[Yoga_of_EatingTests.AILogicServiceTests test_calculateNextState_clampsScaleAtMax]' started.
2026-05-15 06:31:49.173544+0530 Yoga of Eating[15816:124606] [[FirebaseCore]] 12.7.0 - [FirebaseCore][I-COR000003] The default Firebase app has not yet been configured. Add `FirebaseApp.configure()` to your application initialization. This can be done in in the App Delegate's application(_:didFinishLaunchingWithOptions:)` (or the `@main` struct's initializer in SwiftUI). Read more: https://firebase.google.com/docs/ios/setup#initialize_firebase_in_your_app
Test Case '-[Yoga_of_EatingTests.AILogicServiceTests test_calculateNextState_clampsScaleAtMax]' passed (0.000 seconds).
Test Case '-[Yoga_of_EatingTests.AILogicServiceTests test_calculateNextState_clampsScaleAtMin]' started.
Test Case '-[Yoga_of_EatingTests.AILogicServiceTests test_calculateNextState_clampsScaleAtMin]' passed (0.000 seconds).
2026-05-15 06:31:49.174272+0530 Yoga of Eating[15816:124606] [[FirebaseCore]] 12.7.0 - [FirebaseCore][I-COR000003] The default Firebase app has not yet been confiTest Case '-[Yoga_of_EatingTests.AILogicServiceTests test_calculateNextState_healthyScore_shrinksSmiley]' started.
gured. Add `FirebaseApp.configure()` to your application initialization. This can be done in in the App Delegate's application(_:didFinishLaunchingWithOptions:)` (or the `@main` struct's initializer in SwiftUI). Read more: https://firebase.google.com/docs/ios/setup#initialize_firebase_in_your_app
Test Case '-[Yoga_of_EatingTests.AILogicServiceTests test_calculateNextState_healthyScore_shrinksSmiley]' passed (0.001 seconds).
Test Case '-[Yoga_of_EatingTests.AILogicServiceTests test_calculateNextState_neutralScore_keepsNeutralMood]' started.
2026-05-15 06:31:49.176221+0530 Yoga of Eating[15816:124606] [[FirebaseCore]] 12.7.0 - [FirebaseCore][I-COR000003] The default Firebase app has not yet been configured. Add `FirebaseApp.configure()` to your application initialization. This can be done in in the App Delegate's application(_:didFinishLaunchingWithOptions:)` (or the `@main` struct's initializer in SwiftUI). Read more: https://firebase.google.com/docs/ios/setup#initialize_firebase_in_your_app
2026-05-15 06:31:49.176635+0530 Yoga of Eating[15816:124606] [[FirebaseCore]] 12.7.0 - [FirebaseCore][I-COR000003] The default Firebase app has not yet been configured. Add `FirebaseApp.configure()` to your application initialization. This can be done in in the App Delegate's aTest Case '-[Yoga_of_EatingTests.AILogicServiceTests test_calculateNextState_neutralScore_keepsNeutralMood]' passed (0.000 seconds).
pplication(_:didFinishLaunchingWithOptions:)` (or the `@main` struct's initializer in SwiftUI). Read more: https://firebase.google.com/docs/ios/setup#initialize_firebase_in_your_app
Test Case '-[Yoga_of_EatingTests.AILogicServiceTests test_calculateNextState_unhealthyScore_growsSmiley]' started.
Test Case '-[Yoga_of_EatingTests.AILogicServiceTests test_calculateNextState_unhealthyScore_growsSmiley]' passed (0.000 seconds).
2026-05-15 06:31:49.177835+0530 Yoga of Eating[15816:124628] [[FirebaseCore]] 12.7.0 - [FirebaseCore][I-COR000003] The default Firebase app has not yet been configured. Add `FirebaseApp.configure()` to your application initialization. This can be done in in the App Delegate's application(_:didFinishLaunchingWithOptions:)` (or the `@main` struct's initializer in SwiftUI). Read more: https://firebase.google.com/docs/ios/setup#initialize_firebase_in_your_app
Test Case '-[Yoga_of_EatingTests.AILogicServiceTests test_getDetailedInsight_doesNotThrow_whenFunctionsNil]' started.
2026-05-15 06:31:49.178552+0530 Yoga of Eating[15816:124257] [AILogicService] Firebase Functions not available — returning fallback insight
20Test Case '-[Yoga_of_EatingTests.AILogicServiceTests test_getDetailedInsight_doesNotThrow_whenFunctionsNil]' passed (0.001 seconds).
26-05-15 06:31:49.178550+0530 Yoga of Eating[15816:124628] [[FirebaseCore]] 12.7.0 - [FirebaseCore][I-COR000003] The default Firebase app has not yet been configured. Add `FirebaseApp.configure()` to your application initialization. This can be done in in the App Delegate's application(_:didFinishLaunchingWithOptions:)` (or the `@main` struct's initializer in SwiftUI). Read more: https://firebase.google.com/docs/ios/setup#initialize_firebase_in_your_app
Test Case '-[Yoga_of_EatingTests.AILogicServiceTests test_getDetailedInsight_returnsFallback_whenFunctionsNil]' started.
2026-05-15 06:31:49.180169+0530 Yoga of Eating[15816:124257] [AILogicService] Firebase Functions not available — returning fallback insight
2026-05-15 06:31:49.180219+0530 Yoga of Eating[15816:124606] [[FirebaseCore]] 12.7.0 - [FirebaseCore][I-COR000003] The default Firebase app has not yet been configured. Add `FirebaseApp.configure()` to your application initialization. This can be done in in the App Delegate's application(_:didFinishLaunchingWithOptions:)` (or the `@main` struct's initializer in SwiftUI). Read more: https://firebase.google.com/docs/ios/setup#initialize_firebase_in_your_app
Test Case '-[Yoga_of_EatingTests.AILogicServiceTests test_getDetailedInsight_returnsFallback_whenFunctionsNil]' passed (0.001 seconds).
Test Case '-[Yoga_of_EatingTests.AILogicServiceTests test_smileyMood_init_isCaseInsensitive]' started.
2026-05-15 06:31:49.180951+0530 Yoga of Eating[15816:124628] [[FirebaseCore]] 12.7.0 - [FirebaseCore][I-COR000003] The default Firebase app has nTest Case '-[Yoga_of_EatingTests.AILogicServiceTests test_smileyMood_init_isCaseInsensitive]' passed (0.001 seconds).
ot yet been configured. Add `FirebaseApp.configure()` to your application initialization. This can be done in in the App Delegate's application(_:didFinishLaunchingWithOptions:)` (or the `@main` struct's initializer in SwiftUI). Read more: https://firebase.google.com/docs/ios/setup#initialize_firebase_in_your_app
Test Case '-[Yoga_of_EatingTests.AILogicServiceTests test_smileyMood_init_parsesNeutral]' started.
2026-05-15 06:31:49.183630+0530 Yoga of Eating[15816:124628] [[FirebaseCore]] 12.7.0 - [FirebaseCore][I-COR000003] The default Firebase app has not yet been configured. Add `FirebaseApp.configure()` to your application initialization. This can be done in in the App Delegate's application(_:didFinishLaunchingWithOptions:)` (or the `@main` struct's initializer in SwiftUI). Read more: https://firebase.google.com/docs/ios/setup#initialize_firebase_in_your_app
Test Case '-[Yoga_of_EatingTests.AILogicServiceTests test_smileyMood_init_parsesNeutral]' passed (0.001 seconds).
Test Case '-[Yoga_of_EatingTests.AILogicServiceTests test_smileyMood_init_parsesOverwhelmed]' started.
2026-05-15 06:31:49.184243+0530 Yoga of Eating[15816:124606] [[FirebaseCore]] 12.7.0 - [FirebaseCore][I-COR000003] The default Firebase app has not yet been configured. Add `FirebaseApp.confiTest Case '-[Yoga_of_EatingTests.AILogicServiceTests test_smileyMood_init_parsesOverwhelmed]' passed (0.000 seconds).
gure()` to your application initialization. This can be done in in the App Delegate's application(_:didFinishLaunchingWithOptions:)` (or the `@main` struct's initializer in SwiftUI). Read more: https://firebase.google.com/docs/ios/setup#initialize_firebase_in_your_app
Test Case '-[Yoga_of_EatingTests.AILogicServiceTests test_smileyMood_init_parsesSerene]' started.
2026-05-15 06:31:49.185528+0530 Yoga of Eating[15816:124628] [[FirebaseCore]] 12.7.0 - [FirebaseCore][I-COR000003] The default Firebase app has not yet been configured. Add `FirebaseApp.configure()` to your application initialization. This can be done in in the App Delegate's application(_:didFinishLaunchingWithOptions:)` (or the `@main` struct's initializer in SwiftUI). Read more: https://firebase.google.com/docs/ios/setup#initialize_firebase_in_your_app
Test Case '-[Yoga_of_EatingTests.AILogicServiceTests test_smileyMood_init_parsesSerene]' passed (0.000 seconds).
Test Case '-[Yoga_of_EatingTests.AILogicServiceTests test_smileyMood_init_returnsNil_forUnknownValue]' started.
2026-05-15 06:31:49.186178+0530 Yoga of Eating[15816:124628] [[FirebaseCore]] 12.7.0 - [FirebaseCore][I-COR000003] The default Firebase app has not yet been configured. Add `FirebaseApp.configure()` to your application initialization. This can be done in in the App Delegate's application(_:didFinishLTest Case '-[Yoga_of_EatingTests.AILogicServiceTests test_smileyMood_init_returnsNil_forUnknownValue]' passed (0.000 seconds).
aunchingWithOptions:)` (or the `@main` struct's initializer in SwiftUI). Read more: https://firebase.google.com/docs/ios/setup#initialize_firebase_in_your_app
Test Suite 'AILogicServiceTests' passed at 2026-05-15 06:31:49.188.
	 Executed 20 tests, with 0 failures (0 unexpected) in 0.020 (0.034) seconds
Test Suite 'AppErrorTests' started at 2026-05-15 06:31:49.188.
Test Case '-[Yoga_of_EatingTests.AppErrorTests test_allCases_haveNonNilFailureReason]' started.
Test Case '-[Yoga_of_EatingTests.AppErrorTests test_allCases_haveNonNilFailureReason]' passed (0.008 seconds).
Test Case '-[Yoga_of_EatingTests.AppErrorTests test_analysisTimeout_hasNonEmptyErrorDescription]' started.
Test Case '-[Yoga_of_EatingTests.AppErrorTests test_analysisTimeout_hasNonEmptyErrorDescription]' passed (0.000 seconds).
Test Case '-[Yoga_of_EatingTests.AppErrorTests test_analysisUnavailable_hasNonEmptyErrorDescription]' started.
Test Case '-[Yoga_of_EatingTests.AppErrorTests test_analysisUnavailable_hasNonEmptyErrorDescription]' passed (0.000 seconds).
Test Case '-[Yoga_of_EatingTests.AppErrorTests test_appError_conformsToLocalizedError]' started.
Test Case '-[Yoga_of_EatingTests.AppErrorTests test_appError_conformsToLocalizedError]' passed (0.000 seconds).
Test Case '-[Yoga_of_EatingTests.AppErrorTests test_authProviderFailed_hasNonEmptyErrorDescription]' started.
Test Case '-[Yoga_of_EatingTests.AppErrorTests test_authProviderFailed_hasNonEmptyErrorDescription]' passed (0.000 seconds).
Test Case '-[Yoga_of_EatingTests.AppErrorTests test_authRequired_errorDescriptionContainsNoInternalDetails]' started.
Test Case '-[Yoga_of_EatingTests.AppErrorTests test_authRequired_errorDescriptionContainsNoInternalDetails]' passed (0.000 seconds).
Test Case '-[Yoga_of_EatingTests.AppErrorTests test_authRequired_hasNonEmptyErrorDescription]' started.
Test Case '-[Yoga_of_EatingTests.AppErrorTests test_authRequired_hasNonEmptyErrorDescription]' passed (0.000 seconds).
Test Case '-[Yoga_of_EatingTests.AppErrorTests test_authRequired_isDistinctFromAnalysisUnavailable]' started.
Test Case '-[Yoga_of_EatingTests.AppErrorTests test_authRequired_isDistinctFromAnalysisUnavailable]' passed (0.000 seconds).
Test Case '-[Yoga_of_EatingTests.AppErrorTests test_authRequired_isDistinctFromSyncSerializationFailed]' started.
Test Case '-[Yoga_of_EatingTests.AppErrorTests test_authRequired_isDistinctFromSyncSerializationFailed]' passed (0.001 seconds).
Test Case '-[Yoga_of_EatingTests.AppErrorTests test_healthKitUnavailable_hasNonEmptyErrorDescription]' started.
Test Case '-[Yoga_of_EatingTests.AppErrorTests test_healthKitUnavailable_hasNonEmptyErrorDescription]' passed (0.000 seconds).
Test Case '-[Yoga_of_EatingTests.AppErrorTests test_sessionRestoreFailed_errorDescriptionContainsNoInternalDetails]' started.
Test Case '-[Yoga_of_EatingTests.AppErrorTests test_sessionRestoreFailed_errorDescriptionContainsNoInternalDetails]' passed (0.000 seconds).
Test Case '-[Yoga_of_EatingTests.AppErrorTests test_sessionRestoreFailed_hasNonEmptyErrorDescription]' started.
Test Case '-[Yoga_of_EatingTests.AppErrorTests test_sessionRestoreFailed_hasNonEmptyErrorDescription]' passed (0.002 seconds).
Test Case '-[Yoga_of_EatingTests.AppErrorTests test_syncAuthRequired_hasNonEmptyErrorDescription]' started.
Test Case '-[Yoga_of_EatingTests.AppErrorTests test_syncAuthRequired_hasNonEmptyErrorDescription]' passed (0.000 seconds).
Test Case '-[Yoga_of_EatingTests.AppErrorTests test_syncSerializationFailed_hasNonEmptyErrorDescription]' started.
Test Case '-[Yoga_of_EatingTests.AppErrorTests test_syncSerializationFailed_hasNonEmptyErrorDescription]' passed (0.000 seconds).
Test Case '-[Yoga_of_EatingTests.AppErrorTests test_syncUploadFailed_hasNonEmptyErrorDescription]' started.
Test Case '-[Yoga_of_EatingTests.AppErrorTests test_syncUploadFailed_hasNonEmptyErrorDescription]' passed (0.000 seconds).
Test Suite 'AppErrorTests' passed at 2026-05-15 06:31:49.208.
	 Executed 15 tests, with 0 failures (0 unexpected) in 0.016 (0.020) seconds
Test Suite 'ArchiveRegressionTests' started at 2026-05-15 06:31:49.208.
Test Case '-[Yoga_of_EatingTests.ArchiveRegressionTests test_archiveCurrentDay_allMealsAnalyzed_setsTotalCalories]' started.
Test Case '-[Yoga_of_EatingTests.ArchiveRegressionTests test_archiveCurrentDay_allMealsAnalyzed_setsTotalCalories]' passed (0.001 seconds).
Test Case '-[Yoga_of_EatingTests.ArchiveRegressionTests test_archiveCurrentDay_fastingDay_zeroCaloriesStored]' started.
Test Case '-[Yoga_of_EatingTests.ArchiveRegressionTests test_archiveCurrentDay_fastingDay_zeroCaloriesStored]' passed (0.000 seconds).
Test Case '-[Yoga_of_EatingTests.ArchiveRegressionTests test_archiveCurrentDay_multipleRearchives_neverDropsUserData]' started.
Test Case '-[Yoga_of_EatingTests.ArchiveRegressionTests test_archiveCurrentDay_multipleRearchives_neverDropsUserData]' passed (0.000 seconds).
Test Case '-[Yoga_of_EatingTests.ArchiveRegressionTests test_archiveCurrentDay_noAICalories_doesNotOverwriteExistingTotal]' started.
Test Case '-[Yoga_of_EatingTests.ArchiveRegressionTests test_archiveCurrentDay_noAICalories_doesNotOverwriteExistingTotal]' passed (0.000 seconds).
Test Case '-[Yoga_of_EatingTests.ArchiveRegressionTests test_archiveCurrentDay_preservesEveningMindCheck]' started.
Test Case '-[Yoga_of_EatingTests.ArchiveRegressionTests test_archiveCurrentDay_preservesEveningMindCheck]' passed (0.019 seconds).
Test Case '-[Yoga_of_EatingTests.ArchiveRegressionTests test_archiveCurrentDay_preservesExistingReflection]' started.
Test Case '-[Yoga_of_EatingTests.ArchiveRegressionTests test_archiveCurrentDay_preservesExistingReflection]' passed (0.001 seconds).
Test Case '-[Yoga_of_EatingTests.ArchiveRegressionTests test_archiveCurrentDay_preservesHighlightData]' started.
Test Case '-[Yoga_of_EatingTests.ArchiveRegressionTests test_archiveCurrentDay_preservesHighlightData]' passed (0.000 seconds).
Test Case '-[Yoga_of_EatingTests.ArchiveRegressionTests test_archiveCurrentDay_preservesMorningMindCheck]' started.
Test Case '-[Yoga_of_EatingTests.ArchiveRegressionTests test_archiveCurrentDay_preservesMorningMindCheck]' passed (0.000 seconds).
Test Case '-[Yoga_of_EatingTests.ArchiveRegressionTests test_archiveCurrentDay_preservesReflectData]' started.
Test Case '-[Yoga_of_EatingTests.ArchiveRegressionTests test_archiveCurrentDay_preservesReflectData]' passed (0.000 seconds).
Test Case '-[Yoga_of_EatingTests.ArchiveRegressionTests test_archiveCurrentDay_someAICalories_storesPartialSumWithFlag]' started.
Test Case '-[Yoga_of_EatingTests.ArchiveRegressionTests test_archiveCurrentDay_someAICalories_storesPartialSumWithFlag]' passed (0.000 seconds).
Test Suite 'ArchiveRegressionTests' passed at 2026-05-15 06:31:49.236.
	 Executed 10 tests, with 0 failures (0 unexpected) in 0.023 (0.028) seconds
Test Suite 'AuthAwareRestoreTests' started at 2026-05-15 06:31:49.236.
Test Case '-[Yoga_of_EatingTests.AuthAwareRestoreTests test_loadData_updatesLastSignedInUID_afterSuccessfulLoad]' started.
2026-05-15 06:31:49.237281+0530 Yoga of Eating[15816:124628] [[FirebaseCore]] 12.7.0 - [FirebaseCore][I-COR000003] The default Firebase app has not yet been configured. Add `FirebaseApp.configure()` to your application initialization. This can be done in in the App Delegate's application(_:didFinishLaunchingWithOptions:)` (or the `@main` struct's initializer in SwiftUI). Read more: https://firebase.google.com/docs/ios/setup#initialize_firebase_in_your_app
2026-05-15 06:31:49.237386+0530 Yoga of Eating[15816:124628] [[FirebaseCore]] 12.7.0 - [FirebaseCore][I-COR000003] The default Firebase app has not yet been configured. Add `FirebaseApp.configure()` to your application initialization. This can be done in in the App Delegate's application(_:didFinishLaunchingWithOptions:)` (or the `@main` struct's initializer in SwiftUI). Read more: https://firebase.google.com/docs/ios/setup#initialize_firebase_in_your_app
Test Case '-[Yoga_of_EatingTests.AuthAwareRestoreTests test_loadData_updatesLastSignedInUID_afterSuccessfulLoad]' passed (0.033 seconds).
Test Case '-[Yoga_of_EatingTests.AuthAwareRestoreTests test_loadData_whenNoPersistenceFile_andSignedIn_triggersCloudRestore]' started.
2026-05-15 06:31:49.269543+0530 Yoga of Eating[15816:124629] [[FirebaseCore]] 12.7.0 - [FirebaseCore][I-COR000003] The default Firebase app has not yet been configured. Add `FirebaseApp.configure()` to your application initialization. This can be done in in the App Delegate's application(_:didFinishLaunchingWithOptions:)` (or the `@main` struct's initializer in SwiftUI). Read more: https://firebase.google.com/docs/ios/setup#initialize_firebase_in_your_app
2026-05-15 06:31:49.269637+0530 Yoga of Eating[15816:124629] [[FirebaseCore]] 12.7.0 - [FirebaseCore][I-COR000003] The default Firebase app has not yet been configured. Add `FirebaseApp.configure()` to your application initialization. This can be done in in the App Delegate's application(_:didFinishLaunchingWithOptions:)` (or the `@main` struct's initializer in SwiftUI). Read more: https://firebase.google.com/docs/ios/setup#initialize_firebase_in_your_app
2026-05-15 06:31:49.271156+0530 Yoga of Eating[15816:124629] [ActivityData] Energy query failed: Authorization not determined
2026-05-15 06:31:49.271448+0530 Yoga of Eating[15816:124628] [ActivityData] Energy query failed: Authorization not determined
2026-05-15 06:31:49.271516+0530 Yoga of Eating[15816:124257] [MainViewModel.Lifecycle] Activity data refreshed
Test Case '-[Yoga_of_EatingTests.AuthAwareRestoreTests test_loadData_whenNoPersistenceFile_andSignedIn_triggersCloudRestore]' passed (0.202 seconds).
Test Case '-[Yoga_of_EatingTests.AuthAwareRestoreTests test_loadData_whenUIDDiffers_clearsHistoricalDataBeforeRestore]' started.
2026-05-15 06:31:49.474101+0530 Yoga of Eating[15816:124628] [[FirebaseCore]] 12.7.0 - [FirebaseCore][I-COR000003] The default Firebase app has not yet been configured. Add `FirebaseApp.configure()` to your application initialization. This can be done in in the App Delegate's application(_:didFinishLaunchingWithOptions:)` (or the `@main` struct's initializer in SwiftUI). Read more: https://firebase.google.com/docs/ios/setup#initialize_firebase_in_your_app
2026-05-15 06:31:49.474603+0530 Yoga of Eating[15816:124628] [[FirebaseCore]] 12.7.0 - [FirebaseCore][I-COR000003] The default Firebase app has not yet been configured. Add `FirebaseApp.configure()` to your application initialization. This can be done in in the App Delegate's application(_:didFinishLaunchingWithOptions:)` (or the `@main` struct's initializer in SwiftUI). Read more: https://firebase.google.com/docs/ios/setup#initialize_firebase_in_your_app
Test Case '-[Yoga_of_EatingTests.AuthAwareRestoreTests test_loadData_whenUIDDiffers_clearsHistoricalDataBeforeRestore]' passed (0.208 seconds).
Test Case '-[Yoga_of_EatingTests.AuthAwareRestoreTests test_loadData_whenUIDDiffers_triggersCloudRestoreForNewAccount]' started.
2026-05-15 06:31:49.682145+0530 Yoga of Eating[15816:124629] [[FirebaseCore]] 12.7.0 - [FirebaseCore][I-COR000003] The default Firebase app has not yet been configured. Add `FirebaseApp.configure()` to your application initialization. This can be done in in the App Delegate's application(_:didFinishLaunchingWithOptions:)` (or the `@main` struct's initializer in SwiftUI). Read more: https://firebase.google.com/docs/ios/setup#initialize_firebase_in_your_app
2026-05-15 06:31:49.682441+0530 Yoga of Eating[15816:124629] [[FirebaseCore]] 12.7.0 - [FirebaseCore][I-COR000003] The default Firebase app has not yet been configured. Add `FirebaseApp.configure()` to your application initialization. This can be done in in the App Delegate's application(_:didFinishLaunchingWithOptions:)` (or the `@main` struct's initializer in SwiftUI). Read more: https://firebase.google.com/docs/ios/setup#initialize_firebase_in_your_app
Test Case '-[Yoga_of_EatingTests.AuthAwareRestoreTests test_loadData_whenUIDDiffers_triggersCloudRestoreForNewAccount]' passed (0.207 seconds).
Test Case '-[Yoga_of_EatingTests.AuthAwareRestoreTests test_loadData_whenUIDSame_doesNotClearData]' started.
2026-05-15 06:31:49.889951+0530 Yoga of Eating[15816:124606] [[FirebaseCore]] 12.7.0 - [FirebaseCore][I-COR000003] The default Firebase app has not yet been configured. Add `FirebaseApp.configure()` to your application initialization. This can be done in in the App Delegate's application(_:didFinishLaunchingWithOptions:)` (or the `@main` struct's initializer in SwiftUI). Read more: https://firebase.google.com/docs/ios/setup#initialize_firebase_in_your_app
2026-05-15 06:31:49.890081+0530 Yoga of Eating[15816:124606] [[FirebaseCore]] 12.7.0 - [FirebaseCore][I-COR000003] The default Firebase app has not yet been configured. Add `FirebaseApp.configure()` to your application initialization. This can be done in in the App Delegate's application(_:didFinishLaunchingWithOptions:)` (or the `@main` struct's initializer in SwiftUI). Read more: https://firebase.google.com/docs/ios/setup#initialize_firebase_in_your_app
Test Case '-[Yoga_of_EatingTests.AuthAwareRestoreTests test_loadData_whenUIDSame_doesNotClearData]' passed (0.006 seconds).
Test Case '-[Yoga_of_EatingTests.AuthAwareRestoreTests test_loadData_whenUIDSame_doesNotTriggerCloudRestore]' started.
2026-05-15 06:31:49.895987+0530 Yoga of Eating[15816:124628] [[FirebaseCore]] 12.7.0 - [FirebaseCore][I-COR000003] The default Firebase app has not yet been configured. Add `FirebaseApp.configure()` to your application initialization. This can be done in in the App Delegate's application(_:didFinishLaunchingWithOptions:)` (or the `@main` struct's initializer in SwiftUI). Read more: https://firebase.google.com/docs/ios/setup#initialize_firebase_in_your_app
2026-05-15 06:31:49.896102+0530 Yoga of Eating[15816:124628] [[FirebaseCore]] 12.7.0 - [FirebaseCore][I-COR000003] The default Firebase app has not yet been configured. Add `FirebaseApp.configure()` to your application initialization. This can be done in in the App Delegate's application(_:didFinishLaunchingWithOptions:)` (or the `@main` struct's initializer in SwiftUI). Read more: https://firebase.google.com/docs/ios/setup#initialize_firebase_in_your_app
Test Case '-[Yoga_of_EatingTests.AuthAwareRestoreTests test_loadData_whenUIDSame_doesNotTriggerCloudRestore]' passed (0.004 seconds).
Test Case '-[Yoga_of_EatingTests.AuthAwareRestoreTests test_triggerCloudRestore_updatesLastSignedInUID_afterSuccessfulRestore]' started.
2026-05-15 06:31:49.902784+0530 Yoga of Eating[15816:124632] [ActivityData] Energy query failed: Authorization not determined
2026-05-15 06:31:49.903114+0530 Yoga of Eating[15816:124606] [ActivityData] Energy query failed: Authorization not determined
2026-05-15 06:31:49.903471+0530 Yoga of Eating[15816:124257] [MainViewModel.Lifecycle] Activity data refreshed
2026-05-15 06:31:49.900291+0530 Yoga of Eating[15816:124628] [[FirebaseCore]] 12.7.0 - [FirebaseCore][I-COR000003] The default Firebase app has not yet been configured. Add `FirebaseApp.configure()` to your application initialization. This can be done in in the App Delegate's application(_:didFinishLaunchingWithOptions:)` (or the `@main` struct's initializer in SwiftUI). Read more: https://firebase.google.com/docs/ios/setup#initialize_firebase_in_your_app
2026-05-15 06:31:49.914040+0530 Yoga of Eating[15816:124628] [[FirebaseCore]] 12.7.0 - [FirebaseCore][I-COR000003] The default Firebase app has not yet been configured. Add `FirebaseApp.configure()` to your application initialization. This can be done in in the App Delegate's application(_:didFinishLaunchingWithOptions:)` (or the `@main` struct's initializer in SwiftUI). Read more: https://firebase.google.com/docs/ios/setup#initialize_firebase_in_your_app
Test Case '-[Yoga_of_EatingTests.AuthAwareRestoreTests test_triggerCloudRestore_updatesLastSignedInUID_afterSuccessfulRestore]' passed (0.206 seconds).
Test Suite 'AuthAwareRestoreTests' passed at 2026-05-15 06:31:50.105.
	 Executed 7 tests, with 0 failures (0 unexpected) in 0.866 (0.869) seconds
Test Suite 'AuthServiceTests' started at 2026-05-15 06:31:50.105.
Test Case '-[Yoga_of_EatingTests.AuthServiceTests test_authStateChangeListener_updatesCurrentUser]' started.
Test Case '-[Yoga_of_EatingTests.AuthServiceTests test_authStateChangeListener_updatesCurrentUser]' passed (0.005 seconds).
Test Case '-[Yoga_of_EatingTests.AuthServiceTests test_initialization_restoresPreviousSession]' started.
2026-05-15 06:31:50.112056+0530 Yoga of Eating[15816:124257] [Auth] Previous session restored successfully
2026-05-15 06:31:50.112308+0530 Yoga of Eating[15816:124257] [Auth] Previous session restored successfully
2026-05-15 06:31:50.112472+0530 Yoga of Eating[15816:124257] [Auth] Previous session restored successfully
Test Case '-[Yoga_of_EatingTests.AuthServiceTests test_initialization_restoresPreviousSession]' passed (0.053 seconds).
Test Case '-[Yoga_of_EatingTests.AuthServiceTests test_initialState_reflectsProviderUser]' started.
Test Case '-[Yoga_of_EatingTests.AuthServiceTests test_initialState_reflectsProviderUser]' passed (0.001 seconds).
Test Case '-[Yoga_of_EatingTests.AuthServiceTests test_signInWithGoogle_updatesCurrentUser]' started.
2026-05-15 06:31:50.166974+0530 Yoga of Eating[15816:124257] [Auth] Previous session restored successfully
2026-05-15 06:31:50.167105+0530 Yoga of Eating[15816:124257] [Auth] Previous session restored successfully
2026-05-15 06:31:50.167172+0530 Yoga of Eating[15816:124257] [Auth] Previous session restored successfully
Test Case '-[Yoga_of_EatingTests.AuthServiceTests test_signInWithGoogle_updatesCurrentUser]' passed (0.012 seconds).
Test Case '-[Yoga_of_EatingTests.AuthServiceTests test_signOut_clearsCurrentUser]' started.
Test Case '-[Yoga_of_EatingTests.AuthServiceTests test_signOut_clearsCurrentUser]' passed (0.000 seconds).
Test Suite 'AuthServiceTests' passed at 2026-05-15 06:31:50.179.
	 Executed 5 tests, with 0 failures (0 unexpected) in 0.071 (0.074) seconds
Test Suite 'AutoSyncTests' started at 2026-05-15 06:31:50.179.
Test Case '-[Yoga_of_EatingTests.AutoSyncTests test_deleteAllData_thenLoadData_doesNotTriggerCloudRestore]' started.
2026-05-15 06:31:50.179497+0530 Yoga of Eating[15816:124257] [Auth] Previous session restored successfully
2026-05-15 06:31:50.179587+0530 Yoga of Eating[15816:124632] [[FirebaseCore]] 12.7.0 - [FirebaseCore][I-COR000003] The default Firebase app has not yet been configured. Add `FirebaseApp.configure()` to your application initialization. This can be done in in the App Delegate's application(_:didFinishLaunchingWithOptions:)` (or the `@main` struct's initializer in SwiftUI). Read more: https://firebase.google.com/docs/ios/setup#initialize_firebase_in_your_app
2026-05-15 06:31:50.179907+0530 Yoga of Eating[15816:124632] [[FirebaseCore]] 12.7.0 - [FirebaseCore][I-COR000003] The default Firebase app has not yet been configured. Add `FirebaseApp.configure()` to your application initialization. This can be done in in the App Delegate's application(_:didFinishLaunchingWithOptions:)` (or the `@main` struct's initializer in SwiftUI). Read more: https://firebase.google.com/docs/ios/setup#initialize_firebase_in_your_app
Test Case '-[Yoga_of_EatingTests.AutoSyncTests test_deleteAllData_thenLoadData_doesNotTriggerCloudRestore]' passed (0.004 seconds).
Test Case '-[Yoga_of_EatingTests.AutoSyncTests test_loadData_whenLocalFileExists_doesNotTriggerCloudRestore]' started.
2026-05-15 06:31:50.183773+0530 Yoga of Eating[15816:124632] [[FirebaseCore]] 12.7.0 - [FirebaseCore][I-COR000003] The default Firebase app has not yet been configured. Add `FirebaseApp.configure()` to your application initialization. This can be done in in the App Delegate's application(_:didFinishLaunchingWithOptions:)` (or the `@main` struct's initializer in SwiftUI). Read more: https://firebase.google.com/docs/ios/setup#initialize_firebase_in_your_app
2026-05-15 06:31:50.183907+0530 Yoga of Eating[15816:124632] [[FirebaseCore]] 12.7.0 - [FirebaseCore][I-COR000003] The default Firebase app has not yet been configured. Add `FirebaseApp.configure()` to your application initialization. This can be done in in the App Delegate's application(_:didFinishLaunchingWithOptions:)` (or the `@main` struct's initializer in SwiftUI). Read more: https://firebase.google.com/docs/ios/setup#initialize_firebase_in_your_app
2026-05-15 06:31:50.186559+0530 Yoga of Eating[15816:124632] [ActivityData] Energy query failed: Authorization not determined
2026-05-15 06:31:50.186761+0530 Yoga of Eating[15816:124628] [ActivityData] Energy query failed: Authorization not determined
2026-05-15 06:31:50.186831+0530 Yoga of Eating[15816:124257] [MainViewModel.Lifecycle] Activity data refreshed
Test Case '-[Yoga_of_EatingTests.AutoSyncTests test_loadData_whenLocalFileExists_doesNotTriggerCloudRestore]' passed (0.207 seconds).
Test Case '-[Yoga_of_EatingTests.AutoSyncTests test_loadData_whenNoPersistenceFile_triggersCloudRestore]' started.
2026-05-15 06:31:50.393075+0530 Yoga of Eating[15816:124628] [[FirebaseCore]] 12.7.0 - [FirebaseCore][I-COR000003] The default Firebase app has not yet been configured. Add `FirebaseApp.configure()` to your application initialization. This can be done in in the App Delegate's application(_:didFinishLaunchingWithOptions:)` (or the `@main` struct's initializer in SwiftUI). Read more: https://firebase.google.com/docs/ios/setup#initialize_firebase_in_your_app
2026-05-15 06:31:50.393246+0530 Yoga of Eating[15816:124628] [[FirebaseCore]] 12.7.0 - [FirebaseCore][I-COR000003] The default Firebase app has not yet been configured. Add `FirebaseApp.configure()` to your application initialization. This can be done in in the App Delegate's application(_:didFinishLaunchingWithOptions:)` (or the `@main` struct's initializer in SwiftUI). Read more: https://firebase.google.com/docs/ios/setup#initialize_firebase_in_your_app
2026-05-15 06:31:50.399111+0530 Yoga of Eating[15816:124628] [ActivityData] Energy query failed: Authorization not determined
2026-05-15 06:31:50.399364+0530 Yoga of Eating[15816:124628] [ActivityData] Energy query failed: Authorization not determined
2026-05-15 06:31:50.399501+0530 Yoga of Eating[15816:124257] [MainViewModel.Lifecycle] Activity data refreshed
Test Case '-[Yoga_of_EatingTests.AutoSyncTests test_loadData_whenNoPersistenceFile_triggersCloudRestore]' passed (0.210 seconds).
Test Case '-[Yoga_of_EatingTests.AutoSyncTests test_resetDay_mealsAreClearedSynchronously_independentOfSync]' started.
2026-05-15 06:31:50.601967+0530 Yoga of Eating[15816:124628] [[FirebaseCore]] 12.7.0 - [FirebaseCore][I-COR000003] The default Firebase app has not yet been configured. Add `FirebaseApp.configure()` to your application initialization. This can be done in in the App Delegate's application(_:didFinishLaunchingWithOptions:)` (or the `@main` struct's initializer in SwiftUI). Read more: https://firebase.google.com/docs/ios/setup#initialize_firebase_in_your_app
2026-05-15 06:31:50.602083+0530 Yoga of Eating[15816:124628] [[FirebaseCore]] 12.7.0 - [FirebaseCore][I-COR000003] The default Firebase app has not yet been configured. Add `FirebaseApp.configure()` to your application initialization. This can be done in in the App Delegate's application(_:didFinishLaunchingWithOptions:)` (or the `@main` struct's initializer in SwiftUI). Read more: https://firebase.google.com/docs/ios/setup#initialize_firebase_in_your_app
Test Case '-[Yoga_of_EatingTests.AutoSyncTests test_resetDay_mealsAreClearedSynchronously_independentOfSync]' passed (0.001 seconds).
Test Case '-[Yoga_of_EatingTests.AutoSyncTests test_resetDay_syncCalledOncePerReset]' started.
2026-05-15 06:31:50.603291+0530 Yoga of Eating[15816:124606] [[FirebaseCore]] 12.7.0 - [FirebaseCore][I-COR000003] The default Firebase app has not yet been configured. Add `FirebaseApp.configure()` to your application initialization. This can be done in in the App Delegate's application(_:didFinishLaunchingWithOptions:)` (or the `@main` struct's initializer in SwiftUI). Read more: https://firebase.google.com/docs/ios/setup#initialize_firebase_in_your_app
2026-05-15 06:31:50.603607+0530 Yoga of Eating[15816:124606] [[FirebaseCore]] 12.7.0 - [FirebaseCore][I-COR000003] The default Firebase app has not yet been configured. Add `FirebaseApp.configure()` to your application initialization. This can be done in in the App Delegate's application(_:didFinishLaunchingWithOptions:)` (or the `@main` struct's initializer in SwiftUI). Read more: https://firebase.google.com/docs/ios/setup#initialize_firebase_in_your_app
Test Case '-[Yoga_of_EatingTests.AutoSyncTests test_resetDay_syncCalledOncePerReset]' passed (0.204 seconds).
Test Case '-[Yoga_of_EatingTests.AutoSyncTests test_resetDay_syncFailureIsIgnored_appDoesNotCrash]' started.
2026-05-15 06:31:50.811951+0530 Yoga of Eating[15816:124628] [[FirebaseCore]] 12.7.0 - [FirebaseCore][I-COR000003] The default Firebase app has not yet been configured. Add `FirebaseApp.configure()` to your application initialization. This can be done in in the App Delegate's application(_:didFinishLaunchingWithOptions:)` (or the `@main` struct's initializer in SwiftUI). Read more: https://firebase.google.com/docs/ios/setup#initialize_firebase_in_your_app
2026-05-15 06:31:50.820160+0530 Yoga of Eating[15816:124628] [[FirebaseCore]] 12.7.0 - [FirebaseCore][I-COR000003] The default Firebase app has not yet been configured. Add `FirebaseApp.configure()` to your application initialization. This can be done in in the App Delegate's application(_:didFinishLaunchingWithOptions:)` (or the `@main` struct's initializer in SwiftUI). Read more: https://firebase.google.com/docs/ios/setup#initialize_firebase_in_your_app
Test Case '-[Yoga_of_EatingTests.AutoSyncTests test_resetDay_syncFailureIsIgnored_appDoesNotCrash]' passed (0.210 seconds).
Test Case '-[Yoga_of_EatingTests.AutoSyncTests test_resetDay_triggersFirebaseSync]' started.
2026-05-15 06:31:51.018126+0530 Yoga of Eating[15816:124628] [[FirebaseCore]] 12.7.0 - [FirebaseCore][I-COR000003] The default Firebase app has not yet been configured. Add `FirebaseApp.configure()` to your application initialization. This can be done in in the App Delegate's application(_:didFinishLaunchingWithOptions:)` (or the `@main` struct's initializer in SwiftUI). Read more: https://firebase.google.com/docs/ios/setup#initialize_firebase_in_your_app
2026-05-15 06:31:51.018227+0530 Yoga of Eating[15816:124628] [[FirebaseCore]] 12.7.0 - [FirebaseCore][I-COR000003] The default Firebase app has not yet been configured. Add `FirebaseApp.configure()` to your application initialization. This can be done in in the App Delegate's application(_:didFinishLaunchingWithOptions:)` (or the `@main` struct's initializer in SwiftUI). Read more: https://firebase.google.com/docs/ios/setup#initialize_firebase_in_your_app
Test Case '-[Yoga_of_EatingTests.AutoSyncTests test_resetDay_triggersFirebaseSync]' passed (0.203 seconds).
Test Suite 'AutoSyncTests' passed at 2026-05-15 06:31:51.221.
	 Executed 7 tests, with 0 failures (0 unexpected) in 1.039 (1.042) seconds
Test Suite 'BlankTextRegressionTests' started at 2026-05-15 06:31:51.221.
Test Case '-[Yoga_of_EatingTests.BlankTextRegressionTests test_concurrentMealUpdates_eachMealRetainsItsOwnItems]' started.
2026-05-15 06:31:51.223264+0530 Yoga of Eating[15816:124628] [[FirebaseCore]] 12.7.0 - [FirebaseCore][I-COR000003] The default Firebase app has not yet been configured. Add `FirebaseApp.configure()` to your application initialization. This can be done in in the App Delegate's application(_:didFinishLaunchingWithOptions:)` (or the `@main` struct's initializer in SwiftUI). Read more: https://firebase.google.com/docs/ios/setup#initialize_firebase_in_your_app
Test Case '-[Yoga_of_EatingTests.BlankTextRegressionTests test_concurrentMealUpdates_eachMealRetainsItsOwnItems]' passed (0.202 seconds).
Test Case '-[Yoga_of_EatingTests.BlankTextRegressionTests test_isFocused_remainsUnaffected_duringConcurrentMealUpdates]' started.
2026-05-15 06:31:51.424616+0530 Yoga of Eating[15816:124257] [AIAnalysisCoordinator] AI analysis failed (meal redacted for privacy)
2026-05-15 06:31:51.424430+0530 Yoga of Eating[15816:124606] [[FirebaseCore]] 12.7.0 - [FirebaseCore][I-COR000003] The default Firebase app has not yet been configured. Add `FirebaseApp.configure()` to your application initialization. This can be done in in the App Delegate's application(_:didFinishLaunchingWithOptions:)` (or the `@main` struct's initializer in SwiftUI). Read more: https://firebase.google.com/docs/ios/setup#initialize_firebase_in_your_app
Test Case '-[Yoga_of_EatingTests.BlankTextRegressionTests test_isFocused_remainsUnaffected_duringConcurrentMealUpdates]' passed (0.201 seconds).
Test Case '-[Yoga_of_EatingTests.BlankTextRegressionTests test_submission_aiAnalysisCompletion_doesNotClearMealItems]' started.
2026-05-15 06:31:51.629750+0530 Yoga of Eating[15816:124627] [[FirebaseCore]] 12.7.0 - [FirebaseCore][I-COR000003] The default Firebase app has not yet been configured. Add `FirebaseApp.configure()` to your application initialization. This can be done in in the App Delegate's application(_:didFinishLaunchingWithOptions:)` (or the `@main` struct's initializer in SwiftUI). Read more: https://firebase.google.com/docs/ios/setup#initialize_firebase_in_your_app
Test Case '-[Yoga_of_EatingTests.BlankTextRegressionTests test_submission_aiAnalysisCompletion_doesNotClearMealItems]' passed (0.108 seconds).
Test Case '-[Yoga_of_EatingTests.BlankTextRegressionTests test_submission_aiCompletion_itemsRetainSubmittedValue]' started.
2026-05-15 06:31:51.733594+0530 Yoga of Eating[15816:124627] [[FirebaseCore]] 12.7.0 - [FirebaseCore][I-COR000003] The default Firebase app has not yet been configured. Add `FirebaseApp.configure()` to your application initialization. This can be done in in the App Delegate's application(_:didFinishLaunchingWithOptions:)` (or the `@main` struct's initializer in SwiftUI). Read more: https://firebase.google.com/docs/ios/setup#initialize_firebase_in_your_app
Test Case '-[Yoga_of_EatingTests.BlankTextRegressionTests test_submission_aiCompletion_itemsRetainSubmittedValue]' passed (0.102 seconds).
Test Suite 'BlankTextRegressionTests' passed at 2026-05-15 06:31:51.835.
	 Executed 4 tests, with 0 failures (0 unexpected) in 0.613 (0.614) seconds
Test Suite 'BriefingCardEnrichmentTests' started at 2026-05-15 06:31:51.835.
Test Case '-[Yoga_of_EatingTests.BriefingCardEnrichmentTests test_briefingWeakDimensions_atMostTwoDimensions]' started.
Test Case '-[Yoga_of_EatingTests.BriefingCardEnrichmentTests test_briefingWeakDimensions_atMostTwoDimensions]' passed (0.001 seconds).
Test Case '-[Yoga_of_EatingTests.BriefingCardEnrichmentTests test_briefingWeakDimensions_isEmptyWhenViewingPastDay]' started.
Test Case '-[Yoga_of_EatingTests.BriefingCardEnrichmentTests test_briefingWeakDimensions_isEmptyWhenViewingPastDay]' passed (0.000 seconds).
Test Case '-[Yoga_of_EatingTests.BriefingCardEnrichmentTests test_briefingWeakDimensions_isEmptyWithNoMeals]' started.
Test Case '-[Yoga_of_EatingTests.BriefingCardEnrichmentTests test_briefingWeakDimensions_isEmptyWithNoMeals]' passed (0.000 seconds).
Test Case '-[Yoga_of_EatingTests.BriefingCardEnrichmentTests test_briefingWeakDimensions_matchesWeakDimsFromBreakdownContract]' started.
Test Case '-[Yoga_of_EatingTests.BriefingCardEnrichmentTests test_briefingWeakDimensions_matchesWeakDimsFromBreakdownContract]' passed (0.000 seconds).
Test Case '-[Yoga_of_EatingTests.BriefingCardEnrichmentTests test_morningBriefingCard_acceptsWeakDimensions]' started.
Test Case '-[Yoga_of_EatingTests.BriefingCardEnrichmentTests test_morningBriefingCard_acceptsWeakDimensions]' passed (0.008 seconds).
Test Case '-[Yoga_of_EatingTests.BriefingCardEnrichmentTests test_morningBriefingCard_defaultWeakDimensionsIsEmpty]' started.
Test Case '-[Yoga_of_EatingTests.BriefingCardEnrichmentTests test_morningBriefingCard_defaultWeakDimensionsIsEmpty]' passed (0.000 seconds).
Test Case '-[Yoga_of_EatingTests.BriefingCardEnrichmentTests test_wellbeingBreakdownContract_noDuplicateWeakDimensions]' started.
Test Case '-[Yoga_of_EatingTests.BriefingCardEnrichmentTests test_wellbeingBreakdownContract_noDuplicateWeakDimensions]' passed (0.000 seconds).
Test Case '-[Yoga_of_EatingTests.BriefingCardEnrichmentTests test_wellbeingBreakdownContract_weakDimensionLabelsMatchDimensions]' started.
Test Case '-[Yoga_of_EatingTests.BriefingCardEnrichmentTests test_wellbeingBreakdownContract_weakDimensionLabelsMatchDimensions]' passed (0.000 seconds).
Test Suite 'BriefingCardEnrichmentTests' passed at 2026-05-15 06:31:51.848.
	 Executed 8 tests, with 0 failures (0 unexpected) in 0.011 (0.012) seconds
Test Suite 'BriefingGenerationTests' started at 2026-05-15 06:31:51.848.
Test Case '-[Yoga_of_EatingTests.BriefingGenerationTests test_generateBriefing_cardsClamped_0to1]' started.
2026-05-15 06:31:51.850916+0530 Yoga of Eating[15816:124257] [InsightLifecycle] Local briefing fallback stored for 2026-05-15 01:01:51 +0000
Test Case '-[Yoga_of_EatingTests.BriefingGenerationTests test_generateBriefing_cardsClamped_0to1]' passed (0.003 seconds).
Test Case '-[Yoga_of_EatingTests.BriefingGenerationTests test_generateBriefing_confidenceIsValid]' started.
2026-05-15 06:31:51.851818+0530 Yoga of Eating[15816:124257] [InsightLifecycle] Local briefing fallback stored for 2026-05-15 01:01:51 +0000
Test Case '-[Yoga_of_EatingTests.BriefingGenerationTests test_generateBriefing_confidenceIsValid]' passed (0.001 seconds).
Test Case '-[Yoga_of_EatingTests.BriefingGenerationTests test_generateBriefing_fallsBackToLocal_whenNoFirebase]' started.
2026-05-15 06:31:51.852606+0530 Yoga of Eating[15816:124257] [InsightLifecycle] Local briefing fallback stored for 2026-05-15 01:01:51 +0000
2026-05-15 06:31:51.835911+0530 Yoga of Eating[15816:124627] [[FirebaseCore]] 12.7.0 - [FirebaseCore][I-COR000003] The default Firebase app has not yet been configured. Add `FirebaseApp.configure()` to your application initialization. This can be done in in the App Delegate's application(_:didFinishLaunchingWithOptions:)` (or the `@main` struct's initializer in SwiftUI). Read more: https://firebase.google.com/docs/ios/setup#initialize_firebase_in_your_app
2026-05-15 06:31:51.860858+0530 Yoga of Eating[15816:124627] [[FirebaseCore]] 12.7.0 - [FirebaseCore][I-COR000003] The default Firebase app has not yet been configured. Add `FirebaseApp.configure()` to your application initialization. This can be done in in the App Delegate's application(_:didFinishLaunchingWithOptions:)` (or the `@main` struct's initializer in SwiftUI). Read more: https://firebase.google.com/docs/ios/setup#initialize_firebase_in_your_app
Test Case '-[Yoga_of_EatingTests.BriefingGenerationTests test_generateBriefing_fallsBackToLocal_whenNoFirebase]' passed (0.021 seconds).
2026-05-15 06:31:51.868337+0530 Yoga of Eating[15816:124627] [[FirebaseCore]] 12.7.0 - [FirebaseCore][I-COR000003] The default Firebase app has not yet been configured. Add `FirebaseApp.configure()` to your application initialization. This can be done in in the App Delegate's application(_:didFinishLaunchingWithOptions:)` (or the `@main` struct's initializer in SwiftUI). Read more: https://firebase.google.com/docs/ios/setup#initialize_firebase_in_your_app
Test Case '-[Yoga_of_EatingTests.BriefingGenerationTests test_generateBriefing_includesWeeklyTrend_withEnoughData]' started.
2026-05-15 06:31:51.874318+0530 Yoga of Eating[15816:124257] [InsightLifecycle] Local briefing fallback stored for 2026-05-15 01:01:51 +0000
Test Case '-[Yoga_of_EatingTests.BriefingGenerationTests test_generateBriefing_includesWeeklyTrend_withEnoughData]' passed (0.001 seconds).
Test Case '-[Yoga_of_EatingTests.BriefingGenerationTests test_generateBriefing_localFallback_hasHeadline]' started.
2026-05-15 06:31:51.875159+0530 Yoga of Eating[15816:124257] [InsightLifecycle] Local briefing fallback stored for 2026-05-15 01:01:51 +0000
Test Case '-[Yoga_of_EatingTests.BriefingGenerationTests test_generateBriefing_localFallback_hasHeadline]' passed (0.001 seconds).
Test Case '-[Yoga_of_EatingTests.BriefingGenerationTests test_generateBriefing_localFallback_hasNudge]' started.
2026-05-15 06:31:51.876143+0530 Yoga of Eating[15816:124257] [InsightLifecycle] Local briefing fallback stored for 2026-05-15 01:01:51 +0000
Test Case '-[Yoga_of_EatingTests.BriefingGenerationTests test_generateBriefing_localFallback_hasNudge]' passed (0.001 seconds).
Test Case '-[Yoga_of_EatingTests.BriefingGenerationTests test_generateBriefing_localFallback_isNotViewed]' started.
2026-05-15 06:31:51.877046+0530 Yoga of Eating[15816:124257] [InsightLifecycle] Local briefing fallback stored for 2026-05-15 01:01:51 +0000
Test Case '-[Yoga_of_EatingTests.BriefingGenerationTests test_generateBriefing_localFallback_isNotViewed]' passed (0.001 seconds).
2026-05-15 06:31:51.874706+0530 Yoga of Eating[15816:124627] [[FirebaseCore]] 12.7.0 - [FirebaseCore][I-COR000003] The default Firebase app has not yet been configured. Add `FirebaseApp.configure()` to your application initialization. This can be done in in the App Delegate's application(_:didFinishLaunchingWithOptions:)` (or the `@main` struct's initializer in SwiftUI). Read more: https://firebase.google.com/docs/ios/setup#initialize_firebase_in_your_app
Test Case '-[Yoga_of_EatingTests.BriefingGenerationTests test_generateBriefing_localFallback_setsDate]' started.
2026-05-15 06:31:51.877943+0530 Yoga of Eating[15816:124257] [InsightLifecycle] Local briefing fallback stored for 2026-05-15 01:01:51 +0000
Test Case '-[Yoga_of_EatingTests.BriefingGenerationTests test_generateBriefing_localFallback_setsDate]' passed (0.001 seconds).
Test Case '-[Yoga_of_EatingTests.BriefingGenerationTests test_generateBriefing_persistsViaUpdateInsight]' started.
2026-05-15 06:31:51.878817+0530 Yoga of Eating[15816:124257] [InsightLifecycle] Local briefing fallback stored for 2026-05-15 01:01:51 +0000
Test Case '-[Yoga_of_EatingTests.BriefingGenerationTests test_generateBriefing_persistsViaUpdateInsight]' passed (0.001 seconds).
2026-05-15 06:31:51.877585+0530 Yoga of Eating[15816:124627] [[FirebaseCore]] 12.7.0 - [FirebaseCore][I-COR000003] The default Firebase app has not yet been configured. Add `FirebaseApp.configure()` to your application initialization. This can be done in in the App Delegate's application(_:didFinishLaunchingWithOptions:)` (or the `@main` struct's initializer in SwiftUI). Read more: https://firebase.google.com/docs/ios/setup#initialize_firebase_in_your_app
Test Case '-[Yoga_of_EatingTests.BriefingGenerationTests test_generateBriefing_returnsNil_whenNoData]' started.
Test Case '-[Yoga_of_EatingTests.BriefingGenerationTests test_generateBriefing_returnsNil_whenNoData]' passed (0.000 seconds).
Test Case '-[Yoga_of_EatingTests.BriefingGenerationTests test_generateBriefing_returnsNil_withInsufficientData]' started.
Test Case '-[Yoga_of_EatingTests.BriefingGenerationTests test_generateBriefing_returnsNil_withInsufficientData]' passed (0.000 seconds).
Test Case '-[Yoga_of_EatingTests.BriefingGenerationTests test_generateBriefing_weeklyTrend_daysLogged_matchesData]' started.
2026-05-15 06:31:51.880903+0530 Yoga of Eating[15816:124257] [InsightLifecycle] Local briefing fallback stored for 2026-05-15 01:01:51 +0000
Test Case '-[Yoga_of_EatingTests.BriefingGenerationTests test_generateBriefing_weeklyTrend_daysLogged_matchesData]' passed (0.001 seconds).
Test Suite 'BriefingGenerationTests' passed at 2026-05-15 06:31:51.881.
	 Executed 12 tests, with 0 failures (0 unexpected) in 0.031 (0.033) seconds
Test Suite 'BriefingRemediationTests' started at 2026-05-15 06:31:51.881.
Test Case '-[Yoga_of_EatingTests.BriefingRemediationTests test_briefingNotificationId_isStable]' started.
Test Case '-[Yoga_of_EatingTests.BriefingRemediationTests test_briefingNotificationId_isStable]' passed (0.000 seconds).
2026-05-15 06:31:51.879275+0530 Yoga of Eating[15816:124627] [[FirebaseCore]] 12.7.0 - [FirebaseCore][I-COR000003] The default Firebase app has not yet been configured. Add `FirebaseApp.configure()` to your application initialization. This can be done in in the App Delegate's application(_:didFinishLaunchingWithOptions:)` (or the `@main`Test Case '-[Yoga_of_EatingTests.BriefingRemediationTests test_dismissInsight_setsIsViewedTrue]' started.
Test Case '-[Yoga_of_EatingTests.BriefingRemediationTests test_dismissInsight_setsIsViewedTrue]' passed (0.002 seconds).
Test Case '-[Yoga_of_EatingTests.BriefingRemediationTests test_loadData_hydratesCurrentInsightFromSnapshot]' started.
 struct's initializer in SwiftUI). Read more: https://firebase.google.com/docs/ios/setup#initialize_firebase_in_your_app
2026-05-15 06:31:51.884389+0530 Yoga of Eating[15816:124627] [[FirebaseCore]] 12.7.0 - [FirebaseCore][I-COR000003] The default Firebase app has not yet been configured. Add `FirebaseApp.configure()` to your application initialization. This can be done in in the App Delegate's application(_:didFinishLaunchingWithOptions:)` (or the `@main` struct's initializer in SwiftUI). Read more: https://firebase.google.com/docs/ios/setup#initialize_firebase_in_your_app
2026-05-15 06:31:51.885605+0530 Yoga of Eating[15816:124627] [[FirebaseCore]] 12.7.0 - [FirebaseCore][I-COR000003] The default Firebase app has not yet been configured. Add `FirebaseApp.configure()` to your application initialization. This can be done in in the App Delegate's application(_:didFinishLaunchingWithOptions:)` (or the `@main` struct's initializer in SwiftUI). Read more: https://firebase.google.com/docs/ios/setup#initialize_firebase_in_your_app
2026-05-15 06:31:51.887435+0530 Yoga of Eating[15816:124627] [[FirebaseCore]] 12.7.0 - [FirebaseCore][I-COR000003] The default Firebase app has not yet been configured. Add `FirebaseApp.configure()` to your application initialization. This can be done in in the App Delegate's application(_:didFinishLaunchingWithOptions:)` (or the `@main` struct's initializer in SwiftUI). Read more: https://firebase.google.com/docs/ios/setup#initialize_firebase_in_your_app
2026-05-15 06:31:51.889701+0530 Yoga of Eating[15816:124627] [[FirebaseCore]] 12.7.0 - [FirebaseCore][I-COR000003] The default Firebase app has not yet been configured. Add `FirebaseApp.configure()` to your application initialization. This can be done in in the App Delegate's application(_:didFinishLaunchingWithOptions:)` (or the `@main` struct's initializer in SwiftUI). Read more: https://firebase.google.com/docs/ios/setup#initialize_firebase_in_your_app
Test Case '-[Yoga_of_EatingTests.BriefingRemediationTests test_loadData_hydratesCurrentInsightFromSnapshot]' passed (0.007 seconds).
Test Case '-[Yoga_of_EatingTests.BriefingRemediationTests test_markBriefingViewed_persistsViaHistoricalService]' started.
Test Case '-[Yoga_of_EatingTests.BriefingRemediationTests test_markBriefingViewed_persistsViaHistoricalService]' passed (0.000 seconds).
Test Case '-[Yoga_of_EatingTests.BriefingRemediationTests test_markBriefingViewed_setsIsViewedTrue]' started.
Test Case '-[Yoga_of_EatingTests.BriefingRemediationTests test_markBriefingViewed_setsIsViewedTrue]' passed (0.000 seconds).
2026-05-15 06:31:51.890791+0530 Yoga of Eating[15816:124627] [[FirebaseCore]] 12.7.0 - [FirebaseCore][I-COR000003] The default Firebase app has not yet been configured. Add `FirebaseApp.configure()` to your application initialization. This can be done in in the App Delegate's application(_:didFinishLaunchingWithOptions:)` (or the `@main` struct's initializer in SwiftUI). Read more: https://firebase.google.com/docs/ios/setup#initialize_firebase_in_your_app
Test Case '-[Yoga_of_EatingTests.BriefingRemediationTests test_predictWakeTime_parsesValidStoredTime]' started.
2026-05-15 06:31:51.892397+0530 Yoga of Eating[15816:124627] [[FirebaseCore]] 12.7.0 - [FirebaseCore][I-COR000003] The default Firebase app has not yet been configured. Add `FirebaseApp.configure()` to your application initialization. This can be done in in the App Delegate's application(_:didFinishLaunchingWithOptions:)` (or the `@main` struct's initializer in SwiftUI). Read more: https://firebase.google.com/docs/ios/setup#initialize_firebase_in_your_app
2026-05-15 06:31:51.893296+0530 Yoga of Eating[15816:124627] [[FirebaseCore]] 12.7.0 - [FirebaseCore][I-COR000003] The default Firebase app has not yet been configured. Add `FirebaseApp.configure()` to your application initialization. This can be done in in the App Delegate's application(_:didFinishLaunchingWithOptions:)` (or the `@main` struct's initializer in SwiftUI). Read more: https://firebase.google.com/docs/ios/setup#initialize_firebase_in_your_app
Test Case '-[Yoga_of_EatingTests.BriefingRemediationTests test_predictWakeTime_parsesValidStoredTime]' passed (0.002 seconds).
Test Case '-[Yoga_of_EatingTests.BriefingRemediationTests test_predictWakeTime_returnsDefaultForInvalid]' started.
2026-05-15 06:31:51.893653+0530 Yoga of Eating[15816:124627] [[FirebaseCore]] 12.7.0 - [FirebaseCore][I-COR000003] The default Firebase app has not yet been configured. Add `FirebaseApp.configure()` to your application initialization. This can be done in in the App Delegate's application(_:didFinishLaunchingWithOptions:)` (or the `@main` struct's initializer in SwiftUI). Read more: https://firebase.google.com/docs/ios/setup#initialize_firebase_in_your_app
2026-05-15 06:31:51.894668+0530 Yoga of Eating[15816:124627] [[FirebaseCore]] 12.7.0 - [FirebaseCore][I-COR000003] The default Firebase app has not yet been configured. Add `FirebaseApp.configure()` to your application initialization. This can be done in in the App Delegate's application(_:didFinishLaunchingWithOptions:)` (or the `@main` struct's initializer in SwiftUI). Read more: https://firebase.google.com/docs/ios/setup#initialize_firebase_in_your_app
2026-05-15 06:31:51.894975+0530 Yoga of Eating[15816:124627] [[FirebaseCore]] 12.7.0 - [FirebaseCore][I-COR000003] The default Firebase app has not yet been configured. Add `FirebaseApp.configure()` to your application initialization. This can be done in in the App Delegate's application(_:didFinishLaunchingWithOptions:)` (or the `@main` struct's initializer in SwiftUI). Read more: https://firebase.google.com/docs/ios/setup#initialize_firebase_in_your_app
2026-05-15 06:31:51.895116+0530 Yoga of Eating[15816:124627] [[FirebaseCore]] 12.7.0 - [FirebaseCore][I-COR000003] The default Firebase app has not yet been configured. Add `FirebaseApp.configure()` to your application initialization. This can be done in in the App Delegate's application(_:didFinishLaunchingWithOptions:)` (or the `@main` struct's initializer in SwiftUI). Read more: https://firebase.google.com/docs/ios/setup#initialize_firebase_in_your_app
2026-05-15 06:31:51.895248+0530 Yoga of Eating[15816:124627] [[FirebaseCore]] 12.7.0 - [FirebaseCore][I-COR000003] The default Firebase app has not yet been configured. Add `FirebaseApp.configure()` to your application initialization. This can be done in in the App Delegate's application(_:didFinishLaunchingWithOptions:)` (or the `@main` struct's initializer in SwiftUI). Read more: https://firebase.google.com/docs/ios/setup#initialize_firebase_in_your_app
Test Case '-[Yoga_of_EatingTests.BriefingRemediationTests test_predictWakeTime_returnsDefaultForInvalid]' passed (0.001 seconds).
2026-05-15 06:31:51.895390+0530 Yoga of Eating[15816:124627] [[FirebaseCore]] 12.7.0 - [FirebaseCore][I-COR000003] The default Firebase app has not yet been configured. Add `FirebaseApp.configure()` to your application initialization. This can be done in in the App Delegate's application(_:didFinishLaunchingWithOptions:)` (or the `@main` struct's initializer in SwiftUI). Read more: https://firebase.google.com/docs/ios/setup#initialize_firebase_in_your_app
Test Case '-[Yoga_of_EatingTests.BriefingRemediationTests test_triggerInsightGeneration_skipsWhenInsightAlreadyExistsForToday]' started.
2026-05-15 06:31:51.895644+0530 Yoga of Eating[15816:124627] [[FirebaseCore]] 12.7.0 - [FirebaseCore][I-COR000003] The default Firebase app has not yet been configured. Add `FirebaseApp.configure()` to your application initialization. This can be done in in the App Delegate's application(_:didFinishLaunchingWithOptions:)` (or the `@main` struct's initializer in SwiftUI). Read more: https://firebase.google.com/docs/ios/setup#initialize_firebase_in_your_app
Test Case '-[Yoga_of_EatingTests.BriefingRemediationTests test_triggerInsightGeneration_skipsWhenInsightAlreadyExistsForToday]' passed (0.000 seconds).
Test Suite 'BriefingRemediationTests' passed at 2026-05-15 06:31:51.896.
	 Executed 8 tests, with 0 failures (0 unexpected) in 0.014 (0.015) seconds
Test Suite 'BuilderTests' started at 2026-05-15 06:31:51.896.
Test Case '-[Yoga_of_EatingTests.BuilderTests test_dailyInsight_hasExpectedDefaults]' started.
Test Case '-[Yoga_of_EatingTests.BuilderTests test_dailyInsight_hasExpectedDefaults]' passed (0.000 seconds).
Test Case '-[Yoga_of_EatingTests.BuilderTests test_dailyInsight_markAsViewed_setsFlag]' started.
Test Case '-[Yoga_of_EatingTests.BuilderTests test_dailyInsight_markAsViewed_setsFlag]' passed (0.000 seconds).
Test Case '-[Yoga_of_EatingTests.BuilderTests test_dailyInsight_producesUniqueIDs]' started.
Test Case '-[Yoga_of_EatingTests.BuilderTests test_dailyInsight_producesUniqueIDs]' passed (0.000 seconds).
Test Case '-[Yoga_of_EatingTests.BuilderTests test_healthProfileBuilder_build_hasExpectedDefaults]' started.
Test Case '-[Yoga_of_EatingTests.BuilderTests test_healthProfileBuilder_build_hasExpectedDefaults]' passed (0.001 seconds).
Test Case '-[Yoga_of_EatingTests.BuilderTests test_healthProfileBuilder_withAge_setsAge]' started.
Test Case '-[Yoga_of_EatingTests.BuilderTests test_healthProfileBuilder_withAge_setsAge]' passed (0.000 seconds).
Test Case '-[Yoga_of_EatingTests.BuilderTests test_healthProfileBuilder_withBMI_setsBMIAndCategory]' started.
Test Case '-[Yoga_of_EatingTests.BuilderTests test_healthProfileBuilder_withBMI_setsBMIAndCategory]' passed (0.000 seconds).
Test Case '-[Yoga_of_EatingTests.BuilderTests test_healthProfileBuilder_withRiskLevel_setsRiskLevel]' started.
Test Case '-[Yoga_of_EatingTests.BuilderTests test_healthProfileBuilder_withRiskLevel_setsRiskLevel]' passed (0.000 seconds).
Test Case '-[Yoga_of_EatingTests.BuilderTests test_mealBuilder_analyzed_setsIsAIAnalyzed]' started.
Test Case '-[Yoga_of_EatingTests.BuilderTests test_mealBuilder_analyzed_setsIsAIAnalyzed]' passed (0.001 seconds).
Test Case '-[Yoga_of_EatingTests.BuilderTests test_mealBuilder_build_hasExpectedDefaults]' started.
Test Case '-[Yoga_of_EatingTests.BuilderTests test_mealBuilder_build_hasExpectedDefaults]' passed (0.000 seconds).
Test Case '-[Yoga_of_EatingTests.BuilderTests test_mealBuilder_build_producesUniqueIDs]' started.
Test Case '-[Yoga_of_EatingTests.BuilderTests test_mealBuilder_build_producesUniqueIDs]' passed (0.000 seconds).
Test Case '-[Yoga_of_EatingTests.BuilderTests test_mealBuilder_chaining_combinesAllProperties]' started.
Test Case '-[Yoga_of_EatingTests.BuilderTests test_mealBuilder_chaining_combinesAllProperties]' passed (0.000 seconds).
Test Case '-[Yoga_of_EatingTests.BuilderTests test_mealBuilder_migration_matchesInlineConstruction]' started.
Test Case '-[Yoga_of_EatingTests.BuilderTests test_mealBuilder_migration_matchesInlineConstruction]' passed (0.000 seconds).
Test Case '-[Yoga_of_EatingTests.BuilderTests test_mealBuilder_withInsight_setsAIInsight]' started.
Test Case '-[Yoga_of_EatingTests.BuilderTests test_mealBuilder_withInsight_setsAIInsight]' passed (0.000 seconds).
Test Case '-[Yoga_of_EatingTests.BuilderTests test_mealBuilder_withItems_setsItems]' started.
Test Case '-[Yoga_of_EatingTests.BuilderTests test_mealBuilder_withItems_setsItems]' passed (0.000 seconds).
Test Case '-[Yoga_of_EatingTests.BuilderTests test_mealBuilder_withMealType_setsMealType]' started.
Test Case '-[Yoga_of_EatingTests.BuilderTests test_mealBuilder_withMealType_setsMealType]' passed (0.000 seconds).
Test Case '-[Yoga_of_EatingTests.BuilderTests test_mealBuilder_withScore_setsHealthScore]' started.
Test Case '-[Yoga_of_EatingTests.BuilderTests test_mealBuilder_withScore_setsHealthScore]' passed (0.000 seconds).
Test Case '-[Yoga_of_EatingTests.BuilderTests test_mindCheckEntryBuilder_accomplished_setsIsAccomplished]' started.
Test Case '-[Yoga_of_EatingTests.BuilderTests test_mindCheckEntryBuilder_accomplished_setsIsAccomplished]' passed (0.000 seconds).
Test Case '-[Yoga_of_EatingTests.BuilderTests test_mindCheckEntryBuilder_build_hasExpectedDefaults]' started.
Test Case '-[Yoga_of_EatingTests.BuilderTests test_mindCheckEntryBuilder_build_hasExpectedDefaults]' passed (0.000 seconds).
Test Case '-[Yoga_of_EatingTests.BuilderTests test_mindCheckEntryBuilder_build_producesUniqueIDs]' started.
Test Case '-[Yoga_of_EatingTests.BuilderTests test_mindCheckEntryBuilder_build_producesUniqueIDs]' passed (0.000 seconds).
Test Case '-[Yoga_of_EatingTests.BuilderTests test_mindCheckEntryBuilder_withCategory_setsCategory]' started.
Test Case '-[Yoga_of_EatingTests.BuilderTests test_mindCheckEntryBuilder_withCategory_setsCategory]' passed (0.000 seconds).
Test Case '-[Yoga_of_EatingTests.BuilderTests test_mindCheckEntryBuilder_withText_setsText]' started.
Test Case '-[Yoga_of_EatingTests.BuilderTests test_mindCheckEntryBuilder_withText_setsText]' passed (0.000 seconds).
Test Case '-[Yoga_of_EatingTests.BuilderTests test_snapshotBuilder_build_hasExpectedDefaults]' started.
Test Case '-[Yoga_of_EatingTests.BuilderTests test_snapshotBuilder_build_hasExpectedDefaults]' passed (0.002 seconds).
Test Case '-[Yoga_of_EatingTests.BuilderTests test_snapshotBuilder_build_producesUniqueIDs]' started.
Test Case '-[Yoga_of_EatingTests.BuilderTests test_snapshotBuilder_build_producesUniqueIDs]' passed (0.000 seconds).
Test Case '-[Yoga_of_EatingTests.BuilderTests test_snapshotBuilder_withDate_normalizesToMidnight]' started.
Test Case '-[Yoga_of_EatingTests.BuilderTests test_snapshotBuilder_withDate_normalizesToMidnight]' passed (0.000 seconds).
Test Case '-[Yoga_of_EatingTests.BuilderTests test_snapshotBuilder_withDaysAgo_setsCorrectDate]' started.
Test Case '-[Yoga_of_EatingTests.BuilderTests test_snapshotBuilder_withDaysAgo_setsCorrectDate]' passed (0.000 seconds).
Test Case '-[Yoga_of_EatingTests.BuilderTests test_snapshotBuilder_withInsight_setsInsight]' started.
Test Case '-[Yoga_of_EatingTests.BuilderTests test_snapshotBuilder_withInsight_setsInsight]' passed (0.000 seconds).
Test Case '-[Yoga_of_EatingTests.BuilderTests test_snapshotBuilder_withMeals_setsMeals]' started.
Test Case '-[Yoga_of_EatingTests.BuilderTests test_snapshotBuilder_withMeals_setsMeals]' passed (0.000 seconds).
Test Case '-[Yoga_of_EatingTests.BuilderTests test_snapshotBuilder_withSmileyState_setSmileyState]' started.
Test Case '-[Yoga_of_EatingTests.BuilderTests test_snapshotBuilder_withSmileyState_setSmileyState]' passed (0.000 seconds).
Test Suite 'BuilderTests' passed at 2026-05-15 06:31:51.918.
	 Executed 28 tests, with 0 failures (0 unexpected) in 0.012 (0.022) seconds
Test Suite 'CalorieDetailDataTests' started at 2026-05-15 06:31:51.918.
Test Case '-[Yoga_of_EatingTests.CalorieDetailDataTests test_calorieDetailData_activityBreakdown_showsBasalAndActive]' started.
Test Case '-[Yoga_of_EatingTests.CalorieDetailDataTests test_calorieDetailData_activityBreakdown_showsBasalAndActive]' passed (0.001 seconds).
Test Case '-[Yoga_of_EatingTests.CalorieDetailDataTests test_calorieDetailData_activityNilByDefault]' started.
Test Case '-[Yoga_of_EatingTests.CalorieDetailDataTests test_calorieDetailData_activityNilByDefault]' passed (0.001 seconds).
Test Case '-[Yoga_of_EatingTests.CalorieDetailDataTests test_calorieDetailData_perMealBreakdown_excludesMealsWithoutCalories]' started.
Test Case '-[Yoga_of_EatingTests.CalorieDetailDataTests test_calorieDetailData_perMealBreakdown_excludesMealsWithoutCalories]' passed (0.001 seconds).
Test Case '-[Yoga_of_EatingTests.CalorieDetailDataTests test_calorieDetailData_perMealBreakdown_matchesMeals]' started.
Test Case '-[Yoga_of_EatingTests.CalorieDetailDataTests test_calorieDetailData_perMealBreakdown_matchesMeals]' passed (0.000 seconds).
Test Case '-[Yoga_of_EatingTests.CalorieDetailDataTests test_calorieDetailData_remainingCalories_nilWhenTDEENil]' started.
Test Case '-[Yoga_of_EatingTests.CalorieDetailDataTests test_calorieDetailData_remainingCalories_nilWhenTDEENil]' passed (0.000 seconds).
Test Case '-[Yoga_of_EatingTests.CalorieDetailDataTests test_calorieDetailData_remainingCalories_tdeeMinusConsumed]' started.
Test Case '-[Yoga_of_EatingTests.CalorieDetailDataTests test_calorieDetailData_remainingCalories_tdeeMinusConsumed]' passed (0.001 seconds).
Test Suite 'CalorieDetailDataTests' passed at 2026-05-15 06:31:51.924.
	 Executed 6 tests, with 0 failures (0 unexpected) in 0.004 (0.005) seconds
Test Suite 'CaloriePillIntegrationTests' started at 2026-05-15 06:31:51.924.
Test Case '-[Yoga_of_EatingTests.CaloriePillIntegrationTests test_integration_aiReturnsNilCalories_consumedStaysZero]' started.
2026-05-15 06:31:51.924865+0530 Yoga of Eating[15816:124627] [[FirebaseCore]] 12.7.0 - [FirebaseCore][I-COR000003] The default Firebase app has not yet been configured. Add `FirebaseApp.configure()` to your application initialization. This can be done in in the App Delegate's application(_:didFinishLaunchingWithOptions:)` (or the `@main` struct's initializer in SwiftUI). Read more: https://firebase.google.com/docs/ios/setup#initialize_firebase_in_your_app
Test Case '-[Yoga_of_EatingTests.CaloriePillIntegrationTests test_integration_aiReturnsNilCalories_consumedStaysZero]' passed (0.002 seconds).
Test Case '-[Yoga_of_EatingTests.CaloriePillIntegrationTests test_integration_mealAnalyzed_pillDataConsumed_reflectsEstimatedCalories]' started.
Test Case '-[Yoga_of_EatingTests.CaloriePillIntegrationTests test_integration_mealAnalyzed_pillDataConsumed_reflectsEstimatedCalories]' passed (0.002 seconds).
Test Case '-[Yoga_of_EatingTests.CaloriePillIntegrationTests test_integration_mealAnalyzed_pillIsVisible_whenConsumedPositive]' started.
Test Case '-[Yoga_of_EatingTests.CaloriePillIntegrationTests test_integration_mealAnalyzed_pillIsVisible_whenConsumedPositive]' passed (0.001 seconds).
Test Case '-[Yoga_of_EatingTests.CaloriePillIntegrationTests test_integration_multipleMeals_consumed_sumsBothEstimates]' started.
Test Case '-[Yoga_of_EatingTests.CaloriePillIntegrationTests test_integration_multipleMeals_consumed_sumsBothEstimates]' passed (0.001 seconds).
Test Suite 'CaloriePillIntegrationTests' passed at 2026-05-15 06:31:51.932.
	 Executed 4 tests, with 0 failures (0 unexpected) in 0.006 (0.008) seconds
Test Suite 'CaloriePillTests' started at 2026-05-15 06:31:51.932.
Test Case '-[Yoga_of_EatingTests.CaloriePillTests test_caloriePillData_equality_differentConsumed_notEqual]' started.
Test Case '-[Yoga_of_EatingTests.CaloriePillTests test_caloriePillData_equality_differentConsumed_notEqual]' passed (0.000 seconds).
Test Case '-[Yoga_of_EatingTests.CaloriePillTests test_caloriePillData_equality_sameValues]' started.
Test Case '-[Yoga_of_EatingTests.CaloriePillTests test_caloriePillData_equality_sameValues]' passed (0.000 seconds).
Test Case '-[Yoga_of_EatingTests.CaloriePillTests test_caloriePillData_fillColor_amberAt85Percent]' started.
Test Case '-[Yoga_of_EatingTests.CaloriePillTests test_caloriePillData_fillColor_amberAt85Percent]' passed (0.000 seconds).
Test Case '-[Yoga_of_EatingTests.CaloriePillTests test_caloriePillData_fillColor_amberAtExactly70Percent]' started.
Test Case '-[Yoga_of_EatingTests.CaloriePillTests test_caloriePillData_fillColor_amberAtExactly70Percent]' passed (0.000 seconds).
Test Case '-[Yoga_of_EatingTests.CaloriePillTests test_caloriePillData_fillColor_coralWhenOver100Percent]' started.
Test Case '-[Yoga_of_EatingTests.CaloriePillTests test_caloriePillData_fillColor_coralWhenOver100Percent]' passed (0.000 seconds).
Test Case '-[Yoga_of_EatingTests.CaloriePillTests test_caloriePillData_fillColor_greenBelow70Percent]' started.
Test Case '-[Yoga_of_EatingTests.CaloriePillTests test_caloriePillData_fillColor_greenBelow70Percent]' passed (0.000 seconds).
Test Case '-[Yoga_of_EatingTests.CaloriePillTests test_caloriePillData_fillColor_onTrackWhenTDEENil]' started.
Test Case '-[Yoga_of_EatingTests.CaloriePillTests test_caloriePillData_fillColor_onTrackWhenTDEENil]' passed (0.000 seconds).
Test Case '-[Yoga_of_EatingTests.CaloriePillTests test_caloriePillData_formattedConsumed_usesLocaleGroupingSeparator]' started.
Test Case '-[Yoga_of_EatingTests.CaloriePillTests test_caloriePillData_formattedConsumed_usesLocaleGroupingSeparator]' passed (0.001 seconds).
Test Case '-[Yoga_of_EatingTests.CaloriePillTests test_caloriePillData_formattedRemaining_nilWhenTDEENil]' started.
Test Case '-[Yoga_of_EatingTests.CaloriePillTests test_caloriePillData_formattedRemaining_nilWhenTDEENil]' passed (0.000 seconds).
Test Case '-[Yoga_of_EatingTests.CaloriePillTests test_caloriePillData_formattedRemaining_nonNilWhenTDEEPresent]' started.
Test Case '-[Yoga_of_EatingTests.CaloriePillTests test_caloriePillData_formattedRemaining_nonNilWhenTDEEPresent]' passed (0.000 seconds).
Test Case '-[Yoga_of_EatingTests.CaloriePillTests test_caloriePillData_formattedTDEE_nonNilWhenTDEEPresent]' started.
Test Case '-[Yoga_of_EatingTests.CaloriePillTests test_caloriePillData_formattedTDEE_nonNilWhenTDEEPresent]' passed (0.000 seconds).
Test Case '-[Yoga_of_EatingTests.CaloriePillTests test_caloriePillData_formattedTDEE_returnsNilWhenTDEENil]' started.
Test Case '-[Yoga_of_EatingTests.CaloriePillTests test_caloriePillData_formattedTDEE_returnsNilWhenTDEENil]' passed (0.000 seconds).
Test Case '-[Yoga_of_EatingTests.CaloriePillTests test_caloriePillData_init_setsConsumedAndTDEE]' started.
Test Case '-[Yoga_of_EatingTests.CaloriePillTests test_caloriePillData_init_setsConsumedAndTDEE]' passed (0.000 seconds).
Test Case '-[Yoga_of_EatingTests.CaloriePillTests test_caloriePillData_isPartialFalse_formattedConsumedNoTilde]' started.
Test Case '-[Yoga_of_EatingTests.CaloriePillTests test_caloriePillData_isPartialFalse_formattedConsumedNoTilde]' passed (0.000 seconds).
Test Case '-[Yoga_of_EatingTests.CaloriePillTests test_caloriePillData_isPartialTrue_formattedConsumedHasTilde]' started.
Test Case '-[Yoga_of_EatingTests.CaloriePillTests test_caloriePillData_isPartialTrue_formattedConsumedHasTilde]' passed (0.000 seconds).
Test Case '-[Yoga_of_EatingTests.CaloriePillTests test_caloriePillData_isVisible_falseWhenConsumedZeroAndTDEENil]' started.
Test Case '-[Yoga_of_EatingTests.CaloriePillTests test_caloriePillData_isVisible_falseWhenConsumedZeroAndTDEENil]' passed (0.000 seconds).
Test Case '-[Yoga_of_EatingTests.CaloriePillTests test_caloriePillData_isVisible_trueWhenBothPresent]' started.
Test Case '-[Yoga_of_EatingTests.CaloriePillTests test_caloriePillData_isVisible_trueWhenBothPresent]' passed (0.000 seconds).
Test Case '-[Yoga_of_EatingTests.CaloriePillTests test_caloriePillData_isVisible_trueWhenConsumedPositiveAndTDEENil]' started.
Test Case '-[Yoga_of_EatingTests.CaloriePillTests test_caloriePillData_isVisible_trueWhenConsumedPositiveAndTDEENil]' passed (0.000 seconds).
Test Case '-[Yoga_of_EatingTests.CaloriePillTests test_caloriePillData_isVisible_trueWhenConsumedZeroButTDEEKnown]' started.
Test Case '-[Yoga_of_EatingTests.CaloriePillTests test_caloriePillData_isVisible_trueWhenConsumedZeroButTDEEKnown]' passed (0.000 seconds).
Test Case '-[Yoga_of_EatingTests.CaloriePillTests test_caloriePillData_progressFraction_clampedAt1WhenOverGoal]' started.
Test Case '-[Yoga_of_EatingTests.CaloriePillTests test_caloriePillData_progressFraction_clampedAt1WhenOverGoal]' passed (0.001 seconds).
Test Case '-[Yoga_of_EatingTests.CaloriePillTests test_caloriePillData_progressFraction_correctRatio]' started.
Test Case '-[Yoga_of_EatingTests.CaloriePillTests test_caloriePillData_progressFraction_correctRatio]' passed (0.000 seconds).
Test Case '-[Yoga_of_EatingTests.CaloriePillTests test_caloriePillData_progressFraction_zeroWhenConsumedZero]' started.
Test Case '-[Yoga_of_EatingTests.CaloriePillTests test_caloriePillData_progressFraction_zeroWhenConsumedZero]' passed (0.000 seconds).
Test Case '-[Yoga_of_EatingTests.CaloriePillTests test_caloriePillData_progressFraction_zeroWhenTDEENil]' started.
Test Case '-[Yoga_of_EatingTests.CaloriePillTests test_caloriePillData_progressFraction_zeroWhenTDEENil]' passed (0.000 seconds).
Test Case '-[Yoga_of_EatingTests.CaloriePillTests test_caloriePillData_remaining_negativeWhenOverGoal]' started.
Test Case '-[Yoga_of_EatingTests.CaloriePillTests test_caloriePillData_remaining_negativeWhenOverGoal]' passed (0.002 seconds).
Test Case '-[Yoga_of_EatingTests.CaloriePillTests test_caloriePillData_remaining_nilWhenTDEENil]' started.
Test Case '-[Yoga_of_EatingTests.CaloriePillTests test_caloriePillData_remaining_nilWhenTDEENil]' passed (0.000 seconds).
Test Case '-[Yoga_of_EatingTests.CaloriePillTests test_caloriePillData_remaining_tdeeMinusConsumed]' started.
Test Case '-[Yoga_of_EatingTests.CaloriePillTests test_caloriePillData_remaining_tdeeMinusConsumed]' passed (0.000 seconds).
Test Suite 'CaloriePillTests' passed at 2026-05-15 06:31:51.951.
	 Executed 26 tests, with 0 failures (0 unexpected) in 0.012 (0.019) seconds
Test Suite 'CaloriePillViewModelTests' started at 2026-05-15 06:31:51.951.
Test Case '-[Yoga_of_EatingTests.CaloriePillViewModelTests test_calorieDetailData_perMealBreakdown_matchesMeals]' started.
2026-05-15 06:31:51.929522+0530 Yoga of Eating[15816:124632] [[FirebaseCore]] 12.7.0 - [FirebaseCore][I-COR000003] The default Firebase app has not yet been configured. Add `FirebaseApp.configure()` to your application initialization. This can be done in in the App Delegate's application(_:didFinishLaunchingWithOptions:)` (or the `@main` struct's initializer in SwiftUI). Read more: https://firebase.google.com/docs/ios/setup#initialize_firebase_in_your_app
Test Case '-[Yoga_of_EatingTests.CaloriePillViewModelTests test_calorieDetailData_perMealBreakdown_matchesMeals]' passed (0.002 seconds).
Test Case '-[Yoga_of_EatingTests.CaloriePillViewModelTests test_calorieDetailData_remainingCalories_nilWhenNoProfile]' started.
Test Case '-[Yoga_of_EatingTests.CaloriePillViewModelTests test_calorieDetailData_remainingCalories_nilWhenNoProfile]' passed (0.001 seconds).
Test Case '-[Yoga_of_EatingTests.CaloriePillViewModelTests test_caloriePillData_isNonOptional]' started.
2026-05-15 06:31:51.952724+0530 Yoga of Eating[15816:124632] [[FirebaseCore]] 12.7.0 - [FirebaseCore][I-COR000003] The default Firebase app has not yet been configured. Add `FirebaseApp.configure()` to your application initialization. This can be done in in the App Delegate's application(_:didFinishLaunchingWithOptions:)` (or the `@main` struct's initializer in SwiftUI). Read more: https://firebase.google.com/docs/ios/setup#initialize_firebase_in_your_app
Test Case '-[Yoga_of_EatingTests.CaloriePillViewModelTests test_caloriePillData_isNonOptional]' passed (0.005 seconds).
Test Case '-[Yoga_of_EatingTests.CaloriePillViewModelTests test_caloriePillData_noProfile_noMeals_returnsNilData]' started.
Test Case '-[Yoga_of_EatingTests.CaloriePillViewModelTests test_caloriePillData_noProfile_noMeals_returnsNilData]' passed (0.001 seconds).
2026-05-15 06:31:51.958695+0530 Yoga of Eating[15816:124632] [[FirebaseCore]] 12.7.0 - [FirebaseCore][I-COR000003] The default Firebase app has not yet been configured. Add `FirebaseApp.configure()` to your application initialization. This can be done in in the App Delegate's application(_:didFinishLaunchingWithOptions:)` (or the `@main` struct's initializer in SwiftUI). Read more: https://firebase.google.com/docs/ios/setup#initialize_firebase_in_your_app
Test Case '-[Yoga_of_EatingTests.CaloriePillViewModelTests test_caloriePillData_noProfile_withMeals_showsConsumedOnlyNilTDEE]' started.
Test Case '-[Yoga_of_EatingTests.CaloriePillViewModelTests test_caloriePillData_noProfile_withMeals_showsConsumedOnlyNilTDEE]' passed (0.001 seconds).
Test Case '-[Yoga_of_EatingTests.CaloriePillViewModelTests test_caloriePillData_tdeeFallback_profileStaticTDEEWhenNoHealthKit]' started.
Test Case '-[Yoga_of_EatingTests.CaloriePillViewModelTests test_caloriePillData_tdeeFallback_profileStaticTDEEWhenNoHealthKit]' passed (0.001 seconds).
Test Case '-[Yoga_of_EatingTests.CaloriePillViewModelTests test_caloriePillData_tdeeFromHealthKit_basalPlusActive]' started.
2026-05-15 06:31:51.960093+0530 Yoga of Eating[15816:124632] [[FirebaseCore]] 12.7.0 - [FirebaseCore][I-COR000003] The default Firebase app has not yet been configured. Add `FirebaseApp.configure()` to your application initialization. This can be done in in the App Delegate's application(_:didFinishLaunchingWithOptions:)` (or the `@main` struct's initializer in SwiftUI). Read more: https://firebase.google.com/docs/ios/setup#initialize_firebase_in_your_app
Test Case '-[Yoga_of_EatingTests.CaloriePillViewModelTests test_caloriePillData_tdeeFromHealthKit_basalPlusActive]' passed (0.001 seconds).
Test Case '-[Yoga_of_EatingTests.CaloriePillViewModelTests test_caloriePillData_tdeeHybrid_profileBMRPlusActiveWhenBasalMissing]' started.
Test Case '-[Yoga_of_EatingTests.CaloriePillViewModelTests test_caloriePillData_tdeeHybrid_profileBMRPlusActiveWhenBasalMissing]' passed (0.001 seconds).
Test Case '-[Yoga_of_EatingTests.CaloriePillViewModelTests test_caloriePillData_tdeeNil_whenNoProfileAndNoHealthKit]' started.
Test Case '-[Yoga_of_EatingTests.CaloriePillViewModelTests test_caloriePillData_tdeeNil_whenNoProfileAndNoHealthKit]' passed (0.001 seconds).
Test Case '-[Yoga_of_EatingTests.CaloriePillViewModelTests test_caloriePillData_tdeeRoundedToInt]' started.
Test Case '-[Yoga_of_EatingTests.CaloriePillViewModelTests test_caloriePillData_tdeeRoundedToInt]' passed (0.000 seconds).
Test Case '-[Yoga_of_EatingTests.CaloriePillViewModelTests test_caloriePillData_withProfile_ignoresNilCalorieMeals]' started.
Test Case '-[Yoga_of_EatingTests.CaloriePillViewModelTests test_caloriePillData_withProfile_ignoresNilCalorieMeals]' passed (0.000 seconds).
Test Case '-[Yoga_of_EatingTests.CaloriePillViewModelTests test_caloriePillData_withProfile_noMeals_showsZeroConsumedWithTDEE]' started.
Test Case '-[Yoga_of_EatingTests.CaloriePillViewModelTests test_caloriePillData_withProfile_noMeals_showsZeroConsumedWithTDEE]' passed (0.000 seconds).
2026-05-15 06:31:51.961799+0530 Yoga of Eating[15816:124632] [[FirebaseCore]] 12.7.0 - [FirebaseCore][I-COR000003] The default Firebase app has not yet been configured. Add `FirebaseApp.configure()` to your application initialization. This can be donTest Case '-[Yoga_of_EatingTests.CaloriePillViewModelTests test_caloriePillData_withProfile_withMeals_sumsMealCalories]' started.
e in in the App Delegate's application(_:didFinishLaunchingWithOptions:)` (or the `@main` struct's initializer in SwiftUI). Read more: https://firebase.google.com/docs/ios/setup#initialize_firebase_in_your_app
Test Case '-[Yoga_of_EatingTests.CaloriePillViewModelTests test_caloriePillData_withProfile_withMeals_sumsMealCalories]' passed (0.002 seconds).
Test Case '-[Yoga_of_EatingTests.CaloriePillViewModelTests test_historicalCaloriePillData_noProfile_snapshotWithCalories_tdeeIsNil]' started.
Test Case '-[Yoga_of_EatingTests.CaloriePillViewModelTests test_historicalCaloriePillData_noProfile_snapshotWithCalories_tdeeIsNil]' passed (0.000 seconds).
Test Case '-[Yoga_of_EatingTests.CaloriePillViewModelTests test_historicalCaloriePillData_noSnapshot_returnsNil]' started.
Test Case '-[Yoga_of_EatingTests.CaloriePillViewModelTests test_historicalCaloriePillData_noSnapshot_returnsNil]' passed (0.000 seconds).
2026-05-15 06:31:51.967422+0530 Yoga of Eating[15816:124632] [[FirebaseCore]] 12.7.0 - [FirebaseCore][I-COR000003] The default Firebase app has not yet been configured. Add `FirebaseApp.configure()` to your application initialization. This can be done in in the App Delegate's application(_:didFinishLaunchingWithOptions:)` (or the `@main` struct's initializer in SwiftUI). Read more: httTest Case '-[Yoga_of_EatingTests.CaloriePillViewModelTests test_historicalCaloriePillData_snapshotWithCalories_returnsData]' started.
Test Case '-[Yoga_of_EatingTests.CaloriePillViewModelTests test_historicalCaloriePillData_snapshotWithCalories_returnsData]' passed (0.002 seconds).
Test Case '-[Yoga_of_EatingTests.CaloriePillViewModelTests test_historicalCaloriePillData_snapshotWithNoCalories_returnsNil]' started.
ps://firebase.google.com/docs/ios/setup#initialize_firebase_in_your_app
Test Case '-[Yoga_of_EatingTests.CaloriePillViewModelTests test_historicalCaloriePillData_snapshotWithNoCalories_returnsNil]' passed (0.000 seconds).
Test Case '-[Yoga_of_EatingTests.CaloriePillViewModelTests test_integration_mealAnalyzed_pillDataUpdates]' started.
Test Case '-[Yoga_of_EatingTests.CaloriePillViewModelTests test_integration_mealAnalyzed_pillDataUpdates]' passed (0.000 seconds).
Test Case '-[Yoga_of_EatingTests.CaloriePillViewModelTests test_integration_snapshotPreservesTotalCalories]' started.
Test Case '-[Yoga_of_EatingTests.CaloriePillViewModelTests test_integration_snapshotPreservesTotalCalories]' passed (0.000 seconds).
Test Case '-[Yoga_of_EatingTests.CaloriePillViewModelTests test_loadData_callsActivityDataRefresh]' started.
Test Case '-[Yoga_of_EatingTests.CaloriePillViewModelTests test_loadData_callsActivityDataRefresh]' passed (0.002 seconds).
Test Case '-[Yoga_of_EatingTests.CaloriePillViewModelTests test_mainViewModel_loadTodayActivityData_updatesPublishedProperties]' started.
2026-05-15 06:31:51.970466+0530 Yoga of Eating[15816:124632] [[FirebaseCore]] 12.7.0 - [FirebaseCore][I-COR000003] The default Firebase app has not yet been configured. Add `FirebaseApp.configure()` to your application initialization. This can be done in in the App Delegate's application(_:didFinishLaunchingWithOptions:)` (or the `@main` struct's initializer in SwiftUI). Read more: https://firebase.google.com/docs/ios/setup#initialize_firebase_in_your_app
Test Case '-[Yoga_of_EatingTests.CaloriePillViewModelTests test_mainViewModel_loadTodayActivityData_updatesPublishedProperties]' passed (0.001 seconds).
Test Case '-[Yoga_of_EatingTests.CaloriePillViewModelTests test_refreshActivityDataIfNeeded_cooldown_doesNotRefetchWithinWindow]' started.
Test Case '-[Yoga_of_EatingTests.CaloriePillViewModelTests test_refreshActivityDataIfNeeded_cooldown_doesNotRefetchWithinWindow]' passed (0.001 seconds).
Test Case '-[Yoga_of_EatingTests.CaloriePillViewModelTests test_refreshActivityDataIfNeeded_setsLastFetchDate_onFirstCall]' started.
Test Case '-[Yoga_of_EatingTests.CaloriePillViewModelTests test_refreshActivityDataIfNeeded_setsLastFetchDate_onFirstCall]' passed (0.000 seconds).
Test Suite 'CaloriePillViewModelTests' passed at 2026-05-15 06:31:51.976.
	 Executed 23 tests, with 0 failures (0 unexpected) in 0.022 (0.025) seconds
Test Suite 'CaloriePillWidthTests' started at 2026-05-15 06:31:51.976.
Test Case '-[Yoga_of_EatingTests.CaloriePillWidthTests test_caloriePillMaxWidth_isDefinedAndReasonable]' started.
Test Case '-[Yoga_of_EatingTests.CaloriePillWidthTests test_caloriePillMaxWidth_isDefinedAndReasonable]' passed (0.000 seconds).
Test Suite 'CaloriePillWidthTests' passed at 2026-05-15 06:31:51.977.
	 Executed 1 test, with 0 failures (0 unexpected) in 0.000 (0.001) seconds
Test Suite 'ClockSkewTests' started at 2026-05-15 06:31:51.977.
Test Case '-[Yoga_of_EatingTests.ClockSkewTests test_sync_whenLastSyncDateIsInFuture_performsFullSync]' started.
2026-05-15 06:31:51.977760+0530 Yoga of Eating[15816:124257] [HistoricalSync] Full sync: 3 snapshots
2026-05-15 06:31:51.977826+0530 Yoga of Eating[15816:124257] [HistoricalSync] Sync completed at 2026-05-15 01:01:51 +0000
2026-05-15 06:31:51.974809+0530 Yoga of Eating[15816:124632] [[FirebaseCore]] 12.7.0 - [FirebaseCore][I-COR000003] The default Firebase app has not yet been configured. Add `FirebaseApp.configure()` to your application initialization. This can be done in in the App DelegateTest Case '-[Yoga_of_EatingTests.ClockSkewTests test_sync_whenLastSyncDateIsInFuture_performsFullSync]' passed (0.001 seconds).
Test Case '-[Yoga_of_EatingTests.ClockSkewTests test_sync_whenLastSyncDateIsInPast_performsDeltaSync]' started.
2026-05-15 06:31:51.979241+0530 Yoga of Eating[15816:124257] [HistoricalSync] Delta sync: 1 snapshots since 2026-05-14 01:01:51 +0000
2026-05-15 06:31:51.979279+0530 Yoga of Eating[15816:124257] [HistoricalSync] Sync completed at 2026-05-15 01:01:51 +0000
Test Case '-[Yoga_of_EatingTests.ClockSkewTests test_sync_whenLastSyncDateIsInPast_performsDeltaSync]' passed (0.001 seconds).
Test Suite 'ClockSkewTests' passed at 2026-05-15 06:31:51.980.
	 Executed 2 tests, with 0 failures (0 unexpected) in 0.002 (0.003) seconds
Test Suite 'CollectionExtensionTests' started at 2026-05-15 06:31:51.980.
Test Case '-[Yoga_of_EatingTests.CollectionExtensionTests test_average_emptyCollection_returnsNil]' started.
's application(_:didFinishLaunchingWithOptions:)` (or the `@main` struct's initializer in SwiftUI). Read more: https://firebase.google.com/docs/ios/setup#initialize_firebase_in_your_app
Test Case '-[Yoga_of_EatingTests.CollectionExtensionTests test_average_emptyCollection_returnsNil]' passed (0.000 seconds).
Test Case '-[Yoga_of_EatingTests.CollectionExtensionTests test_average_multipleElements_returnsCorrectMean]' started.
Test Case '-[Yoga_of_EatingTests.CollectionExtensionTests test_average_multipleElements_returnsCorrectMean]' passed (0.000 seconds).
Test Case '-[Yoga_of_EatingTests.CollectionExtensionTests test_average_singleElement_returnsElement]' started.
Test Case '-[Yoga_of_EatingTests.CollectionExtensionTests test_average_singleElement_returnsElement]' passed (0.000 seconds).
Test Suite 'CollectionExtensionTests' passed at 2026-05-15 06:31:51.982.
	 Executed 3 tests, with 0 failures (0 unexpected) in 0.001 (0.002) seconds
Test Suite 'ConcurrencyFlagTests' started at 2026-05-15 06:31:51.982.
Test Case '-[Yoga_of_EatingTests.ConcurrencyFlagTests test_isRestoreInProgress_isFalseInitially]' started.
Test Case '-[Yoga_of_EatingTests.ConcurrencyFlagTests test_isRestoreInProgress_isFalseInitially]' passed (0.000 seconds).
Test Case '-[Yoga_of_EatingTests.ConcurrencyFlagTests test_isSyncInProgress_isFalseInitially]' started.
Test Case '-[Yoga_of_EatingTests.ConcurrencyFlagTests test_isSyncInProgress_isFalseInitially]' passed (0.000 seconds).
Test Case '-[Yoga_of_EatingTests.ConcurrencyFlagTests test_restoreFromFirebase_clearsFlag_onFailure]' started.
2026-05-15 06:31:51.985521+0530 Yoga of Eating[15816:124257] [HistoricalSync] Attempt 1/3 failed: Fetch failed. Retrying.
2026-05-15 06:31:51.980257+0530 Yoga of Eating[15816:124632] [[FirebaseCore]] 12.7.0 - [FirebaseCore][I-COR000003] The default Firebase app has not yet been configured. Add `FirebaseApp.configure()` to your application initialization. This can be done in in the App Delegate's application(_:didFinishLaunchingWithOptions:)` (or the `@main` struct's initializer in SwiftUI). Read more: https://firebase.google.com/docs/ios/setup#initialize_firebase_in_your_app
2026-05-15 06:31:51.986016+0530 Yoga of Eating[15816:124632] [[FirebaseCore]] 12.7.0 - [FirebaseCore][I-COR000003] The default Firebase app has not yet been configured. Add `FirebaseApp.configure()` to your application initialization. This can be done in in the App Delegate's application(_:didFinishLaunchingWithOptions:)` (or the `@main` struct's initializer in SwiftUI). Read more: https://firebase.google.com/docs/ios/setup#initialize_firebase_in_your_app
2026-05-15 06:31:51.987387+0530 Yoga of Eating[15816:124632] [[FirebaseCore]] 12.7.0 - [FirebaseCore][I-COR000003] The default Firebase app has not yet been configured. Add `FirebaseApp.configure()` to your application initialization. This can be done in in the App Delegate's application(_:didFinishLaunchingWithOptions:)` (or the `@main` struct's initializer in SwiftUI). Read more: https://firebase.google.com/docs/ios/setup#initialize_firebase_in_your_app
2026-05-15 06:31:51.991874+0530 Yoga of Eating[15816:124632] [[FirebaseCore]] 12.7.0 - [FirebaseCore][I-COR000003] The default Firebase app has not yet been configured. Add `FirebaseApp.configure()` to your application initialization. This can be done in in the App Delegate's application(_:didFinishLaunchingWithOptions:)` (or the `@main` struct's initializer in SwiftUI). Read more: https://firebase.google.com/docs/ios/setup#initialize_firebase_in_your_app
2026-05-15 06:31:51.994290+0530 Yoga of Eating[15816:124632] [[FirebaseCore]] 12.7.0 - [FirebaseCore][I-COR000003] The default Firebase app has not yet been configured. Add `FirebaseApp.configure()` to your application initialization. This can be done in in the App Delegate's application(_:didFinishLaunchingWithOptions:)` (or the `@main` struct's initializer in SwiftUI). Read more: https://firebase.google.com/docs/ios/setup#initialize_firebase_in_your_app
2026-05-15 06:31:51.994675+0530 Yoga of Eating[15816:124632] [[FirebaseCore]] 12.7.0 - [FirebaseCore][I-COR000003] The default Firebase app has not yet been configured. Add `FirebaseApp.configure()` to your application initialization. This can be done in in the App Delegate's application(_:didFinishLaunchingWithOptions:)` (or the `@main` struct's initializer in SwiftUI). Read more: https://firebase.google.com/docs/ios/setup#initialize_firebase_in_your_app
2026-05-15 06:31:51.994788+0530 Yoga of Eating[15816:124632] [[FirebaseCore]] 12.7.0 - [FirebaseCore][I-COR000003] The default Firebase app has not yet been configured. Add `FirebaseApp.configure()` to your application initialization. This can be done in in the App Delegate's application(_:didFinishLaunchingWithOptions:)` (or the `@main` struct's initializer in SwiftUI). Read more: https://firebase.google.com/docs/ios/setup#initialize_firebase_in_your_app
2026-05-15 06:31:51.994835+0530 Yoga of Eating[15816:124632] [[FirebaseCore]] 12.7.0 - [FirebaseCore][I-COR000003] The default Firebase app has not yet been configured. Add `FirebaseApp.configure()` to your application initialization. This can be done in in the App Delegate's application(_:didFinishLaunchingWithOptions:)` (or the `@main` struct's initializer in SwiftUI). Read more: https://firebase.google.com/docs/ios/setup#initialize_firebase_in_your_app
2026-05-15 06:31:51.994957+0530 Yoga of Eating[15816:124632] [[FirebaseCore]] 12.7.0 - [FirebaseCore][I-COR000003] The default Firebase app has not yet been configured. Add `FirebaseApp.configure()` to your application initialization. This can be done in in the App Delegate's application(_:didFinishLaunchingWithOptions:)` (or the `@main` struct's initializer in SwiftUI). Read more: https://firebase.google.com/docs/ios/setup#initialize_firebase_in_your_app
2026-05-15 06:31:51.995095+0530 Yoga of Eating[15816:124632] [[FirebaseCore]] 12.7.0 - [FirebaseCore][I-COR000003] The default Firebase app has not yet been configured. Add `FirebaseApp.configure()` to your application initialization. This can be done in in the App Delegate's application(_:didFinishLaunchingWithOptions:)` (or the `@main` struct's initializer in SwiftUI). Read more: https://firebase.google.com/docs/ios/setup#initialize_firebase_in_your_app
2026-05-15 06:31:51.995286+0530 Yoga of Eating[15816:124632] [[FirebaseCore]] 12.7.0 - [FirebaseCore][I-COR000003] The default Firebase app has not yet been configured. Add `FirebaseApp.configure()` to your application initialization. This can be done in in the App Delegate's application(_:didFinishLaunchingWithOptions:)` (or the `@main` struct's initializer in SwiftUI). Read more: https://firebase.google.com/docs/ios/setup#initialize_firebase_in_your_app
2026-05-15 06:31:51.995384+0530 Yoga of Eating[15816:124632] [[FirebaseCore]] 12.7.0 - [FirebaseCore][I-COR000003] The default Firebase app has not yet been configured. Add `FirebaseApp.configure()` to your application initialization. This can be done in in the App Delegate's application(_:didFinishLaunchingWithOptions:)` (or the `@main` struct's initializer in SwiftUI). Read more: https://firebase.google.com/docs/ios/setup#initialize_firebase_in_your_app
2026-05-15 06:31:51.995514+0530 Yoga of Eating[15816:124632] [[FirebaseCore]] 12.7.0 - [FirebaseCore][I-COR000003] The default Firebase app has not yet been configured. Add `FirebaseApp.configure()` to your application initialization. This can be done in in the App Delegate's application(_:didFinishLaunchingWithOptions:)` (or the `@main` struct's initializer in SwiftUI). Read more: https://firebase.google.com/docs/ios/setup#initialize_firebase_in_your_app
2026-05-15 06:31:51.995624+0530 Yoga of Eating[15816:124632] [[FirebaseCore]] 12.7.0 - [FirebaseCore][I-COR000003] The default Firebase app has not yet been configured. Add `FirebaseApp.configure()` to your application initialization. This can be done in in the App Delegate's application(_:didFinishLaunchingWithOptions:)` (or the `@main` struct's initializer in SwiftUI). Read more: https://firebase.google.com/docs/ios/setup#initialize_firebase_in_your_app
2026-05-15 06:31:51.995724+0530 Yoga of Eating[15816:124632] [[FirebaseCore]] 12.7.0 - [FirebaseCore][I-COR000003] The default Firebase app has not yet been configured. Add `FirebaseApp.configure()` to your application initialization. This can be done in in the App Delegate's application(_:didFinishLaunchingWithOptions:)` (or the `@main` struct's initializer in SwiftUI). Read more: https://firebase.google.com/docs/ios/setup#initialize_firebase_in_your_app
2026-05-15 06:31:51.995808+0530 Yoga of Eating[15816:124632] [[FirebaseCore]] 12.7.0 - [FirebaseCore][I-COR000003] The default Firebase app has not yet been configured. Add `FirebaseApp.configure()` to your application initialization. This can be done in in the App Delegate's application(_:didFinishLaunchingWithOptions:)` (or the `@main` struct's initializer in SwiftUI). Read more: https://firebase.google.com/docs/ios/setup#initialize_firebase_in_your_app
2026-05-15 06:31:51.995972+0530 Yoga of Eating[15816:124632] [[FirebaseCore]] 12.7.0 - [FirebaseCore][I-COR000003] The default Firebase app has not yet been configured. Add `FirebaseApp.configure()` to your application initialization. This can be done in in the App Delegate's application(_:didFinishLaunchingWithOptions:)` (or the `@main` struct's initializer in SwiftUI). Read more: https://firebase.google.com/docs/ios/setup#initialize_firebase_in_your_app
2026-05-15 06:31:51.996090+0530 Yoga of Eating[15816:124632] [[FirebaseCore]] 12.7.0 - [FirebaseCore][I-COR000003] The default Firebase app has not yet been configured. Add `FirebaseApp.configure()` to your application initialization. This can be done in in the App Delegate's application(_:didFinishLaunchingWithOptions:)` (or the `@main` struct's initializer in SwiftUI). Read more: https://firebase.google.com/docs/ios/setup#initialize_firebase_in_your_app
2026-05-15 06:31:51.996177+0530 Yoga of Eating[15816:124632] [[FirebaseCore]] 12.7.0 - [FirebaseCore][I-COR000003] The default Firebase app has not yet been configured. Add `FirebaseApp.configure()` to your application initialization. This can be done in in the App Delegate's application(_:didFinishLaunchingWithOptions:)` (or the `@main` struct's initializer in SwiftUI). Read more: https://firebase.google.com/docs/ios/setup#initialize_firebase_in_your_app
2026-05-15 06:31:51.996227+0530 Yoga of Eating[15816:124632] [[FirebaseCore]] 12.7.0 - [FirebaseCore][I-COR000003] The default Firebase app has not yet been configured. Add `FirebaseApp.configure()` to your application initialization. This can be done in in the App Delegate's application(_:didFinishLaunchingWithOptions:)` (or the `@main` struct's initializer in SwiftUI). Read more: https://firebase.google.com/docs/ios/setup#initialize_firebase_in_your_app
2026-05-15 06:31:51.996515+0530 Yoga of Eating[15816:124632] [[FirebaseCore]] 12.7.0 - [FirebaseCore][I-COR000003] The default Firebase app has not yet been configured. Add `FirebaseApp.configure()` to your application initialization. This can be done in in the App Delegate's application(_:didFinishLaunchingWithOptions:)` (or the `@main` struct's initializer in SwiftUI). Read more: https://firebase.google.com/docs/ios/setup#initialize_firebase_in_your_app
2026-05-15 06:31:51.996604+0530 Yoga of Eating[15816:124632] [[FirebaseCore]] 12.7.0 - [FirebaseCore][I-COR000003] The default Firebase app has not yet been configured. Add `FirebaseApp.configure()` to your application initialization. This can be done in in the App Delegate's application(_:didFinishLaunchingWithOptions:)` (or the `@main` struct's initializer in SwiftUI). Read more: https://firebase.google.com/docs/ios/setup#initialize_firebase_in_your_app
2026-05-15 06:31:51.996649+0530 Yoga of Eating[15816:124632] [[FirebaseCore]] 12.7.0 - [FirebaseCore][I-COR000003] The default Firebase app has not yet been configured. Add `FirebaseApp.configure()` to your application initialization. This can be done in in the App Delegate's application(_:didFinishLaunchingWithOptions:)` (or the `@main` struct's initializer in SwiftUI). Read more: https://firebase.google.com/docs/ios/setup#initialize_firebase_in_your_app
2026-05-15 06:31:51.997095+0530 Yoga of Eating[15816:124632] [[FirebaseCore]] 12.7.0 - [FirebaseCore][I-COR000003] The default Firebase app has not yet been configured. Add `FirebaseApp.configure()` to your application initialization. This can be done in in the App Delegate's application(_:didFinishLaunchingWithOptions:)` (or the `@main` struct's initializer in SwiftUI). Read more: https://firebase.google.com/docs/ios/setup#initialize_firebase_in_your_app
2026-05-15 06:31:51.997151+0530 Yoga of Eating[15816:124632] [[FirebaseCore]] 12.7.0 - [FirebaseCore][I-COR000003] The default Firebase app has not yet been configured. Add `FirebaseApp.configure()` to your application initialization. This can be done in in the App Delegate's application(_:didFinishLaunchingWithOptions:)` (or the `@main` struct's initializer in SwiftUI). Read more: https://firebase.google.com/docs/ios/setup#initialize_firebase_in_your_app
2026-05-15 06:31:51.997211+0530 Yoga of Eating[15816:124632] [[FirebaseCore]] 12.7.0 - [FirebaseCore][I-COR000003] The default Firebase app has not yet been configured. Add `FirebaseApp.configure()` to your application initialization. This can be done in in the App Delegate's application(_:didFinishLaunchingWithOptions:)` (or the `@main` struct's initializer in SwiftUI). Read more: https://firebase.google.com/docs/ios/setup#initialize_firebase_in_your_app
2026-05-15 06:31:51.997255+0530 Yoga of Eating[15816:124632] [[FirebaseCore]] 12.7.0 - [FirebaseCore][I-COR000003] The default Firebase app has not yet been configured. Add `FirebaseApp.configure()` to your application initialization. This can be done in in the App Delegate's application(_:didFinishLaunchingWithOptions:)` (or the `@main` struct's initializer in SwiftUI). Read more: https://firebase.google.com/docs/ios/setup#initialize_firebase_in_your_app
2026-05-15 06:31:51.997386+0530 Yoga of Eating[15816:124632] [[FirebaseCore]] 12.7.0 - [FirebaseCore][I-COR000003] The default Firebase app has not yet been configured. Add `FirebaseApp.configure()` to your application initialization. This can be done in in the App Delegate's application(_:didFinishLaunchingWithOptions:)` (or the `@main` struct's initializer in SwiftUI). Read more: https://firebase.google.com/docs/ios/setup#initialize_firebase_in_your_app
2026-05-15 06:31:51.997506+0530 Yoga of Eating[15816:124632] [[FirebaseCore]] 12.7.0 - [FirebaseCore][I-COR000003] The default Firebase app has not yet been configured. Add `FirebaseApp.configure()` to your application initialization. This can be done in in the App Delegate's application(_:didFinishLaunchingWithOptions:)` (or the `@main` struct's initializer in SwiftUI). Read more: https://firebase.google.com/docs/ios/setup#initialize_firebase_in_your_app
2026-05-15 06:31:51.997737+0530 Yoga of Eating[15816:124632] [[FirebaseCore]] 12.7.0 - [FirebaseCore][I-COR000003] The default Firebase app has not yet been configured. Add `FirebaseApp.configure()` to your application initialization. This can be done in in the App Delegate's application(_:didFinishLaunchingWithOptions:)` (or the `@main` struct's initializer in SwiftUI). Read more: https://firebase.google.com/docs/ios/setup#initialize_firebase_in_your_app
2026-05-15 06:31:51.997792+0530 Yoga of Eating[15816:124632] [[FirebaseCore]] 12.7.0 - [FirebaseCore][I-COR000003] The default Firebase app has not yet been configured. Add `FirebaseApp.configure()` to your application initialization. This can be done in in the App Delegate's application(_:didFinishLaunchingWithOptions:)` (or the `@main` struct's initializer in SwiftUI). Read more: https://firebase.google.com/docs/ios/setup#initialize_firebase_in_your_app
2026-05-15 06:31:51.997944+0530 Yoga of Eating[15816:124632] [[FirebaseCore]] 12.7.0 - [FirebaseCore][I-COR000003] The default Firebase app has not yet been configured. Add `FirebaseApp.configure()` to your application initialization. This can be done in in the App Delegate's application(_:didFinishLaunchingWithOptions:)` (or the `@main` struct's initializer in SwiftUI). Read more: https://firebase.google.com/docs/ios/setup#initialize_firebase_in_your_app
2026-05-15 06:31:51.998003+0530 Yoga of Eating[15816:124632] [[FirebaseCore]] 12.7.0 - [FirebaseCore][I-COR000003] The default Firebase app has not yet been configured. Add `FirebaseApp.configure()` to your application initialization. This can be done in in the App Delegate's application(_:didFinishLaunchingWithOptions:)` (or the `@main` struct's initializer in SwiftUI). Read more: https://firebase.google.com/docs/ios/setup#initialize_firebase_in_your_app
2026-05-15 06:31:51.998327+0530 Yoga of Eating[15816:124632] [[FirebaseCore]] 12.7.0 - [FirebaseCore][I-COR000003] The default Firebase app has not yet been configured. Add `FirebaseApp.configure()` to your application initialization. This can be done in in the App Delegate's application(_:didFinishLaunchingWithOptions:)` (or the `@main` struct's initializer in SwiftUI). Read more: https://firebase.google.com/docs/ios/setup#initialize_firebase_in_your_app
2026-05-15 06:31:51.998403+0530 Yoga of Eating[15816:124632] [[FirebaseCore]] 12.7.0 - [FirebaseCore][I-COR000003] The default Firebase app has not yet been configured. Add `FirebaseApp.configure()` to your application initialization. This can be done in in the App Delegate's application(_:didFinishLaunchingWithOptions:)` (or the `@main` struct's initializer in SwiftUI). Read more: https://firebase.google.com/docs/ios/setup#initialize_firebase_in_your_app
2026-05-15 06:31:51.998482+0530 Yoga of Eating[15816:124632] [[FirebaseCore]] 12.7.0 - [FirebaseCore][I-COR000003] The default Firebase app has not yet been configured. Add `FirebaseApp.configure()` to your application initialization. This can be done in in the App Delegate's application(_:didFinishLaunchingWithOptions:)` (or the `@main` struct's initializer in SwiftUI). Read more: https://firebase.google.com/docs/ios/setup#initialize_firebase_in_your_app
2026-05-15 06:31:51.998526+0530 Yoga of Eating[15816:124632] [[FirebaseCore]] 12.7.0 - [FirebaseCore][I-COR000003] The default Firebase app has not yet been configured. Add `FirebaseApp.configure()` to your application initialization. This can be done in in the App Delegate's application(_:didFinishLaunchingWithOptions:)` (or the `@main` struct's initializer in SwiftUI). Read more: https://firebase.google.com/docs/ios/setup#initialize_firebase_in_your_app
2026-05-15 06:31:51.998573+0530 Yoga of Eating[15816:124632] [[FirebaseCore]] 12.7.0 - [FirebaseCore][I-COR000003] The default Firebase app has not yet been configured. Add `FirebaseApp.configure()` to your application initialization. This can be done in in the App Delegate's application(_:didFinishLaunchingWithOptions:)` (or the `@main` struct's initializer in SwiftUI). Read more: https://firebase.google.com/docs/ios/setup#initialize_firebase_in_your_app
2026-05-15 06:31:51.998620+0530 Yoga of Eating[15816:124632] [[FirebaseCore]] 12.7.0 - [FirebaseCore][I-COR000003] The default Firebase app has not yet been configured. Add `FirebaseApp.configure()` to your application initialization. This can be done in in the App Delegate's application(_:didFinishLaunchingWithOptions:)` (or the `@main` struct's initializer in SwiftUI). Read more: https://firebase.google.com/docs/ios/setup#initialize_firebase_in_your_app
2026-05-15 06:31:51.998668+0530 Yoga of Eating[15816:124632] [[FirebaseCore]] 12.7.0 - [FirebaseCore][I-COR000003] The default Firebase app has not yet been configured. Add `FirebaseApp.configure()` to your application initialization. This can be done in in the App Delegate's application(_:didFinishLaunchingWithOptions:)` (or the `@main` struct's initializer in SwiftUI). Read more: https://firebase.google.com/docs/ios/setup#initialize_firebase_in_your_app
2026-05-15 06:31:51.998712+0530 Yoga of Eating[15816:124632] [[FirebaseCore]] 12.7.0 - [FirebaseCore][I-COR000003] The default Firebase app has not yet been configured. Add `FirebaseApp.configure()` to your application initialization. This can be done in in the App Delegate's application(_:didFinishLaunchingWithOptions:)` (or the `@main` struct's initializer in SwiftUI). Read more: https://firebase.google.com/docs/ios/setup#initialize_firebase_in_your_app
2026-05-15 06:31:52.994914+0530 Yoga of Eating[15816:124257] [HistoricalSync] Attempt 2/3 failed: Fetch failed. Retrying.
2026-05-15 06:31:53.995838+0530 Yoga of Eating[15816:124257] [HistoricalSync] Operation failed after 3 attempts
Test Case '-[Yoga_of_EatingTests.ConcurrencyFlagTests test_restoreFromFirebase_clearsFlag_onFailure]' passed (2.016 seconds).
Test Case '-[Yoga_of_EatingTests.ConcurrencyFlagTests test_restoreFromFirebase_clearsFlag_onSuccess]' started.
2026-05-15 06:31:54.000792+0530 Yoga of Eating[15816:124257] [HistoricalSync] Restore: fetched 1 snapshots for user
Test Case '-[Yoga_of_EatingTests.ConcurrencyFlagTests test_restoreFromFirebase_clearsFlag_onSuccess]' passed (0.003 seconds).
Test Case '-[Yoga_of_EatingTests.ConcurrencyFlagTests test_restoreFromFirebase_whenAlreadyInProgress_isNoOp]' started.
2026-05-15 06:31:54.204646+0530 Yoga of Eating[15816:124257] [HistoricalSync] Restore: fetched 0 snapshots for user
Test Case '-[Yoga_of_EatingTests.ConcurrencyFlagTests test_restoreFromFirebase_whenAlreadyInProgress_isNoOp]' passed (0.203 seconds).
Test Case '-[Yoga_of_EatingTests.ConcurrencyFlagTests test_syncToFirebase_whenRestoreInProgress_doesNotUpload]' started.
2026-05-15 06:31:54.410455+0530 Yoga of Eating[15816:124257] [HistoricalSync] Restore: fetched 0 snapshots for user
Test Case '-[Yoga_of_EatingTests.ConcurrencyFlagTests test_syncToFirebase_whenRestoreInProgress_doesNotUpload]' passed (0.205 seconds).
Test Suite 'ConcurrencyFlagTests' passed at 2026-05-15 06:31:54.413.
	 Executed 6 tests, with 0 failures (0 unexpected) in 2.428 (2.431) seconds
Test Suite 'ConcurrencyTests' started at 2026-05-15 06:31:54.413.
Test Case '-[Yoga_of_EatingTests.ConcurrencyTests test_insightTask_isCancelledBeforeCompletion_withSlowLifecycleService]' started.
Test Case '-[Yoga_of_EatingTests.ConcurrencyTests test_insightTask_isCancelledBeforeCompletion_withSlowLifecycleService]' passed (0.002 seconds).
Test Case '-[Yoga_of_EatingTests.ConcurrencyTests test_insightTask_isCancelledOnRequest]' started.
Test Case '-[Yoga_of_EatingTests.ConcurrencyTests test_insightTask_isCancelledOnRequest]' passed (0.005 seconds).
Test Case '-[Yoga_of_EatingTests.ConcurrencyTests test_insightTask_isStoredDuringGeneration]' started.
2026-05-15 06:31:54.423736+0530 Yoga of Eating[15816:124257] [Reflection] Failed to fetch HealthKit sleep data: Authorization not determined
Test Case '-[Yoga_of_EatingTests.ConcurrencyTests test_insightTask_isStoredDuringGeneration]' passed (0.004 seconds).
2026-05-15 06:31:54.415363+0530 Yoga of Eating[15816:124626] [[FirebaseCore]] 12.7.0 - [FirebaseCore][I-COR000003] The default Firebase app has not yet been configured. Add `FirebaseApp.configure()` to your application initialization. This can be done in in the App Delegate's application(_:didFinishLaunchingWithOptions:)` (or the `@main` struct's initializer in SwiftUI). Read more: https://firebase.google.com/docs/ios/setup#initialize_firebase_in_your_app
Test Case '-[Yoga_of_EatingTests.ConcurrencyTests test_resetMonitorTask_isCancelledAfterDeinit]' started.
2026-05-15 06:31:54.427605+0530 Yoga of Eating[15816:124626] [[FirebaseCore]] 12.7.0 - [FirebaseCore][I-COR000003] The default Firebase app has not yet been configured. Add `FirebaseApp.configure()` to your application initialization. This can be done in in the App Delegate's application(_:didFinishLaunchingWithOptions:)` (or the `@main` struct's initializer in SwiftUI). Read more: https://firebase.google.com/docs/ios/setup#initialize_firebase_in_your_app
2026-05-15 06:31:54.428087+0530 Yoga of Eating[15816:124626] [[FirebaseCore]] 12.7.0 - [FirebaseCore][I-COR000003] The default Firebase app has not yet been configured. Add `FirebaseApp.configure()` to your application initialization. This can be done in in the App Delegate's application(_:didFinishLaunchingWithOptions:)` (or the `@main` struct's initializer in SwiftUI). Read more: https://firebase.google.com/docs/ios/setup#initialize_firebase_in_your_app
2026-05-15 06:31:54.428201+0530 Yoga of Eating[15816:124626] [[FirebaseCore]] 12.7.0 - [FirebaseCore][I-COR000003] The default Firebase app has not yet been configured. Add `FirebaseApp.configure()` to your application initialization. This can be done in in the App Delegate's application(_:didFinishLaunchingWithOptions:)` (or the `@main` struct's initializer in SwiftUI). Read more: https://firebase.google.com/docs/ios/setup#initialize_firebase_in_your_app
2026-05-15 06:31:54.428270+0530 Yoga of Eating[15816:124626] [[FirebaseCore]] 12.7.0 - [FirebaseCore][I-COR000003] The default Firebase app has not yet been configured. Add `FirebaseApp.configure()` to your application initialization. This can be done in in the App Delegate's application(_:didFinishLaunchingWithOptions:)` (or the `@main` struct's initializer in SwiftUI). Read more: https://firebase.google.com/docs/ios/setup#initialize_firebase_in_your_app
2026-05-15 06:31:54.428669+0530 Yoga of Eating[15816:124257] [Reflection] Failed to fetch HealthKit sleep data: Authorization not determined
2026-05-15 06:31:54.429031+0530 Yoga of Eating[15816:124257] [Reflection] Failed to fetch HealthKit sleep data: Authorization not determined
2026-05-15 06:31:54.429485+0530 Yoga of Eating[15816:124626] [[FirebaseCore]] 12.7.0 - [FirebaseCore][I-COR000003] The default Firebase app has not yet been configured. Add `FirebaseApp.configure()` to your application initialization. This can be done in in the App Delegate's application(_:didFinishLaunchingWithOptions:)` (or the `@main` struct's initializer in SwiftUI). Read more: https://firebase.google.com/docs/ios/setup#initialize_firebase_in_your_app
2026-05-15 06:31:54.429601+0530 Yoga of Eating[15816:124626] [[FirebaseCore]] 12.7.0 - [FirebaseCore][I-COR000003] The default Firebase app has not yet been configured. Add `FirebaseApp.configure()` to your application initialization. This can be done in in the App Delegate's application(_:didFinishLaunchingWithOptions:)` (or the `@main` struct's initializer in SwiftUI). Read more: https://firebase.google.com/docs/ios/setup#initialize_firebase_in_your_app
Test Case '-[Yoga_of_EatingTests.ConcurrencyTests test_resetMonitorTask_isCancelledAfterDeinit]' passed (0.003 seconds).
Test Case '-[Yoga_of_EatingTests.ConcurrencyTests test_setupResetMonitoring_storesTask]' started.
2026-05-15 06:31:54.431914+0530 Yoga of Eating[15816:124629] [[FirebaseCore]] 12.7.0 - [FirebaseCore][I-COR000003] The default Firebase app has not yet been configured. Add `FirebaseApp.configure()` to your application initialization. This can be done in in the App Delegate's application(_:didFinishLaunchingWithOptions:)` (or the `@main` struct's initializer in SwiftUI). Read more: https://firebase.google.com/docs/ios/setup#initialize_firebase_in_your_app
Test Case '-[Yoga_of_EatingTests.ConcurrencyTests test_setupResetMonitoring_storesTask]' passed (0.001 seconds).
2026-05-15 06:31:54.432173+0530 Yoga of Eating[15816:124629] [[FirebaseCore]] 12.7.0 - [FirebaseCore][I-COR000003] The default Firebase app has not yet been configured. Add `FirebaseApp.configure()` to your application initialization. This can be done in in the App Delegate's application(_:didFinishLaunchingWithOptions:)` (or the `@main` struct's initializer in SwiftUI). Read more: https://firebase.google.com/docs/ios/setup#initialize_firebase_in_your_app
Test Case '-[Yoga_of_EatingTests.ConcurrencyTests test_sleepBadgeTask_isNilBeforeFetch]' started.
2026-05-15 06:31:54.433847+0530 Yoga of Eating[15816:124628] [[FirebaseCore]] 12.7.0 - [FirebaseCore][I-COR000003] The default Firebase app has not yet been configured. Add `FirebaseApp.configure()` to your application initialization. This can be done in in the App Delegate's application(_:didFinishLaunchingWithOpTest Case '-[Yoga_of_EatingTests.ConcurrencyTests test_sleepBadgeTask_isNilBeforeFetch]' passed (0.001 seconds).
tions:)` (or the `@main` struct's initializer in SwiftUI). Read more: https://firebase.google.com/docs/ios/setup#initialize_firebase_in_your_app
Test Suite 'ConcurrencyTests' passed at 2026-05-15 06:31:54.435.
	 Executed 6 tests, with 0 failures (0 unexpected) in 0.017 (0.022) seconds
2026-05-15 06:31:54.434950+0530 Yoga of Eating[15816:124628] [[FirebaseCore]] 12.7.0 - [FirebaseCore][I-COR000003] The default Firebase app has not yet been configured. Add `FirebaseApp.configure()` to your application initialization. This can be done in in the App Delegate's application(_:didFinishLaunchingWithOptions:)` (or the `@main` struct's initializer in SwiftUI). Read more: https://firebase.google.com/docs/ios/setup#initialize_firebase_in_your_app
Test Suite 'ConcurrentAnalysisTests' started at 2026-05-15 06:31:54.435.
Test Case '-[Yoga_of_EatingTests.ConcurrentAnalysisTests test_coordinatorTask_clearedAfterAnalysisCompletes]' started.
2026-05-15 06:31:54.436265+0530 Yoga of Eating[15816:124257] [Reflection] Failed to fetch HealthKit sleep data: Authorization not determined
2026-05-15 06:31:54.436563+0530 Yoga of Eating[15816:124257] [Reflection] Failed to fetch HealthKit sleep data: Authorization not determined
2026-05-15 06:31:54.436726+0530 Yoga of Eating[15816:124257] [Reflection] Failed to fetch HealthKit sleep data: Authorization not determined
2026-05-15 06:31:54.437402+0530 Yoga of Eating[15816:124628] [[FirebaseCore]] 12.7.0 - [FirebaseCore][I-COR000003] The default Firebase app has not yet been configured. Add `FirebaseApp.configure()` to your application initialization. This can be done in in the App Delegate's application(_:didFinishLaunchingWithOptions:)` (or the `@main` struct's initializer in SwiftUI). Read more: https://firebase.google.com/docs/ios/setup#initialize_firebase_in_your_app
2026-05-15 06:31:54.439711+0530 Yoga of Eating[15816:124257] [Reflection] Failed to fetch HealthKit sleep data: Authorization not determined
2026-05-15 06:31:54.440104+0530 Yoga of Eating[15816:124257] [Reflection] Failed to fetch HealthKit sleep data: Authorization not determined
2026-05-15 06:31:54.441213+0530 Yoga of Eating[15816:124257] [Reflection] Failed to fetch HealthKit sleep data: Authorization not determined
Test Case '-[Yoga_of_EatingTests.ConcurrentAnalysisTests test_coordinatorTask_clearedAfterAnalysisCompletes]' passed (0.307 seconds).
Test Case '-[Yoga_of_EatingTests.ConcurrentAnalysisTests test_updateMeal_contentChanged_cancelsExistingTaskBeforeStartingNew]' started.
2026-05-15 06:31:54.745838+0530 Yoga of Eating[15816:124257] [AIAnalysisCoordinator] AI analysis failed (meal redacted for privacy)
2026-05-15 06:31:54.745157+0530 Yoga of Eating[15816:124626] [[FirebaseCore]] 12.7.0 - [FirebaseCore][I-COR000003] The default Firebase app has not yet been configured. Add `FirebaseApp.configure()` to your application initialization. This can be done in in the App Delegate's application(_:didFinishLaunchingWithOptions:)` (or the `@main` struct's initializer in SwiftUI). Read more: https://firebase.google.com/docs/ios/setup#initialize_firebase_in_your_app
Test Case '-[Yoga_of_EatingTests.ConcurrentAnalysisTests test_updateMeal_contentChanged_cancelsExistingTaskBeforeStartingNew]' passed (0.015 seconds).
Test Case '-[Yoga_of_EatingTests.ConcurrentAnalysisTests test_updateMeal_contentChanged_storesTaskInCoordinator]' started.
Test Case '-[Yoga_of_EatingTests.ConcurrentAnalysisTests test_updateMeal_contentChanged_storesTaskInCoordinator]' passed (0.003 seconds).
Test Case '-[Yoga_of_EatingTests.ConcurrentAnalysisTests test_updateMeal_needsAIAnalysis_cancelsExistingTaskBeforeStartingNew]' started.
2026-05-15 06:31:54.761622+0530 Yoga of Eating[15816:124626] [[FirebaseCore]] 12.7.0 - [FirebaseCore][I-COR000003] The default Firebase app has not yet been configured. Add `FirebaseApp.configure()` to your application initialization. This can be done in in the App Delegate's application(_:didFinishLaunchingWithOptions:)` (or the `@main` struct's initializer in SwiftUI). Read more: https://firebase.google.com/docs/ios/setup#initialize_firebase_in_your_app
2026-05-15 06:31:54.766414+0530 Yoga of Eating[15816:124626] [[FirebaseCore]] 12.7.0 - [FirebaseCore][I-COR000003] The default Firebase app has not yet been configured. Add `FirebaseApp.configure()` to your application initialization. This can be done in in the App Delegate's application(_:didFinishLaunchingWithOptions:)` (or the `@main` struct's initializer in SwiftUI). Read more: https://firebase.google.com/docs/ios/setup#initialize_firebase_in_your_app
2026-05-15 06:31:55.074879+0530 Yoga of Eating[15816:124257] [AIAnalysisCoordinator] AI analysis failed (meal redacted for privacy)
Test Case '-[Yoga_of_EatingTests.ConcurrentAnalysisTests test_updateMeal_needsAIAnalysis_cancelsExistingTaskBeforeStartingNew]' passed (0.323 seconds).
Test Case '-[Yoga_of_EatingTests.ConcurrentAnalysisTests test_updateMeal_needsAIAnalysis_storesTaskInCoordinator]' started.
2026-05-15 06:31:55.089116+0530 Yoga of Eating[15816:124626] [[FirebaseCore]] 12.7.0 - [FirebaseCore][I-COR000003] The default Firebase app has not yet been configured. Add `FirebaseApp.configure()` to your application initialization. This can be done in in the App Delegate's application(_:didFinishLaunchingWithOptions:)` (or the `@main` struct's initializer in SwiftUI). Read more: https://firebase.google.com/docs/ios/setup#initialize_firebase_in_your_app
Test Case '-[Yoga_of_EatingTests.ConcurrentAnalysisTests test_updateMeal_needsAIAnalysis_storesTaskInCoordinator]' passed (0.319 seconds).
Test Case '-[Yoga_of_EatingTests.ConcurrentAnalysisTests test_updateMealItems_cancelsExistingTaskBeforeStartingNew]' started.
2026-05-15 06:31:55.409662+0530 Yoga of Eating[15816:124626] [[FirebaseCore]] 12.7.0 - [FirebaseCore][I-COR000003] The default Firebase app has not yet been configured. Add `FirebaseApp.configure()` to your application initialization. This can be done in in the App Delegate's application(_:didFinishLaunchingWithOptions:)` (or the `@main` struct's initializer in SwiftUI). Read more: https://firebase.google.com/docs/ios/setup#initialize_firebase_in_your_app
2026-05-15 06:31:55.410451+0530 Yoga of Eating[15816:124257] [AIAnalysisCoordinator] AI analysis failed (meal redacted for privacy)
Test Case '-[Yoga_of_EatingTests.ConcurrentAnalysisTests test_updateMealItems_cancelsExistingTaskBeforeStartingNew]' passed (0.015 seconds).
Test Case '-[Yoga_of_EatingTests.ConcurrentAnalysisTests test_updateMealItems_rapidUpdates_onlyOneAnalysisRunsAtATime]' started.
2026-05-15 06:31:55.426154+0530 Yoga of Eating[15816:124257] [AIAnalysisCoordinator] AI analysis failed (meal redacted for privacy)
2026-05-15 06:31:55.426071+0530 Yoga of Eating[15816:124606] [[FirebaseCore]] 12.7.0 - [FirebaseCore][I-COR000003] The default Firebase app has not yet been configured. Add `FirebaseApp.configure()` to your application initialization. This can be done in in the App Delegate's application(_:didFinishLaunchingWithOptions:)` (or the `@main` struct's initializer in SwiftUI). Read more: https://firebase.google.com/docs/ios/setup#initialize_firebase_in_your_app
2026-05-15 06:31:55.426413+0530 Yoga of Eating[15816:124257] [AIAnalysisCoordinator] AI analysis failed (meal redacted for privacy)
Test Case '-[Yoga_of_EatingTests.ConcurrentAnalysisTests test_updateMealItems_rapidUpdates_onlyOneAnalysisRunsAtATime]' passed (0.207 seconds).
Test Case '-[Yoga_of_EatingTests.ConcurrentAnalysisTests test_updateMealItems_storesTaskInCoordinator]' started.
2026-05-15 06:31:55.633583+0530 Yoga of Eating[15816:124606] [[FirebaseCore]] 12.7.0 - [FirebaseCore][I-COR000003] The default Firebase app has not yet been configured. Add `FirebaseApp.configure()` to your application initialization. This can be done in in the App Delegate's application(_:didFinishLaunchingWithOptions:)` (or the `@main` struct's initializer in SwiftUI). Read more: https://firebase.google.com/docs/ios/setup#initialize_firebase_in_your_app
Test Case '-[Yoga_of_EatingTests.ConcurrentAnalysisTests test_updateMealItems_storesTaskInCoordinator]' passed (0.002 seconds).
Test Suite 'ConcurrentAnalysisTests' passed at 2026-05-15 06:31:55.635.
	 Executed 8 tests, with 0 failures (0 unexpected) in 1.192 (1.199) seconds
Test Suite 'DailyInsightModelTests' started at 2026-05-15 06:31:55.635.
Test Case '-[Yoga_of_EatingTests.DailyInsightModelTests test_dailyInsight_confidence_clampedToOne_whenAbove]' started.
Test Case '-[Yoga_of_EatingTests.DailyInsightModelTests test_dailyInsight_confidence_clampedToOne_whenAbove]' passed (0.001 seconds).
Test Case '-[Yoga_of_EatingTests.DailyInsightModelTests test_dailyInsight_confidence_clampedToZero_whenBelow]' started.
Test Case '-[Yoga_of_EatingTests.DailyInsightModelTests test_dailyInsight_confidence_clampedToZero_whenBelow]' passed (0.001 seconds).
Test Case '-[Yoga_of_EatingTests.DailyInsightModelTests test_dailyInsight_confidence_preserved_whenInRange]' started.
Test Case '-[Yoga_of_EatingTests.DailyInsightModelTests test_dailyInsight_confidence_preserved_whenInRange]' passed (0.001 seconds).
Test Case '-[Yoga_of_EatingTests.DailyInsightModelTests test_dailyInsight_equalToItself]' started.
Test Case '-[Yoga_of_EatingTests.DailyInsightModelTests test_dailyInsight_equalToItself]' passed (0.001 seconds).
Test Case '-[Yoga_of_EatingTests.DailyInsightModelTests test_dailyInsight_hasCorrelations_falseWhenEmpty]' started.
Test Case '-[Yoga_of_EatingTests.DailyInsightModelTests test_dailyInsight_hasCorrelations_falseWhenEmpty]' passed (0.001 seconds).
Test Case '-[Yoga_of_EatingTests.DailyInsightModelTests test_dailyInsight_hasCorrelations_trueWhenNonEmpty]' started.
Test Case '-[Yoga_of_EatingTests.DailyInsightModelTests test_dailyInsight_hasCorrelations_trueWhenNonEmpty]' passed (0.001 seconds).
Test Case '-[Yoga_of_EatingTests.DailyInsightModelTests test_dailyInsight_hasRequiredFields]' started.
Test Case '-[Yoga_of_EatingTests.DailyInsightModelTests test_dailyInsight_hasRequiredFields]' passed (0.001 seconds).
Test Case '-[Yoga_of_EatingTests.DailyInsightModelTests test_dailyInsight_markAsViewed_isIdempotent]' started.
Test Case '-[Yoga_of_EatingTests.DailyInsightModelTests test_dailyInsight_markAsViewed_isIdempotent]' passed (0.001 seconds).
Test Case '-[Yoga_of_EatingTests.DailyInsightModelTests test_dailyInsight_markAsViewed_setsFlag]' started.
Test Case '-[Yoga_of_EatingTests.DailyInsightModelTests test_dailyInsight_markAsViewed_setsFlag]' passed (0.001 seconds).
Test Case '-[Yoga_of_EatingTests.DailyInsightModelTests test_dailyInsight_notEqualWhenIdDiffers]' started.
Test Case '-[Yoga_of_EatingTests.DailyInsightModelTests test_dailyInsight_notEqualWhenIdDiffers]' passed (0.003 seconds).
Test Case '-[Yoga_of_EatingTests.DailyInsightModelTests test_dailyInsight_topCorrelation_nilWhenNoCards]' started.
Test Case '-[Yoga_of_EatingTests.DailyInsightModelTests test_dailyInsight_topCorrelation_nilWhenNoCards]' passed (0.001 seconds).
Test Case '-[Yoga_of_EatingTests.DailyInsightModelTests test_dailyInsight_topCorrelation_returnsHighestConfidence]' started.
Test Case '-[Yoga_of_EatingTests.DailyInsightModelTests test_dailyInsight_topCorrelation_returnsHighestConfidence]' passed (0.001 seconds).
Test Suite 'DailyInsightModelTests' passed at 2026-05-15 06:31:55.651.
	 Executed 12 tests, with 0 failures (0 unexpected) in 0.011 (0.016) seconds
Test Suite 'DailyInsightPersistenceRoundTripTests' started at 2026-05-15 06:31:55.651.
Test Case '-[Yoga_of_EatingTests.DailyInsightPersistenceRoundTripTests test_decode_withExtraUnknownKeys_doesNotThrow]' started.
Test Case '-[Yoga_of_EatingTests.DailyInsightPersistenceRoundTripTests test_decode_withExtraUnknownKeys_doesNotThrow]' passed (0.010 seconds).
Test Case '-[Yoga_of_EatingTests.DailyInsightPersistenceRoundTripTests test_encode_decode_roundTrip_preservesAllFields]' started.
Test Case '-[Yoga_of_EatingTests.DailyInsightPersistenceRoundTripTests test_encode_decode_roundTrip_preservesAllFields]' passed (0.001 seconds).
Test Case '-[Yoga_of_EatingTests.DailyInsightPersistenceRoundTripTests test_encode_decode_roundTrip_withNilOptionals_usesDefaults]' started.
Test Case '-[Yoga_of_EatingTests.DailyInsightPersistenceRoundTripTests test_encode_decode_roundTrip_withNilOptionals_usesDefaults]' passed (0.001 seconds).
Test Suite 'DailyInsightPersistenceRoundTripTests' passed at 2026-05-15 06:31:55.663.
	 Executed 3 tests, with 0 failures (0 unexpected) in 0.011 (0.012) seconds
Test Suite 'DailyReflectionTests' started at 2026-05-15 06:31:55.663.
Test Case '-[Yoga_of_EatingTests.DailyReflectionTests test_allFeelingCases_encodeAndDecode]' started.
Test Case '-[Yoga_of_EatingTests.DailyReflectionTests test_allFeelingCases_encodeAndDecode]' passed (0.003 seconds).
Test Case '-[Yoga_of_EatingTests.DailyReflectionTests test_allSleepQualityCases_encodeAndDecode]' started.
Test Case '-[Yoga_of_EatingTests.DailyReflectionTests test_allSleepQualityCases_encodeAndDecode]' passed (0.001 seconds).
Test Case '-[Yoga_of_EatingTests.DailyReflectionTests test_codable_backwardCompatibility_withoutNewTimestampFields]' started.
Test Case '-[Yoga_of_EatingTests.DailyReflectionTests test_codable_backwardCompatibility_withoutNewTimestampFields]' passed (0.003 seconds).
Test Case '-[Yoga_of_EatingTests.DailyReflectionTests test_codable_decodesLegacyData_withoutOptionalFields]' started.
Test Case '-[Yoga_of_EatingTests.DailyReflectionTests test_codable_decodesLegacyData_withoutOptionalFields]' passed (0.001 seconds).
Test Case '-[Yoga_of_EatingTests.DailyReflectionTests test_codable_encodesAndDecodes_withAllProperties]' started.
Test Case '-[Yoga_of_EatingTests.DailyReflectionTests test_codable_encodesAndDecodes_withAllProperties]' passed (0.000 seconds).
Test Case '-[Yoga_of_EatingTests.DailyReflectionTests test_codable_encodesAndDecodes_withNilOptionals]' started.
Test Case '-[Yoga_of_EatingTests.DailyReflectionTests test_codable_encodesAndDecodes_withNilOptionals]' passed (0.000 seconds).
Test Case '-[Yoga_of_EatingTests.DailyReflectionTests test_codable_encodesAndDecodes_withSeparateTimestamps]' started.
Test Case '-[Yoga_of_EatingTests.DailyReflectionTests test_codable_encodesAndDecodes_withSeparateTimestamps]' passed (0.001 seconds).
Test Case '-[Yoga_of_EatingTests.DailyReflectionTests test_equatable_returnsFalseForDifferentFeelings]' started.
Test Case '-[Yoga_of_EatingTests.DailyReflectionTests test_equatable_returnsFalseForDifferentFeelings]' passed (0.000 seconds).
Test Case '-[Yoga_of_EatingTests.DailyReflectionTests test_equatable_returnsTrueForIdenticalReflections]' started.
Test Case '-[Yoga_of_EatingTests.DailyReflectionTests test_equatable_returnsTrueForIdenticalReflections]' passed (0.000 seconds).
Test Case '-[Yoga_of_EatingTests.DailyReflectionTests test_hasFeelingLogged_returnsFalseWhenNoFeeling]' started.
Test Case '-[Yoga_of_EatingTests.DailyReflectionTests test_hasFeelingLogged_returnsFalseWhenNoFeeling]' passed (0.000 seconds).
Test Case '-[Yoga_of_EatingTests.DailyReflectionTests test_hasFeelingLogged_returnsTrueWhenFeelingExists]' started.
Test Case '-[Yoga_of_EatingTests.DailyReflectionTests test_hasFeelingLogged_returnsTrueWhenFeelingExists]' passed (0.000 seconds).
Test Case '-[Yoga_of_EatingTests.DailyReflectionTests test_hasSleepLogged_returnsFalseWhenNoSleepQuality]' started.
Test Case '-[Yoga_of_EatingTests.DailyReflectionTests test_hasSleepLogged_returnsFalseWhenNoSleepQuality]' passed (0.000 seconds).
Test Case '-[Yoga_of_EatingTests.DailyReflectionTests test_hasSleepLogged_returnsTrueWhenSleepQualityExists]' started.
Test Case '-[Yoga_of_EatingTests.DailyReflectionTests test_hasSleepLogged_returnsTrueWhenSleepQualityExists]' passed (0.000 seconds).
Test Case '-[Yoga_of_EatingTests.DailyReflectionTests test_init_withAllParameters_setsPropertiesCorrectly]' started.
Test Case '-[Yoga_of_EatingTests.DailyReflectionTests test_init_withAllParameters_setsPropertiesCorrectly]' passed (0.001 seconds).
Test Case '-[Yoga_of_EatingTests.DailyReflectionTests test_init_withEmptyNote_treatsAsEmptyString]' started.
Test Case '-[Yoga_of_EatingTests.DailyReflectionTests test_init_withEmptyNote_treatsAsEmptyString]' passed (0.000 seconds).
Test Case '-[Yoga_of_EatingTests.DailyReflectionTests test_init_withMinimalParameters_setsDefaults]' started.
Test Case '-[Yoga_of_EatingTests.DailyReflectionTests test_init_withMinimalParameters_setsDefaults]' passed (0.000 seconds).
Test Case '-[Yoga_of_EatingTests.DailyReflectionTests test_init_withNilOptionals_acceptsNilValues]' started.
Test Case '-[Yoga_of_EatingTests.DailyReflectionTests test_init_withNilOptionals_acceptsNilValues]' passed (0.000 seconds).
Test Case '-[Yoga_of_EatingTests.DailyReflectionTests test_init_withOnlyFeeling_setsFeelingLoggedAt]' started.
Test Case '-[Yoga_of_EatingTests.DailyReflectionTests test_init_withOnlyFeeling_setsFeelingLoggedAt]' passed (0.000 seconds).
Test Case '-[Yoga_of_EatingTests.DailyReflectionTests test_init_withOnlySleepQuality_setsSleepLoggedAt]' started.
Test Case '-[Yoga_of_EatingTests.DailyReflectionTests test_init_withOnlySleepQuality_setsSleepLoggedAt]' passed (0.000 seconds).
Test Case '-[Yoga_of_EatingTests.DailyReflectionTests test_init_withSeparateTimestamps_setsPropertiesCorrectly]' started.
Test Case '-[Yoga_of_EatingTests.DailyReflectionTests test_init_withSeparateTimestamps_setsPropertiesCorrectly]' passed (0.003 seconds).
Test Case '-[Yoga_of_EatingTests.DailyReflectionTests test_mergeReflections_combinesSleepAndFeeling]' started.
Test Case '-[Yoga_of_EatingTests.DailyReflectionTests test_mergeReflections_combinesSleepAndFeeling]' passed (0.000 seconds).
Test Case '-[Yoga_of_EatingTests.DailyReflectionTests test_reflection_withSpecialCharactersInNote_handlesCorrectly]' started.
Test Case '-[Yoga_of_EatingTests.DailyReflectionTests test_reflection_withSpecialCharactersInNote_handlesCorrectly]' passed (0.000 seconds).
Test Case '-[Yoga_of_EatingTests.DailyReflectionTests test_reflection_withVeryLongNote_handlesCorrectly]' started.
Test Case '-[Yoga_of_EatingTests.DailyReflectionTests test_reflection_withVeryLongNote_handlesCorrectly]' passed (0.000 seconds).
Test Case '-[Yoga_of_EatingTests.DailyReflectionTests test_reflectionFeeling_codable_encodesAndDecodes]' started.
Test Case '-[Yoga_of_EatingTests.DailyReflectionTests test_reflectionFeeling_codable_encodesAndDecodes]' passed (0.000 seconds).
Test Case '-[Yoga_of_EatingTests.DailyReflectionTests test_reflectionFeeling_displayName_returnsCorrectName]' started.
Test Case '-[Yoga_of_EatingTests.DailyReflectionTests test_reflectionFeeling_displayName_returnsCorrectName]' passed (0.000 seconds).
Test Case '-[Yoga_of_EatingTests.DailyReflectionTests test_reflectionFeeling_emoji_returnsCorrectEmoji]' started.
Test Case '-[Yoga_of_EatingTests.DailyReflectionTests test_reflectionFeeling_emoji_returnsCorrectEmoji]' passed (0.000 seconds).
Test Case '-[Yoga_of_EatingTests.DailyReflectionTests test_reflectionFeeling_hasAllExpectedCases]' started.
Test Case '-[Yoga_of_EatingTests.DailyReflectionTests test_reflectionFeeling_hasAllExpectedCases]' passed (0.000 seconds).
Test Case '-[Yoga_of_EatingTests.DailyReflectionTests test_reflectionFeeling_rawValues_areCorrect]' started.
Test Case '-[Yoga_of_EatingTests.DailyReflectionTests test_reflectionFeeling_rawValues_areCorrect]' passed (0.000 seconds).
Test Case '-[Yoga_of_EatingTests.DailyReflectionTests test_sleepQuality_codable_encodesAndDecodes]' started.
Test Case '-[Yoga_of_EatingTests.DailyReflectionTests test_sleepQuality_codable_encodesAndDecodes]' passed (0.002 seconds).
Test Case '-[Yoga_of_EatingTests.DailyReflectionTests test_sleepQuality_displayName_returnsCorrectName]' started.
Test Case '-[Yoga_of_EatingTests.DailyReflectionTests test_sleepQuality_displayName_returnsCorrectName]' passed (0.000 seconds).
Test Case '-[Yoga_of_EatingTests.DailyReflectionTests test_sleepQuality_emoji_returnsCorrectEmoji]' started.
Test Case '-[Yoga_of_EatingTests.DailyReflectionTests test_sleepQuality_emoji_returnsCorrectEmoji]' passed (0.000 seconds).
Test Case '-[Yoga_of_EatingTests.DailyReflectionTests test_sleepQuality_hasAllExpectedCases]' started.
Test Case '-[Yoga_of_EatingTests.DailyReflectionTests test_sleepQuality_hasAllExpectedCases]' passed (0.000 seconds).
Test Case '-[Yoga_of_EatingTests.DailyReflectionTests test_sleepQuality_rawValues_areCorrect]' started.
Test Case '-[Yoga_of_EatingTests.DailyReflectionTests test_sleepQuality_rawValues_areCorrect]' passed (0.000 seconds).
Test Case '-[Yoga_of_EatingTests.DailyReflectionTests test_snapshot_reflectionIsOptional_defaultsToNil]' started.
Test Case '-[Yoga_of_EatingTests.DailyReflectionTests test_snapshot_reflectionIsOptional_defaultsToNil]' passed (0.000 seconds).
Test Case '-[Yoga_of_EatingTests.DailyReflectionTests test_snapshot_withoutReflection_decodesWithNilReflection]' started.
Test Case '-[Yoga_of_EatingTests.DailyReflectionTests test_snapshot_withoutReflection_decodesWithNilReflection]' passed (0.000 seconds).
Test Case '-[Yoga_of_EatingTests.DailyReflectionTests test_snapshot_withReflection_encodesAndDecodes]' started.
Test Case '-[Yoga_of_EatingTests.DailyReflectionTests test_snapshot_withReflection_encodesAndDecodes]' passed (0.014 seconds).
Test Case '-[Yoga_of_EatingTests.DailyReflectionTests test_updateFeeling_createsNewReflectionWithFeeling]' started.
Test Case '-[Yoga_of_EatingTests.DailyReflectionTests test_updateFeeling_createsNewReflectionWithFeeling]' passed (0.000 seconds).
Test Case '-[Yoga_of_EatingTests.DailyReflectionTests test_updateSleepQuality_createsNewReflectionWithSleep]' started.
Test Case '-[Yoga_of_EatingTests.DailyReflectionTests test_updateSleepQuality_createsNewReflectionWithSleep]' passed (0.000 seconds).
Test Suite 'DailyReflectionTests' passed at 2026-05-15 06:31:55.713.
	 Executed 38 tests, with 0 failures (0 unexpected) in 0.039 (0.050) seconds
Test Suite 'DailySmileySnapshotTests' started at 2026-05-15 06:31:55.714.
Test Case '-[Yoga_of_EatingTests.DailySmileySnapshotTests test_averageHealthScore_calculatedCorrectly_withMultipleMeals]' started.
Test Case '-[Yoga_of_EatingTests.DailySmileySnapshotTests test_averageHealthScore_calculatedCorrectly_withMultipleMeals]' passed (0.001 seconds).
Test Case '-[Yoga_of_EatingTests.DailySmileySnapshotTests test_codable_encodesAndDecodes_successfully]' started.
Test Case '-[Yoga_of_EatingTests.DailySmileySnapshotTests test_codable_encodesAndDecodes_successfully]' passed (0.001 seconds).
Test Case '-[Yoga_of_EatingTests.DailySmileySnapshotTests test_codable_preserves_allProperties]' started.
Test Case '-[Yoga_of_EatingTests.DailySmileySnapshotTests test_codable_preserves_allProperties]' passed (0.001 seconds).
Test Case '-[Yoga_of_EatingTests.DailySmileySnapshotTests test_displayState_dimmedOpacity_whenEmpty]' started.
Test Case '-[Yoga_of_EatingTests.DailySmileySnapshotTests test_displayState_dimmedOpacity_whenEmpty]' passed (0.001 seconds).
Test Case '-[Yoga_of_EatingTests.DailySmileySnapshotTests test_displayState_returnsActualState_whenNotEmpty]' started.
Test Case '-[Yoga_of_EatingTests.DailySmileySnapshotTests test_displayState_returnsActualState_whenNotEmpty]' passed (0.000 seconds).
Test Case '-[Yoga_of_EatingTests.DailySmileySnapshotTests test_displayState_returnsNeutral_whenEmpty]' started.
Test Case '-[Yoga_of_EatingTests.DailySmileySnapshotTests test_displayState_returnsNeutral_whenEmpty]' passed (0.000 seconds).
Test Case '-[Yoga_of_EatingTests.DailySmileySnapshotTests test_id_isUnique_forDifferentSnapshots]' started.
Test Case '-[Yoga_of_EatingTests.DailySmileySnapshotTests test_id_isUnique_forDifferentSnapshots]' passed (0.000 seconds).
Test Case '-[Yoga_of_EatingTests.DailySmileySnapshotTests test_init_normalizes_dateToMidnight]' started.
Test Case '-[Yoga_of_EatingTests.DailySmileySnapshotTests test_init_normalizes_dateToMidnight]' passed (0.000 seconds).
Test Case '-[Yoga_of_EatingTests.DailySmileySnapshotTests test_init_setsAllProperties_correctly]' started.
Test Case '-[Yoga_of_EatingTests.DailySmileySnapshotTests test_init_setsAllProperties_correctly]' passed (0.002 seconds).
Test Case '-[Yoga_of_EatingTests.DailySmileySnapshotTests test_isEmpty_returnsFalse_whenHasMeals]' started.
Test Case '-[Yoga_of_EatingTests.DailySmileySnapshotTests test_isEmpty_returnsFalse_whenHasMeals]' passed (0.000 seconds).
Test Case '-[Yoga_of_EatingTests.DailySmileySnapshotTests test_isEmpty_returnsTrue_whenNoMeals]' started.
Test Case '-[Yoga_of_EatingTests.DailySmileySnapshotTests test_isEmpty_returnsTrue_whenNoMeals]' passed (0.000 seconds).
Test Case '-[Yoga_of_EatingTests.DailySmileySnapshotTests test_mealCount_matchesArray_count]' started.
Test Case '-[Yoga_of_EatingTests.DailySmileySnapshotTests test_mealCount_matchesArray_count]' passed (0.000 seconds).
Test Case '-[Yoga_of_EatingTests.DailySmileySnapshotTests test_snapshot_hasEveningMindCheck_returnsFalseWhenEmpty]' started.
Test Case '-[Yoga_of_EatingTests.DailySmileySnapshotTests test_snapshot_hasEveningMindCheck_returnsFalseWhenEmpty]' passed (0.000 seconds).
Test Case '-[Yoga_of_EatingTests.DailySmileySnapshotTests test_snapshot_hasEveningMindCheck_returnsFalseWhenNil]' started.
Test Case '-[Yoga_of_EatingTests.DailySmileySnapshotTests test_snapshot_hasEveningMindCheck_returnsFalseWhenNil]' passed (0.000 seconds).
Test Case '-[Yoga_of_EatingTests.DailySmileySnapshotTests test_snapshot_hasEveningMindCheck_returnsTrueWhenPresent]' started.
Test Case '-[Yoga_of_EatingTests.DailySmileySnapshotTests test_snapshot_hasEveningMindCheck_returnsTrueWhenPresent]' passed (0.000 seconds).
Test Case '-[Yoga_of_EatingTests.DailySmileySnapshotTests test_snapshot_hasInsight_returnsFalseWhenNil]' started.
Test Case '-[Yoga_of_EatingTests.DailySmileySnapshotTests test_snapshot_hasInsight_returnsFalseWhenNil]' passed (0.000 seconds).
Test Case '-[Yoga_of_EatingTests.DailySmileySnapshotTests test_snapshot_hasInsight_returnsTrueWhenPresent]' started.
Test Case '-[Yoga_of_EatingTests.DailySmileySnapshotTests test_snapshot_hasInsight_returnsTrueWhenPresent]' passed (0.000 seconds).
Test Case '-[Yoga_of_EatingTests.DailySmileySnapshotTests test_snapshot_hasMorningMindCheck_returnsFalseWhenEmpty]' started.
Test Case '-[Yoga_of_EatingTests.DailySmileySnapshotTests test_snapshot_hasMorningMindCheck_returnsFalseWhenEmpty]' passed (0.000 seconds).
Test Case '-[Yoga_of_EatingTests.DailySmileySnapshotTests test_snapshot_hasMorningMindCheck_returnsFalseWhenNil]' started.
Test Case '-[Yoga_of_EatingTests.DailySmileySnapshotTests test_snapshot_hasMorningMindCheck_returnsFalseWhenNil]' passed (0.000 seconds).
Test Case '-[Yoga_of_EatingTests.DailySmileySnapshotTests test_snapshot_hasMorningMindCheck_returnsTrueWhenPresent]' started.
Test Case '-[Yoga_of_EatingTests.DailySmileySnapshotTests test_snapshot_hasMorningMindCheck_returnsTrueWhenPresent]' passed (0.000 seconds).
Test Case '-[Yoga_of_EatingTests.DailySmileySnapshotTests test_snapshot_legacyData_decodesWithNilInsight]' started.
Test Case '-[Yoga_of_EatingTests.DailySmileySnapshotTests test_snapshot_legacyData_decodesWithNilInsight]' passed (0.000 seconds).
Test Case '-[Yoga_of_EatingTests.DailySmileySnapshotTests test_snapshot_legacyData_decodesWithNilMindChecks]' started.
Test Case '-[Yoga_of_EatingTests.DailySmileySnapshotTests test_snapshot_legacyData_decodesWithNilMindChecks]' passed (0.000 seconds).
Test Case '-[Yoga_of_EatingTests.DailySmileySnapshotTests test_snapshot_withBothMindChecks_encodesAndDecodes]' started.
Test Case '-[Yoga_of_EatingTests.DailySmileySnapshotTests test_snapshot_withBothMindChecks_encodesAndDecodes]' passed (0.001 seconds).
Test Case '-[Yoga_of_EatingTests.DailySmileySnapshotTests test_snapshot_withEveningMindCheck_encodesAndDecodes]' started.
Test Case '-[Yoga_of_EatingTests.DailySmileySnapshotTests test_snapshot_withEveningMindCheck_encodesAndDecodes]' passed (0.001 seconds).
Test Case '-[Yoga_of_EatingTests.DailySmileySnapshotTests test_snapshot_withInsight_createsUpdatedCopy]' started.
Test Case '-[Yoga_of_EatingTests.DailySmileySnapshotTests test_snapshot_withInsight_createsUpdatedCopy]' passed (0.001 seconds).
Test Case '-[Yoga_of_EatingTests.DailySmileySnapshotTests test_snapshot_withInsight_encodesAndDecodes]' started.
Test Case '-[Yoga_of_EatingTests.DailySmileySnapshotTests test_snapshot_withInsight_encodesAndDecodes]' passed (0.002 seconds).
Test Case '-[Yoga_of_EatingTests.DailySmileySnapshotTests test_snapshot_withMorningMindCheck_encodesAndDecodes]' started.
Test Case '-[Yoga_of_EatingTests.DailySmileySnapshotTests test_snapshot_withMorningMindCheck_encodesAndDecodes]' passed (0.000 seconds).
Test Suite 'DailySmileySnapshotTests' passed at 2026-05-15 06:31:55.735.
	 Executed 27 tests, with 0 failures (0 unexpected) in 0.015 (0.022) seconds
Test Suite 'DailySmileySnapshotWellbeingTests' started at 2026-05-15 06:31:55.735.
Test Case '-[Yoga_of_EatingTests.DailySmileySnapshotWellbeingTests test_codableRoundTrip_withBothFields_preservesAll]' started.
Test Case '-[Yoga_of_EatingTests.DailySmileySnapshotWellbeingTests test_codableRoundTrip_withBothFields_preservesAll]' passed (0.000 seconds).
Test Case '-[Yoga_of_EatingTests.DailySmileySnapshotWellbeingTests test_codableRoundTrip_withTextSignals]' started.
Test Case '-[Yoga_of_EatingTests.DailySmileySnapshotWellbeingTests test_codableRoundTrip_withTextSignals]' passed (0.000 seconds).
Test Case '-[Yoga_of_EatingTests.DailySmileySnapshotWellbeingTests test_codableRoundTrip_withWellbeingDimensions]' started.
Test Case '-[Yoga_of_EatingTests.DailySmileySnapshotWellbeingTests test_codableRoundTrip_withWellbeingDimensions]' passed (0.000 seconds).
Test Case '-[Yoga_of_EatingTests.DailySmileySnapshotWellbeingTests test_decodesFromLegacyJSON_nilFieldsDoNotCrash]' started.
Test Case '-[Yoga_of_EatingTests.DailySmileySnapshotWellbeingTests test_decodesFromLegacyJSON_nilFieldsDoNotCrash]' passed (0.000 seconds).
Test Case '-[Yoga_of_EatingTests.DailySmileySnapshotWellbeingTests test_decodesFromLegacyJSON_withoutWellbeingFields]' started.
Test Case '-[Yoga_of_EatingTests.DailySmileySnapshotWellbeingTests test_decodesFromLegacyJSON_withoutWellbeingFields]' passed (0.000 seconds).
Test Case '-[Yoga_of_EatingTests.DailySmileySnapshotWellbeingTests test_withTextSignals_doesNotMutateOriginal]' started.
Test Case '-[Yoga_of_EatingTests.DailySmileySnapshotWellbeingTests test_withTextSignals_doesNotMutateOriginal]' passed (0.000 seconds).
Test Case '-[Yoga_of_EatingTests.DailySmileySnapshotWellbeingTests test_withTextSignals_emptyArray_isPersisted]' started.
Test Case '-[Yoga_of_EatingTests.DailySmileySnapshotWellbeingTests test_withTextSignals_emptyArray_isPersisted]' passed (0.001 seconds).
Test Case '-[Yoga_of_EatingTests.DailySmileySnapshotWellbeingTests test_withTextSignals_returnsNewCopyWithSignals]' started.
Test Case '-[Yoga_of_EatingTests.DailySmileySnapshotWellbeingTests test_withTextSignals_returnsNewCopyWithSignals]' passed (0.000 seconds).
Test Case '-[Yoga_of_EatingTests.DailySmileySnapshotWellbeingTests test_withWellbeingDimensions_doesNotMutateOriginal]' started.
Test Case '-[Yoga_of_EatingTests.DailySmileySnapshotWellbeingTests test_withWellbeingDimensions_doesNotMutateOriginal]' passed (0.000 seconds).
Test Case '-[Yoga_of_EatingTests.DailySmileySnapshotWellbeingTests test_withWellbeingDimensions_preservesExistingFields]' started.
Test Case '-[Yoga_of_EatingTests.DailySmileySnapshotWellbeingTests test_withWellbeingDimensions_preservesExistingFields]' passed (0.000 seconds).
Test Case '-[Yoga_of_EatingTests.DailySmileySnapshotWellbeingTests test_withWellbeingDimensions_returnsNewCopyWithDimensions]' started.
Test Case '-[Yoga_of_EatingTests.DailySmileySnapshotWellbeingTests test_withWellbeingDimensions_returnsNewCopyWithDimensions]' passed (0.000 seconds).
Test Suite 'DailySmileySnapshotWellbeingTests' passed at 2026-05-15 06:31:55.746.
	 Executed 11 tests, with 0 failures (0 unexpected) in 0.005 (0.010) seconds
Test Suite 'DailySynthesisEngineTests' started at 2026-05-15 06:31:55.746.
Test Case '-[Yoga_of_EatingTests.DailySynthesisEngineTests test_allDimensions_clampedToZeroOne]' started.
Test Case '-[Yoga_of_EatingTests.DailySynthesisEngineTests test_allDimensions_clampedToZeroOne]' passed (0.000 seconds).
Test Case '-[Yoga_of_EatingTests.DailySynthesisEngineTests test_borderlineLowScore_producesThoughtful]' started.
Test Case '-[Yoga_of_EatingTests.DailySynthesisEngineTests test_borderlineLowScore_producesThoughtful]' passed (0.000 seconds).
Test Case '-[Yoga_of_EatingTests.DailySynthesisEngineTests test_causalNarrative_isNonEmpty]' started.
Test Case '-[Yoga_of_EatingTests.DailySynthesisEngineTests test_causalNarrative_isNonEmpty]' passed (0.000 seconds).
Test Case '-[Yoga_of_EatingTests.DailySynthesisEngineTests test_completedTodos_raisesBehavioralMomentum]' started.
Test Case '-[Yoga_of_EatingTests.DailySynthesisEngineTests test_completedTodos_raisesBehavioralMomentum]' passed (0.000 seconds).
Test Case '-[Yoga_of_EatingTests.DailySynthesisEngineTests test_dominantDimension_isCognitive_whenSleepDominates]' started.
Test Case '-[Yoga_of_EatingTests.DailySynthesisEngineTests test_dominantDimension_isCognitive_whenSleepDominates]' passed (0.000 seconds).
Test Case '-[Yoga_of_EatingTests.DailySynthesisEngineTests test_dominantDimension_isPhysical_whenOnlyMealsPresent]' started.
Test Case '-[Yoga_of_EatingTests.DailySynthesisEngineTests test_dominantDimension_isPhysical_whenOnlyMealsPresent]' passed (0.002 seconds).
Test Case '-[Yoga_of_EatingTests.DailySynthesisEngineTests test_greatSleep_withModerateMeals_raisesOverall_comparedToMealsAlone]' started.
Test Case '-[Yoga_of_EatingTests.DailySynthesisEngineTests test_greatSleep_withModerateMeals_raisesOverall_comparedToMealsAlone]' passed (0.000 seconds).
Test Case '-[Yoga_of_EatingTests.DailySynthesisEngineTests test_mealsOnly_highScore_producesSerene]' started.
Test Case '-[Yoga_of_EatingTests.DailySynthesisEngineTests test_mealsOnly_highScore_producesSerene]' passed (0.000 seconds).
Test Case '-[Yoga_of_EatingTests.DailySynthesisEngineTests test_mealsOnly_lowScore_producesOverwhelmed]' started.
Test Case '-[Yoga_of_EatingTests.DailySynthesisEngineTests test_mealsOnly_lowScore_producesOverwhelmed]' passed (0.000 seconds).
Test Case '-[Yoga_of_EatingTests.DailySynthesisEngineTests test_mealsOnly_midScore_producesNeutral]' started.
Test Case '-[Yoga_of_EatingTests.DailySynthesisEngineTests test_mealsOnly_midScore_producesNeutral]' passed (0.000 seconds).
Test Case '-[Yoga_of_EatingTests.DailySynthesisEngineTests test_mealsOnly_physicalLoad_equalsAvgMealScore]' started.
Test Case '-[Yoga_of_EatingTests.DailySynthesisEngineTests test_mealsOnly_physicalLoad_equalsAvgMealScore]' passed (0.000 seconds).
Test Case '-[Yoga_of_EatingTests.DailySynthesisEngineTests test_negativeFeeling_lowersEmotionalTone]' started.
Test Case '-[Yoga_of_EatingTests.DailySynthesisEngineTests test_negativeFeeling_lowersEmotionalTone]' passed (0.000 seconds).
Test Case '-[Yoga_of_EatingTests.DailySynthesisEngineTests test_noData_overall_isNeutral]' started.
Test Case '-[Yoga_of_EatingTests.DailySynthesisEngineTests test_noData_overall_isNeutral]' passed (0.000 seconds).
Test Case '-[Yoga_of_EatingTests.DailySynthesisEngineTests test_poorSleep_withGoodMeals_lowersOverall_comparedToMealsAlone]' started.
Test Case '-[Yoga_of_EatingTests.DailySynthesisEngineTests test_poorSleep_withGoodMeals_lowersOverall_comparedToMealsAlone]' passed (0.000 seconds).
Test Case '-[Yoga_of_EatingTests.DailySynthesisEngineTests test_positiveFeeling_raisesEmotionalTone]' started.
Test Case '-[Yoga_of_EatingTests.DailySynthesisEngineTests test_positiveFeeling_raisesEmotionalTone]' passed (0.000 seconds).
Test Case '-[Yoga_of_EatingTests.DailySynthesisEngineTests test_uncompletedTodos_lowersBehavioralMomentum]' started.
Test Case '-[Yoga_of_EatingTests.DailySynthesisEngineTests test_uncompletedTodos_lowersBehavioralMomentum]' passed (0.000 seconds).
Test Suite 'DailySynthesisEngineTests' passed at 2026-05-15 06:31:55.759.
	 Executed 16 tests, with 0 failures (0 unexpected) in 0.008 (0.013) seconds
Test Suite 'DailySynthesisIntegrationTests' started at 2026-05-15 06:31:55.760.
Test Case '-[Yoga_of_EatingTests.DailySynthesisIntegrationTests test_emptyMeals_smileyBecomes_neutral]' started.
2026-05-15 06:31:55.760011+0530 Yoga of Eating[15816:124626] [[FirebaseCore]] 12.7.0 - [FirebaseCore][I-COR000003] The default Firebase app has not yet been configured. Add `FirebaseApp.confiTest Case '-[Yoga_of_EatingTests.DailySynthesisIntegrationTests test_emptyMeals_smileyBecomes_neutral]' passed (0.001 seconds).
gure()` to your application initialization. This can be done in in the App Delegate's application(_:didFinishLaunchingWithOptions:)` (or the `@main` struct's initializer in SwiftUI). Read more: https://firebase.google.com/docs/ios/setup#initialize_firebase_in_your_app
Test Case '-[Yoga_of_EatingTests.DailySynthesisIntegrationTests test_highMealScore_poorSleep_smileyIsLowerThanMealsAlone]' started.
2026-05-15 06:31:55.762499+0530 Yoga of Eating[15816:124629] [[FirebaseCore]] 12.7.0 - [FirebaseCore][I-COR000003] The default Firebase app has not yet been configured. Add `FirebaseApp.configure()` to your application initialization. This can be done in in the App Delegate's application(_:didFinishLaunchingWithOptions:)` (or the `@main` struct's initializer in SwiftUI). Read more: https://firebase.google.com/docs/ios/setup#initialize_firebase_in_your_app
Test Case '-[Yoga_of_EatingTests.DailySynthesisIntegrationTests test_highMealScore_poorSleep_smileyIsLowerThanMealsAlone]' passed (0.000 seconds).
Test Case '-[Yoga_of_EatingTests.DailySynthesisIntegrationTests test_highScoredMeal_smileyBecomes_serene]' started.
2026-05-15 06:31:55.763144+0530 Yoga of Eating[15816:124626] [[FirebaseCore]] 12.7.0 - [FirebaseCore][I-COR000003] The default Firebase app has not yet been configured. Add `FirebaseApp.configure()` to your application initialization. This can be done in in the ATest Case '-[Yoga_of_EatingTests.DailySynthesisIntegrationTests test_highScoredMeal_smileyBecomes_serene]' passed (0.001 seconds).
pp Delegate's application(_:didFinishLaunchingWithOptions:)` (or the `@main` struct's initializer in SwiftUI). Read more: https://firebase.google.com/docs/ios/setup#initialize_firebase_in_your_app
Test Case '-[Yoga_of_EatingTests.DailySynthesisIntegrationTests test_lowScoredMeal_smileyBecomes_overwhelmed]' started.
Test Case '-[Yoga_of_EatingTests.DailySynthesisIntegrationTests test_lowScoredMeal_smileyBecomes_overwhelmed]' passed (0.001 seconds).
Test Case '-[Yoga_of_EatingTests.DailySynthesisIntegrationTests test_midScoreMeal_smileyBecomes_neutral]' started.
Test Case '-[Yoga_of_EatingTests.DailySynthesisIntegrationTests test_midScoreMeal_smileyBecomes_neutral]' passed (0.001 seconds).
Test Case '-[Yoga_of_EatingTests.DailySynthesisIntegrationTests test_multiMeal_averageScore_drivesOverall]' started.
Test Case '-[Yoga_of_EatingTests.DailySynthesisIntegrationTests test_multiMeal_averageScore_drivesOverall]' passed (0.000 seconds).
2026-05-15 06:31:55.766819+0530 Yoga of Eating[15816:124629] [[FirebaseCore]] 12.7.0 - [FirebaseCore][I-COR000003] The default Firebase app has not yet been configured. Add `FirebaseApp.configure()` to your application initialization. This can be done in in the App Delegate's application(_:didFinishLaunchingWithOptions:)` (or the `@main` struct's initializer in SwiftUI). Read more: https://firebase.google.com/docs/ios/setup#initialize_firebase_in_your_app
2026-05-15 06:31:55.768815+0530 Yoga of Eating[15816:124629] [[FirebaseCore]] 12.7.0 - [FirebaseCore][I-COR000003] The default Firebase app has not yet been configured. Add `FirebaseApp.configure()` to your application initialization. This can be done in in the App Delegate's application(_:didFinishLaunchingWithOptions:)` (or the `@main` struct's initializer in SwiftUI). Read more: https://firebase.google.com/docs/ios/setup#initialize_firebase_in_your_app
Test Case '-[Yoga_of_EatingTests.DailySynthesisIntegrationTests test_synthesisEngine_isUsed_notLegacyCalculateNextState]' started.
2026-05-15 06:31:55.768920+0530 Yoga of Eating[15816:124629] [[FirebaseCore]] 12.7.0 - [FirebaseCore][I-COR000003] The default Firebase app has not yet been configured. Add `FirebaseApp.configure()` to your application initialization. This can be done in in the App Delegate's application(_:didFinishLaunchingWithOptions:)` (or the `@main` struct's initializer in SwiftUI). Read more: https://firebase.google.com/docs/ios/setup#initialize_firebase_in_your_app
2026-05-15 06:31:55.770597+0530 Yoga of Eating[15816:124632] [[FirebaseCore]] 12.7.0 - [FirebaseCore][I-COR000003] The default Firebase app has not yet been configured. Add `FirebaseApp.configure()` to your application initialization. This can be done in in the App Delegate's application(_:didFinishLaunchingWithOptions:)` (or the `@main` struct's initializer in SwiftUI). Read more: https://firebase.google.com/docs/ios/setup#initialize_firebase_in_your_app
Test Case '-[Yoga_of_EatingTests.DailySynthesisIntegrationTests test_synthesisEngine_isUsed_notLegacyCalculateNextState]' passed (0.002 seconds).
Test Suite 'DailySynthesisIntegrationTests' passed at 2026-05-15 06:31:55.771.
	 Executed 7 tests, with 0 failures (0 unexpected) in 0.006 (0.011) seconds
Test Suite 'DateContextSubtextTests' started at 2026-05-15 06:31:55.771.
Test Case '-[Yoga_of_EatingTests.DateContextSubtextTests test_dateContextProvider_afterTenAM_noSleep_noMeals_returnsNil]' started.
2026-05-15 06:31:55.771496+0530 Yoga of Eating[15816:124606] [[FirebaseCore]] 12.7.0 - [FirebaseCore][I-COR000003] The default Firebase app has not yet been configured. Add `FirebaseApp.configure()` to your application initialization. This can be done in in the App Delegate's application(_:didFinishLaunchingWithOptions:)` (or the `@main` struct's initializer in SwiftUI). Read more: https://firebase.google.com/docs/ios/setup#initialize_firebase_in_your_app
Test Case '-[Yoga_of_EatingTests.DateContextSubtextTests test_dateContextProvider_afterTenAM_noSleep_noMeals_returnsNil]' passed (0.000 seconds).
Test Case '-[Yoga_of_EatingTests.DateContextSubtextTests test_dateContextProvider_afterTenAM_noSleep_withMeals_returnsMealsSoFar]' started.
Test Case '-[Yoga_of_EatingTests.DateContextSubtextTests test_dateContextProvider_afterTenAM_noSleep_withMeals_returnsMealsSoFar]' passed (0.000 seconds).
2026-05-15 06:31:55.772040+0530 Yoga of Eating[15816:124632] [[FirebaseCore]] 12.7.0 - [FirebaseCore][I-COR000003] The default Firebase app has not yet been configured. Add `FirebaseApp.configure()` to your application initialization. This can be done in in the App Delegate's application(_:didFinishLaunchingWithOptions:)` (or the `@main` struct's initializer in SwiftUI). Read more: https://firebase.google.com/docs/ios/setup#initialize_firebase_in_your_app
Test Case '-[Yoga_of_EatingTests.DateContextSubtextTests test_dateContextProvider_beforeTenAM_noSleep_noMeals_goodMorning]' started.
2026-05-15 06:31:55.772607+0530 Yoga of Eating[15816:124628] [[FirebaseCore]] 12.7.0 - [FirebaseCore][I-COR000003] The default Firebase app has not yet been configured. Add `FirebaseApp.configure()` to your application initialization. This can be done in in the App Delegate's application(_:didFinishLaunchingWithOptions:)` (or the `@main` struct's initializer in SwiftUI). Read more: https://firebase.google.com/docs/ios/setup#initialize_firebase_in_your_app
Test Case '-[Yoga_of_EatingTests.DateContextSubtextTests test_dateContextProvider_beforeTenAM_noSleep_noMeals_goodMorning]' passed (0.000 seconds).
Test Case '-[Yoga_of_EatingTests.DateContextSubtextTests test_dateContextProvider_exactlyAtMorningThreshold_noMeals_returnsNil]' started.
2026-05-15 06:31:55.773165+0530 Yoga of Eating[15816:124628] [[FirebaseCore]] 12.7.0 - [FirebaseCore][I-COR000003] The default Firebase app has not yet been configured. Add `FirebaseApp.configure()` to your application initialization. This can be done in in the App Delegate's application(_:didFinishLaunchingWithOptions:)` (or the `@main` struct's initializer in SwiftUI). Read more: https://firebase.google.com/docs/ios/setup#initialize_firebase_in_your_app
Test Case '-[Yoga_of_EatingTests.DateContextSubtextTests test_dateContextProvider_exactlyAtMorningThreshold_noMeals_returnsNil]' passed (0.000 seconds).
Test Case '-[Yoga_of_EatingTests.DateContextSubtextTests test_dateContextProvider_historicalDay_returnsDaysAgo]' started.
2026-05-15 06:31:55.774154+0530 Yoga of Eating[15816:124628] [[FirebaseCore]] 12.7.0 - [FirebaseCore][I-COR000003] The default Firebase app has not yet been configured. Add `FirebaseApp.configure()` to your application initialization. This can be done in in the App Delegate's application(_:didFinishLaunchingWithOptions:)` (or the `@main` struct's initializer in SwiftUI). Read more: https://firebase.google.com/docs/ios/setup#initialize_firebase_in_your_app
Test Case '-[Yoga_of_EatingTests.DateContextSubtextTests test_dateContextProvider_historicalDay_returnsDaysAgo]' passed (0.001 seconds).
Test Case '-[Yoga_of_EatingTests.DateContextSubtextTests test_dateContextProvider_historicalDay_zeroDaysAgo_returnsNil]' started.
2026-05-15 06:31:55.774729+0530 Yoga of Eating[15816:124606] [[FirebaseCore]] 12.7.0 - [FirebaseCore][I-COR000003] The default Firebase app has not yet been configured. Add `FirebaseApp.configure()` to your application initialization. This can be done in in the App Delegate's application(_:didFinishLaunchingWithOptions:)` (or the `@main` struct's initializer in SwiftUI). Read more: https://firebase.google.com/docs/ios/setup#initialize_firebase_in_your_app
Test Case '-[Yoga_of_EatingTests.DateContextSubtextTests test_dateContextProvider_historicalDay_zeroDaysAgo_returnsNil]' passed (0.000 seconds).
Test Case '-[Yoga_of_EatingTests.DateContextSubtextTests test_dateContextProvider_oneBeforeMorningThreshold_noMeals_returnsGoodMorning]' started.
2026-05-15 06:31:55.775265+0530 Yoga of Eating[15816:124632] [[FirebaseCore]] 12.7.0 - [FirebaseCore][I-COR000003] The default Firebase app has not yet been configured. Add `FirebaseApp.configure()` to your application initialization. Test Case '-[Yoga_of_EatingTests.DateContextSubtextTests test_dateContextProvider_oneBeforeMorningThreshold_noMeals_returnsGoodMorning]' passed (0.000 seconds).
This can be done in in the App Delegate's application(_:didFinishLaunchingWithOptions:)` (or the `@main` struct's initializer in SwiftUI). Read more: https://firebase.google.com/docs/ios/setup#initialize_firebase_in_your_app
Test Case '-[Yoga_of_EatingTests.DateContextSubtextTests test_dateContextProvider_sleepLogged_returnsSleep]' started.
2026-05-15 06:31:55.776358+0530 Yoga of Eating[15816:124626] [[FirebaseCore]] 12.7.0 - [FirebaseCore][I-COR000003] The default Firebase app has not yet been configured. Add `FirebaseApp.configure()` to your application initialization. This can be done in in the App Delegate's application(_:didFinishLaunchingWithOptions:)` (or the `@main` struct's initializer in SwiftUI). Read more: https://firebase.google.com/docs/ios/setup#initialize_firebase_in_your_app
Test Case '-[Yoga_of_EatingTests.DateContextSubtextTests test_dateContextProvider_sleepLogged_returnsSleep]' passed (0.000 seconds).
Test Case '-[Yoga_of_EatingTests.DateContextSubtextTests test_dateContextSubtext_historicalDay_returnsDaysAgo]' started.
2026-05-15 06:31:55.776883+0530 Yoga of Eating[15816:124626] [[FirebaseCore]] 12.7.0 - [FirebaseCore][I-COR000003] The default Firebase app has not yet been configured. Add `FirebaseApp.configure()` to your application initialization. This can be done in in the App DelegaTest Case '-[Yoga_of_EatingTests.DateContextSubtextTests test_dateContextSubtext_historicalDay_returnsDaysAgo]' passed (0.000 seconds).
te's application(_:didFinishLaunchingWithOptions:)` (or the `@main` struct's initializer in SwiftUI). Read more: https://firebase.google.com/docs/ios/setup#initialize_firebase_in_your_app
Test Case '-[Yoga_of_EatingTests.DateContextSubtextTests test_dateContextSubtext_sleepLogged_containsSleptPrefix]' started.
2026-05-15 06:31:55.778272+0530 Yoga of Eating[15816:124632] [[FirebaseCore]] 12.7.0 - [FirebaseCore][I-COR000003] The default Firebase app has not yet been configured. Add `FirebaseApp.configure()` to your application initialization. This can be done in in the App Delegate's application(_:didFinishLaunchingWithOptions:)` (or the `@main` struct's initializer in SwiftUI). Read more: https://firebase.google.com/docs/ios/setup#initialize_firebase_in_your_app
Test Case '-[Yoga_of_EatingTests.DateContextSubtextTests test_dateContextSubtext_sleepLogged_containsSleptPrefix]' passed (0.000 seconds).
Test Case '-[Yoga_of_EatingTests.DateContextSubtextTests test_dateContextSubtext_sleepLogged_good_returnsCorrectString]' started.
2026-05-15 06:31:55.778801+0530 Yoga of Eating[15816:124632] [[FirebaseCore]] 12.7.0 - [FirebaseCore][I-COR000003] The default Firebase app has not yet been configured. Add `FirebaseApp.configure()` to your application initialization. This can be done in inTest Case '-[Yoga_of_EatingTests.DateContextSubtextTests test_dateContextSubtext_sleepLogged_good_returnsCorrectString]' passed (0.000 seconds).
 the App Delegate's application(_:didFinishLaunchingWithOptions:)` (or the `@main` struct's initializer in SwiftUI). Read more: https://firebase.google.com/docs/ios/setup#initialize_firebase_in_your_app
Test Case '-[Yoga_of_EatingTests.DateContextSubtextTests test_dateContextSubtext_sleepLogged_poor_returnsCorrectString]' started.
2026-05-15 06:31:55.779661+0530 Yoga of Eating[15816:124606] [[FirebaseCore]] 12.7.0 - [FirebaseCore][I-COR000003] The default Firebase app has not yet been configured. Add `FirebaseApp.configure()` to your application initialization. This can be done in in the App Delegate's application(_:didFinishLaunchingWithOptions:)` (or the `@main` struct's initializer in SwiftUI). Read more: https://firebase.google.com/docs/ios/setup#initialize_firebase_in_your_app
Test Case '-[Yoga_of_EatingTests.DateContextSubtextTests test_dateContextSubtext_sleepLogged_poor_returnsCorrectString]' passed (0.000 seconds).
Test Case '-[Yoga_of_EatingTests.DateContextSubtextTests test_dateContextSubtext_todayBeforeTenAM_noSleep_returnsGoodMorning]' started.
2026-05-15 06:31:55.780188+0530 Yoga of Eating[15816:124632] [[FirebaseCore]] 12.7.0 - [FirebaseCore][I-COR000003] The default Firebase app has not yet been configured. Add `FirebaseApp.configure()` to your application initialization. This can be done in in the App Delegate's application(_:didFinishLaunchingWithOptions:)` (or the `@main` struct's initializer in SwiftUI). Read more: https://firebase.google.com/docs/ios/setup#initialize_firebase_in_your_app
Test Case '-[Yoga_of_EatingTests.DateContextSubtextTests test_dateContextSubtext_todayBeforeTenAM_noSleep_returnsGoodMorning]' passed (0.000 seconds).
Test Case '-[Yoga_of_EatingTests.DateContextSubtextTests test_dateContextSubtext_todayWithNoConditionsMet_typeIsOptionalString]' started.
2026-05-15 06:31:55.780704+0530 Yoga of Eating[15816:124632] [[FirebaseCore]] 12.7.0 - [FirebaseCore][I-COR000003] The default Firebase app has not yet been configured. Add `FirebaseApp.configure()` to your application initialization. This can be done in in the App Delegate's application(_:didFinishLaunchingWithOptions:)` (or the `@main` struct's initializer in SwiftUI). Read more: https://firebase.google.com/docs/ios/setup#initialize_firebase_in_your_app
Test Case '-[Yoga_of_EatingTests.DateContextSubtextTests test_dateContextSubtext_todayWithNoConditionsMet_typeIsOptionalString]' passed (0.000 seconds).
Test Case '-[Yoga_of_EatingTests.DateContextSubtextTests test_dateContextSubtext_withMeals_mealsSoFarStringIsCorrect]' started.
2026-05-15 06:31:55.782728+0530 Yoga of Eating[15816:124628] [[FirebaseCore]] 12.7.0 - [FirebaseCore][I-COR000003] The default Firebase app has not yet been configured. Add `FirebaseApp.configure()` to your application initialization. This can be done in in the App Delegate's application(_:didFinishLaunchingWithOptions:)` (or the `@main` struct's initializer in SwiftUI). Read more: https://firebase.google.com/docs/ios/setup#initialize_firebase_in_your_app
Test Case '-[Yoga_of_EatingTests.DateContextSubtextTests test_dateContextSubtext_withMeals_mealsSoFarStringIsCorrect]' passed (0.002 seconds).
Test Case '-[Yoga_of_EatingTests.DateContextSubtextTests test_dateContextSubtext_withOneMeal_mealsSoFarUseSingular]' started.
Test Case '-[Yoga_of_EatingTests.DateContextSubtextTests test_dateContextSubtext_withOneMeal_mealsSoFarUseSingular]' passed (0.000 seconds).
2026-05-15 06:31:55.783421+0530 Yoga of Eating[15816:124606] [[FirebaseCore]] 12.7.0 - [FirebaseCore][I-COR000003] The default Firebase app has not yet been configured. Add `FirebaseApp.configure()` to your application initialization. This can be done in in the App Delegate's application(_:didFinishLaunchingWithOptions:)` (or the `@main` struct's initializer in SwiftUI). Read more: https://firebase.google.com/docs/ios/setup#initialize_firebase_in_your_app
Test Case '-[Yoga_of_EatingTests.DateContextSubtextTests test_dateHeaderStrings_backToToday_isNotEmpty]' started.
2026-05-15 06:31:55.784138+0530 Yoga of Eating[15816:124606] [[FirebaseCore]] 12.7.0 - [FirebaseCore][I-COR000003] The default Firebase app has not yet been configured. Add `FirebaseApp.configure()` to your application initialization. This can be done in in the App Delegate's application(_:didFinishLaunchingWithOptions:)` (or the `@main` struct's initializer in SwiftUI). Read more: https://firebase.google.com/docs/ios/setup#initialize_firebase_in_your_app
Test Case '-[Yoga_of_EatingTests.DateContextSubtextTests test_dateHeaderStrings_backToToday_isNotEmpty]' passed (0.001 seconds).
Test Case '-[Yoga_of_EatingTests.DateContextSubtextTests test_dateHeaderStrings_backToToday_matchesExpected]' started.
2026-05-15 06:31:55.784656+0530 Yoga of Eating[15816:124606] [[FirebaseCore]] 12.7.0 - [FirebaseCore][I-COR000003] The default Firebase app has not yet been configured. Add `FirebaseApp.configure()` to your application initialization. This can be done in in the App Delegate's application(_:didFinishLaunchingWithOptions:)` (or the `@main` struct's initializer in SwiftUI). Read more: https://firebase.google.com/docs/ios/setup#initialize_firebase_in_your_app
Test Case '-[Yoga_of_EatingTests.DateContextSubtextTests test_dateHeaderStrings_backToToday_matchesExpected]' passed (0.000 seconds).
Test Case '-[Yoga_of_EatingTests.DateContextSubtextTests test_dateHeaderStrings_daysAgo_plural]' started.
Test Case '-[Yoga_of_EatingTests.DateContextSubtextTests test_dateHeaderStrings_daysAgo_plural]' passed (0.000 seconds).
2026-05-15 06:31:55.785129+0530 Yoga of Eating[15816:124632] [[FirebaseCore]] 12.7.0 - [FirebaseCore][I-COR000003] The default Firebase app has not yet been configured. Add `FirebaseApp.configure()` to your application initialization. This can be done in in the App Delegate's application(_:didFinishLaunchingWithOptions:)` (or the `@main` struct's initializer in SwiftUI). Read more: https://firebase.google.com/docs/ios/setup#initialize_firebase_in_your_app
Test Case '-[Yoga_of_EatingTests.DateContextSubtextTests test_dateHeaderStrings_daysAgo_singular]' started.
2026-05-15 06:31:55.785906+0530 Yoga of Eating[15816:124606] [[FirebaseCore]] 12.7.0 - [FirebaseCore][I-COR000003] The default Firebase app has not yet been configured. Add `FirebaseApp.configure()` to your application initialization. This can be done in in the App Delegate's application(_:didFinishLaunchingWithOptions:)` (or the `@main` struct's initializer in SwiftUI). Read more: https://firebase.google.com/docs/ios/setup#initialize_firebase_in_your_app
Test Case '-[Yoga_of_EatingTests.DateContextSubtextTests test_dateHeaderStrings_daysAgo_singular]' passed (0.000 seconds).
Test Case '-[Yoga_of_EatingTests.DateContextSubtextTests test_dateHeaderStrings_goodMorning_isNotEmpty]' started.
2026-05-15 06:31:55.786443+0530 Yoga of Eating[15816:124606] [[FirebaseCore]] 12.7.0 - [FirebaseCore][I-COR000003] The default Firebase app has not yet been configured. Add `FirebaseApp.configure()` to your application initialization. This can be done in in the App Delegate's application(Test Case '-[Yoga_of_EatingTests.DateContextSubtextTests test_dateHeaderStrings_goodMorning_isNotEmpty]' passed (0.000 seconds).
_:didFinishLaunchingWithOptions:)` (or the `@main` struct's initializer in SwiftUI). Read more: https://firebase.google.com/docs/ios/setup#initialize_firebase_in_your_app
Test Case '-[Yoga_of_EatingTests.DateContextSubtextTests test_dateHeaderStrings_mealsSoFar_plural]' started.
2026-05-15 06:31:55.788066+0530 Yoga of Eating[15816:124632] [[FirebaseCore]] 12.7.0 - [FirebaseCore][I-COR000003] The default Firebase app has not yet been configured. Add `FirebaseApp.configure()` to your application initialization. This can be done in in the App Delegate's application(_:didFinishLaunchingWithOptions:)` (or the `@main` struct's initializer in SwiftUI). Read more: https://firebase.google.com/docs/ios/setup#initialize_firebase_in_your_app
Test Case '-[Yoga_of_EatingTests.DateContextSubtextTests test_dateHeaderStrings_mealsSoFar_plural]' passed (0.000 seconds).
Test Case '-[Yoga_of_EatingTests.DateContextSubtextTests test_dateHeaderStrings_mealsSoFar_singular]' started.
Test Case '-[Yoga_of_EatingTests.DateContextSubtextTests test_dateHeaderStrings_mealsSoFar_singular]' passed (0.000 seconds).
2026-05-15 06:31:55.788644+0530 Yoga of Eating[15816:124632] [[FirebaseCore]] 12.7.0 - [FirebaseCore][I-COR000003] The default Firebase app has noTest Case '-[Yoga_of_EatingTests.DateContextSubtextTests test_dateHeaderStrings_sleptQuality_includesQuality]' started.
t yet been configured. Add `FirebaseApp.configure()` to your application initialization. This can be done in in the App Delegate's application(_:didFinishLaunchingWithOptions:)` (or the `@main` struct's initializer in SwiftUI). Read more: https://firebase.google.com/docs/ios/setup#initialize_firebase_in_your_app
2026-05-15 06:31:55.789263+0530 Yoga of Eating[15816:124629] [[FirebaseCore]] 12.7.0 - [FirebaseCore][I-COR000003] The default Firebase app has not yet been configured. Add `FirebaseApp.configure()` to your application initialization. This can be done in in the App Delegate's application(_:didFinishLaunchingWithOptions:)` (or the `@main` struct's initializer in SwiftUI). Read more: https://firebase.google.com/docs/ios/setup#initialize_firebase_in_your_app
Test Case '-[Yoga_of_EatingTests.DateContextSubtextTests test_dateHeaderStrings_sleptQuality_includesQuality]' passed (0.001 seconds).
Test Suite 'DateContextSubtextTests' passed at 2026-05-15 06:31:55.790.
	 Executed 24 tests, with 0 failures (0 unexpected) in 0.011 (0.019) seconds
Test Suite 'DateNavigationBannerTests' started at 2026-05-15 06:31:55.790.
Test Case '-[Yoga_of_EatingTests.DateNavigationBannerTests test_canNavigateToNextDay_falseWhenViewingToday]' started.
2026-05-15 06:31:55.790098+0530 Yoga of Eating[15816:124629] [[FirebaseCore]] 12.7.0 - [FirebaseCore][I-COR000003] The default Firebase app has not yet been configured. Add `FirebaseApp.configure()` to your application initialization. This can be done in in the App Delegate's application(_:didFinishLaunchingWithOptions:)` (or the `@main` struct's initializer in SwiftUI). Read more: https://firebase.google.com/docs/ios/setup#initialize_firebase_in_your_app
Test Case '-[Yoga_of_EatingTests.DateNavigationBannerTests test_canNavigateToNextDay_falseWhenViewingToday]' passed (0.000 seconds).
Test Case '-[Yoga_of_EatingTests.DateNavigationBannerTests test_canNavigateToPreviousDay_falseWhenAtMaxDaysBack]' started.
2026-05-15 06:31:55.791486+0530 Yoga of Eating[15816:124632] [[FirebaseCore]] 12.7.0 - [FirebaseCore][I-COR000003] The default Firebase app has not yet been configured. Add `FirebaseApp.configure()` to your application initialization. This can be done in in the App Delegate's application(_:didFinishLaunchingWithOptions:)` (or the `@main` struct's initializer in SwiftUI). Read more: https://firebase.google.com/docs/ios/setup#initialize_firebase_in_your_app
Test Case '-[Yoga_of_EatingTests.DateNavigationBannerTests test_canNavigateToPreviousDay_falseWhenAtMaxDaysBack]' passed (0.001 seconds).
Test Case '-[Yoga_of_EatingTests.DateNavigationBannerTests test_canNavigateToPreviousDay_trueOnInit]' started.
2026-05-15 06:31:55.792257+0530 Yoga of Eating[15816:124632] [[FirebaseCore]] 12.7.0 - [FirebaseCore][I-COR000003] The default Firebase app has not yet been configured. Add `FirebaseApp.configure()` to your application initialization. This can be done in in the App Delegate's application(_:didFinishLaunchingWithOptions:)` (or the `@main` struct's initializer in SwiftUI). Read more: https://firebase.google.com/docs/ios/setup#initialize_firebase_in_your_app
Test Case '-[Yoga_of_EatingTests.DateNavigationBannerTests test_canNavigateToPreviousDay_trueOnInit]' passed (0.000 seconds).
Test Case '-[Yoga_of_EatingTests.DateNavigationBannerTests test_formattedSelectedDate_changesOnNavigation]' started.
2026-05-15 06:31:55.792766+0530 Yoga of Eating[15816:124632] [[FirebaseCore]] 12.7.0 - [FirebaseCore][I-COR000003] The default Firebase app has not yet bTest Case '-[Yoga_of_EatingTests.DateNavigationBannerTests test_formattedSelectedDate_changesOnNavigation]' passed (0.000 seconds).
een configured. Add `FirebaseApp.configure()` to your application initialization. This can be done in in the App Delegate's application(_:didFinishLaunchingWithOptions:)` (or the `@main` struct's initializer in SwiftUI). Read more: https://firebase.google.com/docs/ios/setup#initialize_firebase_in_your_app
Test Case '-[Yoga_of_EatingTests.DateNavigationBannerTests test_formattedSelectedDate_isNonEmpty]' started.
2026-05-15 06:31:55.793787+0530 Yoga of Eating[15816:124628] [[FirebaseCore]] 12.7.0 - [FirebaseCore][I-COR000003] The default Firebase app has not yet been configured. Add `FirebaseApp.configure()` to your application initialization. This can be done in in the App Delegate's application(_:didFinishLaunchingWithOptions:)` (or the `@main` struct's initializer in SwiftUI). Read more: https://firebase.google.com/docs/ios/setup#initialize_firebase_in_your_app
Test Case '-[Yoga_of_EatingTests.DateNavigationBannerTests test_formattedSelectedDate_isNonEmpty]' passed (0.000 seconds).
Test Case '-[Yoga_of_EatingTests.DateNavigationBannerTests test_isViewingToday_trueOnInit]' started.
2026-05-15 06:31:55.794384+0530 Yoga of Eating[15816:124632] [[FirebaseCore]] 12.7.0 - [FirebaseCore][I-COR000003] The default Firebase app has not yet been configured. Add `FirebaseApp.configure()` to your application initialization. This can be done in in the App Delegate's application(_:didFinishLaTest Case '-[Yoga_of_EatingTests.DateNavigationBannerTests test_isViewingToday_trueOnInit]' passed (0.000 seconds).
unchingWithOptions:)` (or the `@main` struct's initializer in SwiftUI). Read more: https://firebase.google.com/docs/ios/setup#initialize_firebase_in_your_app
Test Case '-[Yoga_of_EatingTests.DateNavigationBannerTests test_navigateToPreviousDay_canNavigateToNextDay]' started.
2026-05-15 06:31:55.795159+0530 Yoga of Eating[15816:124628] [[FirebaseCore]] 12.7.0 - [FirebaseCore][I-COR000003] The default Firebase app has not yet been configured. Add `FirebaseApp.configure()` to your application initialization. This can be done in in the App Delegate's application(_:didFinishLaunchingWithOptions:)` (or the `@main` struct's initializer in SwiftUI). Read more: https://firebase.google.com/docs/ios/setup#initialize_firebase_in_your_app
Test Case '-[Yoga_of_EatingTests.DateNavigationBannerTests test_navigateToPreviousDay_canNavigateToNextDay]' passed (0.000 seconds).
Test Case '-[Yoga_of_EatingTests.DateNavigationBannerTests test_navigateToPreviousDay_isNoLongerViewingToday]' started.
2026-05-15 06:31:55.795698+0530 Yoga of Eating[15816:124629] [[FirebaseCore]] 12.7.0 - [FirebaseCore][I-COR000003] The default Firebase app has not yet been configured. Add `FirebaseApp.configure()` to your application initialization. This can be done in in the App Delegate's application(_:didFinishLaunchingWithOptions:)` (or the `@main` struct's initializer in SwiftUI). Read more: https://firebase.google.com/docs/ios/setup#initialize_firebase_in_your_app
Test Case '-[Yoga_of_EatingTests.DateNavigationBannerTests test_navigateToPreviousDay_isNoLongerViewingToday]' passed (0.000 seconds).
Test Case '-[Yoga_of_EatingTests.DateNavigationBannerTests test_navigateToPreviousDay_selectedDateIsYesterday]' started.
2026-05-15 06:31:55.796184+0530 Yoga of Eating[15816:124626] [[FirebaseCore]] 12.7.0 - [FirebaseCore][I-COR000003] The default FireTest Case '-[Yoga_of_EatingTests.DateNavigationBannerTests test_navigateToPreviousDay_selectedDateIsYesterday]' passed (0.000 seconds).
base app has not yet been configured. Add `FirebaseApp.configure()` to your application initialization. This can be done in in the App Delegate's application(_:didFinishLaunchingWithOptions:)` (or the `@main` struct's initializer in SwiftUI). Read more: https://firebase.google.com/docs/ios/setup#initialize_firebase_in_your_app
Test Case '-[Yoga_of_EatingTests.DateNavigationBannerTests test_navigateToToday_disablesNextDayArrow]' started.
Test Case '-[Yoga_of_EatingTests.DateNavigationBannerTests test_navigateToToday_disablesNextDayArrow]' passed (0.000 seconds).
2026-05-15 06:31:55.797558+0530 Yoga of Eating[15816:124628] [[FirebaseCore]] 12.7.0 - [FirebaseCore][I-COR000003] The default Firebase app has not yet been configured. Add `FirebaseApp.configure()` to your application initialization. This can be done in in the App Delegate's application(_:didFinishLaunchingWithOptions:)` (or the `@main` struct's initializer in SwiftUI). Read more: https://firebase.google.com/docs/ios/setup#initialize_firebase_in_your_app
Test Case '-[Yoga_of_EatingTests.DateNavigationBannerTests test_navigateToToday_resetsViewingToday]' started.
2026-05-15 06:31:55.798175+0530 Yoga of Eating[15816:124628] [[FirebaseCore]] 12.7.0 - [FirebaseCore][I-COR000003] The default Firebase app has not yet been cTest Case '-[Yoga_of_EatingTests.DateNavigationBannerTests test_navigateToToday_resetsViewingToday]' passed (0.000 seconds).
onfigured. Add `FirebaseApp.configure()` to your application initialization. This can be done in in the App Delegate's application(_:didFinishLaunchingWithOptions:)` (or the `@main` struct's initializer in SwiftUI). Read more: https://firebase.google.com/docs/ios/setup#initialize_firebase_in_your_app
Test Suite 'DateNavigationBannerTests' passed at 2026-05-15 06:31:55.800.
	 Executed 11 tests, with 0 failures (0 unexpected) in 0.005 (0.010) seconds
Test Suite 'DayNavigationTests' started at 2026-05-15 06:31:55.800.
Test Case '-[Yoga_of_EatingTests.DayNavigationTests test_canNavigateToNextDay_returnsFalse_whenOnToday]' started.
2026-05-15 06:31:55.800407+0530 Yoga of Eating[15816:124628] [[FirebaseCore]] 12.7.0 - [FirebaseCore][I-COR000003] The default Firebase app has not yet been configured. Add `FirebaseApp.configure()` to your application initialization. This can be done in in the App Delegate's application(_:didFinishLaunchingWithOptions:)` (or the `@main` struct's initializer in SwiftUI). Read more: https://firebase.google.com/docs/ios/setup#initialize_firebase_in_your_app
Test Case '-[Yoga_of_EatingTests.DayNavigationTests test_canNavigateToNextDay_returnsFalse_whenOnToday]' passed (0.000 seconds).
Test Case '-[Yoga_of_EatingTests.DayNavigationTests test_canNavigateToNextDay_returnsTrue_whenViewingPastDay]' started.
2026-05-15 06:31:55.800969+0530 Yoga of Eating[15816:1246Test Case '-[Yoga_of_EatingTests.DayNavigationTests test_canNavigateToNextDay_returnsTrue_whenViewingPastDay]' passed (0.000 seconds).
28] [[FirebaseCore]] 12.7.0 - [FirebaseCore][I-COR000003] The default Firebase app has not yet been configured. Add `FirebaseApp.configure()` to your application initialization. This can be done in in the App Delegate's application(_:didFinishLaunchingWithOptions:)` (or the `@main` struct's initializer in SwiftUI). Read more: https://firebase.google.com/docs/ios/setup#initialize_firebase_in_your_app
Test Case '-[Yoga_of_EatingTests.DayNavigationTests test_canNavigateToPreviousDay_returnsTrue_whenWithinBounds]' started.
2026-05-15 06:31:55.801920+0530 Yoga of Eating[15816:124606] [[FirebaseCore]] 12.7.0 - [FirebaseCore][I-COR000003] The default Firebase app has not yet been configured. Add `FirebaseApp.configure()` to your application initialization. This can be done in in the App Delegate's application(_:didFinishLaunchingWithOptions:)` (or the `@main` struct's initializer in SwiftUI). Read more: https://firebase.google.com/docs/ios/setup#initialize_firebase_in_your_app
Test Case '-[Yoga_of_EatingTests.DayNavigationTests test_canNavigateToPreviousDay_returnsTrue_whenWithinBounds]' passed (0.000 seconds).
Test Case '-[Yoga_of_EatingTests.DayNavigationTests test_formattedSelectedDate_returnsCorrectFormat]' started.
2026-05-15 06:31:55.802540+0530 Yoga of Eating[15816:124629] [[FirebaseCore]] 12.7.0 - [FirebaseCore][I-COR000003] The default Firebase app has not yet been configured. Add `FirebaseApp.configure()` to your application initialization. This can be done in in the App Delegate's aTest Case '-[Yoga_of_EatingTests.DayNavigationTests test_formattedSelectedDate_returnsCorrectFormat]' passed (0.001 seconds).
pplication(_:didFinishLaunchingWithOptions:)` (or the `@main` struct's initializer in SwiftUI). Read more: https://firebase.google.com/docs/ios/setup#initialize_firebase_in_your_app
Test Case '-[Yoga_of_EatingTests.DayNavigationTests test_isViewingToday_returnsFalseWhenViewingPastDay]' started.
2026-05-15 06:31:55.804650+0530 Yoga of Eating[15816:124626] [[FirebaseCore]] 12.7.0 - [FirebaseCore][I-COR000003] The default Firebase app has not yet been configured. Add `FirebaseApp.configure()` to your application initialization. This can be done in in the App Delegate's application(_:didFinishLaunchingWithOptions:)` (or the `@main` struct's initializer in SwiftUI). Read more: https://firebase.google.com/docs/ios/setup#initialize_firebase_in_your_app
Test Case '-[Yoga_of_EatingTests.DayNavigationTests test_isViewingToday_returnsFalseWhenViewingPastDay]' passed (0.000 seconds).
Test Case '-[Yoga_of_EatingTests.DayNavigationTests test_isViewingToday_returnsTrueByDefault]' started.
2026-05-15 06:31:55.805228+0530 Yoga of Eating[15816:124632] [[FirebaseCore]] 12.7.0 - [FirebaseCore][I-COR000003] The default Firebase app has not yet been configured. Add `FirebaseApp.configure()` to your application initialization. This can be done in in the App Delegate's application(_:didFinishLaunchingWithOptions:)` (or the `@main` struct's initializer in SwiftUI). Read more: https://firebase.google.com/docs/ios/setup#initialize_firebase_in_your_app
Test Case '-[Yoga_of_EatingTests.DayNavigationTests test_isViewingToday_returnsTrueByDefault]' passed (0.000 seconds).
Test Case '-[Yoga_of_EatingTests.DayNavigationTests test_maxDaysBack_defaultsTo30]' started.
2026-05-15 06:31:55.805832+0530 Yoga of EatTest Case '-[Yoga_of_EatingTests.DayNavigationTests test_maxDaysBack_defaultsTo30]' passed (0.000 seconds).
ing[15816:124629] [[FirebaseCore]] 12.7.0 - [FirebaseCore][I-COR000003] The default Firebase app has not yet been configured. Add `FirebaseApp.configure()` to your application initialization. This can be done in in the App Delegate's application(_:didFinishLaunchingWithOptions:)` (or the `@main` struct's initializer in SwiftUI). Read more: https://firebase.google.com/docs/ios/setup#initialize_firebase_in_your_app
Test Case '-[Yoga_of_EatingTests.DayNavigationTests test_mealsForSelectedDate_returnsEmptyArray_whenNoHistoricalData]' started.
2026-05-15 06:31:55.806610+0530 Yoga of Eating[15816:124629] [[FirebaseCore]] 12.7.0 - [FirebaseCore][I-COR000003] The default Firebase app has not yet been configured. Add `FirebaseApp.configure()` to your application initialization. This can be done in in the App Delegate's application(_:didFinishLaunchingWithOptions:)` (or the `@main` struct's initializer in SwiftUI). Read more: https://firebase.google.com/docs/ios/setup#initialize_firebase_in_your_app
Test Case '-[Yoga_of_EatingTests.DayNavigationTests test_mealsForSelectedDate_returnsEmptyArray_whenNoHistoricalData]' passed (0.000 seconds).
Test Case '-[Yoga_of_EatingTests.DayNavigationTests test_mealsForSelectedDate_returnsHistoricalMeals_whenViewingPastDay]' started.
2026-05-15 06:31:55.807248+0530 Yoga of Eating[15816:124629] [[FirebaseCore]] 12.7.0 - [FirebaseCore][I-COR000003] The default Firebase app has not yet been configured. Add `FirebaseApp.configure()` to your application initialization. This can be done Test Case '-[Yoga_of_EatingTests.DayNavigationTests test_mealsForSelectedDate_returnsHistoricalMeals_whenViewingPastDay]' passed (0.000 seconds).
in in the App Delegate's application(_:didFinishLaunchingWithOptions:)` (or the `@main` struct's initializer in SwiftUI). Read more: https://firebase.google.com/docs/ios/setup#initialize_firebase_in_your_app
Test Case '-[Yoga_of_EatingTests.DayNavigationTests test_mealsForSelectedDate_returnsTodaysMeals_whenViewingToday]' started.
2026-05-15 06:31:55.808572+0530 Yoga of Eating[15816:124626] [[FirebaseCore]] 12.7.0 - [FirebaseCore][I-COR000003] The default Firebase app has not yet been configured. Add `FirebaseApp.configure()` to your application initialization. This can be done in in the App Delegate's application(_:didFinishLaunchingWithOptions:)` (or the `@main` struct's initializer in SwiftUI). Read more: https://firebase.google.com/docs/ios/setup#initialize_firebase_in_your_app
Test Case '-[Yoga_of_EatingTests.DayNavigationTests test_mealsForSelectedDate_returnsTodaysMeals_whenViewingToday]' passed (0.000 seconds).
Test Case '-[Yoga_of_EatingTests.DayNavigationTests test_navigateToDate_cannotNavigateToFuture]' started.
2026-05-15 06:31:55.809179+0530 Yoga of Eating[15816:124632] [[FirebaseCore]] 12.7.0 - [FirebaseCore][I-COR000003] The default Firebase Test Case '-[Yoga_of_EatingTests.DayNavigationTests test_navigateToDate_cannotNavigateToFuture]' passed (0.000 seconds).
app has not yet been configured. Add `FirebaseApp.configure()` to your application initialization. This can be done in in the App Delegate's application(_:didFinishLaunchingWithOptions:)` (or the `@main` struct's initializer in SwiftUI). Read more: https://firebase.google.com/docs/ios/setup#initialize_firebase_in_your_app
Test Case '-[Yoga_of_EatingTests.DayNavigationTests test_navigateToDate_updatesSelectedDate]' started.
2026-05-15 06:31:55.809885+0530 Yoga of Eating[15816:124606] [[FirebaseCore]] 12.7.0 - [FirebaseCore][I-COR000003] The default Firebase app has not yet been configured. Add `FirebaseApp.configure()` to your application initialization. This can be done in in the App Delegate's application(_:didFinishLaunchingWithOptions:)` (or the `@main` struct's initializer in SwiftUI). Read more: https://firebase.google.com/docs/ios/setup#initialize_firebase_in_your_app
Test Case '-[Yoga_of_EatingTests.DayNavigationTests test_navigateToDate_updatesSelectedDate]' passed (0.000 seconds).
Test Case '-[Yoga_of_EatingTests.DayNavigationTests test_navigateToIndex_clampsToValidRange]' started.
2026-05-15 06:31:55.810476+0530 Yoga of Eating[15816:124629] [[FirebaseCore]] 12.7.0 - [FirebaseCore][I-COR000003] The default Firebase app has not yet been configured. Add `FirebaseATest Case '-[Yoga_of_EatingTests.DayNavigationTests test_navigateToIndex_clampsToValidRange]' passed (0.000 seconds).
pp.configure()` to your application initialization. This can be done in in the App Delegate's application(_:didFinishLaunchingWithOptions:)` (or the `@main` struct's initializer in SwiftUI). Read more: https://firebase.google.com/docs/ios/setup#initialize_firebase_in_your_app
Test Case '-[Yoga_of_EatingTests.DayNavigationTests test_navigateToIndex_respectsMaxDaysBack]' started.
2026-05-15 06:31:55.811168+0530 Yoga of Eating[15816:124606] [[FirebaseCore]] 12.7.0 - [FirebaseCore][I-COR000003] The default Firebase app has not yet been configured. Add `FirebaseApp.configure()` to your application initialization. This can be done in in the App Delegate's application(_:didFinishLaunchingWithOptions:)` (or the `@main` struct's initializer in SwiftUI). Read more: https://firebase.google.com/docs/ios/setup#initialize_firebase_in_your_app
Test Case '-[Yoga_of_EatingTests.DayNavigationTests test_navigateToIndex_respectsMaxDaysBack]' passed (0.000 seconds).
Test Case '-[Yoga_of_EatingTests.DayNavigationTests test_navigateToIndex_updatesSelectedDate]' started.
2026-05-15 06:31:55.811708+0530 Yoga of Eating[15816:124628] [[FirebaseCore]] 12.7.0 - [FirebaseCore][I-COR000003] The default Firebase app has not yet been configured. Add `FirebaseApp.configure()` to your application initialization. This can be done in in the App Delegate's application(_:didFinishLauTest Case '-[Yoga_of_EatingTests.DayNavigationTests test_navigateToIndex_updatesSelectedDate]' passed (0.000 seconds).
nchingWithOptions:)` (or the `@main` struct's initializer in SwiftUI). Read more: https://firebase.google.com/docs/ios/setup#initialize_firebase_in_your_app
Test Case '-[Yoga_of_EatingTests.DayNavigationTests test_navigateToNextDay_doesNotExceedToday]' started.
2026-05-15 06:31:55.813488+0530 Yoga of Eating[15816:124606] [[FirebaseCore]] 12.7.0 - [FirebaseCore][I-COR000003] The default Firebase app has not yet been configured. Add `FirebaseApp.configure()` to your application initialization. This can be done in in the App Delegate's application(_:didFinishLaunchingWithOptions:)` (or the `@main` struct's initializer in SwiftUI). Read more: https://firebase.google.com/docs/ios/setup#initialize_firebase_in_your_app
Test Case '-[Yoga_of_EatingTests.DayNavigationTests test_navigateToNextDay_doesNotExceedToday]' passed (0.000 seconds).
Test Case '-[Yoga_of_EatingTests.DayNavigationTests test_navigateToNextDay_movesForwardOneDay]' started.
2026-05-15 06:31:55.814010+0530 Yoga of Eating[15816:124606] [[FirebaseCore]] 12.7.0 - [FirebaseCore][I-COR000003] The default Firebase app has not yet been configured. Add `FirTest Case '-[Yoga_of_EatingTests.DayNavigationTests test_navigateToNextDay_movesForwardOneDay]' passed (0.000 seconds).
ebaseApp.configure()` to your application initialization. This can be done in in the App Delegate's application(_:didFinishLaunchingWithOptions:)` (or the `@main` struct's initializer in SwiftUI). Read more: https://firebase.google.com/docs/ios/setup#initialize_firebase_in_your_app
Test Case '-[Yoga_of_EatingTests.DayNavigationTests test_navigateToPreviousDay_movesBackOneDay]' started.
Test Case '-[Yoga_of_EatingTests.DayNavigationTests test_navigateToPreviousDay_movesBackOneDay]' passed (0.000 seconds).
2026-05-15 06:31:55.814750+0530 Yoga of Eating[15816:124606] [[FirebaseCore]] 12.7.0 - [FirebaseCore][I-COR000003] The default Firebase app has not yet been configured. Add `FirebaseApp.configure()` to your application initialization. This can be done in in the App Delegate's application(_:didFinishLaunchingWithOptions:)` (or the `@main` struct's initializer in SwiftUI). Read more: https://firebase.google.com/docs/ios/setup#initialize_firebase_in_your_app
Test Case '-[Yoga_of_EatingTests.DayNavigationTests test_navigateToToday_returnsToCurrentDay]' started.
2026-05-15 06:31:55.815209+0530 Yoga of Eating[15816:124626] [[FirebaseCore]] 12.7.0 - [FirebaseCore][I-COR000003] The default Firebase app has not yet been configured. Add `FirebaseApp.configure()` to your application initialization. This can be done in in the App Delegate's application(_:didFinishLaunchingWithOptions:)` (or the `@main` struct's initializer in SwiftUI). Read more: https://firebase.google.com/docs/ios/setup#initialize_fiTest Case '-[Yoga_of_EatingTests.DayNavigationTests test_navigateToToday_returnsToCurrentDay]' passed (0.000 seconds).
rebase_in_your_app
Test Case '-[Yoga_of_EatingTests.DayNavigationTests test_selectedDate_defaultsToToday]' started.
2026-05-15 06:31:55.817814+0530 Yoga of Eating[15816:124626] [[FirebaseCore]] 12.7.0 - [FirebaseCore][I-COR000003] The default Firebase app has not yet been configured. Add `FirebaseApp.configure()` to your application initialization. This can be done in in the App Delegate's application(_:didFinishLaunchingWithOptions:)` (or the `@main` struct's initializer in SwiftUI). Read more: https://firebase.google.com/docs/ios/setup#initialize_firebase_in_your_app
Test Case '-[Yoga_of_EatingTests.DayNavigationTests test_selectedDate_defaultsToToday]' passed (0.000 seconds).
Test Case '-[Yoga_of_EatingTests.DayNavigationTests test_selectedDayIndex_returnsCorrectValue_forPastDays]' started.
2026-05-15 06:31:55.818437+0530 Yoga of Eating[15816:124606] [[FirebaseCore]] 12.7.0 - [FirebaseCore][I-COR000003] The default Firebase app has not yet been configured. Add `FirebaseApp.configure()` to your application initialization. This can be done in in the App Delegate's application(_:didFinTest Case '-[Yoga_of_EatingTests.DayNavigationTests test_selectedDayIndex_returnsCorrectValue_forPastDays]' passed (0.000 seconds).
ishLaunchingWithOptions:)` (or the `@main` struct's initializer in SwiftUI). Read more: https://firebase.google.com/docs/ios/setup#initialize_firebase_in_your_app
Test Case '-[Yoga_of_EatingTests.DayNavigationTests test_selectedDayIndex_returnsZero_forToday]' started.
2026-05-15 06:31:55.819581+0530 Yoga of Eating[15816:124606] [[FirebaseCore]] 12.7.0 - [FirebaseCore][I-COR000003] The default Firebase app has not yet been configured. Add `FirebaseApp.configure()` to your application initialization. This can be done in in the App Delegate's application(_:didFinishLaunchingWithOptions:)` (or the `@main` struct's initializer in SwiftUI). Read more: https://firebase.google.com/docs/ios/setup#initialize_firebase_in_your_app
Test Case '-[Yoga_of_EatingTests.DayNavigationTests test_selectedDayIndex_returnsZero_forToday]' passed (0.000 seconds).
Test Case '-[Yoga_of_EatingTests.DayNavigationTests test_snapshotForSelectedDate_returnsNil_forTodayWithoutArchive]' started.
2026-05-15 06:31:55.820076+0530 Yoga of Eating[15816:124629] [[FirebaseCore]] 12.7.0 - [FirebaseCore][I-COR000003] The default Firebase app has not yet been configured. Add `FirebaseApp.configure()` to your application initialization. This can be done in in the App Delegate's application(_:didFinishLaunchingWithOptions:)` (or the `@main` struct's initializer in SwiftUI). Read more: https://firebase.google.com/docs/ios/setup#initialize_firebase_in_your_app
Test Case '-[Yoga_of_EatingTests.DayNavigationTests test_snapshotForSelectedDate_returnsNil_forTodayWithoutArchive]' passed (0.000 seconds).
Test Case '-[Yoga_of_EatingTests.DayNavigationTests test_snapshotForSelectedDate_returnsSnapshot_forHistoricalDay]' started.
2026-05-15 06:31:55.820645+0530 Yoga of Eating[15816:124626] [[FirebaseCore]] 12.7.0 - [FirebaseCore][I-COR000003] The default Firebase app has not yet been configured. Add `FirebaseApp.configure()` to your application initialization. This can be done in in the App Delegate's application(_:didFinishLaunchingWithOptions:)` (or the `@main` struct's initializer in SwiftUI). Read more: https://firebase.google.com/docs/ios/setup#initialize_firebase_in_your_app
Test Case '-[Yoga_of_EatingTests.DayNavigationTests test_snapshotForSelectedDate_returnsSnapshot_forHistoricalDay]' passed (0.016 seconds).
Test Suite 'DayNavigationTests' passed at 2026-05-15 06:31:55.836.
	 Executed 24 tests, with 0 failures (0 unexpected) in 0.025 (0.036) seconds
Test Suite 'DaySummaryTests' started at 2026-05-15 06:31:55.836.
Test Case '-[Yoga_of_EatingTests.DaySummaryTests test_averageHealthScoreToday_boundaryScores_returnsCorrectAverage]' started.
2026-05-15 06:31:55.836891+0530 Yoga of Eating[15816:124606] [[FirebaseCore]] 12.7.0 - [FirebaseCore][I-COR000003] The default Firebase app has not yet been configured. Add `FirebaseApp.configure()` to your application initialization. This can be done in in the App Delegate's application(_:didFinishLaunchingWithOptions:)` (or the `@main` struct's initializer in SwiftUI). Read more: https://firebase.google.com/docs/ios/setup#initialize_firebase_in_your_app
Test Case '-[Yoga_of_EatingTests.DaySummaryTests test_averageHealthScoreToday_boundaryScores_returnsCorrectAverage]' passed (0.001 seconds).
Test Case '-[Yoga_of_EatingTests.DaySummaryTests test_averageHealthScoreToday_noMeals_returnsNil]' started.
2026-05-15 06:31:55.837583+0530 Yoga of Eating[15816:124628] [[FirebaseCore]] 12.7.0 - [FirebaseCore][I-COR000003] The default Firebase app has not yet been configured. Add `FirebaseApp.configure()` to your application initialization. This can be done in in the App Delegate's application(_:didFinishLaunchingWithOptions:)` (or the `@main` struct's initializer in SwiftUI). Read more: https://firebase.google.com/docs/ios/setup#initialize_firebase_in_your_app
Test Case '-[Yoga_of_EatingTests.DaySummaryTests test_averageHealthScoreToday_noMeals_returnsNil]' passed (0.000 seconds).
Test Case '-[Yoga_of_EatingTests.DaySummaryTests test_averageHealthScoreToday_oneMeal_returnsNil]' started.
2026-05-15 06:31:55.838166+0530 Yoga of Eating[15816:124606] [[FirebaseCore]] 12.7.0 - [FirebaseCore][I-COR000003] The default Firebase app has not yet been configured. Add `FirebaseApp.configure()` to your application initialization. This can be done in in the App Delegate's application(_:didFinishLaunchingWithOptions:)` (or the `@main` struct's initializer in SwiftUI). Read more: https://firebase.google.com/docs/ios/setup#initialize_firebase_in_your_app
Test Case '-[Yoga_of_EatingTests.DaySummaryTests test_averageHealthScoreToday_oneMeal_returnsNil]' passed (0.000 seconds).
Test Case '-[Yoga_of_EatingTests.DaySummaryTests test_averageHealthScoreToday_threeMeals_returnsCorrectAverage]' started.
2026-05-15 06:31:55.838692+0530 Yoga of Eating[15816:124626] [[FirebaseCore]] 12.7.0 - [FirebaseCore][I-COR000003] The default Firebase app has not yet been configured. Add `FirebaseApp.configure()` to your application initialization. This can be done in in the App Delegate's applTest Case '-[Yoga_of_EatingTests.DaySummaryTests test_averageHealthScoreToday_threeMeals_returnsCorrectAverage]' passed (0.000 seconds).
ication(_:didFinishLaunchingWithOptions:)` (or the `@main` struct's initializer in SwiftUI). Read more: https://firebase.google.com/docs/ios/setup#initialize_firebase_in_your_app
Test Case '-[Yoga_of_EatingTests.DaySummaryTests test_averageHealthScoreToday_twoMeals_returnsAverage]' started.
Test Case '-[Yoga_of_EatingTests.DaySummaryTests test_averageHealthScoreToday_twoMeals_returnsAverage]' passed (0.000 seconds).
2026-05-15 06:31:55.839283+0530 Yoga of Eating[15816:124626] [[FirebaseCore]] 12.7.0 - [FirebaseCore][I-COR000003] The default Firebase app has not yet been configured. Add `FirebaseApp.configure()` to your application initialization. This can be done in in the App Delegate's application(_:didFinishLaunchingWithOptions:)` (or the `@main` struct's initializer in SwiftUI). Read more: https://firebase.google.com/docs/ios/setup#initialize_firebase_in_your_app
Test Case '-[Yoga_of_EatingTests.DaySummaryTests test_daySummary_includesMealCount]' started.
Test Case '-[Yoga_of_EatingTests.DaySummaryTests test_daySummary_includesMealCount]' passed (0.000 seconds).
Test Case '-[Yoga_of_EatingTests.DaySummaryTests test_daySummary_includesScore]' started.
Test Case '-[Yoga_of_EatingTests.DaySummaryTests test_daySummary_includesScore]' passed (0.000 seconds).
Test Case '-[Yoga_of_EatingTests.DaySummaryTests test_daySummary_isNotEmpty]' started.
Test Case '-[Yoga_of_EatingTests.DaySummaryTests test_daySummary_isNotEmpty]' passed (0.000 seconds).
Test Case '-[Yoga_of_EatingTests.DaySummaryTests test_daySummary_multipleMeals_usesPlural]' started.
Test Case '-[Yoga_of_EatingTests.DaySummaryTests test_daySummary_multipleMeals_usesPlural]' passed (0.000 seconds).
Test Case '-[Yoga_of_EatingTests.DaySummaryTests test_daySummary_singleMeal_usesSingular]' started.
Test Case '-[Yoga_of_EatingTests.DaySummaryTests test_daySummary_singleMeal_usesSingular]' passed (0.000 seconds).
Test Suite 'DaySummaryTests' passed at 2026-05-15 06:31:55.842.
	 Executed 10 tests, with 0 failures (0 unexpected) in 0.004 (0.006) seconds
Test Suite 'DayTimelineEmptyStateTests' started at 2026-05-15 06:31:55.842.
Test Case '-[Yoga_of_EatingTests.DayTimelineEmptyStateTests test_animation_breathingPulse_isDefined]' started.
Test Case '-[Yoga_of_EatingTests.DayTimelineEmptyStateTests test_animation_breathingPulse_isDefined]' passed (0.017 seconds).
Test Case '-[Yoga_of_EatingTests.DayTimelineEmptyStateTests test_animation_breathingScale_isAboveOne]' started.
Test Case '-[Yoga_of_EatingTests.DayTimelineEmptyStateTests test_animation_breathingScale_isAboveOne]' passed (0.000 seconds).
Test Case '-[Yoga_of_EatingTests.DayTimelineEmptyStateTests test_animation_breathingScale_isWithinSafeRange]' started.
Test Case '-[Yoga_of_EatingTests.DayTimelineEmptyStateTests test_animation_breathingScale_isWithinSafeRange]' passed (0.000 seconds).
Test Case '-[Yoga_of_EatingTests.DayTimelineEmptyStateTests test_shouldPulse_historicalDayWithMeals_returnsFalse]' started.
Test Case '-[Yoga_of_EatingTests.DayTimelineEmptyStateTests test_shouldPulse_historicalDayWithMeals_returnsFalse]' passed (0.000 seconds).
Test Case '-[Yoga_of_EatingTests.DayTimelineEmptyStateTests test_shouldPulse_historicalDayWithNoMeals_returnsFalse]' started.
Test Case '-[Yoga_of_EatingTests.DayTimelineEmptyStateTests test_shouldPulse_historicalDayWithNoMeals_returnsFalse]' passed (0.000 seconds).
Test Case '-[Yoga_of_EatingTests.DayTimelineEmptyStateTests test_shouldPulse_todayWithMultipleMeals_returnsFalse]' started.
Test Case '-[Yoga_of_EatingTests.DayTimelineEmptyStateTests test_shouldPulse_todayWithMultipleMeals_returnsFalse]' passed (0.000 seconds).
Test Case '-[Yoga_of_EatingTests.DayTimelineEmptyStateTests test_shouldPulse_todayWithNoMeals_returnsTrue]' started.
Test Case '-[Yoga_of_EatingTests.DayTimelineEmptyStateTests test_shouldPulse_todayWithNoMeals_returnsTrue]' passed (0.000 seconds).
Test Case '-[Yoga_of_EatingTests.DayTimelineEmptyStateTests test_shouldPulse_todayWithOneMeal_returnsFalse]' started.
Test Case '-[Yoga_of_EatingTests.DayTimelineEmptyStateTests test_shouldPulse_todayWithOneMeal_returnsFalse]' passed (0.000 seconds).
Test Case '-[Yoga_of_EatingTests.DayTimelineEmptyStateTests test_shouldShowEmptyStateGreeting_historicalDay_returnsFalse]' started.
Test Case '-[Yoga_of_EatingTests.DayTimelineEmptyStateTests test_shouldShowEmptyStateGreeting_historicalDay_returnsFalse]' passed (0.000 seconds).
Test Case '-[Yoga_of_EatingTests.DayTimelineEmptyStateTests test_shouldShowEmptyStateGreeting_todayNoMeals_returnsTrue]' started.
Test Case '-[Yoga_of_EatingTests.DayTimelineEmptyStateTests test_shouldShowEmptyStateGreeting_todayNoMeals_returnsTrue]' passed (0.001 seconds).
Test Case '-[Yoga_of_EatingTests.DayTimelineEmptyStateTests test_shouldShowEmptyStateGreeting_todayWithMeal_returnsFalse]' started.
Test Case '-[Yoga_of_EatingTests.DayTimelineEmptyStateTests test_shouldShowEmptyStateGreeting_todayWithMeal_returnsFalse]' passed (0.000 seconds).
Test Case '-[Yoga_of_EatingTests.DayTimelineEmptyStateTests test_shouldShowQuote_historicalDay_alwaysTrue]' started.
Test Case '-[Yoga_of_EatingTests.DayTimelineEmptyStateTests test_shouldShowQuote_historicalDay_alwaysTrue]' passed (0.000 seconds).
Test Case '-[Yoga_of_EatingTests.DayTimelineEmptyStateTests test_shouldShowQuote_todayNoMeals_returnsFalse]' started.
Test Case '-[Yoga_of_EatingTests.DayTimelineEmptyStateTests test_shouldShowQuote_todayNoMeals_returnsFalse]' passed (0.000 seconds).
Test Case '-[Yoga_of_EatingTests.DayTimelineEmptyStateTests test_shouldShowQuote_todayWithMeals_returnsTrue]' started.
Test Case '-[Yoga_of_EatingTests.DayTimelineEmptyStateTests test_shouldShowQuote_todayWithMeals_returnsTrue]' passed (0.000 seconds).
Test Case '-[Yoga_of_EatingTests.DayTimelineEmptyStateTests test_strings_emptyStateGreeting_isNotEmpty]' started.
Test Case '-[Yoga_of_EatingTests.DayTimelineEmptyStateTests test_strings_emptyStateGreeting_isNotEmpty]' passed (0.000 seconds).
Test Case '-[Yoga_of_EatingTests.DayTimelineEmptyStateTests test_strings_emptyStateGreeting_matchesExpected]' started.
Test Case '-[Yoga_of_EatingTests.DayTimelineEmptyStateTests test_strings_emptyStateGreeting_matchesExpected]' passed (0.000 seconds).
Test Case '-[Yoga_of_EatingTests.DayTimelineEmptyStateTests test_strings_quoteAccessibility_isNotEmpty]' started.
Test Case '-[Yoga_of_EatingTests.DayTimelineEmptyStateTests test_strings_quoteAccessibility_isNotEmpty]' passed (0.000 seconds).
Test Case '-[Yoga_of_EatingTests.DayTimelineEmptyStateTests test_strings_tapToLog_isNotEmpty]' started.
Test Case '-[Yoga_of_EatingTests.DayTimelineEmptyStateTests test_strings_tapToLog_isNotEmpty]' passed (0.000 seconds).
Test Case '-[Yoga_of_EatingTests.DayTimelineEmptyStateTests test_strings_tapToLogWithInsight_containsTapToLog]' started.
Test Case '-[Yoga_of_EatingTests.DayTimelineEmptyStateTests test_strings_tapToLogWithInsight_containsTapToLog]' passed (0.001 seconds).
Test Case '-[Yoga_of_EatingTests.DayTimelineEmptyStateTests test_strings_tapToLogWithInsight_isNotEmpty]' started.
Test Case '-[Yoga_of_EatingTests.DayTimelineEmptyStateTests test_strings_tapToLogWithInsight_isNotEmpty]' passed (0.000 seconds).
Test Suite 'DayTimelineEmptyStateTests' passed at 2026-05-15 06:31:55.873.
	 Executed 20 tests, with 0 failures (0 unexpected) in 0.025 (0.030) seconds
Test Suite 'DeleteAllDataFlagTests' started at 2026-05-15 06:31:55.873.
Test Case '-[Yoga_of_EatingTests.DeleteAllDataFlagTests test_deleteAllData_setsFlagBeforeClearingPersistence]' started.
2026-05-15 06:31:55.873147+0530 Yoga of Eating[15816:124632] [[FirebaseCore]] 12.7.0 - [FirebaseCore][I-COR000003] The default Firebase app has not yet been configured. Add `FirebaseApp.configure()` to your application initialization. This can be done in in the App Delegate's application(_:didFinishLaunchingWithOptions:)` (or the `@main` struct's initializer in SwiftUI). Read more: https://firebase.google.com/docs/ios/setup#initialize_firebase_in_your_app
2026-05-15 06:31:55.875153+0530 Yoga of Eating[15816:124632] [[FirebaseCore]] 12.7.0 - [FirebaseCore][I-COR000003] The default Firebase app has not yet been configured. Add `FirebaseApp.configure()` to your application initialization. This can be done in in the App Delegate's application(_:didFinishLaunchingWithOptions:)` (or the `@main` struct's initializer in SwiftUI). Read more: https://firebase.google.com/docs/ios/setup#initialize_firebase_in_your_app
Test Case '-[Yoga_of_EatingTests.DeleteAllDataFlagTests test_deleteAllData_setsFlagBeforeClearingPersistence]' passed (0.003 seconds).
Test Case '-[Yoga_of_EatingTests.DeleteAllDataFlagTests test_deleteAllData_setsHasDeletedAllDataFlag]' started.
2026-05-15 06:31:55.875991+0530 Yoga of Eating[15816:124606] [[FirebaseCore]] 12.7.0 - [FirebaseCore][I-COR000003] The default Firebase app has not yet been configured. Add `FirebaseApp.configure()` to your application initialization. This can be done in in the App Delegate's application(_:didFinishLaunchingWithOptions:)` (or the `@main` struct's initializer in SwiftUI). Read more: https://firebase.google.com/docs/ios/setup#initialize_firebase_in_your_app
2026-05-15 06:31:55.876056+0530 Yoga of Eating[15816:124606] [[FirebaseCore]] 12.7.0 - [FirebaseCore][I-COR000003] The default Firebase app has not yet been configured. Add `FirebaseApp.configure()` to your application initialization. This can be done in in the App Delegate's application(_:didFinishLaunchingWithOptions:)` (or the `@main` struct's initializer in SwiftUI). Read more: https://firebase.google.com/docs/ios/setup#initialize_firebase_in_your_app
Test Case '-[Yoga_of_EatingTests.DeleteAllDataFlagTests test_deleteAllData_setsHasDeletedAllDataFlag]' passed (0.003 seconds).
Test Case '-[Yoga_of_EatingTests.DeleteAllDataFlagTests test_loadData_onAccountSwitch_clearsDeletionFlagBeforeRestore]' started.
2026-05-15 06:31:55.880535+0530 Yoga of Eating[15816:124606] [[FirebaseCore]] 12.7.0 - [FirebaseCore][I-COR000003] The default Firebase app has not yet been configured. Add `FirebaseApp.configure()` to your application initialization. This can be done in in the App Delegate's application(_:didFinishLaunchingWithOptions:)` (or the `@main` struct's initializer in SwiftUI). Read more: https://firebase.google.com/docs/ios/setup#initialize_firebase_in_your_app
2026-05-15 06:31:55.880614+0530 Yoga of Eating[15816:124606] [[FirebaseCore]] 12.7.0 - [FirebaseCore][I-COR000003] The default Firebase app has not yet been configured. Add `FirebaseApp.configure()` to your application initialization. This can be done in in the App Delegate's application(_:didFinishLaunchingWithOptions:)` (or the `@main` struct's initializer in SwiftUI). Read more: https://firebase.google.com/docs/ios/setup#initialize_firebase_in_your_app
Test Case '-[Yoga_of_EatingTests.DeleteAllDataFlagTests test_loadData_onAccountSwitch_clearsDeletionFlagBeforeRestore]' passed (0.004 seconds).
Test Case '-[Yoga_of_EatingTests.DeleteAllDataFlagTests test_triggerCloudRestore_whenDeletionFlagIsNotSet_proceedsWithRestore]' started.
2026-05-15 06:31:55.882834+0530 Yoga of Eating[15816:124632] [[FirebaseCore]] 12.7.0 - [FirebaseCore][I-COR000003] The default Firebase app has not yet been configured. Add `FirebaseApp.configure()` to your application initialization. This can be done in in the App Delegate's application(_:didFinishLaunchingWithOptions:)` (or the `@main` struct's initializer in SwiftUI). Read more: https://firebase.google.com/docs/ios/setup#initialize_firebase_in_your_app
2026-05-15 06:31:55.882939+0530 Yoga of Eating[15816:124632] [[FirebaseCore]] 12.7.0 - [FirebaseCore][I-COR000003] The default Firebase app has not yet been configured. Add `FirebaseApp.configure()` to your application initialization. This can be done in in the App Delegate's application(_:didFinishLaunchingWithOptions:)` (or the `@main` struct's initializer in SwiftUI). Read more: https://firebase.google.com/docs/ios/setup#initialize_firebase_in_your_app
Test Case '-[Yoga_of_EatingTests.DeleteAllDataFlagTests test_triggerCloudRestore_whenDeletionFlagIsNotSet_proceedsWithRestore]' passed (0.208 seconds).
Test Case '-[Yoga_of_EatingTests.DeleteAllDataFlagTests test_triggerCloudRestore_whenDeletionFlagIsSet_doesNotRestore]' started.
2026-05-15 06:31:56.096779+0530 Yoga of Eating[15816:124606] [[FirebaseCore]] 12.7.0 - [FirebaseCore][I-COR000003] The default Firebase app has not yet been configured. Add `FirebaseApp.configure()` to your application initialization. This can be done in in the App Delegate's application(_:didFinishLaunchingWithOptions:)` (or the `@main` struct's initializer in SwiftUI). Read more: https://firebase.google.com/docs/ios/setup#initialize_firebase_in_your_app
2026-05-15 06:31:56.096994+0530 Yoga of Eating[15816:124606] [[FirebaseCore]] 12.7.0 - [FirebaseCore][I-COR000003] The default Firebase app has not yet been configured. Add `FirebaseApp.configure()` to your application initialization. This can be done in in the App Delegate's application(_:didFinishLaunchingWithOptions:)` (or the `@main` struct's initializer in SwiftUI). Read more: https://firebase.google.com/docs/ios/setup#initialize_firebase_in_your_app
2026-05-15 06:31:56.097887+0530 Yoga of Eating[15816:124257] [MainViewModel.Lifecycle] Cloud restore skipped — user has explicitly deleted all data on this device.
Test Case '-[Yoga_of_EatingTests.DeleteAllDataFlagTests test_triggerCloudRestore_whenDeletionFlagIsSet_doesNotRestore]' passed (0.009 seconds).
Test Suite 'DeleteAllDataFlagTests' passed at 2026-05-15 06:31:56.100.
	 Executed 5 tests, with 0 failures (0 unexpected) in 0.226 (0.228) seconds
Test Suite 'FastingBadgeViewTests' started at 2026-05-15 06:31:56.101.
Test Case '-[Yoga_of_EatingTests.FastingBadgeViewTests test_fastingBadgeView_shortPeriod_borderColorIsDefault]' started.
Test Case '-[Yoga_of_EatingTests.FastingBadgeViewTests test_fastingBadgeView_shortPeriod_borderColorIsDefault]' passed (0.001 seconds).
Test Case '-[Yoga_of_EatingTests.FastingBadgeViewTests test_fastingBadgeView_shortPeriod_hasZeroGlow]' started.
Test Case '-[Yoga_of_EatingTests.FastingBadgeViewTests test_fastingBadgeView_shortPeriod_hasZeroGlow]' passed (0.001 seconds).
Test Case '-[Yoga_of_EatingTests.FastingBadgeViewTests test_fastingBadgeView_significantPeriod_borderColorIsGreen]' started.
Test Case '-[Yoga_of_EatingTests.FastingBadgeViewTests test_fastingBadgeView_significantPeriod_borderColorIsGreen]' passed (0.001 seconds).
Test Case '-[Yoga_of_EatingTests.FastingBadgeViewTests test_fastingBadgeView_significantPeriod_hasNonZeroGlow]' started.
Test Case '-[Yoga_of_EatingTests.FastingBadgeViewTests test_fastingBadgeView_significantPeriod_hasNonZeroGlow]' passed (0.001 seconds).
Test Case '-[Yoga_of_EatingTests.FastingBadgeViewTests test_fastingPeriod_endBeforeStart_durationIsZero]' started.
Test Case '-[Yoga_of_EatingTests.FastingBadgeViewTests test_fastingPeriod_endBeforeStart_durationIsZero]' passed (0.001 seconds).
Test Case '-[Yoga_of_EatingTests.FastingBadgeViewTests test_fastingPeriod_endBeforeStart_formattedDurationIsZeroMinutes]' started.
Test Case '-[Yoga_of_EatingTests.FastingBadgeViewTests test_fastingPeriod_endBeforeStart_formattedDurationIsZeroMinutes]' passed (0.001 seconds).
Test Case '-[Yoga_of_EatingTests.FastingBadgeViewTests test_fastingPeriod_endBeforeStart_isNotSignificant]' started.
Test Case '-[Yoga_of_EatingTests.FastingBadgeViewTests test_fastingPeriod_endBeforeStart_isNotSignificant]' passed (0.001 seconds).
Test Case '-[Yoga_of_EatingTests.FastingBadgeViewTests test_fastingPeriod_formattedDuration_belowThirtyMinutes_omitsMinutes]' started.
Test Case '-[Yoga_of_EatingTests.FastingBadgeViewTests test_fastingPeriod_formattedDuration_belowThirtyMinutes_omitsMinutes]' passed (0.001 seconds).
Test Case '-[Yoga_of_EatingTests.FastingBadgeViewTests test_fastingPeriod_formattedDuration_subHour_21min]' started.
Test Case '-[Yoga_of_EatingTests.FastingBadgeViewTests test_fastingPeriod_formattedDuration_subHour_21min]' passed (0.000 seconds).
Test Case '-[Yoga_of_EatingTests.FastingBadgeViewTests test_fastingPeriod_formattedDuration_subHour_showsMinutesOnly]' started.
Test Case '-[Yoga_of_EatingTests.FastingBadgeViewTests test_fastingPeriod_formattedDuration_subHour_showsMinutesOnly]' passed (0.001 seconds).
Test Case '-[Yoga_of_EatingTests.FastingBadgeViewTests test_fastingPeriod_formattedDuration_wholeHours_noMinutes]' started.
Test Case '-[Yoga_of_EatingTests.FastingBadgeViewTests test_fastingPeriod_formattedDuration_wholeHours_noMinutes]' passed (0.001 seconds).
Test Case '-[Yoga_of_EatingTests.FastingBadgeViewTests test_fastingPeriod_formattedDuration_withMinutes_showsMinutes]' started.
Test Case '-[Yoga_of_EatingTests.FastingBadgeViewTests test_fastingPeriod_formattedDuration_withMinutes_showsMinutes]' passed (0.001 seconds).
Test Case '-[Yoga_of_EatingTests.FastingBadgeViewTests test_fastingPeriod_glowIntensity_aboveZeroForSignificantPeriod]' started.
Test Case '-[Yoga_of_EatingTests.FastingBadgeViewTests test_fastingPeriod_glowIntensity_aboveZeroForSignificantPeriod]' passed (0.000 seconds).
Test Case '-[Yoga_of_EatingTests.FastingBadgeViewTests test_fastingPeriod_glowIntensity_clampedToValidRange]' started.
Test Case '-[Yoga_of_EatingTests.FastingBadgeViewTests test_fastingPeriod_glowIntensity_clampedToValidRange]' passed (0.001 seconds).
Test Case '-[Yoga_of_EatingTests.FastingBadgeViewTests test_fastingPeriod_glowIntensity_minimumAtThreshold]' started.
Test Case '-[Yoga_of_EatingTests.FastingBadgeViewTests test_fastingPeriod_glowIntensity_minimumAtThreshold]' passed (0.001 seconds).
Test Case '-[Yoga_of_EatingTests.FastingBadgeViewTests test_fastingPeriod_glowIntensity_zeroForShortPeriod]' started.
Test Case '-[Yoga_of_EatingTests.FastingBadgeViewTests test_fastingPeriod_glowIntensity_zeroForShortPeriod]' passed (0.000 seconds).
Test Case '-[Yoga_of_EatingTests.FastingBadgeViewTests test_fastingPeriod_isSignificant_falseForElevenHours]' started.
Test Case '-[Yoga_of_EatingTests.FastingBadgeViewTests test_fastingPeriod_isSignificant_falseForElevenHours]' passed (0.000 seconds).
Test Case '-[Yoga_of_EatingTests.FastingBadgeViewTests test_fastingPeriod_isSignificant_falseForShortPeriod]' started.
Test Case '-[Yoga_of_EatingTests.FastingBadgeViewTests test_fastingPeriod_isSignificant_falseForShortPeriod]' passed (0.002 seconds).
Test Case '-[Yoga_of_EatingTests.FastingBadgeViewTests test_fastingPeriod_isSignificant_trueAtThreshold]' started.
Test Case '-[Yoga_of_EatingTests.FastingBadgeViewTests test_fastingPeriod_isSignificant_trueAtThreshold]' passed (0.001 seconds).
Test Case '-[Yoga_of_EatingTests.FastingBadgeViewTests test_fastingPeriod_isSignificant_trueForLongPeriod]' started.
Test Case '-[Yoga_of_EatingTests.FastingBadgeViewTests test_fastingPeriod_isSignificant_trueForLongPeriod]' passed (0.000 seconds).
Test Case '-[Yoga_of_EatingTests.FastingBadgeViewTests test_fastingPeriod_zeroDuration_hasZeroGlow]' started.
Test Case '-[Yoga_of_EatingTests.FastingBadgeViewTests test_fastingPeriod_zeroDuration_hasZeroGlow]' passed (0.001 seconds).
Test Suite 'FastingBadgeViewTests' passed at 2026-05-15 06:31:56.124.
	 Executed 21 tests, with 0 failures (0 unexpected) in 0.014 (0.023) seconds
Test Suite 'FastingConstantsTests' started at 2026-05-15 06:31:56.124.
Test Case '-[Yoga_of_EatingTests.FastingConstantsTests test_secondsPerHour_equalsSixtySecondsPerMinute]' started.
Test Case '-[Yoga_of_EatingTests.FastingConstantsTests test_secondsPerHour_equalsSixtySecondsPerMinute]' passed (0.001 seconds).
Test Case '-[Yoga_of_EatingTests.FastingConstantsTests test_secondsPerHour_isExactly3600]' started.
Test Case '-[Yoga_of_EatingTests.FastingConstantsTests test_secondsPerHour_isExactly3600]' passed (0.000 seconds).
Test Case '-[Yoga_of_EatingTests.FastingConstantsTests test_secondsPerHour_isPositive]' started.
Test Case '-[Yoga_of_EatingTests.FastingConstantsTests test_secondsPerHour_isPositive]' passed (0.000 seconds).
Test Case '-[Yoga_of_EatingTests.FastingConstantsTests test_secondsPerMinute_isExactly60]' started.
Test Case '-[Yoga_of_EatingTests.FastingConstantsTests test_secondsPerMinute_isExactly60]' passed (0.000 seconds).
Test Case '-[Yoga_of_EatingTests.FastingConstantsTests test_secondsPerMinute_isPositive]' started.
Test Case '-[Yoga_of_EatingTests.FastingConstantsTests test_secondsPerMinute_isPositive]' passed (0.000 seconds).
Test Case '-[Yoga_of_EatingTests.FastingConstantsTests test_significanceHoursThreshold_isExactlyTwelve]' started.
Test Case '-[Yoga_of_EatingTests.FastingConstantsTests test_significanceHoursThreshold_isExactlyTwelve]' passed (0.001 seconds).
Test Case '-[Yoga_of_EatingTests.FastingConstantsTests test_significanceHoursThreshold_isPositive]' started.
Test Case '-[Yoga_of_EatingTests.FastingConstantsTests test_significanceHoursThreshold_isPositive]' passed (0.000 seconds).
Test Case '-[Yoga_of_EatingTests.FastingConstantsTests test_significanceHoursThreshold_isReasonable]' started.
Test Case '-[Yoga_of_EatingTests.FastingConstantsTests test_significanceHoursThreshold_isReasonable]' passed (0.000 seconds).
Test Suite 'FastingConstantsTests' passed at 2026-05-15 06:31:56.132.
	 Executed 8 tests, with 0 failures (0 unexpected) in 0.004 (0.008) seconds
Test Suite 'FastingLogicServiceTests' started at 2026-05-15 06:31:56.132.
Test Case '-[Yoga_of_EatingTests.FastingLogicServiceTests test_calculateFastingPeriods_emptyMeals_returnsEmpty]' started.
Test Case '-[Yoga_of_EatingTests.FastingLogicServiceTests test_calculateFastingPeriods_emptyMeals_returnsEmpty]' passed (0.001 seconds).
Test Case '-[Yoga_of_EatingTests.FastingLogicServiceTests test_calculateFastingPeriods_multipleMeals_returnsCorrectPeriods]' started.
Test Case '-[Yoga_of_EatingTests.FastingLogicServiceTests test_calculateFastingPeriods_multipleMeals_returnsCorrectPeriods]' passed (0.000 seconds).
Test Case '-[Yoga_of_EatingTests.FastingLogicServiceTests test_calculateFastingPeriods_singleMeal_returnsEmpty]' started.
Test Case '-[Yoga_of_EatingTests.FastingLogicServiceTests test_calculateFastingPeriods_singleMeal_returnsEmpty]' passed (0.000 seconds).
Test Case '-[Yoga_of_EatingTests.FastingLogicServiceTests test_calculateFastingPeriods_twoMeals_returnsOnePeriod]' started.
Test Case '-[Yoga_of_EatingTests.FastingLogicServiceTests test_calculateFastingPeriods_twoMeals_returnsOnePeriod]' passed (0.000 seconds).
Test Case '-[Yoga_of_EatingTests.FastingLogicServiceTests test_calculateFastingPeriods_unsortedMeals_sortsCorrectly]' started.
Test Case '-[Yoga_of_EatingTests.FastingLogicServiceTests test_calculateFastingPeriods_unsortedMeals_sortsCorrectly]' passed (0.001 seconds).
Test Case '-[Yoga_of_EatingTests.FastingLogicServiceTests test_calculateSpacing_increasesWithDuration]' started.
Test Case '-[Yoga_of_EatingTests.FastingLogicServiceTests test_calculateSpacing_increasesWithDuration]' passed (0.000 seconds).
Test Case '-[Yoga_of_EatingTests.FastingLogicServiceTests test_calculateSpacing_minimumSpacing]' started.
Test Case '-[Yoga_of_EatingTests.FastingLogicServiceTests test_calculateSpacing_minimumSpacing]' passed (0.000 seconds).
Test Case '-[Yoga_of_EatingTests.FastingLogicServiceTests test_fastingPeriod_duration_calculatedCorrectly]' started.
Test Case '-[Yoga_of_EatingTests.FastingLogicServiceTests test_fastingPeriod_duration_calculatedCorrectly]' passed (0.000 seconds).
Test Case '-[Yoga_of_EatingTests.FastingLogicServiceTests test_fastingPeriod_formattedDuration_hoursOnly]' started.
Test Case '-[Yoga_of_EatingTests.FastingLogicServiceTests test_fastingPeriod_formattedDuration_hoursOnly]' passed (0.000 seconds).
Test Case '-[Yoga_of_EatingTests.FastingLogicServiceTests test_fastingPeriod_formattedDuration_ignoresSmallMinutes]' started.
Test Case '-[Yoga_of_EatingTests.FastingLogicServiceTests test_fastingPeriod_formattedDuration_ignoresSmallMinutes]' passed (0.000 seconds).
Test Case '-[Yoga_of_EatingTests.FastingLogicServiceTests test_fastingPeriod_formattedDuration_roundsDownMinutes]' started.
Test Case '-[Yoga_of_EatingTests.FastingLogicServiceTests test_fastingPeriod_formattedDuration_roundsDownMinutes]' passed (0.001 seconds).
Test Case '-[Yoga_of_EatingTests.FastingLogicServiceTests test_fastingPeriod_formattedDuration_subHour_showsMinutesOnly]' started.
Test Case '-[Yoga_of_EatingTests.FastingLogicServiceTests test_fastingPeriod_formattedDuration_subHour_showsMinutesOnly]' passed (0.000 seconds).
Test Case '-[Yoga_of_EatingTests.FastingLogicServiceTests test_fastingPeriod_formattedDuration_withMinutes]' started.
Test Case '-[Yoga_of_EatingTests.FastingLogicServiceTests test_fastingPeriod_formattedDuration_withMinutes]' passed (0.000 seconds).
Test Case '-[Yoga_of_EatingTests.FastingLogicServiceTests test_fastingPeriod_glowIntensity_increasesWithDuration]' started.
Test Case '-[Yoga_of_EatingTests.FastingLogicServiceTests test_fastingPeriod_glowIntensity_increasesWithDuration]' passed (0.000 seconds).
Test Case '-[Yoga_of_EatingTests.FastingLogicServiceTests test_fastingPeriod_glowIntensity_zeroUnder12Hours]' started.
Test Case '-[Yoga_of_EatingTests.FastingLogicServiceTests test_fastingPeriod_glowIntensity_zeroUnder12Hours]' passed (0.000 seconds).
Test Case '-[Yoga_of_EatingTests.FastingLogicServiceTests test_fastingPeriod_isSignificant_false_under12Hours]' started.
Test Case '-[Yoga_of_EatingTests.FastingLogicServiceTests test_fastingPeriod_isSignificant_false_under12Hours]' passed (0.000 seconds).
Test Case '-[Yoga_of_EatingTests.FastingLogicServiceTests test_fastingPeriod_isSignificant_true_for12Hours]' started.
Test Case '-[Yoga_of_EatingTests.FastingLogicServiceTests test_fastingPeriod_isSignificant_true_for12Hours]' passed (0.000 seconds).
Test Case '-[Yoga_of_EatingTests.FastingLogicServiceTests test_shouldShowBadge_false_belowFiveMinutes]' started.
Test Case '-[Yoga_of_EatingTests.FastingLogicServiceTests test_shouldShowBadge_false_belowFiveMinutes]' passed (0.000 seconds).
Test Case '-[Yoga_of_EatingTests.FastingLogicServiceTests test_shouldShowBadge_true_for1HourOrMore]' started.
Test Case '-[Yoga_of_EatingTests.FastingLogicServiceTests test_shouldShowBadge_true_for1HourOrMore]' passed (0.000 seconds).
Test Case '-[Yoga_of_EatingTests.FastingLogicServiceTests test_shouldShowBadge_true_underOneHour_showsShortGaps]' started.
Test Case '-[Yoga_of_EatingTests.FastingLogicServiceTests test_shouldShowBadge_true_underOneHour_showsShortGaps]' passed (0.000 seconds).
Test Suite 'FastingLogicServiceTests' passed at 2026-05-15 06:31:56.151.
	 Executed 20 tests, with 0 failures (0 unexpected) in 0.009 (0.019) seconds
Test Suite 'FirebaseRestoreIntegrationTests' started at 2026-05-15 06:31:56.152.
Test Case '-[Yoga_of_EatingTests.FirebaseRestoreIntegrationTests test_restoreFromFirebase_populatesHistoricalDataFromCloud]' started.
2026-05-15 06:31:56.153099+0530 Yoga of Eating[15816:124257] [HistoricalSync] Restore: fetched 2 snapshots for user
Test Case '-[Yoga_of_EatingTests.FirebaseRestoreIntegrationTests test_restoreFromFirebase_populatesHistoricalDataFromCloud]' passed (0.001 seconds).
Test Case '-[Yoga_of_EatingTests.FirebaseRestoreIntegrationTests test_restoreFromFirebase_preservesExistingLocalSnapshots]' started.
2026-05-15 06:31:56.153824+0530 Yoga of Eating[15816:124257] [HistoricalSync] Restore: fetched 1 snapshots for user
Test Case '-[Yoga_of_EatingTests.FirebaseRestoreIntegrationTests test_restoreFromFirebase_preservesExistingLocalSnapshots]' passed (0.001 seconds).
Test Case '-[Yoga_of_EatingTests.FirebaseRestoreIntegrationTests test_restoreFromFirebase_savesToDisk_afterSuccessfulRestore]' started.
2026-05-15 06:31:56.156017+0530 Yoga of Eating[15816:124257] [HistoricalSync] Restore: fetched 1 snapshots for user
Test Case '-[Yoga_of_EatingTests.FirebaseRestoreIntegrationTests test_restoreFromFirebase_savesToDisk_afterSuccessfulRestore]' passed (0.002 seconds).
Test Case '-[Yoga_of_EatingTests.FirebaseRestoreIntegrationTests test_restoreFromFirebase_whenCloudIsEmpty_doesNotSaveToDisk]' started.
2026-05-15 06:31:56.156730+0530 Yoga of Eating[15816:124257] [HistoricalSync] Restore: fetched 0 snapshots for user
Test Case '-[Yoga_of_EatingTests.FirebaseRestoreIntegrationTests test_restoreFromFirebase_whenCloudIsEmpty_doesNotSaveToDisk]' passed (0.001 seconds).
Test Case '-[Yoga_of_EatingTests.FirebaseRestoreIntegrationTests test_restoreFromFirebase_whenCloudIsEmpty_historicalDataRemainsEmpty]' started.
2026-05-15 06:31:56.157489+0530 Yoga of Eating[15816:124257] [HistoricalSync] Restore: fetched 0 snapshots for user
Test Case '-[Yoga_of_EatingTests.FirebaseRestoreIntegrationTests test_restoreFromFirebase_whenCloudIsEmpty_historicalDataRemainsEmpty]' passed (0.001 seconds).
Test Case '-[Yoga_of_EatingTests.FirebaseRestoreIntegrationTests test_restoreFromFirebase_whenNotAuthenticated_throwsSyncAuthRequired]' started.
2026-05-15 06:31:56.158283+0530 Yoga of Eating[15816:124257] [HistoricalSync] Restore attempted without authenticated user
Test Case '-[Yoga_of_EatingTests.FirebaseRestoreIntegrationTests test_restoreFromFirebase_whenNotAuthenticated_throwsSyncAuthRequired]' passed (0.001 seconds).
Test Case '-[Yoga_of_EatingTests.FirebaseRestoreIntegrationTests test_restoreFromFirebase_whenSomeDocumentsCorrupted_stillMergesValidSnapshots]' started.
2026-05-15 06:31:56.159009+0530 Yoga of Eating[15816:124257] [HistoricalSync] Restore: fetched 2 snapshots for user
Test Case '-[Yoga_of_EatingTests.FirebaseRestoreIntegrationTests test_restoreFromFirebase_whenSomeDocumentsCorrupted_stillMergesValidSnapshots]' passed (0.001 seconds).
Test Case '-[Yoga_of_EatingTests.FirebaseRestoreIntegrationTests test_restoreFromFirebase_whenSomeDocumentsCorrupted_throwsRestorePartialData]' started.
2026-05-15 06:31:56.159730+0530 Yoga of Eating[15816:124257] [HistoricalSync] Restore: fetched 2 snapshots for user
Test Case '-[Yoga_of_EatingTests.FirebaseRestoreIntegrationTests test_restoreFromFirebase_whenSomeDocumentsCorrupted_throwsRestorePartialData]' passed (0.001 seconds).
Test Suite 'FirebaseRestoreIntegrationTests' passed at 2026-05-15 06:31:56.160.
	 Executed 8 tests, with 0 failures (0 unexpected) in 0.006 (0.008) seconds
Test Suite 'FoodDebtTests' started at 2026-05-15 06:31:56.160.
Test Case '-[Yoga_of_EatingTests.FoodDebtTests test_foodDebtState_noHistoricalData_returnsNeutral]' started.
Test Case '-[Yoga_of_EatingTests.FoodDebtTests test_foodDebtState_noHistoricalData_returnsNeutral]' passed (0.000 seconds).
Test Case '-[Yoga_of_EatingTests.FoodDebtTests test_foodDebtState_oneBadDay_returnsNeutral]' started.
Test Case '-[Yoga_of_EatingTests.FoodDebtTests test_foodDebtState_oneBadDay_returnsNeutral]' passed (0.000 seconds).
Test Case '-[Yoga_of_EatingTests.FoodDebtTests test_foodDebtState_twoBadDays_returnsConcerned]' started.
Test Case '-[Yoga_of_EatingTests.FoodDebtTests test_foodDebtState_twoBadDays_returnsConcerned]' passed (0.000 seconds).
Test Case '-[Yoga_of_EatingTests.FoodDebtTests test_foodDebtState_twoBadDaysAtThreshold_returnsNeutral]' started.
Test Case '-[Yoga_of_EatingTests.FoodDebtTests test_foodDebtState_twoBadDaysAtThreshold_returnsNeutral]' passed (0.000 seconds).
Test Case '-[Yoga_of_EatingTests.FoodDebtTests test_foodDebtState_twoBadDaysOneWithNoMeals_returnsNeutral]' started.
Test Case '-[Yoga_of_EatingTests.FoodDebtTests test_foodDebtState_twoBadDaysOneWithNoMeals_returnsNeutral]' passed (0.000 seconds).
Test Case '-[Yoga_of_EatingTests.FoodDebtTests test_patternAnalyzer_foodDebt_cardGeneratedForTwoBadDays]' started.
Test Case '-[Yoga_of_EatingTests.FoodDebtTests test_patternAnalyzer_foodDebt_cardGeneratedForTwoBadDays]' passed (0.000 seconds).
Test Case '-[Yoga_of_EatingTests.FoodDebtTests test_patternAnalyzer_foodDebt_cardNotGeneratedForNonConsecutiveDays]' started.
Test Case '-[Yoga_of_EatingTests.FoodDebtTests test_patternAnalyzer_foodDebt_cardNotGeneratedForNonConsecutiveDays]' passed (0.000 seconds).
Test Case '-[Yoga_of_EatingTests.FoodDebtTests test_patternAnalyzer_foodDebt_cardNotGeneratedForOneBadDay]' started.
Test Case '-[Yoga_of_EatingTests.FoodDebtTests test_patternAnalyzer_foodDebt_cardNotGeneratedForOneBadDay]' passed (0.000 seconds).
Test Case '-[Yoga_of_EatingTests.FoodDebtTests test_patternAnalyzer_foodDebt_cardNotGeneratedWithNoMeals]' started.
Test Case '-[Yoga_of_EatingTests.FoodDebtTests test_patternAnalyzer_foodDebt_cardNotGeneratedWithNoMeals]' passed (0.000 seconds).
Test Case '-[Yoga_of_EatingTests.FoodDebtTests test_patternAnalyzer_foodDebt_confidenceScalesWithSeverity]' started.
Test Case '-[Yoga_of_EatingTests.FoodDebtTests test_patternAnalyzer_foodDebt_confidenceScalesWithSeverity]' passed (0.000 seconds).
Test Case '-[Yoga_of_EatingTests.FoodDebtTests test_patternAnalyzer_generateCorrelationCards_includesFoodDebtWhenTriggered]' started.
Test Case '-[Yoga_of_EatingTests.FoodDebtTests test_patternAnalyzer_generateCorrelationCards_includesFoodDebtWhenTriggered]' passed (0.001 seconds).
Test Case '-[Yoga_of_EatingTests.FoodDebtTests test_resetDay_oneBadDay_smileyNeutral]' started.
2026-05-15 06:31:56.168840+0530 Yoga of Eating[15816:124606] [[FirebaseCore]] 12.7.0 - [FirebaseCore][I-COR000003] The default Firebase app has not yet been configured. Add `FirebaseApp.configure()` to your application initialization. This can be done in in the App Delegate's application(_:didFinishLaunchingWithOptions:)` (or the `@main` struct's initializer in SwiftUI). Read more: https://firebase.google.com/docs/ios/setup#initializTest Case '-[Yoga_of_EatingTests.FoodDebtTests test_resetDay_oneBadDay_smileyNeutral]' passed (0.000 seconds).
e_firebase_in_your_app
Test Case '-[Yoga_of_EatingTests.FoodDebtTests test_resetDay_twoBadDays_smileyConcerned]' started.
2026-05-15 06:31:56.171130+0530 Yoga of Eating[15816:124606] [[FirebaseCore]] 12.7.0 - [FirebaseCore][I-COR000003] The default Firebase app has not yet been configured. Add `FirebaseApp.configure()` to your application initialization. This can be done in in the App Delegate's application(_:didFinishLaunchingWithOptions:)` (or the `@main` struct's initializer in SwiftUI). Read more: https://firebase.google.com/docs/ios/setup#initialize_firebase_in_your_app
Test Case '-[Yoga_of_EatingTests.FoodDebtTests test_resetDay_twoBadDays_smileyConcerned]' passed (0.000 seconds).
2026-05-15 06:31:56.171410+0530 Yoga of Eating[15816:124606] [[FirebaseCore]] 12.7.0 - [FirebaseCore][I-COR000003] The default Firebase app has not yet been configured. Add `FirebaseApp.configure()` to your application initialization. This can be done in in the App Delegate's application(_:didFinishLaunchingWithOptions:)` (or the `@main` struct's initializer in SwiftUI). Read more: https://firebase.google.com/docs/ios/setup#iniTest Case '-[Yoga_of_EatingTests.FoodDebtTests test_smileyMood_concerned_codableRoundTrip]' started.
tialize_firebase_in_your_app
Test Case '-[Yoga_of_EatingTests.FoodDebtTests test_smileyMood_concerned_codableRoundTrip]' passed (0.003 seconds).
2026-05-15 06:31:56.174073+0530 Yoga of Eating[15816:124606] [[FirebaseCore]] 12.7.0 - [FirebaseCore][I-COR000003] The default Firebase app has not yet been configured. Add `FirebaseApp.configure()` to your application initialization. This can be done in in the App Delegate's application(_:didFinishLaunchingWithOptions:)` (or the `@main` struct's initializer in SwiftUI). Read more: https://firebase.google.com/docs/ios/setup#initialize_firebase_in_your_app
Test Case '-[Yoga_of_EatingTests.FoodDebtTests test_smileyState_concerned_staticProperty_hasConcernedMood]' started.
Test Case '-[Yoga_of_EatingTests.FoodDebtTests test_smileyState_concerned_staticProperty_hasConcernedMood]' passed (0.000 seconds).
Test Suite 'FoodDebtTests' passed at 2026-05-15 06:31:56.175.
	 Executed 15 tests, with 0 failures (0 unexpected) in 0.009 (0.015) seconds
Test Suite 'HealthProfileServiceTests' started at 2026-05-15 06:31:56.175.
Test Case '-[Yoga_of_EatingTests.HealthProfileServiceTests test_calculateBMI_imperialUnits_returnsCorrectValue]' started.
Test Case '-[Yoga_of_EatingTests.HealthProfileServiceTests test_calculateBMI_imperialUnits_returnsCorrectValue]' passed (0.001 seconds).
Test Case '-[Yoga_of_EatingTests.HealthProfileServiceTests test_calculateBMI_metricUnits_returnsCorrectValue]' started.
Test Case '-[Yoga_of_EatingTests.HealthProfileServiceTests test_calculateBMI_metricUnits_returnsCorrectValue]' passed (0.000 seconds).
Test Case '-[Yoga_of_EatingTests.HealthProfileServiceTests test_calculateBMI_negativeValues_returnsZero]' started.
Test Case '-[Yoga_of_EatingTests.HealthProfileServiceTests test_calculateBMI_negativeValues_returnsZero]' passed (0.000 seconds).
Test Case '-[Yoga_of_EatingTests.HealthProfileServiceTests test_calculateBMI_zeroHeight_returnsZero]' started.
Test Case '-[Yoga_of_EatingTests.HealthProfileServiceTests test_calculateBMI_zeroHeight_returnsZero]' passed (0.000 seconds).
Test Case '-[Yoga_of_EatingTests.HealthProfileServiceTests test_calculateBMI_zeroWeight_returnsZero]' started.
Test Case '-[Yoga_of_EatingTests.HealthProfileServiceTests test_calculateBMI_zeroWeight_returnsZero]' passed (0.000 seconds).
Test Case '-[Yoga_of_EatingTests.HealthProfileServiceTests test_calculateBMR_femaleMetric_returnsCorrectValue]' started.
Test Case '-[Yoga_of_EatingTests.HealthProfileServiceTests test_calculateBMR_femaleMetric_returnsCorrectValue]' passed (0.000 seconds).
Test Case '-[Yoga_of_EatingTests.HealthProfileServiceTests test_calculateBMR_imperialUnits_convertsCorrectly]' started.
Test Case '-[Yoga_of_EatingTests.HealthProfileServiceTests test_calculateBMR_imperialUnits_convertsCorrectly]' passed (0.000 seconds).
Test Case '-[Yoga_of_EatingTests.HealthProfileServiceTests test_calculateBMR_maleMetric_returnsCorrectValue]' started.
Test Case '-[Yoga_of_EatingTests.HealthProfileServiceTests test_calculateBMR_maleMetric_returnsCorrectValue]' passed (0.000 seconds).
Test Case '-[Yoga_of_EatingTests.HealthProfileServiceTests test_calculateBMR_unspecifiedGender_usesDefaultFormula]' started.
Test Case '-[Yoga_of_EatingTests.HealthProfileServiceTests test_calculateBMR_unspecifiedGender_usesDefaultFormula]' passed (0.000 seconds).
Test Case '-[Yoga_of_EatingTests.HealthProfileServiceTests test_calculateTDEE_defaultActivity_usesSedentary]' started.
Test Case '-[Yoga_of_EatingTests.HealthProfileServiceTests test_calculateTDEE_defaultActivity_usesSedentary]' passed (0.000 seconds).
Test Case '-[Yoga_of_EatingTests.HealthProfileServiceTests test_calculateTDEE_sedentaryActivity_returnsCorrectValue]' started.
Test Case '-[Yoga_of_EatingTests.HealthProfileServiceTests test_calculateTDEE_sedentaryActivity_returnsCorrectValue]' passed (0.000 seconds).
Test Case '-[Yoga_of_EatingTests.HealthProfileServiceTests test_getBMICategory_borderlineNormalOverweight_returnsCorrectCategory]' started.
Test Case '-[Yoga_of_EatingTests.HealthProfileServiceTests test_getBMICategory_borderlineNormalOverweight_returnsCorrectCategory]' passed (0.003 seconds).
Test Case '-[Yoga_of_EatingTests.HealthProfileServiceTests test_getBMICategory_normal_returnsCorrectCategory]' started.
Test Case '-[Yoga_of_EatingTests.HealthProfileServiceTests test_getBMICategory_normal_returnsCorrectCategory]' passed (0.000 seconds).
Test Case '-[Yoga_of_EatingTests.HealthProfileServiceTests test_getBMICategory_obese_returnsCorrectCategory]' started.
Test Case '-[Yoga_of_EatingTests.HealthProfileServiceTests test_getBMICategory_obese_returnsCorrectCategory]' passed (0.000 seconds).
Test Case '-[Yoga_of_EatingTests.HealthProfileServiceTests test_getBMICategory_overweight_returnsCorrectCategory]' started.
Test Case '-[Yoga_of_EatingTests.HealthProfileServiceTests test_getBMICategory_overweight_returnsCorrectCategory]' passed (0.000 seconds).
Test Case '-[Yoga_of_EatingTests.HealthProfileServiceTests test_getBMICategory_underweight_returnsCorrectCategory]' started.
Test Case '-[Yoga_of_EatingTests.HealthProfileServiceTests test_getBMICategory_underweight_returnsCorrectCategory]' passed (0.000 seconds).
Test Case '-[Yoga_of_EatingTests.HealthProfileServiceTests test_getHealthRiskLevel_healthyProfile_returnsLow]' started.
Test Case '-[Yoga_of_EatingTests.HealthProfileServiceTests test_getHealthRiskLevel_healthyProfile_returnsLow]' passed (0.000 seconds).
Test Case '-[Yoga_of_EatingTests.HealthProfileServiceTests test_getHealthRiskLevel_normalVeryOld_returnsMedium]' started.
Test Case '-[Yoga_of_EatingTests.HealthProfileServiceTests test_getHealthRiskLevel_normalVeryOld_returnsMedium]' passed (0.000 seconds).
Test Case '-[Yoga_of_EatingTests.HealthProfileServiceTests test_getHealthRiskLevel_obese_returnsHigh]' started.
Test Case '-[Yoga_of_EatingTests.HealthProfileServiceTests test_getHealthRiskLevel_obese_returnsHigh]' passed (0.000 seconds).
Test Case '-[Yoga_of_EatingTests.HealthProfileServiceTests test_getHealthRiskLevel_overweightOlder_returnsHigh]' started.
Test Case '-[Yoga_of_EatingTests.HealthProfileServiceTests test_getHealthRiskLevel_overweightOlder_returnsHigh]' passed (0.000 seconds).
Test Case '-[Yoga_of_EatingTests.HealthProfileServiceTests test_getHealthRiskLevel_overweightYoung_returnsMedium]' started.
Test Case '-[Yoga_of_EatingTests.HealthProfileServiceTests test_getHealthRiskLevel_overweightYoung_returnsMedium]' passed (0.000 seconds).
Test Case '-[Yoga_of_EatingTests.HealthProfileServiceTests test_getSensitivityMultiplier_extremelyObeseVeryOld_clampedToMax]' started.
Test Case '-[Yoga_of_EatingTests.HealthProfileServiceTests test_getSensitivityMultiplier_extremelyObeseVeryOld_clampedToMax]' passed (0.000 seconds).
Test Case '-[Yoga_of_EatingTests.HealthProfileServiceTests test_getSensitivityMultiplier_healthyYoung_returnsBaseValue]' started.
Test Case '-[Yoga_of_EatingTests.HealthProfileServiceTests test_getSensitivityMultiplier_healthyYoung_returnsBaseValue]' passed (0.000 seconds).
Test Case '-[Yoga_of_EatingTests.HealthProfileServiceTests test_getSensitivityMultiplier_obeseOlder_returnsHighSensitivity]' started.
Test Case '-[Yoga_of_EatingTests.HealthProfileServiceTests test_getSensitivityMultiplier_obeseOlder_returnsHighSensitivity]' passed (0.000 seconds).
Test Case '-[Yoga_of_EatingTests.HealthProfileServiceTests test_getSensitivityMultiplier_overweightMiddleAge_returnsIncreasedValue]' started.
Test Case '-[Yoga_of_EatingTests.HealthProfileServiceTests test_getSensitivityMultiplier_overweightMiddleAge_returnsIncreasedValue]' passed (0.000 seconds).
Test Case '-[Yoga_of_EatingTests.HealthProfileServiceTests test_getSensitivityMultiplier_underweight_clampedToMin]' started.
Test Case '-[Yoga_of_EatingTests.HealthProfileServiceTests test_getSensitivityMultiplier_underweight_clampedToMin]' passed (0.000 seconds).
Test Case '-[Yoga_of_EatingTests.HealthProfileServiceTests test_getUserHealthProfile_imperialUnits_convertsCorrectly]' started.
Test Case '-[Yoga_of_EatingTests.HealthProfileServiceTests test_getUserHealthProfile_imperialUnits_convertsCorrectly]' passed (0.013 seconds).
Test Case '-[Yoga_of_EatingTests.HealthProfileServiceTests test_getUserHealthProfile_invalidStringValues_returnsNil]' started.
Test Case '-[Yoga_of_EatingTests.HealthProfileServiceTests test_getUserHealthProfile_invalidStringValues_returnsNil]' passed (0.002 seconds).
Test Case '-[Yoga_of_EatingTests.HealthProfileServiceTests test_getUserHealthProfile_missingAge_returnsNil]' started.
Test Case '-[Yoga_of_EatingTests.HealthProfileServiceTests test_getUserHealthProfile_missingAge_returnsNil]' passed (0.001 seconds).
Test Case '-[Yoga_of_EatingTests.HealthProfileServiceTests test_getUserHealthProfile_missingHeight_returnsNil]' started.
Test Case '-[Yoga_of_EatingTests.HealthProfileServiceTests test_getUserHealthProfile_missingHeight_returnsNil]' passed (0.002 seconds).
Test Case '-[Yoga_of_EatingTests.HealthProfileServiceTests test_getUserHealthProfile_missingWeight_returnsNil]' started.
Test Case '-[Yoga_of_EatingTests.HealthProfileServiceTests test_getUserHealthProfile_missingWeight_returnsNil]' passed (0.002 seconds).
Test Case '-[Yoga_of_EatingTests.HealthProfileServiceTests test_getUserHealthProfile_validData_returnsProfile]' started.
Test Case '-[Yoga_of_EatingTests.HealthProfileServiceTests test_getUserHealthProfile_validData_returnsProfile]' passed (0.002 seconds).
Test Case '-[Yoga_of_EatingTests.HealthProfileServiceTests test_getUserHealthProfile_zeroValues_returnsNil]' started.
Test Case '-[Yoga_of_EatingTests.HealthProfileServiceTests test_getUserHealthProfile_zeroValues_returnsNil]' passed (0.002 seconds).
Test Suite 'HealthProfileServiceTests' passed at 2026-05-15 06:31:56.220.
	 Executed 33 tests, with 0 failures (0 unexpected) in 0.037 (0.045) seconds
Test Suite 'HeatmapLayoutConfigurationTests' started at 2026-05-15 06:31:56.221.
Test Case '-[Yoga_of_EatingTests.HeatmapLayoutConfigurationTests test_cellSize_foriPad]' started.
Test Case '-[Yoga_of_EatingTests.HeatmapLayoutConfigurationTests test_cellSize_foriPad]' passed (0.000 seconds).
Test Case '-[Yoga_of_EatingTests.HeatmapLayoutConfigurationTests test_cellSize_foriPhone15ProMax]' started.
Test Case '-[Yoga_of_EatingTests.HeatmapLayoutConfigurationTests test_cellSize_foriPhone15ProMax]' passed (0.000 seconds).
Test Case '-[Yoga_of_EatingTests.HeatmapLayoutConfigurationTests test_cellSize_foriPhoneSE]' started.
Test Case '-[Yoga_of_EatingTests.HeatmapLayoutConfigurationTests test_cellSize_foriPhoneSE]' passed (0.000 seconds).
Test Case '-[Yoga_of_EatingTests.HeatmapLayoutConfigurationTests test_cellSize_inLandscape_calculatesFittingWeeksHorizontally]' started.
Test Case '-[Yoga_of_EatingTests.HeatmapLayoutConfigurationTests test_cellSize_inLandscape_calculatesFittingWeeksHorizontally]' passed (0.000 seconds).
Test Case '-[Yoga_of_EatingTests.HeatmapLayoutConfigurationTests test_cellSize_inPortrait_calculatesFittingSevenColumns]' started.
Test Case '-[Yoga_of_EatingTests.HeatmapLayoutConfigurationTests test_cellSize_inPortrait_calculatesFittingSevenColumns]' passed (0.000 seconds).
Test Case '-[Yoga_of_EatingTests.HeatmapLayoutConfigurationTests test_cellSize_neverGoesBelowMinimum]' started.
Test Case '-[Yoga_of_EatingTests.HeatmapLayoutConfigurationTests test_cellSize_neverGoesBelowMinimum]' passed (0.002 seconds).
Test Case '-[Yoga_of_EatingTests.HeatmapLayoutConfigurationTests test_cornerRadius_isProportionalToCellSize]' started.
Test Case '-[Yoga_of_EatingTests.HeatmapLayoutConfigurationTests test_cornerRadius_isProportionalToCellSize]' passed (0.000 seconds).
Test Case '-[Yoga_of_EatingTests.HeatmapLayoutConfigurationTests test_gridDirection_isHorizontalInLandscape]' started.
Test Case '-[Yoga_of_EatingTests.HeatmapLayoutConfigurationTests test_gridDirection_isHorizontalInLandscape]' passed (0.000 seconds).
Test Case '-[Yoga_of_EatingTests.HeatmapLayoutConfigurationTests test_gridDirection_isVerticalInPortrait]' started.
Test Case '-[Yoga_of_EatingTests.HeatmapLayoutConfigurationTests test_gridDirection_isVerticalInPortrait]' passed (0.000 seconds).
Test Case '-[Yoga_of_EatingTests.HeatmapLayoutConfigurationTests test_minimumCellSize_is32Points]' started.
Test Case '-[Yoga_of_EatingTests.HeatmapLayoutConfigurationTests test_minimumCellSize_is32Points]' passed (0.000 seconds).
Test Case '-[Yoga_of_EatingTests.HeatmapLayoutConfigurationTests test_spacing_isProportionalToCellSize]' started.
Test Case '-[Yoga_of_EatingTests.HeatmapLayoutConfigurationTests test_spacing_isProportionalToCellSize]' passed (0.000 seconds).
Test Case '-[Yoga_of_EatingTests.HeatmapLayoutConfigurationTests test_totalGridHeight_inPortrait]' started.
Test Case '-[Yoga_of_EatingTests.HeatmapLayoutConfigurationTests test_totalGridHeight_inPortrait]' passed (0.001 seconds).
Test Case '-[Yoga_of_EatingTests.HeatmapLayoutConfigurationTests test_totalGridWidth_inPortrait]' started.
Test Case '-[Yoga_of_EatingTests.HeatmapLayoutConfigurationTests test_totalGridWidth_inPortrait]' passed (0.000 seconds).
Test Suite 'HeatmapLayoutConfigurationTests' passed at 2026-05-15 06:31:56.240.
	 Executed 13 tests, with 0 failures (0 unexpected) in 0.006 (0.019) seconds
Test Suite 'HighlightDataModelTests' started at 2026-05-15 06:31:56.240.
Test Case '-[Yoga_of_EatingTests.HighlightDataModelTests test_defaultInit_hasNoContent]' started.
Test Case '-[Yoga_of_EatingTests.HighlightDataModelTests test_defaultInit_hasNoContent]' passed (0.005 seconds).
Test Case '-[Yoga_of_EatingTests.HighlightDataModelTests test_encodeDecode_nilFieldsRoundTrip]' started.
Test Case '-[Yoga_of_EatingTests.HighlightDataModelTests test_encodeDecode_nilFieldsRoundTrip]' passed (0.000 seconds).
Test Case '-[Yoga_of_EatingTests.HighlightDataModelTests test_encodeDecode_roundTrip]' started.
Test Case '-[Yoga_of_EatingTests.HighlightDataModelTests test_encodeDecode_roundTrip]' passed (0.000 seconds).
Test Case '-[Yoga_of_EatingTests.HighlightDataModelTests test_equatable]' started.
Test Case '-[Yoga_of_EatingTests.HighlightDataModelTests test_equatable]' passed (0.000 seconds).
Test Case '-[Yoga_of_EatingTests.HighlightDataModelTests test_hasContent_falseForWhitespaceOnlyNotes]' started.
Test Case '-[Yoga_of_EatingTests.HighlightDataModelTests test_hasContent_falseForWhitespaceOnlyNotes]' passed (0.000 seconds).
Test Case '-[Yoga_of_EatingTests.HighlightDataModelTests test_hasContent_trueWhenMorningThoughtsSet]' started.
Test Case '-[Yoga_of_EatingTests.HighlightDataModelTests test_hasContent_trueWhenMorningThoughtsSet]' passed (0.000 seconds).
Test Case '-[Yoga_of_EatingTests.HighlightDataModelTests test_hasContent_trueWhenSleepNotesSet]' started.
Test Case '-[Yoga_of_EatingTests.HighlightDataModelTests test_hasContent_trueWhenSleepNotesSet]' passed (0.004 seconds).
Test Case '-[Yoga_of_EatingTests.HighlightDataModelTests test_hasContent_trueWhenSleepQualitySet]' started.
Test Case '-[Yoga_of_EatingTests.HighlightDataModelTests test_hasContent_trueWhenSleepQualitySet]' passed (0.000 seconds).
Test Case '-[Yoga_of_EatingTests.HighlightDataModelTests test_hasContent_trueWhenTodosExist]' started.
Test Case '-[Yoga_of_EatingTests.HighlightDataModelTests test_hasContent_trueWhenTodosExist]' passed (0.000 seconds).
Test Suite 'HighlightDataModelTests' passed at 2026-05-15 06:31:56.253.
	 Executed 9 tests, with 0 failures (0 unexpected) in 0.012 (0.014) seconds
Test Suite 'HighlightReflectTextEntryIntegrationTests' started at 2026-05-15 06:31:56.254.
Test Case '-[Yoga_of_EatingTests.HighlightReflectTextEntryIntegrationTests test_contractDate_stableUnderRapidSameDayMutations]' started.
2026-05-15 06:31:56.253996+0530 Yoga of Eating[15816:124628] [[FirebaseCore]] 12.7.0 - [FirebaseCore][I-COR000003] The default Firebase app has not yet been configured. Add `FirebaseApp.configure()` to your application initialization. This can be done in in the App Delegate's application(_:didFinishLaunchingWithOptions:)` (or the `@main` struct's initializer in SwiftUI). Read more: https://firebase.google.com/docs/ios/setup#initialize_firebase_in_youTest Case '-[Yoga_of_EatingTests.HighlightReflectTextEntryIntegrationTests test_contractDate_stableUnderRapidSameDayMutations]' passed (0.001 seconds).
r_app
Test Case '-[Yoga_of_EatingTests.HighlightReflectTextEntryIntegrationTests test_feelingUpdate_doesNotAlterJournalTextInContract]' started.
2026-05-15 06:31:56.257812+0530 Yoga of Eating[15816:124628] [[FirebaseCore]] 12.7.0 - [FirebaseCore][I-COR000003] The default Firebase app has not yet been configured. Add `FirebaseApp.configure()` to your application initialization. This can be done in in the App Delegate's application(_:didFinishLaunchingWithOptions:)` (or the `@main` struct's initializer in SwiftUI). Read more: https://firebase.google.com/docs/ios/setup#initialize_firebase_in_your_app
Test Case '-[Yoga_of_EatingTests.HighlightReflectTextEntryIntegrationTests test_feelingUpdate_doesNotAlterJournalTextInContract]' passed (0.001 seconds).
Test Case '-[Yoga_of_EatingTests.HighlightReflectTextEntryIntegrationTests test_highlightSleepNotes_independentPerDay]' started.
Test Case '-[Yoga_of_EatingTests.HighlightReflectTextEntryIntegrationTests test_highlightSleepNotes_independentPerDay]' passed (0.000 seconds).
2026-05-15 06:31:56.258595+0530 Yoga of Eating[15816:124626] [[FirebaseCore]] 12Test Case '-[Yoga_of_EatingTests.HighlightReflectTextEntryIntegrationTests test_journalText_emptyString_savesNil]' started.
.7.0 - [FirebaseCore][I-COR000003] The default Firebase app has not yet been configured. Add `FirebaseApp.configure()` to your application initialization. This can be done in in the App Delegate's application(_:didFinishLaunchingWithOptions:)` (or the `@main` struct's initializer in SwiftUI). Read more: https://firebase.google.com/docs/ios/setup#initialize_firebase_in_your_app
2026-05-15 06:31:56.261075+0530 Yoga of Eating[15816:124626] [[FirebaseCore]] 12.7.0 - [FirebaseCore][I-COR000003] The default Firebase app has not yet been configured. Add `FirebaseApp.configure()` to your application initialization. This can be done in in the App Delegate's application(_:didFinishLaunchingWithOptions:)` (or the `@main` struct's initializer in SwiftUI). Read more: https://firebase.google.com/docs/ios/setup#initialize_firebase_in_your_app
Test Case '-[Yoga_of_EatingTests.HighlightReflectTextEntryIntegrationTests test_journalText_emptyString_savesNil]' passed (0.002 seconds).
Test Case '-[Yoga_of_EatingTests.HighlightReflectTextEntryIntegrationTests test_journalText_savedAndRestoredCorrectly]' started.
2026-05-15 06:31:56.261769+0530 Yoga of Eating[15816:124632] [[FirebaseCore]] 12.7.0 - [FirebaseCore][I-COR000003] The default Firebase app has not yet been configured. Add `FirebaseApp.configure()` to your application initialization. This can be done in in the App Delegate's application(_:didFinishLaunchingWithOptions:)` (or the `@main` struct's initializer in SwiftUI). Read more: https://firebase.google.com/docs/ios/setup#initialize_firebase_in_your_app
Test Case '-[Yoga_of_EatingTests.HighlightReflectTextEntryIntegrationTests test_journalText_savedAndRestoredCorrectly]' passed (0.001 seconds).
Test Case '-[Yoga_of_EatingTests.HighlightReflectTextEntryIntegrationTests test_journalText_savedToday_notVisibleYesterday]' started.
2026-05-15 06:31:56.263021+0530 Yoga of Eating[15816:124606] [[FirebaseCore]] 12.7.0 - [FirebaseCore][I-COR000003] The default Firebase app has not yet been configured. Add `FirebaseApp.configure()` to your application initialization. This can be done in in the App Delegate's application(_:didFinishLaunchingWithOptions:)` (or the `@main` struct's initializer in SwiftUI). Read more: https://firebase.google.com/docs/ios/setup#initialize_firebase_in_your_app
Test Case '-[Yoga_of_EatingTests.HighlightReflectTextEntryIntegrationTests test_journalText_savedToday_notVisibleYesterday]' passed (0.001 seconds).
Test Case '-[Yoga_of_EatingTests.HighlightReflectTextEntryIntegrationTests test_journalText_savedToday_restoredAfterNavigationAndReturn]' started.
2026-05-15 06:31:56.263624+0530 Yoga of Eating[15816:124626] [[FirebaseCore]] 12.7.0 - [FirebaseCore][I-COR000003] The default Firebase app has not yet been configured. Add `FirebaseApp.configure()` to your application initialization. This can be done in in the App Delegate's application(_:didFinishLaunchingWithOptions:)` (or the `@main` struct's initializer in SwiftUI). Read more: https://firebase.google.com/docs/ios/setup#initialize_firebase_in_your_app
Test Case '-[Yoga_of_EatingTests.HighlightReflectTextEntryIntegrationTests test_journalText_savedToday_restoredAfterNavigationAndReturn]' passed (0.000 seconds).
Test Case '-[Yoga_of_EatingTests.HighlightReflectTextEntryIntegrationTests test_journalText_tooLong_notSaved]' started.
2026-05-15 06:31:56.264344+0530 Yoga of Eating[15816:124606] [[FirebaseCore]] 12.7.0 - [FirebaseCore][I-COR000003] The default Firebase app has not yet been configured. Add `FirebaseApp.configure()` to your application initialization. This can be done in in the App Delegate's application(_:didFinishLaunchingWithOptions:)` (or the `@main` struct's initializer in SwiftUI). Read more: https://firebase.google.com/docs/ios/setup#initialize_firebase_in_your_app
Test Case '-[Yoga_of_EatingTests.HighlightReflectTextEntryIntegrationTests test_journalText_tooLong_notSaved]' passed (0.003 seconds).
Test Case '-[Yoga_of_EatingTests.HighlightReflectTextEntryIntegrationTests test_morningThoughts_savedAndRestoredCorrectly]' started.
Test Case '-[Yoga_of_EatingTests.HighlightReflectTextEntryIntegrationTests test_morningThoughts_savedAndRestoredCorrectly]' passed (0.001 seconds).
2026-05-15 06:31:56.267839+0530 Yoga of Eating[15816:124626] [[FirebaseCore]] 12.7.0 - [FirebaseCore][I-COR000003] The default Firebase app has not yet been configured. Add `FirebaseApp.configure()` to your application initialization. This can be done in in the App Delegate's application(_:didFinishLaunchingWithOptions:)` (or the `@main` struct's initializer in SwiftUI). Read more: https://firebase.google.com/docs/ios/setup#initialize_firebase_in_your_app
Test Case '-[Yoga_of_EatingTests.HighlightReflectTextEntryIntegrationTests test_morningThoughts_savedToday_notVisibleYesterday]' started.
2026-05-15 06:31:56.268444+0530 Yoga of Eating[15816:124626] [[FirebaseCore]] 12.7.0 - [FirebaseCore][I-COR000003] The default Firebase app has not yet been configured. Add `FirebaseApp.configure()` to your application initialization. This Test Case '-[Yoga_of_EatingTests.HighlightReflectTextEntryIntegrationTests test_morningThoughts_savedToday_notVisibleYesterday]' passed (0.000 seconds).
can be done in in the App Delegate's application(_:didFinishLaunchingWithOptions:)` (or the `@main` struct's initializer in SwiftUI). Read more: https://firebase.google.com/docs/ios/setup#initialize_firebase_in_your_app
Test Case '-[Yoga_of_EatingTests.HighlightReflectTextEntryIntegrationTests test_morningThoughts_savedToday_restoredAfterNavigationAndReturn]' started.
2026-05-15 06:31:56.269604+0530 Yoga of Eating[15816:124629] [[FirebaseCore]] 12.7.0 - [FirebaseCore][I-COR000003] The default Firebase app has not yet been configured. Add `FirebaseApp.configure()` to your application initialization. This can be done in in the App Delegate's application(_:didFinishLaunchingWithOptions:)` (or the `@main` struct's initializer in SwiftUI). Read more: https://firebase.google.com/docs/ios/setup#initialize_firebase_in_your_app
Test Case '-[Yoga_of_EatingTests.HighlightReflectTextEntryIntegrationTests test_morningThoughts_savedToday_restoredAfterNavigationAndReturn]' passed (0.001 seconds).
Test Case '-[Yoga_of_EatingTests.HighlightReflectTextEntryIntegrationTests test_morningThoughts_tooLong_notSaved]' started.
2026-05-15 06:31:56.270349+0530 Yoga of Eating[15816:124626] [[FirebaseCore]] 12.7.0 - [FirebaseCore][I-COR000003] The default Firebase app has not yet been configured. Add `FirebaseApp.configure()` to your application initialization. This can be done in in the App Delegate's application(_:didFinishLaunchingWithOptions:)` (or the `@main` struct's initializer in SwiftUI). Read more: https://firebase.google.com/docs/ios/setup#initialize_firebase_in_your_app
Test Case '-[Yoga_of_EatingTests.HighlightReflectTextEntryIntegrationTests test_morningThoughts_tooLong_notSaved]' passed (0.002 seconds).
Test Case '-[Yoga_of_EatingTests.HighlightReflectTextEntryIntegrationTests test_reflectContractDate_stableUnderRapidSameDayMutations]' started.
2026-05-15 06:31:56.272984+0530 Yoga of Eating[15816:124626] [[FirebaseCore]] 12.7.0 - [FirebaseCore][I-COR000003] The default Firebase app has not yet been configured. Add `FirebaseApp.configure()` to your application initialization. This can be done in in the App Delegate's application(_:didFinishLaunchingWithOptions:)` (or the `@main` struct's initializer in SwiftUI). Read more: https://firebase.google.com/docs/ios/setup#initialize_firebase_in_your_app
Test Case '-[Yoga_of_EatingTests.HighlightReflectTextEntryIntegrationTests test_reflectContractDate_stableUnderRapidSameDayMutations]' passed (0.001 seconds).
Test Case '-[Yoga_of_EatingTests.HighlightReflectTextEntryIntegrationTests test_reflectJournal_independentPerDay]' started.
2026-05-15 06:31:56.273716+0530 Yoga of Eating[15816:124626] [[FirebaseCore]] 12.7.0 - [FirebaseCore][I-COR000003] The default Firebase app has not yet been configured. Add `FirebaseApp.configure()` to your application initialization. This can be done in in the App Delegate's application(_:didFinishLaunchingWithOptions:)` (or the `@main` struct's initializer in SwiftUI). Read more: https://firebase.google.com/docs/ios/setup#initialize_firebase_in_your_app
Test Case '-[Yoga_of_EatingTests.HighlightReflectTextEntryIntegrationTests test_reflectJournal_independentPerDay]' passed (0.000 seconds).
Test Case '-[Yoga_of_EatingTests.HighlightReflectTextEntryIntegrationTests test_sleepNotes_contractReflectsSavedValue_afterSave]' started.
Test Case '-[Yoga_of_EatingTests.HighlightReflectTextEntryIntegrationTests test_sleepNotes_contractReflectsSavedValue_afterSave]' passed (0.000 seconds).
2026-05-15 06:31:56.274418+0530 Yoga of Eating[15816:124628] [[FirebaseCore]] 12.7.0 - [FirebaseCore][I-COR000003] The default Firebase app has not yet been configured. Add `FirebaseApp.configure()` to your application initialization. This can be done in in the App Delegate's application(_:didFinishLaunchingWithOptions:)` (or the `@main` struct's initializer in SwiftUI). Read more: https://firebase.google.com/docs/ios/setup#initialize_firebase_in_your_app
Test Case '-[Yoga_of_EatingTests.HighlightReflectTextEntryIntegrationTests test_sleepNotes_emptyString_savesNil]' started.
2026-05-15 06:31:56.275134+0530 Yoga of Eating[15816:124628] [[FirebaseCore]] 12.7.0 - [FirebaseCore][I-COR000003] The default Firebase app has not yet been configured. Add `FirebaseApp.configure()` to your application initialization. This can be done in in the App Delegate's application(_:didFinishLaunchingWithOptions:)` (or the `@main` struct's initializer in SwiftUI). Read more: https://firebase.google.com/docs/ios/setup#initialize_firebase_in_your_app
Test Case '-[Yoga_of_EatingTests.HighlightReflectTextEntryIntegrationTests test_sleepNotes_emptyString_savesNil]' passed (0.001 seconds).
Test Case '-[Yoga_of_EatingTests.HighlightReflectTextEntryIntegrationTests test_sleepNotes_savedAndRestoredCorrectly]' started.
2026-05-15 06:31:56.275628+0530 Yoga of Eating[15816:124606] [[FirebaseCore]] 12.7.0 - [FirebaseCore][I-COR000003] The default Firebase app has not yet been configured. Add `FirebaseApp.configure()` to your application initialization. This can be done in in thTest Case '-[Yoga_of_EatingTests.HighlightReflectTextEntryIntegrationTests test_sleepNotes_savedAndRestoredCorrectly]' passed (0.000 seconds).
e App Delegate's application(_:didFinishLaunchingWithOptions:)` (or the `@main` struct's initializer in SwiftUI). Read more: https://firebase.google.com/docs/ios/setup#initialize_firebase_in_your_app
Test Case '-[Yoga_of_EatingTests.HighlightReflectTextEntryIntegrationTests test_sleepNotes_savedToday_notVisibleYesterday]' started.
2026-05-15 06:31:56.276988+0530 Yoga of Eating[15816:124606] [[FirebaseCore]] 12.7.0 - [FirebaseCore][I-COR000003] The default Firebase app has not yet been configured. Add `FirebaseApp.configure()` to your application initialization. This can be done in in the App Delegate's application(_:didFinishLaunchingWithOptions:)` (or the `@main` struct's initializer in SwiftUI). Read more: https://firebase.google.com/docs/ios/setup#initialize_firebase_in_your_app
Test Case '-[Yoga_of_EatingTests.HighlightReflectTextEntryIntegrationTests test_sleepNotes_savedToday_notVisibleYesterday]' passed (0.000 seconds).
Test Case '-[Yoga_of_EatingTests.HighlightReflectTextEntryIntegrationTests test_sleepNotes_savedToday_restoredAfterNavigationAndReturn]' started.
2026-05-15 06:31:56.277628+0530 Yoga of Eating[15816:124626] [[FirebaseCore]] 12.7.0 - [FirebaseCore][I-COR000003] The default Firebase app has not yet been configured. Add `FirebaseApp.configure()` to your application initialization. This can be done in in the App Delegate's application(_:didFinishLaunchingWithOptions:)` (or the `@main` struct's initializer in SwiftUI). Read more: https://firebase.google.com/docs/ios/setup#initialize_firebase_in_your_app
Test Case '-[Yoga_of_EatingTests.HighlightReflectTextEntryIntegrationTests test_sleepNotes_savedToday_restoredAfterNavigationAndReturn]' passed (0.000 seconds).
Test Case '-[Yoga_of_EatingTests.HighlightReflectTextEntryIntegrationTests test_sleepNotes_tooLong_notSaved]' started.
2026-05-15 06:31:56.278215+0530 Yoga of Eating[15816:124606] [[FirebaseCore]] 12.7.0 - [FirebaseCore][I-COR000003] The default Firebase app has not yet been configured. Add `FirebaseApp.configure()` to your application initialization. This can be done in in the App Delegate's application(_:didFinishLaunchingWithOptions:)` (or the `@main` struct's initializer in SwiftUI). Read more: https://firebase.google.com/docs/ios/setup#initialize_firebase_in_your_app
Test Case '-[Yoga_of_EatingTests.HighlightReflectTextEntryIntegrationTests test_sleepNotes_tooLong_notSaved]' passed (0.001 seconds).
Test Case '-[Yoga_of_EatingTests.HighlightReflectTextEntryIntegrationTests test_sleepQualityUpdate_doesNotAlterSleepNotesInContract]' started.
2026-05-15 06:31:56.279394+0530 Yoga of Eating[15816:124606] [[FirebaseCore]] 12.7.0 - [FirebaseCore][I-COR0000Test Case '-[Yoga_of_EatingTests.HighlightReflectTextEntryIntegrationTests test_sleepQualityUpdate_doesNotAlterSleepNotesInContract]' passed (0.000 seconds).
03] The default Firebase app has not yet been configured. Add `FirebaseApp.configure()` to your application initialization. This can be done in in the App Delegate's application(_:didFinishLaunchingWithOptions:)` (or the `@main` struct's initializer in SwiftUI). Read more: https://firebase.google.com/docs/ios/setup#initialize_firebase_in_your_app
Test Case '-[Yoga_of_EatingTests.HighlightReflectTextEntryIntegrationTests test_todoAddition_doesNotAlterMorningThoughtsInContract]' started.
2026-05-15 06:31:56.279937+0530 Yoga of Eating[15816:124606] [[FirebaseCore]] 12.7.0 - [FirebaseCore][I-COR000003] The default Firebase app has not yet been configured. Add `FirebaseApp.configure()` to your application initialization. This can be done in in the App Delegate's application(_:didFinishLaunchingWithOptions:)` (or the `@main` struct's initializer in SwiftUI). Read more: https://firebase.google.com/docs/ios/setup#initialize_firebase_in_your_app
Test Case '-[Yoga_of_EatingTests.HighlightReflectTextEntryIntegrationTests test_todoAddition_doesNotAlterMorningThoughtsInContract]' passed (0.000 seconds).
Test Suite 'HighlightReflectTextEntryIntegrationTests' passed at 2026-05-15 06:31:56.280.
	 Executed 22 tests, with 0 failures (0 unexpected) in 0.019 (0.027) seconds
Test Suite 'HistoricalDataInsightStorageTests' started at 2026-05-15 06:31:56.280.
Test Case '-[Yoga_of_EatingTests.HistoricalDataInsightStorageTests test_protocol_updateInsight_signatureAcceptsDailyInsight]' started.
Test Case '-[Yoga_of_EatingTests.HistoricalDataInsightStorageTests test_protocol_updateInsight_signatureAcceptsDailyInsight]' passed (0.002 seconds).
Test Case '-[Yoga_of_EatingTests.HistoricalDataInsightStorageTests test_snapshot_insightField_isUnifiedDailyInsight]' started.
Test Case '-[Yoga_of_EatingTests.HistoricalDataInsightStorageTests test_snapshot_insightField_isUnifiedDailyInsight]' passed (0.000 seconds).
Test Case '-[Yoga_of_EatingTests.HistoricalDataInsightStorageTests test_snapshot_noBriefingField_afterPhase2]' started.
Test Case '-[Yoga_of_EatingTests.HistoricalDataInsightStorageTests test_snapshot_noBriefingField_afterPhase2]' passed (0.000 seconds).
Test Case '-[Yoga_of_EatingTests.HistoricalDataInsightStorageTests test_updateInsight_acceptsUnifiedDailyInsight]' started.
Test Case '-[Yoga_of_EatingTests.HistoricalDataInsightStorageTests test_updateInsight_acceptsUnifiedDailyInsight]' passed (0.000 seconds).
Test Case '-[Yoga_of_EatingTests.HistoricalDataInsightStorageTests test_updateInsight_differentDates_storedSeparately]' started.
Test Case '-[Yoga_of_EatingTests.HistoricalDataInsightStorageTests test_updateInsight_differentDates_storedSeparately]' passed (0.001 seconds).
Test Case '-[Yoga_of_EatingTests.HistoricalDataInsightStorageTests test_updateInsight_overwritesPreviousInsight]' started.
Test Case '-[Yoga_of_EatingTests.HistoricalDataInsightStorageTests test_updateInsight_overwritesPreviousInsight]' passed (0.000 seconds).
Test Case '-[Yoga_of_EatingTests.HistoricalDataInsightStorageTests test_updateInsight_persists_retrievableFromSnapshot]' started.
Test Case '-[Yoga_of_EatingTests.HistoricalDataInsightStorageTests test_updateInsight_persists_retrievableFromSnapshot]' passed (0.000 seconds).
Test Suite 'HistoricalDataInsightStorageTests' passed at 2026-05-15 06:31:56.286.
	 Executed 7 tests, with 0 failures (0 unexpected) in 0.005 (0.006) seconds
Test Suite 'HistoricalDataServiceTests' started at 2026-05-15 06:31:56.286.
Test Case '-[Yoga_of_EatingTests.HistoricalDataServiceTests test_archiveCurrentDay_calculates_averageHealthScore]' started.
Test Case '-[Yoga_of_EatingTests.HistoricalDataServiceTests test_archiveCurrentDay_calculates_averageHealthScore]' passed (0.001 seconds).
Test Case '-[Yoga_of_EatingTests.HistoricalDataServiceTests test_archiveCurrentDay_callsPersistence_save]' started.
Test Case '-[Yoga_of_EatingTests.HistoricalDataServiceTests test_archiveCurrentDay_callsPersistence_save]' passed (0.008 seconds).
Test Case '-[Yoga_of_EatingTests.HistoricalDataServiceTests test_archiveCurrentDay_creates_newSnapshot]' started.
Test Case '-[Yoga_of_EatingTests.HistoricalDataServiceTests test_archiveCurrentDay_creates_newSnapshot]' passed (0.001 seconds).
Test Case '-[Yoga_of_EatingTests.HistoricalDataServiceTests test_archiveCurrentDay_doesNotDuplicate_sameDay]' started.
Test Case '-[Yoga_of_EatingTests.HistoricalDataServiceTests test_archiveCurrentDay_doesNotDuplicate_sameDay]' passed (0.000 seconds).
Test Case '-[Yoga_of_EatingTests.HistoricalDataServiceTests test_archiveCurrentDay_handles_emptyMealList]' started.
Test Case '-[Yoga_of_EatingTests.HistoricalDataServiceTests test_archiveCurrentDay_handles_emptyMealList]' passed (0.000 seconds).
Test Case '-[Yoga_of_EatingTests.HistoricalDataServiceTests test_archiveCurrentDay_handles_midnightEdgeCase]' started.
Test Case '-[Yoga_of_EatingTests.HistoricalDataServiceTests test_archiveCurrentDay_handles_midnightEdgeCase]' passed (0.000 seconds).
Test Case '-[Yoga_of_EatingTests.HistoricalDataServiceTests test_archiveCurrentDay_normalizes_dateToMidnight]' started.
Test Case '-[Yoga_of_EatingTests.HistoricalDataServiceTests test_archiveCurrentDay_normalizes_dateToMidnight]' passed (0.000 seconds).
Test Case '-[Yoga_of_EatingTests.HistoricalDataServiceTests test_archiveCurrentDay_preservesExistingReflection]' started.
Test Case '-[Yoga_of_EatingTests.HistoricalDataServiceTests test_archiveCurrentDay_preservesExistingReflection]' passed (0.000 seconds).
Test Case '-[Yoga_of_EatingTests.HistoricalDataServiceTests test_archiveCurrentDay_saves_allMeals]' started.
Test Case '-[Yoga_of_EatingTests.HistoricalDataServiceTests test_archiveCurrentDay_saves_allMeals]' passed (0.000 seconds).
Test Case '-[Yoga_of_EatingTests.HistoricalDataServiceTests test_archiveCurrentDay_saves_smileyState]' started.
Test Case '-[Yoga_of_EatingTests.HistoricalDataServiceTests test_archiveCurrentDay_saves_smileyState]' passed (0.000 seconds).
Test Case '-[Yoga_of_EatingTests.HistoricalDataServiceTests test_getSnapshot_returnsCorrect_forDate]' started.
Test Case '-[Yoga_of_EatingTests.HistoricalDataServiceTests test_getSnapshot_returnsCorrect_forDate]' passed (0.000 seconds).
Test Case '-[Yoga_of_EatingTests.HistoricalDataServiceTests test_getSnapshot_returnsNil_whenNotFound]' started.
Test Case '-[Yoga_of_EatingTests.HistoricalDataServiceTests test_getSnapshot_returnsNil_whenNotFound]' passed (0.000 seconds).
Test Case '-[Yoga_of_EatingTests.HistoricalDataServiceTests test_getYearSnapshots_generates_365Days_forRegularYear]' started.
Test Case '-[Yoga_of_EatingTests.HistoricalDataServiceTests test_getYearSnapshots_generates_365Days_forRegularYear]' passed (0.000 seconds).
Test Case '-[Yoga_of_EatingTests.HistoricalDataServiceTests test_getYearSnapshots_generates_366Days_forLeapYear]' started.
Test Case '-[Yoga_of_EatingTests.HistoricalDataServiceTests test_getYearSnapshots_generates_366Days_forLeapYear]' passed (0.000 seconds).
Test Case '-[Yoga_of_EatingTests.HistoricalDataServiceTests test_getYearSnapshots_returns_emptyArray_whenNoData]' started.
Test Case '-[Yoga_of_EatingTests.HistoricalDataServiceTests test_getYearSnapshots_returns_emptyArray_whenNoData]' passed (0.000 seconds).
Test Case '-[Yoga_of_EatingTests.HistoricalDataServiceTests test_getYearSnapshots_returns_onlySpecifiedYear]' started.
Test Case '-[Yoga_of_EatingTests.HistoricalDataServiceTests test_getYearSnapshots_returns_onlySpecifiedYear]' passed (0.003 seconds).
Test Case '-[Yoga_of_EatingTests.HistoricalDataServiceTests test_legacySnapshot_loadsWithNilReflection]' started.
Test Case '-[Yoga_of_EatingTests.HistoricalDataServiceTests test_legacySnapshot_loadsWithNilReflection]' passed (0.000 seconds).
Test Case '-[Yoga_of_EatingTests.HistoricalDataServiceTests test_saveHistoricalData_callsPersistence_save]' started.
Test Case '-[Yoga_of_EatingTests.HistoricalDataServiceTests test_saveHistoricalData_callsPersistence_save]' passed (0.000 seconds).
Test Case '-[Yoga_of_EatingTests.HistoricalDataServiceTests test_snapshot_withReflection_persistsCorrectly]' started.
Test Case '-[Yoga_of_EatingTests.HistoricalDataServiceTests test_snapshot_withReflection_persistsCorrectly]' passed (0.000 seconds).
Test Case '-[Yoga_of_EatingTests.HistoricalDataServiceTests test_syncToFirebase_throws_notImplementedYet]' started.
2026-05-15 06:31:56.310523+0530 Yoga of Eating[15816:124257] [HistoricalSync] Sync attempted without authenticated user
Test Case '-[Yoga_of_EatingTests.HistoricalDataServiceTests test_syncToFirebase_throws_notImplementedYet]' passed (0.004 seconds).
Test Case '-[Yoga_of_EatingTests.HistoricalDataServiceTests test_updateReflection_addsReflection_toExistingSnapshot]' started.
Test Case '-[Yoga_of_EatingTests.HistoricalDataServiceTests test_updateReflection_addsReflection_toExistingSnapshot]' passed (0.000 seconds).
Test Case '-[Yoga_of_EatingTests.HistoricalDataServiceTests test_updateReflection_callsPersistence_save]' started.
Test Case '-[Yoga_of_EatingTests.HistoricalDataServiceTests test_updateReflection_callsPersistence_save]' passed (0.000 seconds).
Test Case '-[Yoga_of_EatingTests.HistoricalDataServiceTests test_updateReflection_createsSnapshot_ifNotExists]' started.
Test Case '-[Yoga_of_EatingTests.HistoricalDataServiceTests test_updateReflection_createsSnapshot_ifNotExists]' passed (0.001 seconds).
Test Case '-[Yoga_of_EatingTests.HistoricalDataServiceTests test_updateReflection_preservesExistingMeals]' started.
Test Case '-[Yoga_of_EatingTests.HistoricalDataServiceTests test_updateReflection_preservesExistingMeals]' passed (0.000 seconds).
Test Case '-[Yoga_of_EatingTests.HistoricalDataServiceTests test_updateReflection_replacesExisting_reflection]' started.
Test Case '-[Yoga_of_EatingTests.HistoricalDataServiceTests test_updateReflection_replacesExisting_reflection]' passed (0.000 seconds).
Test Suite 'HistoricalDataServiceTests' passed at 2026-05-15 06:31:56.319.
	 Executed 25 tests, with 0 failures (0 unexpected) in 0.023 (0.032) seconds
Test Suite 'HistoricalDataSyncTests' started at 2026-05-15 06:31:56.319.
Test Case '-[Yoga_of_EatingTests.HistoricalDataSyncTests test_syncToFirebase_batchUploadError_propagatesThrow]' started.
2026-05-15 06:31:56.319470+0530 Yoga of Eating[15816:124257] [HistoricalSync] Full sync: 1 snapshots
2026-05-15 06:31:56.319532+0530 Yoga of Eating[15816:124257] [HistoricalSync] Attempt 1/3 failed: Batch upload failed. Retrying.
2026-05-15 06:31:56.320038+0530 Yoga of Eating[15816:124257] [Reflection] Failed to fetch HealthKit sleep data: Authorization not determined
2026-05-15 06:31:56.320166+0530 Yoga of Eating[15816:124257] [Reflection] Failed to fetch HealthKit sleep data: Authorization not determined
2026-05-15 06:31:56.322008+0530 Yoga of Eating[15816:124257] [Reflection] Failed to fetch HealthKit sleep data: Authorization not determined
2026-05-15 06:31:56.322458+0530 Yoga of Eating[15816:124257] [Reflection] Failed to fetch HealthKit sleep data: Authorization not determined
2026-05-15 06:31:56.322577+0530 Yoga of Eating[15816:124257] [Reflection] Failed to fetch HealthKit sleep data: Authorization not determined
2026-05-15 06:31:56.322977+0530 Yoga of Eating[15816:124257] [Reflection] Failed to fetch HealthKit sleep data: Authorization not determined
2026-05-15 06:31:57.332990+0530 Yoga of Eating[15816:124257] [HistoricalSync] Attempt 2/3 failed: Batch upload failed. Retrying.
2026-05-15 06:31:58.345070+0530 Yoga of Eating[15816:124257] [HistoricalSync] Operation failed after 3 attempts
Test Case '-[Yoga_of_EatingTests.HistoricalDataSyncTests test_syncToFirebase_batchUploadError_propagatesThrow]' passed (2.028 seconds).
Test Case '-[Yoga_of_EatingTests.HistoricalDataSyncTests test_syncToFirebase_callsUpload_forAllSnapshots]' started.
2026-05-15 06:31:58.348540+0530 Yoga of Eating[15816:124257] [HistoricalSync] Full sync: 2 snapshots
2026-05-15 06:31:58.348671+0530 Yoga of Eating[15816:124257] [HistoricalSync] Sync completed at 2026-05-15 01:01:58 +0000
Test Case '-[Yoga_of_EatingTests.HistoricalDataSyncTests test_syncToFirebase_callsUpload_forAllSnapshots]' passed (0.002 seconds).
Test Case '-[Yoga_of_EatingTests.HistoricalDataSyncTests test_syncToFirebase_chunksLargeSnapshotSets_into500PerBatch]' started.
2026-05-15 06:31:58.577495+0530 Yoga of Eating[15816:124257] [HistoricalSync] Full sync: 501 snapshots
2026-05-15 06:31:58.577652+0530 Yoga of Eating[15816:124257] [HistoricalSync] Sync completed at 2026-05-15 01:01:58 +0000
Test Case '-[Yoga_of_EatingTests.HistoricalDataSyncTests test_syncToFirebase_chunksLargeSnapshotSets_into500PerBatch]' passed (0.228 seconds).
Test Case '-[Yoga_of_EatingTests.HistoricalDataSyncTests test_syncToFirebase_handlesUploadError]' started.
2026-05-15 06:31:58.578662+0530 Yoga of Eating[15816:124257] [HistoricalSync] Full sync: 1 snapshots
2026-05-15 06:31:58.578717+0530 Yoga of Eating[15816:124257] [HistoricalSync] Attempt 1/3 failed: Batch upload failed. Retrying.
2026-05-15 06:31:59.580907+0530 Yoga of Eating[15816:124257] [HistoricalSync] Attempt 2/3 failed: Batch upload failed. Retrying.
2026-05-15 06:32:00.592781+0530 Yoga of Eating[15816:124257] [HistoricalSync] Operation failed after 3 attempts
Test Case '-[Yoga_of_EatingTests.HistoricalDataSyncTests test_syncToFirebase_handlesUploadError]' passed (2.017 seconds).
Test Case '-[Yoga_of_EatingTests.HistoricalDataSyncTests test_syncToFirebase_onSuccess_updatesLastSyncDate]' started.
2026-05-15 06:32:00.596596+0530 Yoga of Eating[15816:124257] [HistoricalSync] Full sync: 1 snapshots
2026-05-15 06:32:00.596832+0530 Yoga of Eating[15816:124257] [HistoricalSync] Sync completed at 2026-05-15 01:02:00 +0000
Test Case '-[Yoga_of_EatingTests.HistoricalDataSyncTests test_syncToFirebase_onSuccess_updatesLastSyncDate]' passed (0.002 seconds).
Test Case '-[Yoga_of_EatingTests.HistoricalDataSyncTests test_syncToFirebase_throwsError_whenNotAuthenticated]' started.
2026-05-15 06:32:00.598861+0530 Yoga of Eating[15816:124257] [HistoricalSync] Sync attempted without authenticated user
Test Case '-[Yoga_of_EatingTests.HistoricalDataSyncTests test_syncToFirebase_throwsError_whenNotAuthenticated]' passed (0.002 seconds).
Test Case '-[Yoga_of_EatingTests.HistoricalDataSyncTests test_syncToFirebase_usesBatchUpload_notIndividualUploads]' started.
2026-05-15 06:32:00.601953+0530 Yoga of Eating[15816:124257] [HistoricalSync] Full sync: 1 snapshots
2026-05-15 06:32:00.602140+0530 Yoga of Eating[15816:124257] [HistoricalSync] Sync completed at 2026-05-15 01:02:00 +0000
Test Case '-[Yoga_of_EatingTests.HistoricalDataSyncTests test_syncToFirebase_usesBatchUpload_notIndividualUploads]' passed (0.002 seconds).
Test Case '-[Yoga_of_EatingTests.HistoricalDataSyncTests test_syncToFirebase_withLastSyncDate_onlyUploadsSnapshotsOnOrAfterSyncDate]' started.
2026-05-15 06:32:00.604235+0530 Yoga of Eating[15816:124257] [HistoricalSync] Delta sync: 1 snapshots since 2024-01-14 18:30:00 +0000
2026-05-15 06:32:00.604345+0530 Yoga of Eating[15816:124257] [HistoricalSync] Sync completed at 2026-05-15 01:02:00 +0000
Test Case '-[Yoga_of_EatingTests.HistoricalDataSyncTests test_syncToFirebase_withLastSyncDate_onlyUploadsSnapshotsOnOrAfterSyncDate]' passed (0.002 seconds).
Test Case '-[Yoga_of_EatingTests.HistoricalDataSyncTests test_syncToFirebase_withNilLastSyncDate_uploadsAllSnapshots]' started.
2026-05-15 06:32:00.606128+0530 Yoga of Eating[15816:124257] [HistoricalSync] Full sync: 2 snapshots
2026-05-15 06:32:00.606246+0530 Yoga of Eating[15816:124257] [HistoricalSync] Sync completed at 2026-05-15 01:02:00 +0000
Test Case '-[Yoga_of_EatingTests.HistoricalDataSyncTests test_syncToFirebase_withNilLastSyncDate_uploadsAllSnapshots]' passed (0.001 seconds).
Test Suite 'HistoricalDataSyncTests' passed at 2026-05-15 06:32:00.607.
	 Executed 9 tests, with 0 failures (0 unexpected) in 4.283 (4.288) seconds
Test Suite 'HistoricalDataTests' started at 2026-05-15 06:32:00.607.
Test Case '-[Yoga_of_EatingTests.HistoricalDataTests test_addSnapshot_addsNew_whenDateNotExists]' started.
Test Case '-[Yoga_of_EatingTests.HistoricalDataTests test_addSnapshot_addsNew_whenDateNotExists]' passed (0.001 seconds).
Test Case '-[Yoga_of_EatingTests.HistoricalDataTests test_addSnapshot_maintains_sortOrder_descendingByDate]' started.
Test Case '-[Yoga_of_EatingTests.HistoricalDataTests test_addSnapshot_maintains_sortOrder_descendingByDate]' passed (0.001 seconds).
Test Case '-[Yoga_of_EatingTests.HistoricalDataTests test_addSnapshot_preserves_otherSnapshots]' started.
Test Case '-[Yoga_of_EatingTests.HistoricalDataTests test_addSnapshot_preserves_otherSnapshots]' passed (0.001 seconds).
Test Case '-[Yoga_of_EatingTests.HistoricalDataTests test_addSnapshot_updates_whenDateExists]' started.
Test Case '-[Yoga_of_EatingTests.HistoricalDataTests test_addSnapshot_updates_whenDateExists]' passed (0.001 seconds).
Test Case '-[Yoga_of_EatingTests.HistoricalDataTests test_codable_encodesAndDecodes_successfully]' started.
Test Case '-[Yoga_of_EatingTests.HistoricalDataTests test_codable_encodesAndDecodes_successfully]' passed (0.001 seconds).
Test Case '-[Yoga_of_EatingTests.HistoricalDataTests test_codable_preserves_allSnapshots]' started.
Test Case '-[Yoga_of_EatingTests.HistoricalDataTests test_codable_preserves_allSnapshots]' passed (0.001 seconds).
Test Case '-[Yoga_of_EatingTests.HistoricalDataTests test_init_createsEmpty_dailySnapshots]' started.
Test Case '-[Yoga_of_EatingTests.HistoricalDataTests test_init_createsEmpty_dailySnapshots]' passed (0.001 seconds).
Test Case '-[Yoga_of_EatingTests.HistoricalDataTests test_init_setsNil_lastSyncDate]' started.
Test Case '-[Yoga_of_EatingTests.HistoricalDataTests test_init_setsNil_lastSyncDate]' passed (0.001 seconds).
Test Case '-[Yoga_of_EatingTests.HistoricalDataTests test_largeDataset_100Snapshots_performsWell]' started.
/Users/sunil/Downloads/YogaofEating/Yoga of EatingTests/HistoricalDataTests.swift:315: Test Case '-[Yoga_of_EatingTests.HistoricalDataTests test_largeDataset_100Snapshots_performsWell]' measured [Time, seconds] average: 0.018, relative standard deviation: 12.551%, values: [0.017828, 0.024069, 0.019087, 0.017108, 0.016722, 0.016690, 0.016602, 0.016584, 0.016611, 0.016517], performanceMetricID:com.apple.XCTPerformanceMetric_WallClockTime, baselineName: "", baselineAverage: , polarity: prefers smaller, maxPercentRegression: 10.000%, maxPercentRelativeStandardDeviation: 10.000%, maxRegression: 0.100, maxStandardDeviation: 0.100
Test Case '-[Yoga_of_EatingTests.HistoricalDataTests test_largeDataset_100Snapshots_performsWell]' passed (0.642 seconds).
Test Case '-[Yoga_of_EatingTests.HistoricalDataTests test_multipleSnapshots_differentDays_storedCorrectly]' started.
Test Case '-[Yoga_of_EatingTests.HistoricalDataTests test_multipleSnapshots_differentDays_storedCorrectly]' passed (0.001 seconds).
Test Case '-[Yoga_of_EatingTests.HistoricalDataTests test_snapshotForDate_returnsCorrect_snapshot]' started.
Test Case '-[Yoga_of_EatingTests.HistoricalDataTests test_snapshotForDate_returnsCorrect_snapshot]' passed (0.013 seconds).
Test Case '-[Yoga_of_EatingTests.HistoricalDataTests test_snapshotForDate_returnsNil_whenNotFound]' started.
Test Case '-[Yoga_of_EatingTests.HistoricalDataTests test_snapshotForDate_returnsNil_whenNotFound]' passed (0.000 seconds).
Test Case '-[Yoga_of_EatingTests.HistoricalDataTests test_snapshotsInRange_excludes_outsideRange]' started.
Test Case '-[Yoga_of_EatingTests.HistoricalDataTests test_snapshotsInRange_excludes_outsideRange]' passed (0.000 seconds).
Test Case '-[Yoga_of_EatingTests.HistoricalDataTests test_snapshotsInRange_returnsAll_withinRange]' started.
Test Case '-[Yoga_of_EatingTests.HistoricalDataTests test_snapshotsInRange_returnsAll_withinRange]' passed (0.001 seconds).
Test Case '-[Yoga_of_EatingTests.HistoricalDataTests test_snapshotsInRange_returnsEmpty_whenNoMatches]' started.
Test Case '-[Yoga_of_EatingTests.HistoricalDataTests test_snapshotsInRange_returnsEmpty_whenNoMatches]' passed (0.000 seconds).
Test Suite 'HistoricalDataTests' passed at 2026-05-15 06:32:01.275.
	 Executed 15 tests, with 0 failures (0 unexpected) in 0.663 (0.668) seconds
Test Suite 'HistoricalSyncRestoreTests' started at 2026-05-15 06:32:01.275.
Test Case '-[Yoga_of_EatingTests.HistoricalSyncRestoreTests test_restore_passesThroughUploadError]' started.
2026-05-15 06:32:01.276206+0530 Yoga of Eating[15816:124257] [HistoricalSync] Attempt 1/3 failed: Fetch failed. Retrying.
2026-05-15 06:32:02.280888+0530 Yoga of Eating[15816:124257] [HistoricalSync] Attempt 2/3 failed: Fetch failed. Retrying.
2026-05-15 06:32:03.291185+0530 Yoga of Eating[15816:124257] [HistoricalSync] Operation failed after 3 attempts
Test Case '-[Yoga_of_EatingTests.HistoricalSyncRestoreTests test_restore_passesThroughUploadError]' passed (2.018 seconds).
Test Case '-[Yoga_of_EatingTests.HistoricalSyncRestoreTests test_restore_returnsEmptyArray_whenCloudHasNoData]' started.
2026-05-15 06:32:03.294839+0530 Yoga of Eating[15816:124257] [HistoricalSync] Restore: fetched 0 snapshots for user
Test Case '-[Yoga_of_EatingTests.HistoricalSyncRestoreTests test_restore_returnsEmptyArray_whenCloudHasNoData]' passed (0.002 seconds).
Test Case '-[Yoga_of_EatingTests.HistoricalSyncRestoreTests test_restore_returnsSnapshots_whenAuthenticated]' started.
2026-05-15 06:32:03.296906+0530 Yoga of Eating[15816:124257] [HistoricalSync] Restore: fetched 1 snapshots for user
Test Case '-[Yoga_of_EatingTests.HistoricalSyncRestoreTests test_restore_returnsSnapshots_whenAuthenticated]' passed (0.001 seconds).
Test Case '-[Yoga_of_EatingTests.HistoricalSyncRestoreTests test_restore_throwsSyncAuthRequired_whenNoUser]' started.
2026-05-15 06:32:03.298617+0530 Yoga of Eating[15816:124257] [HistoricalSync] Restore attempted without authenticated user
Test Case '-[Yoga_of_EatingTests.HistoricalSyncRestoreTests test_restore_throwsSyncAuthRequired_whenNoUser]' passed (0.006 seconds).
Test Suite 'HistoricalSyncRestoreTests' passed at 2026-05-15 06:32:03.304.
	 Executed 4 tests, with 0 failures (0 unexpected) in 2.027 (2.029) seconds
Test Suite 'HistoricalSyncServiceTests' started at 2026-05-15 06:32:03.304.
Test Case '-[Yoga_of_EatingTests.HistoricalSyncServiceTests test_sync_callsOnSyncCompleted_afterSuccessfulUpload]' started.
2026-05-15 06:32:03.305296+0530 Yoga of Eating[15816:124257] [HistoricalSync] Full sync: 1 snapshots
2026-05-15 06:32:03.305434+0530 Yoga of Eating[15816:124257] [HistoricalSync] Sync completed at 2026-05-15 01:02:03 +0000
Test Case '-[Yoga_of_EatingTests.HistoricalSyncServiceTests test_sync_callsOnSyncCompleted_afterSuccessfulUpload]' passed (0.005 seconds).
Test Case '-[Yoga_of_EatingTests.HistoricalSyncServiceTests test_sync_doesNotCallOnSyncCompleted_whenUploadFails]' started.
2026-05-15 06:32:03.310040+0530 Yoga of Eating[15816:124257] [HistoricalSync] Full sync: 1 snapshots
2026-05-15 06:32:03.310128+0530 Yoga of Eating[15816:124257] [HistoricalSync] Attempt 1/3 failed: Batch upload failed. Retrying.
2026-05-15 06:32:04.320305+0530 Yoga of Eating[15816:124257] [HistoricalSync] Attempt 2/3 failed: Batch upload failed. Retrying.
2026-05-15 06:32:05.332185+0530 Yoga of Eating[15816:124257] [HistoricalSync] Operation failed after 3 attempts
Test Case '-[Yoga_of_EatingTests.HistoricalSyncServiceTests test_sync_doesNotCallOnSyncCompleted_whenUploadFails]' passed (2.024 seconds).
Test Case '-[Yoga_of_EatingTests.HistoricalSyncServiceTests test_sync_throwsSyncAuthRequired_whenNoUser]' started.
2026-05-15 06:32:05.334986+0530 Yoga of Eating[15816:124257] [HistoricalSync] Sync attempted without authenticated user
Test Case '-[Yoga_of_EatingTests.HistoricalSyncServiceTests test_sync_throwsSyncAuthRequired_whenNoUser]' passed (0.002 seconds).
Test Case '-[Yoga_of_EatingTests.HistoricalSyncServiceTests test_sync_uploadsAllSnapshots_whenNoLastSyncDate]' started.
2026-05-15 06:32:05.337248+0530 Yoga of Eating[15816:124257] [HistoricalSync] Full sync: 2 snapshots
2026-05-15 06:32:05.337464+0530 Yoga of Eating[15816:124257] [HistoricalSync] Sync completed at 2026-05-15 01:02:05 +0000
Test Case '-[Yoga_of_EatingTests.HistoricalSyncServiceTests test_sync_uploadsAllSnapshots_whenNoLastSyncDate]' passed (0.002 seconds).
Test Case '-[Yoga_of_EatingTests.HistoricalSyncServiceTests test_sync_uploadsOnlyRecentSnapshots_whenLastSyncDateSet]' started.
2026-05-15 06:32:05.339571+0530 Yoga of Eating[15816:124257] [HistoricalSync] Delta sync: 1 snapshots since 2026-05-12 01:02:05 +0000
2026-05-15 06:32:05.339746+0530 Yoga of Eating[15816:124257] [HistoricalSync] Sync completed at 2026-05-15 01:02:05 +0000
Test Case '-[Yoga_of_EatingTests.HistoricalSyncServiceTests test_sync_uploadsOnlyRecentSnapshots_whenLastSyncDateSet]' passed (0.002 seconds).
Test Suite 'HistoricalSyncServiceTests' passed at 2026-05-15 06:32:05.341.
	 Executed 5 tests, with 0 failures (0 unexpected) in 2.034 (2.037) seconds
Test Suite 'InputValidationTests' started at 2026-05-15 06:32:05.341.
Test Case '-[Yoga_of_EatingTests.InputValidationTests test_caseInsensitiveSqlPatternDetection]' started.
Test Case '-[Yoga_of_EatingTests.InputValidationTests test_caseInsensitiveSqlPatternDetection]' passed (0.007 seconds).
Test Case '-[Yoga_of_EatingTests.InputValidationTests test_caseInsensitiveSqlPatternWithMixedCase]' started.
Test Case '-[Yoga_of_EatingTests.InputValidationTests test_caseInsensitiveSqlPatternWithMixedCase]' passed (0.001 seconds).
Test Case '-[Yoga_of_EatingTests.InputValidationTests test_comparisonOperatorGreaterThanWithNumber]' started.
Test Case '-[Yoga_of_EatingTests.InputValidationTests test_comparisonOperatorGreaterThanWithNumber]' passed (0.001 seconds).
Test Case '-[Yoga_of_EatingTests.InputValidationTests test_comparisonOperatorInContext]' started.
Test Case '-[Yoga_of_EatingTests.InputValidationTests test_comparisonOperatorInContext]' passed (0.001 seconds).
Test Case '-[Yoga_of_EatingTests.InputValidationTests test_comparisonOperatorLessThanWithNumber]' started.
Test Case '-[Yoga_of_EatingTests.InputValidationTests test_comparisonOperatorLessThanWithNumber]' passed (0.001 seconds).
Test Case '-[Yoga_of_EatingTests.InputValidationTests test_emptyStringError_describesMissingInput]' started.
Test Case '-[Yoga_of_EatingTests.InputValidationTests test_emptyStringError_describesMissingInput]' passed (0.001 seconds).
Test Case '-[Yoga_of_EatingTests.InputValidationTests test_htmlIframeTagIsDetected]' started.
Test Case '-[Yoga_of_EatingTests.InputValidationTests test_htmlIframeTagIsDetected]' passed (0.001 seconds).
Test Case '-[Yoga_of_EatingTests.InputValidationTests test_htmlImgTagIsDetected]' started.
Test Case '-[Yoga_of_EatingTests.InputValidationTests test_htmlImgTagIsDetected]' passed (0.001 seconds).
Test Case '-[Yoga_of_EatingTests.InputValidationTests test_htmlScriptTagIsStillDetected]' started.
Test Case '-[Yoga_of_EatingTests.InputValidationTests test_htmlScriptTagIsStillDetected]' passed (0.001 seconds).
Test Case '-[Yoga_of_EatingTests.InputValidationTests test_journalEntry_commandInjectionIsDetected]' started.
Test Case '-[Yoga_of_EatingTests.InputValidationTests test_journalEntry_commandInjectionIsDetected]' passed (0.001 seconds).
Test Case '-[Yoga_of_EatingTests.InputValidationTests test_journalEntry_emptyStringIsRejected]' started.
Test Case '-[Yoga_of_EatingTests.InputValidationTests test_journalEntry_emptyStringIsRejected]' passed (0.001 seconds).
Test Case '-[Yoga_of_EatingTests.InputValidationTests test_journalEntry_exceedingMaxLengthIsRejected]' started.
Test Case '-[Yoga_of_EatingTests.InputValidationTests test_journalEntry_exceedingMaxLengthIsRejected]' passed (0.002 seconds).
Test Case '-[Yoga_of_EatingTests.InputValidationTests test_journalEntry_sqlInjectionIsDetected]' started.
Test Case '-[Yoga_of_EatingTests.InputValidationTests test_journalEntry_sqlInjectionIsDetected]' passed (0.001 seconds).
Test Case '-[Yoga_of_EatingTests.InputValidationTests test_journalEntry_validInputPasses]' started.
Test Case '-[Yoga_of_EatingTests.InputValidationTests test_journalEntry_validInputPasses]' passed (0.001 seconds).
Test Case '-[Yoga_of_EatingTests.InputValidationTests test_journalEntry_whitespaceIsTrimmed]' started.
Test Case '-[Yoga_of_EatingTests.InputValidationTests test_journalEntry_whitespaceIsTrimmed]' passed (0.001 seconds).
Test Case '-[Yoga_of_EatingTests.InputValidationTests test_journalEntry_whitespaceOnlyIsRejected]' started.
Test Case '-[Yoga_of_EatingTests.InputValidationTests test_journalEntry_whitespaceOnlyIsRejected]' passed (0.000 seconds).
Test Case '-[Yoga_of_EatingTests.InputValidationTests test_lengthError_describesLimitExceeded]' started.
Test Case '-[Yoga_of_EatingTests.InputValidationTests test_lengthError_describesLimitExceeded]' passed (0.001 seconds).
Test Case '-[Yoga_of_EatingTests.InputValidationTests test_mealDescription_carriageReturn_isStripped]' started.
Test Case '-[Yoga_of_EatingTests.InputValidationTests test_mealDescription_carriageReturn_isStripped]' passed (0.000 seconds).
Test Case '-[Yoga_of_EatingTests.InputValidationTests test_mealDescription_commandSubstitutionBracesIsDetected]' started.
Test Case '-[Yoga_of_EatingTests.InputValidationTests test_mealDescription_commandSubstitutionBracesIsDetected]' passed (0.000 seconds).
Test Case '-[Yoga_of_EatingTests.InputValidationTests test_mealDescription_commandSubstitutionIsDetected]' started.
Test Case '-[Yoga_of_EatingTests.InputValidationTests test_mealDescription_commandSubstitutionIsDetected]' passed (0.000 seconds).
Test Case '-[Yoga_of_EatingTests.InputValidationTests test_mealDescription_controlCharactersAreRemoved]' started.
Test Case '-[Yoga_of_EatingTests.InputValidationTests test_mealDescription_controlCharactersAreRemoved]' passed (0.002 seconds).
Test Case '-[Yoga_of_EatingTests.InputValidationTests test_mealDescription_deleteFromInjectionIsDetected]' started.
Test Case '-[Yoga_of_EatingTests.InputValidationTests test_mealDescription_deleteFromInjectionIsDetected]' passed (0.000 seconds).
Test Case '-[Yoga_of_EatingTests.InputValidationTests test_mealDescription_deleteFromNaturalSentenceIsValid]' started.
Test Case '-[Yoga_of_EatingTests.InputValidationTests test_mealDescription_deleteFromNaturalSentenceIsValid]' passed (0.000 seconds).
Test Case '-[Yoga_of_EatingTests.InputValidationTests test_mealDescription_emptyStringIsRejected]' started.
Test Case '-[Yoga_of_EatingTests.InputValidationTests test_mealDescription_emptyStringIsRejected]' passed (0.000 seconds).
Test Case '-[Yoga_of_EatingTests.InputValidationTests test_mealDescription_evalCallInjectionIsStillBlocked]' started.
Test Case '-[Yoga_of_EatingTests.InputValidationTests test_mealDescription_evalCallInjectionIsStillBlocked]' passed (0.000 seconds).
Test Case '-[Yoga_of_EatingTests.InputValidationTests test_mealDescription_evalIsDetected]' started.
Test Case '-[Yoga_of_EatingTests.InputValidationTests test_mealDescription_evalIsDetected]' passed (0.000 seconds).
Test Case '-[Yoga_of_EatingTests.InputValidationTests test_mealDescription_evaluatedIsValid]' started.
Test Case '-[Yoga_of_EatingTests.InputValidationTests test_mealDescription_evaluatedIsValid]' passed (0.000 seconds).
Test Case '-[Yoga_of_EatingTests.InputValidationTests test_mealDescription_exactlyAtMaxLengthPasses]' started.
Test Case '-[Yoga_of_EatingTests.InputValidationTests test_mealDescription_exactlyAtMaxLengthPasses]' passed (0.001 seconds).
Test Case '-[Yoga_of_EatingTests.InputValidationTests test_mealDescription_exceedingMaxLengthIsRejected]' started.
Test Case '-[Yoga_of_EatingTests.InputValidationTests test_mealDescription_exceedingMaxLengthIsRejected]' passed (0.000 seconds).
Test Case '-[Yoga_of_EatingTests.InputValidationTests test_mealDescription_execIsDetected]' started.
Test Case '-[Yoga_of_EatingTests.InputValidationTests test_mealDescription_execIsDetected]' passed (0.001 seconds).
Test Case '-[Yoga_of_EatingTests.InputValidationTests test_mealDescription_executiveLunchIsValid]' started.
Test Case '-[Yoga_of_EatingTests.InputValidationTests test_mealDescription_executiveLunchIsValid]' passed (0.000 seconds).
Test Case '-[Yoga_of_EatingTests.InputValidationTests test_mealDescription_insertIntoInjectionIsDetected]' started.
Test Case '-[Yoga_of_EatingTests.InputValidationTests test_mealDescription_insertIntoInjectionIsDetected]' passed (0.000 seconds).
Test Case '-[Yoga_of_EatingTests.InputValidationTests test_mealDescription_nullByteIsRemoved]' started.
Test Case '-[Yoga_of_EatingTests.InputValidationTests test_mealDescription_nullByteIsRemoved]' passed (0.000 seconds).
Test Case '-[Yoga_of_EatingTests.InputValidationTests test_mealDescription_realCodeExecInjectionIsStillBlocked]' started.
Test Case '-[Yoga_of_EatingTests.InputValidationTests test_mealDescription_realCodeExecInjectionIsStillBlocked]' passed (0.003 seconds).
Test Case '-[Yoga_of_EatingTests.InputValidationTests test_mealDescription_realSqlDropTableIsStillBlocked]' started.
Test Case '-[Yoga_of_EatingTests.InputValidationTests test_mealDescription_realSqlDropTableIsStillBlocked]' passed (0.000 seconds).
Test Case '-[Yoga_of_EatingTests.InputValidationTests test_mealDescription_shellScriptIsDetected]' started.
Test Case '-[Yoga_of_EatingTests.InputValidationTests test_mealDescription_shellScriptIsDetected]' passed (0.000 seconds).
Test Case '-[Yoga_of_EatingTests.InputValidationTests test_mealDescription_sqlInjectionIsDetected]' started.
Test Case '-[Yoga_of_EatingTests.InputValidationTests test_mealDescription_sqlInjectionIsDetected]' passed (0.000 seconds).
Test Case '-[Yoga_of_EatingTests.InputValidationTests test_mealDescription_systematicFastingIsValid]' started.
Test Case '-[Yoga_of_EatingTests.InputValidationTests test_mealDescription_systematicFastingIsValid]' passed (0.000 seconds).
Test Case '-[Yoga_of_EatingTests.InputValidationTests test_mealDescription_tabCharacter_isStripped]' started.
Test Case '-[Yoga_of_EatingTests.InputValidationTests test_mealDescription_tabCharacter_isStripped]' passed (0.000 seconds).
Test Case '-[Yoga_of_EatingTests.InputValidationTests test_mealDescription_validInputPasses]' started.
Test Case '-[Yoga_of_EatingTests.InputValidationTests test_mealDescription_validInputPasses]' passed (0.000 seconds).
Test Case '-[Yoga_of_EatingTests.InputValidationTests test_mealDescription_whitespaceIsTrimmed]' started.
Test Case '-[Yoga_of_EatingTests.InputValidationTests test_mealDescription_whitespaceIsTrimmed]' passed (0.000 seconds).
Test Case '-[Yoga_of_EatingTests.InputValidationTests test_mealDescription_whitespaceOnlyIsRejected]' started.
Test Case '-[Yoga_of_EatingTests.InputValidationTests test_mealDescription_whitespaceOnlyIsRejected]' passed (0.000 seconds).
Test Case '-[Yoga_of_EatingTests.InputValidationTests test_mealDescription_xssJavaScriptProtocolIsDetected]' started.
Test Case '-[Yoga_of_EatingTests.InputValidationTests test_mealDescription_xssJavaScriptProtocolIsDetected]' passed (0.000 seconds).
Test Case '-[Yoga_of_EatingTests.InputValidationTests test_mealDescription_xssScriptTagIsDetected]' started.
Test Case '-[Yoga_of_EatingTests.InputValidationTests test_mealDescription_xssScriptTagIsDetected]' passed (0.000 seconds).
Test Case '-[Yoga_of_EatingTests.InputValidationTests test_morningThoughts_emptyStringPasses]' started.
Test Case '-[Yoga_of_EatingTests.InputValidationTests test_morningThoughts_emptyStringPasses]' passed (0.000 seconds).
Test Case '-[Yoga_of_EatingTests.InputValidationTests test_morningThoughts_exceedingMaxLengthIsRejected]' started.
Test Case '-[Yoga_of_EatingTests.InputValidationTests test_morningThoughts_exceedingMaxLengthIsRejected]' passed (0.000 seconds).
Test Case '-[Yoga_of_EatingTests.InputValidationTests test_morningThoughts_validInputPasses]' started.
Test Case '-[Yoga_of_EatingTests.InputValidationTests test_morningThoughts_validInputPasses]' passed (0.002 seconds).
Test Case '-[Yoga_of_EatingTests.InputValidationTests test_morningThoughts_whitespaceIsTrimmed]' started.
Test Case '-[Yoga_of_EatingTests.InputValidationTests test_morningThoughts_whitespaceIsTrimmed]' passed (0.000 seconds).
Test Case '-[Yoga_of_EatingTests.InputValidationTests test_morningThoughts_whitespaceOnlyBecomesEmpty]' started.
Test Case '-[Yoga_of_EatingTests.InputValidationTests test_morningThoughts_whitespaceOnlyBecomesEmpty]' passed (0.000 seconds).
Test Case '-[Yoga_of_EatingTests.InputValidationTests test_multipleControlCharactersAreRemoved]' started.
Test Case '-[Yoga_of_EatingTests.InputValidationTests test_multipleControlCharactersAreRemoved]' passed (0.000 seconds).
Test Case '-[Yoga_of_EatingTests.InputValidationTests test_onclickEventHandlerIsDetected]' started.
Test Case '-[Yoga_of_EatingTests.InputValidationTests test_onclickEventHandlerIsDetected]' passed (0.000 seconds).
Test Case '-[Yoga_of_EatingTests.InputValidationTests test_onmouseoverEventHandlerIsDetected]' started.
Test Case '-[Yoga_of_EatingTests.InputValidationTests test_onmouseoverEventHandlerIsDetected]' passed (0.000 seconds).
Test Case '-[Yoga_of_EatingTests.InputValidationTests test_sanitizeMealItems_stripsTabsFromItems]' started.
Test Case '-[Yoga_of_EatingTests.InputValidationTests test_sanitizeMealItems_stripsTabsFromItems]' passed (0.000 seconds).
Test Case '-[Yoga_of_EatingTests.InputValidationTests test_sleepNotes_emptyStringPasses]' started.
Test Case '-[Yoga_of_EatingTests.InputValidationTests test_sleepNotes_emptyStringPasses]' passed (0.000 seconds).
Test Case '-[Yoga_of_EatingTests.InputValidationTests test_sleepNotes_exceedingMaxLengthIsRejected]' started.
Test Case '-[Yoga_of_EatingTests.InputValidationTests test_sleepNotes_exceedingMaxLengthIsRejected]' passed (0.000 seconds).
Test Case '-[Yoga_of_EatingTests.InputValidationTests test_sleepNotes_sqlInjectionIsDetected]' started.
Test Case '-[Yoga_of_EatingTests.InputValidationTests test_sleepNotes_sqlInjectionIsDetected]' passed (0.000 seconds).
Test Case '-[Yoga_of_EatingTests.InputValidationTests test_sleepNotes_validInputPasses]' started.
Test Case '-[Yoga_of_EatingTests.InputValidationTests test_sleepNotes_validInputPasses]' passed (0.000 seconds).
Test Case '-[Yoga_of_EatingTests.InputValidationTests test_sleepNotes_whitespaceIsTrimmed]' started.
Test Case '-[Yoga_of_EatingTests.InputValidationTests test_sleepNotes_whitespaceIsTrimmed]' passed (0.000 seconds).
Test Case '-[Yoga_of_EatingTests.InputValidationTests test_sleepNotes_whitespaceOnlyBecomesEmpty]' started.
Test Case '-[Yoga_of_EatingTests.InputValidationTests test_sleepNotes_whitespaceOnlyBecomesEmpty]' passed (0.000 seconds).
Test Case '-[Yoga_of_EatingTests.InputValidationTests test_suspiciousPatternError_describesMaliciousContent]' started.
Test Case '-[Yoga_of_EatingTests.InputValidationTests test_suspiciousPatternError_describesMaliciousContent]' passed (0.000 seconds).
Test Case '-[Yoga_of_EatingTests.InputValidationTests test_todoItem_emptyStringIsRejected]' started.
Test Case '-[Yoga_of_EatingTests.InputValidationTests test_todoItem_emptyStringIsRejected]' passed (0.000 seconds).
Test Case '-[Yoga_of_EatingTests.InputValidationTests test_todoItem_exceedingMaxLengthIsRejected]' started.
Test Case '-[Yoga_of_EatingTests.InputValidationTests test_todoItem_exceedingMaxLengthIsRejected]' passed (0.000 seconds).
Test Case '-[Yoga_of_EatingTests.InputValidationTests test_todoItem_shortValidInputPasses]' started.
Test Case '-[Yoga_of_EatingTests.InputValidationTests test_todoItem_shortValidInputPasses]' passed (0.000 seconds).
Test Case '-[Yoga_of_EatingTests.InputValidationTests test_todoItem_sqlInjectionIsDetected]' started.
Test Case '-[Yoga_of_EatingTests.InputValidationTests test_todoItem_sqlInjectionIsDetected]' passed (0.000 seconds).
Test Case '-[Yoga_of_EatingTests.InputValidationTests test_todoItem_validInputPasses]' started.
Test Case '-[Yoga_of_EatingTests.InputValidationTests test_todoItem_validInputPasses]' passed (0.000 seconds).
Test Case '-[Yoga_of_EatingTests.InputValidationTests test_todoItem_whitespaceIsTrimmed]' started.
Test Case '-[Yoga_of_EatingTests.InputValidationTests test_todoItem_whitespaceIsTrimmed]' passed (0.000 seconds).
Test Case '-[Yoga_of_EatingTests.InputValidationTests test_todoItem_whitespaceOnlyIsRejected]' started.
Test Case '-[Yoga_of_EatingTests.InputValidationTests test_todoItem_whitespaceOnlyIsRejected]' passed (0.000 seconds).
Test Case '-[Yoga_of_EatingTests.InputValidationTests test_validInputWithEmojis]' started.
Test Case '-[Yoga_of_EatingTests.InputValidationTests test_validInputWithEmojis]' passed (0.000 seconds).
Test Case '-[Yoga_of_EatingTests.InputValidationTests test_validInputWithNewlines]' started.
Test Case '-[Yoga_of_EatingTests.InputValidationTests test_validInputWithNewlines]' passed (0.000 seconds).
Test Case '-[Yoga_of_EatingTests.InputValidationTests test_validInputWithNumbers]' started.
Test Case '-[Yoga_of_EatingTests.InputValidationTests test_validInputWithNumbers]' passed (0.002 seconds).
Test Case '-[Yoga_of_EatingTests.InputValidationTests test_validInputWithSpecialCharacters]' started.
Test Case '-[Yoga_of_EatingTests.InputValidationTests test_validInputWithSpecialCharacters]' passed (0.000 seconds).
Test Suite 'InputValidationTests' passed at 2026-05-15 06:32:05.413.
	 Executed 71 tests, with 0 failures (0 unexpected) in 0.047 (0.072) seconds
Test Suite 'InsightCardTests' started at 2026-05-15 06:32:05.414.
Test Case '-[Yoga_of_EatingTests.InsightCardTests test_correlationCategory_allCases_haveNonEmptyIcons]' started.
Test Case '-[Yoga_of_EatingTests.InsightCardTests test_correlationCategory_allCases_haveNonEmptyIcons]' passed (0.000 seconds).
Test Case '-[Yoga_of_EatingTests.InsightCardTests test_correlationCategory_foodToMood_hasIcon]' started.
Test Case '-[Yoga_of_EatingTests.InsightCardTests test_correlationCategory_foodToMood_hasIcon]' passed (0.000 seconds).
Test Case '-[Yoga_of_EatingTests.InsightCardTests test_correlationCategory_foodToSleep_hasIcon]' started.
Test Case '-[Yoga_of_EatingTests.InsightCardTests test_correlationCategory_foodToSleep_hasIcon]' passed (0.000 seconds).
Test Case '-[Yoga_of_EatingTests.InsightCardTests test_dailyInsight_dominantInsight_isNonEmpty]' started.
Test Case '-[Yoga_of_EatingTests.InsightCardTests test_dailyInsight_dominantInsight_isNonEmpty]' passed (0.000 seconds).
Test Case '-[Yoga_of_EatingTests.InsightCardTests test_dailyInsight_hasValidConfidence]' started.
Test Case '-[Yoga_of_EatingTests.InsightCardTests test_dailyInsight_hasValidConfidence]' passed (0.000 seconds).
Test Case '-[Yoga_of_EatingTests.InsightCardTests test_dailyInsight_headline_isNonEmpty]' started.
Test Case '-[Yoga_of_EatingTests.InsightCardTests test_dailyInsight_headline_isNonEmpty]' passed (0.000 seconds).
Test Case '-[Yoga_of_EatingTests.InsightCardTests test_dailyInsight_isViewed_defaultsFalse]' started.
Test Case '-[Yoga_of_EatingTests.InsightCardTests test_dailyInsight_isViewed_defaultsFalse]' passed (0.001 seconds).
Test Case '-[Yoga_of_EatingTests.InsightCardTests test_dailyInsight_markAsViewed_updatesFlag]' started.
Test Case '-[Yoga_of_EatingTests.InsightCardTests test_dailyInsight_markAsViewed_updatesFlag]' passed (0.000 seconds).
Test Suite 'InsightCardTests' passed at 2026-05-15 06:32:05.420.
	 Executed 8 tests, with 0 failures (0 unexpected) in 0.003 (0.006) seconds
Test Suite 'InsightConsolidationRegressionTests' started at 2026-05-15 06:32:05.420.
Test Case '-[Yoga_of_EatingTests.InsightConsolidationRegressionTests test_dailyInsight_codable_roundTrip]' started.
Test Case '-[Yoga_of_EatingTests.InsightConsolidationRegressionTests test_dailyInsight_codable_roundTrip]' passed (0.000 seconds).
Test Case '-[Yoga_of_EatingTests.InsightConsolidationRegressionTests test_dailyInsight_hasCorrelationCards]' started.
Test Case '-[Yoga_of_EatingTests.InsightConsolidationRegressionTests test_dailyInsight_hasCorrelationCards]' passed (0.000 seconds).
Test Case '-[Yoga_of_EatingTests.InsightConsolidationRegressionTests test_dailyInsight_hasDimensions]' started.
Test Case '-[Yoga_of_EatingTests.InsightConsolidationRegressionTests test_dailyInsight_hasDimensions]' passed (0.000 seconds).
Test Case '-[Yoga_of_EatingTests.InsightConsolidationRegressionTests test_dailyInsight_hasHeadline_and_dominantInsight]' started.
Test Case '-[Yoga_of_EatingTests.InsightConsolidationRegressionTests test_dailyInsight_hasHeadline_and_dominantInsight]' passed (0.000 seconds).
Test Case '-[Yoga_of_EatingTests.InsightConsolidationRegressionTests test_dailyInsight_hasNudge]' started.
Test Case '-[Yoga_of_EatingTests.InsightConsolidationRegressionTests test_dailyInsight_hasNudge]' passed (0.000 seconds).
Test Case '-[Yoga_of_EatingTests.InsightConsolidationRegressionTests test_historicalDataService_updateInsight_acceptsDailyInsight]' started.
Test Case '-[Yoga_of_EatingTests.InsightConsolidationRegressionTests test_historicalDataService_updateInsight_acceptsDailyInsight]' passed (0.001 seconds).
Test Case '-[Yoga_of_EatingTests.InsightConsolidationRegressionTests test_insightLifecycleService_generateBriefing_returnsDailyInsight]' started.
2026-05-15 06:32:05.425779+0530 Yoga of Eating[15816:124635] [[FirebaseCore]] 12.7.0 - [FirebaseCore][I-COR000003] The default Firebase app has not yet been configured. Add `FirebaseApp.configure()` to your application initialization. This can be done in in the App Delegate's application(_:didFinishLaunchingWithOptions:)` (or the `@main` struct's initializer in SwiftUI). Read moreTest Case '-[Yoga_of_EatingTests.InsightConsolidationRegressionTests test_insightLifecycleService_generateBriefing_returnsDailyInsight]' passed (0.001 seconds).
: https://firebase.google.com/docs/ios/setup#initialize_firebase_in_your_app
Test Case '-[Yoga_of_EatingTests.InsightConsolidationRegressionTests test_insightLifecycleService_generateEnrichedInsight_returnsDailyInsight]' started.
2026-05-15 06:32:05.427628+0530 Yoga of Eating[15816:124627] [[FirebaseCore]] 12.7.0 - [FirebaseCore][I-COR000003] The default Firebase app has not yet been configured. Add `FirebaseApp.configure()` to your application initialization. This can be done in in the App Delegate's application(_:didFinishLaunchingWithOptions:)` (or the `@main` struct's initializer in SwiftUI). Read more: https://firebase.google.com/docs/ios/setup#initialize_firebase_in_your_app
2026-05-15 06:32:05.427722+0530 Yoga of Eating[15816:124257] [InsightLifecycle] Enriched insight generated for 2026-05-15 01:02:05 +0000
Test Case '-[Yoga_of_EatingTests.InsightConsolidationRegressionTests test_insightLifecycleService_generateEnrichedInsight_returnsDailyInsight]' passed (0.018 seconds).
Test Case '-[Yoga_of_EatingTests.InsightConsolidationRegressionTests test_mainViewModel_currentInsight_isUnifiedType]' started.
2026-05-15 06:32:05.446369+0530 Yoga of Eating[15816:124635] [[FirebaseCore]] 12.7.0 - [FirebaseCore][I-COR000003] The default Firebase app has not yet been configured. Add `FirebaseApp.configure()` to your application initialization. This can be done in in the App Delegate's application(_:didFinishLaunchingWithOptions:)` (or the `@main` struct's initializer in SwiftUI). Read more: https://firebase.google.com/docs/ios/setup#initialize_firebase_in_your_app
2026-05-15 06:32:05.446469+0530 Yoga of Eating[15816:124635] [[FirebaseCore]] 12.7.0 - [FirebaseCore][I-COR000003] The default Firebase app has not yet been configured. Add `FirebaseApp.configure()` to your application initialization. This can be done in in the App Delegate's application(_:didFinishLaunchingWithOptions:)` (or the `@main` struct's initializer in SwiftUI). Read more: https://firebase.google.com/docs/ios/setup#initialize_firebase_in_your_app
Test Case '-[Yoga_of_EatingTests.InsightConsolidationRegressionTests test_mainViewModel_currentInsight_isUnifiedType]' passed (0.004 seconds).
Test Case '-[Yoga_of_EatingTests.InsightConsolidationRegressionTests test_mainViewModel_hasNoSeparateBriefingProperty]' started.
2026-05-15 06:32:05.450125+0530 Yoga of Eating[15816:124627] [[FirebaseCore]] 12.7.0 - [FirebaseCore][I-COR000003] The default Firebase app has not yet been configured. Add `FirebaseApp.configure()` to your application initialization. This can be done in in the App Delegate's application(_:didFinishLaunchingWithOptions:)` (or the `@main` struct's initializer in SwiftUI). Read more: https://firebase.google.com/docs/ios/setup#initialize_firebase_in_your_app
2026-05-15 06:32:05.450187+0530 Yoga of Eating[15816:124627] [[FirebaseCore]] 12.7.0 - [FirebaseCore][I-COR000003] The default Firebase app has not yet been configured. Add `FirebaseApp.configure()` to your application initialization. This can be done in in the App Delegate's application(_:didFinishLaunchingWithOptions:)` (or the `@main` struct's initializer in SwiftUI). Read more: https://firebase.google.com/docs/ios/setup#initialize_firebase_in_your_app
Test Case '-[Yoga_of_EatingTests.InsightConsolidationRegressionTests test_mainViewModel_hasNoSeparateBriefingProperty]' passed (0.004 seconds).
Test Case '-[Yoga_of_EatingTests.InsightConsolidationRegressionTests test_snapshot_hasOneInsightField]' started.
Test Case '-[Yoga_of_EatingTests.InsightConsolidationRegressionTests test_snapshot_hasOneInsightField]' passed (0.000 seconds).
Test Case '-[Yoga_of_EatingTests.InsightConsolidationRegressionTests test_snapshotPayloadBuilder_produces_validPayload]' started.
Test Case '-[Yoga_of_EatingTests.InsightConsolidationRegressionTests test_snapshotPayloadBuilder_produces_validPayload]' passed (0.000 seconds).
Test Suite 'InsightConsolidationRegressionTests' passed at 2026-05-15 06:32:05.455.
	 Executed 12 tests, with 0 failures (0 unexpected) in 0.031 (0.035) seconds
Test Suite 'InsightLifecycleIntegrationTests' started at 2026-05-15 06:32:05.455.
Test Case '-[Yoga_of_EatingTests.InsightLifecycleIntegrationTests test_enrichedInsight_codableRoundTrip]' started.
2026-05-15 06:32:05.455709+0530 Yoga of Eating[15816:124628] [[FirebaseCore]] 12.7.0 - [FirebaseCore][I-COR000003] The default Firebase app has not yet been configured. Add `FirebaseApp.configure()` to your application initialization. This can be done in in the App Delegate's application(_:didFinishLaunchingWithOptions:)` (or the `@main` struct's initializer in SwiftUI). Read more: https://firebase.google.com/docs/ios/setup#initialize_firebase_in_your_app
2026-05-15 06:32:05.455784+0530 Yoga of Eating[15816:124628] [[FirebaseCore]] 12.7.0 - [FirebaseCore][I-COR000003] The default Firebase app has not yet been configured. Add `FirebaseApp.configure()` to your application initialization. This can be done in in the App Delegate's application(_:didFinishLaunchingWithOptions:)` (or the `@main` struct's initializer in SwiftUI). Read more: https://firebase.google.com/docs/ios/setup#initialize_firebase_in_your_app
Test Case '-[Yoga_of_EatingTests.InsightLifecycleIntegrationTests test_enrichedInsight_codableRoundTrip]' passed (0.007 seconds).
Test Case '-[Yoga_of_EatingTests.InsightLifecycleIntegrationTests test_enrichedInsight_isNil_byDefault_onLegacySnapshot]' started.
2026-05-15 06:32:05.462797+0530 Yoga of Eating[15816:124627] [[FirebaseCore]] 12.7.0 - [FirebaseCore][I-COR000003] The default Firebase app has not yet been configured. Add `FirebaseApp.configure()` to your application initialization. This can be done in in the App Delegate's application(_:didFinishLaunchingWithOptions:)` (or the `@main` struct's initializer in SwiftUI). Read more: https://firebase.google.com/docs/ios/setup#initialize_firebase_in_your_app
2026-05-15 06:32:05.462879+0530 Yoga of Eating[15816:124627] [[FirebaseCore]] 12.7.0 - [FirebaseCore][I-COR000003] The default Firebase app has not yet been configured. Add `FirebaseApp.configure()` to your application initialization. This can be done in in the App Delegate's application(_:didFinishLaunchingWithOptions:)` (or the `@main` struct's initializer in SwiftUI). Read more: https://firebase.google.com/docs/ios/setup#initialize_firebase_in_your_app
Test Case '-[Yoga_of_EatingTests.InsightLifecycleIntegrationTests test_enrichedInsight_isNil_byDefault_onLegacySnapshot]' passed (0.001 seconds).
Test Case '-[Yoga_of_EatingTests.InsightLifecycleIntegrationTests test_legacyJSONWithoutEnrichedInsight_decodesSuccessfully]' started.
2026-05-15 06:32:05.463440+0530 Yoga of Eating[15816:124606] [[FirebaseCore]] 12.7.0 - [FirebaseCore][I-COR000003] The default Firebase app has not yet been configured. Add `FirebaseApp.configure()` to your application initialization. This can be done in in the App Delegate's application(_:didFinishLaunchingWithOptions:)` (or the `@main` struct's initializer in SwiftUI). Read more: https://firebase.google.com/docs/ios/setup#initialize_firebase_in_your_app
2026-05-15 06:32:05.463500+0530 Yoga of Eating[15816:124606] [[FirebaseCore]] 12.7.0 - [FirebaseCore][I-COR000003] The default Firebase app has not yet been configured. Add `FirebaseApp.configure()` to your application initialization. This can be done in in the App Delegate's application(_:didFinishLaunchingWithOptions:)` (or the `@main` struct's initializer in SwiftUI). Read more: https://firebase.google.com/docs/ios/setup#initialize_firebase_in_your_app
Test Case '-[Yoga_of_EatingTests.InsightLifecycleIntegrationTests test_legacyJSONWithoutEnrichedInsight_decodesSuccessfully]' passed (0.001 seconds).
Test Case '-[Yoga_of_EatingTests.InsightLifecycleIntegrationTests test_snapshot_lastWithInsightWins]' started.
2026-05-15 06:32:05.464872+0530 Yoga of Eating[15816:124627] [[FirebaseCore]] 12.7.0 - [FirebaseCore][I-COR000003] The default Firebase app has not yet been configured. Add `FirebaseApp.configure()` to your application initialization. This can be done in in the App Delegate's application(_:didFinishLaunchingWithOptions:)` (or the `@main` struct's initializer in SwiftUI). Read more: https://firebase.google.com/docs/ios/setup#initialize_firebase_in_your_app
2026-05-15 06:32:05.464964+0530 Yoga of Eating[15816:124627] [[FirebaseCore]] 12.7.0 - [FirebaseCore][I-COR000003] The default Firebase app has not yet been configured. Add `FirebaseApp.configure()` to your application initialization. This can be done in in the App Delegate's application(_:didFinishLaunchingWithOptions:)` (or the `@main` struct's initializer in SwiftUI). Read more: https://firebase.google.com/docs/ios/setup#initialize_firebase_in_your_app
Test Case '-[Yoga_of_EatingTests.InsightLifecycleIntegrationTests test_snapshot_lastWithInsightWins]' passed (0.000 seconds).
Test Case '-[Yoga_of_EatingTests.InsightLifecycleIntegrationTests test_updateEnrichedInsight_storesInSnapshot]' started.
2026-05-15 06:32:05.465521+0530 Yoga of Eating[15816:124606] [[FirebaseCore]] 12.7.0 - [FirebaseCore][I-COR000003] The default Firebase app has not yet been configured. Add `FirebaseApp.configure()` to your application initialization. This can be done in in the App Delegate's application(_:didFinishLaunchingWithOptions:)` (or the `@main` struct's initializer in SwiftUI). Read more: https://firebase.google.com/docs/ios/setup#initialize_firebase_in_your_app
2026-05-15 06:32:05.466314+0530 Yoga of Eating[15816:124606] [[FirebaseCore]] 12.7.0 - [FirebaseCore][I-COR000003] The default Firebase app has not yet been configured. Add `FirebaseApp.configure()` to your application initialization. This can be done in in the App Delegate's application(_:didFinishLaunchingWithOptions:)` (or the `@main` struct's initializer in SwiftUI). Read more: https://firebase.google.com/docs/ios/setup#initialize_firebase_in_your_app
Test Case '-[Yoga_of_EatingTests.InsightLifecycleIntegrationTests test_updateEnrichedInsight_storesInSnapshot]' passed (0.009 seconds).
Test Case '-[Yoga_of_EatingTests.InsightLifecycleIntegrationTests test_updateInsight_overwritesPreviousInsight]' started.
2026-05-15 06:32:05.475164+0530 Yoga of Eating[15816:124635] [[FirebaseCore]] 12.7.0 - [FirebaseCore][I-COR000003] The default Firebase app has not yet been configured. Add `FirebaseApp.configure()` to your application initialization. This can be done in in the App Delegate's application(_:didFinishLaunchingWithOptions:)` (or the `@main` struct's initializer in SwiftUI). Read more: https://firebase.google.com/docs/ios/setup#initialize_firebase_in_your_app
2026-05-15 06:32:05.475266+0530 Yoga of Eating[15816:124635] [[FirebaseCore]] 12.7.0 - [FirebaseCore][I-COR000003] The default Firebase app has not yet been configured. Add `FirebaseApp.configure()` to your application initialization. This can be done in in the App Delegate's application(_:didFinishLaunchingWithOptions:)` (or the `@main` struct's initializer in SwiftUI). Read more: https://firebase.google.com/docs/ios/setup#initialize_firebase_in_your_app
Test Case '-[Yoga_of_EatingTests.InsightLifecycleIntegrationTests test_updateInsight_overwritesPreviousInsight]' passed (0.001 seconds).
Test Suite 'InsightLifecycleIntegrationTests' passed at 2026-05-15 06:32:05.476.
	 Executed 6 tests, with 0 failures (0 unexpected) in 0.019 (0.020) seconds
Test Suite 'InsightLifecycleServiceGenerationTests' started at 2026-05-15 06:32:05.476.
Test Case '-[Yoga_of_EatingTests.InsightLifecycleServiceGenerationTests test_generateBriefing_highScoringSnapshots_headlineReflectsProgress]' started.
2026-05-15 06:32:05.476113+0530 Yoga of Eating[15816:124635] [[FirebaseCore]] 12.7.0 - [FirebaseCore][I-COR000003] The default Firebase app has not yet been configured. Add `FirebaseApp.configure()` to your application initialization. This can be done in in the App Delegate's application(_:didFinishLaunchingWithOptions:)` (or the `@main` struct's initializer in SwiftUI). Read more: https://firebase.google.com/docs/ios/setup#initialize_firebase_in_your_app
2026-05-15 06:32:05.476517+0530 Yoga of Eating[15816:124257] [InsightLifecycle] Local briefing fallback stored for 2026-05-15 01:02:05 +0000
Test Case '-[Yoga_of_EatingTests.InsightLifecycleServiceGenerationTests test_generateBriefing_highScoringSnapshots_headlineReflectsProgress]' passed (0.001 seconds).
Test Case '-[Yoga_of_EatingTests.InsightLifecycleServiceGenerationTests test_generateBriefing_localFallback_confidenceIsValid]' started.
2026-05-15 06:32:05.477194+0530 Yoga of Eating[15816:124627] [[FirebaseCore]] 12.7.0 - [FirebaseCore][I-COR000003] The default Firebase app has not yet been configured. Add `FirebaseApp.configure()` to your application initialization. This can be done in in the App Delegate's application(_:didFinishLaunchingWithOptions:)` (or the `@main` struct's initializer in SwiftUI). Read more: https://firebase.google.com/docs/ios/setup#initialize_firebase_in_your_app
2026-05-15 06:32:05.477374+0530 Yoga of Eating[15816:124257] [InsightLifecycle] Local briefing fallback stored for 2026-05-15 01:02:05 +0000
Test Case '-[Yoga_of_EatingTests.InsightLifecycleServiceGenerationTests test_generateBriefing_localFallback_confidenceIsValid]' passed (0.001 seconds).
Test Case '-[Yoga_of_EatingTests.InsightLifecycleServiceGenerationTests test_generateBriefing_localFallback_headlineIsNonEmpty]' started.
2026-05-15 06:32:05.478100+0530 Yoga of Eating[15816:124606] [[FirebaseCore]] 12.7.0 - [FirebaseCore][I-COR000003] The default Firebase app has not yet been configured. Add `FirebaseApp.configure()` to your application initialization. This can be done in in the App Delegate's application(_:didFinishLaunchingWithOptions:)` (or the `@main` struct's initializer in SwiftUI). Read more: https://firebase.google.com/docs/ios/setup#initialize_firebase_in_your_app
2026-05-15 06:32:05.478236+0530 Yoga of Eating[15816:124257] [InsightLifecycle] Local briefing fallback stored for 2026-05-15 01:02:05 +0000
Test Case '-[Yoga_of_EatingTests.InsightLifecycleServiceGenerationTests test_generateBriefing_localFallback_headlineIsNonEmpty]' passed (0.001 seconds).
Test Case '-[Yoga_of_EatingTests.InsightLifecycleServiceGenerationTests test_generateBriefing_localFallback_nudgeSuggestionIsNonEmpty]' started.
2026-05-15 06:32:05.478987+0530 Yoga of Eating[15816:124628] [[FirebaseCore]] 12.7.0 - [FirebaseCore][I-COR000003] The default Firebase app has not yet been configured. Add `FirebaseApp.configure()` to your application initialization. This can be done in in the App Delegate's application(_:didFinishLaunchingWithOptions:)` (or the `@main` struct's initializer in SwiftUI). Read more: https://firebase.google.com/docs/ios/setup#initialize_firebase_in_your_app
2026-05-15 06:32:05.479123+0530 Yoga of Eating[15816:124257] [InsightLifecycle] Local briefing fallback stored for 2026-05-15 01:02:05 +0000
Test Case '-[Yoga_of_EatingTests.InsightLifecycleServiceGenerationTests test_generateBriefing_localFallback_nudgeSuggestionIsNonEmpty]' passed (0.001 seconds).
Test Case '-[Yoga_of_EatingTests.InsightLifecycleServiceGenerationTests test_generateBriefing_persistedInsight_retrievableFromSnapshot]' started.
2026-05-15 06:32:05.479763+0530 Yoga of Eating[15816:124606] [[FirebaseCore]] 12.7.0 - [FirebaseCore][I-COR000003] The default Firebase app has not yet been configured. Add `FirebaseApp.configure()` to your application initialization. This can be done in in the App Delegate's application(_:didFinishLaunchingWithOptions:)` (or the `@main` struct's initializer in SwiftUI). Read more: https://firebase.google.com/docs/ios/setup#initialize_firebase_in_your_app
2026-05-15 06:32:05.479877+0530 Yoga of Eating[15816:124257] [InsightLifecycle] Local briefing fallback stored for 2026-05-14 18:30:00 +0000
Test Case '-[Yoga_of_EatingTests.InsightLifecycleServiceGenerationTests test_generateBriefing_persistedInsight_retrievableFromSnapshot]' passed (0.001 seconds).
Test Case '-[Yoga_of_EatingTests.InsightLifecycleServiceGenerationTests test_generateBriefing_persistsViaUpdateInsight]' started.
2026-05-15 06:32:05.480565+0530 Yoga of Eating[15816:124606] [[FirebaseCore]] 12.7.0 - [FirebaseCore][I-COR000003] The default Firebase app has not yet been configured. Add `FirebaseApp.configure()` to your application initialization. This can be done in in the App Delegate's application(_:didFinishLaunchingWithOptions:)` (or the `@main` struct's initializer in SwiftUI). Read more: https://firebase.google.com/docs/ios/setup#initialize_firebase_in_your_app
2026-05-15 06:32:05.480696+0530 Yoga of Eating[15816:124257] [InsightLifecycle] Local briefing fallback stored for 2026-05-15 01:02:05 +0000
Test Case '-[Yoga_of_EatingTests.InsightLifecycleServiceGenerationTests test_generateBriefing_persistsViaUpdateInsight]' passed (0.001 seconds).
Test Case '-[Yoga_of_EatingTests.InsightLifecycleServiceGenerationTests test_generateBriefing_returnsInsight_withTwoOrMoreSnapshots]' started.
2026-05-15 06:32:05.481391+0530 Yoga of Eating[15816:124627] [[FirebaseCore]] 12.7.0 - [FirebaseCore][I-COR000003] The default Firebase app has not yet been configured. Add `FirebaseApp.configure()` to your application initialization. This can be done in in the App Delegate's application(_:didFinishLaunchingWithOptions:)` (or the `@main` struct's initializer in SwiftUI). Read more: https://firebase.google.com/docs/ios/setup#initialize_firebase_in_your_app
2026-05-15 06:32:05.481525+0530 Yoga of Eating[15816:124257] [InsightLifecycle] Local briefing fallback stored for 2026-05-15 01:02:05 +0000
Test Case '-[Yoga_of_EatingTests.InsightLifecycleServiceGenerationTests test_generateBriefing_returnsInsight_withTwoOrMoreSnapshots]' passed (0.001 seconds).
Test Case '-[Yoga_of_EatingTests.InsightLifecycleServiceGenerationTests test_generateBriefing_returnsNil_whenFewerThanTwoSnapshots]' started.
2026-05-15 06:32:05.482330+0530 Yoga of Eating[15816:124628] [[FirebaseCore]] 12.7.0 - [FirebaseCore][I-COR000003] The default Firebase app has not yet been configured. Add `FirebaseApp.configure()` to your application initialization. This can be done in in the App Delegate's application(_:didFinishLaunchingWithOptions:)` (or the `@main` struct's initializer in SwiftUI). Read more: https://firebase.google.com/docs/ios/setup#initialize_firebase_in_your_app
Test Case '-[Yoga_of_EatingTests.InsightLifecycleServiceGenerationTests test_generateBriefing_returnsNil_whenFewerThanTwoSnapshots]' passed (0.001 seconds).
Test Case '-[Yoga_of_EatingTests.InsightLifecycleServiceGenerationTests test_generateBriefing_returnsUnifiedDailyInsight_notLegacyType]' started.
2026-05-15 06:32:05.483640+0530 Yoga of Eating[15816:124629] [[FirebaseCore]] 12.7.0 - [FirebaseCore][I-COR000003] The default Firebase app has not yet been configured. Add `FirebaseApp.configure()` to your application initialization. This can be done in in the App Delegate's application(_:didFinishLaunchingWithOptions:)` (or the `@main` struct's initializer in SwiftUI). Read more: https://firebase.google.com/docs/ios/setup#initialize_firebase_in_your_app
2026-05-15 06:32:05.483790+0530 Yoga of Eating[15816:124257] [InsightLifecycle] Local briefing fallback stored for 2026-05-15 01:02:05 +0000
Test Case '-[Yoga_of_EatingTests.InsightLifecycleServiceGenerationTests test_generateBriefing_returnsUnifiedDailyInsight_notLegacyType]' passed (0.001 seconds).
Test Case '-[Yoga_of_EatingTests.InsightLifecycleServiceGenerationTests test_insightLifecycleService_hasNoBriefingServiceDependency]' started.
2026-05-15 06:32:05.484432+0530 Yoga of Eating[15816:124606] [[FirebaseCore]] 12.7.0 - [FirebaseCore][I-COR000003] The default Firebase app has not yet been configured. Add `FirebaseApp.configure()` to your application initialization. This can be done in in the App Delegate's application(_:didFinishLaunchingWithOptions:)` (or the `@main` struct's initializer in SwiftUI). Read more: https://firebase.google.com/docs/ios/setup#initialize_firebase_in_your_app
2026-05-15 06:32:05.484494+0530 Yoga of Eating[15816:124606] [[FirebaseCore]] 12.7.0 - [FirebaseCore][I-COR000003] The default Firebase app has not yet been configured. Add `FirebaseApp.configure()` to your application initialization. This can be done in in the App Delegate's application(_:didFinishLaunchingWithOptions:)` (or the `@main` struct's initializer in SwiftUI). Read more: https://firebase.google.com/docs/ios/setup#initialize_firebase_in_your_app
Test Case '-[Yoga_of_EatingTests.InsightLifecycleServiceGenerationTests test_insightLifecycleService_hasNoBriefingServiceDependency]' passed (0.004 seconds).
Test Suite 'InsightLifecycleServiceGenerationTests' passed at 2026-05-15 06:32:05.488.
	 Executed 10 tests, with 0 failures (0 unexpected) in 0.011 (0.013) seconds
Test Suite 'InsightLifecycleTests' started at 2026-05-15 06:32:05.489.
Test Case '-[Yoga_of_EatingTests.InsightLifecycleTests test_generateEnrichedInsight_callsUpdateEnrichedInsightOnHistoricalService]' started.
2026-05-15 06:32:05.489086+0530 Yoga of Eating[15816:124635] [[FirebaseCore]] 12.7.0 - [FirebaseCore][I-COR000003] The default Firebase app has not yet been configured. Add `FirebaseApp.configure()` to your application initialization. This can be done in in the App Delegate's application(_:didFinishLaunchingWithOptions:)` (or the `@main` struct's initializer in SwiftUI). Read more: https://firebase.google.com/docs/ios/setup#initialize_firebase_in_your_app
2026-05-15 06:32:05.489410+0530 Yoga of Eating[15816:124257] [InsightLifecycle] Enriched insight generated for 2026-05-15 01:02:05 +0000
Test Case '-[Yoga_of_EatingTests.InsightLifecycleTests test_generateEnrichedInsight_callsUpdateEnrichedInsightOnHistoricalService]' passed (0.001 seconds).
Test Case '-[Yoga_of_EatingTests.InsightLifecycleTests test_generateEnrichedInsight_causalExplanationIsNonEmpty]' started.
2026-05-15 06:32:05.490096+0530 Yoga of Eating[15816:124635] [[FirebaseCore]] 12.7.0 - [FirebaseCore][I-COR000003] The default Firebase app has not yet been configured. Add `FirebaseApp.configure()` to your application initialization. This can be done in in the App Delegate's application(_:didFinishLaunchingWithOptions:)` (or the `@main` struct's initializer in SwiftUI). Read more: https://firebase.google.com/docs/ios/setup#initialize_firebase_in_your_app
2026-05-15 06:32:05.490200+0530 Yoga of Eating[15816:124257] [InsightLifecycle] Enriched insight generated for 2026-05-15 01:02:05 +0000
Test Case '-[Yoga_of_EatingTests.InsightLifecycleTests test_generateEnrichedInsight_causalExplanationIsNonEmpty]' passed (0.001 seconds).
Test Case '-[Yoga_of_EatingTests.InsightLifecycleTests test_generateEnrichedInsight_confidenceInValidRange]' started.
2026-05-15 06:32:05.490915+0530 Yoga of Eating[15816:124629] [[FirebaseCore]] 12.7.0 - [FirebaseCore][I-COR000003] The default Firebase app has not yet been configured. Add `FirebaseApp.configure()` to your application initialization. This can be done in in the App Delegate's application(_:didFinishLaunchingWithOptions:)` (or the `@main` struct's initializer in SwiftUI). Read more: https://firebase.google.com/docs/ios/setup#initialize_firebase_in_your_app
2026-05-15 06:32:05.491017+0530 Yoga of Eating[15816:124257] [InsightLifecycle] Enriched insight generated for 2026-05-15 01:02:05 +0000
Test Case '-[Yoga_of_EatingTests.InsightLifecycleTests test_generateEnrichedInsight_confidenceInValidRange]' passed (0.001 seconds).
Test Case '-[Yoga_of_EatingTests.InsightLifecycleTests test_generateEnrichedInsight_dimensionsMatchSynthesis]' started.
2026-05-15 06:32:05.491676+0530 Yoga of Eating[15816:124629] [[FirebaseCore]] 12.7.0 - [FirebaseCore][I-COR000003] The default Firebase app has not yet been configured. Add `FirebaseApp.configure()` to your application initialization. This can be done in in the App Delegate's application(_:didFinishLaunchingWithOptions:)` (or the `@main` struct's initializer in SwiftUI). Read more: https://firebase.google.com/docs/ios/setup#initialize_firebase_in_your_app
2026-05-15 06:32:05.491729+0530 Yoga of Eating[15816:124257] [InsightLifecycle] Enriched insight generated for 2026-05-15 01:02:05 +0000
Test Case '-[Yoga_of_EatingTests.InsightLifecycleTests test_generateEnrichedInsight_dimensionsMatchSynthesis]' passed (0.001 seconds).
Test Case '-[Yoga_of_EatingTests.InsightLifecycleTests test_generateEnrichedInsight_hasCorrelationCards]' started.
2026-05-15 06:32:05.492371+0530 Yoga of Eating[15816:124629] [[FirebaseCore]] 12.7.0 - [FirebaseCore][I-COR000003] The default Firebase app has not yet been configured. Add `FirebaseApp.configure()` to your application initialization. This can be done in in the App Delegate's application(_:didFinishLaunchingWithOptions:)` (or the `@main` struct's initializer in SwiftUI). Read more: https://firebase.google.com/docs/ios/setup#initialize_firebase_in_your_app
2026-05-15 06:32:05.492502+0530 Yoga of Eating[15816:124257] [InsightLifecycle] Enriched insight generated for 2026-05-15 01:02:05 +0000
Test Case '-[Yoga_of_EatingTests.InsightLifecycleTests test_generateEnrichedInsight_hasCorrelationCards]' passed (0.002 seconds).
Test Case '-[Yoga_of_EatingTests.InsightLifecycleTests test_generateEnrichedInsight_headlineIsNonEmpty]' started.
2026-05-15 06:32:05.494119+0530 Yoga of Eating[15816:124627] [[FirebaseCore]] 12.7.0 - [FirebaseCore][I-COR000003] The default Firebase app has not yet been configured. Add `FirebaseApp.configure()` to your application initialization. This can be done in in the App Delegate's application(_:didFinishLaunchingWithOptions:)` (or the `@main` struct's initializer in SwiftUI). Read more: https://firebase.google.com/docs/ios/setup#initialize_firebase_in_your_app
2026-05-15 06:32:05.494233+0530 Yoga of Eating[15816:124257] [InsightLifecycle] Enriched insight generated for 2026-05-15 01:02:05 +0000
Test Case '-[Yoga_of_EatingTests.InsightLifecycleTests test_generateEnrichedInsight_headlineIsNonEmpty]' passed (0.001 seconds).
Test Case '-[Yoga_of_EatingTests.InsightLifecycleTests test_generateEnrichedInsight_overwritesPreviousInsight]' started.
2026-05-15 06:32:05.494910+0530 Yoga of Eating[15816:124635] [[FirebaseCore]] 12.7.0 - [FirebaseCore][I-COR000003] The default Firebase app has not yet been configured. Add `FirebaseApp.configure()` to your application initialization. This can be done in in the App Delegate's application(_:didFinishLaunchingWithOptions:)` (or the `@main` struct's initializer in SwiftUI). Read more: https://firebase.google.com/docs/ios/setup#initialize_firebase_in_your_app
2026-05-15 06:32:05.494982+0530 Yoga of Eating[15816:124257] [InsightLifecycle] Enriched insight generated for 2026-05-15 01:02:05 +0000
Test Case '-[Yoga_of_EatingTests.InsightLifecycleTests test_generateEnrichedInsight_overwritesPreviousInsight]' passed (0.001 seconds).
Test Case '-[Yoga_of_EatingTests.InsightLifecycleTests test_generateEnrichedInsight_persistsToSnapshotViaHistoricalService]' started.
2026-05-15 06:32:05.495850+0530 Yoga of Eating[15816:124606] [[FirebaseCore]] 12.7.0 - [FirebaseCore][I-COR000003] The default Firebase app has not yet been configured. Add `FirebaseApp.configure()` to your application initialization. This can be done in in the App Delegate's application(_:didFinishLaunchingWithOptions:)` (or the `@main` struct's initializer in SwiftUI). Read more: https://firebase.google.com/docs/ios/setup#initialize_firebase_in_your_app
2026-05-15 06:32:05.495957+0530 Yoga of Eating[15816:124257] [InsightLifecycle] Enriched insight generated for 2026-05-15 01:02:05 +0000
Test Case '-[Yoga_of_EatingTests.InsightLifecycleTests test_generateEnrichedInsight_persistsToSnapshotViaHistoricalService]' passed (0.001 seconds).
Test Case '-[Yoga_of_EatingTests.InsightLifecycleTests test_generateEnrichedInsight_returnsNil_withInsufficientSnapshots]' started.
2026-05-15 06:32:05.496775+0530 Yoga of Eating[15816:124628] [[FirebaseCore]] 12.7.0 - [FirebaseCore][I-COR000003] The default Firebase app has not yet been configured. Add `FirebaseApp.configure()` to your application initialization. This can be done in in the App Delegate's application(_:didFinishLaunchingWithOptions:)` (or the `@main` struct's initializer in SwiftUI). Read more: https://firebase.google.com/docs/ios/setup#initialize_firebase_in_your_app
Test Case '-[Yoga_of_EatingTests.InsightLifecycleTests test_generateEnrichedInsight_returnsNil_withInsufficientSnapshots]' passed (0.001 seconds).
Test Case '-[Yoga_of_EatingTests.InsightLifecycleTests test_generateEnrichedInsight_returnsNonNil_withValidInput]' started.
2026-05-15 06:32:05.497358+0530 Yoga of Eating[15816:124627] [[FirebaseCore]] 12.7.0 - [FirebaseCore][I-COR000003] The default Firebase app has not yet been configured. Add `FirebaseApp.configure()` to your application initialization. This can be done in 2026-05-15 06:32:05.497423+0530 Yoga of Eating[15816:124257] [InsightLifecycle] Enriched insight generated for 2026-05-15 01:02:05 +0000
in the App Delegate's application(_:didFinishLaunchingWithOptions:)` (or the `@main` struct's initializer in SwiftUI). Read more: https://firebase.google.com/docs/ios/setup#initialize_firebase_in_your_app
Test Case '-[Yoga_of_EatingTests.InsightLifecycleTests test_generateEnrichedInsight_returnsNonNil_withValidInput]' passed (0.001 seconds).
Test Case '-[Yoga_of_EatingTests.InsightLifecycleTests test_generateEnrichedInsight_textSignalsFromSynthesis]' started.
2026-05-15 06:32:05.498394+0530 Yoga of Eating[15816:124635] [[FirebaseCore]] 12.7.0 - [FirebaseCore][I-COR000003] The default Firebase app has not yet been configured. Add `FirebaseApp.configure()` to your application initialization. This can be done in in the App Delegate's application(_:didFinishLaunchingWithOptions:)` (or the `@main` struct's initializer in SwiftUI). Read more: https://firebase.google.com/docs/ios/setup#initialize_firebase_in_your_app
2026-05-15 06:32:05.498511+0530 Yoga of Eating[15816:124257] [InsightLifecycle] Enriched insight generated for 2026-05-15 01:02:05 +0000
Test Case '-[Yoga_of_EatingTests.InsightLifecycleTests test_generateEnrichedInsight_textSignalsFromSynthesis]' passed (0.001 seconds).
Test Case '-[Yoga_of_EatingTests.InsightLifecycleTests test_serviceConformsToInsightLifecycling]' started.
2026-05-15 06:32:05.499940+0530 Yoga of Eating[15816:124635] [[FirebaseCore]] 12.7.0 - [FirebaseCore][I-COR000003] The default Firebase app has not yet been configured. Add `FirebaseApp.configure()` to your application initialization. This can be done in in the App Delegate's application(_:didFinishLaunchingWithOptions:)` (or the `@main` struct's initializer in SwiftUI). Read more: https://firebase.google.com/docs/ios/setup#initialize_firebase_in_your_app
2026-05-15 06:32:05.500012+0530 Yoga of Eating[15816:124635] [[FirebaseCore]] 12.7.0 - [FirebaseCore][I-COR000003] The default Firebase app has not yet been configured. Add `FirebaseApp.configure()` to your application initialization. This can be done in in the App Delegate's application(_:didFinishLaunchingWithOptions:)` (or the `@main` struct's initializer in SwiftUI). Read more: https://firebase.google.com/docs/ios/setup#initialize_firebase_in_your_app
Test Case '-[Yoga_of_EatingTests.InsightLifecycleTests test_serviceConformsToInsightLifecycling]' passed (0.000 seconds).
Test Suite 'InsightLifecycleTests' passed at 2026-05-15 06:32:05.501.
	 Executed 12 tests, with 0 failures (0 unexpected) in 0.009 (0.012) seconds
Test Suite 'InsightPeekabooTests' started at 2026-05-15 06:32:05.501.
Test Case '-[Yoga_of_EatingTests.InsightPeekabooTests test_insight_isAvailable_whenDominantInsightNotEmpty]' started.
Test Case '-[Yoga_of_EatingTests.InsightPeekabooTests test_insight_isAvailable_whenDominantInsightNotEmpty]' passed (0.000 seconds).
Test Case '-[Yoga_of_EatingTests.InsightPeekabooTests test_insight_isNotAvailable_whenNil]' started.
Test Case '-[Yoga_of_EatingTests.InsightPeekabooTests test_insight_isNotAvailable_whenNil]' passed (0.000 seconds).
Test Case '-[Yoga_of_EatingTests.InsightPeekabooTests test_insight_strings_exist]' started.
Test Case '-[Yoga_of_EatingTests.InsightPeekabooTests test_insight_strings_exist]' passed (0.000 seconds).
Test Case '-[Yoga_of_EatingTests.InsightPeekabooTests test_insight_unreadIndicator_tracksViewedState]' started.
Test Case '-[Yoga_of_EatingTests.InsightPeekabooTests test_insight_unreadIndicator_tracksViewedState]' passed (0.000 seconds).
Test Case '-[Yoga_of_EatingTests.InsightPeekabooTests test_insightBottomSheet_dismissMarksAsRead]' started.
Test Case '-[Yoga_of_EatingTests.InsightPeekabooTests test_insightBottomSheet_dismissMarksAsRead]' passed (0.000 seconds).
Test Case '-[Yoga_of_EatingTests.InsightPeekabooTests test_insightBottomSheet_displaysUnifiedDailyInsight]' started.
Test Case '-[Yoga_of_EatingTests.InsightPeekabooTests test_insightBottomSheet_displaysUnifiedDailyInsight]' passed (0.000 seconds).
Test Case '-[Yoga_of_EatingTests.InsightPeekabooTests test_viewModel_hasUnreadInsight_defaultsFalse]' started.
2026-05-15 06:32:05.504258+0530 Yoga of Eating[15816:124606] [[FirebaseCore]] 12.7.0 - [FirebaseCore][I-COR000003] The default Firebase app has not yet been configured. Add `FirebaseApp.configure()` to your application initialization. This can be done in in the App Delegate's application(_:didFinishLaunchingWithOptions:)` (or the `@main` struct's initializer in SwiftUI). Read more: https://firebase.google.com/docs/ios/setup#initialize_firebase_in_your_app
Test Case '-[Yoga_of_EatingTests.InsightPeekabooTests test_viewModel_hasUnreadInsight_defaultsFalse]' passed (0.001 seconds).
2026-05-15 06:32:05.504333+0530 Yoga of Eating[15816:124606] [[FirebaseCore]] 12.7.0 - [FirebaseCore][I-COR000003] The default Firebase app has not yet been configured. Add `FirebaseApp.configure()` to your application initialization. This can be done in in the App Delegate's application(_:didFinishLaunchingWithOptions:)` (or the `@main` struct's initializer in SwiftUI). Read more: https://firebase.google.com/docs/ios/setup#initialize_firebase_in_your_app
Test Case '-[Yoga_of_EatingTests.InsightPeekabooTests test_viewModel_showInsightSheet_defaultsFalse]' started.
2026-05-15 06:32:05.504987+0530 Yoga of Eating[15816:124627] [[FirebaseCore]] 12.7.0 - [FirebaseCore][I-COR000003] The default Firebase app has not yet been configured. Add `FirebaseApp.configure()` to your application initialization. This can be done in in the App Delegate's application(Test Case '-[Yoga_of_EatingTests.InsightPeekabooTests test_viewModel_showInsightSheet_defaultsFalse]' passed (0.001 seconds).
_:didFinishLaunchingWithOptions:)` (or the `@main` struct's initializer in SwiftUI). Read more: https://firebase.google.com/docs/ios/setup#initialize_firebase_in_your_app
2026-05-15 06:32:05.505176+0530 Yoga of Eating[15816:124627] [[FirebaseCore]] 12.7.0 - [FirebaseCore][I-COR000003] The default Firebase app has not yet been configured. Add `FirebaseApp.configure()` to your application initialization. This can be done in in the App Delegate's application(_:didFinishLaunchingWithOptions:)` (or the `@main` struct's initializer in SwiftUI). Read more: https://firebase.google.com/docs/ios/setup#initialize_firebase_in_your_app
Test Case '-[Yoga_of_EatingTests.InsightPeekabooTests test_viewModel_toggleInsightSheet_changesState]' started.
2026-05-15 06:32:05.505693+0530 Yoga of Eating[15816:124629] [[FirebaseCore]] 12.7.0 - [FirebaseCore][I-COR000003] ThTest Case '-[Yoga_of_EatingTests.InsightPeekabooTests test_viewModel_toggleInsightSheet_changesState]' passed (0.001 seconds).
e default Firebase app has not yet been configured. Add `FirebaseApp.configure()` to your application initialization. This can be done in in the App Delegate's application(_:didFinishLaunchingWithOptions:)` (or the `@main` struct's initializer in SwiftUI). Read more: https://firebase.google.com/docs/ios/setup#initialize_firebase_in_your_app
Test Suite 'InsightPeekabooTests' passed at 2026-05-15 06:32:05.508.
	 Executed 9 tests, with 0 failures (0 unexpected) in 0.004 (0.007) seconds
2026-05-15 06:32:05.508263+0530 Yoga of Eating[15816:124629] [[FirebaseCore]] 12.7.0 - [FirebaseCore][I-COR000003] The default Firebase app has not yet been configured. Add `FirebaseApp.configure()` to your application initialization. This can be done in in the App Delegate's application(_:didFinishLaunchingWithOptions:)` (or the `@main` struct's initializer in SwiftUI). Read more: https://firebase.google.com/docs/ios/setup#initialize_firebase_in_your_app
Test Suite 'InsightReferenceTests' started at 2026-05-15 06:32:05.508.
Test Case '-[Yoga_of_EatingTests.InsightReferenceTests test_insightReference_encodesDateAndDescription]' started.
Test Case '-[Yoga_of_EatingTests.InsightReferenceTests test_insightReference_encodesDateAndDescription]' passed (0.002 seconds).
Test Case '-[Yoga_of_EatingTests.InsightReferenceTests test_insightReference_equatable]' started.
Test Case '-[Yoga_of_EatingTests.InsightReferenceTests test_insightReference_equatable]' passed (0.000 seconds).
Test Case '-[Yoga_of_EatingTests.InsightReferenceTests test_insightReference_formatsDateCorrectly]' started.
Test Case '-[Yoga_of_EatingTests.InsightReferenceTests test_insightReference_formatsDateCorrectly]' passed (0.000 seconds).
Test Case '-[Yoga_of_EatingTests.InsightReferenceTests test_insightReference_initialization]' started.
Test Case '-[Yoga_of_EatingTests.InsightReferenceTests test_insightReference_initialization]' passed (0.000 seconds).
Test Case '-[Yoga_of_EatingTests.InsightReferenceTests test_referenceCategory_allCasesExist]' started.
Test Case '-[Yoga_of_EatingTests.InsightReferenceTests test_referenceCategory_allCasesExist]' passed (0.000 seconds).
Test Case '-[Yoga_of_EatingTests.InsightReferenceTests test_referenceCategory_hasDisplayName]' started.
Test Case '-[Yoga_of_EatingTests.InsightReferenceTests test_referenceCategory_hasDisplayName]' passed (0.000 seconds).
Test Suite 'InsightReferenceTests' passed at 2026-05-15 06:32:05.513.
	 Executed 6 tests, with 0 failures (0 unexpected) in 0.003 (0.004) seconds
Test Suite 'InsightServiceTests' started at 2026-05-15 06:32:05.513.
Test Case '-[Yoga_of_EatingTests.InsightServiceTests test_insightLifecycleService_generatesLocalBriefing_independently]' started.
2026-05-15 06:32:05.513415+0530 Yoga of Eating[15816:124628] [[FirebaseCore]] 12.7.0 - [FirebaseCore][I-COR000003] The default Firebase app has not yet been configured. Add `FirebaseApp.configure()` to your application initialization. This can be done in in the App Delegate's application(_:didFinishLaunchingWithOptions:)` (or the `@main` struct's initializer in SwiftUI). Read more: https://firebase.google.com/docs/ios/setup#initialize_firebase_in_your_app
2026-05-15 06:32:05.513497+0530 Yoga of Eating[15816:124257] [InsightLifecycle] Local briefing fallback stored for 2026-05-15 01:02:05 +0000
Test Case '-[Yoga_of_EatingTests.InsightServiceTests test_insightLifecycleService_generatesLocalBriefing_independently]' passed (0.001 seconds).
Test Case '-[Yoga_of_EatingTests.InsightServiceTests test_insightLifecycleService_returnsNil_whenInsufficientData]' started.
2026-05-15 06:32:05.514380+0530 Yoga of Eating[15816:124627] [[FirebaseCore]] 12.7.0 - [FirebaseCore][I-COR000003] Test Case '-[Yoga_of_EatingTests.InsightServiceTests test_insightLifecycleService_returnsNil_whenInsufficientData]' passed (0.001 seconds).
The default Firebase app has not yet been configured. Add `FirebaseApp.configure()` to your application initialization. This can be done in in the App Delegate's application(_:didFinishLaunchingWithOptions:)` (or the `@main` struct's initializer in SwiftUI). Read more: https://firebase.google.com/docs/ios/setup#initialize_firebase_in_your_app
Test Case '-[Yoga_of_EatingTests.InsightServiceTests test_patternAnalysisEngine_generateCorrelationCards_producesValidOutput]' started.
Test Case '-[Yoga_of_EatingTests.InsightServiceTests test_patternAnalysisEngine_generateCorrelationCards_producesValidOutput]' passed (0.001 seconds).
Test Suite 'InsightServiceTests' passed at 2026-05-15 06:32:05.518.
	 Executed 3 tests, with 0 failures (0 unexpected) in 0.002 (0.005) seconds
Test Suite 'InsightStorageMigrationTests' started at 2026-05-15 06:32:05.518.
Test Case '-[Yoga_of_EatingTests.InsightStorageMigrationTests test_decode_bothNewAndEnrichedPresent_newInsightWins]' started.
Test Case '-[Yoga_of_EatingTests.InsightStorageMigrationTests test_decode_bothNewAndEnrichedPresent_newInsightWins]' passed (0.001 seconds).
Test Case '-[Yoga_of_EatingTests.InsightStorageMigrationTests test_decode_enrichedWinsOverBriefingWhenBothPresent]' started.
Test Case '-[Yoga_of_EatingTests.InsightStorageMigrationTests test_decode_enrichedWinsOverBriefingWhenBothPresent]' passed (0.001 seconds).
Test Case '-[Yoga_of_EatingTests.InsightStorageMigrationTests test_decode_legacyBriefingKey_migratesIntoInsight]' started.
Test Case '-[Yoga_of_EatingTests.InsightStorageMigrationTests test_decode_legacyBriefingKey_migratesIntoInsight]' passed (0.002 seconds).
Test Case '-[Yoga_of_EatingTests.InsightStorageMigrationTests test_decode_legacyEnrichedInsightKey_migratesIntoInsight]' started.
Test Case '-[Yoga_of_EatingTests.InsightStorageMigrationTests test_decode_legacyEnrichedInsightKey_migratesIntoInsight]' passed (0.001 seconds).
Test Case '-[Yoga_of_EatingTests.InsightStorageMigrationTests test_decode_newFormat_insightKey_loadsCorrectly]' started.
Test Case '-[Yoga_of_EatingTests.InsightStorageMigrationTests test_decode_newFormat_insightKey_loadsCorrectly]' passed (0.000 seconds).
Test Case '-[Yoga_of_EatingTests.InsightStorageMigrationTests test_decode_noInsightData_insightIsNil]' started.
Test Case '-[Yoga_of_EatingTests.InsightStorageMigrationTests test_decode_noInsightData_insightIsNil]' passed (0.000 seconds).
Test Case '-[Yoga_of_EatingTests.InsightStorageMigrationTests test_roundTrip_encodeDecode_preservesInsight]' started.
Test Case '-[Yoga_of_EatingTests.InsightStorageMigrationTests test_roundTrip_encodeDecode_preservesInsight]' passed (0.000 seconds).
Test Suite 'InsightStorageMigrationTests' passed at 2026-05-15 06:32:05.524.
	 Executed 7 tests, with 0 failures (0 unexpected) in 0.005 (0.007) seconds
Test Suite 'InsightTriggerTests' started at 2026-05-15 06:32:05.524.
Test Case '-[Yoga_of_EatingTests.InsightTriggerTests test_currentInsight_makesInsightAvailable]' started.
2026-05-15 06:32:05.526440+0530 Yoga of Eating[15816:124257] [Reflection] Failed to fetch HealthKit sleep data: Authorization not determined
2026-05-15 06:32:05.526563+0530 Yoga of Eating[15816:124257] [Reflection] Failed to fetch HealthKit sleep data: Authorization not determined
2026-05-15 06:32:05.527170+0530 Yoga of Eating[15816:124257] [Reflection] Failed to fetch HealthKit sleep data: Authorization not determined
2026-05-15 06:32:05.527301+0530 Yoga of Eating[15816:124257] [Reflection] Failed to fetch HealthKit sleep data: Authorization not determined
2026-05-15 06:32:05.527757+0530 Yoga of Eating[15816:124257] [Reflection] Failed to fetch HealthKit sleep data: Authorization not determined
2026-05-15 06:32:05.528065+0530 Yoga of Eating[15816:124629] [[FirebaseCore]] 12.7.0 - [FirebaseCore][I-COR000003] The default Firebase app has not yet been configured. Add `FirebaseApp.configure()` to your application initialization. This can be done in in the App Delegate's application(_:didFinishLaunchingWithOptions:)` (or the `@main` struct's initializer in SwiftUI). Read more: https://firebase.google.com/docs/ios/setup#initialize_firebase_in_your_app
FirebaseAuth/Auth.swift:155: Fatal error: The default FirebaseApp instance must be configured before the default Auth instance can be initialized. One way to ensure this is to call `FirebaseApp.configure()` in the App Delegate's `application(_:didFinishLaunchingWithOptions:)` (or the `@main` struct's initializer in SwiftUI).
2026-05-15 06:32:05.528219+0530 Yoga of Eating[15816:124257] FirebaseAuth/Auth.swift:155: Fatal error: The default FirebaseApp instance must be configured before the default Auth instance can be initialized. One way to ensure this is to call `FirebaseApp.configure()` in the App Delegate's `application(_:didFinishLaunchingWithOptions:)` (or the `@main` struct's initializer in SwiftUI).
2026-05-15 06:32:27.800262+0530 Yoga of Eating[15916:126161] [[FirebaseCore]] 12.7.0 - [FirebaseCore][I-COR000003] The default Firebase app has not yet been configured. Add `FirebaseApp.configure()` to your application initialization. This can be done in in the App Delegate's application(_:didFinishLaunchingWithOptions:)` (or the `@main` struct's initializer in SwiftUI). Read more: https://firebase.google.com/docs/ios/setup#initialize_firebase_in_your_app
2026-05-15 06:32:27.801077+0530 Yoga of Eating[15916:126161] [[FirebaseCore]] 12.7.0 - [FirebaseCore][I-COR000003] The default Firebase app has not yet been configured. Add `FirebaseApp.configure()` to your application initialization. This can be done in in the App Delegate's application(_:didFinishLaunchingWithOptions:)` (or the `@main` struct's initializer in SwiftUI). Read more: https://firebase.google.com/docs/ios/setup#initialize_firebase_in_your_app
2026-05-15 06:32:27.807300+0530 Yoga of Eating[15916:126147] [[FirebaseCore]] 12.7.0 - [FirebaseCore][I-COR000003] The default Firebase app has not yet been configured. Add `FirebaseApp.configure()` to your application initialization. This can be done in in the App Delegate's application(_:didFinishLaunchingWithOptions:)` (or the `@main` struct's initializer in SwiftUI). Read more: https://firebase.google.com/docs/ios/setup#initialize_firebase_in_your_app
2026-05-15 06:32:27.808756+0530 Yoga of Eating[15916:126147] [[FirebaseCore]] 12.7.0 - [FirebaseCore][I-COR000003] The default Firebase app has not yet been configured. Add `FirebaseApp.configure()` to your application initialization. This can be done in in the App Delegate's application(_:didFinishLaunchingWithOptions:)` (or the `@main` struct's initializer in SwiftUI). Read more: https://firebase.google.com/docs/ios/setup#initialize_firebase_in_your_app
2026-05-15 06:32:27.912477+0530 Yoga of Eating[15916:126147] [General] Failed to send CA Event for app launch measurements for ca_event_type: 0 event_name: com.apple.app_launch_measurement.FirstFramePresentationMetric
2026-05-15 06:32:27.917033+0530 Yoga of Eating[15916:126161] [[FirebaseCore]] 12.7.0 - [FirebaseCore][I-COR000003] The default Firebase app has not yet been configured. Add `FirebaseApp.configure()` to your application initialization. This can be done in in the App Delegate's application(_:didFinishLaunchingWithOptions:)` (or the `@main` struct's initializer in SwiftUI). Read more: https://firebase.google.com/docs/ios/setup#initialize_firebase_in_your_app
2026-05-15 06:32:27.920141+0530 Yoga of Eating[15916:126116] [Auth] No previous session to restore: We couldn't restore your session. Please sign in again.
2026-05-15 06:32:27.920921+0530 Yoga of Eating[15916:126116] [HistoricalSync] Sync attempted without authenticated user
2026-05-15 06:32:27.957267+0530 Yoga of Eating[15916:126150] [ActivityData] Energy query failed: Authorization not determined
2026-05-15 06:32:27.957327+0530 Yoga of Eating[15916:126150] [ActivityData] Energy query failed: Authorization not determined

Restarting after unexpected exit, crash, or test timeout; summary will include totals from previous launches.

2026-05-15 06:32:28.045781+0530 Yoga of Eating[15916:126116] [MainViewModel.Lifecycle] Activity data refreshed
2026-05-15 06:32:28.061085+0530 Yoga of Eating[15916:126161] Could not get attrs using token.pid for connection com.apple.xpc.anonymous.0x10ca85cc0.peer[15846].0x10c859b00, pid -1: 144: Requestor lacks required entitlement
Test Suite 'Selected tests' started at 2026-05-15 06:32:28.080.
Test Suite 'Yoga of EatingTests.xctest' started at 2026-05-15 06:32:28.081.
Test Suite 'InsightTriggerTests' started at 2026-05-15 06:32:28.081.
Test Case '-[Yoga_of_EatingTests.InsightTriggerTests test_handleSmileyLongPress_whenInsightAvailable_showsInsightSheet]' started.
2026-05-15 06:32:28.106284+0530 Yoga of Eating[15916:126116] [plugin] AddInstanceForFactory: No factory registered for id <CFUUID 0x10cb143a0> F8BB1C28-BAE8-11D6-9C31-00039315CD46
Test Case '-[Yoga_of_EatingTests.InsightTriggerTests test_handleSmileyLongPress_whenInsightAvailable_showsInsightSheet]' passed (0.040 seconds).
Test Case '-[Yoga_of_EatingTests.InsightTriggerTests test_handleSmileyLongPress_whenNoInsight_doesNotShowSheet]' started.
Test Case '-[Yoga_of_EatingTests.InsightTriggerTests test_handleSmileyLongPress_whenNoInsight_doesNotShowSheet]' passed (0.000 seconds).
Test Case '-[Yoga_of_EatingTests.InsightTriggerTests test_mainViewModel_defaultsToRealInsightLifecycleService]' started.
2026-05-15 06:32:28.122876+0530 Yoga of Eating[15916:126163] [[FirebaseCore]] 12.7.0 - [FirebaseCore][I-COR000003] The default Firebase app has not yet been configured. Add `FirebaseApp.configure()` to your application initialization. This can be done in in the App Delegate's application(_:didFinishLaunchingWithOptions:)` (or the `@main` struct's initializer in SwiftUI). Read more: https://firebase.google.com/docs/ios/setup#initialize_firebase_in_your_app
Test Case '-[Yoga_of_EatingTests.InsightTriggerTests test_mainViewModel_defaultsToRealInsightLifecycleService]' passed (0.005 seconds).
Test Case '-[Yoga_of_EatingTests.InsightTriggerTests test_mainViewModel_hasInsightLifecycleService]' started.
Test Case '-[Yoga_of_EatingTests.InsightTriggerTests test_mainViewModel_hasInsightLifecycleService]' passed (0.004 seconds).
Test Case '-[Yoga_of_EatingTests.InsightTriggerTests test_newDay_clearsCurrentInsight]' started.
Test Case '-[Yoga_of_EatingTests.InsightTriggerTests test_newDay_clearsCurrentInsight]' passed (0.001 seconds).
Test Case '-[Yoga_of_EatingTests.InsightTriggerTests test_newInsight_hasUnreadIndicator]' started.
2026-05-15 06:32:28.154891+0530 Yoga of Eating[15916:126116] [Reflection] Failed to fetch HealthKit sleep data: Authorization not determined
2026-05-15 06:32:28.155074+0530 Yoga of Eating[15916:126116] [Reflection] Failed to fetch HealthKit sleep data: Authorization not determined
2026-05-15 06:32:28.155629+0530 Yoga of Eating[15916:126116] [Reflection] Failed to fetch HealthKit sleep data: Authorization not determined
2026-05-15 06:32:28.155746+0530 Yoga of Eating[15916:126116] [Reflection] Failed to fetch HealthKit sleep data: Authorization not determined
2026-05-15 06:32:28.156251+0530 Yoga of Eating[15916:126116] [Reflection] Failed to fetch HealthKit sleep data: Authorization not determined
2026-05-15 06:32:28.156416+0530 Yoga of Eating[15916:126163] [[FirebaseCore]] 12.7.0 - [FirebaseCore][I-COR000003] The default Firebase app has not yet been configured. Add `FirebaseApp.configure()` to your application initialization. This can be done in in the App Delegate's application(_:didFinishLaunchingWithOptions:)` (or the `@main` struct's initializer in SwiftUI). Read more: https://firebase.google.com/docs/ios/setup#initialize_firebase_in_your_app
FirebaseAuth/Auth.swift:155: Fatal error: The default FirebaseApp instance must be configured before the default Auth instance can be initialized. One way to ensure this is to call `FirebaseApp.configure()` in the App Delegate's `application(_:didFinishLaunchingWithOptions:)` (or the `@main` struct's initializer in SwiftUI).
2026-05-15 06:32:28.156553+0530 Yoga of Eating[15916:126116] FirebaseAuth/Auth.swift:155: Fatal error: The default FirebaseApp instance must be configured before the default Auth instance can be initialized. One way to ensure this is to call `FirebaseApp.configure()` in the App Delegate's `application(_:didFinishLaunchingWithOptions:)` (or the `@main` struct's initializer in SwiftUI).
2026-05-15 06:32:50.417046+0530 Yoga of Eating[15957:126806] [[FirebaseCore]] 12.7.0 - [FirebaseCore][I-COR000003] The default Firebase app has not yet been configured. Add `FirebaseApp.configure()` to your application initialization. This can be done in in the App Delegate's application(_:didFinishLaunchingWithOptions:)` (or the `@main` struct's initializer in SwiftUI). Read more: https://firebase.google.com/docs/ios/setup#initialize_firebase_in_your_app
2026-05-15 06:32:50.417962+0530 Yoga of Eating[15957:126806] [[FirebaseCore]] 12.7.0 - [FirebaseCore][I-COR000003] The default Firebase app has not yet been configured. Add `FirebaseApp.configure()` to your application initialization. This can be done in in the App Delegate's application(_:didFinishLaunchingWithOptions:)` (or the `@main` struct's initializer in SwiftUI). Read more: https://firebase.google.com/docs/ios/setup#initialize_firebase_in_your_app
2026-05-15 06:32:50.422558+0530 Yoga of Eating[15957:126822] [[FirebaseCore]] 12.7.0 - [FirebaseCore][I-COR000003] The default Firebase app has not yet been configured. Add `FirebaseApp.configure()` to your application initialization. This can be done in in the App Delegate's application(_:didFinishLaunchingWithOptions:)` (or the `@main` struct's initializer in SwiftUI). Read more: https://firebase.google.com/docs/ios/setup#initialize_firebase_in_your_app
2026-05-15 06:32:50.423175+0530 Yoga of Eating[15957:126822] [[FirebaseCore]] 12.7.0 - [FirebaseCore][I-COR000003] The default Firebase app has not yet been configured. Add `FirebaseApp.configure()` to your application initialization. This can be done in in the App Delegate's application(_:didFinishLaunchingWithOptions:)` (or the `@main` struct's initializer in SwiftUI). Read more: https://firebase.google.com/docs/ios/setup#initialize_firebase_in_your_app
2026-05-15 06:32:50.526363+0530 Yoga of Eating[15957:126806] [General] Failed to send CA Event for app launch measurements for ca_event_type: 0 event_name: com.apple.app_launch_measurement.FirstFramePresentationMetric
2026-05-15 06:32:50.532922+0530 Yoga of Eating[15957:126809] [[FirebaseCore]] 12.7.0 - [FirebaseCore][I-COR000003] The default Firebase app has not yet been configured. Add `FirebaseApp.configure()` to your application initialization. This can be done in in the App Delegate's application(_:didFinishLaunchingWithOptions:)` (or the `@main` struct's initializer in SwiftUI). Read more: https://firebase.google.com/docs/ios/setup#initialize_firebase_in_your_app
2026-05-15 06:32:50.535545+0530 Yoga of Eating[15957:126776] [Auth] No previous session to restore: We couldn't restore your session. Please sign in again.
2026-05-15 06:32:50.540227+0530 Yoga of Eating[15957:126806] [ActivityData] Energy query failed: Authorization not determined
2026-05-15 06:32:50.540324+0530 Yoga of Eating[15957:126806] [ActivityData] Energy query failed: Authorization not determined

Restarting after unexpected exit, crash, or test timeout; summary will include totals from previous launches.

2026-05-15 06:32:50.652447+0530 Yoga of Eating[15957:126776] [MainViewModel.Lifecycle] Activity data refreshed
2026-05-15 06:32:50.668770+0530 Yoga of Eating[15957:126816] Could not get attrs using token.pid for connection com.apple.xpc.anonymous.0x10f6a1cc0.peer[15846].0x10f471b00, pid -1: 144: Requestor lacks required entitlement
Test Suite 'Selected tests' started at 2026-05-15 06:32:50.678.
Test Suite 'Yoga of EatingTests.xctest' started at 2026-05-15 06:32:50.678.
Test Suite 'InsightTriggerTests' started at 2026-05-15 06:32:50.678.
Test Case '-[Yoga_of_EatingTests.InsightTriggerTests test_saveSleepQuality_assignsGeneratedInsight_toCurrentInsight]' started.
2026-05-15 06:32:50.709699+0530 Yoga of Eating[15957:126776] [Reflection] Failed to fetch HealthKit sleep data: Authorization not determined
2026-05-15 06:32:50.709870+0530 Yoga of Eating[15957:126776] [Reflection] Failed to fetch HealthKit sleep data: Authorization not determined
2026-05-15 06:32:50.710375+0530 Yoga of Eating[15957:126776] [Reflection] Failed to fetch HealthKit sleep data: Authorization not determined
2026-05-15 06:32:50.710483+0530 Yoga of Eating[15957:126776] [Reflection] Failed to fetch HealthKit sleep data: Authorization not determined
2026-05-15 06:32:50.711399+0530 Yoga of Eating[15957:126776] [Reflection] Failed to fetch HealthKit sleep data: Authorization not determined
FirebaseAuth/Auth.swift:155: Fatal error: The default FirebaseApp instance must be configured before the default Auth instance can be initialized. One way to ensure this is to call `FirebaseApp.configure()` in the App Delegate's `application(_:didFinishLaunchingWithOptions:)` (or the `@main` struct's initializer in SwiftUI).
2026-05-15 06:32:50.711501+0530 Yoga of Eating[15957:126776] FirebaseAuth/Auth.swift:155: Fatal error: The default FirebaseApp instance must be configured before the default Auth instance can be initialized. One way to ensure this is to call `FirebaseApp.configure()` in the App Delegate's `application(_:didFinishLaunchingWithOptions:)` (or the `@main` struct's initializer in SwiftUI).
2026-05-15 06:32:50.711482+0530 Yoga of Eating[15957:126809] [[FirebaseCore]] 12.7.0 - [FirebaseCore][I-COR000003] The default Firebase app has not yet been configured. Add `FirebaseApp.configure()` to your application initialization. This can be done in in the App Delegate's application(_:didFinishLaunchingWithOptions:)` (or the `@main` struct's initializer in SwiftUI). Read more: https://firebase.google.com/docs/ios/setup#initialize_firebase_in_your_app
2026-05-15 06:33:12.965977+0530 Yoga of Eating[15980:127310] [[FirebaseCore]] 12.7.0 - [FirebaseCore][I-COR000003] The default Firebase app has not yet been configured. Add `FirebaseApp.configure()` to your application initialization. This can be done in in the App Delegate's application(_:didFinishLaunchingWithOptions:)` (or the `@main` struct's initializer in SwiftUI). Read more: https://firebase.google.com/docs/ios/setup#initialize_firebase_in_your_app
2026-05-15 06:33:12.966637+0530 Yoga of Eating[15980:127310] [[FirebaseCore]] 12.7.0 - [FirebaseCore][I-COR000003] The default Firebase app has not yet been configured. Add `FirebaseApp.configure()` to your application initialization. This can be done in in the App Delegate's application(_:didFinishLaunchingWithOptions:)` (or the `@main` struct's initializer in SwiftUI). Read more: https://firebase.google.com/docs/ios/setup#initialize_firebase_in_your_app
2026-05-15 06:33:12.971050+0530 Yoga of Eating[15980:127301] [[FirebaseCore]] 12.7.0 - [FirebaseCore][I-COR000003] The default Firebase app has not yet been configured. Add `FirebaseApp.configure()` to your application initialization. This can be done in in the App Delegate's application(_:didFinishLaunchingWithOptions:)` (or the `@main` struct's initializer in SwiftUI). Read more: https://firebase.google.com/docs/ios/setup#initialize_firebase_in_your_app
2026-05-15 06:33:12.971700+0530 Yoga of Eating[15980:127301] [[FirebaseCore]] 12.7.0 - [FirebaseCore][I-COR000003] The default Firebase app has not yet been configured. Add `FirebaseApp.configure()` to your application initialization. This can be done in in the App Delegate's application(_:didFinishLaunchingWithOptions:)` (or the `@main` struct's initializer in SwiftUI). Read more: https://firebase.google.com/docs/ios/setup#initialize_firebase_in_your_app
2026-05-15 06:33:13.052587+0530 Yoga of Eating[15980:127301] [[FirebaseCore]] 12.7.0 - [FirebaseCore][I-COR000003] The default Firebase app has not yet been configured. Add `FirebaseApp.configure()` to your application initialization. This can be done in in the App Delegate's application(_:didFinishLaunchingWithOptions:)` (or the `@main` struct's initializer in SwiftUI). Read more: https://firebase.google.com/docs/ios/setup#initialize_firebase_in_your_app
2026-05-15 06:33:13.055606+0530 Yoga of Eating[15980:127281] [Auth] No previous session to restore: We couldn't restore your session. Please sign in again.
2026-05-15 06:33:13.061956+0530 Yoga of Eating[15980:127304] [ActivityData] Energy query failed: Authorization not determined
2026-05-15 06:33:13.062060+0530 Yoga of Eating[15980:127304] [ActivityData] Energy query failed: Authorization not determined

Restarting after unexpected exit, crash, or test timeout; summary will include totals from previous launches.

2026-05-15 06:33:13.174977+0530 Yoga of Eating[15980:127281] [MainViewModel.Lifecycle] Activity data refreshed
2026-05-15 06:33:13.190888+0530 Yoga of Eating[15980:127320] Could not get attrs using token.pid for connection com.apple.xpc.anonymous.0x10b279cc0.peer[15846].0x10b04db00, pid -1: 144: Requestor lacks required entitlement
Test Suite 'Selected tests' started at 2026-05-15 06:33:13.210.
Test Suite 'Yoga of EatingTests.xctest' started at 2026-05-15 06:33:13.210.
Test Suite 'InsightTriggerTests' started at 2026-05-15 06:33:13.210.
Test Case '-[Yoga_of_EatingTests.InsightTriggerTests test_saveSleepQuality_doesNotRegenerateInsight_ifAlreadyExists]' started.
2026-05-15 06:33:13.236132+0530 Yoga of Eating[15980:127281] [Reflection] Failed to fetch HealthKit sleep data: Authorization not determined
2026-05-15 06:33:13.236779+0530 Yoga of Eating[15980:127281] [Reflection] Failed to fetch HealthKit sleep data: Authorization not determined
2026-05-15 06:33:13.237289+0530 Yoga of Eating[15980:127281] [Reflection] Failed to fetch HealthKit sleep data: Authorization not determined
Test Case '-[Yoga_of_EatingTests.InsightTriggerTests test_saveSleepQuality_doesNotRegenerateInsight_ifAlreadyExists]' passed (0.123 seconds).
Test Case '-[Yoga_of_EatingTests.InsightTriggerTests test_saveSleepQuality_triggersInsightGeneration]' started.
2026-05-15 06:33:13.335068+0530 Yoga of Eating[15980:127281] [Reflection] Failed to fetch HealthKit sleep data: Authorization not determined
2026-05-15 06:33:13.335379+0530 Yoga of Eating[15980:127281] [Reflection] Failed to fetch HealthKit sleep data: Authorization not determined
2026-05-15 06:33:13.335957+0530 Yoga of Eating[15980:127281] [Reflection] Failed to fetch HealthKit sleep data: Authorization not determined
2026-05-15 06:33:13.336088+0530 Yoga of Eating[15980:127281] [Reflection] Failed to fetch HealthKit sleep data: Authorization not determined
2026-05-15 06:33:13.336676+0530 Yoga of Eating[15980:127281] [Reflection] Failed to fetch HealthKit sleep data: Authorization not determined
FirebaseAuth/Auth.swift:155: Fatal error: The default FirebaseApp instance must be configured before the default Auth instance can be initialized. One way to ensure this is to call `FirebaseApp.configure()` in the App Delegate's `application(_:didFinishLaunchingWithOptions:)` (or the `@main` struct's initializer in SwiftUI).
2026-05-15 06:33:13.336787+0530 Yoga of Eating[15980:127281] FirebaseAuth/Auth.swift:155: Fatal error: The default FirebaseApp instance must be configured before the default Auth instance can be initialized. One way to ensure this is to call `FirebaseApp.configure()` in the App Delegate's `application(_:didFinishLaunchingWithOptions:)` (or the `@main` struct's initializer in SwiftUI).
2026-05-15 06:33:35.566723+0530 Yoga of Eating[16000:127750] [[FirebaseCore]] 12.7.0 - [FirebaseCore][I-COR000003] The default Firebase app has not yet been configured. Add `FirebaseApp.configure()` to your application initialization. This can be done in in the App Delegate's application(_:didFinishLaunchingWithOptions:)` (or the `@main` struct's initializer in SwiftUI). Read more: https://firebase.google.com/docs/ios/setup#initialize_firebase_in_your_app
2026-05-15 06:33:35.567460+0530 Yoga of Eating[16000:127750] [[FirebaseCore]] 12.7.0 - [FirebaseCore][I-COR000003] The default Firebase app has not yet been configured. Add `FirebaseApp.configure()` to your application initialization. This can be done in in the App Delegate's application(_:didFinishLaunchingWithOptions:)` (or the `@main` struct's initializer in SwiftUI). Read more: https://firebase.google.com/docs/ios/setup#initialize_firebase_in_your_app
2026-05-15 06:33:35.571599+0530 Yoga of Eating[16000:127741] [[FirebaseCore]] 12.7.0 - [FirebaseCore][I-COR000003] The default Firebase app has not yet been configured. Add `FirebaseApp.configure()` to your application initialization. This can be done in in the App Delegate's application(_:didFinishLaunchingWithOptions:)` (or the `@main` struct's initializer in SwiftUI). Read more: https://firebase.google.com/docs/ios/setup#initialize_firebase_in_your_app
2026-05-15 06:33:35.573171+0530 Yoga of Eating[16000:127741] [[FirebaseCore]] 12.7.0 - [FirebaseCore][I-COR000003] The default Firebase app has not yet been configured. Add `FirebaseApp.configure()` to your application initialization. This can be done in in the App Delegate's application(_:didFinishLaunchingWithOptions:)` (or the `@main` struct's initializer in SwiftUI). Read more: https://firebase.google.com/docs/ios/setup#initialize_firebase_in_your_app
2026-05-15 06:33:35.650743+0530 Yoga of Eating[16000:127744] [[FirebaseCore]] 12.7.0 - [FirebaseCore][I-COR000003] The default Firebase app has not yet been configured. Add `FirebaseApp.configure()` to your application initialization. This can be done in in the App Delegate's application(_:didFinishLaunchingWithOptions:)` (or the `@main` struct's initializer in SwiftUI). Read more: https://firebase.google.com/docs/ios/setup#initialize_firebase_in_your_app
2026-05-15 06:33:35.653917+0530 Yoga of Eating[16000:127715] [Auth] No previous session to restore: We couldn't restore your session. Please sign in again.
2026-05-15 06:33:35.659735+0530 Yoga of Eating[16000:127743] [ActivityData] Energy query failed: Authorization not determined
2026-05-15 06:33:35.677553+0530 Yoga of Eating[16000:127747] [ActivityData] Energy query failed: Authorization not determined

Restarting after unexpected exit, crash, or test timeout; summary will include totals from previous launches.

2026-05-15 06:33:35.763431+0530 Yoga of Eating[16000:127715] [MainViewModel.Lifecycle] Activity data refreshed
2026-05-15 06:33:35.778526+0530 Yoga of Eating[16000:127750] Could not get attrs using token.pid for connection com.apple.xpc.anonymous.0x10c275cc0.peer[15846].0x10c04db00, pid -1: 144: Requestor lacks required entitlement
Test Suite 'Selected tests' started at 2026-05-15 06:33:35.798.
Test Suite 'Yoga of EatingTests.xctest' started at 2026-05-15 06:33:35.798.
Test Suite 'InsightTriggerTests' started at 2026-05-15 06:33:35.798.
Test Case '-[Yoga_of_EatingTests.InsightTriggerTests test_smileyTap_stillCreatesNewMeal]' started.
Test Case '-[Yoga_of_EatingTests.InsightTriggerTests test_smileyTap_stillCreatesNewMeal]' passed (0.009 seconds).
Test Suite 'InsightTriggerTests' passed at 2026-05-15 06:33:35.808.
	 Executed 1 test, with 0 failures (0 unexpected) in 0.009 (0.009) seconds
Test Suite 'JournalBlockViewTests' started at 2026-05-15 06:33:35.808.
Test Case '-[Yoga_of_EatingTests.JournalBlockViewTests test_aiAnalysisUpdate_doesNotResetMealItems]' started.
2026-05-15 06:33:35.808101+0530 Yoga of Eating[16000:127750] [[FirebaseCore]] 12.7.0 - [FirebaseCore][I-COR000003] The default Firebase app has not yet been configured. Add `FirebaseApp.configure()` to your application initialization. This can be done in in the App Delegate's application(_:didFinishLaunchingWithOptions:)` (or the `@main` struct's initializer in SwiftUI). Read more: https://firebase.google.com/docs/ios/setup#initialize_firebase_in_your_app
Test Case '-[Yoga_of_EatingTests.JournalBlockViewTests test_aiAnalysisUpdate_doesNotResetMealItems]' passed (0.002 seconds).
Test Case '-[Yoga_of_EatingTests.JournalBlockViewTests test_checkmarkButton_visibleWhenFocusedWithContent]' started.
2026-05-15 06:33:35.810589+0530 Yoga of Eating[16000:127744] [[FirebaseCore]] 12.7.0 - [FirebaseCore][I-COR000003] The default Firebase app has not yet been configured. Add `FirebaseApp.configure()` to your application initialization. This can be done in in the App Delegate's application(_:didFinishLaunchingWithOptions:)` (or the `@main` struct's initializer in SwiftUI). Read more: https://firebase.google.com/docs/ios/setup#initialize_firebase_in_your_app
Test Case '-[Yoga_of_EatingTests.JournalBlockViewTests test_checkmarkButton_visibleWhenFocusedWithContent]' passed (0.000 seconds).
Test Case '-[Yoga_of_EatingTests.JournalBlockViewTests test_mealItems_notResetAfterSmileyStateChange]' started.
2026-05-15 06:33:35.811195+0530 Yoga of Eating[16000:127744] [[FirebaseCore]] 12.7.0 - [FirebaseCore][I-COR000003] The default Firebase app has not yet been configured. Add `FirebaseApp.configure()` to your application initialization. This can be done in in the App Delegate's application(_:didFinishLaunchingWithOptions:)` (or the `@main` struct's initializer in SwiftUI). Read more: https://firebase.google.com/docs/ios/setup#initialize_firebase_in_your_app
Test Case '-[Yoga_of_EatingTests.JournalBlockViewTests test_mealItems_notResetAfterSmileyStateChange]' passed (0.001 seconds).
Test Case '-[Yoga_of_EatingTests.JournalBlockViewTests test_mealItemsSynced_betweenMemoryAndPersistence]' started.
2026-05-15 06:33:35.811939+0530 Yoga of Eating[16000:127747] [[FirebaseCore]] 12.7.0 - [FirebaseCore][I-COR000003] The default Firebase app has not yet been configured. Add `FirebaseApp.configure()` to your application initialization. This can be done in in the App Delegate's application(_:didFinishLaunchingWithOptions:)` (or the `@main` struct's initializer in SwiftUI). Read more: https://firebase.google.com/docs/ios/setup#initialize_firebase_in_your_app
Test Case '-[Yoga_of_EatingTests.JournalBlockViewTests test_mealItemsSynced_betweenMemoryAndPersistence]' passed (0.000 seconds).
Test Case '-[Yoga_of_EatingTests.JournalBlockViewTests test_multipleAIAnalyses_preserveMealItems]' started.
2026-05-15 06:33:35.812453+0530 Yoga of Eating[16000:127744] [[FirebaseCore]] 12.7.0 - [FirebaseCore][I-COR000003] The default Firebase app has not yet been configured. Add `FirebaseApp.configure()` to your application initialization. This can be done in in the App Delegate's application(_:didFinishLaunchingWithOptions:)` (or the `@main` struct's initializer in SwiftUI). Read more: https://firebase.google.com/docs/ios/setup#initialize_firebase_in_your_app
Test Case '-[Yoga_of_EatingTests.JournalBlockViewTests test_multipleAIAnalyses_preserveMealItems]' passed (0.000 seconds).
Test Case '-[Yoga_of_EatingTests.JournalBlockViewTests test_rapidMealUpdates_preserveLatestItems]' started.
2026-05-15 06:33:35.815926+0530 Yoga of Eating[16000:127747] [[FirebaseCore]] 12.7.0 - [FirebaseCore][I-COR000003] The default Firebase app has not yet been configured. Add `FirebaseApp.configure()` to your application initialization. This can be done in in the App Delegate's application(_:didFinishLaunchingWithOptions:)` (or the `@main` struct's initializer in SwiftUI). Read more: https://firebase.google.com/docs/ios/setup#initialize_firebase_in_your_app
Test Case '-[Yoga_of_EatingTests.JournalBlockViewTests test_rapidMealUpdates_preserveLatestItems]' passed (0.001 seconds).
Test Case '-[Yoga_of_EatingTests.JournalBlockViewTests test_updateMeal_preservesItems_whenSmileyStateChanges]' started.
2026-05-15 06:33:35.816632+0530 Yoga of Eating[16000:127750] [[FirebaseCore]] 12.7.0 - [FirebaseCore][I-COR000003] The default Firebase app has not yet beenTest Case '-[Yoga_of_EatingTests.JournalBlockViewTests test_updateMeal_preservesItems_whenSmileyStateChanges]' passed (0.000 seconds).
 configured. Add `FirebaseApp.configure()` to your application initialization. This can be done in in the App Delegate's application(_:didFinishLaunchingWithOptions:)` (or the `@main` struct's initializer in SwiftUI). Read more: https://firebase.google.com/docs/ios/setup#initialize_firebase_in_your_app
Test Suite 'JournalBlockViewTests' passed at 2026-05-15 06:33:35.818.
	 Executed 7 tests, with 0 failures (0 unexpected) in 0.005 (0.010) seconds
Test Suite 'MainViewModelAIAnalysisTests' started at 2026-05-15 06:33:35.818.
Test Case '-[Yoga_of_EatingTests.MainViewModelAIAnalysisTests test_contentMeaningfullyChanged_detectsRealChanges]' started.
2026-05-15 06:33:35.819361+0530 Yoga of Eating[16000:127741] [[FirebaseCore]] 12.7.0 - [FirebaseCore][I-COR000003] The default Firebase app has not yet been configured. Add `FirebaseApp.configure()` to your application initialization. This can be done in in the App Delegate's application(_:didFinishLaunchingWithOptions:)` (or the `@main` struct's initializer in SwiftUI). Read more: https://firebase.google.com/docs/ios/setup#initialize_firebase_in_your_app
Test Case '-[Yoga_of_EatingTests.MainViewModelAIAnalysisTests test_contentMeaningfullyChanged_detectsRealChanges]' passed (0.005 seconds).
Test Case '-[Yoga_of_EatingTests.MainViewModelAIAnalysisTests test_defaultMainViewModel_aiAnalysisGuardPasses]' started.
2026-05-15 06:33:35.824176+0530 Yoga of Eating[16000:127747] [[FirebaseCore]] 12.7.0 - [FirebaseCore][I-COR000003] The default Firebase app has not yet been configured. Add `FirebaseApp.configure()` to your application initialization. This can be done in in the App Delegate's application(_:didFinishLaunchingWithOptions:)` (or the `@main` struct's initializer in SwiftUI). Read more: https://firebase.google.com/docs/ios/setup#initialize_firebase_in_your_app
2026-05-15 06:33:35.826582+0530 Yoga of Eating[16000:127715] [AIAnalysisCoordinator] AI analysis failed (meal redacted for privacy)
2026-05-15 06:33:35.826698+0530 Yoga of Eating[16000:127715] [AIAnalysisCoordinator] AI analysis failed (meal redacted for privacy)
2026-05-15 06:33:35.826777+0530 Yoga of Eating[16000:127715] [AIAnalysisCoordinator] AI analysis failed (meal redacted for privacy)
2026-05-15 06:33:35.839901+0530 Yoga of Eating[16000:127715] [HistoricalSync] Restore attempted without authenticated user
2026-05-15 06:33:35.840320+0530 Yoga of Eating[16000:127749] [[FirebaseCore]] 12.7.0 - [FirebaseCore][I-COR000003] The default Firebase app has not yet been configured. Add `FirebaseApp.configure()` to your application initialization. This can be done in in the App Delegate's application(_:didFinishLaunchingWithOptions:)` (or the `@main` struct's initializer in SwiftUI). Read more: https://firebase.google.com/docs/ios/setup#initialize_firebase_in_your_app
Test Case '-[Yoga_of_EatingTests.MainViewModelAIAnalysisTests test_defaultMainViewModel_aiAnalysisGuardPasses]' passed (0.018 seconds).
Test Case '-[Yoga_of_EatingTests.MainViewModelAIAnalysisTests test_defaultMainViewModel_usesAIAnalysisProvider]' started.
2026-05-15 06:33:35.842079+0530 Yoga of Eating[16000:127750] [[FirebaseCore]] 12.7.0 - [FirebaseCore][I-COR000003] The default Firebase app has not yet been configured. Add `FirebaseApp.configure()` to your application initialization. This can be done in in the App Delegate's application(_:didFinishLaunchingWithOptions:)` (or the `@main` struct's initializer in SwiftUI). Read more: https://firebase.google.com/docs/ios/setup#initialize_firebase_in_your_app
2026-05-15 06:33:35.842196+0530 Yoga of Eating[16000:127750] [[FirebaseCore]] 12.7.0 - [FirebaseCore][I-COR000003] The default Firebase app has not yet been configured. Add `FirebaseApp.configure()` to your application initialization. This can be done in in the App Delegate's application(_:didFinishLaunchingWithOptions:)` (or the `@main` struct's initializer in SwiftUI). Read more: https://firebase.google.com/docs/ios/setup#initialize_firebase_in_your_app
2026-05-15 06:33:35.842264+0530 Yoga of Eating[16000:127750] [[FirebaseCore]] 12.7.0 - [FirebaseCore][I-COR000003] The default Firebase app has not yet been configured. Add `FirebaseApp.configure()` to your application initialization. This can be done in in the App Delegate's application(_:didFinishLaunchingWithOptions:)` (or the `@main` struct's initializer in SwiftUI). Read more: https://firebase.google.com/docs/ios/setup#initialize_firebase_in_your_app
Test Case '-[Yoga_of_EatingTests.MainViewModelAIAnalysisTests test_defaultMainViewModel_usesAIAnalysisProvider]' passed (0.002 seconds).
Test Case '-[Yoga_of_EatingTests.MainViewModelAIAnalysisTests test_isAIAnalyzed_persistsAfterSave]' started.
2026-05-15 06:33:35.843728+0530 Yoga of Eating[16000:127747] [[FirebaseCore]] 12.7.0 - [FirebaseCore][I-COR000003] The default Firebase app has not yet been configured. Add `FirebaseApp.configure()` to your application initialization. This can be done in in the App Delegate's application(_:didFinishLaunchingWithOptions:)` (or the `@main` struct's initializer in SwiftUI). Read more: https://firebase.google.com/docs/ios/setup#initialize_firebase_in_your_app
2026-05-15 06:33:35.848967+0530 Yoga of Eating[16000:127750] [ActivityData] Energy query failed: Authorization not determined
2026-05-15 06:33:35.849104+0530 Yoga of Eating[16000:127741] [ActivityData] Energy query failed: Authorization not determined
2026-05-15 06:33:35.853776+0530 Yoga of Eating[16000:127715] [HistoricalSync] Restore attempted without authenticated user
Test Case '-[Yoga_of_EatingTests.MainViewModelAIAnalysisTests test_isAIAnalyzed_persistsAfterSave]' passed (0.011 seconds).
Test Case '-[Yoga_of_EatingTests.MainViewModelAIAnalysisTests test_newMeal_isAIAnalyzed_defaultsFalse]' started.
2026-05-15 06:33:35.854994+0530 Yoga of Eating[16000:127749] [[FirebaseCore]] 12.7.0 - [FirebaseCore][I-COR000003] The default Firebase app has not yet been configured. Add `FirebaseApp.configure()` to your application initialization. This can be done in in the App Delegate's application(_:didFinishLaunchingWithOptions:)` (or the `@main` struct's initializer in SwiftUI). Read more: https://firebase.google.com/docs/ios/setup#initialize_firebase_in_your_app
Test Case '-[Yoga_of_EatingTests.MainViewModelAIAnalysisTests test_newMeal_isAIAnalyzed_defaultsFalse]' passed (0.001 seconds).
Test Case '-[Yoga_of_EatingTests.MainViewModelAIAnalysisTests test_normalizeContent_removesWhitespace]' started.
2026-05-15 06:33:35.855596+0530 Yoga of Eating[16000:127750] [[FirebaseCore]] 12.7.0 - [FirebaseCore][I-COR000003] The default Firebase app has not yet been configured. Add `FirebaseApp.configure()` to your application initialization. This can be done in in the App Delegate's application(_:didFinishLaunchingWithOptions:)` (or the `@main` struct's initializer in SwiftUI). Read more: https://firebase.google.com/docs/ios/setup#initialize_firebase_in_your_app
Test Case '-[Yoga_of_EatingTests.MainViewModelAIAnalysisTests test_normalizeContent_removesWhitespace]' passed (0.000 seconds).
Test Case '-[Yoga_of_EatingTests.MainViewModelAIAnalysisTests test_performDeepAnalysis_allowsSequentialRequestsAfterCompletion]' started.
2026-05-15 06:33:35.856323+0530 Yoga of Eating[16000:127749] [[FirebaseCore]] 12.7.0 - [FirebaseCore][I-COR000003] The default Firebase app has not yet been configured. Add `FirebaseApp.configure()` to your application initialization. This can be done in in the App Delegate's application(_:didFinishLaunchingWithOptions:)` (or the `@main` struct's initializer in SwiftUI). Read more: https://firebase.google.com/docs/ios/setup#initialize_firebase_in_your_app
2026-05-15 06:33:35.886576+0530 Yoga of Eating[16000:127715] [HistoricalSync] Restore attempted without authenticated user
Test Case '-[Yoga_of_EatingTests.MainViewModelAIAnalysisTests test_performDeepAnalysis_allowsSequentialRequestsAfterCompletion]' passed (0.031 seconds).
2026-05-15 06:33:35.887600+0530 Yoga of Eating[16000:127747] [ActivityData] Energy query failed: Authorization not determined
Test Case '-[Yoga_of_EatingTests.MainViewModelAIAnalysisTests test_performDeepAnalysis_analyzesUnanalyzedMeal]' started.
2026-05-15 06:33:35.888110+0530 Yoga of Eating[16000:127715] [MainViewModel.Lifecycle] Activity data refreshed
2026-05-15 06:33:35.888171+0530 Yoga of Eating[16000:127747] [ActivityData] Energy query failed: Authorization not determined
2026-05-15 06:33:35.888302+0530 Yoga of Eating[16000:127715] [HistoricalSync] Restore attempted without authenticated user
Test Case '-[Yoga_of_EatingTests.MainViewModelAIAnalysisTests test_performDeepAnalysis_analyzesUnanalyzedMeal]' passed (0.001 seconds).
Test Case '-[Yoga_of_EatingTests.MainViewModelAIAnalysisTests test_performDeepAnalysis_doesNotSetIsAIAnalyzed_onError]' started.
2026-05-15 06:33:35.888526+0530 Yoga of Eating[16000:127749] [[FirebaseCore]] 12.7.0 - [FirebaseCore][I-COR000003] The default Firebase app has not yet been configured. Add `FirebaseApp.configure()` to your application initialization. This can be done in in the App Delegate's application(_:didFinishLaunchingWithOptions:)` (or the `@main` struct's initializer in SwiftUI). Read more: https://firebase.google.com/docs/ios/setup#initialize_firebase_in_your_app
2026-05-15 06:33:35.889485+0530 Yoga of Eating[16000:127715] [HistoricalSync] Restore attempted without authenticated user
2026-05-15 06:33:35.889605+0530 Yoga of Eating[16000:127715] [AIAnalysis] AI analysis failed (meal redacted for privacy)
2026-05-15 06:33:2026-05-15 06:33:35.889623+0530 Yoga of Eating[16000:127743] [ActivityData] Energy query failed: Authorization not determined
Test Case '-[Yoga_of_EatingTests.MainViewModelAIAnalysisTests test_performDeepAnalysis_doesNotSetIsAIAnalyzed_onError]' passed (0.001 seconds).
35.889248+0530 Yoga of Eating[16000:127741] [[FirebaseCore]] 12.7.0 - [FirebaseCore][I-COR000003] The default Firebase app has not yet been configured. Add `FirebaseApp.configure()` to your application initialization. This can be done in in the App Delegate's application(_:didFinishLaunchingWithOptions:)` (or the `@main` struct's initializer in SwiftUI). Read more: https://firebase.google.com/docs/ios/setup#initialize_firebase_in_your_app
2026-05-15 06:33:35.890534+0530 Yoga of Eating[16000:127743] [ActivityData] Energy query failed: Authorization not determined
Test Case '-[Yoga_of_EatingTests.MainViewModelAIAnalysisTests test_performDeepAnalysis_fallsBack_onAIError]' started.
2026-05-15 06:33:35.890980+0530 Yoga of Eating[16000:127741] [ActivityData] Energy query failed: Authorization not determined
2026-05-15 06:33:35.891102+0530 Yoga of Eating[16000:127741] [[FirebaseCore]] 12.7.0 - [FirebaseCore][I-COR000003] The default Firebase app has not yet been configured. Add `FirebaseApp.configure()` to your application initialization. This can be done in in the App Delegate's application(_:didFinishLaunchingWithOptions:)` (or the `@main` struct's initializer in SwiftUI). Read more: https://firebase.google.com/docs/ios/setup#initialize_firebase_in_your_app
2026-05-15 06:33:35.891242+0530 Yoga of Eating[16000:127715] [MainViewModel.Lifecycle] Activity data refreshed
2026-05-15 06:33:35.891469+0530 Yoga of Eating[16000:127715] [HistoricalSync] Restore attempted without authenticated user
2026-05-15 06:33:35.891566+0530 Yoga of Eating[16000:127715] [AIAnalysis] AI analysis failed (meal redacted for privacy)
2026-05-15 06:33:35.891677+0530 Yoga of Eating[16000:127743] [ActivityData] Energy Test Case '-[Yoga_of_EatingTests.MainViewModelAIAnalysisTests test_performDeepAnalysis_fallsBack_onAIError]' passed (0.001 seconds).
query failed: Authorization not determined
2026-05-15 06:33:35.893322+0530 Yoga of Eating[16000:127743] [ActivityData] Energy query failed: Authorization not determined
2026-05-15 06:33:35.893352+0530 Yoga of Eating[16000:127743] [ActivityData] Energy query failed: Authorization not determined
Test Case '-[Yoga_of_EatingTests.MainViewModelAIAnalysisTests test_performDeepAnalysis_preventsConcurrentDuplicateRequests]' started.
2026-05-15 06:33:35.893866+0530 Yoga of Eating[16000:127745] [[FirebaseCore]] 12.7.0 - [FirebaseCore][I-COR000003] The default Firebase app has not yet been configured. Add `FirebaseApp.configure()` to your application initialization. This can be done in in the App Delegate's application(_:didFinishLaunchingWithOptions:)` (or the `@main` struct's initializer in SwiftUI). Read more: https://firebase.google.com/docs/ios/setup#initialize_firebase_in_your_app
2026-05-15 06:33:35.893956+0530 Yoga of Eating[16000:127715] [MainViewModel.Lifecycle] Activity data refreshed
2026-05-15 06:33:35.894154+0530 Yoga of Eating[16000:127715] [HistoricalSync] Restore attempted without authenticated user
2026-05-15 06:33:35.894423+0530 Yoga of Eating[16000:127715] [MainViewModel.Lifecycle] Activity data refreshed
2026-05-15 06:33:35.894454+0530 Yoga of Eating[16000:127715] [MainViewModel.Lifecycle] Activity data refreshed
2026-05-15 06:33:35.894610+0530 Yoga of Eating[16000:127715] [HistoricalSync] Restore attempted without authenticated user
2026-05-15 06:33:35.894888+0530 Yoga of Eating[16000:127750] [ActivityData] Energy query failed: Authorization not determined
2026-05-15 06:33:35.894507+0530 Yoga of Eating[16000:127745] [[FirebaseCore]] 12.7.0 - [FirebaseCore][I-COR000003] The default Firebase app has not yet been configured. Add `FirebaseApp.configure()` to your application initialization. This can be done in in the App Delegate's application(_:didFinishLaunchingWithOptions:)` (or the `@main` struct's initializer in SwiftUI). Read more: https://firebase.google.com/docs/ios/setup#initialize_firebase_in_your_app
2026-05-15 06:33:35.895550+0530 Yoga of Eating[16000:127750] [ActivityData] Energy query failed: Authorization not determined
2026-05-15 06:33:35.895588+0530 Yoga of Eating[16000:127750] [ActivityData] Energy query failed: Authorization not determined
2026-05-15 06:33:35.895665+0530 Yoga of Eating[16000:127750] [ActivityData] Energy query failed: Authorization not determined
2026-05-15 06:33:35.898030+0530 Yoga of Eating[16000:127744] [ActivityData] Energy query failed: Authorization not determined
2026-05-15 06:33:35.898099+0530 Yoga of Eating[16000:127715] [MainViewModel.Lifecycle] Activity data refreshed
2026-05-15 06:33:35.898172+0530 Yoga of Eating[16000:127715] [MainViewModel.Lifecycle] Activity data refreshed
2026-05-15 06:33:35.898368+0530 Yoga of Eating[16000:127743] [ActivityData] Energy query failed: Authorization not determined
2026-05-15 06:33:35.898544+0530 Yoga of Eating[16000:127715] [MainViewModel.Lifecycle] Activity data refreshed
Test Case '-[Yoga_of_EatingTests.MainViewModelAIAnalysisTests test_performDeepAnalysis_preventsConcurrentDuplicateRequests]' passed (0.112 seconds).
Test Case '-[Yoga_of_EatingTests.MainViewModelAIAnalysisTests test_performDeepAnalysis_proceeds_whenContentMeaningfullyChanged]' started.
2026-05-15 06:33:36.006308+0530 Yoga of Eating[16000:127750] [[FirebaseCore]] 12.7.0 - [FirebaseCore][I-COR000003] The default Firebase app has not yet been configured. Add `FirebaseApp.configure()` to your application initialization. This can be done in in the App Delegate's application(_:didFinishLaunchingWithOptions:)` (or the `@main` struct's initializer in SwiftUI). Read more: https://firebase.google.com/docs/ios/setup#initialize_firebase_in_your_app
2026-05-15 06:33:36.006504+0530 Yoga of Eating[16000:127715] [HistoricalSync] Restore attempted without authenticated user
Test Case '-[Yoga_of_EatingTests.MainViewModelAIAnalysisTests test_performDeepAnalysis_proceeds_whenContentMeaningfullyChanged]' passed (0.001 seconds).
Test Case '-[Yoga_of_EatingTests.MainViewModelAIAnalysisTests test_performDeepAnalysis_proceeds_whenContentSufficient]' started.
2026-05-15 06:33:36.007789+0530 Yoga of Eating[16000:127741] [[FirebaseCore]] 12.7.0 - [FirebaseCore][I-COR000003] The default Firebase app has not yet been configured. Add `FirebaseApp.configure()` to your application initialization. This can be done in in the App Delegate's application(_:didFinishLaunchingWithOptions:)` (or the `@main` struct's initializer in SwiftUI). Read more: https://firebase.google.com/docs/ios/setup#initialize_firebase_in_your_app
2026-05-15 06:33:36.008110+0530 Yoga of Eating[16000:127715] [HistoricalSync] Restore attempted without authenticated user
Test Case '-[Yoga_of_EatingTests.MainViewModelAIAnalysisTests test_performDeepAnalysis_proceeds_whenContentSufficient]' passed (0.001 seconds).
2026-05-15 06:33:36.008774+0530 Yoga of Eating[16000:127745] [ActivityData] Energy query failed: Authorization not determined
Test Case '-[Yoga_of_EatingTests.MainViewModelAIAnalysisTests test_performDeepAnalysis_returnsEarly_whenMealNotFound]' started.
2026-05-15 06:33:36.008845+0530 Yoga of Eating[16000:127745] [ActivityData] Energy query failed: Authorization not determined
2026-05-15 06:33:36.009135+0530 Yoga of Eating[16000:127745] [[FirebaseCore]] 12.7.0 - [FirebaseCore][I-COR000003] The default Firebase app has not yet been configured. Add `FirebaseApp.configure()` to your application initialization. This can be done in in the App Delegate's application(_:didFinishLaunchingWithOptions:)` (or the `@main`2026-05-15 06:33:36.009964+0530 Yoga of Eating[16000:127750] [ActivityData] Energy query failed: Authorization not determined
2026-05-15 06:33:36.009345+0530 Yoga of Eating[16000:127715] [HistoricalSync] Restore attempted without authenticated user
 struct's initializer in SwiftUI). Read more: https://firebase.google.com/docs/ios/setup#initialize_firebase_in_your_app
2026-05-15 06:33:36.010245+0530 Yoga of Eating[16000:127750] [ActivityData] Energy query failed: Authorization not determined
Test Case '-[Yoga_of_EatingTests.MainViewModelAIAnalysisTests test_performDeepAnalysis_returnsEarly_whenMealNotFound]' passed (0.002 seconds).
Test Case '-[Yoga_of_EatingTests.MainViewModelAIAnalysisTests test_performDeepAnalysis_setsIsAIAnalyzed_onSuccess]' started.
2026-05-15 06:33:36.011365+0530 Yoga of Eating[16000:127751] [[FirebaseCore]] 12.7.0 - [FirebaseCore][I-COR000003] The default Firebase app has not yet been configured. Add `FirebaseApp.configure()` to your application initialization. This can be done in in the App Delegate's application(_:didFinishLaunchingWithOptions:)` (or the `@main` struct's initializer in SwiftUI). Read more: https://firebase.google.com/docs/ios/setup#initialize_firebase_in_your_app
2026-05-15 06:33:36.011545+0530 Yoga of Eating[16000:127715] [MainViewModel.Lifecycle] Activity data refreshed
2026-05-15 06:33:36.011816+0530 Yoga of Eating[16000:127715] [HistoricalSync] Restore attempted without authenticated user
Test Case '-[Yoga_of_EatingTests.MainViewModelAIAnalysisTests test_performDeepAnalysis_setsIsAIAnalyzed_onSuccess]' passed (0.001 seconds).
2026-05-15 06:33:36.012317+0530 Yoga of Eating[16000:127745] [ActivityData] Energy query failed: Authorization not determined
2026-05-15 06:33:36.013523+0530 Yoga of Eating[16000:127745] [ActivityData] Energy query failed: Authorization not determined
Test Case '-[Yoga_of_EatingTests.MainViewModelAIAnalysisTests test_performDeepAnalysis_skipsAlreadyAnalyzedMeal]' started.
2026-05-15 06:33:36.014332+0530 Yoga of Eating[16000:127743] [[FirebaseCore]] 12.7.0 - [FirebaseCore][I-COR000003] The default Firebase app has not yet been configured. Add `FirebaseApp.configure()` to your application initialization. This can be done in in the App Delegate's application(_:didFinishLaunchingWithOptions:)` (or the `@main` struct's initializer in SwiftUI). Read more: https://firebase.google.com/docs/ios/setup#initialize_firebase_in_your_app
2026-05-15 06:33:36.014396+0530 Yoga of Eating[16000:127715] [MainViewModel.Lifecycle] Activity data refreshed
2026-05-15 06:33:36.014717+0530 Yoga of Eating[16000:127715] [HistoricalSync] Restore attempted without authenticated user
Test Case '-[Yoga_of_EatingTests.MainViewModelAIAnalysisTests test_performDeepAnalysis_skipsAlreadyAnalyzedMeal]' passed (0.001 seconds).
Test Case '-[Yoga_of_EatingTests.MainViewModelAIAnalysisTests test_performDeepAnalysis_skipsAnalysis_whenContentIdentical]' started.
2026-05-15 06:33:36.015933+0530 Yoga of Eating[16000:127744] [ActivityData] Energy query failed: Authorization not determined
2026-05-15 06:33:36.016139+0530 Yoga of Eating[16000:127715] [MainViewModel.Lifecycle] Activity data refreshed
2026-05-15 06:33:36.016043+0530 Yoga of Eating[16000:127751] [[FirebaseCore]] 12.7.0 - [FirebaseCore][I-COR000003] The default Firebase app has not yet been configured. Add `FirebaseApp.configure()` to your application initialization. This can be done in in the App Delegate's application(_:didFinishLaunchingWithOptions:)` (or the `@main` struct's initializer in SwiftUI). Read more: https://firebase.google.com/docs/ios/setup#initialize_firebase_in_your_app
2026-05-15 06:33:36.018050+0530 Yoga of Eating[16000:127744] [ActivityData] Energy query failed: Authorization not determined
2026-05-15 06:33:36.018248+0530 Yoga of Eating[16000:127715] [HistoricalSync] Restore attempted without authenticated user
Test Case '-[Yoga_of_EatingTests.MainViewModelAIAnalysisTests test_performDeepAnalysis_skipsAnalysis_whenContentIdentical]' passed (0.003 seconds).
2026-05-15 06:33:36.018807+0530 Yoga of Eating[16000:127751] [ActivityData] Energy query failed: Authorization not determined
2026-05-15 06:33:36.018882+0530 Yoga of Eating[16000:127751] [ActivityData] Energy query failed: Authorization not determined
Test Case '-[Yoga_of_EatingTests.MainViewModelAIAnalysisTests test_performDeepAnalysis_skipsAnalysis_whenContentTooShort]' started.
2026-05-15 06:33:36.019277+0530 Yoga of Eating[16000:127745] [[FirebaseCore]] 12.7.0 - [FirebaseCore][I-COR000003] The default Firebase app has not yet been configured. Add `FirebaseApp.configure()` to your application initialization. This can be done in in the App Delegate's application(_:didFinishLaunchingWithOptions:)` (or the `@main` struct's initializer in SwiftUI). Read more: https://firebase.google.com/docs/ios/setup#initialize_firebase_in_your_app
2026-05-15 06:33:36.019498+0530 Yoga of Eating[16000:127715] [HistoricalSync] Restore attempted without authenticated user
Test Case '-[Yoga_of_EatingTests.MainV2026-05-15 06:33:36.019972+0530 Yoga of Eating[16000:127744] [ActivityData] Energy query failed: Authorization not determined
iewModelAIAnalysisTests test_performDeepAnalysis_skipsAnalysis_whenContentTooShort]' passed (0.001 seconds).
2026-05-15 06:33:36.021267+0530 Yoga of Eating[16000:127744] [ActivityData] Energy query failed: Authorization not determined
Test Case '-[Yoga_of_EatingTests.MainViewModelAIAnalysisTests test_performDeepAnalysis_skipsAnalysis_whenMultipleItemsTooShort]' started.
2026-05-15 06:33:36.021883+0530 Yoga of Eating[16000:127750] [[FirebaseCore]] 12.7.0 - [FirebaseCore][I-COR000003] The default Firebase app has not yet been configured. Add `FirebaseApp.configure()` to your application initialization. This can be done in in the App Delegate's application(_:didFinishLaunchingWithOptions:)` (or the `@main` struct's initializer in SwiftUI). Read more: https://firebase.google.com/docs/ios/setup#initialize_firebase_in_your_app
2026-05-15 06:33:36.021960+0530 Yoga of Eating[16000:127715] [MainViewModel.Lifecycle] Activity data refreshed
2026-05-15 06:33:36.021989+0530 Yoga of Eating[16000:127715] [MainViewModel.Lifecycle] Activity data refreshed
2026-05-15 06:33:36.022180+0530 Yoga of Eating[16000:127715] [HistoricalSync] Restore attempted without authenticated user
Test Case '-[Yoga_of_EatingTests.MainViewModelAIAnalysisTests test_performDeepAnalysis_skipsAnalysis_whenMultipleItemsTooShort]' passed (0.001 seconds).
2026-05-15 06:33:36.022738+0530 Yoga of Eating[Test Case '-[Yoga_of_EatingTests.MainViewModelAIAnalysisTests test_performDeepAnalysis_updatesHealthScore_onSuccess]' started.
16000:127750] [ActivityData] Energy query failed: Authorization not determined
2026-05-15 06:33:36.023654+0530 Yoga of Eating[16000:127750] [ActivityData] Energy query failed: Authorization not determined
2026-05-15 06:33:36.023952+0530 Yoga of Eating[16000:127744] [[FirebaseCore]] 12.7.0 - [FirebaseCore][I-COR000003] The default Firebase app has not yet been configured. Add `FirebaseApp.configure()` to your application initialization. This can be done in in the App Delegate's application(_:didFinishLaunchingWithOptions:)` (or the `@main` struct's initializer in SwiftUI). Read more: https://firebase.google.com/docs/ios/setup#initialize_firebase_in_your_app
2026-05-15 06:33:36.024022+0530 Yoga of Eating[16000:127715] [MainViewModel.Lifecycle] Activity data refreshed
2026-05-15 06:33:36.024219+0530 Yoga of Eating[16000:127715] [HistoricalSync] Restore attempted without authenticated user
Test Case '-[Yoga_of_EatingTests.MainViewModelAIAnalysisTests test_performDeepAnalysis_updatesHealthScore_onSuccess]' passed (0.002 seconds).
2026-05-15 06:33:36.024694+0530 Yoga of Eating[16000:127741] [ActivityData] Energy query failed: Authorization not determined
2026-05-15 06:33:36.024737+0530 Yoga of Eating[16000:127741] [ActivityData] Energy query failed: Authorization not determined
Test Case '-[Yoga_of_EatingTests.MainViewModelAIAnalysisTests test_performDeepAnalysis_updatesSmileyState_onSuccess]' started.
2026-05-15 06:33:36.025138+0530 Yoga of Eating[16000:127715] [MainViewModel.Lifecycle] Activity data refreshed
2026-05-15 06:33:36.025122+0530 Yoga of Eating[16000:127743] [[FirebaseCore]] 12.7.0 - [FirebaseCore][I-COR000003] The default Firebase app has not yet been configured. Add `FirebaseApp.configure()` to your application initialization. This can be done in in the App Delegate's application(_:didFinishLaunchingWithOptions:)` (or the `@main` struct's initializer in SwiftUI). Read more: https://firebase.google.com/docs/ios/setup#initialize_firebase_in_your_app
2026-05-15 06:33:36.025303+0530 Yoga of Eating[16000:127715] [HistoricalSync] Restore attempted without authenticated user
2026-05-15 06:33:36.025718+0530 Yoga of Eating[16000:127750] [ActivityData] Energy query failed: Authorization not determined
2026-05-15 06:33:36.025852+0530 Yoga of Eating[16000:127751] [ActivityData] Energy query failed: Authorization not determined
Test Case '-[Yoga_of_EatingTests.MainViewModelAIAnalysisTests test_performDeepAnalysis_updatesSmileyState_onSuccess]' passed (0.008 seconds).
Test Case '-[Yoga_of_EatingTests.MainViewModelAIAnalysisTests test_performDeepAnalysis_usesAtomicInsertionForRaceConditionPrevention]' started.
2026-05-15 06:33:36.033516+0530 Yoga of Eating[16000:127741] [[FirebaseCore]] 12.7.0 - [FirebaseCore][I-COR000003] The default Firebase app has not yet been configured. Add `FirebaseApp.configure()` to your application initialization. This can be done in in the App Delegate's application(_:didFinishLaunchingWithOptions:)` (or the `@main` struct's initializer in SwiftUI). Read more: https://firebase.google.com/docs/ios/setup#initialize_firebase_in_your_app
2026-05-15 06:33:36.033632+0530 Yoga of Eating[16000:127715] [MainViewModel.Lifecycle] Activity data refreshed
2026-05-15 06:33:36.033901+0530 Yoga of Eating[16000:127715] [HistoricalSync] Restore attempted without authenticated user
2026-05-15 06:33:36.034244+0530 Yoga of Eating[16000:127715] [MainViewModel.Lifecycle] Activity data refreshed
2026-05-15 06:33:36.034430+0530 Yoga of Eating[16000:127715] [HistoricalSync] Restore attempted without authenticated user
2026-05-15 06:33:36.034979+0530 Yoga of Eating[16000:127747] [ActivityData] Energy query failed: Authorization not determined
2026-05-15 06:33:36.034478+0530 Yoga of Eating[16000:127741] [[FirebaseCore]] 12.7.0 - [FirebaseCore][I-COR000003] The default Firebase app has not yet been configured. Add `FirebaseApp.configure()` to your application initialization. This can be done in in the App Delegate's application(_:didFinishLaunchingWithOptions:)` (or the `@main` struct's initializer in SwiftUI). Read more: https://firebase.google.com/docs/ios/setup#initialize_firebase_in_your_app
2026-05-15 06:33:36.035267+0530 Yoga of Eating[16000:127747] [ActivityData] Energy query failed: Authorization not determined
2026-05-15 06:33:36.035489+0530 Yoga of Eating[16000:127715] [MainViewModel.Lifecycle] Activity data refreshed
2026-05-15 06:33:36.035599+0530 Yoga of Eating[16000:127745] [ActivityData] Energy query failed: Authorization not determined
2026-05-15 06:33:36.035747+0530 Yoga of Eating[16000:127745] [ActivityData] Energy query failed: Authorization not determined
2026-05-15 06:33:36.035893+0530 Yoga of Eating[16000:127715] [MainViewModel.Lifecycle] Activity data refreshed
2026-05-15 06:33:36.036050+0530 Yoga of Eating[16000:127741] [ActivityData] Energy query failed: Authorization not determined
2026-05-15 06:33:36.036188+0530 Yoga of Eating[16000:127745] [ActivityData] Energy query failed: Authorization not determined
2026-05-15 06:33:36.036283+0530 Yoga of Eating[16000:127715] [MainViewModel.Lifecycle] Activity data refreshed
Test Case '-[Yoga_of_EatingTests.MainViewModelAIAnalysisTests test_performDeepAnalysis_usesAtomicInsertionForRaceConditionPrevention]' passed (0.104 seconds).
Test Case '-[Yoga_of_EatingTests.MainViewModelAIAnalysisTests test_performDeepAnalysis_usesLocalScore_whenServiceNotAI]' started.
2026-05-15 06:33:36.138722+0530 Yoga of Eating[16000:127744] [[FirebaseCore]] 12.7.0 - [FirebaseCore][I-COR000003] The default Firebase app has not yet been configured. Add `FirebaseApp.configure()` to your application initialization. This can be done in in the App Delegate's application(_:didFinishLaunchingWithOptions:)` (or the `@main` struct's initializer in SwiftUI). Read more: https://firebase.google.com/docs/ios/setup#initialize_firebase_in_your_app
2026-05-15 06:33:36.138933+0530 Yoga of Eating[16000:127715] [HistoricalSync] Restore attempted without authenticated user
2026-05-15 06:33:36.139228+0530 Yoga of Eating[16000:127745] [[FirebaseCore]] 12.7.0 - [FirebaseCore][I-COR000003] The default Firebase app has not yet been configured. Add `FirebaseApp.configure()` to your application initialization. This can be done in in the App Delegate's application(_:didFinishLaunchingWithOptions:)` (or the `@main` struct's initializer in SwiftUI). Read more: https://firebase.google.com/docs/ios/setup#initialize_firebase_in_your_app
2026-05-15 06:33:36.162988+0530 Yoga of Eating[16000:127715] [plugin] AddInstanceForFactory: No factory registered for id <CFUUID 0x10c31ec20> F8BB1C28-BAE8-11D6-9C31-00039315CD46
Test Case '-[Yoga_of_EatingTests.MainViewModelAIAnalysisTests test_performDeepAnalysis_usesLocalScore_whenServiceNotAI]' passed (0.039 seconds).
Test Case '-[Yoga_of_EatingTests.MainViewModelAIAnalysisTests test_reanalyzeAllMealsForSmileyState_allAnalyzedMeals_stillWorks]' started.
2026-05-15 06:33:36.177299+0530 Yoga of Eating[16000:127715] [HistoricalSync] Restore attempted without authenticated user
Test Case '-[Yoga_of_EatingTests.MainViewModelAIAnalysisTests test_reanalyzeAllMealsForSmileyState_allAnalyzedMeals_stillWorks]' passed (0.002 seconds).
Test Case '-[Yoga_of_EatingTests.MainViewModelAIAnalysisTests test_reanalyzeAllMealsForSmileyState_calculatesAverage_correctly]' started.
2026-05-15 06:33:36.178829+0530 Yoga of Eating[16000:127715] [HistoricalSync] Restore attempted without authenticated user
2026-05-15 06:33:36.178721+0530 Yoga of Eating[16000:127741] [ActivityData] Energy query failed: Authorization not determined
Test Case '-[Yoga_of_EatingTests.MainViewModelAIAnalysisTests test_reanalyzeAllMealsForSmileyState_calculatesAverage_correctly]' passed (0.001 seconds).
Test Case '-[Yoga_of_EatingTests.MainViewModelAIAnalysisTests test_reanalyzeAllMealsForSmileyState_doesNothing_whenMealsEmpty]' started.
XCTestOutputBa2026-05-15 06:33:36.187861+0530 Yoga of Eating[16000:127805] [ActivityData] Energy query failed: Authorization not determined
rrier2026-05-15 06:33:36.191681+0530 Yoga of Eating[16000:127805] [ActivityData] Energy query failed: Authorization not determined
2026-05-15 06:33:36.191759+0530 Yoga of Eating[16000:127805] [ActivityData] Energy query failed: Authorization not determined
2026-05-15 06:33:36.179733+0530 Yoga of Eating[16000:127745] [[FirebaseCore]] 12.7.0 - [FirebaseCore][I-COR000003] The default Firebase app has not yet been configured. Add `FirebaseApp.configure()` to your application initialization. This can be done in in the App Delegate's application(_:didFinishLaunchingWithOptions:)` (or the `@main` struct's initializer in SwiftUI). Read more: https://firebase.google.com/docs/ios/setup#initialize_firebase_in_your_app
2026-05-15 06:33:36.192518+0530 Yoga of Eating[16000:127715] [HistoricalSync] Restore attempted without authenticated user
Test Case '-[Yoga_of_EatingTests.MainViewModelAIAnalysisTests test_reanalyzeAllMealsForSmileyState_doesNothing_whenMealsEmpty]' passed (0.013 seconds).
2026-05-15 06:33:36.193226+0530 Yoga of Eating[16000:127743] [ActivityData] Energy query failed: Authorization not determined
2026-05-15 06:33:36.195017+0530 Yoga of Eating[16000:127745] [[FirebaseCore]] 12.7.0 - [FirebaseCore][I-COR000003] The default Firebase app has not yet been configured. Add `FirebaseApp.configure()` to your application initialization. This can be done in in the App Delegate's application(_:didFinishLaunchingWithOptions:)` (or the `@main` struct's initializer in SwiftUI). Read more: https://firebase.google.com/docs/ios/setup#initialize_firebase_in_your_app
2026-05-15 06:33:36.200130+0530 Yoga of Eating[16000:127743] [ActivityData] Energy query failed: Authorization not determined
2026-05-15 06:33:36.200178+0530 Yoga of Eating[16000:127745] [[FirebaseCore]] 12.7.0 - [FirebaseCore][I-COR000003] The default Firebase app has not yet been configured. Add `FirebaseApp.configure()` to your application initialization. This can be done in in the App Delegate's application(_:didFinishLaunchingWithOptions:)` (or the `@main` struct's initializer in SwiftUI). Read more: https://firebase.google.com/docs/ios/setup#initialize_firebase_in_your_app
Test Case '-[Yoga_of_EatingTests.MainViewModelAIAnalysisTests test_reanalyzeAllMealsForSmileyState_filtersOutUnanalyzedMeals]' started.
2026-05-15 06:33:36.200593+0530 Yoga of Eating[16000:127745] [[FirebaseCore]] 12.7.0 - [FirebaseCore][I-COR000003] The default Firebase app has not yet been configured. Add `FirebaseApp.configure()` to your application initialization. This can be done in in the App Delegate's application(_:didFinishLaunchingWithOptions:)` (or the `@main` struct's initializer in SwiftUI). Read more: https://firebase.google.com/docs/ios/setup#initialize_firebase_in_your_app
2026-05-15 06:33:36.201067+0530 Yoga of Eating[16000:127745] [[FirebaseCore]] 12.7.0 - [FirebaseCore][I-COR000003] The default Firebase app has not yet been configured. Add `FirebaseApp.configure()` to your application initialization. This can be done in in the App Delegate's application(_:didFinishLaunchingWithOptions:)` (or the `@main` struct's initializer in SwiftUI). Read more: https://firebase.google.2026-05-15 06:33:36.201231+0530 Yoga of Eating[16000:127715] [MainViewModel.Lifecycle] Activity data refreshed
com/docs/ios/setup#initialize_firebase_in_your_app
2026-05-15 06:33:36.203757+0530 Yoga of Eating[16000:127715] [MainViewModel.Lifecycle] Activity data refreshed
2026-05-15 06:33:36.204566+0530 Yoga of Eating[16000:127715] [HistoricalSync] Restore attempted without authenticated user
Test Case '-[Yoga_of_EatingTests.MainViewModelAIAnalysisTests test_reanalyzeAllMealsForSmileyState_filtersOutUnanalyzedMeals]' passed (0.005 seconds).
Test Case '-[Yoga_of_EatingTests.MainViewModelAIAnalysisTests test_reanalyzeAllMealsForSmileyState_naiveAverageWouldFail]' started.
2026-05-15 06:33:36.205822+0530 Yoga of Eating[16000:127715] [MainViewModel.Lifecycle] Activity data refreshed
2026-05-15 06:33:36.206076+0530 Yoga of Eating[16000:127715] [HistoricalSync] Restore attempted without authenticated user
2026-05-15 06:33:36.206210+0530 Yoga of Eating[16000:127750] [ActivityDatTest Case '-[Yoga_of_EatingTests.MainViewModelAIAnalysisTests test_reanalyzeAllMealsForSmileyState_naiveAverageWouldFail]' passed (0.001 seconds).
a] Energy query failed: Authorization not determined
2026-05-15 06:33:36.206256+0530 Yoga of Eating[16000:127751] [[FirebaseCore]] 12.7.0 - [FirebaseCore][I-COR000003] The default Firebase app has not yet been configured. Add `FirebaseApp.configure()` to your application initialization. This can be done in in the App Delegate's application(_:didFinishLaunchingWithOptions:)` (or the `@main` struct's initializer in SwiftUI). Read more: https://firebase.google.com/docs/ios/setup#initialize_firebase_in_your_app
2026-05-15 06:33:36.212712+0530 Yoga of Eating[16000:127750] [ActivityData] Energy query failed: Authorization not determined
2026-05-15 06:33:36.212808+0530 Yoga of Eating[16000:127750] [ActivityData] Energy query failed: Authorization not determined
2026-05-15 06:33:36.212857+0530 Yoga of Eating[16000:127750] [ActivityData] Energy query failed: Authorization not determined
Test Case '-[Yoga_of_EatingTests.MainViewModelAIAnalysisTests test_reanalyzeAllMealsForSmileyState_withOnlyUnanalyzedMeals_returnsNeutral]' started.
2026-05-15 06:33:36.214076+0530 Yoga of Eating[16000:127750] [[FirebaseCore]] 12.7.0 - [FirebaseCore][I-COR000003] The default Firebase app has not yet been configured. Add `FirebaseApp.configure()` to your application initialization. This can be done in in the App Delegate's application(_:didFinishLaunchingWithOptions:)` (or the `@main` struct's initializer in SwiftUI). Read more: https://firebase.google.com/docs/ios/setup#initialize_firebase_in_your_app
2026-05-15 06:33:36.214765+0530 Yoga of Eating[16000:127715] [HistoricalSync] Restore attempted without authenticated user
Test Case '-[Yoga_of_EatingTests.MainViewModelAIAnalysisTests test_reanalyzeAllMealsForSmileyState_withOnlyUnanalyzedMeals_returnsNeutral]' passed (0.002 seconds).
Test Case '-[Yoga_of_EatingTests.MainViewModelAIAnalysisTests test_triggerAIAnalysis_callsPerformDeepAnalysis]' started.
2026-05-15 06:33:36.215544+0530 Yoga of Eating[16000:127741] [ActivityData] Energy query failed: Authorization not determined
2026-05-15 06:33:36.215645+0530 Yoga of Eating[16000:127749] [ActivityData] Energy query failed: Authorization not determined
2026-05-15 06:33:36.215845+0530 Yoga of Eating[16000:127715] [MainViewModel.Lifecycle] Activity data refreshed
2026-05-15 06:33:36.215873+0530 Yoga of Eating[16000:127715] [MainViewModel.Lifecycle] Activity data refreshed
2026-05-15 06:33:36.216103+0530 Yoga of Eating[16000:127715] [HistoricalSync] Restore attempted without authenticated user
2026-05-15 06:33:36.217209+0530 Yoga of Eating[16000:127741] [ActivityData] Energy query failed: Authorization not determined
2026-05-15 06:33:36.218072+0530 Yoga of Eating[16000:127741] [ActivityData] Energy query failed: Authorization not determined
2026-05-15 06:33:36.216324+0530 Yoga of Eating[16000:127749] [[FirebaseCore]] 12.7.0 - [FirebaseCore][I-COR000003] The default Firebase app has not yet been configured. Add `FirebaseApp.configure()` to your application initialization. This can be done in in the App Delegate's application(_:didFinishLaunchingWithOptions:)` (or the `@main` struct's initializer in SwiftUI). Read more: https://firebase.google.com/docs/ios/setup#initialize_firebase_in_your_app
Test Case '-[Yoga_of_EatingTests.MainViewModelAIAnalysisTests test_triggerAIAnalysis_callsPerformDeepAnalysis]' passed (0.003 seconds).
Test Case '-[Yoga_of_EatingTests.MainViewModelAIAnalysisTests test_triggerAIAnalysis_resetsIsAIAnalyzedFlag]' started.
2026-05-15 06:33:36.219277+0530 Yoga of Eating[16000:127751] [[FirebaseCore]] 12.7.0 - [FirebaseCore][I-COR000003] The default Firebase app has not yet been configured. Add `FirebaseApp.configure()` to your application initialization. This can be done in in the App Delegate's application(_:didFinishLaunchingWithOptions:)` (or the `@main` struct's initializer in SwiftUI). Read more: https://firebase.google.com/docs/ios/setup#initialize_firebase_in_your_app
2026-05-15 06:33:36.219339+0530 Yoga of Eating[16000:127715] [MainViewModel.Lifecycle] Activity data refreshed
2026-05-15 06:33:36.219551+0530 Yoga of Eating[16000:127715] [HistoricalSync] Restore attempted without authenticated user
Test Case '-[Yoga_of_EatingTests.MainViewModelAIAnalysisTests test_triggerAIAnalysis_resetsIsAIAnalyzedFlag]' passed (0.001 seconds).
Test Case '-[Yoga_of_EatingTests.MainViewModelAIAnalysisTests test_triggerAIAnalysis_skipsIfContentTooShort]' started.
2026-05-15 06:33:36.220225+0530 Yoga of2026-05-15 06:33:36.220488+0530 Yoga of Eating[16000:127715] [MainViewModel.Lifecycle] Activity data refreshed
 Eating[16000:127750] [ActivityData] Energy query failed: Authorization not determined
2026-05-15 06:33:36.220816+0530 Yoga of Eating[16000:127744] [[FirebaseCore]] 12.7.0 - [FirebaseCore][I-COR000003] The default Firebase app has not yet been configured. Add `FirebaseApp.configure()` to your application initialization. This can be done in in the App Delegate's application(_:didFinishLaunchingWithOptions:)` (or the `@main` struct's initializer in SwiftUI). Read more: https://firebase.google.com/docs/ios/setup#initialize_firebase_in_your_app
2026-05-15 06:33:36.222212+0530 Yoga of Eating[16000:127750] [ActivityData] Energy query failed: Authorization not determined
2026-05-15 06:33:36.222408+0530 Yoga of Eating[16000:127715] [HistoricalSync] Restore attempted without authenticated user
Test Case '-[Yoga_of_EatingTests.MainViewModelAIAnalysisTests test_triggerAIAnalysis_skipsIfContentTooShort]' passed (0.003 seconds).
2026-05-15 06:33:36.223034+0530 Yoga of Eating[16000:127805] [ActivityData] Energy query failed: Authorization not determined
Test Case '-[Yoga_of_EatingTests.MainViewModelAIAnalysisTests test_updateMeal_preservesAIAnalyzedFlag_whenItemsUnchanged]' started.
2026-05-15 06:33:36.223146+0530 Yoga of Eating[16000:127750] [ActivityData] Energy query failed: Authorization not determined
2026-05-15 06:33:36.223656+0530 Yoga of Eating[16000:127715] [HistoricalSync] Restore attempted without authenticated user
2026-05-15 06:33:36.223637+0530 Yoga of Eating[16000:127805] [[FirebaseCore]] 12.7.0 - [FirebaseCore][I-COR000003] The default Firebase app has not yet been configured. Add `FirebaseApp.configure()` to your application initialization. This can be done in in the App Delegate's application(_:didFinishLaunchingWithOptions:)` (or the `@main` strucTest Case '-[Yoga_of_EatingTests.MainViewModelAIAnalysisTests test_updateMeal_preservesAIAnalyzedFlag_whenItemsUnchanged]' passed (0.001 seconds).
2026-05-15 06:33:36.224307+0530 Yoga of Eating[16000:127749] [ActivityData] Energy query failed: Authorization not determined
t's initializer in SwiftUI). Read more: https://firebase.google.com/docs/ios/setup#initialize_firebase_in_your_app
2026-05-15 06:33:36.225248+0530 Yoga of Eating[16000:127749] [ActivityData] Energy query failed: Authorization not determined
Test Case '-[Yoga_of_EatingTests.MainViewModelAIAnalysisTests test_updateMeal_resetsAIAnalyzedFlag_whenItemsChange]' started.
2026-05-15 06:33:36.225783+0530 Yoga of Eating[16000:127749] [[FirebaseCore]] 12.7.0 - [FirebaseCore][I-COR000003] The default Firebase app has not yet been configured. Add `FirebaseApp.configure()` to your application initialization. This can be done in in the App Delegate's application(_:didFinishLaunchingWithOptions:)` (or the `@main` struct's initializer in SwiftUI). Read more: https://firebase.google.com/docs/ios/setup#initialize_firebase_in_your_app
2026-05-15 06:33:36.225856+0530 Yoga of Eating[16000:127715] [MainViewModel.Lifecycle] Activity data refreshed
2026-05-15 06:33:36.225884+0530 Yoga of Eating[16000:127715] [MainViewModel.Lifecycle] Activity data refreshed
2026-05-15 06:33:36.226115+0530 Yoga of Eating[16000:127715] [HistoricalSync] Restore attempted without authenticated user
Test Case '-[Yoga_of_EatingTests.MainViewModelAIAnalysisTests test_updateMeal_resetsAIAnalyzedFlag_whenItemsChange]' passed (0.001 seconds).
2026-05-15 06:33:36.226499+0530 Yoga of Eating[16000:127750] [ActivityData] Energy query failed: Authorization not determined
2026-05-15 06:33:36.227354+0530 Yoga of Eating[16000:127750] [ActivityData] Energy query failed: Authorization not determined
Test Case '-[Yoga_of_EatingTests.MainViewModelAIAnalysisTests test_updateMeal_skipsAnalysis_whenItemsUnchanged]' started.
2026-05-15 06:33:36.227887+0530 Yoga of Eating[16000:127805] [[FirebaseCore]] 12.7.0 - [FirebaseCore][I-COR000003] The default Firebase app has not yet been configured. Add `FirebaseApp.configure()` to your application initialization. This can be done in in the App Delegate's application(_:didFinishLaunchingWithOptions:)` (or the `@main` struct's initializer in SwiftUI). Read more: https://firebase.google.com/docs/ios/setup#initialize_firebase_in_your_app
2026-05-15 06:33:36.227963+0530 Yoga of Eating[16000:127715] [MainViewModel.Lifecycle] Activity data refreshed
2026-05-15 06:33:36.228154+0530 Yoga of Eating[16000:127715] [HistoricalSync] Restore attempted without authenticated user
2026-05-15 06:33:36.228304+0530 Yoga of Eating[16000:127715] [MainViewModel.Lifecycle] Activity data refreshed
2026-05-15 06:33:36.228538+0530 Yoga of Eating[16000:127805] [ActivityData] Energy query failed: Authorization not determined
2026-05-15 06:33:36.228783+0530 Yoga of Eating[16000:127743] [ActivityData] Energy query failed: Authorization not determined
2026-05-15 06:33:36.229362+0530 Yoga of Eating[16000:127743] [ActivityData] Energy query failed: Authorization not determined
2026-05-15 06:33:36.229390+0530 Yoga of Eating[16000:127715] [MainViewModel.Lifecycle] Activity data refreshed
2026-05-15 06:33:36.229444+0530 Yoga of Eating[16000:127743] [ActivityData] Energy query failed: Authorization not determined
2026-05-15 06:33:36.229502+0530 Yoga of Eating[16000:127715] [MainViewModel.Lifecycle] Activity data refreshed
Test Case '-[Yoga_of_EatingTests.MainViewModelAIAnalysisTests test_updateMeal_skipsAnalysis_whenItemsUnchanged]' passed (0.105 seconds).
Test Case '-[Yoga_of_EatingTests.MainViewModelAIAnalysisTests test_updateMeal_triggersAI_onCheckmarkSubmission]' started.
2026-05-15 06:33:36.333492+0530 Yoga of Eating[16000:127749] [[FirebaseCore]] 12.7.0 - [FirebaseCore][I-COR000003] The default Firebase app has not yet been configured. Add `FirebaseApp.configure()` to your application initialization. This can be done in in the App Delegate's application(_:didFinishLaunchingWithOptions:)` (or the `@main` struct's initializer in SwiftUI). Read more: https://firebase.google.com/docs/ios/setup#initialize_firebase_in_your_app
2026-05-15 06:33:36.333670+0530 Yoga of Eating[16000:127715] [HistoricalSync] Restore attempted without authenticated user
2026-05-15 06:33:36.334968+0530 Yoga of Eating[16000:127749] [ActivityData] Energy query failed: Authorization not determined
2026-05-15 06:33:36.335144+0530 Yoga of Eating[16000:127805] [ActivityData] Energy query failed: Authorization not determined
2026-05-15 06:33:36.335221+0530 Yoga of Eating[16000:127715] [MainViewModel.Lifecycle] Activity data refreshed
Test Case '-[Yoga_of_EatingTests.MainViewModelAIAnalysisTests test_updateMeal_triggersAI_onCheckmarkSubmission]' passed (0.215 seconds).
Test Case '-[Yoga_of_EatingTests.MainViewModelAIAnalysisTests test_updateMealItems_skipsUpdate_whenOnlyWhitespaceChanged]' started.
2026-05-15 06:33:36.549563+0530 Yoga of Eating[16000:127743] [[FirebaseCore]] 12.7.0 - [FirebaseCore][I-COR000003] The default Firebase app has not yet been configured. Add `FirebaseApp.configure()` to your application initialization. This can be done in in the App Delegate's application(_:didFinishLaunchingWithOptions:)` (or the `@main` struct's initializer in SwiftUI). Read more: https://firebase.google.com/docs/ios/setup#initialize_firebase_in_your_app
2026-05-15 06:33:36.550239+0530 Yoga of Eating[16000:127715] [HistoricalSync] Restore attempted without authenticated user
2026-05-15 06:33:36.553423+0530 Yoga of Eating[16000:127743] [ActivityData] Energy query failed: Authorization not determined
2026-05-15 06:33:36.553809+0530 Yoga of Eating[16000:127749] [ActivityData] Energy query failed: Authorization not determined
2026-05-15 06:33:36.554174+0530 Yoga of Eating[16000:127715] [MainViewModel.Lifecycle] Activity data refreshed
Test Case '-[Yoga_of_EatingTests.MainViewModelAIAnalysisTests test_updateMealItems_skipsUpdate_whenOnlyWhitespaceChanged]' passed (0.210 seconds).
Test Suite 'MainViewModelAIAnalysisTests' passed at 2026-05-15 06:33:36.759.
	 Executed 37 tests, with 0 failures (0 unexpected) in 0.911 (0.941) seconds
Test Suite 'MainViewModelHighlightTests' started at 2026-05-15 06:33:36.759.
Test Case '-[Yoga_of_EatingTests.MainViewModelHighlightTests test_addHighlightTodo_appendsEntry]' started.
2026-05-15 06:33:36.761619+0530 Yoga of Eating[16000:127749] [[FirebaseCore]] 12.7.0 - [FirebaseCore][I-COR000003] The default Firebase app has not yet been configured. Add `FirebaseApp.configure()` to your application initialization. This can be done in in the App Delegate's application(_:didFinishLaunchingWithOptions:)` (or the `@main` struct's initializer in SwiftUI). Read more: https://firebase.google.com/docs/ios/setup#initialize_firebase_in_your_app
Test Case '-[Yoga_of_EatingTests.MainViewModelHighlightTests test_addHighlightTodo_appendsEntry]' passed (0.003 seconds).
Test Case '-[Yoga_of_EatingTests.MainViewModelHighlightTests test_addHighlightTodo_multipleEntries_allPersisted]' started.
2026-05-15 06:33:36.763906+0530 Yoga of Eating[16000:127749] [[FirebaseCore]] 12.7.0 - [FirebaseCore][I-COR000003] The default Firebase app has not yet been configured. Add `FirebaseApp.configure()` to your application initialization. This can be done in in the App Delegate's application(_:didFinishLaunchingWithOptions:)` (or the `@main` struct's initializer in SwiftUI). Read more: https://firebase.google.com/docs/ios/setup#initialize_firebase_in_your_app
Test Case '-[Yoga_of_EatingTests.MainViewModelHighlightTests test_addHighlightTodo_multipleEntries_allPersisted]' passed (0.001 seconds).
Test Case '-[Yoga_of_EatingTests.MainViewModelHighlightTests test_addHighlightTodo_noOp_whenNotViewingToday]' started.
2026-05-15 06:33:36.765724+0530 Yoga of Eating[16000:127741] [[FirebaseCore]] 12.7.0 - [FirebaseCore][I-COR000003] The default Firebase app has not yet been configured. Add `FirebaseApp.configure()` to your application initialization. This can be done in in the App Delegate's application(_:didFinishLaunchingWithOptions:)` (or the `@main` struct's initializer in SwiftUI). Read more: https://firebase.google.com/docs/ios/setup#initialize_firebase_in_your_app
Test Case '-[Yoga_of_EatingTests.MainViewModelHighlightTests test_addHighlightTodo_noOp_whenNotViewingToday]' passed (0.001 seconds).
Test Case '-[Yoga_of_EatingTests.MainViewModelHighlightTests test_addHighlightTodo_trimsWhitespace]' started.
2026-05-15 06:33:36.767348+0530 Yoga of Eating[16000:127741] [[FirebaseCore]] 12.7.0 - [FirebaseCore][I-COR000003] The default Firebase app has not yet been configured. Add `FirebaseApp.configure()` to your application initialization. This can be done in in the App Delegate's application(_:didFinishLaunchingWithOptions:)` (or the `@main` struct's initializer in SwiftUI). Read more: https://firebase.google.com/docs/ios/setup#initialize_firebase_in_your_app
Test Case '-[Yoga_of_EatingTests.MainViewModelHighlightTests test_addHighlightTodo_trimsWhitespace]' passed (0.002 seconds).
Test Case '-[Yoga_of_EatingTests.MainViewModelHighlightTests test_addHighlightTodo_whitespaceOnly_doesNotAdd]' started.
2026-05-15 06:33:36.769457+0530 Yoga of Eating[16000:127743] [[FirebaseCore]] 12.7.0 - [FirebaseCore][I-COR000003] The default Firebase app has not yet been configured. Add `FirebaseApp.configure()` to your application initialization. This can be done in in the App Delegate's application(_:didFinishLaunchingWithOptions:)` (or the `@main` struct's initializer in SwiftUI). Read more: https://firebase.google.com/docs/ios/setup#initialize_firebase_in_your_app
Test Case '-[Yoga_of_EatingTests.MainViewModelHighlightTests test_addHighlightTodo_whitespaceOnly_doesNotAdd]' passed (0.001 seconds).
Test Case '-[Yoga_of_EatingTests.MainViewModelHighlightTests test_removeHighlightTodo_noOp_whenNotViewingToday]' started.
2026-05-15 06:33:36.770733+0530 Yoga of Eating[16000:127741] [[FirebaseCore]] 12.7.0 - [FirebaseCore][I-COR000003] The default Firebase app has not yet been configured. Add `FirebaseApp.configure()` to your application initialization. This can be done in in the App Delegate's application(_:didFinishLaunchingWithOptions:)` (or the `@main` struct's initializer in SwiftUI). Read more: https://firebase.google.com/docs/ios/setup#initialize_firebase_in_your_app
Test Case '-[Yoga_of_EatingTests.MainViewModelHighlightTests test_removeHighlightTodo_noOp_whenNotViewingToday]' passed (0.001 seconds).
Test Case '-[Yoga_of_EatingTests.MainViewModelHighlightTests test_removeHighlightTodo_removesById]' started.
2026-05-15 06:33:36.772105+0530 Yoga of Eating[16000:127743] [[FirebaseCore]] 12.7.0 - [FirebaseCore][I-COR000003] The default Firebase app has not yet been configured. Add `FirebaseApp.configure()` to your application initialization. This can be done in in the App Delegate's application(_:didFinishLaunchingWithOptions:)` (or the `@main` struct's initializer in SwiftUI). Read more: https://firebase.google.com/docs/ios/setup#initialize_firebase_in_your_app
Test Case '-[Yoga_of_EatingTests.MainViewModelHighlightTests test_removeHighlightTodo_removesById]' passed (0.001 seconds).
Test Case '-[Yoga_of_EatingTests.MainViewModelHighlightTests test_removeHighlightTodo_unknownId_doesNothing]' started.
2026-05-15 06:33:36.773640+0530 Yoga of Eating[16000:127741] [[FirebaseCore]] 12.7.0 - [FirebaseCore][I-COR000003] The default Firebase app has not yet been configured. Add `FirebaseApp.configure()` to your application initialization. This can be done in in the App Delegate's application(_:didFinishLaunchingWithOptions:)` (or the `@main` struct's initializer in SwiftUI). Read more: https://firebase.google.com/docs/ios/setup#initialize_firebase_in_your_app
Test Case '-[Yoga_of_EatingTests.MainViewModelHighlightTests test_removeHighlightTodo_unknownId_doesNothing]' passed (0.001 seconds).
Test Case '-[Yoga_of_EatingTests.MainViewModelHighlightTests test_updateHighlightMorningThoughts_emptyString_setsNil]' started.
2026-05-15 06:33:36.775206+0530 Yoga of Eating[16000:127741] [[FirebaseCore]] 12.7.0 - [FirebaseCore][I-COR000003] The default Firebase app has not yet been configured. Add `FirebaseApp.configure()` to your application initialization. This can be done in in the App Delegate's application(_:didFinishLaunchingWithOptions:)` (or the `@main` struct's initializer in SwiftUI). Read more: https://firebase.google.com/docs/ios/setup#initialize_firebase_in_your_app
Test Case '-[Yoga_of_EatingTests.MainViewModelHighlightTests test_updateHighlightMorningThoughts_emptyString_setsNil]' passed (0.001 seconds).
Test Case '-[Yoga_of_EatingTests.MainViewModelHighlightTests test_updateHighlightMorningThoughts_noOp_whenNotViewingToday]' started.
2026-05-15 06:33:36.776817+0530 Yoga of Eating[16000:127741] [[FirebaseCore]] 12.7.0 - [FirebaseCore][I-COR000003] The default Firebase app has not yet been configured. Add `FirebaseApp.configure()` to your application initialization. This can be done in in the App Delegate's application(_:didFinishLaunchingWithOptions:)` (or the `@main` struct's initializer in SwiftUI). Read more: https://firebase.google.com/docs/ios/setup#initialize_firebase_in_your_app
Test Case '-[Yoga_of_EatingTests.MainViewModelHighlightTests test_updateHighlightMorningThoughts_noOp_whenNotViewingToday]' passed (0.001 seconds).
Test Case '-[Yoga_of_EatingTests.MainViewModelHighlightTests test_updateHighlightMorningThoughts_persistsText]' started.
2026-05-15 06:33:36.777593+0530 Yoga of Eating[16000:127749] [[FirebaseCore]] 12.7.0 - [FirebaseCore][I-COR000003] The default Firebase app has not yet been configured. Add `FirebaseApp.configure()` to your application initialization. This can be done in in the App Delegate's application(_:didFinishLaunchingWithOptions:)` (or the `@main` struct's initializer in SwiftUI). Read more: https://firebase.google.com/docs/ios/setup#initialize_firebase_in_your_app
Test Case '-[Yoga_of_EatingTests.MainViewModelHighlightTests test_updateHighlightMorningThoughts_persistsText]' passed (0.001 seconds).
Test Case '-[Yoga_of_EatingTests.MainViewModelHighlightTests test_updateHighlightSleepNotes_emptyString_setsNil]' started.
2026-05-15 06:33:36.778627+0530 Yoga of Eating[16000:127741] [[FirebaseCore]] 12.7.0 - [FirebaseCore][I-COR000003] The default Firebase app has not yet been configured. Add `FirebaseApp.configure()` to your application initialization. This can be done in in the App Delegate's application(_:didFinishLaunchingWithOptions:)` (or the `@main` struct's initializer in SwiftUI). Read more: https://firebase.google.com/docs/ios/setup#initialize_firebase_in_your_app
Test Case '-[Yoga_of_EatingTests.MainViewModelHighlightTests test_updateHighlightSleepNotes_emptyString_setsNil]' passed (0.001 seconds).
Test Case '-[Yoga_of_EatingTests.MainViewModelHighlightTests test_updateHighlightSleepNotes_noOp_whenNotViewingToday]' started.
2026-05-15 06:33:36.779509+0530 Yoga of Eating[16000:127741] [[FirebaseCore]] 12.7.0 - [FirebaseCore][I-COR000003] The default Firebase app has not yet been configured. Add `FirebaseApp.configure()` to your application initialization. This can be done in in the App Delegate's application(_:didFinishLaunchingWithOptions:)` (or the `@main` struct's initializer in SwiftUI). Read more: https://firebase.google.com/docs/ios/setup#initialize_firebase_in_your_app
Test Case '-[Yoga_of_EatingTests.MainViewModelHighlightTests test_updateHighlightSleepNotes_noOp_whenNotViewingToday]' passed (0.001 seconds).
Test Case '-[Yoga_of_EatingTests.MainViewModelHighlightTests test_updateHighlightSleepNotes_persistsToSnapshot]' started.
2026-05-15 06:33:36.780369+0530 Yoga of Eating[16000:127741] [[FirebaseCore]] 12.7.0 - [FirebaseCore][I-COR000003] The default Firebase app has not yet been configured. Add `FirebaseApp.configure()` to your application initialization. This can be done in in the App Delegate's application(_:didFinishLaunchingWithOptions:)` (or the `@main` struct's initializer in SwiftUI). Read more: https://firebase.google.com/docs/ios/setup#initialize_firebase_in_your_app
Test Case '-[Yoga_of_EatingTests.MainViewModelHighlightTests test_updateHighlightSleepNotes_persistsToSnapshot]' passed (0.001 seconds).
Test Case '-[Yoga_of_EatingTests.MainViewModelHighlightTests test_updateHighlightSleepQuality_alsoMirrorsToLegacyReflection]' started.
2026-05-15 06:33:36.781527+0530 Yoga of Eating[16000:127743] [[FirebaseCore]] 12.7.0 - [FirebaseCore][I-COR000003] The default Firebase app has not yet been configured. Add `FirebaseApp.configure()` to your application initialization. This can be done inTest Case '-[Yoga_of_EatingTests.MainViewModelHighlightTests test_updateHighlightSleepQuality_alsoMirrorsToLegacyReflection]' passed (0.001 seconds).
 in the App Delegate's application(_:didFinishLaunchingWithOptions:)` (or the `@main` struct's initializer in SwiftUI). Read more: https://firebase.google.com/docs/ios/setup#initialize_firebase_in_your_app
Test Case '-[Yoga_of_EatingTests.MainViewModelHighlightTests test_updateHighlightSleepQuality_nil_clearsLegacyReflectionSleepQuality]' started.
2026-05-15 06:33:36.785040+0530 Yoga of Eating[16000:127749] [[FirebaseCore]] 12.7.0 - [FirebaseCore][I-COR000003] The default Firebase app has not yet been configured. Add `FirebaseApp.configure()` to your application initialization. This can be done in in the App Delegate's application(_:didFinishLaunchingWithOptions:)` (or the `@main` struct's initializer in SwiftUI). Read more: https://firebase.google.com/docs/ios/setup#initialize_firebase_in_your_app
Test Case '-[Yoga_of_EatingTests.MainViewModelHighlightTests test_updateHighlightSleepQuality_nil_clearsLegacyReflectionSleepQuality]' passed (0.001 seconds).
Test Case '-[Yoga_of_EatingTests.MainViewModelHighlightTests test_updateHighlightSleepQuality_nil_clearsSleepQuality]' started.
2026-05-15 06:33:36.785956+0530 Yoga of Eating[16000:127750] [[FirebaseCore]] 12.7.0 - [FirebaseCore][I-COR000003] The default Firebase app has not yet been configured. Add `FirebaseApp.configure()` to your application initialization. ThisTest Case '-[Yoga_of_EatingTests.MainViewModelHighlightTests test_updateHighlightSleepQuality_nil_clearsSleepQuality]' passed (0.001 seconds).
 can be done in in the App Delegate's application(_:didFinishLaunchingWithOptions:)` (or the `@main` struct's initializer in SwiftUI). Read more: https://firebase.google.com/docs/ios/setup#initialize_firebase_in_your_app
Test Case '-[Yoga_of_EatingTests.MainViewModelHighlightTests test_updateHighlightSleepQuality_noOp_whenNotViewingToday]' started.
2026-05-15 06:33:36.787268+0530 Yoga of Eating[16000:127805] [[FirebaseCore]] 12.7.0 - [FirebaseCore][I-COR000003] The default Firebase app has not yet been configured. Add `FirebaseApp.configure()` to your application initialization. This can be done in in the App Delegate's application(_:didFinishLaunchingWithOptions:)` (or the `@main` struct's initializer in SwiftUI). Read more: https://firebase.google.com/docs/ios/setup#initialize_firebase_in_your_app
Test Case '-[Yoga_of_EatingTests.MainViewModelHighlightTests test_updateHighlightSleepQuality_noOp_whenNotViewingToday]' passed (0.000 seconds).
Test Case '-[Yoga_of_EatingTests.MainViewModelHighlightTests test_updateHighlightSleepQuality_persistsToSnapshot]' started.
2026-05-15 06:33:36.787898+0530 Yoga of Eating[16000:127750] [[FirebaseCore]] 12.7.0 - [FirebaseCore][I-COR000003] The default Firebase app has not yet been configured. Add `FirebaseApp.configure()` to your application initialization. This can be done in inTest Case '-[Yoga_of_EatingTests.MainViewModelHighlightTests test_updateHighlightSleepQuality_persistsToSnapshot]' passed (0.000 seconds).
 the App Delegate's application(_:didFinishLaunchingWithOptions:)` (or the `@main` struct's initializer in SwiftUI). Read more: https://firebase.google.com/docs/ios/setup#initialize_firebase_in_your_app
Test Suite 'MainViewModelHighlightTests' passed at 2026-05-15 06:33:36.789.
	 Executed 19 tests, with 0 failures (0 unexpected) in 0.020 (0.030) seconds
Test Suite 'MainViewModelInsightUnificationTests' started at 2026-05-15 06:33:36.790.
Test Case '-[Yoga_of_EatingTests.MainViewModelInsightUnificationTests test_currentInsight_isNil_onInit]' started.
2026-05-15 06:33:36.790085+0530 Yoga of Eating[16000:127805] [[FirebaseCore]] 12.7.0 - [FirebaseCore][I-COR000003] The default Firebase app has not yet been configured. Add `FirebaseApp.configure()` to your application initialization. This can be done in in the App Delegate's application(_:didFinishLaunchingWithOptions:)` (or the `@main` struct's initializer in SwiftUI). Read more: https://firebase.google.com/docs/ios/setup#initialize_firebase_in_your_app
Test Case '-[Yoga_of_EatingTests.MainViewModelInsightUnificationTests test_currentInsight_isNil_onInit]' passed (0.001 seconds).
Test Case '-[Yoga_of_EatingTests.MainViewModelInsightUnificationTests test_currentInsight_isUnifiedType]' started.
2026-05-15 06:33:36.790808+0530 Yoga of EatiTest Case '-[Yoga_of_EatingTests.MainViewModelInsightUnificationTests test_currentInsight_isUnifiedType]' passed (0.000 seconds).
ng[16000:127743] [[FirebaseCore]] 12.7.0 - [FirebaseCore][I-COR000003] The default Firebase app has not yet been configured. Add `FirebaseApp.configure()` to your application initialization. This can be done in in the App Delegate's application(_:didFinishLaunchingWithOptions:)` (or the `@main` struct's initializer in SwiftUI). Read more: https://firebase.google.com/docs/ios/setup#initialize_firebase_in_your_app
Test Case '-[Yoga_of_EatingTests.MainViewModelInsightUnificationTests test_dismissInsight_closesSheet]' started.
2026-05-15 06:33:36.791994+0530 Yoga of Eating[16000:127749] [[FirebaseCore]] 12.7.0 - [FirebaseCore][I-COR000003] The default Firebase app has not yet been configured. Add `FirebaseApp.configure()` to your application initialization. This can be done in in the App Delegate's application(_:didFinishLaunchingWithOptions:)` (or the `@main` struct's initializer in SwiftUI). Read more: https://firebase.google.com/docs/ios/setup#initialize_firebase_in_your_app
Test Case '-[Yoga_of_EatingTests.MainViewModelInsightUnificationTests test_dismissInsight_closesSheet]' passed (0.000 seconds).
Test Case '-[Yoga_of_EatingTests.MainViewModelInsightUnificationTests test_dismissInsight_marksInsightAsViewed]' started.
2026-05-15 06:33:36.792568+0530 Yoga of Eating[16000:127743] [[FirebaseCore]] 12.7.0 - [FirebaseCore][I-COR000003] The default Firebase app has not yet been configured. Add `FirebaseApp.configure()` to your application initialization. This can be done in in the App Delegate'sTest Case '-[Yoga_of_EatingTests.MainViewModelInsightUnificationTests test_dismissInsight_marksInsightAsViewed]' passed (0.000 seconds).
 application(_:didFinishLaunchingWithOptions:)` (or the `@main` struct's initializer in SwiftUI). Read more: https://firebase.google.com/docs/ios/setup#initialize_firebase_in_your_app
Test Case '-[Yoga_of_EatingTests.MainViewModelInsightUnificationTests test_hasUnreadInsight_falseAfterViewed]' started.
2026-05-15 06:33:36.794823+0530 Yoga of Eating[16000:127750] [[FirebaseCore]] 12.7.0 - [FirebaseCore][I-COR000003] The default Firebase app has not yet been configured. Add `FirebaseApp.configure()` to your application initialization. This can be done in in the App Delegate's application(_:didFinishLaunchingWithOptions:)` (or the `@main` struct's initializer in SwiftUI). Read more: https://firebase.google.com/docs/ios/setup#initialize_firebase_in_your_app
Test Case '-[Yoga_of_EatingTests.MainViewModelInsightUnificationTests test_hasUnreadInsight_falseAfterViewed]' passed (0.000 seconds).
Test Case '-[Yoga_of_EatingTests.MainViewModelInsightUnificationTests test_hasUnreadInsight_falseWhenNil]' started.
2026-05-15 06:33:36.795390+0530 Yoga of Eating[16000:127750] [[FirebaseCore]] 12.7.0 - [FirebaseCore][I-COR000003] The default Firebase app has not yet been configured. Add `FirebaseApp.configure()` to your application initialization. This can be done in in the App Delegate's application(_:didFinishLaunchingWithOptions:)` (or the `@main` struct's initializer in SwiftUI). Read more: https://firebase.google.com/docs/ios/setup#initialize_firebase_in_your_app
Test Case '-[Yoga_of_EatingTests.MainViewModelInsightUnificationTests test_hasUnreadInsight_falseWhenNil]' passed (0.000 seconds).
Test Case '-[Yoga_of_EatingTests.MainViewModelInsightUnificationTests test_hasUnreadInsight_trueWhenInsightNotViewed]' started.
2026-05-15 06:33:36.796005+0530 Yoga of Eating[16000:127749] [[FirebaseCore]] 12.7.0 - [FirebaseCore][I-COR000003] The default Firebase app has not yet been configured. Add `FirebaseApp.configure()` to your application initialization. This can be done in in the App Delegate's application(_:didFinishLaunchingWithOptions:)` (or the `@main` struct's initializer in SwiftUI). Read more: https://firebase.google.com/docs/ios/setup#initialize_firebase_in_your_app
Test Case '-[Yoga_of_EatingTests.MainViewModelInsightUnificationTests test_hasUnreadInsight_trueWhenInsightNotViewed]' passed (0.000 seconds).
Test Case '-[Yoga_of_EatingTests.MainViewModelInsightUnificationTests test_mainViewModel_hasNoInsightServiceProperty]' started.
2026-05-15 06:33:36.799089+0530 Yoga of Eating[16000:127743] [[FirebaseCore]] 12.7.0 - [FirebaseCore][I-COR000003] The default Firebase app has not yet been configured. Add `FirebaseApp.configure()` to your application initialization. This can be done in in the App Delegate's application(_:didFinishLaunchingWithOptions:)` (or the `@main` struct's initializer in SwiftUI). Read more: https://firebase.google.com/docs/ios/setup#initialize_firebase_in_your_app
2026-05-15 06:33:36.799195+0530 Yoga of Eating[16000:127743] [[FirebaseCore]] 12.7.0 - [FirebaseCore][I-COR000003] The default Firebase app has not yet been configured. Add `FirebaseApp.configure()` to your application initialization. This can be done in in the App Delegate's application(_:didFinishLaunchingWithOptions:)` (or the `@main` struct's initializer in SwiftUI). Read more: https://firebase.google.com/docs/ios/setup#initialize_firebase_in_your_app
Test Case '-[Yoga_of_EatingTests.MainViewModelInsightUnificationTests test_mainViewModel_hasNoInsightServiceProperty]' passed (0.010 seconds).
Test Case '-[Yoga_of_EatingTests.MainViewModelInsightUnificationTests test_resetDay_clearsCurrentInsight]' started.
2026-05-15 06:33:36.806611+0530 Yoga of Eating[16000:127743] [[FirebaseCore]] 12.7.0 - [FirebaseCore][I-COR000003] The default Firebase app has not yet been configured. Add `FirebaseApp.configure()` to your application initialization. This can be done in in the App Delegate's application(_:didFinishLaunchingWithOptions:)` (or the `@main` struct's initializer in SwiftUI). Read more: https://firebase.google.com/docs/ios/setup#initialize_firebase_in_your_app
Test Case '-[Yoga_of_EatingTests.MainViewModelInsightUnificationTests test_resetDay_clearsCurrentInsight]' passed (0.001 seconds).
Test Case '-[Yoga_of_EatingTests.MainViewModelInsightUnificationTests test_triggerInsightGeneration_callsLifecycleService]' started.
2026-05-15 06:33:36.807484+0530 Yoga of Eating[16000:127749] [[FirebaseCore]] 12.7.0 - [FirebaseCore][I-COR000003] The default Firebase app has not yet been configured. Add `FirebaseApp.configure()` to your application initialization. This can be done in in the App Delegate's application(_:didFinishLaunchingWithOptions:)` (or the `@main` struct's initializer in SwiftUI). Read more: https://firebase.google.com/docs/ios/setup#initialize_firebase_in_your_app
2026-05-15 06:33:36.809914+0530 Yoga of Eating[16000:127715] [Reflection] Failed to fetch HealthKit sleep data: Authorization not determined
2026-05-15 06:33:36.810125+0530 Yoga of Eating[16000:127715] [Reflection] Failed to fetch HealthKit sleep data: Authorization not determined
2026-05-15 06:33:36.810315+0530 Yoga of Eating[16000:127715] [Reflection] Failed to fetch HealthKit sleep data: Authorization not determined
2026-05-15 06:33:36.810788+0530 Yoga of Eating[16000:127715] [Reflection] Failed to fetch HealthKit sleep data: Authorization not determined
2026-05-15 06:33:36.811291+0530 Yoga of Eating[16000:127715] [Reflection] Failed to fetch HealthKit sleep data: Authorization not determined
2026-05-15 06:33:36.811699+0530 Yoga of Eating[16000:127715] [Reflection] Failed to fetch HealthKit sleep data: Authorization not determined
2026-05-15 06:33:36.812254+0530 Yoga of Eating[16000:127715] [Reflection] Failed to fetch HealthKit sleep data: Authorization not determined
2026-05-15 06:33:36.812822+0530 Yoga of Eating[16000:127715] [Reflection] Failed to fetch HealthKit sleep data: Authorization not determined
2026-05-15 06:33:36.813220+0530 Yoga of Eating[16000:127715] [Reflection] Failed to fetch HealthKit sleep data: Authorization not determined
2026-05-15 06:33:36.815648+0530 Yoga of Eating[16000:127715] [Reflection] Failed to fetch HealthKit sleep data: Authorization not determined
2026-05-15 06:33:36.815874+0530 Yoga of Eating[16000:127715] [Reflection] Failed to fetch HealthKit sleep data: Authorization not determined
2026-05-15 06:33:36.816185+0530 Yoga of Eating[16000:127715] [Reflection] Failed to fetch HealthKit sleep data: Authorization not determined
2026-05-15 06:33:36.816612+0530 Yoga of Eating[16000:127715] [Reflection] Failed to fetch HealthKit sleep data: Authorization not determined
2026-05-15 06:33:36.816801+0530 Yoga of Eating[16000:127715] [Reflection] Failed to fetch HealthKit sleep data: Authorization not determined
2026-05-15 06:33:36.816972+0530 Yoga of Eating[16000:127715] [Reflection] Failed to fetch HealthKit sleep data: Authorization not determined
2026-05-15 06:33:36.817150+0530 Yoga of Eating[16000:127715] [Reflection] Failed to fetch HealthKit sleep data: Authorization not determined
2026-05-15 06:33:36.817542+0530 Yoga of Eating[16000:127715] [Reflection] Failed to fetch HealthKit sleep data: Authorization not determined
2026-05-15 06:33:36.817955+0530 Yoga of Eating[16000:127715] [Reflection] Failed to fetch HealthKit sleep data: Authorization not determined
2026-05-15 06:33:36.818304+0530 Yoga of Eating[16000:127715] [Reflection] Failed to fetch HealthKit sleep data: Authorization not determined
2026-05-15 06:33:36.818426+0530 Yoga of Eating[16000:127715] [Reflection] Failed to fetch HealthKit sleep data: Authorization not determined
2026-05-15 06:33:36.818798+0530 Yoga of Eating[16000:127715] [Reflection] Failed to fetch HealthKit sleep data: Authorization not determined
2026-05-15 06:33:36.819189+0530 Yoga of Eating[16000:127715] [Reflection] Failed to fetch HealthKit sleep data: Authorization not determined
2026-05-15 06:33:36.819454+0530 Yoga of Eating[16000:127715] [Reflection] Failed to fetch HealthKit sleep data: Authorization not determined
2026-05-15 06:33:36.819651+0530 Yoga of Eating[16000:127715] [Reflection] Failed to fetch HealthKit sleep data: Authorization not determined
2026-05-15 06:33:36.819933+0530 Yoga of Eating[16000:127715] [Reflection] Failed to fetch HealthKit sleep data: Authorization not determined
2026-05-15 06:33:36.820194+0530 Yoga of Eating[16000:127715] [Reflection] Failed to fetch HealthKit sleep data: Authorization not determined
2026-05-15 06:33:36.820312+0530 Yoga of Eating[16000:127715] [Reflection] Failed to fetch HealthKit sleep data: Authorization not determined
FirebaseAuth/Auth.swift:155: Fatal error: The default FirebaseApp instance must be configured before the default Auth instance can be initialized. One way to ensure this is to call `FirebaseApp.configure()` in the App Delegate's `application(_:didFinishLaunchingWithOptions:)` (or the `@main` struct's initializer in SwiftUI).
2026-05-15 06:33:36.820422+0530 Yoga of Eating[16000:127715] FirebaseAuth/Auth.swift:155: Fatal error: The default FirebaseApp instance must be configured before the default Auth instance can be initialized. One way to ensure this is to call `FirebaseApp.configure()` in the App Delegate's `application(_:didFinishLaunchingWithOptions:)` (or the `@main` struct's initializer in SwiftUI).
2026-05-15 06:33:58.704261+0530 Yoga of Eating[16030:128355] [[FirebaseCore]] 12.7.0 - [FirebaseCore][I-COR000003] The default Firebase app has not yet been configured. Add `FirebaseApp.configure()` to your application initialization. This can be done in in the App Delegate's application(_:didFinishLaunchingWithOptions:)` (or the `@main` struct's initializer in SwiftUI). Read more: https://firebase.google.com/docs/ios/setup#initialize_firebase_in_your_app
2026-05-15 06:33:58.704958+0530 Yoga of Eating[16030:128355] [[FirebaseCore]] 12.7.0 - [FirebaseCore][I-COR000003] The default Firebase app has not yet been configured. Add `FirebaseApp.configure()` to your application initialization. This can be done in in the App Delegate's application(_:didFinishLaunchingWithOptions:)` (or the `@main` struct's initializer in SwiftUI). Read more: https://firebase.google.com/docs/ios/setup#initialize_firebase_in_your_app
2026-05-15 06:33:58.709410+0530 Yoga of Eating[16030:128347] [[FirebaseCore]] 12.7.0 - [FirebaseCore][I-COR000003] The default Firebase app has not yet been configured. Add `FirebaseApp.configure()` to your application initialization. This can be done in in the App Delegate's application(_:didFinishLaunchingWithOptions:)` (or the `@main` struct's initializer in SwiftUI). Read more: https://firebase.google.com/docs/ios/setup#initialize_firebase_in_your_app
2026-05-15 06:33:58.710035+0530 Yoga of Eating[16030:128347] [[FirebaseCore]] 12.7.0 - [FirebaseCore][I-COR000003] The default Firebase app has not yet been configured. Add `FirebaseApp.configure()` to your application initialization. This can be done in in the App Delegate's application(_:didFinishLaunchingWithOptions:)` (or the `@main` struct's initializer in SwiftUI). Read more: https://firebase.google.com/docs/ios/setup#initialize_firebase_in_your_app
2026-05-15 06:33:58.785239+0530 Yoga of Eating[16030:128352] [General] Failed to send CA Event for app launch measurements for ca_event_type: 0 event_name: com.apple.app_launch_measurement.FirstFramePresentationMetric
2026-05-15 06:33:58.788678+0530 Yoga of Eating[16030:128347] [[FirebaseCore]] 12.7.0 - [FirebaseCore][I-COR000003] The default Firebase app has not yet been configured. Add `FirebaseApp.configure()` to your application initialization. This can be done in in the App Delegate's application(_:didFinishLaunchingWithOptions:)` (or the `@main` struct's initializer in SwiftUI). Read more: https://firebase.google.com/docs/ios/setup#initialize_firebase_in_your_app
2026-05-15 06:33:58.791973+0530 Yoga of Eating[16030:128316] [Auth] No previous session to restore: We couldn't restore your session. Please sign in again.
2026-05-15 06:33:58.797893+0530 Yoga of Eating[16030:128356] [ActivityData] Energy query failed: Authorization not determined
2026-05-15 06:33:58.797976+0530 Yoga of Eating[16030:128356] [ActivityData] Energy query failed: Authorization not determined
2026-05-15 06:33:58.798125+0530 Yoga of Eating[16030:128316] [MainViewModel.Lifecycle] Activity data refreshed

Restarting after unexpected exit, crash, or test timeout; summary will include totals from previous launches.

2026-05-15 06:33:58.926179+0530 Yoga of Eating[16030:128349] Could not get attrs using token.pid for connection com.apple.xpc.anonymous.0x10be9a300.peer[15846].0x10bc61c80, pid -1: 144: Requestor lacks required entitlement
Test Suite 'Selected tests' started at 2026-05-15 06:33:58.937.
Test Suite 'Yoga of EatingTests.xctest' started at 2026-05-15 06:33:58.937.
Test Suite 'MainViewModelInsightUnificationTests' started at 2026-05-15 06:33:58.938.
Test Case '-[Yoga_of_EatingTests.MainViewModelInsightUnificationTests test_triggerInsightGeneration_isIdempotent_whenInsightAlreadyExistsForToday]' started.
2026-05-15 06:33:58.938804+0530 Yoga of Eating[16030:128355] [[FirebaseCore]] 12.7.0 - [FirebaseCore][I-COR000003] The default Firebase app has not yet been configured. Add `FirebaseApp.configure()` to your application initialization. This can be done in in the App Delegate's application(_:didFinishLaunchingWithOptions:)` (or the `@main` struct's initializer in SwiftUI). Read more: https://firebase.google.com/docs/ios/setup#initialize_firebase_in_your_app
Test Case '-[Yoga_of_EatingTests.MainViewModelInsightUnificationTests test_triggerInsightGeneration_isIdempotent_whenInsightAlreadyExistsForToday]' passed (0.068 seconds).
Test Case '-[Yoga_of_EatingTests.MainViewModelInsightUnificationTests test_triggerInsightGeneration_setsCurrentInsight_onSuccess]' started.
2026-05-15 06:33:59.006922+0530 Yoga of Eating[16030:128352] [[FirebaseCore]] 12.7.0 - [FirebaseCore][I-COR000003] The default Firebase app has not yet been configured. Add `FirebaseApp.configure()` to your application initialization. This can be done in in the App Delegate's application(_:didFinishLaunchingWithOptions:)` (or the `@main` struct's initializer in SwiftUI). Read more: https://firebase.google.com/docs/ios/setup#initialize_firebase_in_your_app
2026-05-15 06:33:59.021386+0530 Yoga of Eating[16030:128316] [Reflection] Failed to fetch HealthKit sleep data: Authorization not determined
2026-05-15 06:33:59.022044+0530 Yoga of Eating[16030:128316] [Reflection] Failed to fetch HealthKit sleep data: Authorization not determined
2026-05-15 06:33:59.022541+0530 Yoga of Eating[16030:128316] [Reflection] Failed to fetch HealthKit sleep data: Authorization not determined
FirebaseAuth/Auth.swift:155: Fatal error: The default FirebaseApp instance must be configured before the default Auth instance can be initialized. One way to ensure this is to call `FirebaseApp.configure()` in the App Delegate's `application(_:didFinishLaunchingWithOptions:)` (or the `@main` struct's initializer in SwiftUI).
2026-05-15 06:33:59.022640+0530 Yoga of Eating[16030:128316] FirebaseAuth/Auth.swift:155: Fatal error: The default FirebaseApp instance must be configured before the default Auth instance can be initialized. One way to ensure this is to call `FirebaseApp.configure()` in the App Delegate's `application(_:didFinishLaunchingWithOptions:)` (or the `@main` struct's initializer in SwiftUI).
2026-05-15 06:34:21.230198+0530 Yoga of Eating[16053:128732] [[FirebaseCore]] 12.7.0 - [FirebaseCore][I-COR000003] The default Firebase app has not yet been configured. Add `FirebaseApp.configure()` to your application initialization. This can be done in in the App Delegate's application(_:didFinishLaunchingWithOptions:)` (or the `@main` struct's initializer in SwiftUI). Read more: https://firebase.google.com/docs/ios/setup#initialize_firebase_in_your_app
2026-05-15 06:34:21.230933+0530 Yoga of Eating[16053:128732] [[FirebaseCore]] 12.7.0 - [FirebaseCore][I-COR000003] The default Firebase app has not yet been configured. Add `FirebaseApp.configure()` to your application initialization. This can be done in in the App Delegate's application(_:didFinishLaunchingWithOptions:)` (or the `@main` struct's initializer in SwiftUI). Read more: https://firebase.google.com/docs/ios/setup#initialize_firebase_in_your_app
2026-05-15 06:34:21.235035+0530 Yoga of Eating[16053:128735] [[FirebaseCore]] 12.7.0 - [FirebaseCore][I-COR000003] The default Firebase app has not yet been configured. Add `FirebaseApp.configure()` to your application initialization. This can be done in in the App Delegate's application(_:didFinishLaunchingWithOptions:)` (or the `@main` struct's initializer in SwiftUI). Read more: https://firebase.google.com/docs/ios/setup#initialize_firebase_in_your_app
2026-05-15 06:34:21.235657+0530 Yoga of Eating[16053:128735] [[FirebaseCore]] 12.7.0 - [FirebaseCore][I-COR000003] The default Firebase app has not yet been configured. Add `FirebaseApp.configure()` to your application initialization. This can be done in in the App Delegate's application(_:didFinishLaunchingWithOptions:)` (or the `@main` struct's initializer in SwiftUI). Read more: https://firebase.google.com/docs/ios/setup#initialize_firebase_in_your_app
2026-05-15 06:34:21.310809+0530 Yoga of Eating[16053:128733] [[FirebaseCore]] 12.7.0 - [FirebaseCore][I-COR000003] The default Firebase app has not yet been configured. Add `FirebaseApp.configure()` to your application initialization. This can be done in in the App Delegate's application(_:didFinishLaunchingWithOptions:)` (or the `@main` struct's initializer in SwiftUI). Read more: https://firebase.google.com/docs/ios/setup#initialize_firebase_in_your_app
2026-05-15 06:34:21.312247+0530 Yoga of Eating[16053:128707] [Auth] No previous session to restore: We couldn't restore your session. Please sign in again.
2026-05-15 06:34:21.317330+0530 Yoga of Eating[16053:128731] [ActivityData] Energy query failed: Authorization not determined
2026-05-15 06:34:21.317380+0530 Yoga of Eating[16053:128731] [ActivityData] Energy query failed: Authorization not determined

Restarting after unexpected exit, crash, or test timeout; summary will include totals from previous launches.

2026-05-15 06:34:21.421741+0530 Yoga of Eating[16053:128707] [MainViewModel.Lifecycle] Activity data refreshed
2026-05-15 06:34:21.437715+0530 Yoga of Eating[16053:128738] Could not get attrs using token.pid for connection com.apple.xpc.anonymous.0x10d699cc0.peer[15846].0x10d465c80, pid -1: 144: Requestor lacks required entitlement
Test Suite 'Selected tests' started at 2026-05-15 06:34:21.446.
Test Suite 'Yoga of EatingTests.xctest' started at 2026-05-15 06:34:21.447.
Test Suite 'MainViewModelInsightUnificationTests' started at 2026-05-15 06:34:21.447.
Test Suite 'MainViewModelInsightUnificationTests' passed at 2026-05-15 06:34:21.447.
	 Executed 0 tests, with 0 failures (0 unexpected) in 0.000 (0.000) seconds
Test Suite 'MainViewModelProtocolTests' started at 2026-05-15 06:34:21.447.
Test Case '-[Yoga_of_EatingTests.MainViewModelProtocolTests test_historicalDataService_setMainViewModel_isCalledOnInit]' started.
2026-05-15 06:34:21.448348+0530 Yoga of Eating[16053:128735] [[FirebaseCore]] 12.7.0 - [FirebaseCore][I-COR000003] The default Firebase app has not yet been configured. Add `FirebaseApp.configure()` to your application initialization. This can be done in in the App Delegate's application(_:didFinishLaunchingWithOptions:)` (or the `@main` struct's initializer in SwiftUI). Read more: https://firebase.google.com/docs/ios/setup#initialize_firebase_in_your_app
2026-05-15 06:34:21.448504+0530 Yoga of Eating[16053:128735] [[FirebaseCore]] 12.7.0 - [FirebaseCore][I-COR000003] The default Firebase app has not yet been configured. Add `FirebaseApp.configure()` to your application initialization. This can be done in in the App Delegate's application(_:didFinishLaunchingWithOptions:)` (or the `@main` struct's initializer in SwiftUI). Read more: https://firebase.google.com/docs/ios/setup#initialize_firebase_in_your_app
Test Case '-[Yoga_of_EatingTests.MainViewModelProtocolTests test_historicalDataService_setMainViewModel_isCalledOnInit]' passed (0.003 seconds).
Test Case '-[Yoga_of_EatingTests.MainViewModelProtocolTests test_historicalDataService_setMainViewModel_receivesMainViewModelInstance]' started.
Test Case '-[Yoga_of_EatingTests.MainViewModelProtocolTests test_historicalDataService_setMainViewModel_receivesMainViewModelInstance]' passed (0.000 seconds).
2026-05-15 06:34:21.451338+0530 Yoga of Eating[16053:128732] [[FirebaseCore]] 12.7.0 - [FirebaseCore][I-COR000003] The default Firebase app has not yet been configured. Add `FirebaseApp.configure()` to your application initialization. This can be done in in the App Delegate's application(_:didFinishLaunchingWithOptions:)` (or the `@main` struct's initializer in SwiftUI). Read more: https://firebase.google.com/docs/ios/setup#initialize_firebase_in_your_app
2026-05-15 06:34:21.451602+0530 Yoga of Eating[16053:128732] [[FirebaseCore]] 12.7.0 - [FirebaseCore][I-COR000003] The default Firebase app has not yet been configured. Add `FirebaseApp.configure()` to your application initialization. This can be done in in the App Delegate's application(_:didFinishLaunchingWithOptions:)` (or the `@main` struct's initializer in SwiftUI). Read more: https://firebase.google.com/docs/ios/setup#initialize_firebase_in_your_app
Test Case '-[Yoga_of_EatingTests.MainViewModelProtocolTests test_mainViewModel_conformsToMainViewModelProtocol]' started.
2026-05-15 06:34:21.453914+0530 Yoga of Eating[16053:128732] [[FirebaseCore]] 12.7.0 - [FirebaseCore][I-COR000003] The default Firebase app has not yet been configured. Add `FirebaseApp.configure()` to your application initialization. This can be done in in the App Delegate's application(_:didFinishLaunchingWithOptions:)` (or the `@main` struct's initializer in SwiftUI). Read more: https://firebase.google.com/docs/ios/setup#initialize_firebase_in_your_app
2026-05-15 06:34:21.454008+0530 Yoga of Eating[16053:128732] [[FirebaseCore]] 12.7.0 - [FirebaseCore][I-COR000003] The default Firebase app has not yet been configured. Add `FirebaseApp.configure()` to your application initialization. This can be done in in the App Delegate's application(_:didFinishLaunchingWithOptions:)` (or the `@main` struct's initializer in SwiftUI). Read more: https://firebase.google.com/docs/ios/setup#initialize_firebase_in_your_app
Test Case '-[Yoga_of_EatingTests.MainViewModelProtocolTests test_mainViewModel_conformsToMainViewModelProtocol]' passed (0.011 seconds).
Test Case '-[Yoga_of_EatingTests.MainViewModelProtocolTests test_mainViewModel_init_doesNotRequireConcreteHistoricalDataService]' started.
Test Case '-[Yoga_of_EatingTests.MainViewModelProtocolTests test_mainViewModel_init_doesNotRequireConcreteHistoricalDataService]' passed (0.000 seconds).
2026-05-15 06:34:21.463117+0530 Yoga of Eating[16053:128730] [[FirebaseCore]] 12.7.0 - [FirebaseCore][I-COR000003] The default Firebase app has not yet been configured. Add `FirebaseApp.configure()` to your application initialization. This can be done in in the App Delegate's application(_:didFinishLaunchingWithOptions:)` (or the `@main` struct's initializer in SwiftUI). Read more: https://firebase.google.com/docs/ios/setup#initialize_firebase_in_your_app
Test Suite 'MainViewModelProtocolTests' passed at 2026-05-15 06:34:21.463.
	 Executed 4 tests, with 0 failures (0 unexpected) in 0.015 (0.016) seconds
2026-05-15 06:34:21.463302+0530 Yoga of Eating[16053:128730] [[FirebaseCore]] 12.7.0 - [FirebaseCore][I-COR000003] The default Firebase app has not yet been configured. Add `FirebaseApp.configure()` to your application initialization. This can be done in in the App Delegate's application(_:didFinishLaunchingWithOptions:)` (or the `@main` struct's initializer in SwiftUI). Read more: https://firebase.google.com/docs/ios/setup#initialize_firebase_in_your_app
Test Suite 'MainViewModelReflectTests' started at 2026-05-15 06:34:21.463.
Test Case '-[Yoga_of_EatingTests.MainViewModelReflectTests test_toggleTodoAccomplished_noOp_whenNotViewingToday]' started.
2026-05-15 06:34:21.465415+0530 Yoga of Eating[16053:128738] [[FirebaseCore]] 12.7.0 - [FirebaseCore][I-COR000003] The default Firebase app has not yet been configured. Add `FirebaseApp.configure()` to your application initialization. This can be done in in the App Delegate's application(_:didFinishLaunchingWithOptions:)` (or the `@main` struct's initializer in SwiftUI). Read more: https://firebase.google.com/docs/ios/setup#initialize_firebase_in_your_app
Test Case '-[Yoga_of_EatingTests.MainViewModelReflectTests test_toggleTodoAccomplished_noOp_whenNotViewingToday]' passed (0.010 seconds).
Test Case '-[Yoga_of_EatingTests.MainViewModelReflectTests test_toggleTodoAccomplished_setsAccomplishedTrue]' started.
2026-05-15 06:34:21.476110+0530 Yoga of Eating[16053:128735] [[FirebaseCore]] 12.7.0 - [FirebaseCore][I-COR000003] The default Firebase app has not yet been configured. Add `FirebaseApp.configure()` to your application initialization. This can be done in in the App Delegate's application(_:didFinishLaunchingWithOptions:)` (or the `@main` struct's initializer in SwiftUI). Read more: https://firebase.google.com/docs/ios/setup#initialize_firebase_in_your_app
Test Case '-[Yoga_of_EatingTests.MainViewModelReflectTests test_toggleTodoAccomplished_setsAccomplishedTrue]' passed (0.001 seconds).
Test Case '-[Yoga_of_EatingTests.MainViewModelReflectTests test_toggleTodoAccomplished_togglesBackToFalse]' started.
2026-05-15 06:34:21.476764+0530 Yoga of Eating[16053:128738] [[FirebaseCore]] 12.7.0 - [FirebaseCore][I-COR000003] The default Firebase app has not yet been configured. Add `FirebaseApp.configure()` to your application initialization. This can be done in in the App Delegate's application(_:didFinishLaunchingWithOptions:)` (or the `@main` struct's initializer in SwiftUI). Read more: https://firebase.google.com/docs/ios/setup#initialize_firebase_in_your_app
Test Case '-[Yoga_of_EatingTests.MainViewModelReflectTests test_toggleTodoAccomplished_togglesBackToFalse]' passed (0.000 seconds).
Test Case '-[Yoga_of_EatingTests.MainViewModelReflectTests test_toggleTodoAccomplished_unknownId_doesNothing]' started.
2026-05-15 06:34:21.477440+0530 Yoga of Eating[16053:128738] [[FirebaseCore]] 12.7.0 - [FirebaseCore][I-COR000003] The default Firebase app has not yet been configured. Add `FirebaseApp.configure()` to your application initialization. This can be done in in the App Delegate's application(_:didFinishLaunchingWithOptions:)` (or the `@main` struct's initializer in SwiftUI). Read more: https://firebase.google.com/docs/ios/setup#initialize_firebase_in_your_app
Test Case '-[Yoga_of_EatingTests.MainViewModelReflectTests test_toggleTodoAccomplished_unknownId_doesNothing]' passed (0.000 seconds).
Test Case '-[Yoga_of_EatingTests.MainViewModelReflectTests test_toggleTodoAccomplished_updatesHighlightDataAsSourceOfTruth]' started.
2026-05-15 06:34:21.478061+0530 Yoga of Eating[16053:128732] [[FirebaseCore]] 12.7.0 - [FirebaseCore][I-COR000003] The default Firebase app has not yet been configured. Add `FirebaseApp.configure()` to your application initialization. This can be done in inTest Case '-[Yoga_of_EatingTests.MainViewModelReflectTests test_toggleTodoAccomplished_updatesHighlightDataAsSourceOfTruth]' passed (0.001 seconds).
 the App Delegate's application(_:didFinishLaunchingWithOptions:)` (or the `@main` struct's initializer in SwiftUI). Read more: https://firebase.google.com/docs/ios/setup#initialize_firebase_in_your_app
Test Case '-[Yoga_of_EatingTests.MainViewModelReflectTests test_updateReflectFeeling_alsoMirrorsToLegacyReflection]' started.
2026-05-15 06:34:21.478818+0530 Yoga of Eating[16053:128730] [[FirebaseCore]] 12.7.0 - [FirebaseCore][I-COR000003] The default Firebase app has not yet been configured. Add `FirebaseApp.configure()` to your application initialization. This can be done in in the App Delegate's application(_:didFinishLaunchingWithOptions:)` (or the `@main` struct's initializer in SwiftUI). Read more: https://firebase.google.com/docs/ios/setup#initialize_firebase_in_your_app
Test Case '-[Yoga_of_EatingTests.MainViewModelReflectTests test_updateReflectFeeling_alsoMirrorsToLegacyReflection]' passed (0.001 seconds).
Test Case '-[Yoga_of_EatingTests.MainViewModelReflectTests test_updateReflectFeeling_nil_clearsFeelingInSnapshot]' started.
2026-05-15 06:34:21.479562+0530 Yoga of Eating[16053:128738] [[FirebaseCore]] 12.7.0 - [FirebaseCore][I-COR000003] TTest Case '-[Yoga_of_EatingTests.MainViewModelReflectTests test_updateReflectFeeling_nil_clearsFeelingInSnapshot]' passed (0.000 seconds).
he default Firebase app has not yet been configured. Add `FirebaseApp.configure()` to your application initialization. This can be done in in the App Delegate's application(_:didFinishLaunchingWithOptions:)` (or the `@main` struct's initializer in SwiftUI). Read more: https://firebase.google.com/docs/ios/setup#initialize_firebase_in_your_app
Test Case '-[Yoga_of_EatingTests.MainViewModelReflectTests test_updateReflectFeeling_nil_clearsLegacyReflectionFeeling]' started.
2026-05-15 06:34:21.480156+0530 Yoga of Eating[16053:128738] [[FirebaseCore]] 12.7.0 - [FirebaseCore][I-COR000003] The default Firebase app has not yet been configured. Add `FirebaseApp.configure()` to your application initialization. This can be done in in the App Delegate's application(_:didFinishLaunchingWithOptions:)` (or the `@main` struct's initializer in SwiftUI). Read more: https://firebase.google.com/docs/ios/setup#initialize_firebase_in_your_app
Test Case '-[Yoga_of_EatingTests.MainViewModelReflectTests test_updateReflectFeeling_nil_clearsLegacyReflectionFeeling]' passed (0.000 seconds).
Test Case '-[Yoga_of_EatingTests.MainViewModelReflectTests test_updateReflectFeeling_noOp_whenNotViewingToday]' started.
2026-05-15 06:34:21.480735+0530 Yoga of Eating[16053:128735] [[FirebaseCore]] 12.7.0 - [FirebaseCore][I-COR000003] The default Firebase app has not yet been configured. Add `FirebaseApp.configure()` to your application initialization. This can be done in in thTest Case '-[Yoga_of_EatingTests.MainViewModelReflectTests test_updateReflectFeeling_noOp_whenNotViewingToday]' passed (0.000 seconds).
e App Delegate's application(_:didFinishLaunchingWithOptions:)` (or the `@main` struct's initializer in SwiftUI). Read more: https://firebase.google.com/docs/ios/setup#initialize_firebase_in_your_app
Test Case '-[Yoga_of_EatingTests.MainViewModelReflectTests test_updateReflectFeeling_persistsToSnapshot]' started.
2026-05-15 06:34:21.482270+0530 Yoga of Eating[16053:128738] [[FirebaseCore]] 12.7.0 - [FirebaseCore][I-COR000003] The default Firebase app has not yet been configured. Add `FirebaseApp.configure()` to your application initialization. This can be done in in the App Delegate's application(_:didFinishLaunchingWithOptions:)` (or the `@main` struct's initializer in SwiftUI). Read more: https://firebase.google.com/docs/ios/setup#initialize_firebase_in_your_app
Test Case '-[Yoga_of_EatingTests.MainViewModelReflectTests test_updateReflectFeeling_persistsToSnapshot]' passed (0.000 seconds).
Test Case '-[Yoga_of_EatingTests.MainViewModelReflectTests test_updateReflectJournalText_emptyString_setsNil]' started.
2026-05-15 06:34:21.482906+0530 Yoga of Eating[16053:128732] [[FirebaseCore]] 12.7.0 - [FirebaseCore][I-COR000003] The default Firebase app has not yet been configured. Add `FirebaseApp.configure()` to your application initialization. This can be done in in the App Delegate'sTest Case '-[Yoga_of_EatingTests.MainViewModelReflectTests test_updateReflectJournalText_emptyString_setsNil]' passed (0.001 seconds).
 application(_:didFinishLaunchingWithOptions:)` (or the `@main` struct's initializer in SwiftUI). Read more: https://firebase.google.com/docs/ios/setup#initialize_firebase_in_your_app
Test Case '-[Yoga_of_EatingTests.MainViewModelReflectTests test_updateReflectJournalText_noOp_whenNotViewingToday]' started.
2026-05-15 06:34:21.483878+0530 Yoga of Eating[16053:128738] [[FirebaseCore]] 12.7.0 - [FirebaseCore][I-COR000003] The default Firebase app has not yet been configured. Add `FirebaseApp.configure()` to your application initialization. This can be done in in the App Delegate's application(_:didFinishLaunchingWithOptions:)` (or the `@main` struct's initializer in SwiftUI). Read more: https://firebase.google.com/docs/ios/setup#initialize_firebase_in_your_app
Test Case '-[Yoga_of_EatingTests.MainViewModelReflectTests test_updateReflectJournalText_noOp_whenNotViewingToday]' passed (0.000 seconds).
Test Case '-[Yoga_of_EatingTests.MainViewModelReflectTests test_updateReflectJournalText_persistsToSnapshot]' started.
2026-05-15 06:34:21.484382+0530 Yoga of Eating[16053:128735] [[FirebaseCore]] 12.7.0 - [FirebaseCore][I-COR000003] The default Firebase app has not yet been configured. Add `FirebaseApp.configure()` to your application initialization. This can be done in in the App DTest Case '-[Yoga_of_EatingTests.MainViewModelReflectTests test_updateReflectJournalText_persistsToSnapshot]' passed (0.000 seconds).
elegate's application(_:didFinishLaunchingWithOptions:)` (or the `@main` struct's initializer in SwiftUI). Read more: https://firebase.google.com/docs/ios/setup#initialize_firebase_in_your_app
Test Case '-[Yoga_of_EatingTests.MainViewModelReflectTests test_updateReflectJournalText_updatesExistingEntry]' started.
2026-05-15 06:34:21.486092+0530 Yoga of Eating[16053:128738] [[FirebaseCore]] 12.7.0 - [FirebaseCore][I-COR000003] The default Firebase app has not yet been configured. Add `FirebaseApp.configure()` to your application initialization. This can be done in in the App Delegate's application(_:didFinishLaunchingWithOptions:)` (or the `@main` struct's initializer in SwiftUI). Read more: https://firebase.google.com/docs/ios/setup#initialize_firebase_in_your_app
Test Case '-[Yoga_of_EatingTests.MainViewModelReflectTests test_updateReflectJournalText_updatesExistingEntry]' passed (0.001 seconds).
Test Suite 'MainViewModelReflectTests' passed at 2026-05-15 06:34:21.486.
	 Executed 14 tests, with 0 failures (0 unexpected) in 0.017 (0.023) seconds
Test Suite 'MainViewModelTests' started at 2026-05-15 06:34:21.487.
Test Case '-[Yoga_of_EatingTests.MainViewModelTests test_addingMeal_updatesStateAndMeals]' started.
2026-05-15 06:34:21.486896+0530 Yoga of Eating[16053:128738] [[FirebaseCore]] 12.7.0 - [FirebaseCore][I-COR000003] The default Firebase app has not yet been configured. Add `FirebaseApp.configure()` to your application initialization. This can be done in in the App Delegate's application(_:didFinishLaunchingWithOptions:)` (or the `@main` struct's initializer in SwiftUI). Read more: https://firebase.google.com/docs/ios/setup#initialize_firebase_in_your_app
Test Case '-[Yoga_of_EatingTests.MainViewModelTests test_addingMeal_updatesStateAndMeals]' passed (0.003 seconds).
Test Case '-[Yoga_of_EatingTests.MainViewModelTests test_copyMealToToday_createsNewMealWithTodayTimestamp]' started.
2026-05-15 06:34:21.489924+0530 Yoga of Eating[16053:128733] [[FirebaseCore]] 12.7.0 - [FirebaseCore][I-COR000003] The default Firebase app has not yet been configured. Add `FirebaseApp.configure()` to your application initialization. This can be done in in the App Delegate's application(_:didFinishLaunchingWithOptions:)` (or the `@main` struct's initializer in SwiftUI). Read more: https://firebase.google.com/docs/ios/setup#initialize_firebase_in_your_app
Test Case '-[Yoga_of_EatingTests.MainViewModelTests test_copyMealToToday_createsNewMealWithTodayTimestamp]' passed (0.000 seconds).
Test Case '-[Yoga_of_EatingTests.MainViewModelTests test_copyMealToToday_preservesItemsAndMealType]' started.
2026-05-15 06:34:21.490527+0530 Yoga of Eating[16053:128733] [[FirebaseCore]] 12.7.0 - [FirebaseCore][I-COR000003] The default Firebase app has not yet been configured. Add `FirebaseApp.configure()` to your application initialization. This can be done in in the App Delegate's application(_:didFinishLaunchingWithOptions:)` (or the `@main` struct's initializer in SwiftUI). Read more: https://firebase.google.com/docs/ios/setup#initialize_firebase_in_your_app
Test Case '-[Yoga_of_EatingTests.MainViewModelTests test_copyMealToToday_preservesItemsAndMealType]' passed (0.000 seconds).
Test Case '-[Yoga_of_EatingTests.MainViewModelTests test_createNewMeal_capturesCurrentTimestamp]' started.
2026-05-15 06:34:21.491021+0530 Yoga of Eating[16053:128735] [[FirebaseCore]] 12.7.0 - [FirebaseCore][I-COR000003] The default Firebase app has not yet been configured. Add `FirebaseApp.configure()` to your application initialization. This can be done in in the App Delegate's application(_:didFinishLaunchingWithOptions:)` (or the `@main` struct's initializer in SwiftUI). Read more: https://firebase.google.com/docs/ios/setup#initialize_firebase_in_your_app
Test Case '-[Yoga_of_EatingTests.MainViewModelTests test_createNewMeal_capturesCurrentTimestamp]' passed (0.000 seconds).
Test Case '-[Yoga_of_EatingTests.MainViewModelTests test_createNewMeal_timestampIsSavedToPersistence]' started.
2026-05-15 06:34:21.491539+0530 Yoga of Eating[16053:128733] [[FirebaseCore]] 12.7.0 - [FirebaseCore][I-COR000003] The default Firebase app has not yet been configured. Add `FirebaseApp.configure()` to your application initialization. This can be done in in the App Delegate's application(_:didFinishLaunchingWithOptions:)` (or the `@main` struct's initializer in SwiftUI). Read more: https://firebase.google.com/docs/ios/setup#initialize_firebase_in_your_app
Test Case '-[Yoga_of_EatingTests.MainViewModelTests test_createNewMeal_timestampIsSavedToPersistence]' passed (0.000 seconds).
Test Case '-[Yoga_of_EatingTests.MainViewModelTests test_deleteAllData_clearsAllState]' started.
2026-05-15 06:34:21.492124+0530 Yoga of Eating[16053:128730] [[FirebaseCore]] 12.7.0 - [FirebaseCore][I-COR000003] The default Firebase app has not yet been configured. Add `FirebaseApp.configure()` to your application initialization. This can be done in in the App Delegate's application(_:didFinishLaunchingWithOptions:)` (or the `@main` struct's initializer in SwiftUI). Read more: https://firebase.google.com/docs/ios/setup#initialize_firebase_in_your_app
Test Case '-[Yoga_of_EatingTests.MainViewModelTests test_deleteAllData_clearsAllState]' passed (0.002 seconds).
Test Case '-[Yoga_of_EatingTests.MainViewModelTests test_deletingMeal_updatesState]' started.
2026-05-15 06:34:21.494536+0530 Yoga of Eating[16053:128730] [[FirebaseCore]] 12.7.0 - [FirebaseCore][I-COR000003] The default Firebase app has not yet been configured. Add `FirebaseApp.configure()` to your application initialization. This can be done in in the App Delegate's application(_:didFinishLaunchingWithOptions:)` (or the `@main` struct's initializer in SwiftUI). Read more: https://firebase.google.com/docs/ios/setup#initialize_firebase_in_your_app
2026-05-15 06:34:21.494902+0530 Yoga of Eating[16053:128707] [MainViewModel.Lifecycle] Cloud restore skipped — user has explicitly deleted all data on this device.
2026-05-15 06:34:21.512451+0530 Yoga of Eating[16053:128707] [plugin] AddInstanceForFactory: No factory registered for id <CFUUID 0x10d71cec0> F8BB1C28-BAE8-11D6-9C31-00039315CD46
Test Case '-[Yoga_of_EatingTests.MainViewModelTests test_deletingMeal_updatesState]' passed (0.030 seconds).
Test Case '-[Yoga_of_EatingTests.MainViewModelTests test_fastingPeriods_emptyForSingleMeal]' started.
2026-05-15 06:34:21.525000+0530 Yoga of Eating[16053:128707] [MainViewModel.Lifecycle] Cloud restore skipped — user has explicitly deleted all data on this device.
2026-05-15 06:34:21.525021+0530 Yoga of Eating[16053:128730] [[FirebaseCore]] 12.7.0 - [FirebaseCore][I-COR000003] The default Firebase app has not yet been configured. Add `FirebaseApp.configure()` to your application initialization. This can be done in in the App Delegate's application(_:didFinishLaunchingWithOptions:)` (or the `@main` struct's initializer in SwiftUI). Read more: https://firebase.google.com/docs/ios/setup#initialize_firebase_in_your_app
Test Case '-[Yoga_of_EatingTests.MainViewModelTests test_fastingPeriods_emptyForSingleMeal]' passed (0.001 seconds).
Test Case '-[Yoga_of_EatingTests.MainViewModelTests test_fastingPeriods_isCachedCorrectly]' started.
2026-05-15 06:34:21.526372+0530 Yoga of Eating[16053:128707] [MainViewModel.Lifecycle] Cloud restore skipped — user has explicitly deleted all data on this device.
Test Case '-[Yoga_of_EatingTests.MainViewModelTests test_fastingPeriods_isCachedCorrectly]' passed (0.001 seconds).
2026-05Test Case '-[Yoga_of_EatingTests.MainViewModelTests test_getRecentUniqueMeals_deduplicatesByItems]' started.
-15 06:34:21.526552+0530 Yoga of Eating[16053:128738] [[FirebaseCore]] 12.7.0 - [FirebaseCore][I-COR000003] The default Firebase app has not yet been configured. Add `FirebaseApp.configure()` to your application initialization. This can be done in in the App Delegate's application(_:didFinishLaunchingWithOptions:)` (or the `@main` struct's initializer in SwiftUI). Read more: https://firebase.google.com/docs/ios/setup#initialize_firebase_in_your_app
2026-05-15 06:34:21.527649+0530 Yoga of Eating[16053:128707] [MainViewModel.Lifecycle] Cloud restore skipped — user has explicitly deleted all data on this device.
2026-05-15 06:34:21.527726+0530 Yoga of Eating[16053:128730] [[FirebaseCore]] 12.7.0 - [FirebaseCore][I-COR000003] The default Firebase app has not yet been configured. Add `FirebaseApp.configure()` to your application initialization. This can be done in in the App Delegate's application(_:didFinishLaunchingWithOptions:)` (or the `@main` struct's initializer in SwiftUI). Read more: https://firebase.google.com/docs/ios/setup#initialize_firebase_in_your_app
Test Case '-[Yoga_of_EatingTests.MainViewModelTests test_getRecentUniqueMeals_deduplicatesByItems]' passed (0.001 seconds).
Test Case '-[Yoga_of_EatingTests.MainViewModelTests test_getRecentUniqueMeals_returnsEmptyWhenNoHistory]' started.
2026-05-15 06:34:21.528403+0530 Yoga of Eating[16053:128707] [MainViewModel.Lifecycle] Cloud restore skipped — user has explicitly deleted all data on this device.
2026-05-15 06:34:21.528443+0530 Yoga of Eating[16053:128730] [[FirebaseCore]] 12.7.0 - [FirebaseCore][I-COR000003] The default Firebase app has not yet been configured. Add `FirebaseApp.configure()` to your application initialization. This can be done in in the App Delegate's application(_:didFinishLaunchingWithOptions:)` (or the `@main` struct's initializer in SwiftUI). Read more: https://firebase.google.com/docs/ios/setup#initialize_firebase_in_your_app
Test Case '-[Yoga_of_EatingTests.MainViewModelTests test_getRecentUniqueMeals_returnsEmptyWhenNoHistory]' passed (0.000 seconds).
Test Case '-[Yoga_of_EatingTests.MainViewModelTests test_getRecentUniqueMeals_returnsLast3DaysMeals]' started.
2026-05-15 06:34:21.530760+0530 Yoga of Eating[16053:128707] [MainViewModel.Lifecycle] Cloud restore skipped — user has explicitly deleted all data on this device.
2026-05-15 06:34:21.530774+0530 Yoga of Eating[16053:128732] [[FirebaseCore]] 12.7.0 - [FirebaseCore][I-COR000003] The default Firebase app has not yet been configured. Add `FirebaseApp.configure()` to your application initialization. This can be done in in the App Delegate's application(_:didFinishLaunchingWithOptions:)` (or the `@main` struct's initializer in SwiftUI). Read more: https://firebase.google.com/docs/ios/setup#initialize_firebase_in_your_app
Test Case '-[Yoga_of_EatingTests.MainViewModelTests test_getRecentUniqueMeals_returnsLast3DaysMeals]' passed (0.002 seconds).
Test Case '-[Yoga_of_EatingTests.MainViewModelTests test_initialState_isNeutral]' started.
2026-05-15 06:34:21.531514+0530 Yoga of Eating[16053:128707] [MainViewModel.Lifecycle] Cloud restore skipped — user has explicitly deleted all data on this device.
Test Case '-[Yoga_of_EatingTests.MainViewModelTests test_initialState_isNeutral]' passed (0.000 seconds).
2026-05-15 06:34:21.531579+0530 Yoga of Eating[16053:128732] [[FirebaseCore]] 12.7.0 - [FirebaseCore][I-COR000003] The default Firebase app has not yet been configured. Add `FirebaseApp.configure()` to your application initialization. This can be done in in the App Delegate's application(_:didFinishLaunchingWithOptions:)` (or the `@main` struct's initializer in SwiftUI). Read more: https://firebase.google.com/docs/ios/setup#initialize_firebase_in_your_app
Test Case '-[Yoga_of_EatingTests.MainViewModelTests test_meals_updatesWhenMealCreated]' started.
2026-05-15 06:34:21.532090+0530 Yoga of Eating[16053:128707] [MainViewModel.Lifecycle] Cloud restore skipped — user has explicitly deleted all data on this device.
2026-05-15 06:34:21.532096+0530 Yoga of Eating[16053:128732] [[FirebaseCore]] 12.7.0 - [FirebaseCore][I-COR000003] The default Firebase app has not yet been configured. Add `FirebaseApp.configure()` to your application initialization. This can be done in in the App Delegate's application(_:didFinishLaunchingWithOptions:)` (or the `@main` struct's initializer in SwiftUI). Read more: https://firebase.google.com/docs/ios/setup#initialize_firebase_in_your_app
Test Case '-[Yoga_of_EatingTests.MainViewModelTests test_meals_updatesWhenMealCreated]' passed (0.002 seconds).
Test Case '-[Yoga_of_EatingTests.MainViewModelTests test_mealsAreSortedCorrectly_viaFastingPeriods]' started.
2026-05-15 06:34:21.534291+0530 Yoga of Eating[16053:128707] [MainViewModel.Lifecycle] Cloud restore skipped — user has explicitly deleted all data on this device.
2026-05-15 06:34:21.534301+0530 Yoga of Eating[16053:128733] [[FirebaseCore]] 12.7.0 - [FirebaseCore][I-COR000003] The default Firebase app has not yet been configured. Add `FirebaseApp.configure()` to your application initialization. This can be done in in the App Delegate's application(_:didFinishLaunchingWithOptions:)` (or the `@main` struct's initializer in SwiftUI). Read more: https://firebase.google.com/docs/ios/setup#initialize_firebase_in_your_app
Test Case '-[Yoga_of_EatingTests.MainViewModelTests test_mealsAreSortedCorrectly_viaFastingPeriods]' passed (0.004 seconds).
Test Case '-[Yoga_of_EatingTests.MainViewModelTests test_multipleMeals_haveDistinctTimestamps]' started.
2026-05-15 06:34:21.538917+0530 Yoga of Eating[16053:128732] [[FirebaseCore]] 12.7.0 - [FirebaseCore][I-COR000003] The default Firebase app has not yet been configured. Add `FirebaseApp.configure()` to your application initialization. This can be done in in the App Delegate's application(_:didFinishLaunchingWithOptions:)` (or the `@main` struct's initializer in SwiftUI). Read more: https://firebase.google.com/docs/ios/setup#initialize_firebase_in_your_app
2026-05-15 06:34:21.538940+0530 Yoga of Eating[16053:128707] [MainViewModel.Lifecycle] Cloud restore skipped — user has explicitly deleted all data on this device.
Test Case '-[Yoga_of_EatingTests.MainViewModelTests test_multipleMeals_haveDistinctTimestamps]' passed (0.012 seconds).
Test Case '-[Yoga_of_EatingTests.MainViewModelTests test_performDeepAnalysis_handlesFailureGracefully]' started.
2026-05-15 06:34:21.551188+0530 Yoga of Eating[16053:128732] [[FirebaseCore]] 12.7.0 - [FirebaseCore][I-COR000003] The default Firebase app has not yet been configured. Add `FirebaseApp.configure()` to your application initialization. This can be done in in the App Delegate's application(_:didFinishLaunchingWithOptions:)` (or the `@main` struct's initializer in SwiftUI). Read more: https://firebase.google.com/docs/ios/setup#initialize_firebase_in_your_app
2026-05-15 06:34:21.551217+0530 Yoga of Eating[16053:128707] [MainViewModel.Lifecycle] Cloud restore skipped — user has explicitly deleted all data on this device.
2026-05-15 06:34:21.561308+0530 Yoga of Eating[16053:128707] [MainViewModel.Lifecycle] Cloud restore skipped — user has explicitly deleted all data on this device.
2026-05-15 06:34:21.561306+0530 Yoga of Eating[16053:128730] [[FirebaseCore]] 12.7.0 - [FirebaseCore][I-COR000003] The default Firebase app has not yet been configured. Add `FirebaseApp.configure()` to your application initialization. This can be done in in the App Delegate's application(_:didFinishLaunchingWithOptions:)` (or the `@main` struct's initializer in SwiftUI). Read more: https://firebase.google.com/docs/ios/setup#initialize_firebase_in_your_app
2026-05-15 06:34:21.564138+0530 Yoga of Eating[16053:128707] [AIAnalysisCoordinator] AI analysis failed (meal redacted for privacy)
2026-05-15 06:34:21.564989+0530 Yoga of Eating[16053:128731] [ActivityData] Energy query failed: Authorization not determined
2026-05-15 06:34:21.565219+0530 Yoga of Eating[16053:128733] [ActivityData] Energy query failed: Authorization not determined
2026-05-15 06:34:21.565417+0530 Yoga of Eating[16053:128707] [MainViewModel.Lifecycle] Activity data refreshed
2026-05-15 06:34:21.565448+0530 Yoga of Eating[16053:128811] [ActivityData] Energy query failed: Authorization not determined
2026-05-15 06:34:21.565744+0530 Yoga of Eating[16053:128811] [ActivityData] Energy query failed: Authorization not determined
2026-05-15 06:34:21.565935+0530 Yoga of Eating[16053:128707] [MainViewModel.Lifecycle] Activity data refreshed
Test Case '-[Yoga_of_EatingTests.MainViewModelTests test_performDeepAnalysis_handlesFailureGracefully]' passed (0.113 seconds).
Test Case '-[Yoga_of_EatingTests.MainViewModelTests test_performDeepAnalysis_preventsDuplicateRequests]' started.
2026-05-15 06:34:21.663972+0530 Yoga of Eating[16053:128707] [MainViewModel.Lifecycle] Cloud restore skipped — user has explicitly deleted all data on this device.
2026-05-15 06:34:21.663999+0530 Yoga of Eating[16053:128809] [[FirebaseCore]] 12.7.0 - [FirebaseCore][I-COR000003] The default Firebase app has not yet been configured. Add `FirebaseApp.configure()` to your application initialization. This can be done in in the App Delegate's application(_:didFinishLaunchingWithOptions:)` (or the `@main` struct's initializer in SwiftUI). Read more: https://firebase.google.com/docs/ios/setup#initialize_firebase_in_your_app
2026-05-15 06:34:21.664233+0530 Yoga of Eating[16053:128707] [MainViewModel.Lifecycle] Cloud restore skipped — user has explicitly deleted all data on this device.
2026-05-15 06:34:21.664262+0530 Yoga of Eating[16053:128809] [[FirebaseCore]] 12.7.0 - [FirebaseCore][I-COR000003] The default Firebase app has not yet been configured. Add `FirebaseApp.configure()` to your application initialization. This can be done in in the App Delegate's application(_:didFinishLaunchingWithOptions:)` (or the `@main` struct's initializer in SwiftUI). Read more: https://fireb2026-05-15 06:34:21.665722+0530 Yoga of Eating[16053:128811] [ActivityData] Energy query failed: Authorization not determined
ase.google.com/docs/ios/setup#initialize_firebase_in_your_app
2026-05-15 06:34:21.667249+0530 Yoga of Eating[16053:128811] [ActivityData] Energy query failed: Authorization not determined
2026-05-15 06:34:21.667291+0530 Yoga of Eating[16053:128811] [ActivityData] Energy query failed: Authorization not determined
2026-05-15 06:34:21.667327+0530 Yoga of Eating[16053:128707] [MainViewModel.Lifecycle] Activity data refreshed
2026-05-15 06:34:21.667336+0530 Yoga of Eating[16053:128811] [ActivityData] Energy query failed: Authorization not determined
2026-05-15 06:34:21.667392+0530 Yoga of Eating[16053:128707] [MainViewModel.Lifecycle] Activity data refreshed
Test Case '-[Yoga_of_EatingTests.MainViewModelTests test_performDeepAnalysis_preventsDuplicateRequests]' passed (0.160 seconds).
Test Case '-[Yoga_of_EatingTests.MainViewModelTests test_performDeepAnalysis_updatesHealthScoreFromAI]' started.
2026-05-15 06:34:21.823855+0530 Yoga of Eating[16053:128809] [[FirebaseCore]] 12.7.0 - [FirebaseCore][I-COR000003] The default Firebase app has not yet been configured. Add `FirebaseApp.configure()` to your application initialization. This can be done in in the App Delegate's application(_:didFinishLaunchingWithOptions:)` (or the `@main` struct's initializer in SwiftUI). Read more: https://firebase.google.com/docs/ios/setup#initialize_firebase_in_your_app
2026-05-15 06:34:21.823878+0530 Yoga of Eating[16053:128707] [MainViewModel.Lifecycle] Cloud restore skipped — user has explicitly deleted all data on this device.
2026-05-15 06:34:21.824067+0530 Yoga of Eating[16053:128707] [MainViewModel.Lifecycle] Cloud restore skipped — user has explicitly deleted all data on this device.
2026-05-15 06:34:21.824077+0530 Yoga of Eating[16053:128810] [[FirebaseCore]] 12.7.0 - [FirebaseCore][I-COR000003] The default Firebase app has not yet been configured. Add `FirebaseApp.configure()` to your application initialization. This can be done in in the App Delegate's application(_:didFinishLaunchingWithOptions:)` (or the `@main` struct's initializer in SwiftUI). Read more: https://firebase.google.com/docs/ios/setup#initialize_firebase_in_your_app
2026-05-15 06:34:21.824998+0530 Yoga of Eating[16053:128810] [ActivityData] Energy query failed: Authorization not determined
2026-05-15 06:34:21.825159+0530 Yoga of Eating[16053:128810] [ActivityData] Energy query failed: Authorization not determined
2026-05-15 06:34:21.825264+0530 Yoga of Eating[16053:128707] [MainViewModel.Lifecycle] Activity data refreshed
2026-05-15 06:34:21.825388+0530 Yoga of Eating[16053:128809] [ActivityData] Energy query failed: Authorization not determined
2026-05-15 06:34:21.827073+0530 Yoga of Eating[16053:128809] [ActivityData] Energy query failed: Authorization not determined
2026-05-15 06:34:21.827126+0530 Yoga of Eating[16053:128707] [MainViewModel.Lifecycle] Activity data refreshed
Test Case '-[Yoga_of_EatingTests.MainViewModelTests test_performDeepAnalysis_updatesHealthScoreFromAI]' passed (0.104 seconds).
Test Case '-[Yoga_of_EatingTests.MainViewModelTests test_resetDay_archivesData]' started.
2026-05-15 06:34:21.927601+0530 Yoga of Eating[16053:128707] [MainViewModel.Lifecycle] Cloud restore skipped — user has explicitly deleted all data on this device.
2026-05-15 06:34:21.927622+0530 Yoga of Eating[16053:128738] [[FirebaseCore]] 12.7.0 - [FirebaseCore][I-COR000003] The default Firebase app has not yet been configured. Add `FirebaseApp.configure()` to your application initialization. This can be done in in the App Delegate's application(_:didFinishLaunchingWithOptions:)` (or the `@main` struct's initializer in SwiftUI). Read more: https://firebase.google.com/docs/ios/setup#initialize_firebase_in_your_app
Test Case '-[Yoga_of_EatingTests.MainViewModelTests test_resetDay_archivesData]' passed (0.010 seconds).
Test Case '-[Yoga_of_EatingTests.MainViewModelTests test_resetDay_clearsEverything]' started.
2026-05-15 06:34:21.937300+0530 Yoga of Eating[16053:128738] [[FirebaseCore]] 12.7.0 - [FirebaseCore][I-COR000003] The default Firebase app has not yet been configured. Add `FirebaseApp.configure()` to your application initialization. This can be done in in the App Delegate's application(_:didFinishLaunchingWithOptions:)` (or the `@main` struct's initializer in SwiftUI). Read more: https://firebase.google.com/docs/ios/setup#initialize_firebase_in_your_app
2026-05-15 06:34:21.937309+0530 Yoga of Eating[16053:128707] [MainViewModel.Lifecycle] Cloud restore skipped — user has explicitly deleted all data on this device.
Test Case '-[Yoga_of_EatingTests.MainViewModelTests test_resetDay_clearsEverything]' passed (0.000 seconds).
Test Case '-[Yoga_of_EatingTests.MainViewModelTests test_saveEveningMindCheck_updatesHistoricalData]' started.
2026-05-15 06:34:21.937947+0530 Yoga of Eating[16053:128707] [MainViewModel.Lifecycle] Cloud restore skipped — user has explicitly deleted all data on this device.
2026-05-15 06:34:21.937945+0530 Yoga of Eating[16053:128809] [[FirebaseCore]] 12.7.0 - [FirebaseCore][I-COR000003] The default Firebase app has not yet been configured. Add `FirebaseApp.configure()` to your application initialization. This can be done in in the App Delegate's application(_:didFinishLaunchingWithOptions:)` (or the `@main` struct's initializer in SwiftUI). Read more: https://firebase.google.com/docs/ios/setup#initialize_firebase_in_your_app
Test Case '-[Yoga_of_EatingTests.MainViewModelTests test_saveEveningMindCheck_updatesHistoricalData]' passed (0.010 seconds).
Test Case '-[Yoga_of_EatingTests.MainViewModelTests test_saveMorningMindCheck_updatesHistoricalData]' started.
2026-05-15 06:34:21.947856+0530 Yoga of Eating[16053:128809] [[FirebaseCore]] 12.7.0 - [FirebaseCore][I-COR000003] The default Firebase app has not yet been configured. Add `FirebaseApp.configure()` to your application initialization. This can be done in in the App Delegate's application(_:didFinishLaunchingWithOptions:)` (or the `@main` struct's initializer in SwiftUI). Read more: https://firebase.google.com/docs/ios/setup#initialize_firebase_in_your_app
2026-05-15 06:34:21.947877+0530 Yoga of Eating[16053:128707] [MainViewModel.Lifecycle] Cloud restore skipped — user has explicitly deleted all data on this device.
Test Case '-[Yoga_of_EatingTests.MainViewModelTests test_saveMorningMindCheck_updatesHistoricalData]' passed (0.001 seconds).
Test Case '-[Yoga_of_EatingTests.MainViewModelTests test_todaysEveningMindCheck_returnsEntriesWhenLogged]' started.
2026-05-15 06:34:21.948641+0530 Yoga of Eating[16053:128707] [MainViewModel.Lifecycle] Cloud restore skipped — user has explicitly deleted all data on this device.
Test Case '-[Yoga_of_EatingTests.MainViewModelTests test_todaysEveningMindCheck_returnsEntriesWhenLogged]' passed (0.001 seconds).
2026-05-15 06:34:21.948713+0530 Yoga of Eating[16053:128738] [[FirebaseCore]] 12.7.0 - [FirebaseCore][I-COR000003] The default Firebase app has not yet been configured. Add `FirebaseApp.configure()` to your application initialization. This can be done in in the App Delegate's application(_:didFinishLaunchingWithOptions:)` (or the `@main` struct's initializer in SwiftUI). Read more: https://firebase.google.com/docs/ios/setup#initialize_firebase_in_your_app
Test Case '-[Yoga_of_EatingTests.MainViewModelTests test_todaysMorningMindCheck_returnsEntriesWhenLogged]' started.
2026-05-15 06:34:21.950500+0530 Yoga of Eating[16053:128707] [MainViewModel.Lifecycle] Cloud restore skipped — user has explicitly deleted all data on this device.
2026-05-15 06:34:21.950595+0530 Yoga of Eating[16053:128810] [[FirebaseCore]] 12.7.0 - [FirebaseCore][I-COR000003] The default Firebase app has not yet been configured. Add `FirebaseApp.configure()` to your application initialization. This can be done in in the App Delegate's application(_:didFinishLaunchingWithOptions:)` (or the `@main` struct's initializer in SwiftUI). Read more: https://firebase.google.com/docs/ios/setup#initialize_firebase_in_your_app
Test Case '-[Yoga_of_EatingTests.MainViewModelTests test_todaysMorningMindCheck_returnsEntriesWhenLogged]' passed (0.002 seconds).
Test Case '-[Yoga_of_EatingTests.MainViewModelTests test_updateMeal_doesNotChangeTimestamp]' started.
2026-05-15 06:34:21.951050+0530 Yoga of Eating[16053:128707] [MainViewModel.Lifecycle] Cloud restore skipped — user has explicitly deleted all data on this device.
2026-05-15 06:34:21.951133+0530 Yoga of Eating[16053:128809] [[FirebaseCore]] 12.7.0 - [FirebaseCore][I-COR000003] The default Firebase app has not yet been configured. Add `FirebaseApp.configure()` to your application initialization. This can be done in in the App Delegate's application(_:didFinishLaunchingWithOptions:)` (or the `@main` struct's initializer in SwiftUI). Read more: https://firebase.google.com/docs/ios/setup#initialize_firebase_in_your_app
Test Case '-[Yoga_of_EatingTests.MainViewModelTests test_updateMeal_doesNotChangeTimestamp]' passed (0.000 seconds).
Test Case '-[Yoga_of_EatingTests.MainViewModelTests test_updateMealTimestamp_changesTimestamp]' started.
2026-05-15 06:34:21.951728+0530 Yoga of Eating[16053:128707] [MainViewModel.Lifecycle] Cloud restore skipped — user has explicitly delet2026-05-15 06:34:21.951786+0530 Yoga of Eating[16053:128809] [[FirebaseCore]] 12.7.0 - [FirebaseCore][I-COR000003] The default Firebase app has not yet been configured. Add `FirebaseApp.configure()` to your application initialization. This can be done in in the App Delegate's application(_:didFinishLaunchingWithOptions:)` (or the `@main` struct's initializer in SwiftUI). Read more: https://firebase.google.com/docs/ios/setup#initialize_firebase_in_your_app
ed all data on this device.
Test Case '-[Yoga_of_EatingTests.MainViewModelTests test_updateMealTimestamp_changesTimestamp]' passed (0.005 seconds).
Test Case '-[Yoga_of_EatingTests.MainViewModelTests test_updateMealTimestamp_invalidId_doesNothing]' started.
2026-05-15 06:34:21.957205+0530 Yoga of Eating[16053:128810] [[FirebaseCore]] 12.7.0 - [FirebaseCore][I-COR000003] The default Firebase app has not yet been configured. Add `FirebaseApp.configure()` to your application initialization. This can be done in in the App Delegate's application(_:didFinishLaunchingWithOptions:)` (or the `@main` struct's initializer in SwiftUI). Read more: https://firebase.google.com/docs/ios/setup#initialize_firebase_in_your_app
2026-05-15 06:34:21.957216+0530 Yoga of Eating[16053:128707] [MainViewModel.Lifecycle] Cloud restore skipped — user has explicitly deleted all data on this device.
Test Case '-[Yoga_of_EatingTests.MainViewModelTests test_updateMealTimestamp_invalidId_doesNothing]' passed (0.000 seconds).
Test Case '-[Yoga_of_EatingTests.MainViewModelTests test_updateMealTimestamp_preservesOtherMealProperties]' started.
2026-05-15 06:34:21.957852+0530 Yoga of Eating[16053:128707] [MainViewModel.Lifecycle] Cloud restore skipped — user has explicitly deleted all data on this device.
2026-05-15 06:34:21.957853+0530 Yoga of Eating[16053:128810] [[FirebaseCore]] 12.7.0 - [FirebaseCore][I-COR000003] The default Firebase app has not yet been configured. Add `FirebaseApp.configure()` to your application initialization. This can be done in in the App Delegate's application(_:didFinishLaunchingWithOptions:)` (or the `@main` struct's initializer in SwiftUI). Read more: https://firebase.google.com/docs/ios/setup#initialize_firebase_in_your_app
Test Case '-[Yoga_of_EatingTests.MainViewModelTests test_updateMealTimestamp_preservesOtherMealProperties]' passed (0.000 seconds).
Test Case '-[Yoga_of_EatingTests.MainViewModelTests test_updateMealTimestamp_savesPersistence]' started.
2026-05-15 06:34:21.963998+0530 Yoga of Eating[16053:128707] [MainViewModel.Lifecycle] Cloud restore skipped — user has explicitly deleted all data on this device.
2026-05-15 06:34:21.963985+0530 Yoga of Eating[16053:128809] [[FirebaseCore]] 12.7.0 - [FirebaseCore][I-COR000003] The default Firebase app has not yet been configured. Add `FirebaseApp.configure()` to your application initialization. This can be done in in the App Delegate's application(_:didFinishLaunchingWithOptions:)` (or the `@main` struct's initializer in SwiftUI). Read more: https://firebase.google.com/docs/ios/setup#initialize_firebase_in_your_app
Test Case '-[Yoga_of_EatingTests.MainViewModelTests test_updateMealTimestamp_savesPersistence]' passed (0.001 seconds).
Test Case '-[Yoga_of_EatingTests.MainViewModelTests test_updatingMeal_withTypeAndItems_updatesCorrectly]' started.
2026-05-15 06:34:21.964640+0530 Yoga of Eating[16053:128811] [[FirebaseCore]] 12.7.0 - [FirebaseCore][I-COR000003] The defaul2026-05-15 06:34:21.964645+0530 Yoga of Eating[16053:128707] [MainViewModel.Lifecycle] Cloud restore skipped — user has explicitly deleted all data on this device.
t Firebase app has not yet been configured. Add `FirebaseApp.configure()` to your application initialization. This can be done in in the App Delegate's application(_:didFinishLaunchingWithOptions:)` (or the `@main` struct's initializer in SwiftUI). Read more: https://firebase.google.com/docs/ios/setup#initialize_firebase_in_your_app
Test Case '-[Yoga_of_EatingTests.MainViewModelTests test_updatingMeal_withTypeAndItems_updatesCorrectly]' passed (0.001 seconds).
Test Suite 'MainViewModelTests' passed at 2026-05-15 06:34:21.965.
	 Executed 31 tests, with 0 failures (0 unexpected) in 0.467 (0.479) seconds
Test Suite 'MainViewModelTextSignalIntegrationTests' started at 2026-05-15 06:34:21.966.
Test Case '-[Yoga_of_EatingTests.MainViewModelTextSignalIntegrationTests test_signals_neverContainUserText]' started.
2026-05-15 06:34:21.965985+0530 Yoga of Eating[16053:128809] [[FirebaseCore]] 12.7.0 - [FirebaseCore][I-COR000003] The default Firebase app has not yet been configured. Add `FirebaseApp.configure()` to your application initialization. This can be done in in the App Delegate's application(_:didFinishLaunchingWithOptions:)` (or the `@main` struct's initializer in SwiftUI). Read more: https://firebase.google.com/docs/ios/setup#initialize_firebase_in_your_app
2026-05-15 06:34:21.966157+0530 Yoga of Eating[16053:128809] [[FirebaseCore]] 12.7.0 - [FirebaseCore][I-COR000003] The default Firebase app has not yet beenTest Case '-[Yoga_of_EatingTests.MainViewModelTextSignalIntegrationTests test_signals_neverContainUserText]' passed (0.001 seconds).
 configured. Add `FirebaseApp.configure()` to your application initialization. This can be done in in the App Delegate's application(_:didFinishLaunchingWithOptions:)` (or the `@main` struct's initializer in SwiftUI). Read more: https://firebase.google.com/docs/ios/setup#initialize_firebase_in_your_app
Test Case '-[Yoga_of_EatingTests.MainViewModelTextSignalIntegrationTests test_updateHighlightMorningThoughts_clear_storesClearSignal]' started.
2026-05-15 06:34:21.967486+0530 Yoga of Eating[16053:128811] [[FirebaseCore]] 12.7.0 - [FirebaseCore][I-COR000003] The default Firebase app has not yet been configured. Add `FirebaseApp.configure()` to your application initialization. This can be done in in the App Delegate's application(_:didFinishLaunchingWithOptions:)` (or the `@main` struct's initializer in SwiftUI). Read more: https://firebase.google.com/docs/ios/setup#initialize_firebase_in_your_app
2026-05-15 06:34:21.967578+0530 Yoga of Eating[16053:128811] [[FirebaseCore]] 12.7.0 - [FirebaseCore][I-COR000003] The default Firebase app has not yet been configured. Add `FirebaseApp.configure()` to your application initialization. This can be done in in the App Delegate's application(_:didFinishLaunchingWithOptions:)` (or the `@main` struct's initializer in SwiftUI). Read more: https://firebase.google.com/docs/ios/setup#initialize_firebase_in_your_app
Test Case '-[Yoga_of_EatingTests.MainViewModelTextSignalIntegrationTests test_updateHighlightMorningThoughts_clear_storesClearSignal]' passed (0.005 seconds).
Test Case '-[Yoga_of_EatingTests.MainViewModelTextSignalIntegrationTests test_updateHighlightMorningThoughts_empty_storesNeutralSignal]' started.
2026-05-15 06:34:21.972241+0530 Yoga of Eating[16053:128809] [[FirebaseCore]] 12.7.0 - [FirebaseCore][I-COR000003] The default Firebase app has not yet been configured. Add `FirebaseApp.configure()` to your application initialization. This can be done in in the App Delegate's application(_:didFinishLaunchingWithOptions:)` (or the `@main` struct's initializer in SwiftUI). Read more: https://firebase.google.com/docs/ios/setup#initialize_firebase_in_your_app
2026-05-15 06:34:21.972327+0530 Yoga of Eating[16053:128809] [[FirebaseCore]] 12.7.0 - [FirebaseCore][I-COR000003] The default Firebase app has not yet been configured. Add `FirebaseApp.configure()` to your application initialization. This can be done in in the App Delegate's application(_:didFinishLaunchingWithOptions:)` (or the `@main` struct's initializer in SwiftUI). Read more: https://firebase.google.com/docs/ios/setup#initialize_firebase_in_your_app
Test Case '-[Yoga_of_EatingTests.MainViewModelTextSignalIntegrationTests test_updateHighlightMorningThoughts_empty_storesNeutralSignal]' passed (0.000 seconds).
Test Case '-[Yoga_of_EatingTests.MainViewModelTextSignalIntegrationTests test_updateHighlightMorningThoughts_grateful_storesGratefulSignal]' started.
2026-05-15 06:34:21.972791+0530 Yoga of Eating[16053:128738] [[FirebaseCore]] 12.7.0 - [FirebaseCore][I-COR000003] The default Firebase app has not yet been configured. Add `FirebaseApp.configure()` to your application initialization. This can be done in in the App Delegate's application(_:didFinishLaunchingWithOptions:)` (or the `@main` struct's initializer in SwiftUI). Read more: https://firebase.google.com/docs/ios/setup#initialize_firebase_in_your_app
2026-05-15 06:34:21.972954+0530 Yoga of Eating[16053:128738] [[FirebaseCore]] 12.7.0 - [FirebaseCore][I-COR000003] The default Firebase app has not yet been configured. Add `FirebaseApp.configure()` to your application initialization. This can be done in in the App Delegate's application(_:didFinishLaunchingWithOptions:)` (or the `@main` struct's initializer in SwiftUI). Read more: https://firebase.google.com/docs/ios/setup#initialize_firebase_in_your_app
Test Case '-[Yoga_of_EatingTests.MainViewModelTextSignalIntegrationTests test_updateHighlightMorningThoughts_grateful_storesGratefulSignal]' passed (0.001 seconds).
Test Case '-[Yoga_of_EatingTests.MainViewModelTextSignalIntegrationTests test_updateHighlightMorningThoughts_plainText_storesNeutralSignal]' started.
2026-05-15 06:34:21.973457+0530 Yoga of Eating[16053:128811] [[FirebaseCore]] 12.7.0 - [FirebaseCore][I-COR000003] The default Firebase app has not yet been configured. Add `FirebaseApp.configure()` to your application initialization. This can be done in in the App Delegate's application(_:didFinishLaunchingWithOptions:)` (or the `@main` struct's initializer in SwiftUI). Read more: https://firebase.google.com/docs/ios/setup#initialize_firebase_in_your_app
2026-05-15 06:34:21.973497+0530 Yoga of Eating[16053:128811] [[FirebaseCore]] 12.7.0 - [FirebaseCore][I-COR000003] The default Firebase app has not yet been configured. Add `FirebaseApp.configure()` to your application initialization. This can be done in in the App Delegate's application(_:didFinishLaunchingWithOptions:)` (or the `@main` struct's initializer in SwiftUI). Read more: https://firebase.google.com/docs/ios/setup#initialize_firebase_in_your_app
Test Case '-[Yoga_of_EatingTests.MainViewModelTextSignalIntegrationTests test_updateHighlightMorningThoughts_plainText_storesNeutralSignal]' passed (0.000 seconds).
Test Case '-[Yoga_of_EatingTests.MainViewModelTextSignalIntegrationTests test_updateHighlightMorningThoughts_stressed_storesStressedSignal]' started.
2026-05-15 06:34:21.974539+0530 Yoga of Eating[16053:128731] [[FirebaseCore]] 12.7.0 - [FirebaseCore][I-COR000003] The default Firebase app has not yet been configured. Add `FirebaseApp.configure()` to your application initialization. This can be done in in the App Delegate's application(_:didFinishLaunchingWithOptions:)` (or the `@main` struct's initializer in SwiftUI). Read more: https://firebase.google.com/docs/ios/setup#initialize_firebase_in_your_app
2026-05-15 06:34:21.974587+0530 Yoga of Eating[16053:128731] [[FirebaseCore]] 12.7.0 - [FirebaseCore][I-COR000003] The default Firebase app has not yet been configured. Add `FirebaseApp.configure()` to your application initialization. This can be done in in the App Delegate's application(_:didFinishLaunchingWithOptions:)` (or the `@main` struct's initializer in SwiftUI). Read more: https://firebase.google.com/docs/ios/setup#initialize_firebase_in_your_app
Test Case '-[Yoga_of_EatingTests.MainViewModelTextSignalIntegrationTests test_updateHighlightMorningThoughts_stressed_storesStressedSignal]' passed (0.000 seconds).
Test Case '-[Yoga_of_EatingTests.MainViewModelTextSignalIntegrationTests test_updateReflectJournalText_grateful_storesGratefulSignal]' started.
Test Case '-[Yoga_of_EatingTests.MainViewModelTextSignalIntegrationTests test_updateReflectJournalText_grateful_storesGratefulSignal]' passed (0.001 seconds).
2026-05-15 06:34:21.975874+0530 Yoga of Eating[16053:128809] [[FirebaseCore]] 12.7.0 - [FirebaseCore][I-COR000003] The default Firebase app has not yet been configured. Add `FirebaseApp.configure()` to your application initialization. This can be done in in the App Delegate's application(_:didFinishLaunchingWithOptions:)` (or the `@main` struct's initializer in SwiftUI). Read more: https://firebase.google.com/docs/ios/setup#initialize_firebase_in_your_app
Test Case '-[Yoga_of_EatingTests.MainViewModelTextSignalIntegrationTests test_updateReflectJournalText_overwhelmed_storesOverwhelmedSignal]' started.
2026-05-15 06:34:21.976472+0530 Yoga of Eating[16053:128809] [[FirebaseCore]] 12.7.0 - [FirebaseCore][I-COR000003] The default Firebase app has not yet been configured. Add `FirebaseApp.configure()` to your application initialization. This can be done in in the App Delegate's application(_:didFinishLaunchingWithOptions:)` (or the `@main` struct's initializer in SwiftUI). Read more: https://firebase.google.com/docs/ios/setup#initialize_firebase_in_your_app
Test Case '-[Yoga_of_EatingTests.MainViewModelTextSignalIntegrationTests test_updateReflectJournalText_overwhelmed_storesOverwhelmedSignal]' passed (0.001 seconds).
Test Case '-[Yoga_of_EatingTests.MainViewModelTextSignalIntegrationTests test_updateReflectJournalText_plainText_storesNeutralSignal]' started.
2026-05-15 06:34:21.978544+0530 Yoga of Eating[16053:128809] [[FirebaseCore]] 12.7.0 - [FirebaseCore][I-COR000003] The default Firebase app has not yet been configured. Add `FirebaseApp.configure()` to your application initialization. This can be done in in the App Delegate's application(_:didFinishLaunchingWithOptions:)` (or the `@main` struct's initializer in SwiftUI). Read more: https://firebase.google.com/docs/ios/setup#initialize_firebase_in_your_app
2026-05-15 06:34:21.978886+0530 Yoga of Eating[16053:128809] [[FirebaseCore]] 12.7.0 - [FirebaseCore][I-COR000003] The default Firebase app has not yet been configured. Add `FirebaseApp.configure()` to your application initialization. This can be done in in the App Delegate's application(_:didFinishLaunchingWithOptions:)` (or the `@main` struct's initializer in SwiftUI). Read more: https://firebase.google.com/docs/ios/setup#initialize_firebase_in_your_app
2026-05-15 06:34:21.979023+0530 Yoga of Eating[16053:128809] [[FirebaseCore]] 12.7.0 - [FirebaseCore][I-Test Case '-[Yoga_of_EatingTests.MainViewModelTextSignalIntegrationTests test_updateReflectJournalText_plainText_storesNeutralSignal]' passed (0.001 seconds).
COR000003] The default Firebase app has not yet been configured. Add `FirebaseApp.configure()` to your application initialization. This can be done in in the App Delegate's application(_:didFinishLaunchingWithOptions:)` (or the `@main` struct's initializer in SwiftUI). Read more: https://firebase.google.com/docs/ios/setup#initialize_firebase_in_your_app
2026-05-15 06:34:21.979725+0530 Yoga of Eating[16053:128809] [[FirebaseCore]] 12.7.0 - [FirebaseCore][I-COR000003] The default Firebase app has not yet been configured. Add `FirebaseApp.configure()` to your application initialization. This can be done in in the App Delegate's application(_:didFinishLaunchingWithOptions:)` (or the `@main` struct's initializer in SwiftUI). Read more: https://firebase.google.com/docs/ios/setup#initialize_firebase_in_your_app
Test Case '-[Yoga_of_EatingTests.MainViewModelTextSignalIntegrationTests test_updateReflectJournalText_selfCompassionate_storesSelfCompassionateSignal]' started.
2026-05-15 06:34:21.980069+0530 Yoga of Eating[16053:128810] [[FirebaseCore]] 12.7.0 - [FirebaseCore][I-COR000003] The default Firebase app has not yet been configured. Add `FirebaseApp.configure()` to your application initialization. This can be done in in the App Delegate's application(_:didFinishLaunchingWithOptions:)` (or the `@main` struct's initializer in SwiftUI). Read more: https://firebase.google.com/docs/ios/setup#initialize_firebase_in_your_app
2026-05-15 06:34:21.980123+0530 Yoga of Eating[16053:128810] [[FirebaseCore]] 12.7.0 - [FirebaseCore][I-COR000003] The default Firebase app has not yet been configured. Add `FirebaseApp.configure()` to your application initialization. This can be done in in the App Delegate's application(_:didFinishLaunchingWithOptions:)` (or the `@main` struct's initializer in SwiftUI). Read more: https://firebase.google.com/docs/ios/setup#initialize_firebase_in_your_app
Test Case '-[Yoga_of_EatingTests.MainViewModelTextSignalIntegrationTests test_updateReflectJournalText_selfCompassionate_storesSelfCompassionateSignal]' passed (0.001 seconds).
Test Suite 'MainViewModelTextSignalIntegrationTests' passed at 2026-05-15 06:34:21.981.
	 Executed 10 tests, with 0 failures (0 unexpected) in 0.009 (0.016) seconds
Test Suite 'MainViewModelValidationIntegrationTests' started at 2026-05-15 06:34:21.981.
Test Case '-[Yoga_of_EatingTests.MainViewModelValidationIntegrationTests test_afterValidationError_validInputSucceeds]' started.
2026-05-15 06:34:21.981883+0530 Yoga of Eating[16053:128810] [[FirebaseCore]] 12.7.0 - [FirebaseCore][I-COR000003] The default Firebase app has not yet been configured. Add `FirebaseApp.configure()` to your application initialization. This can be done in in the App Delegate's application(_:didFinishLaunchingWithOptions:)` (or the `@main` struct's initializer in SwiftUI). Read more: https://firebase.google.com/docs/ios/setup#initialize_firebase_in_your_app
2026-05-15 06:34:21.982137+0530 Yoga of Eating[16053:128810] [[FirebaseCore]] 12.7.0 - [FirebaseCore][I-COR000003] The default Firebase app has not yet been configured. Add `FirebaseApp.configure()` to your application initialization. This can be done in in the App Delegate's application(_:didFinishLaunchingWithOptions:)` (or the `@main` struct's initializer in SwiftUI). Read more: https://firebase.google.com/docs/ios/setup#initialize_firebase_in_your_app
Test Case '-[Yoga_of_EatingTests.MainViewModelValidationIntegrationTests test_afterValidationError_validInputSucceeds]' passed (0.004 seconds).
Test Case '-[Yoga_of_EatingTests.MainViewModelValidationIntegrationTests test_allFieldsWithValidData_allPersist]' started.
2026-05-15 06:34:21.985955+0530 Yoga of Eating[16053:128738] [[FirebaseCore]] 12.7.0 - [FirebaseCore][I-COR000003] The default Firebase app has not yet been configured. Add `FirebaseApp.configure()` to your application initialization. This can be done in in the App Delegate's application(_:didFinishLaunchingWithOptions:)` (or the `@main` struct's initializer in SwiftUI). Read more: https://firebase.google.com/docs/ios/setup#initialize_firebase_in_your_app
2026-05-15 06:34:21.986042+0530 Yoga of Eating[16053:128738] [[FirebaseCore]] 12.7.0 - [FirebaseCore][I-COR000003] The default Firebase app has not yet been configured. Add `FirebaseApp.configure()` to your application initialization. This can be done in in the App Delegate's application(_:didFinishLaunchingWithOptions:)` (or the `@main` struct's initializer in SwiftUI). Read more: https://firebase.google.com/docs/ios/setup#initialize_firebase_in_your_app
Test Case '-[Yoga_of_EatingTests.MainViewModelValidationIntegrationTests test_allFieldsWithValidData_allPersist]' passed (0.001 seconds).
Test Case '-[Yoga_of_EatingTests.MainViewModelValidationIntegrationTests test_controlCharacters_filtered]' started.
2026-05-15 06:34:21.987022+0530 Yoga of Eating[16053:128809] [[FirebaseCore]] 12.7.0 - [FirebaseCore][I-COR000003] The default Firebase app has not yet been configured. Add `FirebaseApp.configure()` to your application initialization. This can be done in in the App Delegate's application(_:didFinishLaunchingWithOptions:)` (or the `@main` struct's initializer in SwiftUI). Read more: https://firebase.google.com/docs/ios/setup#initialize_firebase_in_your_app
2026-05-15 06:34:21.987074+0530 Yoga of Eating[16053:128809] [[FirebaseCore]] 12.7.0 - [FirebaseCore][I-COR000003] The default Firebase app has not yet been configured. Add `FirebaseApp.configure()` to your application initialization. This can be done in in the App Delegate's application(_:didFinishLaunchingWithOptions:)` (or the `@main` struct's initializer in SwiftUI). Read more: https://firebase.google.com/docs/ios/setup#initialize_firebase_in_your_app
Test Case '-[Yoga_of_EatingTests.MainViewModelValidationIntegrationTests test_controlCharacters_filtered]' passed (0.001 seconds).
Test Case '-[Yoga_of_EatingTests.MainViewModelValidationIntegrationTests test_emojis_preserved]' started.
2026-05-15 06:34:21.987690+0530 Yoga of Eating[16053:128733] [[FirebaseCore]] 12.7.0 - [FirebaseCore][I-COR000003] The default Firebase app has not yet been configured. Add `FirebaseApp.configure()` to your application initialization. This can be done in in the App Delegate's application(_:didFinishLaunchingWithOptions:)` (or the `@main` struct's initializer in SwiftUI). Read more: https://firebase.google.com/docs/ios/setup#initialize_firebase_in_your_app
2026-05-15 06:34:21.987736+0530 Yoga of Eating[16053:128733] [[FirebaseCore]] 12.7.0 - [FirebaseCore][I-COR000003] The default Firebase app has not yet been configured. Add `FirebaseApp.configure()` to your application initialization. This can be done in in the App Delegate's application(_:didFinishLaunchingWithOptions:)` (or the `@main` struct's initializer in SwiftUI). Read more: https://firebase.google.com/docs/ios/setup#initialize_firebase_in_your_app
Test Case '-[Yoga_of_EatingTests.MainViewModelValidationIntegrationTests test_emojis_preserved]' passed (0.001 seconds).
Test Case '-[Yoga_of_EatingTests.MainViewModelValidationIntegrationTests test_emptyOptionalField_journalEntry_succeeds]' started.
2026-05-15 06:34:21.988373+0530 Yoga of Eating[16053:128809] [[FirebaseCore]] 12.7.0 - [FirebaseCore][I-COR000003] The default Firebase app has not yet been configured. Add `FirebaseApp.configure()` to your application initialization. This can be done in in the App Delegate's application(_:didFinishLaunchingWithOptions:)` (or the `@main` struct's initializer in SwiftUI). Read more: https://firebase.google.com/docs/ios/setup#initialize_firebase_in_your_app
2026-05-15 06:34:21.988415+0530 Yoga of Eating[16053:128809] [[FirebaseCore]] 12.7.0 - [FirebaseCore][I-COR000003] The default Firebase app has not yet been configured. Add `FirebaseApp.configure()` to your application initialization. This can be done in in the App Delegate's application(_:didFinishLaunchingWithOptions:)` (or the `@main` struct's initializer in SwiftUI). Read more: https://firebase.google.com/docs/ios/setup#initialize_firebase_in_your_app
Test Case '-[Yoga_of_EatingTests.MainViewModelValidationIntegrationTests test_emptyOptionalField_journalEntry_succeeds]' passed (0.000 seconds).
Test Case '-[Yoga_of_EatingTests.MainViewModelValidationIntegrationTests test_emptyOptionalField_morningThoughts_succeeds]' started.
2026-05-15 06:34:21.988950+0530 Yoga of Eating[16053:128733] [[FirebaseCore]] 12.7.0 - [FirebaseCore][I-COR000003] The default Firebase app has not yet been configured. Add `FirebaseApp.configure()` to your application initialization. This can be done in in the App Delegate's application(_:didFinishLaunchingWithOptions:)` (or the `@main` struct's initializer in SwiftUI). Read more: https://firebase.google.com/docs/ios/setup#initialize_firebase_in_your_app
2026-05-15 06:34:21.988991+0530 Yoga of Eating[16053:128733] [[FirebaseCore]] 12.7.0 - [FirebaseCore][I-COR000003] The default Firebase app has not yet been configured. Add `FirebaseApp.configure()` to your application initialization. This can be done in in the App Delegate's application(_:didFinishLaunchingWithOptions:)` (or the `@main` struct's initializer in SwiftUI). Read more: https://firebase.google.comTest Case '-[Yoga_of_EatingTests.MainViewModelValidationIntegrationTests test_emptyOptionalField_morningThoughts_succeeds]' passed (0.000 seconds).
/docs/ios/setup#initialize_firebase_in_your_app
Test Case '-[Yoga_of_EatingTests.MainViewModelValidationIntegrationTests test_emptyOptionalField_sleepNotes_succeeds]' started.
2026-05-15 06:34:21.989866+0530 Yoga of Eating[16053:128810] [[FirebaseCore]] 12.7.0 - [FirebaseCore][I-COR000003] The default Firebase app has not yet been configured. Add `FirebaseApp.configure()` to your application initialization. This can be done in in the App Delegate's application(_:didFinishLaunchingWithOptions:)` (or the `@main` struct's initializer in SwiftUI). Read more: https://firebase.google.com/docs/ios/setup#initialize_firebase_in_your_app
2026-05-15 06:34:21.989909+0530 Yoga of Eating[16053:128810] [[FirebaseCore]] 12.7.0 - [FirebaseCore][I-COR000003] The default Firebase app has not yet been configured. Add `FirebaseApp.configure()` to your application initialization. This can be done in in the App Delegate's application(_:didFinishLaunchingWithOptions:)` (or the `@main` struct's initializer in SwiftUI). Read more: https://firebase.google.com/docs/ios/setup#initialize_firebase_in_your_app
Test Case '-[Yoga_of_EatingTests.MainViewModelValidationIntegrationTests test_emptyOptionalField_sleepNotes_succeeds]' passed (0.000 seconds).
Test Case '-[Yoga_of_EatingTests.MainViewModelValidationIntegrationTests test_emptyRequiredField_todoItem_isRejected]' started.
2026-05-15 06:34:21.991193+0530 Yoga of Eating[16053:128733] [[FirebaseCore]] 12.7.0 - [FirebaseCore][I-COR000003] The default Firebase app has not yet been configured. Add `FirebaseApp.configure()` to your application initialization. This can be done in in the App Delegate's application(_:didFinishLaunchingWithOptions:)` (or the `@main` struct's initializer in SwiftUI). Read more: https://firebase.google.com/docs/ios/setup#initialize_firebase_in_your_app
2026-05-15 06:34:21.991242+0530 Yoga of Eating[16053:128733] [[FirebaseCore]] 12.7.0 - [FirebaseCore][I-COR000003] The default Firebase app has not yet been configured. Add `FirebaseApp.configure()` to your application initialization. This can be done in in the App Delegate's application(_:didFinishLaunchingWithOptions:)` (or the `@main` struct's initializer in SwiftUI). Read more: https://firebase.google.com/docs/ios/setup#initialize_firebase_in_your_app
Test Case '-[Yoga_of_EatingTests.MainViewModelValidationIntegrationTests test_emptyRequiredField_todoItem_isRejected]' passed (0.000 seconds).
Test Case '-[Yoga_of_EatingTests.MainViewModelValidationIntegrationTests test_greaterThanOperator_allowedInMealDescription]' started.
2026-05-15 06:34:21.991800+0530 Yoga of Eating[16053:128738] [[FirebaseCore]] 12.7.0 - [FirebaseCore][I-COR000003] The default Firebase app has not yet been configured. Add `FirebaseApp.configure()` to your application initialization. This can be done in in the App Delegate's application(_:didFinishLaunchingWithOptions:)` (or the `@main` struct's initializer in SwiftUI). Read more: https://firebase.google.com/docs/ios/setup#initialize_firebase_in_your_app
2026-05-15 06:34:21.991991+0530 Yoga of Eating[16053:128738] [[FirebaseCore]] 12.7.0 - [FirebaseCore][I-COR000003] The default Firebase app has not yet been configured. Add `FirebaseApp.configure()` to your application initialization. This can be done in in the App Delegate's application(_:didFinishLaunchingWithOptions:)` (or the `@main` struct's initializer in SwiftUI). Read more: https://firebase.google.com/docs/ios/setup#initialize_firebase_in_your_app
Test Case '-[Yoga_of_EatingTests.MainViewModelValidationIntegrationTests test_greaterThanOperator_allowedInMealDescription]' passed (0.002 seconds).
Test Case '-[Yoga_of_EatingTests.MainViewModelValidationIntegrationTests test_iframeTag_isDetectedAndBlocked]' started.
2026-05-15 06:34:21.994090+0530 Yoga of Eating[16053:128809] [[FirebaseCore]] 12.7.0 - [FirebaseCore][I-COR000003] The default Firebase app has not yet been configured. Add `FirebaseApp.configure()` to your application initialization. This can be done in in the App Delegate's application(_:didFinishLaunchingWithOptions:)` (or the `@main` struct's initializer in SwiftUI). Read more: https://firebase.google.com/docs/ios/setup#initialize_firebase_in_your_app
Test Case '-[Yoga_of_EatingTests.MainViewModelValidationIntegrationTests test_iframeTag_isDetectedAndBlocked]' passed (0.001 seconds).
2026-05-15 06:34:21.994169+0530 Yoga of Eating[16053:128809] [[FirebaseCore]] 12.7.0 - [FirebaseCore][I-COR000003] The default Firebase app has not yet been configured. Add `FirebaseApp.configure()` to your application initialization. This can be done in in the App Delegate's application(_:didFinishLaunchingWithOptions:)` (or the `@main` struct's initializer in SwiftUI). Read more: https://firebase.google.com/docs/ios/setup#initialize_firebase_in_your_app
Test Case '-[Yoga_of_EatingTests.MainViewModelValidationIntegrationTests test_imageTag_isDetectedAndBlocked]' started.
2026-05-15 06:34:21.994727+0530 Yoga of Eating[16053:128738] [[FirebaseCore]] 12.7.0 - [FirebaseCore][I-COR000003] The default Firebase app has not yet been configured. Add `FirebaseApp.configure()` to your application initialization. This can be done in in the App Delegate's application(_:didFinishLaunchingWithOptions:)` (or the `@main` struct's initializer in SwiftUI). Read more: https://firebase.google.com/docs/ios/setup#initialize_firebase_in_your_app
Test Case '-[Yoga_of_EatingTests.MainViewModelValidationIntegrationTests test_imageTag_isDetectedAndBlocked]' passed (0.000 seconds).
2026-05-15 06:34:21.994795+0530 Yoga of Eating[16053:128738] [[FirebaseCore]] 12.7.0 - [FirebaseCore][I-COR000003] The default Firebase app has not yet been configured. Add `FirebaseApp.configure()` to your application initialization. This can be done in in the App Delegate's application(_:didFinishLaunchingWithOptions:)` (or the `@main` struct's initializer in SwiftUI). Read more: https://firebase.google.com/docs/ios/setup#initialize_firebase_in_your_app
Test Case '-[Yoga_of_EatingTests.MainViewModelValidationIntegrationTests test_internalWhitespace_preserved]' started.
2026-05-15 06:34:21.995369+0530 Yoga of Eating[16053:128810] [[FirebaseCore]] 12.7.0 - [FirebaseCore][I-COR000003] The default Firebase app has not yet been configured. Add `FirebaseApp.configure()` to your application initialization. This can be done in in the App DelegateTest Case '-[Yoga_of_EatingTests.MainViewModelValidationIntegrationTests test_internalWhitespace_preserved]' passed (0.001 seconds).
's application(_:didFinishLaunchingWithOptions:)` (or the `@main` struct's initializer in SwiftUI). Read more: https://firebase.google.com/docs/ios/setup#initialize_firebase_in_your_app
2026-05-15 06:34:21.995969+0530 Yoga of Eating[16053:128810] [[FirebaseCore]] 12.7.0 - [FirebaseCore][I-COR000003] The default Firebase app has not yet been configured. Add `FirebaseApp.configure()` to your application initialization. This can be done in in the App Delegate's application(_:didFinishLaunchingWithOptions:)` (or the `@main` struct's initializer in SwiftUI). Read more: https://firebase.google.com/docs/ios/setup#initialize_firebase_in_your_app
Test Case '-[Yoga_of_EatingTests.MainViewModelValidationIntegrationTests test_invalidJournalText_blocksPeristence_setsError]' started.
2026-05-15 06:34:21.996415+0530 Yoga of Eating[16053:128738] [[FirebaseCore]] 12.7.0 - [FirebaseCore][I-COR000003] The default Firebase app has not yet been configured. Add `FirebaseApp.configure()` to your application initialization. This can be done in in the App Delegate's application(_:didFinishLaunchingWithOptions:)` (or the `@main` struct's initializer in SwiftUI). Read more: https://firebase.google.com/docs/ios/setup#initialize_firebase_in_your_app
2026-05-15 06:34:21.996928+0530 Yoga of Eating[16053:128738] [[FirebaseCore]] 12.7.0 - [FirebaseCore][I-COR000003] The default Firebase app has not yet been configured. Add `FirebaseApp.configure()` to your application initialization. This can be done in in the App Delegate's application(_:didFinishLaunchingWithOptions:)` (or the `@main` struct's initializer in SwiftUI). Read more: https://firebase.google.com/docs/ios/setup#initialize_firebase_in_your_app
Test Case '-[Yoga_of_EatingTests.MainViewModelValidationIntegrationTests test_invalidJournalText_blocksPeristence_setsError]' passed (0.005 seconds).
Test Case '-[Yoga_of_EatingTests.MainViewModelValidationIntegrationTests test_invalidMorningThoughts_blocksPeristence_setsError]' started.
2026-05-15 06:34:22.002131+0530 Yoga of Eating[16053:128810] [[FirebaseCore]] 12.7.0 - [FirebaseCore][I-COR000003] The default Firebase app has not yet been configured. Add `FirebaseApp.configure()` to your application initialization. This can be done in in the App Delegate's application(_:didFinishLaunchingWithOptions:)` (or the `@main` struct's initializer in SwiftUI). Read more: https://firebase.google.com/docs/ios/setup#initialize_firebase_in_your_app
Test Case '-[Yoga_of_EatingTests.MainViewModelValidationIntegrationTests test_invalidMorningThoughts_blocksPeristence_setsError]' passed (0.001 seconds).
2026-05-15 06:34:22.002243+0530 Yoga of Eating[16053:128810] [[FirebaseCore]] 12.7.0 - [FirebaseCore][I-COR000003] The default Firebase app has not yet been configured. Add `FirebaseApp.configure()` to your application initialization. This can be done in in the App Delegate's application(_:didFinishLaunchingWithOptions:)` (or the `@main` struct's initializer in SwiftUI). Read more: https://firebase.google.com/docs/ios/setup#initialize_firebase_in_your_app
Test Case '-[Yoga_of_EatingTests.MainViewModelValidationIntegrationTests test_invalidSleepNotes_blocksPeristence_setsError]' started.
2026-05-15 06:34:22.002777+0530 Yoga of Eating[16053:128738] [[FirebaseCore]] 12.7.0 - [FirebaseCore][I-COR000003] The default Firebase app has not yet been configured. Add `FirebaseApp.configure()` to your application initialization. This can be done in in the App Delegate's application(_:didFinishLaunchingWithOptions:)` (or the `@main` struct's initializer in SwiftUI). Read more: https://firebase.google.com/docs/ios/setup#initialize_firebase_in_your_app
2026-05-15 06:34:22.002843+0530 Yoga of Eating[16053:128738] [[FirebaseCore]] 12.7.0 - [FirebaseCore][I-COR000003] The default Firebase app has not yet been configured. Add `FirebaseApp.configure()` to your application initialization. This can be done in in the App Delegate's application(_:didFinishLaunchingWithOptions:)` (or the `@main` struct's initializer in SwiftUI). Read more: https://firebase.google.com/docs/ios/setup#initialize_firebase_in_your_app
Test Case '-[Yoga_of_EatingTests.MainViewModelValidationIntegrationTests test_invalidSleepNotes_blocksPeristence_setsError]' passed (0.000 seconds).
Test Case '-[Yoga_of_EatingTests.MainViewModelValidationIntegrationTests test_invalidTodoItem_blocksAddition_setsError]' started.
2026-05-15 06:34:22.003451+0530 Yoga of Eating[16053:128810] [[FirebaseCore]] 12.7.0 - [FirebaseCore][I-COR000003] The default Firebase app has not yet been configured. Add `FirebaseApp.configure()` to your application initialization. This can be done in in the App Delegate's application(_:didFinishLaunchingWithOptions:)` (or the `@main` struct's initializer in SwiftUI). Read more: https://firebase.google.com/docs/ios/setup#initialize_firebase_in_your_app
Test Case '-[Yoga_of_EatingTests.MainViewModelValidationIntegrationTests test_invalidTodoItem_blocksAddition_setsError]' passed (0.000 seconds).
2026-05-15 06:34:22.003642+0530 Yoga of Eating[16053:128810] [[FirebaseCore]] 12.7.0 - [FirebaseCore][I-COR000003] The default Firebase app has not yet been configured. Add `FirebaseApp.configure()` to your application initialization. This can be done in in the App Delegate's application(_:didFinishLaunchingWithOptions:)` (or the `@main` struct's initializer in SwiftUI). Read more: https://firebase.google.com/docs/ios/setup#initialize_firebase_in_your_app
Test Case '-[Yoga_of_EatingTests.MainViewModelValidationIntegrationTests test_javascriptProtocol_isDetectedAndBlocked]' started.
2026-05-15 06:34:22.004052+0530 Yoga of Eating[16053:128733] [[FirebaseCore]] 12.7.0 - [FirebaseCore][I-COR000003] The default Firebase app has not yet been configured. Add `FirebaseApp.configure()` to your application initialization. This can be done in in the App Delegate's application(_:didFinishLaunchingWithOptions:)` (or the `@main` struct's initializer in SwiftUI). Read more: https://firebase.google.com/docTest Case '-[Yoga_of_EatingTests.MainViewModelValidationIntegrationTests test_javascriptProtocol_isDetectedAndBlocked]' passed (0.000 seconds).
s/ios/setup#initialize_firebase_in_your_app
2026-05-15 06:34:22.004444+0530 Yoga of Eating[16053:128733] [[FirebaseCore]] 12.7.0 - [FirebaseCore][I-COR000003] The default Firebase app has not yet been configured. Add `FirebaseApp.configure()` to your application initialization. This can be done in in the App Delegate's application(_:didFinishLaunchingWithOptions:)` (or the `@main` struct's initializer in SwiftUI). Read more: https://firebase.google.com/docs/ios/setup#initialize_firebase_in_your_app
Test Case '-[Yoga_of_EatingTests.MainViewModelValidationIntegrationTests test_journalEntry_exceedingMaxLength_isTruncated]' started.
2026-05-15 06:34:22.004859+0530 Yoga of Eating[16053:128810] [[FirebaseCore]] 12.7.0 - [FirebaseCore][I-COR000003] The default Firebase app has not yet been configured. Add `FirebaseApp.configure()` to your application initialization. This can be done in in the App Delegate's application(_:didFinishLaunchingWithOptions:)` (or the `@main` struct's initializer in SwiftUI). Read more: https://firebase.google.com/docs/ios/setup#initialize_firebase_in_your_app
2026-05-15 06:34:22.004894+0530 Yoga of Eating[16053:128810] [[FirebaseCore]] 12.7.0 - [FirebaseCore][I-COR000003] The default Firebase app has not yet been configured. Add `FirebaseApp.configure()` to your application initialization. This can be done in in the App Delegate's application(_:didFinishLaunchingWithOptions:)` (or the `@main` struct's initializer in SwiftUI). Read more: https://firebase.google.com/docs/ios/setup#initialize_firebase_in_your_app
Test Case '-[Yoga_of_EatingTests.MainViewModelValidationIntegrationTests test_journalEntry_exceedingMaxLength_isTruncated]' passed (0.003 seconds).
Test Case '-[Yoga_of_EatingTests.MainViewModelValidationIntegrationTests test_leadingTrailingWhitespace_isTrimmed]' started.
2026-05-15 06:34:22.007594+0530 Yoga of Eating[16053:128809] [[FirebaseCore]] 12.7.0 - [FirebaseCore][I-COR000003] The default Firebase app has not yet been configured. Add `FirebaseApp.configure()` to your application initialization. This can be done in in the App Delegate's application(_:didFinishLaunchingWithOptions:)` (or the `@main` struct's initializer in SwiftUI). Read more: https://firebase.google.com/docs/ios/setup#initialize_firebase_in_your_app
2026-05-15 06:34:22.007655+0530 Yoga of Eating[16053:128809] [[FirebaseCore]] 12.7.0 - [FirebaseCore][I-COR000003] The default Firebase app has not yet been configured. Add `FirebaseApp.configure()` to your application initialization. This can be done in in the App Delegate's application(_:didFinishLaunchingWithOptions:)` (or the `@main` struct's initializer in SwiftUI). Read more: https://firebase.google.com/docs/ios/setup#initialize_firebase_in_your_app
Test Case '-[Yoga_of_EatingTests.MainViewModelValidationIntegrationTests test_leadingTrailingWhitespace_isTrimmed]' passed (0.000 seconds).
Test Case '-[Yoga_of_EatingTests.MainViewModelValidationIntegrationTests test_lessThanOperator_allowedInMealDescription]' started.
2026-05-15 06:34:22.008220+0530 Yoga of Eating[16053:128810] [[FirebaseCore]] 12.7.0 - [FirebaseCore][I-COR000003] The default Firebase app has not yet been configured. Add `FirebaseApp.configure()` to your application initialization. This can be done in in the App Delegate's application(_:didFinishLaunchingWithOptions:)` (or the `@main` struct's initializer in SwiftUI). Read more: https://firebase.google.com/docs/ios/setup#initialize_firebase_in_your_app
2026-05-15 06:34:22.008303+0530 Yoga of Eating[16053:128810] [[FirebaseCore]] 12.7.0 - [FirebaseCore][I-COR000003] The default Firebase app has not yet been configured. Add `FirebaseApp.configure()` to your application initialization. This can be done in in the App Delegate's application(_:didFinishLaunchingWithOptions:)` (or the `@main` struct's initializer in SwiftUI). Read more: https://firebase.google.com/docs/ios/setup#initialize_firebase_in_your_app
Test Case '-[Yoga_of_EatingTests.MainViewModelValidationIntegrationTests test_lessThanOperator_allowedInMealDescription]' passed (0.000 seconds).
Test Case '-[Yoga_of_EatingTests.MainViewModelValidationIntegrationTests test_mealDescription_caseInsensitiveXSSDetection]' started.
2026-05-15 06:34:22.009075+0530 Yoga of Eating[16053:128810] [[FirebaseCore]] 12.7.0 - [FirebaseCore][I-COR000003] The default Firebase app has not yet been configured. Add `FirebaseApp.configure()` to your application initialization. This can be Test Case '-[Yoga_of_EatingTests.MainViewModelValidationIntegrationTests test_mealDescription_caseInsensitiveXSSDetection]' passed (0.001 seconds).
done in in the App Delegate's application(_:didFinishLaunchingWithOptions:)` (or the `@main` struct's initializer in SwiftUI). Read more: https://firebase.google.com/docs/ios/setup#initialize_firebase_in_your_app
2026-05-15 06:34:22.009896+0530 Yoga of Eating[16053:128810] [[FirebaseCore]] 12.7.0 - [FirebaseCore][I-COR000003] The default Firebase app has not yet been configured. Add `FirebaseApp.configure()` to your application initialization. This can be done in in the App Delegate's application(_:didFinishLaunchingWithOptions:)` (or the `@main` struct's initializer in SwiftUI). Read more: https://firebase.google.com/docs/ios/setup#initialize_firebase_in_your_app
Test Case '-[Yoga_of_EatingTests.MainViewModelValidationIntegrationTests test_mealDescription_withValidItems_succeeds]' started.
2026-05-15 06:34:22.010476+0530 Yoga of Eating[16053:128738] [[FirebaseCore]] 12.7.0 - [FirebaseCore][I-COR000003] The default Firebase app has not yet been configured. Add `FirebaseApp.configure()` to your application initialization. This can be done in in the App Delegate's application(_:didFinishLaunchingWithOptions:)` (or the `@main` struct's initializer in SwiftUI). Read more: https://firebase.google.com/docs/ios/setup#initialize_firebase_in_your_app
2026-05-15 06:34:22.010541+0530 Yoga of Eating[16053:128738] [[FirebaseCore]] 12.7.0 - [FirebaseCore][I-COR000003] The default Firebase app has not yet been configured. Add `FirebaseApp.configure()` to your application initialization. This can be done in in the App Delegate's application(_:didFinishLaunchingWithOptions:)` (or the `@main` struct's initializer in SwiftUI). Read more: https://firebase.google.com/docTest Case '-[Yoga_of_EatingTests.MainViewModelValidationIntegrationTests test_mealDescription_withValidItems_succeeds]' passed (0.001 seconds).
s/ios/setup#initialize_firebase_in_your_app
Test Case '-[Yoga_of_EatingTests.MainViewModelValidationIntegrationTests test_morningThoughts_atMaxLength_isPersisted]' started.
2026-05-15 06:34:22.011486+0530 Yoga of Eating[16053:128733] [[FirebaseCore]] 12.7.0 - [FirebaseCore][I-COR000003] The default Firebase app has not yet been configured. Add `FirebaseApp.configure()` to your application initialization. This can be done in in the App Delegate's application(_:didFinishLaunchingWithOptions:)` (or the `@main` struct's initializer in SwiftUI). Read more: https://firebase.google.com/docs/ios/setup#initialize_firebase_in_your_app
2026-05-15 06:34:22.011540+0530 Yoga of Eating[16053:128733] [[FirebaseCore]] 12.7.0 - [FirebaseCore][I-COR000003] The default Firebase app has not yet been configured. Add `FirebaseApp.configure()` to your application initialization. This can be done in in the App Delegate's application(_:didFinishLaunchingWithOptions:)` (or the `@main` struct's initializer in SwiftUI). Read more: https://firebase.google.com/docs/ios/setup#initialize_firebase_in_your_app
Test Case '-[Yoga_of_EatingTests.MainViewModelValidationIntegrationTests test_morningThoughts_atMaxLength_isPersisted]' passed (0.003 seconds).
Test Case '-[Yoga_of_EatingTests.MainViewModelValidationIntegrationTests test_multipleFieldErrors_lastErrorIsUpdated]' started.
2026-05-15 06:34:22.014271+0530 Yoga of Eating[16053:128738] [[FirebaseCore]] 12.7.0 - [FirebaseCore][I-COR000003] The default Firebase app has not yet been configured. Add `FirebaseApp.configure()` to your application initialization. This can be done in in the App Delegate's application(_:didFinishLaunchingWithOptions:)` (or the `@main` struct's initializer in SwiftUI). Read more: https://firebase.google.com/docs/ios/setup#initialize_firebase_in_your_app
Test Case '-[Yoga_of_EatingTests.MainViewModelValidationIntegrationTests test_multipleFieldErrors_lastErrorIsUpdated]' passed (0.000 seconds).
2026-05-15 06:34:22.014376+0530 Yoga of Eating[16053:128738] [[FirebaseCore]] 12.7.0 - [FirebaseCore][I-COR000003] The default Firebase app has not yet been configured. Add `FirebaseApp.configure()` to your application initialization. This can be done in in the App Delegate's application(_:didFinishLaunchingWithOptions:)` (or the `@main` struct's initializer in SwiftUI). Read more: https://firebase.google.com/docs/ios/setup#initialize_firebase_in_your_app
Test Case '-[Yoga_of_EatingTests.MainViewModelValidationIntegrationTests test_newlines_preserved]' started.
2026-05-15 06:34:22.014836+0530 Yoga of Eating[16053:128809] [[FirebaseCore]] 12.7.0 - [FirebaseCore][I-COR000003] The default Firebase app has not yet been configured. Add `FirebaseApp.configure()` to your application initialization. This can be done in in the App Delegate's application(_:didFinishLaunchingWithOptions:)` (or the `@main` struct's initializer in SwiftUI). Read more: https://firebase.google.com/docs/ios/setup#initialize_firebase_in_your_app
2026-05-15 06:34:22.014882+0530 Yoga of Eating[16053:128809] [[FirebaseCore]] 12.7.0 - [FirebaseCore][I-COR000003] The default Firebase app has not yet been configured. Add `FirebaseApp.configure()` to your application initialization. This can be done in in the App Delegate's application(_:didFinishLaunchingWithOptions:)` (or the `@main` struct's initializer in SwiftUI). Read more: https://firebase.google.com/docs/ios/setup#initialize_firebase_in_your_app
Test Case '-[Yoga_of_EatingTests.MainViewModelValidationIntegrationTests test_newlines_preserved]' passed (0.000 seconds).
Test Case '-[Yoga_of_EatingTests.MainViewModelValidationIntegrationTests test_nullBytes_filtered]' started.
2026-05-15 06:34:22.015499+0530 Yoga of Eating[16053:128810] [[FirebaseCore]] 12.7.0 - [FirebaseCore][I-COR000003] The default Firebase app has not yet been configured. Add `FirebaseApp.configure()` to your application initialization. This can be done in in the App Delegate's application(_:didFinishLaunchingWithOptions:)` (or the `@main` struct's initializer in SwiftUI). Read more: https://firebase.google.com/docs/ios/setup#initialize_firebase_in_your_app
2026-05-15 06:34:22.015546+0530 Yoga of Eating[16053:128810] [[FirebaseCore]] 12.7.0 - [FirebaseCore][I-COR000003] The default Firebase app has not yet been configured. Add `FirebaseApp.configure()` to your application initialization. This can be done in in the App Delegate's application(_:didFinishLaunchingWithOptions:)` (or the `@main` struct's initializer in SwiftUI). Read more: https://firebase.google.com/docs/ios/setup#initialize_firebase_in_your_app
Test Case '-[Yoga_of_EatingTests.MainViewModelValidationIntegrationTests test_nullBytes_filtered]' passed (0.000 seconds).
Test Case '-[Yoga_of_EatingTests.MainViewModelValidationIntegrationTests test_onclickEventHandler_isDetectedAndBlocked]' started.
2026-05-15 06:34:22.016184+0530 Yoga of Eating[16053:128733] [[FirebaseCore]] 12.7.0 - [FirebaseCore][I-COR000003] The default Firebase app has not yet been configured. Add `FirebaseApp.configure()` to your application initialization. This can be done in in the App Delegate's application(_:didFinishLaunchingWithOptions:)` (or the `@main` struct's initializer in SwiftUI). Read more: https://firebase.google.com/docs/ios/setup#initialize_firebase_in_your_app
Test Case '-[Yoga_of_EatingTests.MainViewModelValidationIntegrationTests test_onclickEventHandler_isDetectedAndBlocked]' passed (0.000 seconds).
2026-05-15 06:34:22.016316+0530 Yoga of Eating[16053:128733] [[FirebaseCore]] 12.7.0 - [FirebaseCore][I-COR000003] The default Firebase app has not yet been configured. Add `FirebaseApp.configure()` to your application initialization. This can be doneTest Case '-[Yoga_of_EatingTests.MainViewModelValidationIntegrationTests test_oneInvalidField_setsErrorWithoutAffectingValidField]' started.
 in in the App Delegate's application(_:didFinishLaunchingWithOptions:)` (or the `@main` struct's initializer in SwiftUI). Read more: https://firebase.google.com/docs/ios/setup#initialize_firebase_in_your_app
2026-05-15 06:34:22.017096+0530 Yoga of Eating[16053:128733] [[FirebaseCore]] 12.7.0 - [FirebaseCore][I-COR000003] The default Firebase app has not yet been configured. Add `FirebaseApp.configure()` to your application initialization. This can be done in in the App Delegate's application(_:didFinishLaunchingWithOptions:)` (or the `@main` struct's initializer in SwiftUI). Read more: https://firebase.google.com/docs/ios/setup#initialize_firebase_in_your_app
2026-05-15 06:34:22.017172+0530 Yoga of Eating[16053:128733] [[FirebaseCore]] 12.7.0 - [FirebaseCore][I-COR000003] The default Firebase app has not yet been configured. Add `FirebaseApp.configure()` to your application initialization. This can be done in in the App Delegate's application(_:didFinishLaunchingWithOptions:)` (or the `@main` struct's initializer in SwiftUI). Read more: https://firebase.google.com/docs/ios/setup#initialize_firebase_in_your_app
Test Case '-[Yoga_of_EatingTests.MainViewModelValidationIntegrationTests test_oneInvalidField_setsErrorWithoutAffectingValidField]' passed (0.001 seconds).
Test Case '-[Yoga_of_EatingTests.MainViewModelValidationIntegrationTests test_punctuation_preserved]' started.
2026-05-15 06:34:22.018603+0530 Yoga of Eating[16053:128810] [[FirebaseCore]] 12.7.0 - [FirebaseCore][I-COR000003] The default Firebase app has not yet been configured. Add `FirebaseApp.configure()` to your application initialization. This can be done in in the App Delegate's application(_:didFinishLaunchingWithOptions:)` (or the `@main` struct's initializer in SwiftUI). Read more: https://firebase.google.com/docs/ios/setup#initialize_firebase_in_your_app
Test Case '-[Yoga_of_EatingTests.MainViewModelValidationIntegrationTests test_punctuation_preserved]' passed (0.001 seconds).
2026-05-15 06:34:22.018712+0530 Yoga of Eating[16053:128810] [[FirebaseCore]] 12.7.0 - [FirebaseCore][I-COR000003] The default Firebase app has not yet been configured. Add `FirebaseApp.configure()` to your application initialization. This can be done in in the App Delegate's application(_:didFinishLaunchingWithOptions:)` (or the `@main` struct's initializer in SwiftUI). Read more: https://firebase.google.com/docs/ios/setup#initialize_firebase_in_your_app
Test Case '-[Yoga_of_EatingTests.MainViewModelValidationIntegrationTests test_repeatedPatternDetection_blocked]' started.
2026-05-15 06:34:22.019259+0530 Yoga of Eating[16053:128810] [[FirebaseCore]] 12.7.0 - [FirebaseCore][I-COR000003] The default Firebase app has not yet been configured. Add `FirebaseApp.configure()` to your application initialization. This can be done in in the App Delegate's application(_:didFinishLaunchingWithOptions:)` (or the `@main` struct's initializer in SwiftUI). Read more: https://firebase.google.com/docs/ios/setup#initialize_firebase_in_your_app
2026-05-15 06:34:22.019314+0530 Yoga of Eating[16053:128810] [[FirebaseCore]] 12.7.0 - [FirebaseCore][I-COR000003] The default Firebase app has not yet been configured. Add `FirebaseApp.configure()` to your application initialization. This can be done in in the App Delegate's application(_:didFinishLaunchingWithOptions:)` (or the `@main` struct's initializer in SwiftUI). Read more: https://firebase.google.com/docs/ios/setup#initialize_firebase_in_your_app
Test Case '-[Yoga_of_EatingTests.MainViewModelValidationIntegrationTests test_repeatedPatternDetection_blocked]' passed (0.000 seconds).
Test Case '-[Yoga_of_EatingTests.MainViewModelValidationIntegrationTests test_scriptTag_isDetectedAndBlocked]' started.
2026-05-15 06:34:22.020763+0530 Yoga of Eating[16053:128738] [[FirebaseCore]] 12.7.0 - [FirebaseCore][I-COR000003] The default Firebase app has not yet been configured. Add `FirebaseApp.configure()` to your application initialization. This can be done in in the App Delegate's application(_:didFinishLaunchingWithOptions:)` (or the `@main` struct's initializer in SwiftUI). Read more: https://firebase.google.com/docs/ios/setup#initialize_firebase_in_your_app
Test Case '-[Yoga_of_EatingTests.MainViewModelValidationIntegrationTests test_scriptTag_isDetectedAndBlocked]' passed (0.000 seconds).
2026-05-15 06:34:22.020884+0530 Yoga of Eating[16053:128738] [[FirebaseCore]] 12.7.0 - [FirebaseCore][I-COR000003] The default Firebase app has not yet been configured. Add `FirebaseApp.configure()` to your application initialization. This can be done in in the App Delegate's application(_:didFinishLaunchingWithOptions:)` (or the `@main` struct's initializer in SwiftUI). Read more: https://firebase.google.com/docs/ios/setup#initialize_firebase_in_your_app
Test Case '-[Yoga_of_EatingTests.MainViewModelValidationIntegrationTests test_singleCharacterInput_accepted]' started.
2026-05-15 06:34:22.021277+0530 Yoga of Eating[16053:128733] [[FirebaseCore]] 12.7.0 - [FirebaseCore][I-COR000003] The default Firebase app has not yet been configured. Add `FirebaseApp.configure()` to your application initialization. This can be done in in the App Delegate's application(_:didFinishLaunchingWithOptions:)` (or the `@main` struct's initializer in SwiftUI). Read more: https://firebase.google.com/docs/ios/setup#initialize_firebase_in_your_app
2026-05-15 06:34:22.021336+0530 Yoga of Eating[16053:128733] [[FirebaseCore]] 12.7.0 - [FirebaseCore][I-COR000003] The default Firebase app has not yet been configured. Add `FirebaseApp.configure()` to your application initialization. This can be done in in the App Delegate's application(_:didFinishLaunchingWithOptions:)` (or the `@main` struct's initializer in SwiftUI). Read more: https://firebase.google.com/docs/ios/setup#initialize_firebase_in_your_app
Test Case '-[Yoga_of_EatingTests.MainViewModelValidationIntegrationTests test_singleCharacterInput_accepted]' passed (0.000 seconds).
Test Case '-[Yoga_of_EatingTests.MainViewModelValidationIntegrationTests test_sleepNotes_exceedingMaxLength_isTruncated]' started.
2026-05-15 06:34:22.021895+0530 Yoga of Eating[16053:128738] [[FirebaseCore]] 12.7.0 - [FirebaseCore][I-COR000003] The default Firebase app has not yet been configured. Add `FirebaseApp.configure()` to your application initialization. This can be done in in the App Delegate's application(_:didFinishLaunchingWithOptions:)` (or the `@main` struct's initializer in SwiftUI). Read more: https://firebase.google.com/docs/ios/setup#initialize_firebase_in_your_app
2026-05-15 06:34:22.021948+0530 Yoga of Eating[16053:128738] [[FirebaseCore]] 12.7.0 - [FirebaseCore][I-COR000003] The default Firebase app has not yet been configured. Add `FirebaseApp.configure()` to your application initialization. This can be done in in the App Delegate's application(_:didFinishLaunchingWithOptions:)` (or the `@main` struct's initializer in SwiftUI). Read more: https://firebase.google.com/docs/ios/setup#initialize_firebase_in_your_app
Test Case '-[Yoga_of_EatingTests.MainViewModelValidationIntegrationTests test_sleepNotes_exceedingMaxLength_isTruncated]' passed (0.001 seconds).
Test Case '-[Yoga_of_EatingTests.MainViewModelValidationIntegrationTests test_specialCharacters_preserved]' started.
2026-05-15 06:34:22.023102+0530 Yoga of Eating[16053:128738] [[FirebaseCore]] 12.7.0 - [FirebaseCore][I-COR000003] The default Firebase app has not yet been configured. Add `FirebaseApp.configure()` to your application initialization. This can be done in in the App Delegate's application(_:didFinishLaunchingWithOptions:)` (or the `@main` struct's initializer in SwiftUI). Read more: https://firebase.google.com/docs/ios/setup#initialize_firebase_in_your_app
2026-05-15 06:34:22.023156+0530 Yoga of Eating[16053:128738] [[FirebaseCore]] 12.7.0 - [FirebaseCore][I-COR000003] The default Firebase app has not yet been configured. Add `FirebaseApp.configure()` to your application initialization. This can be done in in the App Delegate's application(_:didFinishLaunchingWithOptions:)` (or the `@main` struct's initializer in SwiftUI). Read more: https://firebase.google.com/docs/ios/setup#Test Case '-[Yoga_of_EatingTests.MainViewModelValidationIntegrationTests test_specialCharacters_preserved]' passed (0.000 seconds).
initialize_firebase_in_your_app
Test Case '-[Yoga_of_EatingTests.MainViewModelValidationIntegrationTests test_todoItem_exceedingMaxLength_isRejected]' started.
2026-05-15 06:34:22.023751+0530 Yoga of Eating[16053:128733] [[FirebaseCore]] 12.7.0 - [FirebaseCore][I-COR000003] The default Firebase app has not yet been configured. Add `FirebaseApp.configure()` to your application initialization. This can be done in in the App Delegate's application(_:didFinishLaunchingWithOptions:)` (or the `@main` struct's initializer in SwiftUI). Read more: https://firebase.google.com/docs/ios/setup#initialize_firebase_in_your_app
2026-05-15 06:34:22.023839+0530 Yoga of Eating[16053:128733] [[FirebaseCore]] 12.7.0 - [FirebaseCore][I-COR000003] The default Firebase app has not yet been configured. Add `FirebaseApp.configure()` to your application initialization. This can be done in in the App Delegate's application(_:didFinishLaunchingWithOptions:)` (or the `@main` struct's initializer in SwiftUI). Read more: https://firebase.google.com/docs/ios/setup#initialize_firebase_in_your_app
Test Case '-[Yoga_of_EatingTests.MainViewModelValidationIntegrationTests test_todoItem_exceedingMaxLength_isRejected]' passed (0.001 seconds).
Test Case '-[Yoga_of_EatingTests.MainViewModelValidationIntegrationTests test_unicodeCharacters_accepted]' started.
2026-05-15 06:34:22.025573+0530 Yoga of Eating[16053:128738] [[FirebaseCore]] 12.7.0 - [FirebaseCore][I-COR000003] The default Firebase app has not yet been configured. Add `FirebaseApp.configure()` to your application initialization. This can be done in in the App Delegate's application(_:didFinishLaunchingWithOptions:)` (or the `@main` struct's initializer in SwiftUI). Read more: https://firebase.google.com/docs/ios/setup#initialize_firebase_in_your_app
2026-05-15 06:34:22.025652+0530 Yoga of Eating[16053:128738] [[FirebaseCore]] 12.7.0 - [FirebaseCore][I-COR000003] The default Firebase app has not yet been configured. Add `FirebaseApp.configure()` to your application initialization. This can be done in in the App Delegate's application(_:didFinishLaunchingWithOptions:)` (or the `@main` struct's initializer in SwiftUI). Read more: https://firebase.google.com/docs/ios/setup#iTest Case '-[Yoga_of_EatingTests.MainViewModelValidationIntegrationTests test_unicodeCharacters_accepted]' passed (0.001 seconds).
nitialize_firebase_in_your_app
Test Case '-[Yoga_of_EatingTests.MainViewModelValidationIntegrationTests test_validJournalText_persistToReflectData]' started.
2026-05-15 06:34:22.027182+0530 Yoga of Eating[16053:128731] [[FirebaseCore]] 12.7.0 - [FirebaseCore][I-COR000003] The default Firebase app has not yet been configured. Add `FirebaseApp.configure()` to your application initialization. This can be done in in the App Delegate's application(_:didFinishLaunchingWithOptions:)` (or the `@main` struct's initializer in SwiftUI). Read more: https://firebase.google.com/docs/ios/setup#initialize_firebase_in_your_app
2026-05-15 06:34:22.027259+0530 Yoga of Eating[16053:128731] [[FirebaseCore]] 12.7.0 - [FirebaseCore][I-COR000003] The default Firebase app has not yet been configured. Add `FirebaseApp.configure()` to your application initialization. This can be done in in the App Delegate's application(_:didFinishLaunchingWithOptions:)` (or the `@main` struct's initializer in SwiftUI). Read more: https://firebase.google.com/docs/Test Case '-[Yoga_of_EatingTests.MainViewModelValidationIntegrationTests test_validJournalText_persistToReflectData]' passed (0.001 seconds).
ios/setup#initialize_firebase_in_your_app
Test Case '-[Yoga_of_EatingTests.MainViewModelValidationIntegrationTests test_validMorningThoughts_persistToHighlightData]' started.
2026-05-15 06:34:22.028036+0530 Yoga of Eating[16053:128731] [[FirebaseCore]] 12.7.0 - [FirebaseCore][I-COR000003] The default Firebase app has not yet been configured. Add `FirebaseApp.configure()` to your application initialization. This can be done in in the App Delegate's application(_:didFinishLaunchingWithOptions:)` (or the `@main` struct's initializer in SwiftUI). Read more: https://firebase.google.com/docs/ios/setup#initialize_firebase_in_your_app
2026-05-15 06:34:22.028097+0530 Yoga of Eating[16053:128731] [[FirebaseCore]] 12.7.0 - [FirebaseCore][I-COR000003] The default Firebase app has not yet been configured. Add `FirebaseApp.configure()` to your application initialization. This can be done in in the App Delegate's application(_:didFinishLaunchingWithOptions:)` (or the `@main` struct's initializer in SwiftUI). Read more: https://firebase.google.com/docs/ios/setup#initialize_firebase_in_your_app
Test Case '-[Yoga_of_EatingTests.MainViewModelValidationIntegrationTests test_validMorningThoughts_persistToHighlightData]' passed (0.001 seconds).
Test Case '-[Yoga_of_EatingTests.MainViewModelValidationIntegrationTests test_validSleepNotes_persistToHighlightData]' started.
2026-05-15 06:34:22.029053+0530 Yoga of Eating[16053:128810] [[FirebaseCore]] 12.7.0 - [FirebaseCore][I-COR000003] The default Firebase app has not yet been configured. Add `FirebaseApp.configure()` to your application initialization. This can be done in in the App Delegate's application(_:didFinishLaunchingWithOptions:)` (or the `@main` struct's initializer in SwiftUI). Read more: https://firebase.google.com/docs/ios/setup#initialize_firebase_in_your_app
2026-05-15 06:34:22.029109+0530 Yoga of Eating[16053:128810] [[FirebaseCore]] 12.7.0 - [FirebaseCore][I-COR000003] The default Firebase app has not yet been configured. Add `FirebaseApp.configure()` to your application initialization. This can be done in in the App Delegate's application(_:didFinishLaunchingWithOptions:)` (or the `@main` struct's initializer in SwiftUI). Read more: https://firebase.google.com/docs/ios/setup#initialize_firebase_in_your_app
Test Case '-[Yoga_of_EatingTests.MainViewModelValidationIntegrationTests test_validSleepNotes_persistToHighlightData]' passed (0.001 seconds).
Test Case '-[Yoga_of_EatingTests.MainViewModelValidationIntegrationTests test_validTodoItem_addsToHighlightTodos]' started.
2026-05-15 06:34:22.029929+0530 Yoga of Eating[16053:128810] [[FirebaseCore]] 12.7.0 - [FirebaseCore][I-COR000003] The default Firebase app has not yet been configured. Add `FirebaseApp.configure()` to your application initialization. This can be done in in the App Delegate's application(_:didFinishLaunchingWithOptions:)` (or the `@main` struct's initializer in SwiftUI). Read more: https://firebase.google.com/docs/ios/setup#initialize_firebase_in_your_app
2026-05-15 06:34:22.029976+0530 Yoga of Eating[16053:128810] [[FirebaseCore]] 12.7.0 - [FirebaseCore][I-COR000003] The default Firebase app has not yet been configured. Add `FirebaseApp.configure()` to your application initialization. This can be done in in the App Delegate's application(_:didFinishLaunchingWithOptions:)` (or the `@main` struct's initializer in SwiftUI). Read more: https://firebase.google.com/docs/ios/setup#initialize_firebase_in_your_app
Test Case '-[Yoga_of_EatingTests.MainViewModelValidationIntegrationTests test_validTodoItem_addsToHighlightTodos]' passed (0.001 seconds).
Test Case '-[Yoga_of_EatingTests.MainViewModelValidationIntegrationTests test_whitespaceOnlyString_treatedAsEmpty]' started.
2026-05-15 06:34:22.030785+0530 Yoga of Eating[16053:128809] [[FirebaseCore]] 12.7.0 - [FirebaseCore][I-COR000003] The default Firebase app has not yet been configured. Add `FirebaseApp.configure()` to your application initialization. This can be done in in the App Delegate's application(_:didFinishLaunchingWithOptions:)` (or the `@main` struct's initializer in SwiftUI). Read more: https://firebase.google.com/docs/ios/setup#initialize_firebase_in_your_app
2026-05-15 06:34:22.030830+0530 Yoga of Eating[16053:128809] [[FirebaseCore]] 12.7.0 - [FirebaseCore][I-COR000003] The default Firebase app has not yet been configured. Add `FirebaseApp.configure()` to your application initialization. This can be done in in the App Delegate's application(_:didFinishLaunchingWithOptions:)` (or the `@main` struct's initializer in SwiftUI). Read more: https://firebase.google.com/docs/ios/setup#initialize_firebase_in_your_app
Test Case '-[Yoga_of_EatingTests.MainViewModelValidationIntegrationTests test_whitespaceOnlyString_treatedAsEmpty]' passed (0.000 seconds).
Test Suite 'MainViewModelValidationIntegrationTests' passed at 2026-05-15 06:34:22.031.
	 Executed 41 tests, with 0 failures (0 unexpected) in 0.037 (0.050) seconds
Test Suite 'MainViewModelValidationTests' started at 2026-05-15 06:34:22.032.
Test Case '-[Yoga_of_EatingTests.MainViewModelValidationTests test_addHighlightTodo_withEmptyString_doesNotAdd]' started.
2026-05-15 06:34:22.032237+0530 Yoga of Eating[16053:128809] [[FirebaseCore]] 12.7.0 - [FirebaseCore][I-COR000003] The default Firebase app has not yet been configured. Add `FirebaseApp.configure()` to your application initialization. This can be done in in the App Delegate's application(_:didFinishLaunchingWithOptions:)` (or the `@main` struct's initializer in SwiftUI). Read more: https://firebase.google.com/docs/ios/setup#initialize_firebase_in_your_app
Test Case '-[Yoga_of_EatingTests.MainViewModelValidationTests test_addHighlightTodo_withEmptyString_doesNotAdd]' passed (0.001 seconds).
2026-05-15 06:34:22.032338+0530 Yoga of Eating[16053:128809] [[FirebaseCore]] 12.7.0 - [FirebaseCore][I-COR000003] The default Firebase app has not yet been configured. ATest Case '-[Yoga_of_EatingTests.MainViewModelValidationTests test_addHighlightTodo_withSuspiciousContent_setsErrorState]' started.
dd `FirebaseApp.configure()` to your application initialization. This can be done in in the App Delegate's application(_:didFinishLaunchingWithOptions:)` (or the `@main` struct's initializer in SwiftUI). Read more: https://firebase.google.com/docs/ios/setup#initialize_firebase_in_your_app
2026-05-15 06:34:22.033080+0530 Yoga of Eating[16053:128809] [[FirebaseCore]] 12.7.0 - [FirebaseCore][I-COR000003] The default Firebase app has not yet been configured. Add `FirebaseApp.configure()` to your application initialization. This can be done in in the App Delegate's application(_:didFinishLaunchingWithOptions:)` (or the `@main` struct's initializer in SwiftUI). Read more: https://firebase.google.com/docs/ios/setup#initialize_firebase_in_your_app
2026-05-15 06:34:22.033129+0530 Yoga of Eating[16053:128809] [[FirebaseCore]] 12.7.0 - [FirebaseCore][I-COR000003] The default Firebase app has not yet been configured. Add `FirebaseApp.configure()` to your application initialization. This can be done in in the App Delegate's application(_:didFinishLaunchingWithOptions:)` (or the `@main` struct's initializer in SwiftUI). Read more: https://firebase.google.com/docs/ios/setup#initialize_firebase_in_your_app
Test Case '-[Yoga_of_EatingTests.MainViewModelValidationTests test_addHighlightTodo_withSuspiciousContent_setsErrorState]' passed (0.001 seconds).
Test Case '-[Yoga_of_EatingTests.MainViewModelValidationTests test_addHighlightTodo_withValidInput_succeeds]' started.
2026-05-15 06:34:22.033671+0530 Yoga of Eating[16053:128809] [[FirebaseCore]] 12.7.0 - [FirebaseCore][I-COR000003] The default Firebase app has not yet been configured. Add `FirebaseApp.configure()` to your application initialization. This can be done in in thTest Case '-[Yoga_of_EatingTests.MainViewModelValidationTests test_addHighlightTodo_withValidInput_succeeds]' passed (0.000 seconds).
e App Delegate's application(_:didFinishLaunchingWithOptions:)` (or the `@main` struct's initializer in SwiftUI). Read more: https://firebase.google.com/docs/ios/setup#initialize_firebase_in_your_app
Test Case '-[Yoga_of_EatingTests.MainViewModelValidationTests test_updateHighlightMorningThoughts_withEmptyString_allowsOptional]' started.
2026-05-15 06:34:22.034755+0530 Yoga of Eating[16053:128809] [[FirebaseCore]] 12.7.0 - [FirebaseCore][I-COR000003] The default Firebase app has not yet been configured. Add `FirebaseApp.configure()` to your application initialization. This can be done in in the App Delegate's application(_:didFinishLaunchingWithOptions:)` (or the `@main` struct's initializer in SwiftUI). Read more: https://firebase.google.com/docs/ios/setup#initialize_firebase_in_your_app
2026-05-15 06:34:22.035102+0530 Yoga of Eating[16053:128733] [[FirebaseCore]] 12.7.0 - [FirebaseCore][I-COR000003] The default Firebase app has not yet been configured. Add `FirebaseApp.configure()` to your application initialization. This can be done in in the App Delegate's application(_:didFinishLaunchingWithOptions:)` (or the `@main` struct's initializer in SwiftUI). Read more: https://firebase.google.com/docs/ios/setup#initialize_firebase_in_your_app
2026-05-15 06:34:22.035157+0530 Yoga of Eating[16053:128733] [[FirebaseCore]] 12.7.0 - [FirebaseCore][I-COR000003] The default Firebase app has not yet been configured. Add `FirebaseApp.configure()` to your application initialization. This can be done in in the App Delegate's application(_:didFinishLaunchingWithOptions:)` (or the `@main` struct's initializer in SwiftUI). Read more: https://firebase.google.com/docs/ios/setup#initialize_firebase_in_your_app
Test Case '-[Yoga_of_EatingTests.MainViewModelValidationTests test_updateHighlightMorningThoughts_withEmptyString_allowsOptional]' passed (0.001 seconds).
Test Case '-[Yoga_of_EatingTests.MainViewModelValidationTests test_updateHighlightMorningThoughts_withSuspiciousContent_setsErrorState]' started.
2026-05-15 06:34:22.036672+0530 Yoga of Eating[16053:128733] [[FirebaseCore]] 12.7.0 - [FirebaseCore][I-COR000003] The default Firebase app has not yet been configured. Add `FirebaseApp.configure()` to your application initialization. This can be done in in the App Delegate's application(_:didFinishLaunchingWithOptions:)` (or the `@main` struct's initializer in SwiftUI). Read more: https://firebase.google.com/docs/ios/setup#initialize_firebase_in_your_app
2026-05-15 06:34:22.036731+0530 Yoga of Eating[16053:128733] [[FirebaseCore]] 12.7.0 - [FirebaseCore][I-COR000003] The default Firebase app has not yet been configured. Add `FirebaseApp.configure()` to your application initialization. This can be done in in the App Delegate's application(_:didFinishLaunchingWithOptions:)` (or the `@main` struct's initializer in SwiftUI). Read more: https://firebaTest Case '-[Yoga_of_EatingTests.MainViewModelValidationTests test_updateHighlightMorningThoughts_withSuspiciousContent_setsErrorState]' passed (0.000 seconds).
se.google.com/docs/ios/setup#initialize_firebase_in_your_app
Test Case '-[Yoga_of_EatingTests.MainViewModelValidationTests test_updateHighlightMorningThoughts_withValidInput_succeeds]' started.
2026-05-15 06:34:22.037717+0530 Yoga of Eating[16053:128809] [[FirebaseCore]] 12.7.0 - [FirebaseCore][I-COR000003] The default Firebase app has not yet been configured. Add `FirebaseApp.configure()` to your application initialization. This can be done in in the App Delegate's application(_:didFinishLaunchingWithOptions:)` (or the `@main` struct's initializer in SwiftUI). Read more: https://firebase.google.com/docs/ios/setup#initialize_firebase_in_your_app
2026-05-15 06:34:22.037764+0530 Yoga of Eating[16053:128809] [[FirebaseCore]] 12.7.0 - [FirebaseCore][I-COR000003] The default Firebase app has not yet been configured. Add `FirebaseApp.configure()` to your application initialization. This can be done in in the App Delegate's application(_:didFinishLaunchingWithOptions:)` (or the `@main` struct's initializer in SwiftUI). Read more: https://firebase.google.com/docs/ios/setup#initialize_firebase_in_your_app
Test Case '-[Yoga_of_EatingTests.MainViewModelValidationTests test_updateHighlightMorningThoughts_withValidInput_succeeds]' passed (0.001 seconds).
Test Case '-[Yoga_of_EatingTests.MainViewModelValidationTests test_updateHighlightSleepNotes_withEmptyString_allowsOptional]' started.
2026-05-15 06:34:22.038373+0530 Yoga of Eating[16053:128733] [[FirebaseCore]] 12.7.0 - [FirebaseCore][I-COR000003] The default Firebase app has not yet been configured. Add `FirebaseApp.configure()` to your application initialization. This canTest Case '-[Yoga_of_EatingTests.MainViewModelValidationTests test_updateHighlightSleepNotes_withEmptyString_allowsOptional]' passed (0.000 seconds).
 be done in in the App Delegate's application(_:didFinishLaunchingWithOptions:)` (or the `@main` struct's initializer in SwiftUI). Read more: https://firebase.google.com/docs/ios/setup#initialize_firebase_in_your_app
2026-05-15 06:34:22.038935+0530 Yoga of Eating[16053:128733] [[FirebaseCore]] 12.7.0 - [FirebaseCore][I-COR000003] The default Firebase app has not yet been configured. Add `FirebaseApp.configure()` to your application initialization. This can be done in in the App Delegate's application(_:didFinishLaunchingWithOptions:)` (or the `@main` struct's initializer in SwiftUI). Read more: https://firebase.google.com/docs/ios/setup#initialize_firebase_in_your_app
Test Case '-[Yoga_of_EatingTests.MainViewModelValidationTests test_updateHighlightSleepNotes_withSuspiciousContent_setsErrorState]' started.
2026-05-15 06:34:22.039358+0530 Yoga of Eating[16053:128809] [[FirebaseCore]] 12.7.0 - [FirebaseCore][I-COR000003] The default Firebase app has not yet been configured. Add `FirebaseApp.configure()` to your application initialization. This can be done in in the App Delegate's application(_:didFinishLaunchingWithOptions:)` (or the `@main` struct's initializer in SwiftUI). Read more: https://firebase.google.com/docs/ios/setup#initialize_firebase_in_your_app
2026-05-15 06:34:22.039396+0530 Yoga of Eating[16053:128809] [[FirebaseCore]] 12.7.0 - [FirebaseCore][I-COR000003] The default Firebase app has not yet been configured. Add `FirebaseApp.configure()` to your application initialization. This can be done in in the App Delegate's application(_:didFinishLaunchingWithOptions:)` (or the `@main` struct's initializer in SwiftUI). Read more: https://firebase.goTest Case '-[Yoga_of_EatingTests.MainViewModelValidationTests test_updateHighlightSleepNotes_withSuspiciousContent_setsErrorState]' passed (0.000 seconds).
ogle.com/docs/ios/setup#initialize_firebase_in_your_app
Test Case '-[Yoga_of_EatingTests.MainViewModelValidationTests test_updateHighlightSleepNotes_withValidInput_clearsErrorState]' started.
2026-05-15 06:34:22.040525+0530 Yoga of Eating[16053:128738] [[FirebaseCore]] 12.7.0 - [FirebaseCore][I-COR000003] The default Firebase app has not yet been configured. Add `FirebaseApp.configure()` to your application initialization. This can be done in in the App Delegate's application(_:didFinishLaunchingWithOptions:)` (or the `@main` struct's initializer in SwiftUI). Read more: https://firebase.google.com/docs/ios/setup#initialize_firebase_in_your_app
2026-05-15 06:34:22.040566+0530 Yoga of Eating[16053:128738] [[FirebaseCore]] 12.7.0 - [FirebaseCore][I-COR000003] The default Firebase app has not yet been configured. Add `FirebaseApp.configure()` to your application initialization. This can be done in in the App Delegate's application(_:didFinishLaunchingWithOptions:)` (or the `@main` struct's initializer in SwiftUI). Read more: https://firebase.google.com/docs/ios/setup#initialize_firebase_in_your_app
Test Case '-[Yoga_of_EatingTests.MainViewModelValidationTests test_updateHighlightSleepNotes_withValidInput_clearsErrorState]' passed (0.000 seconds).
Test Case '-[Yoga_of_EatingTests.MainViewModelValidationTests test_updateMeal_withComparisonOperators_passes]' started.
Test Case '-[Yoga_of_EatingTests.MainViewModelValidationTests test_updateMeal_withComparisonOperators_passes]' passed (0.001 seconds).
Test Case '-[Yoga_of_EatingTests.MainViewModelValidationTests test_updateMeal_withSuspiciousContent_setsErrorState]' started.
2026-05-15 06:34:22.042976+0530 Yoga of Eating[16053:128733] [[FirebaseCore]] 12.7.0 - [FirebaseCore][I-COR000003] The default Firebase app has not yet been configured. Add `FirebaseApp.configure()` to your application initialization. This can be done in in the App Delegate's application(_:didFinishLaunchingWithOptions:)` (or the `@main` struct's initializer in SwiftUI). Read more: https://firebase.google.com/docs/ios/setup#initialize_firebase_in_your_app
2026-05-15 06:34:22.043505+0530 Yoga of Eating[16053:128733] [[FirebaseCore]] 12.7.0 - [FirebaseCore][I-COR000003] The default Firebase app has not yet been configured. Add `FirebaseApp.configure()` to your application initialization. This can be done in in the App Delegate's application(_:didFinishLaunchingWithOptions:)` (or the `@main` struct's initializer in SwiftUI). Read more: https://firebase.google.com/docs/ios/setup#initialize_firebase_in_your_app
Test Case '-[Yoga_of_EatingTests.MainViewModelValidationTests test_updateMeal_withSuspiciousContent_setsErrorState]' passed (0.000 seconds).
2026-05-15 06:34:22.043626+0530 Yoga of Eating[16053:128733] [[FirebaseCore]] 12.7.0 - [FirebaseCore][I-COR000003] The default Firebase app has not yet been configured. Add `FirebaseApp.configure()` to your application initialization. This can be done in in the App Delegate's application(_:didFinishLaunchingWithOptions:)` (or the `@main` struct's initializer in SwiftUI). Read more: https://firebase.google.com/docs/ios/setup#initialize_firebase_in_your_app
Test Case '-[Yoga_of_EatingTests.MainViewModelValidationTests test_updateMeal_withValidInput_succeeds]' started.
2026-05-15 06:34:22.043855+0530 Yoga of Eating[16053:128733] [[FirebaseCore]] 12.7.0 - [FirebaseCore][I-COR000003] The default Firebase app has not yet been configured. Add `FirebaseApp.configure()` to your application initialization. This can be done in in the App Delegate's application(_:didFinishLaunchingWithOptions:)` (or the `@main` struct's initializer in SwiftUI). Read more: https://firebase.google.com/docs/ios/setup#initialize_firebase_in_your_app
Test Case '-[Yoga_of_EatingTests.MainViewModelValidationTests test_updateMeal_withValidInput_succeeds]' passed (0.001 seconds).
2026-05-15 06:34:22.045658+0530 Yoga of Eating[16053:128733] [[FirebaseCore]] 12.7.0 - [FirebaseCore][I-COR000003] The default Firebase app has not yet been configured. Add `FirebaseApp.configure()` to your application initialization. This can be done in in the App Delegate's application(_:didFinishLaunchingWithOptions:)` (or the `@main` struct's initializer in SwiftUI). Read more: https://firebase.google.com/docs/ios/setup#initialize_firebase_in_your_app
Test Case '-[Yoga_of_EatingTests.MainViewModelValidationTests test_updateReflectJournalText_withEmptyString_allowsOptional]' started.
2026-05-15 06:34:22.045877+0530 Yoga of Eating[16053:128733] [[FirebaseCore]] 12.7.0 - [FirebaseCore][I-COR000003] The default Firebase app has not yet been configured. Add `FirebaseApp.configure()` to your application initialization. This can be done in in the App Delegate's application(_:didFinishLaunchingWithOptions:)` (or the `@main` struct's initializer in SwiftUI). Read more: https://firebase.google.com/docs/ios/setup#initialize_firebase_in_your_app
2026-05-15 06:34:22.046150+0530 Yoga of Eating[16053:128731] [[FirebaseCore]] 12.7.0 - [FirebaseCore][I-COR000003] The default Firebase app has not yet been configured. Add `FirebaseApp.configure()` to your application initialization. This can be done in in the App Delegate's application(_:didFinishLaunchingWithOptions:)` (or the `@main` struct's initializer in SwiftUI). Read more: https://firebase.google.coTest Case '-[Yoga_of_EatingTests.MainViewModelValidationTests test_updateReflectJournalText_withEmptyString_allowsOptional]' passed (0.001 seconds).
m/docs/ios/setup#initialize_firebase_in_your_app
Test Case '-[Yoga_of_EatingTests.MainViewModelValidationTests test_updateReflectJournalText_withSuspiciousContent_setsErrorState]' started.
2026-05-15 06:34:22.046843+0530 Yoga of Eating[16053:128731] [[FirebaseCore]] 12.7.0 - [FirebaseCore][I-COR000003] The default Firebase app has not yet been configured. Add `FirebaseApp.configure()` to your application initialization. This can be done in in the App Delegate's application(_:didFinishLaunchingWithOptions:)` (or the `@main` struct's initializer in SwiftUI). Read more: https://firebase.google.com/docs/ios/setup#initialize_firebase_in_your_app
2026-05-15 06:34:22.047265+0530 Yoga of Eating[16053:128733] [[FirebaseCore]] 12.7.0 - [FirebaseCore][I-COR000003] The default Firebase app has not yet been configured. Add `FirebaseApp.configure()` to your application initialization. This can be done in in the App Delegate's application(_:didFinishLaunchingWithOptions:)` (or the `@main` struct's initializer in SwiftUI). Read more: https://firebase.gooTest Case '-[Yoga_of_EatingTests.MainViewModelValidationTests test_updateReflectJournalText_withSuspiciousContent_setsErrorState]' passed (0.001 seconds).
gle.com/docs/ios/setup#initialize_firebase_in_your_app
2026-05-15 06:34:22.047695+0530 Yoga of Eating[16053:128733] [[FirebaseCore]] 12.7.0 - [FirebaseCore][I-COR000003] The default Firebase app has not yet been configured. Add `FirebaseApp.configure()` to your application initialization. This can be done in in the App Delegate's application(_:didFinishLaunchingWithOptions:)` (or the `@main` struct's initializer in SwiftUI). Read more: https://firebase.google.com/docs/ios/setup#initialize_firebase_in_your_app
Test Case '-[Yoga_of_EatingTests.MainViewModelValidationTests test_updateReflectJournalText_withValidInput_succeeds]' started.
2026-05-15 06:34:22.048173+0530 Yoga of Eating[16053:128738] [[FirebaseCore]] 12.7.0 - [FirebaseCore][I-COR000003] The default Firebase app has not yet been configured. Add `FirebaseApp.configure()` to your application initialization. This can be done in in the App Delegate's application(_:didFinishLaunchingWithOptions:)` (or the `@main` struct's initializer in SwiftUI). Read more: https://firebase.google.com/docs/ios/setup#initialize_firebase_in_your_app
Test Case '-[Yoga_of_EatingTests.MainViewModelValidationTests test_updateReflectJournalText_withValidInput_succeeds]' passed (0.001 seconds).
2026-05-15 06:34:22.048489+0530 Yoga of Eating[16053:128738] [[FirebaseCore]] 12.7.0 - [FirebaseCore][I-COR000003] The default Firebase app has not yet been configured. Add `FirebaseApp.configure()` to your application initialization. This can be done in in the App Delegate's application(_:didFinishLaunchingWithOptions:)` (or the `@main` struct's initializer in SwiftUI). Read more: https://firebase.google.com/docs/ios/setup#initialize_firebase_in_your_app
Test Case '-[Yoga_of_EatingTests.MainViewModelValidationTests test_userCanClearErrorByDismissingAlert]' started.
2026-05-15 06:34:22.049081+0530 Yoga of Eating[16053:128810] [[FirebaseCore]] 12.7.0 - [FirebaseCore][I-COR000003] The default Firebase app has not yet been configured. Add `FirebaseApp.configure()` to your application initialization. This can be done in in the App Delegate's application(_:didFinishLaunchingWithOptions:)` (or the `@main` struct's initializer in SwiftUI). Read more: https://firebase.google.com/docs/ios/setup#initialize_firebase_in_your_app
2026-05-15 06:34:22.049132+0530 Yoga of Eating[16053:128810] [[FirebaseCore]] 12.7.0 - [FirebaseCore][I-COR000003] The default Firebase app has not yet been configured. Add `FirebaseApp.configure()` to your application initialization. This can be done in in the App Delegate's application(_:didFinishLaunchingWithOptions:)` (or the `@main` struct's initializer in SwiftUI). Read more: https://firebase.google.com/docs/ios/setup#initialize_firebase_in_your_app
Test Case '-[Yoga_of_EatingTests.MainViewModelValidationTests test_userCanClearErrorByDismissingAlert]' passed (0.001 seconds).
Test Case '-[Yoga_of_EatingTests.MainViewModelValidationTests test_validationErrorIsNotAutomaticallyCleared]' started.
2026-05-15 06:34:22.050607+0530 Yoga of Eating[16053:128733] [[FirebaseCore]] 12.7.0 - [FirebaseCore][I-COR000003] The default Firebase app has not yet been configured. Add `FirebaseApp.configure()` to your application initialization. This can be done in in the App Delegate's application(_:didFinishLaunchingWithOptions:)` (or the `@main` struct's initializer in SwiftUI). Read more: https://firebase.google.com/docs/ios/setup#initialize_firebase_in_your_app
2026-05-15 06:34:22.050669+0530 Yoga of Eating[16053:128733] [[FirebaseCore]] 12.7.0 - [FirebaseCore][I-COR000003] The default Firebase app has not yet been configured. Add `FirebaseApp.configure()` to your application initialization. This can be done in in the App Delegate's application(_:didFinishLaunchingWithOptions:)` (or the `@main` struct's initializer in SwiftUI). Read more: https://firebase.google.com/docs/ios/setup#initialize_firebase_in_your_app
Test Case '-[Yoga_of_EatingTests.MainViewModelValidationTests test_validationErrorIsNotAutomaticallyCleared]' passed (0.000 seconds).
Test Suite 'MainViewModelValidationTests' passed at 2026-05-15 06:34:22.051.
	 Executed 17 tests, with 0 failures (0 unexpected) in 0.009 (0.019) seconds
Test Suite 'ManualRestoreTests' started at 2026-05-15 06:34:22.051.
Test Case '-[Yoga_of_EatingTests.ManualRestoreTests test_initialRestoreStatus_isIdle]' started.
Test Case '-[Yoga_of_EatingTests.ManualRestoreTests test_initialRestoreStatus_isIdle]' passed (0.014 seconds).
Test Case '-[Yoga_of_EatingTests.ManualRestoreTests test_performCloudRestore_callsRestoreFromFirebase]' started.
2026-05-15 06:34:22.067880+0530 Yoga of Eating[16053:128707] [Settings.Restore] Manual cloud restore succeeded
Test Case '-[Yoga_of_EatingTests.ManualRestoreTests test_performCloudRestore_callsRestoreFromFirebase]' passed (0.208 seconds).
Test Case '-[Yoga_of_EatingTests.ManualRestoreTests test_performCloudRestore_clearsDeletionFlag_beforeRestore]' started.
2026-05-15 06:34:22.281731+0530 Yoga of Eating[16053:128707] [Settings.Restore] Manual cloud restore succeeded
Test Case '-[Yoga_of_EatingTests.ManualRestoreTests test_performCloudRestore_clearsDeletionFlag_beforeRestore]' passed (0.008 seconds).
Test Case '-[Yoga_of_EatingTests.ManualRestoreTests test_performCloudRestore_onFailure_statusEventuallyReturnsToIdle]' started.
2026-05-15 06:34:22.291711+0530 Yoga of Eating[16053:128707] [Settings.Restore] Manual cloud restore failed: Please sign in to continue.
Test Case '-[Yoga_of_EatingTests.ManualRestoreTests test_performCloudRestore_onFailure_statusEventuallyReturnsToIdle]' passed (3.224 seconds).
Test Case '-[Yoga_of_EatingTests.ManualRestoreTests test_performCloudRestore_onSuccess_statusEventuallyReturnsToIdle]' started.
2026-05-15 06:34:25.516282+0530 Yoga of Eating[16053:128707] [Settings.Restore] Manual cloud restore succeeded
Test Case '-[Yoga_of_EatingTests.ManualRestoreTests test_performCloudRestore_onSuccess_statusEventuallyReturnsToIdle]' passed (2.231 seconds).
Test Case '-[Yoga_of_EatingTests.ManualRestoreTests test_performCloudRestore_whenFlagNotSet_doesNotSetIt]' started.
2026-05-15 06:34:27.748899+0530 Yoga of Eating[16053:128707] [Settings.Restore] Manual cloud restore succeeded
Test Case '-[Yoga_of_EatingTests.ManualRestoreTests test_performCloudRestore_whenFlagNotSet_doesNotSetIt]' passed (0.011 seconds).
Test Case '-[Yoga_of_EatingTests.ManualRestoreTests test_restoreStatusText_error_matchesStrings]' started.
Test Case '-[Yoga_of_EatingTests.ManualRestoreTests test_restoreStatusText_error_matchesStrings]' passed (0.005 seconds).
Test Case '-[Yoga_of_EatingTests.ManualRestoreTests test_restoreStatusText_idle_matchesStrings]' started.
Test Case '-[Yoga_of_EatingTests.ManualRestoreTests test_restoreStatusText_idle_matchesStrings]' passed (0.004 seconds).
Test Case '-[Yoga_of_EatingTests.ManualRestoreTests test_restoreStatusText_restoring_matchesStrings]' started.
Test Case '-[Yoga_of_EatingTests.ManualRestoreTests test_restoreStatusText_restoring_matchesStrings]' passed (0.003 seconds).
Test Case '-[Yoga_of_EatingTests.ManualRestoreTests test_restoreStatusText_success_matchesStrings]' started.
Test Case '-[Yoga_of_EatingTests.ManualRestoreTests test_restoreStatusText_success_matchesStrings]' passed (0.002 seconds).
Test Suite 'ManualRestoreTests' passed at 2026-05-15 06:34:27.766.
	 Executed 10 tests, with 0 failures (0 unexpected) in 5.710 (5.715) seconds
Test Suite 'MealActionButtonVisibilityTests' started at 2026-05-15 06:34:27.766.
Test Case '-[Yoga_of_EatingTests.MealActionButtonVisibilityTests test_doneButton_hiddenWhenFocusedButNoContent]' started.
Test Case '-[Yoga_of_EatingTests.MealActionButtonVisibilityTests test_doneButton_hiddenWhenFocusedButNoContent]' passed (0.001 seconds).
Test Case '-[Yoga_of_EatingTests.MealActionButtonVisibilityTests test_doneButton_hiddenWhenNotFocused]' started.
Test Case '-[Yoga_of_EatingTests.MealActionButtonVisibilityTests test_doneButton_hiddenWhenNotFocused]' passed (0.001 seconds).
Test Case '-[Yoga_of_EatingTests.MealActionButtonVisibilityTests test_doneButton_visibleWhenFocused]' started.
Test Case '-[Yoga_of_EatingTests.MealActionButtonVisibilityTests test_doneButton_visibleWhenFocused]' passed (0.001 seconds).
Test Case '-[Yoga_of_EatingTests.MealActionButtonVisibilityTests test_emptyTextField_noDoneButton]' started.
Test Case '-[Yoga_of_EatingTests.MealActionButtonVisibilityTests test_emptyTextField_noDoneButton]' passed (0.001 seconds).
Test Case '-[Yoga_of_EatingTests.MealActionButtonVisibilityTests test_emptyTextField_stillShowRecentMeals]' started.
Test Case '-[Yoga_of_EatingTests.MealActionButtonVisibilityTests test_emptyTextField_stillShowRecentMeals]' passed (0.001 seconds).
Test Case '-[Yoga_of_EatingTests.MealActionButtonVisibilityTests test_focusGain_hideRecentMealsShowDone]' started.
Test Case '-[Yoga_of_EatingTests.MealActionButtonVisibilityTests test_focusGain_hideRecentMealsShowDone]' passed (0.001 seconds).
Test Case '-[Yoga_of_EatingTests.MealActionButtonVisibilityTests test_focusLoss_hideDoneShowRecentMeals]' started.
Test Case '-[Yoga_of_EatingTests.MealActionButtonVisibilityTests test_focusLoss_hideDoneShowRecentMeals]' passed (0.000 seconds).
Test Case '-[Yoga_of_EatingTests.MealActionButtonVisibilityTests test_neverShowMoreThanTwoButtonsSimultaneously]' started.
Test Case '-[Yoga_of_EatingTests.MealActionButtonVisibilityTests test_neverShowMoreThanTwoButtonsSimultaneously]' passed (0.001 seconds).
Test Case '-[Yoga_of_EatingTests.MealActionButtonVisibilityTests test_recentMealsButton_hiddenWhenFocused]' started.
Test Case '-[Yoga_of_EatingTests.MealActionButtonVisibilityTests test_recentMealsButton_hiddenWhenFocused]' passed (0.001 seconds).
Test Case '-[Yoga_of_EatingTests.MealActionButtonVisibilityTests test_recentMealsButton_visibleWhenNotFocusedAndHasRecents]' started.
Test Case '-[Yoga_of_EatingTests.MealActionButtonVisibilityTests test_recentMealsButton_visibleWhenNotFocusedAndHasRecents]' passed (0.001 seconds).
Test Case '-[Yoga_of_EatingTests.MealActionButtonVisibilityTests test_recentMealsButton_visibleWhenNotFocusedAndNoRecents]' started.
Test Case '-[Yoga_of_EatingTests.MealActionButtonVisibilityTests test_recentMealsButton_visibleWhenNotFocusedAndNoRecents]' passed (0.001 seconds).
Test Case '-[Yoga_of_EatingTests.MealActionButtonVisibilityTests test_timestampButton_alwaysVisible]' started.
Test Case '-[Yoga_of_EatingTests.MealActionButtonVisibilityTests test_timestampButton_alwaysVisible]' passed (0.000 seconds).
Test Suite 'MealActionButtonVisibilityTests' passed at 2026-05-15 06:34:27.777.
	 Executed 12 tests, with 0 failures (0 unexpected) in 0.007 (0.010) seconds
Test Suite 'MealCardVisualFeedbackTests' started at 2026-05-15 06:34:27.777.
Test Case '-[Yoga_of_EatingTests.MealCardVisualFeedbackTests test_feedback_perfectScore_hasGreenTint]' started.
Test Case '-[Yoga_of_EatingTests.MealCardVisualFeedbackTests test_feedback_perfectScore_hasGreenTint]' passed (0.005 seconds).
Test Case '-[Yoga_of_EatingTests.MealCardVisualFeedbackTests test_feedback_zeroScore_hasOrangeTint]' started.
Test Case '-[Yoga_of_EatingTests.MealCardVisualFeedbackTests test_feedback_zeroScore_hasOrangeTint]' passed (0.000 seconds).
Test Case '-[Yoga_of_EatingTests.MealCardVisualFeedbackTests test_mealCard_accentBarCornerRadius_isPositive]' started.
Test Case '-[Yoga_of_EatingTests.MealCardVisualFeedbackTests test_mealCard_accentBarCornerRadius_isPositive]' passed (0.000 seconds).
Test Case '-[Yoga_of_EatingTests.MealCardVisualFeedbackTests test_mealCard_accentBarWidth_matchesTheme]' started.
Test Case '-[Yoga_of_EatingTests.MealCardVisualFeedbackTests test_mealCard_accentBarWidth_matchesTheme]' passed (0.000 seconds).
Test Case '-[Yoga_of_EatingTests.MealCardVisualFeedbackTests test_mealCardBackground_accentBarUsesDisplayColor_breakfast]' started.
Test Case '-[Yoga_of_EatingTests.MealCardVisualFeedbackTests test_mealCardBackground_accentBarUsesDisplayColor_breakfast]' passed (0.001 seconds).
Test Case '-[Yoga_of_EatingTests.MealCardVisualFeedbackTests test_mealCardBackground_accentBarUsesDisplayColor_dinner]' started.
Test Case '-[Yoga_of_EatingTests.MealCardVisualFeedbackTests test_mealCardBackground_accentBarUsesDisplayColor_dinner]' passed (0.000 seconds).
Test Case '-[Yoga_of_EatingTests.MealCardVisualFeedbackTests test_mealCardBackground_accentBarUsesDisplayColor_drinks]' started.
Test Case '-[Yoga_of_EatingTests.MealCardVisualFeedbackTests test_mealCardBackground_accentBarUsesDisplayColor_drinks]' passed (0.000 seconds).
Test Case '-[Yoga_of_EatingTests.MealCardVisualFeedbackTests test_mealCardBackground_accentBarUsesDisplayColor_lunch]' started.
Test Case '-[Yoga_of_EatingTests.MealCardVisualFeedbackTests test_mealCardBackground_accentBarUsesDisplayColor_lunch]' passed (0.000 seconds).
Test Case '-[Yoga_of_EatingTests.MealCardVisualFeedbackTests test_mealCardBackground_accentBarUsesDisplayColor_snacks]' started.
Test Case '-[Yoga_of_EatingTests.MealCardVisualFeedbackTests test_mealCardBackground_accentBarUsesDisplayColor_snacks]' passed (0.000 seconds).
Test Case '-[Yoga_of_EatingTests.MealCardVisualFeedbackTests test_mealCardBackground_cardFillColor_isSemanticBackground]' started.
Test Case '-[Yoga_of_EatingTests.MealCardVisualFeedbackTests test_mealCardBackground_cardFillColor_isSemanticBackground]' passed (0.008 seconds).
Test Case '-[Yoga_of_EatingTests.MealCardVisualFeedbackTests test_readOnlyMealCard_fillColor_isSemanticBackground]' started.
Test Case '-[Yoga_of_EatingTests.MealCardVisualFeedbackTests test_readOnlyMealCard_fillColor_isSemanticBackground]' passed (0.000 seconds).
Test Case '-[Yoga_of_EatingTests.MealCardVisualFeedbackTests test_tintColor_highScore_returnsPositive]' started.
Test Case '-[Yoga_of_EatingTests.MealCardVisualFeedbackTests test_tintColor_highScore_returnsPositive]' passed (0.001 seconds).
Test Case '-[Yoga_of_EatingTests.MealCardVisualFeedbackTests test_tintColor_lowScore_returnsWarning]' started.
Test Case '-[Yoga_of_EatingTests.MealCardVisualFeedbackTests test_tintColor_lowScore_returnsWarning]' passed (0.000 seconds).
Test Case '-[Yoga_of_EatingTests.MealCardVisualFeedbackTests test_tintColor_mediumScore_returnsClear]' started.
Test Case '-[Yoga_of_EatingTests.MealCardVisualFeedbackTests test_tintColor_mediumScore_returnsClear]' passed (0.000 seconds).
Test Case '-[Yoga_of_EatingTests.MealCardVisualFeedbackTests test_tintOpacity_highScore_returnsGreenTint]' started.
Test Case '-[Yoga_of_EatingTests.MealCardVisualFeedbackTests test_tintOpacity_highScore_returnsGreenTint]' passed (0.000 seconds).
Test Case '-[Yoga_of_EatingTests.MealCardVisualFeedbackTests test_tintOpacity_lowScore_returnsOrangeTint]' started.
Test Case '-[Yoga_of_EatingTests.MealCardVisualFeedbackTests test_tintOpacity_lowScore_returnsOrangeTint]' passed (0.000 seconds).
Test Case '-[Yoga_of_EatingTests.MealCardVisualFeedbackTests test_tintOpacity_mediumScore_returnsNoTint]' started.
Test Case '-[Yoga_of_EatingTests.MealCardVisualFeedbackTests test_tintOpacity_mediumScore_returnsNoTint]' passed (0.000 seconds).
Test Suite 'MealCardVisualFeedbackTests' passed at 2026-05-15 06:34:27.802.
	 Executed 17 tests, with 0 failures (0 unexpected) in 0.020 (0.025) seconds
Test Suite 'MealEntryUXTests' started at 2026-05-15 06:34:27.802.
Test Case '-[Yoga_of_EatingTests.MealEntryUXTests test_focusLoss_isNoOp_compilationProof]' started.
Test Case '-[Yoga_of_EatingTests.MealEntryUXTests test_focusLoss_isNoOp_compilationProof]' passed (0.000 seconds).
Test Case '-[Yoga_of_EatingTests.MealEntryUXTests test_handleSubmit_withEmptyRawText_doesNotCallOnUpdate]' started.
Test Case '-[Yoga_of_EatingTests.MealEntryUXTests test_handleSubmit_withEmptyRawText_doesNotCallOnUpdate]' passed (0.001 seconds).
Test Case '-[Yoga_of_EatingTests.MealEntryUXTests test_parseItems_multiline_returnsEachLineAsItem]' started.
Test Case '-[Yoga_of_EatingTests.MealEntryUXTests test_parseItems_multiline_returnsEachLineAsItem]' passed (0.001 seconds).
Test Case '-[Yoga_of_EatingTests.MealEntryUXTests test_parseItems_withBlankLines_filtersEmpty]' started.
Test Case '-[Yoga_of_EatingTests.MealEntryUXTests test_parseItems_withBlankLines_filtersEmpty]' passed (0.000 seconds).
Test Case '-[Yoga_of_EatingTests.MealEntryUXTests test_parseItems_withWhitespaceOnly_returnsEmpty]' started.
Test Case '-[Yoga_of_EatingTests.MealEntryUXTests test_parseItems_withWhitespaceOnly_returnsEmpty]' passed (0.000 seconds).
Test Case '-[Yoga_of_EatingTests.MealEntryUXTests test_recentMealSelection_doesNotCallOnUpdate]' started.
Test Case '-[Yoga_of_EatingTests.MealEntryUXTests test_recentMealSelection_doesNotCallOnUpdate]' passed (0.000 seconds).
Test Suite 'MealEntryUXTests' passed at 2026-05-15 06:34:27.806.
	 Executed 6 tests, with 0 failures (0 unexpected) in 0.003 (0.004) seconds
Test Suite 'MealEstimatedCaloriesTests' started at 2026-05-15 06:34:27.806.
Test Case '-[Yoga_of_EatingTests.MealEstimatedCaloriesTests test_meal_codable_estimatedCalories_decodesFromLegacyJSON_returnsNil]' started.
Test Case '-[Yoga_of_EatingTests.MealEstimatedCaloriesTests test_meal_codable_estimatedCalories_decodesFromLegacyJSON_returnsNil]' passed (0.002 seconds).
Test Case '-[Yoga_of_EatingTests.MealEstimatedCaloriesTests test_meal_codable_estimatedCalories_roundTrips]' started.
Test Case '-[Yoga_of_EatingTests.MealEstimatedCaloriesTests test_meal_codable_estimatedCalories_roundTrips]' passed (0.000 seconds).
Test Case '-[Yoga_of_EatingTests.MealEstimatedCaloriesTests test_meal_estimatedCalories_canBeSetViaInit]' started.
Test Case '-[Yoga_of_EatingTests.MealEstimatedCaloriesTests test_meal_estimatedCalories_canBeSetViaInit]' passed (0.000 seconds).
Test Case '-[Yoga_of_EatingTests.MealEstimatedCaloriesTests test_meal_estimatedCalories_defaultsToNil]' started.
Test Case '-[Yoga_of_EatingTests.MealEstimatedCaloriesTests test_meal_estimatedCalories_defaultsToNil]' passed (0.000 seconds).
Test Suite 'MealEstimatedCaloriesTests' passed at 2026-05-15 06:34:27.814.
	 Executed 4 tests, with 0 failures (0 unexpected) in 0.003 (0.007) seconds
Test Suite 'MealLogicTests' started at 2026-05-15 06:34:27.814.
Test Case '-[Yoga_of_EatingTests.MealLogicTests test_calculateNextState_healthyScore_shrinksScale]' started.
Test Case '-[Yoga_of_EatingTests.MealLogicTests test_calculateNextState_healthyScore_shrinksScale]' passed (0.000 seconds).
Test Case '-[Yoga_of_EatingTests.MealLogicTests test_calculateNextState_neutralScore_driftsToward1]' started.
Test Case '-[Yoga_of_EatingTests.MealLogicTests test_calculateNextState_neutralScore_driftsToward1]' passed (0.000 seconds).
Test Case '-[Yoga_of_EatingTests.MealLogicTests test_calculateNextState_unhealthyScore_growsScale]' started.
Test Case '-[Yoga_of_EatingTests.MealLogicTests test_calculateNextState_unhealthyScore_growsScale]' passed (0.000 seconds).
Test Case '-[Yoga_of_EatingTests.MealLogicTests test_healthScore_forAverageFood_isNeutral]' started.
Test Case '-[Yoga_of_EatingTests.MealLogicTests test_healthScore_forAverageFood_isNeutral]' passed (0.000 seconds).
Test Case '-[Yoga_of_EatingTests.MealLogicTests test_healthScore_forHealthyFood_isHigh]' started.
Test Case '-[Yoga_of_EatingTests.MealLogicTests test_healthScore_forHealthyFood_isHigh]' passed (0.000 seconds).
Test Case '-[Yoga_of_EatingTests.MealLogicTests test_healthScore_forUnhealthyFood_isLow]' started.
Test Case '-[Yoga_of_EatingTests.MealLogicTests test_healthScore_forUnhealthyFood_isLow]' passed (0.000 seconds).
Test Case '-[Yoga_of_EatingTests.MealLogicTests test_multiItem_healthScore_forAllHealthy_isHigh]' started.
Test Case '-[Yoga_of_EatingTests.MealLogicTests test_multiItem_healthScore_forAllHealthy_isHigh]' passed (0.000 seconds).
Test Case '-[Yoga_of_EatingTests.MealLogicTests test_multiItem_healthScore_forEmptyList_isNeutral]' started.
Test Case '-[Yoga_of_EatingTests.MealLogicTests test_multiItem_healthScore_forEmptyList_isNeutral]' passed (0.000 seconds).
Test Case '-[Yoga_of_EatingTests.MealLogicTests test_multiItem_healthScore_isAggregate]' started.
Test Case '-[Yoga_of_EatingTests.MealLogicTests test_multiItem_healthScore_isAggregate]' passed (0.000 seconds).
Test Case '-[Yoga_of_EatingTests.MealLogicTests test_smileyMood_isNeutral_forAverageFood]' started.
Test Case '-[Yoga_of_EatingTests.MealLogicTests test_smileyMood_isNeutral_forAverageFood]' passed (0.000 seconds).
Test Case '-[Yoga_of_EatingTests.MealLogicTests test_smileyScale_bloats_whenHealthScoreIsLow]' started.
Test Case '-[Yoga_of_EatingTests.MealLogicTests test_smileyScale_bloats_whenHealthScoreIsLow]' passed (0.001 seconds).
Test Case '-[Yoga_of_EatingTests.MealLogicTests test_smileyScale_shrinks_whenHealthScoreIsHigh]' started.
Test Case '-[Yoga_of_EatingTests.MealLogicTests test_smileyScale_shrinks_whenHealthScoreIsHigh]' passed (0.000 seconds).
Test Suite 'MealLogicTests' passed at 2026-05-15 06:34:27.822.
	 Executed 12 tests, with 0 failures (0 unexpected) in 0.005 (0.008) seconds
Test Suite 'MealScoreBadgeTests' started at 2026-05-15 06:34:27.822.
Test Case '-[Yoga_of_EatingTests.MealScoreBadgeTests test_badgeColor_betweenHealthyAndExcellent]' started.
Test Case '-[Yoga_of_EatingTests.MealScoreBadgeTests test_badgeColor_betweenHealthyAndExcellent]' passed (0.001 seconds).
Test Case '-[Yoga_of_EatingTests.MealScoreBadgeTests test_badgeColor_exceeds75]' started.
Test Case '-[Yoga_of_EatingTests.MealScoreBadgeTests test_badgeColor_exceeds75]' passed (0.000 seconds).
Test Case '-[Yoga_of_EatingTests.MealScoreBadgeTests test_badgeColor_low]' started.
Test Case '-[Yoga_of_EatingTests.MealScoreBadgeTests test_badgeColor_low]' passed (0.000 seconds).
Test Case '-[Yoga_of_EatingTests.MealScoreBadgeTests test_badgeColor_moderate]' started.
Test Case '-[Yoga_of_EatingTests.MealScoreBadgeTests test_badgeColor_moderate]' passed (0.000 seconds).
Test Case '-[Yoga_of_EatingTests.MealScoreBadgeTests test_badgeColor_nilScore]' started.
Test Case '-[Yoga_of_EatingTests.MealScoreBadgeTests test_badgeColor_nilScore]' passed (0.000 seconds).
Test Case '-[Yoga_of_EatingTests.MealScoreBadgeTests test_badgeVisible_scoreBoundaryAt0_35]' started.
Test Case '-[Yoga_of_EatingTests.MealScoreBadgeTests test_badgeVisible_scoreBoundaryAt0_35]' passed (0.000 seconds).
Test Case '-[Yoga_of_EatingTests.MealScoreBadgeTests test_badgeVisible_scoreBoundaryAt0_55]' started.
Test Case '-[Yoga_of_EatingTests.MealScoreBadgeTests test_badgeVisible_scoreBoundaryAt0_55]' passed (0.000 seconds).
Test Case '-[Yoga_of_EatingTests.MealScoreBadgeTests test_formattedScore_100Percent]' started.
Test Case '-[Yoga_of_EatingTests.MealScoreBadgeTests test_formattedScore_100Percent]' passed (0.000 seconds).
Test Case '-[Yoga_of_EatingTests.MealScoreBadgeTests test_formattedScore_75Percent]' started.
Test Case '-[Yoga_of_EatingTests.MealScoreBadgeTests test_formattedScore_75Percent]' passed (0.000 seconds).
Test Case '-[Yoga_of_EatingTests.MealScoreBadgeTests test_formattedScore_returnsEmptyForNil]' started.
Test Case '-[Yoga_of_EatingTests.MealScoreBadgeTests test_formattedScore_returnsEmptyForNil]' passed (0.000 seconds).
Test Case '-[Yoga_of_EatingTests.MealScoreBadgeTests test_formattedScore_returnsEmptyForZeroScore]' started.
Test Case '-[Yoga_of_EatingTests.MealScoreBadgeTests test_formattedScore_returnsEmptyForZeroScore]' passed (0.003 seconds).
Test Case '-[Yoga_of_EatingTests.MealScoreBadgeTests test_formattedScore_roundsDown]' started.
Test Case '-[Yoga_of_EatingTests.MealScoreBadgeTests test_formattedScore_roundsDown]' passed (0.000 seconds).
Test Case '-[Yoga_of_EatingTests.MealScoreBadgeTests test_formattedScore_singleDigit]' started.
Test Case '-[Yoga_of_EatingTests.MealScoreBadgeTests test_formattedScore_singleDigit]' passed (0.000 seconds).
Test Case '-[Yoga_of_EatingTests.MealScoreBadgeTests test_regression_stubScore_wouldDisplayIfPassedDirectly]' started.
Test Case '-[Yoga_of_EatingTests.MealScoreBadgeTests test_regression_stubScore_wouldDisplayIfPassedDirectly]' passed (0.000 seconds).
Test Case '-[Yoga_of_EatingTests.MealScoreBadgeTests test_regression_unanalyzedMeal_badgeHiddenWhenNilPassed]' started.
Test Case '-[Yoga_of_EatingTests.MealScoreBadgeTests test_regression_unanalyzedMeal_badgeHiddenWhenNilPassed]' passed (0.000 seconds).
Test Case '-[Yoga_of_EatingTests.MealScoreBadgeTests test_shouldDisplay_falseWhenScoreIsNil]' started.
Test Case '-[Yoga_of_EatingTests.MealScoreBadgeTests test_shouldDisplay_falseWhenScoreIsNil]' passed (0.000 seconds).
Test Case '-[Yoga_of_EatingTests.MealScoreBadgeTests test_shouldDisplay_falseWhenScoreIsZero]' started.
Test Case '-[Yoga_of_EatingTests.MealScoreBadgeTests test_shouldDisplay_falseWhenScoreIsZero]' passed (0.000 seconds).
Test Case '-[Yoga_of_EatingTests.MealScoreBadgeTests test_shouldDisplay_trueForHighAIScore]' started.
Test Case '-[Yoga_of_EatingTests.MealScoreBadgeTests test_shouldDisplay_trueForHighAIScore]' passed (0.002 seconds).
Test Case '-[Yoga_of_EatingTests.MealScoreBadgeTests test_shouldDisplay_trueForLowAIScore]' started.
Test Case '-[Yoga_of_EatingTests.MealScoreBadgeTests test_shouldDisplay_trueForLowAIScore]' passed (0.000 seconds).
Test Case '-[Yoga_of_EatingTests.MealScoreBadgeTests test_shouldDisplay_trueWhenScoreIsPositive]' started.
Test Case '-[Yoga_of_EatingTests.MealScoreBadgeTests test_shouldDisplay_trueWhenScoreIsPositive]' passed (0.000 seconds).
Test Suite 'MealScoreBadgeTests' passed at 2026-05-15 06:34:27.840.
	 Executed 20 tests, with 0 failures (0 unexpected) in 0.012 (0.018) seconds
Test Suite 'MealSubmissionViewModelTests' started at 2026-05-15 06:34:27.840.
Test Case '-[Yoga_of_EatingTests.MealSubmissionViewModelTests test_concurrentUpdateMealCalls_triggersAIExactlyOnce]' started.
2026-05-15 06:34:27.841040+0530 Yoga of Eating[16053:128731] [[FirebaseCore]] 12.7.0 - [Firebase2026-05-15 06:34:27.843473+0530 Yoga of Eating[16053:128707] [AIAnalysisCoordinator] AI analysis failed (meal redacted for privacy)
Core][I-COR000003] The default Firebase app has not yet been configured. Add `FirebaseApp.configure()` to your application initialization. This can be done in in the App Delegate's application(_:didFinishLaunchingWithOptions:)` (or the `@main` struct's initializer in SwiftUI). Read more: https://firebase.google.com/docs/ios/setup#initialize_firebase_in_your_app
Test Case '-[Yoga_of_EatingTests.MealSubmissionViewModelTests test_concurrentUpdateMealCalls_triggersAIExactlyOnce]' passed (0.209 seconds).
Test Case '-[Yoga_of_EatingTests.MealSubmissionViewModelTests test_updateMeal_existingMeal_replacesItemsNotMerges]' started.
2026-05-15 06:34:28.051350+0530 Yoga of Eating[16053:128731] [[FirebaseCore]] 12.7.0 - [FirebaseCore][I-COR000003] The default Firebase app has not yet been configured. Add `FirebaseApp.configure()` to your application initialization. This can be done in in the App Delegate's application(_:didFinishLaunchingWithOptions:)` (or the `@main` struct's initializer in SwiftUI). Read more: https://firebase.google.com/docs/ios/setup#initialize_firebase_in_your_app
Test Case '-[Yoga_of_EatingTests.MealSubmissionViewModelTests test_updateMeal_existingMeal_replacesItemsNotMerges]' passed (0.003 seconds).
Test Case '-[Yoga_of_EatingTests.MealSubmissionViewModelTests test_updateMeal_itemExceeding500Chars_setsValidationError]' started.
2026-05-15 06:34:28.053653+0530 Yoga of Eating[16053:128733] [[FirebaseCore]] 12.7.0 - [FirebaseCore][I-COR000003] The default Firebase app has not yet been configured. Add `FirebaseApp.configure()` to your application initialization. This can be done in in the App Delegate's application(_:didFinishLaunchingWithOptions:)` (or the `@main` struct's initializer in SwiftUI). Read more: https://firebase.google.com/docs/ios/setup#initialize_firebase_in_your_app
Test Case '-[Yoga_of_EatingTests.MealSubmissionViewModelTests test_updateMeal_itemExceeding500Chars_setsValidationError]' passed (0.002 seconds).
Test Case '-[Yoga_of_EatingTests.MealSubmissionViewModelTests test_updateMeal_storesOnlySanitizedItems]' started.
2026-05-15 06:34:28.055680+0530 Yoga of Eating[16053:128807] [[FirebaseCore]] 12.7.0 - [FirebaseCore][I-COR000003] The default Firebase app has not yet been configured. Add `FirebaseApp.configure()` to your application initialization. This can be done in in the App Delegate's application(_:didFinishLaunchingWithOptions:)` (or the `@main` struct's initializer in SwiftUI). Read more: https://firebase.google.com/docs/ios/setup#initialize_firebase_in_your_app
Test Case '-[Yoga_of_EatingTests.MealSubmissionViewModelTests test_updateMeal_storesOnlySanitizedItems]' passed (0.002 seconds).
Test Case '-[Yoga_of_EatingTests.MealSubmissionViewModelTests test_updateMeal_withComparisonOperators_isAccepted]' started.
2026-05-15 06:34:28.058074+0530 Yoga of Eating[16053:128733] [[FirebaseCore]] 12.7.0 - [FirebaseCore][I-COR000003] The default Firebase app has not yet been configured. Add `FirebaseApp.configure()` to your application initialization. This can be done in in the App Delegate's application(_:didFinishLaunchingWithOptions:)` (or the `@main` struct's initializer in SwiftUI). Read more: https://firebase.google.com/docs/ios/setup#initialize_firebase_in_your_app
Test Case '-[Yoga_of_EatingTests.MealSubmissionViewModelTests test_updateMeal_withComparisonOperators_isAccepted]' passed (0.002 seconds).
Test Case '-[Yoga_of_EatingTests.MealSubmissionViewModelTests test_updateMeal_withEmptyItems_onMealWithContent_doesNotOverwriteItems]' started.
2026-05-15 06:34:28.060096+0530 Yoga of Eating[16053:128731] [[FirebaseCore]] 12.7.0 - [FirebaseCore][I-COR000003] The default Firebase app has not yet been configured. Add `FirebaseApp.configure()` to your application initialization. This can be done in in the App Delegate's application(_:didFinishLaunchingWithOptions:)` (or the `@main` struct's initializer in SwiftUI). Read more: https://firebase.google.com/docs/ios/setup#initialize_firebase_in_your_app
Test Case '-[Yoga_of_EatingTests.MealSubmissionViewModelTests test_updateMeal_withEmptyItems_onMealWithContent_doesNotOverwriteItems]' passed (0.002 seconds).
Test Case '-[Yoga_of_EatingTests.MealSubmissionViewModelTests test_updateMeal_withInvalidDescription_setsValidationError]' started.
2026-05-15 06:34:28.061719+0530 Yoga of Eating[16053:128807] [[FirebaseCore]] 12.7.0 - [FirebaseCore][I-COR000003] The default Firebase app has not yet been configured. Add `FirebaseApp.configure()` to your application initialization. This can be done in in the App Delegate's application(_:didFinishLaunchingWithOptions:)` (or the `@main` struct's initializer in SwiftUI). Read more: https://firebase.google.com/docs/ios/setup#initialize_firebase_in_your_app
Test Case '-[Yoga_of_EatingTests.MealSubmissionViewModelTests test_updateMeal_withInvalidDescription_setsValidationError]' passed (0.001 seconds).
Test Case '-[Yoga_of_EatingTests.MealSubmissionViewModelTests test_updateMeal_withValidDescription_callsAI]' started.
2026-05-15 06:34:28.063107+0530 Yoga of Eating[16053:128733] [[FirebaseCore]] 12.7.0 - [FirebaseCore][I-COR000003] The default Firebase app has not yet been configured. Add `FirebaseApp.configure()` to your application initialization. This can be done in in the App Delegate's application(_:didFinishLaunchingWithOptions:)` (or the `@main` struct's initializer in SwiftUI). Read more: https://firebase.google.com/docs/ios/setup#initialize_firebase_in_your_app
Test Case '-[Yoga_of_EatingTests.MealSubmissionViewModelTests test_updateMeal_withValidDescription_callsAI]' passed (0.205 seconds).
Test Case '-[Yoga_of_EatingTests.MealSubmissionViewModelTests test_updateMeal_withValidDescription_savesData]' started.
2026-05-15 06:34:28.269824+0530 Yoga of Eating[16053:128731] [[FirebaseCore]] 12.7.0 - [FirebaseCore][I-COR000003] The default Firebase app has not yet been configured. Add `FirebaseApp.configure()` to your application initialization. This can be done in in the App Delegate's application(_:didFinishLaunchingWithOptions:)` (or the `@main` struct's initializer in SwiftUI). Read more: https://firebase.google.com/docs/ios/setup#initialize_firebase_in_your_app
Test Case '-[Yoga_of_EatingTests.MealSubmissionViewModelTests test_updateMeal_withValidDescription_savesData]' passed (0.003 seconds).
Test Case '-[Yoga_of_EatingTests.MealSubmissionViewModelTests test_updateMeal_withWhitespaceOnlyItems_isNoOp]' started.
2026-05-15 06:34:28.272513+0530 Yoga of Eating[16053:128809] [[FirebaseCore]] 12.7.0 - [FirebaseCore][I-COR000003] The default Firebase app has not yet been configured. Add `FirebaseApp.configure()` to your application initialization. This can be done in in the App Delegate's application(_:didFinishLaunchingWithOptions:)` (or the `@main` struct's initializer in SwiftUI). Read more: https://firebase.google.com/docs/ios/setup#initialize_firebase_in_your_app
Test Case '-[Yoga_of_EatingTests.MealSubmissionViewModelTests test_updateMeal_withWhitespaceOnlyItems_isNoOp]' passed (0.002 seconds).
Test Case '-[Yoga_of_EatingTests.MealSubmissionViewModelTests test_updateMeal_withXSSPayload_doesNotPersistAndSetsAlert]' started.
2026-05-15 06:34:28.274686+0530 Yoga of Eating[16053:128807] [[FirebaseCore]] 12.7.0 - [FirebaseCore][I-COR000003] The default Firebase app has not yet been configured. Add `FirebaseApp.configure()` to your application initialization. This can be done in in the App Delegate's application(_:didFinishLaunchingWithOptions:)` (or the `@main` struct's initializer in SwiftUI). Read more: https://firebase.google.com/docs/ios/setup#initialize_firebase_in_your_app
Test Case '-[Yoga_of_EatingTests.MealSubmissionViewModelTests test_updateMeal_withXSSPayload_doesNotPersistAndSetsAlert]' passed (0.002 seconds).
Test Case '-[Yoga_of_EatingTests.MealSubmissionViewModelTests test_updateMealItems_withSuspiciousContent_doesNotPersist]' started.
2026-05-15 06:34:28.276728+0530 Yoga of Eating[16053:128807] [[FirebaseCore]] 12.7.0 - [FirebaseCore][I-COR000003] The default Firebase app has not yet been configured. Add `FirebaseApp.configure()` to your application initialization. This can be done in in the App Delegate's application(_:didFinishLaunchingWithOptions:)` (or the `@main` struct's initializer in SwiftUI). Read more: https://firebase.google.com/docs/ios/setup#initialize_firebase_in_your_app
Test Case '-[Yoga_of_EatingTests.MealSubmissionViewModelTests test_updateMealItems_withSuspiciousContent_doesNotPersist]' passed (0.002 seconds).
Test Suite 'MealSubmissionViewModelTests' passed at 2026-05-15 06:34:28.278.
	 Executed 12 tests, with 0 failures (0 unexpected) in 0.432 (0.438) seconds
Test Suite 'MealTests' started at 2026-05-15 06:34:28.278.
Test Case '-[Yoga_of_EatingTests.MealTests test_meal_aiInsight_canBeSet]' started.
Test Case '-[Yoga_of_EatingTests.MealTests test_meal_aiInsight_canBeSet]' passed (0.001 seconds).
Test Case '-[Yoga_of_EatingTests.MealTests test_meal_aiInsight_defaultsToNil]' started.
Test Case '-[Yoga_of_EatingTests.MealTests test_meal_aiInsight_defaultsToNil]' passed (0.001 seconds).
Test Case '-[Yoga_of_EatingTests.MealTests test_meal_aiInsight_nilPreserved_afterSerialization]' started.
Test Case '-[Yoga_of_EatingTests.MealTests test_meal_aiInsight_nilPreserved_afterSerialization]' passed (0.001 seconds).
Test Case '-[Yoga_of_EatingTests.MealTests test_meal_aiInsight_serialization_roundtrip]' started.
Test Case '-[Yoga_of_EatingTests.MealTests test_meal_aiInsight_serialization_roundtrip]' passed (0.001 seconds).
Test Case '-[Yoga_of_EatingTests.MealTests test_meal_description_backward_compatibility]' started.
Test Case '-[Yoga_of_EatingTests.MealTests test_meal_description_backward_compatibility]' passed (0.001 seconds).
Test Case '-[Yoga_of_EatingTests.MealTests test_meal_hasAIInsight_computed]' started.
Test Case '-[Yoga_of_EatingTests.MealTests test_meal_hasAIInsight_computed]' passed (0.001 seconds).
Test Case '-[Yoga_of_EatingTests.MealTests test_meal_init_defaults]' started.
Test Case '-[Yoga_of_EatingTests.MealTests test_meal_init_defaults]' passed (0.001 seconds).
Test Case '-[Yoga_of_EatingTests.MealTests test_meal_legacyInit_defaults]' started.
Test Case '-[Yoga_of_EatingTests.MealTests test_meal_legacyInit_defaults]' passed (0.000 seconds).
Test Case '-[Yoga_of_EatingTests.MealTests test_meal_suggestedMealType_breakfast]' started.
Test Case '-[Yoga_of_EatingTests.MealTests test_meal_suggestedMealType_breakfast]' passed (0.000 seconds).
Test Case '-[Yoga_of_EatingTests.MealTests test_meal_suggestedMealType_dinner]' started.
Test Case '-[Yoga_of_EatingTests.MealTests test_meal_suggestedMealType_dinner]' passed (0.000 seconds).
Test Case '-[Yoga_of_EatingTests.MealTests test_meal_suggestedMealType_lunch]' started.
Test Case '-[Yoga_of_EatingTests.MealTests test_meal_suggestedMealType_lunch]' passed (0.001 seconds).
Test Case '-[Yoga_of_EatingTests.MealTests test_meal_suggestedMealType_snacks]' started.
Test Case '-[Yoga_of_EatingTests.MealTests test_meal_suggestedMealType_snacks]' passed (0.001 seconds).
Test Case '-[Yoga_of_EatingTests.MealTests test_meal_timestamp_autoCaptured_onCreation]' started.
Test Case '-[Yoga_of_EatingTests.MealTests test_meal_timestamp_autoCaptured_onCreation]' passed (0.001 seconds).
Test Case '-[Yoga_of_EatingTests.MealTests test_meal_timestamp_customValue_isPreserved]' started.
Test Case '-[Yoga_of_EatingTests.MealTests test_meal_timestamp_customValue_isPreserved]' passed (0.001 seconds).
Test Case '-[Yoga_of_EatingTests.MealTests test_meal_timestamp_differentMeals_haveDifferentTimestamps]' started.
Test Case '-[Yoga_of_EatingTests.MealTests test_meal_timestamp_differentMeals_haveDifferentTimestamps]' passed (0.012 seconds).
Test Case '-[Yoga_of_EatingTests.MealTests test_meal_timestamp_serialization_roundtrip]' started.
Test Case '-[Yoga_of_EatingTests.MealTests test_meal_timestamp_serialization_roundtrip]' passed (0.001 seconds).
Test Case '-[Yoga_of_EatingTests.MealTests test_mealType_displayNames]' started.
Test Case '-[Yoga_of_EatingTests.MealTests test_mealType_displayNames]' passed (0.000 seconds).
Test Case '-[Yoga_of_EatingTests.MealTests test_mergeItems_caseInsensitiveDuplicates_areNotAdded]' started.
Test Case '-[Yoga_of_EatingTests.MealTests test_mergeItems_caseInsensitiveDuplicates_areNotAdded]' passed (0.001 seconds).
Test Case '-[Yoga_of_EatingTests.MealTests test_mergeItems_duplicateItems_areNotAdded]' started.
Test Case '-[Yoga_of_EatingTests.MealTests test_mergeItems_duplicateItems_areNotAdded]' passed (0.000 seconds).
Test Case '-[Yoga_of_EatingTests.MealTests test_mergeItems_emptyExisting_returnsNewItems]' started.
Test Case '-[Yoga_of_EatingTests.MealTests test_mergeItems_emptyExisting_returnsNewItems]' passed (0.001 seconds).
Test Case '-[Yoga_of_EatingTests.MealTests test_mergeItems_existingItems_appendsNewItems]' started.
Test Case '-[Yoga_of_EatingTests.MealTests test_mergeItems_existingItems_appendsNewItems]' passed (0.000 seconds).
Test Case '-[Yoga_of_EatingTests.MealTests test_mergeItems_whitespaceVariants_areNotAdded]' started.
Test Case '-[Yoga_of_EatingTests.MealTests test_mergeItems_whitespaceVariants_areNotAdded]' passed (0.000 seconds).
Test Suite 'MealTests' passed at 2026-05-15 06:34:28.309.
	 Executed 22 tests, with 0 failures (0 unexpected) in 0.024 (0.031) seconds
Test Suite 'MindCheckEntryTests' started at 2026-05-15 06:34:28.309.
Test Case '-[Yoga_of_EatingTests.MindCheckEntryTests test_mindCheckCategory_allCases_hasCorrectCount]' started.
Test Case '-[Yoga_of_EatingTests.MindCheckEntryTests test_mindCheckCategory_allCases_hasCorrectCount]' passed (0.000 seconds).
Test Case '-[Yoga_of_EatingTests.MindCheckEntryTests test_mindCheckCategory_categoriesForContext_evening]' started.
Test Case '-[Yoga_of_EatingTests.MindCheckEntryTests test_mindCheckCategory_categoriesForContext_evening]' passed (0.000 seconds).
Test Case '-[Yoga_of_EatingTests.MindCheckEntryTests test_mindCheckCategory_categoriesForContext_morning]' started.
Test Case '-[Yoga_of_EatingTests.MindCheckEntryTests test_mindCheckCategory_categoriesForContext_morning]' passed (0.000 seconds).
Test Case '-[Yoga_of_EatingTests.MindCheckEntryTests test_mindCheckCategory_context_returnsCorrectContext]' started.
Test Case '-[Yoga_of_EatingTests.MindCheckEntryTests test_mindCheckCategory_context_returnsCorrectContext]' passed (0.000 seconds).
Test Case '-[Yoga_of_EatingTests.MindCheckEntryTests test_mindCheckCategory_displayName_returnsCorrectName]' started.
Test Case '-[Yoga_of_EatingTests.MindCheckEntryTests test_mindCheckCategory_displayName_returnsCorrectName]' passed (0.000 seconds).
Test Case '-[Yoga_of_EatingTests.MindCheckEntryTests test_mindCheckCategory_emoji_returnsCorrectEmoji]' started.
Test Case '-[Yoga_of_EatingTests.MindCheckEntryTests test_mindCheckCategory_emoji_returnsCorrectEmoji]' passed (0.002 seconds).
Test Case '-[Yoga_of_EatingTests.MindCheckEntryTests test_mindCheckCategory_evening_hasExpectedCases]' started.
Test Case '-[Yoga_of_EatingTests.MindCheckEntryTests test_mindCheckCategory_evening_hasExpectedCases]' passed (0.000 seconds).
Test Case '-[Yoga_of_EatingTests.MindCheckEntryTests test_mindCheckCategory_morning_hasExpectedCases]' started.
Test Case '-[Yoga_of_EatingTests.MindCheckEntryTests test_mindCheckCategory_morning_hasExpectedCases]' passed (0.000 seconds).
Test Case '-[Yoga_of_EatingTests.MindCheckEntryTests test_mindCheckContext_hasExpectedCases]' started.
Test Case '-[Yoga_of_EatingTests.MindCheckEntryTests test_mindCheckContext_hasExpectedCases]' passed (0.000 seconds).
Test Case '-[Yoga_of_EatingTests.MindCheckEntryTests test_mindCheckContext_rawValues_areCorrect]' started.
Test Case '-[Yoga_of_EatingTests.MindCheckEntryTests test_mindCheckContext_rawValues_areCorrect]' passed (0.000 seconds).
Test Case '-[Yoga_of_EatingTests.MindCheckEntryTests test_mindCheckEntry_codable_allCategories]' started.
Test Case '-[Yoga_of_EatingTests.MindCheckEntryTests test_mindCheckEntry_codable_allCategories]' passed (0.000 seconds).
Test Case '-[Yoga_of_EatingTests.MindCheckEntryTests test_mindCheckEntry_codable_encodesAndDecodes]' started.
Test Case '-[Yoga_of_EatingTests.MindCheckEntryTests test_mindCheckEntry_codable_encodesAndDecodes]' passed (0.000 seconds).
Test Case '-[Yoga_of_EatingTests.MindCheckEntryTests test_mindCheckEntry_equatable_returnsFalseForDifferentIds]' started.
Test Case '-[Yoga_of_EatingTests.MindCheckEntryTests test_mindCheckEntry_equatable_returnsFalseForDifferentIds]' passed (0.000 seconds).
Test Case '-[Yoga_of_EatingTests.MindCheckEntryTests test_mindCheckEntry_equatable_returnsTrueForIdenticalEntries]' started.
Test Case '-[Yoga_of_EatingTests.MindCheckEntryTests test_mindCheckEntry_equatable_returnsTrueForIdenticalEntries]' passed (0.000 seconds).
Test Case '-[Yoga_of_EatingTests.MindCheckEntryTests test_mindCheckEntry_identifiable_hasUniqueId]' started.
Test Case '-[Yoga_of_EatingTests.MindCheckEntryTests test_mindCheckEntry_identifiable_hasUniqueId]' passed (0.000 seconds).
Test Case '-[Yoga_of_EatingTests.MindCheckEntryTests test_mindCheckEntry_init_setsAllProperties]' started.
Test Case '-[Yoga_of_EatingTests.MindCheckEntryTests test_mindCheckEntry_init_setsAllProperties]' passed (0.000 seconds).
Test Case '-[Yoga_of_EatingTests.MindCheckEntryTests test_mindCheckEntry_withEmptyText_handlesCorrectly]' started.
Test Case '-[Yoga_of_EatingTests.MindCheckEntryTests test_mindCheckEntry_withEmptyText_handlesCorrectly]' passed (0.003 seconds).
Test Case '-[Yoga_of_EatingTests.MindCheckEntryTests test_mindCheckEntry_withLongText_handlesCorrectly]' started.
Test Case '-[Yoga_of_EatingTests.MindCheckEntryTests test_mindCheckEntry_withLongText_handlesCorrectly]' passed (0.000 seconds).
Test Case '-[Yoga_of_EatingTests.MindCheckEntryTests test_mindCheckEntry_withSpecialCharacters_handlesCorrectly]' started.
Test Case '-[Yoga_of_EatingTests.MindCheckEntryTests test_mindCheckEntry_withSpecialCharacters_handlesCorrectly]' passed (0.000 seconds).
Test Suite 'MindCheckEntryTests' passed at 2026-05-15 06:34:28.326.
	 Executed 19 tests, with 0 failures (0 unexpected) in 0.012 (0.017) seconds
Test Suite 'MindCheckServiceTests' started at 2026-05-15 06:34:28.326.
Test Case '-[Yoga_of_EatingTests.MindCheckServiceTests test_getEveningMindCheck_returnsEntriesForToday]' started.
Test Case '-[Yoga_of_EatingTests.MindCheckServiceTests test_getEveningMindCheck_returnsEntriesForToday]' passed (0.000 seconds).
Test Case '-[Yoga_of_EatingTests.MindCheckServiceTests test_getEveningMindCheck_returnsNilWhenNotLogged]' started.
Test Case '-[Yoga_of_EatingTests.MindCheckServiceTests test_getEveningMindCheck_returnsNilWhenNotLogged]' passed (0.000 seconds).
Test Case '-[Yoga_of_EatingTests.MindCheckServiceTests test_getMorningMindCheck_returnsEntriesForToday]' started.
Test Case '-[Yoga_of_EatingTests.MindCheckServiceTests test_getMorningMindCheck_returnsEntriesForToday]' passed (0.000 seconds).
Test Case '-[Yoga_of_EatingTests.MindCheckServiceTests test_getMorningMindCheck_returnsNilWhenNotLogged]' started.
Test Case '-[Yoga_of_EatingTests.MindCheckServiceTests test_getMorningMindCheck_returnsNilWhenNotLogged]' passed (0.000 seconds).
Test Case '-[Yoga_of_EatingTests.MindCheckServiceTests test_hasEveningMindCheckForToday_returnsFalseWhenNotLogged]' started.
Test Case '-[Yoga_of_EatingTests.MindCheckServiceTests test_hasEveningMindCheckForToday_returnsFalseWhenNotLogged]' passed (0.000 seconds).
Test Case '-[Yoga_of_EatingTests.MindCheckServiceTests test_hasEveningMindCheckForToday_returnsTrueWhenLogged]' started.
Test Case '-[Yoga_of_EatingTests.MindCheckServiceTests test_hasEveningMindCheckForToday_returnsTrueWhenLogged]' passed (0.001 seconds).
Test Case '-[Yoga_of_EatingTests.MindCheckServiceTests test_hasMorningMindCheckForToday_returnsFalseWhenNotLogged]' started.
Test Case '-[Yoga_of_EatingTests.MindCheckServiceTests test_hasMorningMindCheckForToday_returnsFalseWhenNotLogged]' passed (0.000 seconds).
Test Case '-[Yoga_of_EatingTests.MindCheckServiceTests test_hasMorningMindCheckForToday_returnsTrueWhenLogged]' started.
Test Case '-[Yoga_of_EatingTests.MindCheckServiceTests test_hasMorningMindCheckForToday_returnsTrueWhenLogged]' passed (0.000 seconds).
Test Case '-[Yoga_of_EatingTests.MindCheckServiceTests test_saveEveningMindCheck_persistsToSnapshot]' started.
Test Case '-[Yoga_of_EatingTests.MindCheckServiceTests test_saveEveningMindCheck_persistsToSnapshot]' passed (0.011 seconds).
Test Case '-[Yoga_of_EatingTests.MindCheckServiceTests test_saveMorningMindCheck_mergesWithExistingSnapshot]' started.
Test Case '-[Yoga_of_EatingTests.MindCheckServiceTests test_saveMorningMindCheck_mergesWithExistingSnapshot]' passed (0.000 seconds).
Test Case '-[Yoga_of_EatingTests.MindCheckServiceTests test_saveMorningMindCheck_persistsToSnapshot]' started.
Test Case '-[Yoga_of_EatingTests.MindCheckServiceTests test_saveMorningMindCheck_persistsToSnapshot]' passed (0.000 seconds).
Test Suite 'MindCheckServiceTests' passed at 2026-05-15 06:34:28.347.
	 Executed 11 tests, with 0 failures (0 unexpected) in 0.016 (0.020) seconds
Test Suite 'NotificationManagerTests' started at 2026-05-15 06:34:28.347.
Test Case '-[Yoga_of_EatingTests.NotificationManagerTests test_scheduleMealReminder_createsRequest]' started.
Test Case '-[Yoga_of_EatingTests.NotificationManagerTests test_scheduleMealReminder_createsRequest]' passed (0.002 seconds).
Test Case '-[Yoga_of_EatingTests.NotificationManagerTests test_scheduleMealReminder_defaultsToEnabled_whenKeyMissing]' started.
Test Case '-[Yoga_of_EatingTests.NotificationManagerTests test_scheduleMealReminder_defaultsToEnabled_whenKeyMissing]' passed (0.001 seconds).
Test Case '-[Yoga_of_EatingTests.NotificationManagerTests test_scheduleMealReminder_doesNotSchedule_whenExplicitlyDisabled]' started.
Test Case '-[Yoga_of_EatingTests.NotificationManagerTests test_scheduleMealReminder_doesNotSchedule_whenExplicitlyDisabled]' passed (0.002 seconds).
Test Case '-[Yoga_of_EatingTests.NotificationManagerTests test_scheduleMorningNudge_createsRequest]' started.
Test Case '-[Yoga_of_EatingTests.NotificationManagerTests test_scheduleMorningNudge_createsRequest]' passed (0.002 seconds).
Test Case '-[Yoga_of_EatingTests.NotificationManagerTests test_scheduleMorningNudge_defaultsToEnabled_whenKeyMissing]' started.
Test Case '-[Yoga_of_EatingTests.NotificationManagerTests test_scheduleMorningNudge_defaultsToEnabled_whenKeyMissing]' passed (0.001 seconds).
Test Case '-[Yoga_of_EatingTests.NotificationManagerTests test_scheduleMorningNudge_doesNotSchedule_whenExplicitlyDisabled]' started.
Test Case '-[Yoga_of_EatingTests.NotificationManagerTests test_scheduleMorningNudge_doesNotSchedule_whenExplicitlyDisabled]' passed (0.002 seconds).
Test Suite 'NotificationManagerTests' passed at 2026-05-15 06:34:28.358.
	 Executed 6 tests, with 0 failures (0 unexpected) in 0.011 (0.012) seconds
Test Suite 'NotificationTimingABTestTests' started at 2026-05-15 06:34:28.358.
Test Case '-[Yoga_of_EatingTests.NotificationTimingABTestTests test_predictWakeTime_boundaryHour23_returnsValue]' started.
Test Case '-[Yoga_of_EatingTests.NotificationTimingABTestTests test_predictWakeTime_boundaryHour23_returnsValue]' passed (0.001 seconds).
Test Case '-[Yoga_of_EatingTests.NotificationTimingABTestTests test_predictWakeTime_invalidHour_returnsDefault]' started.
Test Case '-[Yoga_of_EatingTests.NotificationTimingABTestTests test_predictWakeTime_invalidHour_returnsDefault]' passed (0.001 seconds).
Test Case '-[Yoga_of_EatingTests.NotificationTimingABTestTests test_predictWakeTime_invalidMinute_returnsDefault]' started.
Test Case '-[Yoga_of_EatingTests.NotificationTimingABTestTests test_predictWakeTime_invalidMinute_returnsDefault]' passed (0.001 seconds).
Test Case '-[Yoga_of_EatingTests.NotificationTimingABTestTests test_predictWakeTime_malformedString_returnsDefault]' started.
Test Case '-[Yoga_of_EatingTests.NotificationTimingABTestTests test_predictWakeTime_malformedString_returnsDefault]' passed (0.001 seconds).
Test Case '-[Yoga_of_EatingTests.NotificationTimingABTestTests test_predictWakeTime_noStoredValue_returnsDefault]' started.
Test Case '-[Yoga_of_EatingTests.NotificationTimingABTestTests test_predictWakeTime_noStoredValue_returnsDefault]' passed (0.000 seconds).
Test Case '-[Yoga_of_EatingTests.NotificationTimingABTestTests test_predictWakeTime_validTime_returnsParsedValue]' started.
Test Case '-[Yoga_of_EatingTests.NotificationTimingABTestTests test_predictWakeTime_validTime_returnsParsedValue]' passed (0.001 seconds).
Test Suite 'NotificationTimingABTestTests' passed at 2026-05-15 06:34:28.366.
	 Executed 6 tests, with 0 failures (0 unexpected) in 0.006 (0.007) seconds
Test Suite 'PartialRestoreTests' started at 2026-05-15 06:34:28.366.
Test Case '-[Yoga_of_EatingTests.PartialRestoreTests test_restoreFromFirebase_withPartialCloudData_mergesAllReturnedSnapshots]' started.
2026-05-15 06:34:28.366110+0530 Yoga of Eating[16053:128707] [HistoricalSync] Restore: fetched 2 snapshots for user
Test Case '-[Yoga_of_EatingTests.PartialRestoreTests test_restoreFromFirebase_withPartialCloudData_mergesAllReturnedSnapshots]' passed (0.001 seconds).
Test Suite 'PartialRestoreTests' passed at 2026-05-15 06:34:28.366.
	 Executed 1 test, with 0 failures (0 unexpected) in 0.001 (0.001) seconds
Test Suite 'PatternAnalysisEnrichmentTests' started at 2026-05-15 06:34:28.367.
Test Case '-[Yoga_of_EatingTests.PatternAnalysisEnrichmentTests test_carryOverLoad_confidence_isValidRange]' started.
Test Case '-[Yoga_of_EatingTests.PatternAnalysisEnrichmentTests test_carryOverLoad_confidence_isValidRange]' passed (0.000 seconds).
Test Case '-[Yoga_of_EatingTests.PatternAnalysisEnrichmentTests test_carryOverLoad_doesNotFire_withFewerThanThreeLowDays]' started.
Test Case '-[Yoga_of_EatingTests.PatternAnalysisEnrichmentTests test_carryOverLoad_doesNotFire_withFewerThanThreeLowDays]' passed (0.000 seconds).
Test Case '-[Yoga_of_EatingTests.PatternAnalysisEnrichmentTests test_carryOverLoad_fallsBackToAvgScore_whenNoDimensionsPresent]' started.
Test Case '-[Yoga_of_EatingTests.PatternAnalysisEnrichmentTests test_carryOverLoad_fallsBackToAvgScore_whenNoDimensionsPresent]' passed (0.000 seconds).
Test Case '-[Yoga_of_EatingTests.PatternAnalysisEnrichmentTests test_carryOverLoad_fires_whenThreePlusLowWellbeingDays]' started.
Test Case '-[Yoga_of_EatingTests.PatternAnalysisEnrichmentTests test_carryOverLoad_fires_whenThreePlusLowWellbeingDays]' passed (0.001 seconds).
Test Case '-[Yoga_of_EatingTests.PatternAnalysisEnrichmentTests test_generateCorrelationCards_includesNewCorrelations]' started.
Test Case '-[Yoga_of_EatingTests.PatternAnalysisEnrichmentTests test_generateCorrelationCards_includesNewCorrelations]' passed (0.001 seconds).
Test Case '-[Yoga_of_EatingTests.PatternAnalysisEnrichmentTests test_intentionFollowthrough_confidence_isValidRange]' started.
Test Case '-[Yoga_of_EatingTests.PatternAnalysisEnrichmentTests test_intentionFollowthrough_confidence_isValidRange]' passed (0.000 seconds).
Test Case '-[Yoga_of_EatingTests.PatternAnalysisEnrichmentTests test_intentionFollowthrough_doesNotFire_whenCompletionRateHigh]' started.
Test Case '-[Yoga_of_EatingTests.PatternAnalysisEnrichmentTests test_intentionFollowthrough_doesNotFire_whenCompletionRateHigh]' passed (0.000 seconds).
Test Case '-[Yoga_of_EatingTests.PatternAnalysisEnrichmentTests test_intentionFollowthrough_doesNotFire_withFewerThanMinTodos]' started.
Test Case '-[Yoga_of_EatingTests.PatternAnalysisEnrichmentTests test_intentionFollowthrough_doesNotFire_withFewerThanMinTodos]' passed (0.000 seconds).
Test Case '-[Yoga_of_EatingTests.PatternAnalysisEnrichmentTests test_intentionFollowthrough_fires_whenCompletionRateLow]' started.
Test Case '-[Yoga_of_EatingTests.PatternAnalysisEnrichmentTests test_intentionFollowthrough_fires_whenCompletionRateLow]' passed (0.000 seconds).
Test Case '-[Yoga_of_EatingTests.PatternAnalysisEnrichmentTests test_journalTonePrediction_doesNotFire_whenToneIsPositive]' started.
Test Case '-[Yoga_of_EatingTests.PatternAnalysisEnrichmentTests test_journalTonePrediction_doesNotFire_whenToneIsPositive]' passed (0.000 seconds).
Test Case '-[Yoga_of_EatingTests.PatternAnalysisEnrichmentTests test_journalTonePrediction_doesNotFire_withInsufficientData]' started.
Test Case '-[Yoga_of_EatingTests.PatternAnalysisEnrichmentTests test_journalTonePrediction_doesNotFire_withInsufficientData]' passed (0.000 seconds).
Test Case '-[Yoga_of_EatingTests.PatternAnalysisEnrichmentTests test_journalTonePrediction_fires_whenOverwhelmedPrecedesLowWellbeing]' started.
Test Case '-[Yoga_of_EatingTests.PatternAnalysisEnrichmentTests test_journalTonePrediction_fires_whenOverwhelmedPrecedesLowWellbeing]' passed (0.000 seconds).
Test Case '-[Yoga_of_EatingTests.PatternAnalysisEnrichmentTests test_sleepMismatch_doesNotFire_whenNoSleepRatingPresent]' started.
Test Case '-[Yoga_of_EatingTests.PatternAnalysisEnrichmentTests test_sleepMismatch_doesNotFire_whenNoSleepRatingPresent]' passed (0.000 seconds).
Test Case '-[Yoga_of_EatingTests.PatternAnalysisEnrichmentTests test_sleepMismatch_doesNotFire_whenSleepRatingMatchesCognition]' started.
Test Case '-[Yoga_of_EatingTests.PatternAnalysisEnrichmentTests test_sleepMismatch_doesNotFire_whenSleepRatingMatchesCognition]' passed (0.000 seconds).
Test Case '-[Yoga_of_EatingTests.PatternAnalysisEnrichmentTests test_sleepMismatch_fires_whenGreatSleepRatingButLowClarityDimension]' started.
Test Case '-[Yoga_of_EatingTests.PatternAnalysisEnrichmentTests test_sleepMismatch_fires_whenGreatSleepRatingButLowClarityDimension]' passed (0.000 seconds).
Test Case '-[Yoga_of_EatingTests.PatternAnalysisEnrichmentTests test_sleepRecoveryCarryover_confidence_isValidRange]' started.
Test Case '-[Yoga_of_EatingTests.PatternAnalysisEnrichmentTests test_sleepRecoveryCarryover_confidence_isValidRange]' passed (0.002 seconds).
Test Case '-[Yoga_of_EatingTests.PatternAnalysisEnrichmentTests test_sleepRecoveryCarryover_doesNotFire_whenNoSleepData]' started.
Test Case '-[Yoga_of_EatingTests.PatternAnalysisEnrichmentTests test_sleepRecoveryCarryover_doesNotFire_whenNoSleepData]' passed (0.000 seconds).
Test Case '-[Yoga_of_EatingTests.PatternAnalysisEnrichmentTests test_sleepRecoveryCarryover_doesNotFire_whenOnlyOnePoorNight]' started.
Test Case '-[Yoga_of_EatingTests.PatternAnalysisEnrichmentTests test_sleepRecoveryCarryover_doesNotFire_whenOnlyOnePoorNight]' passed (0.000 seconds).
Test Case '-[Yoga_of_EatingTests.PatternAnalysisEnrichmentTests test_sleepRecoveryCarryover_fires_whenTwoConsecutivePoorSleepNights]' started.
Test Case '-[Yoga_of_EatingTests.PatternAnalysisEnrichmentTests test_sleepRecoveryCarryover_fires_whenTwoConsecutivePoorSleepNights]' passed (0.000 seconds).
Test Suite 'PatternAnalysisEnrichmentTests' passed at 2026-05-15 06:34:28.380.
	 Executed 19 tests, with 0 failures (0 unexpected) in 0.008 (0.014) seconds
Test Suite 'PersistenceServiceTests' started at 2026-05-15 06:34:28.381.
Test Case '-[Yoga_of_EatingTests.PersistenceServiceTests test_appData_mealTimestamp_persistsCorrectly]' started.
Test Case '-[Yoga_of_EatingTests.PersistenceServiceTests test_appData_mealTimestamp_persistsCorrectly]' passed (0.002 seconds).
Test Case '-[Yoga_of_EatingTests.PersistenceServiceTests test_appData_multipleMeals_timestampsPreserved]' started.
Test Case '-[Yoga_of_EatingTests.PersistenceServiceTests test_appData_multipleMeals_timestampsPreserved]' passed (0.000 seconds).
Test Case '-[Yoga_of_EatingTests.PersistenceServiceTests test_appData_serialization_roundtrip]' started.
Test Case '-[Yoga_of_EatingTests.PersistenceServiceTests test_appData_serialization_roundtrip]' passed (0.000 seconds).
Test Case '-[Yoga_of_EatingTests.PersistenceServiceTests test_deleteAll_removesFile]' started.
Test Case '-[Yoga_of_EatingTests.PersistenceServiceTests test_deleteAll_removesFile]' passed (0.001 seconds).
Test Suite 'PersistenceServiceTests' passed at 2026-05-15 06:34:28.384.
	 Executed 4 tests, with 0 failures (0 unexpected) in 0.003 (0.004) seconds
Test Suite 'PersonalizedHapticFeedbackTests' started at 2026-05-15 06:34:28.385.
Test Case '-[Yoga_of_EatingTests.PersonalizedHapticFeedbackTests test_getFeedbackStyle_boundaryHealthy_returnsSoft]' started.
Test Case '-[Yoga_of_EatingTests.PersonalizedHapticFeedbackTests test_getFeedbackStyle_boundaryHealthy_returnsSoft]' passed (0.002 seconds).
Test Case '-[Yoga_of_EatingTests.PersonalizedHapticFeedbackTests test_getFeedbackStyle_boundaryUnhealthy_returnsLight]' started.
Test Case '-[Yoga_of_EatingTests.PersonalizedHapticFeedbackTests test_getFeedbackStyle_boundaryUnhealthy_returnsLight]' passed (0.001 seconds).
Test Case '-[Yoga_of_EatingTests.PersonalizedHapticFeedbackTests test_getFeedbackStyle_consistency_acrossRiskLevels]' started.
Test Case '-[Yoga_of_EatingTests.PersonalizedHapticFeedbackTests test_getFeedbackStyle_consistency_acrossRiskLevels]' passed (0.001 seconds).
Test Case '-[Yoga_of_EatingTests.PersonalizedHapticFeedbackTests test_getFeedbackStyle_healthyMeal_sameForAllRiskLevels]' started.
Test Case '-[Yoga_of_EatingTests.PersonalizedHapticFeedbackTests test_getFeedbackStyle_healthyMeal_sameForAllRiskLevels]' passed (0.001 seconds).
Test Case '-[Yoga_of_EatingTests.PersonalizedHapticFeedbackTests test_getFeedbackStyle_healthyMealHighRisk_returnsSoft]' started.
Test Case '-[Yoga_of_EatingTests.PersonalizedHapticFeedbackTests test_getFeedbackStyle_healthyMealHighRisk_returnsSoft]' passed (0.001 seconds).
Test Case '-[Yoga_of_EatingTests.PersonalizedHapticFeedbackTests test_getFeedbackStyle_healthyMealLowRisk_returnsSoft]' started.
Test Case '-[Yoga_of_EatingTests.PersonalizedHapticFeedbackTests test_getFeedbackStyle_healthyMealLowRisk_returnsSoft]' passed (0.001 seconds).
Test Case '-[Yoga_of_EatingTests.PersonalizedHapticFeedbackTests test_getFeedbackStyle_neutralMeal_returnsLight]' started.
Test Case '-[Yoga_of_EatingTests.PersonalizedHapticFeedbackTests test_getFeedbackStyle_neutralMeal_returnsLight]' passed (0.001 seconds).
Test Case '-[Yoga_of_EatingTests.PersonalizedHapticFeedbackTests test_getFeedbackStyle_perfectScore_returnsSoft]' started.
Test Case '-[Yoga_of_EatingTests.PersonalizedHapticFeedbackTests test_getFeedbackStyle_perfectScore_returnsSoft]' passed (0.001 seconds).
Test Case '-[Yoga_of_EatingTests.PersonalizedHapticFeedbackTests test_getFeedbackStyle_unhealthyMealHighRisk_returnsHeavy]' started.
Test Case '-[Yoga_of_EatingTests.PersonalizedHapticFeedbackTests test_getFeedbackStyle_unhealthyMealHighRisk_returnsHeavy]' passed (0.001 seconds).
Test Case '-[Yoga_of_EatingTests.PersonalizedHapticFeedbackTests test_getFeedbackStyle_unhealthyMealLowRisk_returnsLight]' started.
Test Case '-[Yoga_of_EatingTests.PersonalizedHapticFeedbackTests test_getFeedbackStyle_unhealthyMealLowRisk_returnsLight]' passed (0.001 seconds).
Test Case '-[Yoga_of_EatingTests.PersonalizedHapticFeedbackTests test_getFeedbackStyle_unhealthyMealMediumRisk_returnsMedium]' started.
Test Case '-[Yoga_of_EatingTests.PersonalizedHapticFeedbackTests test_getFeedbackStyle_unhealthyMealMediumRisk_returnsMedium]' passed (0.001 seconds).
Test Case '-[Yoga_of_EatingTests.PersonalizedHapticFeedbackTests test_getFeedbackStyle_worstScoreHighRisk_returnsHeavy]' started.
Test Case '-[Yoga_of_EatingTests.PersonalizedHapticFeedbackTests test_getFeedbackStyle_worstScoreHighRisk_returnsHeavy]' passed (0.001 seconds).
Test Case '-[Yoga_of_EatingTests.PersonalizedHapticFeedbackTests test_playMealFeedbackHaptic_respectsUserPreferences]' started.
Test Case '-[Yoga_of_EatingTests.PersonalizedHapticFeedbackTests test_playMealFeedbackHaptic_respectsUserPreferences]' passed (0.002 seconds).
Test Case '-[Yoga_of_EatingTests.PersonalizedHapticFeedbackTests test_playMealFeedbackHaptic_withHapticsDisabled_doesNotCrash]' started.
Test Case '-[Yoga_of_EatingTests.PersonalizedHapticFeedbackTests test_playMealFeedbackHaptic_withHapticsDisabled_doesNotCrash]' passed (0.001 seconds).
Test Case '-[Yoga_of_EatingTests.PersonalizedHapticFeedbackTests test_playMealFeedbackHaptic_withHealthyMeal_doesNotThrow]' started.
Test Case '-[Yoga_of_EatingTests.PersonalizedHapticFeedbackTests test_playMealFeedbackHaptic_withHealthyMeal_doesNotThrow]' passed (0.001 seconds).
Test Case '-[Yoga_of_EatingTests.PersonalizedHapticFeedbackTests test_playMealFeedbackHaptic_withUnhealthyMealHighRisk_doesNotThrow]' started.
Test Case '-[Yoga_of_EatingTests.PersonalizedHapticFeedbackTests test_playMealFeedbackHaptic_withUnhealthyMealHighRisk_doesNotThrow]' passed (0.001 seconds).
Test Suite 'PersonalizedHapticFeedbackTests' passed at 2026-05-15 06:34:28.401.
	 Executed 16 tests, with 0 failures (0 unexpected) in 0.014 (0.016) seconds
Test Suite 'PersonalizedMealScoringTests' started at 2026-05-15 06:34:28.401.
Test Case '-[Yoga_of_EatingTests.PersonalizedMealScoringTests test_applySensitivity_highRiskUser_significantAdjustment]' started.
Test Case '-[Yoga_of_EatingTests.PersonalizedMealScoringTests test_applySensitivity_highRiskUser_significantAdjustment]' passed (0.000 seconds).
Test Case '-[Yoga_of_EatingTests.PersonalizedMealScoringTests test_applySensitivity_lowRiskUser_minimalAdjustment]' started.
Test Case '-[Yoga_of_EatingTests.PersonalizedMealScoringTests test_applySensitivity_lowRiskUser_minimalAdjustment]' passed (0.000 seconds).
Test Case '-[Yoga_of_EatingTests.PersonalizedMealScoringTests test_calculateHealthScore_emptyList_returnsNeutral]' started.
Test Case '-[Yoga_of_EatingTests.PersonalizedMealScoringTests test_calculateHealthScore_emptyList_returnsNeutral]' passed (0.000 seconds).
Test Case '-[Yoga_of_EatingTests.PersonalizedMealScoringTests test_calculateHealthScore_healthyMeal_returnsHighScore]' started.
Test Case '-[Yoga_of_EatingTests.PersonalizedMealScoringTests test_calculateHealthScore_healthyMeal_returnsHighScore]' passed (0.000 seconds).
Test Case '-[Yoga_of_EatingTests.PersonalizedMealScoringTests test_calculateHealthScore_healthyMealForAtRiskUser_returnsHigherScore]' started.
Test Case '-[Yoga_of_EatingTests.PersonalizedMealScoringTests test_calculateHealthScore_healthyMealForAtRiskUser_returnsHigherScore]' passed (0.000 seconds).
Test Case '-[Yoga_of_EatingTests.PersonalizedMealScoringTests test_calculateHealthScore_missingUserProfile_usesDefaultScoring]' started.
Test Case '-[Yoga_of_EatingTests.PersonalizedMealScoringTests test_calculateHealthScore_missingUserProfile_usesDefaultScoring]' passed (0.000 seconds).
Test Case '-[Yoga_of_EatingTests.PersonalizedMealScoringTests test_calculateHealthScore_multipleItems_averagesCorrectly]' started.
Test Case '-[Yoga_of_EatingTests.PersonalizedMealScoringTests test_calculateHealthScore_multipleItems_averagesCorrectly]' passed (0.000 seconds).
Test Case '-[Yoga_of_EatingTests.PersonalizedMealScoringTests test_calculateHealthScore_neutralMeal_returnsNeutralScore]' started.
Test Case '-[Yoga_of_EatingTests.PersonalizedMealScoringTests test_calculateHealthScore_neutralMeal_returnsNeutralScore]' passed (0.000 seconds).
Test Case '-[Yoga_of_EatingTests.PersonalizedMealScoringTests test_calculateHealthScore_unhealthyMeal_returnsLowScore]' started.
Test Case '-[Yoga_of_EatingTests.PersonalizedMealScoringTests test_calculateHealthScore_unhealthyMeal_returnsLowScore]' passed (0.000 seconds).
Test Case '-[Yoga_of_EatingTests.PersonalizedMealScoringTests test_calculateHealthScore_unhealthyMealForAtRiskUser_returnsLowerScore]' started.
Test Case '-[Yoga_of_EatingTests.PersonalizedMealScoringTests test_calculateHealthScore_unhealthyMealForAtRiskUser_returnsLowerScore]' passed (0.000 seconds).
Test Case '-[Yoga_of_EatingTests.PersonalizedMealScoringTests test_calculateNextState_healthyMealForAtRiskUser_largerShrink]' started.
Test Case '-[Yoga_of_EatingTests.PersonalizedMealScoringTests test_calculateNextState_healthyMealForAtRiskUser_largerShrink]' passed (0.000 seconds).
Test Case '-[Yoga_of_EatingTests.PersonalizedMealScoringTests test_calculateNextState_healthyUserNeutralMeal_standardBehavior]' started.
Test Case '-[Yoga_of_EatingTests.PersonalizedMealScoringTests test_calculateNextState_healthyUserNeutralMeal_standardBehavior]' passed (0.000 seconds).
Test Case '-[Yoga_of_EatingTests.PersonalizedMealScoringTests test_calculateNextState_unhealthyMealForAtRiskUser_largerBloat]' started.
Test Case '-[Yoga_of_EatingTests.PersonalizedMealScoringTests test_calculateNextState_unhealthyMealForAtRiskUser_largerBloat]' passed (0.000 seconds).
Test Case '-[Yoga_of_EatingTests.PersonalizedMealScoringTests test_contextualAdjustment_friedFoodForHighRisk_significantlyWorse]' started.
Test Case '-[Yoga_of_EatingTests.PersonalizedMealScoringTests test_contextualAdjustment_friedFoodForHighRisk_significantlyWorse]' passed (0.000 seconds).
Test Case '-[Yoga_of_EatingTests.PersonalizedMealScoringTests test_contextualAdjustment_friedFoodForLowRisk_moderatePenalty]' started.
Test Case '-[Yoga_of_EatingTests.PersonalizedMealScoringTests test_contextualAdjustment_friedFoodForLowRisk_moderatePenalty]' passed (0.000 seconds).
Test Case '-[Yoga_of_EatingTests.PersonalizedMealScoringTests test_contextualAdjustment_vegetablesForHighRisk_bonusPoints]' started.
Test Case '-[Yoga_of_EatingTests.PersonalizedMealScoringTests test_contextualAdjustment_vegetablesForHighRisk_bonusPoints]' passed (0.002 seconds).
Test Suite 'PersonalizedMealScoringTests' passed at 2026-05-15 06:34:28.412.
	 Executed 16 tests, with 0 failures (0 unexpected) in 0.007 (0.011) seconds
Test Suite 'QuoteServiceTests' started at 2026-05-15 06:34:28.412.
Test Case '-[Yoga_of_EatingTests.QuoteServiceTests test_getDailyQuote_cyclesBackAfter30Days]' started.
Test Case '-[Yoga_of_EatingTests.QuoteServiceTests test_getDailyQuote_cyclesBackAfter30Days]' passed (0.003 seconds).
Test Case '-[Yoga_of_EatingTests.QuoteServiceTests test_getDailyQuote_cyclesThrough30Days]' started.
Test Case '-[Yoga_of_EatingTests.QuoteServiceTests test_getDailyQuote_cyclesThrough30Days]' passed (0.000 seconds).
Test Case '-[Yoga_of_EatingTests.QuoteServiceTests test_getDailyQuote_defaultsToToday]' started.
Test Case '-[Yoga_of_EatingTests.QuoteServiceTests test_getDailyQuote_defaultsToToday]' passed (0.000 seconds).
Test Case '-[Yoga_of_EatingTests.QuoteServiceTests test_getDailyQuote_returnsDifferentQuoteForDifferentDay]' started.
Test Case '-[Yoga_of_EatingTests.QuoteServiceTests test_getDailyQuote_returnsDifferentQuoteForDifferentDay]' passed (0.000 seconds).
Test Case '-[Yoga_of_EatingTests.QuoteServiceTests test_getDailyQuote_returnsSameQuoteForSameDay]' started.
Test Case '-[Yoga_of_EatingTests.QuoteServiceTests test_getDailyQuote_returnsSameQuoteForSameDay]' passed (0.000 seconds).
Test Case '-[Yoga_of_EatingTests.QuoteServiceTests test_mindfulQuote_equality]' started.
Test Case '-[Yoga_of_EatingTests.QuoteServiceTests test_mindfulQuote_equality]' passed (0.000 seconds).
Test Case '-[Yoga_of_EatingTests.QuoteServiceTests test_mindfulQuote_formatted_withAuthor]' started.
Test Case '-[Yoga_of_EatingTests.QuoteServiceTests test_mindfulQuote_formatted_withAuthor]' passed (0.000 seconds).
Test Case '-[Yoga_of_EatingTests.QuoteServiceTests test_mindfulQuote_formatted_withoutAuthor]' started.
Test Case '-[Yoga_of_EatingTests.QuoteServiceTests test_mindfulQuote_formatted_withoutAuthor]' passed (0.000 seconds).
Test Case '-[Yoga_of_EatingTests.QuoteServiceTests test_quotes_allHaveText]' started.
Test Case '-[Yoga_of_EatingTests.QuoteServiceTests test_quotes_allHaveText]' passed (0.000 seconds).
Test Case '-[Yoga_of_EatingTests.QuoteServiceTests test_quotes_fallbackWorksWhenJSONMissing]' started.
Test Case '-[Yoga_of_EatingTests.QuoteServiceTests test_quotes_fallbackWorksWhenJSONMissing]' passed (0.000 seconds).
Test Case '-[Yoga_of_EatingTests.QuoteServiceTests test_quotes_has30Quotes]' started.
Test Case '-[Yoga_of_EatingTests.QuoteServiceTests test_quotes_has30Quotes]' passed (0.000 seconds).
Test Case '-[Yoga_of_EatingTests.QuoteServiceTests test_quotes_loadedFromJSONOrFallback]' started.
Test Case '-[Yoga_of_EatingTests.QuoteServiceTests test_quotes_loadedFromJSONOrFallback]' passed (0.000 seconds).
Test Suite 'QuoteServiceTests' passed at 2026-05-15 06:34:28.421.
	 Executed 12 tests, with 0 failures (0 unexpected) in 0.006 (0.009) seconds
Test Suite 'RecentMealsFeatureTests' started at 2026-05-15 06:34:28.421.
Test Case '-[Yoga_of_EatingTests.RecentMealsFeatureTests test_getRecentUniqueMeals_capsAtEightResults]' started.
2026-05-15 06:34:28.421610+0530 Yoga of Eating[16053:128730] [[FirebaseCore]] 12.7.0 - [FirebaseCore][I-COR000003] The default Firebase app has not yet been configured. Add `FirebaseApp.configure()` to your application initialization. This can be done in in the App Delegate's application(_:didFinishLaunchingWithOptions:)` (or the `@main` struct's initializer in SwiftUI). Read more: https://firebase.google.com/docs/ios/setup#initialize_firebase_in_your_app
Test Case '-[Yoga_of_EatingTests.RecentMealsFeatureTests test_getRecentUniqueMeals_capsAtEightResults]' passed (0.001 seconds).
Test Case '-[Yoga_of_EatingTests.RecentMealsFeatureTests test_getRecentUniqueMeals_deduplicatesIdenticalMeals]' started.
2026-05-15 06:34:28.425310+0530 Yoga of Eating[16053:128730] [[FirebaseCore]] 12.7.0 - [FirebaseCore][I-COR000003] The default Firebase app has not yet been configured. Add `FirebaseApp.configure()` to your application initialization. This can be done in in the App Delegate's application(_:didFinishLaunchingWithOptions:)` (or the `@main` struct's initializer in SwiftUI). Read more: https://firebase.google.com/docs/ios/setup#initialize_firebase_in_your_app
Test Case '-[Yoga_of_EatingTests.RecentMealsFeatureTests test_getRecentUniqueMeals_deduplicatesIdenticalMeals]' passed (0.000 seconds).
Test Case '-[Yoga_of_EatingTests.RecentMealsFeatureTests test_getRecentUniqueMeals_deduplicationIsCaseInsensitive]' started.
2026-05-15 06:34:28.425905+0530 Yoga of Eating[16053:128733] [[FirebaseCore]] 12.7.0 - [FirebaseCore][I-COR000003] The default Firebase app has not yet been configured. Add `FirebaseApp.configure()` to your application initialization. This can be done in in the AppTest Case '-[Yoga_of_EatingTests.RecentMealsFeatureTests test_getRecentUniqueMeals_deduplicationIsCaseInsensitive]' passed (0.000 seconds).
 Delegate's application(_:didFinishLaunchingWithOptions:)` (or the `@main` struct's initializer in SwiftUI). Read more: https://firebase.google.com/docs/ios/setup#initialize_firebase_in_your_app
Test Case '-[Yoga_of_EatingTests.RecentMealsFeatureTests test_getRecentUniqueMeals_excludesMealsOlderThan3Days]' started.
2026-05-15 06:34:28.428334+0530 Yoga of Eating[16053:128807] [[FirebaseCore]] 12.7.0 - [FirebaseCore][I-COR000003] The default Firebase app has not yet been configured. Add `FirebaseApp.configure()` to your application initialization. This can be done in in the App Delegate's application(_:didFinishLaunchingWithOptions:)` (or the `@main` struct's initializer in SwiftUI). Read more: https://firebase.google.com/docs/ios/setup#initialize_firebase_in_your_app
Test Case '-[Yoga_of_EatingTests.RecentMealsFeatureTests test_getRecentUniqueMeals_excludesMealsOlderThan3Days]' passed (0.000 seconds).
Test Case '-[Yoga_of_EatingTests.RecentMealsFeatureTests test_getRecentUniqueMeals_returnsMealsFromAllThreePastDays]' started.
2026-05-15 06:34:28.428937+0530 Yoga of Eating[16053:128731] [[FirebaseCore]] 12.7.0 - [FirebaseCore][I-COR000003] The deTest Case '-[Yoga_of_EatingTests.RecentMealsFeatureTests test_getRecentUniqueMeals_returnsMealsFromAllThreePastDays]' passed (0.000 seconds).
fault Firebase app has not yet been configured. Add `FirebaseApp.configure()` to your application initialization. This can be done in in the App Delegate's application(_:didFinishLaunchingWithOptions:)` (or the `@main` struct's initializer in SwiftUI). Read more: https://firebase.google.com/docs/ios/setup#initialize_firebase_in_your_app
Test Case '-[Yoga_of_EatingTests.RecentMealsFeatureTests test_getRecentUniqueMeals_returnsYesterdaysMeals]' started.
2026-05-15 06:34:28.429621+0530 Yoga of Eating[16053:128809] [[FirebaseCore]] 12.7.0 - [FirebaseCore][I-COR000003] The default Firebase app has not yet been configured. Add `FirebaseApp.configure()` to your application initialization. This can be done in in the App Delegate's application(_:didFinishLaunchingWithOptions:)` (or the `@main` struct's initializer in SwiftUI). Read more: https://firebase.google.com/docs/ios/setup#initialize_firebase_in_your_app
Test Case '-[Yoga_of_EatingTests.RecentMealsFeatureTests test_getRecentUniqueMeals_returnsYesterdaysMeals]' passed (0.000 seconds).
Test Case '-[Yoga_of_EatingTests.RecentMealsFeatureTests test_getRecentUniqueMeals_withNoHistoricalData_returnsEmpty]' started.
2026-05-15 06:34:28.430140+0530 Yoga of Eating[16053:128807] [[FirebaseCore]] 12.7.0 - [FirebaseCore][I-COR000003] The default FirTest Case '-[Yoga_of_EatingTests.RecentMealsFeatureTests test_getRecentUniqueMeals_withNoHistoricalData_returnsEmpty]' passed (0.000 seconds).
ebase app has not yet been configured. Add `FirebaseApp.configure()` to your application initialization. This can be done in in the App Delegate's application(_:didFinishLaunchingWithOptions:)` (or the `@main` struct's initializer in SwiftUI). Read more: https://firebase.google.com/docs/ios/setup#initialize_firebase_in_your_app
Test Case '-[Yoga_of_EatingTests.RecentMealsFeatureTests test_recentMealsButtonVisibility_falseWhenFocused]' started.
2026-05-15 06:34:28.432237+0530 Yoga of Eating[16053:128731] [[FirebaseCore]] 12.7.0 - [FirebaseCore][I-COR000003] The default Firebase app has not yet been configured. Add `FirebaseApp.configure()` to your application initialization. This can be done in in the App Delegate's application(_:didFinishLaunchingWithOptions:)` (or the `@main` struct's initializer in SwiftUI). Read more: https://firebase.google.com/docs/ios/setup#initialize_firebase_in_your_app
Test Case '-[Yoga_of_EatingTests.RecentMealsFeatureTests test_recentMealsButtonVisibility_falseWhenFocused]' passed (0.000 seconds).
Test Case '-[Yoga_of_EatingTests.RecentMealsFeatureTests test_recentMealsButtonVisibility_trueWhenNotFocused_noData]' started.
2026-05-15 06:34:28.432775+0530 Yoga of Eating[16053:128733] [[FirebaseCore]] 12.7.0 - [FirebaseCore][I-COR000003] The default FiTest Case '-[Yoga_of_EatingTests.RecentMealsFeatureTests test_recentMealsButtonVisibility_trueWhenNotFocused_noData]' passed (0.000 seconds).
rebase app has not yet been configured. Add `FirebaseApp.configure()` to your application initialization. This can be done in in the App Delegate's application(_:didFinishLaunchingWithOptions:)` (or the `@main` struct's initializer in SwiftUI). Read more: https://firebase.google.com/docs/ios/setup#initialize_firebase_in_your_app
Test Case '-[Yoga_of_EatingTests.RecentMealsFeatureTests test_recentMealsButtonVisibility_trueWhenNotFocused_withData]' started.
2026-05-15 06:34:28.434187+0530 Yoga of Eating[16053:128807] [[FirebaseCore]] 12.7.0 - [FirebaseCore][I-COR000003] The default Firebase app has not yet been configured. Add `FirebaseApp.configure()` to your application initialization. This can be done in in the App Delegate's application(_:didFinishLaunchingWithOptions:)` (or the `@main` struct's initializer in SwiftUI). Read more: https://firebase.google.com/docs/ios/setup#initialize_firebase_in_your_app
Test Case '-[Yoga_of_EatingTests.RecentMealsFeatureTests test_recentMealsButtonVisibility_trueWhenNotFocused_withData]' passed (0.000 seconds).
Test Suite 'RecentMealsFeatureTests' passed at 2026-05-15 06:34:28.434.
	 Executed 10 tests, with 0 failures (0 unexpected) in 0.004 (0.013) seconds
Test Suite 'RecentMealsSheetViewTests' started at 2026-05-15 06:34:28.435.
Test Case '-[Yoga_of_EatingTests.RecentMealsSheetViewTests test_emptyMeals_viewInitializes]' started.
Test Case '-[Yoga_of_EatingTests.RecentMealsSheetViewTests test_emptyMeals_viewInitializes]' passed (0.010 seconds).
Test Case '-[Yoga_of_EatingTests.RecentMealsSheetViewTests test_onSelectMeal_callbackReceivesMeal]' started.
Test Case '-[Yoga_of_EatingTests.RecentMealsSheetViewTests test_onSelectMeal_callbackReceivesMeal]' passed (0.000 seconds).
Test Case '-[Yoga_of_EatingTests.RecentMealsSheetViewTests test_relativeDateString_threeDaysAgo_returnsDaysAgo]' started.
Test Case '-[Yoga_of_EatingTests.RecentMealsSheetViewTests test_relativeDateString_threeDaysAgo_returnsDaysAgo]' passed (0.001 seconds).
Test Case '-[Yoga_of_EatingTests.RecentMealsSheetViewTests test_relativeDateString_today_returnsToday]' started.
Test Case '-[Yoga_of_EatingTests.RecentMealsSheetViewTests test_relativeDateString_today_returnsToday]' passed (0.000 seconds).
Test Case '-[Yoga_of_EatingTests.RecentMealsSheetViewTests test_relativeDateString_twoDaysAgo_returnsDaysAgo]' started.
Test Case '-[Yoga_of_EatingTests.RecentMealsSheetViewTests test_relativeDateString_twoDaysAgo_returnsDaysAgo]' passed (0.000 seconds).
Test Case '-[Yoga_of_EatingTests.RecentMealsSheetViewTests test_relativeDateString_yesterday_returnsYesterday]' started.
Test Case '-[Yoga_of_EatingTests.RecentMealsSheetViewTests test_relativeDateString_yesterday_returnsYesterday]' passed (0.000 seconds).
Test Suite 'RecentMealsSheetViewTests' passed at 2026-05-15 06:34:28.448.
	 Executed 6 tests, with 0 failures (0 unexpected) in 0.012 (0.013) seconds
Test Suite 'ReflectDataModelTests' started at 2026-05-15 06:34:28.448.
Test Case '-[Yoga_of_EatingTests.ReflectDataModelTests test_defaultInit_hasNoContent]' started.
Test Case '-[Yoga_of_EatingTests.ReflectDataModelTests test_defaultInit_hasNoContent]' passed (0.000 seconds).
Test Case '-[Yoga_of_EatingTests.ReflectDataModelTests test_encodeDecode_nilFieldsRoundTrip]' started.
Test Case '-[Yoga_of_EatingTests.ReflectDataModelTests test_encodeDecode_nilFieldsRoundTrip]' passed (0.000 seconds).
Test Case '-[Yoga_of_EatingTests.ReflectDataModelTests test_encodeDecode_roundTrip]' started.
Test Case '-[Yoga_of_EatingTests.ReflectDataModelTests test_encodeDecode_roundTrip]' passed (0.000 seconds).
Test Case '-[Yoga_of_EatingTests.ReflectDataModelTests test_equatable]' started.
Test Case '-[Yoga_of_EatingTests.ReflectDataModelTests test_equatable]' passed (0.000 seconds).
Test Case '-[Yoga_of_EatingTests.ReflectDataModelTests test_hasContent_falseForWhitespaceOnlyText]' started.
Test Case '-[Yoga_of_EatingTests.ReflectDataModelTests test_hasContent_falseForWhitespaceOnlyText]' passed (0.000 seconds).
Test Case '-[Yoga_of_EatingTests.ReflectDataModelTests test_hasContent_trueWhenFeelingSet]' started.
Test Case '-[Yoga_of_EatingTests.ReflectDataModelTests test_hasContent_trueWhenFeelingSet]' passed (0.000 seconds).
Test Case '-[Yoga_of_EatingTests.ReflectDataModelTests test_hasContent_trueWhenJournalTextSet]' started.
Test Case '-[Yoga_of_EatingTests.ReflectDataModelTests test_hasContent_trueWhenJournalTextSet]' passed (0.000 seconds).
Test Suite 'ReflectDataModelTests' passed at 2026-05-15 06:34:28.452.
	 Executed 7 tests, with 0 failures (0 unexpected) in 0.002 (0.004) seconds
Test Suite 'RetryTests' started at 2026-05-15 06:34:28.452.
Test Case '-[Yoga_of_EatingTests.RetryTests test_restore_authFailure_doesNotRetry]' started.
2026-05-15 06:34:28.452359+0530 Yoga of Eating[16053:128707] [HistoricalSync] Restore attempted without authenticated user
Test Case '-[Yoga_of_EatingTests.RetryTests test_restore_authFailure_doesNotRetry]' passed (0.001 seconds).
Test Case '-[Yoga_of_EatingTests.RetryTests test_restore_failsAfterMaxRetryAttempts]' started.
2026-05-15 06:34:28.454890+0530 Yoga of Eating[16053:128707] [HistoricalSync] Attempt 1/3 failed: Fetch failed (simulated transient). Retrying.
2026-05-15 06:34:28.455004+0530 Yoga of Eating[16053:128707] [HistoricalSync] Attempt 2/3 failed: Fetch failed (simulated transient). Retrying.
2026-05-15 06:34:28.455770+0530 Yoga of Eating[16053:128707] [HistoricalSync] Operation failed after 3 attempts
Test Case '-[Yoga_of_EatingTests.RetryTests test_restore_failsAfterMaxRetryAttempts]' passed (0.003 seconds).
Test Case '-[Yoga_of_EatingTests.RetryTests test_restore_onFirstAttemptSuccess_callsFetchExactlyOnce]' started.
2026-05-15 06:34:28.456490+0530 Yoga of Eating[16053:128707] [HistoricalSync] Restore: fetched 0 snapshots for user
Test Case '-[Yoga_of_EatingTests.RetryTests test_restore_onFirstAttemptSuccess_callsFetchExactlyOnce]' passed (0.001 seconds).
Test Case '-[Yoga_of_EatingTests.RetryTests test_restore_retriesOnTransientFailure_andSucceedsOnSecondAttempt]' started.
2026-05-15 06:34:28.457238+0530 Yoga of Eating[16053:128707] [HistoricalSync] Attempt 1/3 failed: Fetch failed (simulated transient). Retrying.
2026-05-15 06:34:28.457333+0530 Yoga of Eating[16053:128707] [HistoricalSync] Restore: fetched 0 snapshots for user
Test Case '-[Yoga_of_EatingTests.RetryTests test_restore_retriesOnTransientFailure_andSucceedsOnSecondAttempt]' passed (0.001 seconds).
Test Case '-[Yoga_of_EatingTests.RetryTests test_sync_failsAfterMaxRetryAttempts]' started.
2026-05-15 06:34:28.458522+0530 Yoga of Eating[16053:128707] [HistoricalSync] Full sync: 1 snapshots
2026-05-15 06:34:28.458567+0530 Yoga of Eating[16053:128707] [HistoricalSync] Attempt 1/3 failed: Batch upload failed (simulated transient). Retrying.
2026-05-15 06:34:28.458622+0530 Yoga of Eating[16053:128707] [HistoricalSync] Attempt 2/3 failed: Batch upload failed (simulated transient). Retrying.
2026-05-15 06:34:28.458678+0530 Yoga of Eating[16053:128707] [HistoricalSync] Operation failed after 3 attempts
Test Case '-[Yoga_of_EatingTests.RetryTests test_sync_failsAfterMaxRetryAttempts]' passed (0.001 seconds).
Test Case '-[Yoga_of_EatingTests.RetryTests test_sync_retriesOnTransientFailure_andSucceedsOnSecondAttempt]' started.
2026-05-15 06:34:28.459311+0530 Yoga of Eating[16053:128707] [HistoricalSync] Full sync: 1 snapshots
2026-05-15 06:34:28.461155+0530 Yoga of Eating[16053:128707] [HistoricalSync] Attempt 1/3 failed: Batch upload failed (simulated transient). Retrying.
2026-05-15 06:34:28.461242+0530 Yoga of Eating[16053:128707] [HistoricalSync] Sync completed at 2026-05-15 01:04:28 +0000
Test Case '-[Yoga_of_EatingTests.RetryTests test_sync_retriesOnTransientFailure_andSucceedsOnSecondAttempt]' passed (0.002 seconds).
Test Suite 'RetryTests' passed at 2026-05-15 06:34:28.462.
	 Executed 6 tests, with 0 failures (0 unexpected) in 0.008 (0.010) seconds
Test Suite 'ScoreBreakdownSheetTests' started at 2026-05-15 06:34:28.462.
Test Case '-[Yoga_of_EatingTests.ScoreBreakdownSheetTests test_scoreBreakdownViewModel_displayInsight_fallsBackToTemplate]' started.
2026-05-15 06:34:28.462411+0530 Yoga of Eating[16053:128731] [[FirebaseCore]] 12.7.0 - [FirebaseCore][I-COR000003] The default Firebase app has not yet been configured. Add `FirebaseApp.configure()` to your application initialization. This can be done in in the App Delegate's application(_:didFinishLaunchingWithOptions:)` (or the `@main` struct's initializer in SwiftUI). Read more: https://firebase.google.com/docs/ios/setup#initialize_firebase_in_your_app
Test Case '-[Yoga_of_EatingTests.ScoreBreakdownSheetTests test_scoreBreakdownViewModel_displayInsight_fallsBackToTemplate]' passed (0.002 seconds).
Test Case '-[Yoga_of_EatingTests.ScoreBreakdownSheetTests test_scoreBreakdownViewModel_displayInsight_usesAIInsight]' started.
2026-05-15 06:34:28.464112+0530 Yoga of Eating[16053:128733] [[FirebaseCore]] 12.7.0 - [FirebaseCore][I-COR000003] The default Firebase app has not yet been configured. Add `FirebaseApp.configure()` to your application initialization. This can be done in in the App Delegate's application(_:didFinishLaunchingWithOptions:)` (or the `@main` struct's initializer in SwiftUI). Read more: https://firebase.google.com/docs/ios/setup#initialize_firebase_in_your_app
Test Case '-[Yoga_of_EatingTests.ScoreBreakdownSheetTests test_scoreBreakdownViewModel_displayInsight_usesAIInsight]' passed (0.000 seconds).
Test Case '-[Yoga_of_EatingTests.ScoreBreakdownSheetTests test_scoreBreakdownViewModel_formattedScore]' started.
2026-05-15 06:34:28.464607+0530 Yoga of Eating[16053:128730] [[FirebaseCore]] 12.7.0 - [FirebaseCore][I-COR000003] The defaulTest Case '-[Yoga_of_EatingTests.ScoreBreakdownSheetTests test_scoreBreakdownViewModel_formattedScore]' passed (0.000 seconds).
t Firebase app has not yet been configured. Add `FirebaseApp.configure()` to your application initialization. This can be done in in the App Delegate's application(_:didFinishLaunchingWithOptions:)` (or the `@main` struct's initializer in SwiftUI). Read more: https://firebase.google.com/docs/ios/setup#initialize_firebase_in_your_app
Test Case '-[Yoga_of_EatingTests.ScoreBreakdownSheetTests test_scoreBreakdownViewModel_mealDescription]' started.
2026-05-15 06:34:28.467030+0530 Yoga of Eating[16053:128730] [[FirebaseCore]] 12.7.0 - [FirebaseCore][I-COR000003] The default Firebase app has not yet been configured. Add `FirebaseApp.configure()` to your application initialization. This can be done in in the App Delegate's application(_:didFinishLaunchingWithOptions:)` (or the `@main` struct's initializer in SwiftUI). Read more: https://firebase.google.com/docs/ios/setup#initialize_firebase_in_your_app
Test Case '-[Yoga_of_EatingTests.ScoreBreakdownSheetTests test_scoreBreakdownViewModel_mealDescription]' passed (0.000 seconds).
Test Case '-[Yoga_of_EatingTests.ScoreBreakdownSheetTests test_scoreBreakdownViewModel_mealDescription_handlesEmptyItems]' started.
2026-05-15 06:34:28.467480+0530 Yoga of Eating[16053:128731] [[FirebaseCore]] 12.7.0 - [FirebaseCore][I-COR000003] The default Firebase app has not yet been configured. Add `FirebaseApp.configure()` to your application initialization. This can be done in in the AppTest Case '-[Yoga_of_EatingTests.ScoreBreakdownSheetTests test_scoreBreakdownViewModel_mealDescription_handlesEmptyItems]' passed (0.000 seconds).
 Delegate's application(_:didFinishLaunchingWithOptions:)` (or the `@main` struct's initializer in SwiftUI). Read more: https://firebase.google.com/docs/ios/setup#initialize_firebase_in_your_app
Test Case '-[Yoga_of_EatingTests.ScoreBreakdownSheetTests test_scoreReasoningGenerator_categorizes_excellentScore]' started.
Test Case '-[Yoga_of_EatingTests.ScoreBreakdownSheetTests test_scoreReasoningGenerator_categorizes_excellentScore]' passed (0.000 seconds).
Test Case '-[Yoga_of_EatingTests.ScoreBreakdownSheetTests test_scoreReasoningGenerator_categorizes_goodScore]' started.
Test Case '-[Yoga_of_EatingTests.ScoreBreakdownSheetTests test_scoreReasoningGenerator_categorizes_goodScore]' passed (0.000 seconds).
Test Case '-[Yoga_of_EatingTests.ScoreBreakdownSheetTests test_scoreReasoningGenerator_categorizes_moderateScore]' started.
Test Case '-[Yoga_of_EatingTests.ScoreBreakdownSheetTests test_scoreReasoningGenerator_categorizes_moderateScore]' passed (0.000 seconds).
Test Case '-[Yoga_of_EatingTests.ScoreBreakdownSheetTests test_scoreReasoningGenerator_categorizes_poorScore]' started.
Test Case '-[Yoga_of_EatingTests.ScoreBreakdownSheetTests test_scoreReasoningGenerator_categorizes_poorScore]' passed (0.000 seconds).
Test Case '-[Yoga_of_EatingTests.ScoreBreakdownSheetTests test_scoreReasoningGenerator_generatesReasoning_forHighProteinMeal]' started.
Test Case '-[Yoga_of_EatingTests.ScoreBreakdownSheetTests test_scoreReasoningGenerator_generatesReasoning_forHighProteinMeal]' passed (0.000 seconds).
Test Case '-[Yoga_of_EatingTests.ScoreBreakdownSheetTests test_scoreReasoningGenerator_generatesReasoning_forUnhealthyMeal]' started.
Test Case '-[Yoga_of_EatingTests.ScoreBreakdownSheetTests test_scoreReasoningGenerator_generatesReasoning_forUnhealthyMeal]' passed (0.000 seconds).
Test Case '-[Yoga_of_EatingTests.ScoreBreakdownSheetTests test_scoreReasoningGenerator_includesMealItems_inReasoning]' started.
Test Case '-[Yoga_of_EatingTests.ScoreBreakdownSheetTests test_scoreReasoningGenerator_includesMealItems_inReasoning]' passed (0.002 seconds).
Test Case '-[Yoga_of_EatingTests.ScoreBreakdownSheetTests test_scoreReasoningGenerator_returnsEmptyString_forEmptyMeal]' started.
Test Case '-[Yoga_of_EatingTests.ScoreBreakdownSheetTests test_scoreReasoningGenerator_returnsEmptyString_forEmptyMeal]' passed (0.000 seconds).
Test Case '-[Yoga_of_EatingTests.ScoreBreakdownSheetTests test_scoreReasoningGenerator_returnsEmptyString_whenNotAnalyzed]' started.
Test Case '-[Yoga_of_EatingTests.ScoreBreakdownSheetTests test_scoreReasoningGenerator_returnsEmptyString_whenNotAnalyzed]' passed (0.000 seconds).
Test Suite 'ScoreBreakdownSheetTests' passed at 2026-05-15 06:34:28.474.
	 Executed 14 tests, with 0 failures (0 unexpected) in 0.007 (0.012) seconds
Test Suite 'ScoringThresholdsTests' started at 2026-05-15 06:34:28.474.
Test Case '-[Yoga_of_EatingTests.ScoringThresholdsTests test_allThresholds_areInStandaloneFile]' started.
Test Case '-[Yoga_of_EatingTests.ScoringThresholdsTests test_allThresholds_areInStandaloneFile]' passed (0.000 seconds).
Test Case '-[Yoga_of_EatingTests.ScoringThresholdsTests test_caloriePillApproachingFraction_isExactlySeventyPercent]' started.
Test Case '-[Yoga_of_EatingTests.ScoringThresholdsTests test_caloriePillApproachingFraction_isExactlySeventyPercent]' passed (0.000 seconds).
Test Case '-[Yoga_of_EatingTests.ScoringThresholdsTests test_caloriePillOverFraction_isExactlyNinetyFivePercent]' started.
Test Case '-[Yoga_of_EatingTests.ScoringThresholdsTests test_caloriePillOverFraction_isExactlyNinetyFivePercent]' passed (0.000 seconds).
Test Case '-[Yoga_of_EatingTests.ScoringThresholdsTests test_caloriePillThresholds_approachingIsLessThanOver]' started.
Test Case '-[Yoga_of_EatingTests.ScoringThresholdsTests test_caloriePillThresholds_approachingIsLessThanOver]' passed (0.000 seconds).
Test Case '-[Yoga_of_EatingTests.ScoringThresholdsTests test_caloriePillThresholds_areInValidRange]' started.
Test Case '-[Yoga_of_EatingTests.ScoringThresholdsTests test_caloriePillThresholds_areInValidRange]' passed (0.000 seconds).
Test Case '-[Yoga_of_EatingTests.ScoringThresholdsTests test_foodDebtBadDay_isBetweenUnhealthyAndHealthy]' started.
Test Case '-[Yoga_of_EatingTests.ScoringThresholdsTests test_foodDebtBadDay_isBetweenUnhealthyAndHealthy]' passed (0.000 seconds).
Test Case '-[Yoga_of_EatingTests.ScoringThresholdsTests test_healthyThreshold_isGreaterThanUnhealthyThreshold]' started.
Test Case '-[Yoga_of_EatingTests.ScoringThresholdsTests test_healthyThreshold_isGreaterThanUnhealthyThreshold]' passed (0.000 seconds).
Test Case '-[Yoga_of_EatingTests.ScoringThresholdsTests test_healthyThreshold_isWithinZeroToOne]' started.
Test Case '-[Yoga_of_EatingTests.ScoringThresholdsTests test_healthyThreshold_isWithinZeroToOne]' passed (0.000 seconds).
Test Case '-[Yoga_of_EatingTests.ScoringThresholdsTests test_high_isAboveHealthy]' started.
Test Case '-[Yoga_of_EatingTests.ScoringThresholdsTests test_high_isAboveHealthy]' passed (0.000 seconds).
Test Case '-[Yoga_of_EatingTests.ScoringThresholdsTests test_minimumConsistentDays_isPositive]' started.
Test Case '-[Yoga_of_EatingTests.ScoringThresholdsTests test_minimumConsistentDays_isPositive]' passed (0.000 seconds).
Test Case '-[Yoga_of_EatingTests.ScoringThresholdsTests test_neutral_isExactlyHalf]' started.
Test Case '-[Yoga_of_EatingTests.ScoringThresholdsTests test_neutral_isExactlyHalf]' passed (0.000 seconds).
Test Case '-[Yoga_of_EatingTests.ScoringThresholdsTests test_unhealthyThreshold_isWithinZeroToOne]' started.
Test Case '-[Yoga_of_EatingTests.ScoringThresholdsTests test_unhealthyThreshold_isWithinZeroToOne]' passed (0.000 seconds).
Test Suite 'ScoringThresholdsTests' passed at 2026-05-15 06:34:28.484.
	 Executed 12 tests, with 0 failures (0 unexpected) in 0.004 (0.010) seconds
Test Suite 'SensoryServiceTests' started at 2026-05-15 06:34:28.484.
Test Case '-[Yoga_of_EatingTests.SensoryServiceTests test_playNudge_capturesCorrectStyle_forHeavy]' started.
Test Case '-[Yoga_of_EatingTests.SensoryServiceTests test_playNudge_capturesCorrectStyle_forHeavy]' passed (0.000 seconds).
Test Case '-[Yoga_of_EatingTests.SensoryServiceTests test_playNudge_capturesCorrectStyle_forLight]' started.
Test Case '-[Yoga_of_EatingTests.SensoryServiceTests test_playNudge_capturesCorrectStyle_forLight]' passed (0.000 seconds).
Test Case '-[Yoga_of_EatingTests.SensoryServiceTests test_playNudge_capturesCorrectStyle_forMedium]' started.
Test Case '-[Yoga_of_EatingTests.SensoryServiceTests test_playNudge_capturesCorrectStyle_forMedium]' passed (0.000 seconds).
Test Case '-[Yoga_of_EatingTests.SensoryServiceTests test_playNudge_capturesCorrectStyle_forSoft]' started.
Test Case '-[Yoga_of_EatingTests.SensoryServiceTests test_playNudge_capturesCorrectStyle_forSoft]' passed (0.004 seconds).
Test Case '-[Yoga_of_EatingTests.SensoryServiceTests test_playSound_capturesCorrectName_forChime]' started.
Test Case '-[Yoga_of_EatingTests.SensoryServiceTests test_playSound_capturesCorrectName_forChime]' passed (0.000 seconds).
Test Case '-[Yoga_of_EatingTests.SensoryServiceTests test_playSound_capturesCorrectName_forThump]' started.
Test Case '-[Yoga_of_EatingTests.SensoryServiceTests test_playSound_capturesCorrectName_forThump]' passed (0.000 seconds).
Test Case '-[Yoga_of_EatingTests.SensoryServiceTests test_playSound_capturesCorrectName_forTink]' started.
Test Case '-[Yoga_of_EatingTests.SensoryServiceTests test_playSound_capturesCorrectName_forTink]' passed (0.000 seconds).
Test Case '-[Yoga_of_EatingTests.SensoryServiceTests test_playSound_forSmileyState_selectsCorrectSound_whenScaleAbove1]' started.
Test Case '-[Yoga_of_EatingTests.SensoryServiceTests test_playSound_forSmileyState_selectsCorrectSound_whenScaleAbove1]' passed (0.000 seconds).
Test Case '-[Yoga_of_EatingTests.SensoryServiceTests test_playSound_forSmileyState_selectsCorrectSound_whenScaleBelow1]' started.
Test Case '-[Yoga_of_EatingTests.SensoryServiceTests test_playSound_forSmileyState_selectsCorrectSound_whenScaleBelow1]' passed (0.000 seconds).
Test Case '-[Yoga_of_EatingTests.SensoryServiceTests test_playSound_usesDefaultSound_forUnknownName]' started.
Test Case '-[Yoga_of_EatingTests.SensoryServiceTests test_playSound_usesDefaultSound_forUnknownName]' passed (0.000 seconds).
Test Suite 'SensoryServiceTests' passed at 2026-05-15 06:34:28.494.
	 Executed 10 tests, with 0 failures (0 unexpected) in 0.007 (0.010) seconds
Test Suite 'SettingsHealthInsightsTests' started at 2026-05-15 06:34:28.494.
Test Case '-[Yoga_of_EatingTests.SettingsHealthInsightsTests test_healthData_neverLeavesDevice]' started.
Test Case '-[Yoga_of_EatingTests.SettingsHealthInsightsTests test_healthData_neverLeavesDevice]' passed (0.010 seconds).
Test Case '-[Yoga_of_EatingTests.SettingsHealthInsightsTests test_healthInsights_displayCorrectBMI]' started.
Test Case '-[Yoga_of_EatingTests.SettingsHealthInsightsTests test_healthInsights_displayCorrectBMI]' passed (0.002 seconds).
Test Case '-[Yoga_of_EatingTests.SettingsHealthInsightsTests test_healthInsights_displayCorrectRiskLevel_highRisk]' started.
Test Case '-[Yoga_of_EatingTests.SettingsHealthInsightsTests test_healthInsights_displayCorrectRiskLevel_highRisk]' passed (0.002 seconds).
Test Case '-[Yoga_of_EatingTests.SettingsHealthInsightsTests test_healthInsights_displayCorrectRiskLevel_lowRisk]' started.
Test Case '-[Yoga_of_EatingTests.SettingsHealthInsightsTests test_healthInsights_displayCorrectRiskLevel_lowRisk]' passed (0.002 seconds).
Test Case '-[Yoga_of_EatingTests.SettingsHealthInsightsTests test_healthInsights_displayCorrectRiskLevel_mediumRisk]' started.
Test Case '-[Yoga_of_EatingTests.SettingsHealthInsightsTests test_healthInsights_displayCorrectRiskLevel_mediumRisk]' passed (0.002 seconds).
Test Case '-[Yoga_of_EatingTests.SettingsHealthInsightsTests test_healthInsights_displayCorrectTDEE]' started.
Test Case '-[Yoga_of_EatingTests.SettingsHealthInsightsTests test_healthInsights_displayCorrectTDEE]' passed (0.002 seconds).
Test Case '-[Yoga_of_EatingTests.SettingsHealthInsightsTests test_healthInsights_formatsCorrectly]' started.
Test Case '-[Yoga_of_EatingTests.SettingsHealthInsightsTests test_healthInsights_formatsCorrectly]' passed (0.002 seconds).
Test Case '-[Yoga_of_EatingTests.SettingsHealthInsightsTests test_healthInsights_handlesInvalidAge]' started.
Test Case '-[Yoga_of_EatingTests.SettingsHealthInsightsTests test_healthInsights_handlesInvalidAge]' passed (0.001 seconds).
Test Case '-[Yoga_of_EatingTests.SettingsHealthInsightsTests test_healthInsights_handlesInvalidHeight]' started.
Test Case '-[Yoga_of_EatingTests.SettingsHealthInsightsTests test_healthInsights_handlesInvalidHeight]' passed (0.001 seconds).
Test Case '-[Yoga_of_EatingTests.SettingsHealthInsightsTests test_healthInsights_handlesInvalidWeight]' started.
Test Case '-[Yoga_of_EatingTests.SettingsHealthInsightsTests test_healthInsights_handlesInvalidWeight]' passed (0.001 seconds).
Test Case '-[Yoga_of_EatingTests.SettingsHealthInsightsTests test_healthInsightsSection_showsOnlyWhenEnabled]' started.
Test Case '-[Yoga_of_EatingTests.SettingsHealthInsightsTests test_healthInsightsSection_showsOnlyWhenEnabled]' passed (0.001 seconds).
Test Case '-[Yoga_of_EatingTests.SettingsHealthInsightsTests test_showHealthInsights_defaultsToFalse]' started.
Test Case '-[Yoga_of_EatingTests.SettingsHealthInsightsTests test_showHealthInsights_defaultsToFalse]' passed (0.001 seconds).
Test Case '-[Yoga_of_EatingTests.SettingsHealthInsightsTests test_showHealthInsightsToggle_persistsValue]' started.
Test Case '-[Yoga_of_EatingTests.SettingsHealthInsightsTests test_showHealthInsightsToggle_persistsValue]' passed (0.001 seconds).
Test Suite 'SettingsHealthInsightsTests' passed at 2026-05-15 06:34:28.525.
	 Executed 13 tests, with 0 failures (0 unexpected) in 0.028 (0.030) seconds
Test Suite 'SettingsViewModelTests' started at 2026-05-15 06:34:28.525.
Test Case '-[Yoga_of_EatingTests.SettingsViewModelTests test_settingsViewModel_signInWithGoogle_isCalledThroughViewModel_notDirectly]' started.
Test Case '-[Yoga_of_EatingTests.SettingsViewModelTests test_settingsViewModel_signInWithGoogle_isCalledThroughViewModel_notDirectly]' passed (0.001 seconds).
Test Case '-[Yoga_of_EatingTests.SettingsViewModelTests test_signInWithGoogle_failure_setsAuthError]' started.
2026-05-15 06:34:28.527196+0530 Yoga of Eating[16053:128707] [Settings] Google sign-in failed: Mock Error
Test Case '-[Yoga_of_EatingTests.SettingsViewModelTests test_signInWithGoogle_failure_setsAuthError]' passed (0.001 seconds).
Test Case '-[Yoga_of_EatingTests.SettingsViewModelTests test_signInWithGoogle_success_clearsAuthError]' started.
2026-05-15 06:34:28.528721+0530 Yoga of Eating[16053:128707] [Settings] Google sign-in succeeded
Test Case '-[Yoga_of_EatingTests.SettingsViewModelTests test_signInWithGoogle_success_clearsAuthError]' passed (0.001 seconds).
Test Case '-[Yoga_of_EatingTests.SettingsViewModelTests test_syncWithHealthKit_gender_largeOutOfRangeValue_isClamped]' started.
Test Case '-[Yoga_of_EatingTests.SettingsViewModelTests test_syncWithHealthKit_gender_largeOutOfRangeValue_isClamped]' passed (0.002 seconds).
Test Case '-[Yoga_of_EatingTests.SettingsViewModelTests test_syncWithHealthKit_gender_maxValidValue_isThree]' started.
Test Case '-[Yoga_of_EatingTests.SettingsViewModelTests test_syncWithHealthKit_gender_maxValidValue_isThree]' passed (0.002 seconds).
Test Case '-[Yoga_of_EatingTests.SettingsViewModelTests test_syncWithHealthKit_gender_negativeValue_isClamped]' started.
Test Case '-[Yoga_of_EatingTests.SettingsViewModelTests test_syncWithHealthKit_gender_negativeValue_isClamped]' passed (0.001 seconds).
Test Case '-[Yoga_of_EatingTests.SettingsViewModelTests test_syncWithHealthKit_gender_outOfRangeValue_4_isClamped]' started.
Test Case '-[Yoga_of_EatingTests.SettingsViewModelTests test_syncWithHealthKit_gender_outOfRangeValue_4_isClamped]' passed (0.002 seconds).
Test Case '-[Yoga_of_EatingTests.SettingsViewModelTests test_syncWithHealthKit_gender_validValue_0_isPreserved]' started.
Test Case '-[Yoga_of_EatingTests.SettingsViewModelTests test_syncWithHealthKit_gender_validValue_0_isPreserved]' passed (0.002 seconds).
Test Case '-[Yoga_of_EatingTests.SettingsViewModelTests test_syncWithHealthKit_gender_validValue_1_isPreserved]' started.
Test Case '-[Yoga_of_EatingTests.SettingsViewModelTests test_syncWithHealthKit_gender_validValue_1_isPreserved]' passed (0.001 seconds).
Test Case '-[Yoga_of_EatingTests.SettingsViewModelTests test_syncWithHealthKit_gender_validValue_2_isPreserved]' started.
Test Case '-[Yoga_of_EatingTests.SettingsViewModelTests test_syncWithHealthKit_gender_validValue_2_isPreserved]' passed (0.002 seconds).
Test Suite 'SettingsViewModelTests' passed at 2026-05-15 06:34:28.542.
	 Executed 10 tests, with 0 failures (0 unexpected) in 0.016 (0.017) seconds
Test Suite 'SettingsViewSyncTests' started at 2026-05-15 06:34:28.542.
Test Case '-[Yoga_of_EatingTests.SettingsViewSyncTests test_performSync_callsHistoricalService]' started.
2026-05-15 06:34:28.542621+0530 Yoga of Eating[16053:128707] [HistoricalSync] Full sync: 0 snapshots
2026-05-15 06:34:28.542670+0530 Yoga of Eating[16053:128707] [HistoricalSync] Sync completed at 2026-05-15 01:04:28 +0000
Test Case '-[Yoga_of_EatingTests.SettingsViewSyncTests test_performSync_callsHistoricalService]' passed (0.001 seconds).
Test Case '-[Yoga_of_EatingTests.SettingsViewSyncTests test_performSync_completesSuccessfully_whenNoErrors]' started.
2026-05-15 06:34:28.543352+0530 Yoga of Eating[16053:128707] [HistoricalSync] Full sync: 0 snapshots
2026-05-15 06:34:28.543391+0530 Yoga of Eating[16053:128707] [HistoricalSync] Sync completed at 2026-05-15 01:04:28 +0000
Test Case '-[Yoga_of_EatingTests.SettingsViewSyncTests test_performSync_completesSuccessfully_whenNoErrors]' passed (0.001 seconds).
Test Case '-[Yoga_of_EatingTests.SettingsViewSyncTests test_performSync_handlesAuthenticationError]' started.
2026-05-15 06:34:28.544013+0530 Yoga of Eating[16053:128707] [HistoricalSync] Sync attempted without authenticated user
Test Case '-[Yoga_of_EatingTests.SettingsViewSyncTests test_performSync_handlesAuthenticationError]' passed (0.000 seconds).
Test Case '-[Yoga_of_EatingTests.SettingsViewSyncTests test_performSync_throwsError_whenSyncFails]' started.
2026-05-15 06:34:28.544655+0530 Yoga of Eating[16053:128707] [HistoricalSync] Full sync: 1 snapshots
2026-05-15 06:34:28.544690+0530 Yoga of Eating[16053:128707] [HistoricalSync] Attempt 1/3 failed: Batch upload failed. Retrying.
2026-05-15 06:34:29.550674+0530 Yoga of Eating[16053:128707] [HistoricalSync] Attempt 2/3 failed: Batch upload failed. Retrying.
2026-05-15 06:34:30.559411+0530 Yoga of Eating[16053:128707] [HistoricalSync] Operation failed after 3 attempts
Test Case '-[Yoga_of_EatingTests.SettingsViewSyncTests test_performSync_throwsError_whenSyncFails]' passed (2.017 seconds).
Test Case '-[Yoga_of_EatingTests.SettingsViewSyncTests test_successState_revertsAfterDelay]' started.
2026-05-15 06:34:30.562595+0530 Yoga of Eating[16053:128707] [HistoricalSync] Full sync: 0 snapshots
2026-05-15 06:34:30.562815+0530 Yoga of Eating[16053:128707] [HistoricalSync] Sync completed at 2026-05-15 01:04:30 +0000
Test Case '-[Yoga_of_EatingTests.SettingsViewSyncTests test_successState_revertsAfterDelay]' passed (0.103 seconds).
Test Case '-[Yoga_of_EatingTests.SettingsViewSyncTests test_syncStatus_startsAsIdle]' started.
Test Case '-[Yoga_of_EatingTests.SettingsViewSyncTests test_syncStatus_startsAsIdle]' passed (0.001 seconds).
Test Suite 'SettingsViewSyncTests' passed at 2026-05-15 06:34:30.667.
	 Executed 6 tests, with 0 failures (0 unexpected) in 2.123 (2.125) seconds
Test Suite 'SimplifiedMealEntryTests' started at 2026-05-15 06:34:30.667.
Test Case '-[Yoga_of_EatingTests.SimplifiedMealEntryTests test_checkmarkIcon_hiddenWhenFocusedButEmpty]' started.
Test Case '-[Yoga_of_EatingTests.SimplifiedMealEntryTests test_checkmarkIcon_hiddenWhenFocusedButEmpty]' passed (0.001 seconds).
Test Case '-[Yoga_of_EatingTests.SimplifiedMealEntryTests test_checkmarkIcon_hiddenWhenNotFocused]' started.
Test Case '-[Yoga_of_EatingTests.SimplifiedMealEntryTests test_checkmarkIcon_hiddenWhenNotFocused]' passed (0.001 seconds).
Test Case '-[Yoga_of_EatingTests.SimplifiedMealEntryTests test_checkmarkIcon_visibleWhenFocusedWithContent]' started.
Test Case '-[Yoga_of_EatingTests.SimplifiedMealEntryTests test_checkmarkIcon_visibleWhenFocusedWithContent]' passed (0.001 seconds).
Test Case '-[Yoga_of_EatingTests.SimplifiedMealEntryTests test_emptyField_onlyTimestampShown]' started.
Test Case '-[Yoga_of_EatingTests.SimplifiedMealEntryTests test_emptyField_onlyTimestampShown]' passed (0.001 seconds).
Test Case '-[Yoga_of_EatingTests.SimplifiedMealEntryTests test_focusedEmptyField_onlyTimestampShown]' started.
Test Case '-[Yoga_of_EatingTests.SimplifiedMealEntryTests test_focusedEmptyField_onlyTimestampShown]' passed (0.001 seconds).
Test Case '-[Yoga_of_EatingTests.SimplifiedMealEntryTests test_footerButtonCount_maxTwo]' started.
Test Case '-[Yoga_of_EatingTests.SimplifiedMealEntryTests test_footerButtonCount_maxTwo]' passed (0.001 seconds).
Test Case '-[Yoga_of_EatingTests.SimplifiedMealEntryTests test_noDoneButtonLabel_reducesVisualClutter]' started.
Test Case '-[Yoga_of_EatingTests.SimplifiedMealEntryTests test_noDoneButtonLabel_reducesVisualClutter]' passed (0.001 seconds).
Test Suite 'SimplifiedMealEntryTests' passed at 2026-05-15 06:34:30.678.
	 Executed 7 tests, with 0 failures (0 unexpected) in 0.006 (0.011) seconds
Test Suite 'SleepDataModelTests' started at 2026-05-15 06:34:30.678.
Test Case '-[Yoga_of_EatingTests.SleepDataModelTests test_efficiency_calculatesCorrectly]' started.
Test Case '-[Yoga_of_EatingTests.SleepDataModelTests test_efficiency_calculatesCorrectly]' passed (0.001 seconds).
Test Case '-[Yoga_of_EatingTests.SleepDataModelTests test_efficiency_returnsZeroForZeroTimeInBed]' started.
Test Case '-[Yoga_of_EatingTests.SleepDataModelTests test_efficiency_returnsZeroForZeroTimeInBed]' passed (0.001 seconds).
Test Case '-[Yoga_of_EatingTests.SleepDataModelTests test_formattedDuration_formatsCorrectly]' started.
Test Case '-[Yoga_of_EatingTests.SleepDataModelTests test_formattedDuration_formatsCorrectly]' passed (0.001 seconds).
Test Case '-[Yoga_of_EatingTests.SleepDataModelTests test_sleepQuality_mapsScoreCorrectly]' started.
Test Case '-[Yoga_of_EatingTests.SleepDataModelTests test_sleepQuality_mapsScoreCorrectly]' passed (0.001 seconds).
Test Suite 'SleepDataModelTests' passed at 2026-05-15 06:34:30.683.
	 Executed 4 tests, with 0 failures (0 unexpected) in 0.003 (0.005) seconds
Test Suite 'SleepDataProcessorTests' started at 2026-05-15 06:34:30.683.
Test Case '-[Yoga_of_EatingTests.SleepDataProcessorTests test_calculateSessionDurations_countsOnlyAsleepTime]' started.
Test Case '-[Yoga_of_EatingTests.SleepDataProcessorTests test_calculateSessionDurations_countsOnlyAsleepTime]' passed (0.006 seconds).
Test Case '-[Yoga_of_EatingTests.SleepDataProcessorTests test_calculateSessionDurations_handlesREMAndDeepSleep]' started.
Test Case '-[Yoga_of_EatingTests.SleepDataProcessorTests test_calculateSessionDurations_handlesREMAndDeepSleep]' passed (0.001 seconds).
Test Case '-[Yoga_of_EatingTests.SleepDataProcessorTests test_calculateSleepScore_penalizesLowEfficiency]' started.
Test Case '-[Yoga_of_EatingTests.SleepDataProcessorTests test_calculateSleepScore_penalizesLowEfficiency]' passed (0.001 seconds).
Test Case '-[Yoga_of_EatingTests.SleepDataProcessorTests test_calculateSleepScore_penalizesShortSleep]' started.
Test Case '-[Yoga_of_EatingTests.SleepDataProcessorTests test_calculateSleepScore_penalizesShortSleep]' passed (0.001 seconds).
Test Case '-[Yoga_of_EatingTests.SleepDataProcessorTests test_calculateSleepScore_returns100ForIdealSleep]' started.
Test Case '-[Yoga_of_EatingTests.SleepDataProcessorTests test_calculateSleepScore_returns100ForIdealSleep]' passed (0.001 seconds).
Test Case '-[Yoga_of_EatingTests.SleepDataProcessorTests test_calculateSleepScore_returnsNilForZeroDuration]' started.
Test Case '-[Yoga_of_EatingTests.SleepDataProcessorTests test_calculateSleepScore_returnsNilForZeroDuration]' passed (0.001 seconds).
Test Case '-[Yoga_of_EatingTests.SleepDataProcessorTests test_identifySleepSessions_combinesSamplesWithSmallGaps]' started.
Test Case '-[Yoga_of_EatingTests.SleepDataProcessorTests test_identifySleepSessions_combinesSamplesWithSmallGaps]' passed (0.001 seconds).
Test Case '-[Yoga_of_EatingTests.SleepDataProcessorTests test_identifySleepSessions_returnsEmptyForNoSamples]' started.
Test Case '-[Yoga_of_EatingTests.SleepDataProcessorTests test_identifySleepSessions_returnsEmptyForNoSamples]' passed (0.001 seconds).
Test Case '-[Yoga_of_EatingTests.SleepDataProcessorTests test_identifySleepSessions_separatesSessionsByTwoHourGap]' started.
Test Case '-[Yoga_of_EatingTests.SleepDataProcessorTests test_identifySleepSessions_separatesSessionsByTwoHourGap]' passed (0.001 seconds).
Test Case '-[Yoga_of_EatingTests.SleepDataProcessorTests test_selectPreferredSource_prefersAppleWatch]' started.
Test Case '-[Yoga_of_EatingTests.SleepDataProcessorTests test_selectPreferredSource_prefersAppleWatch]' passed (0.001 seconds).
Test Case '-[Yoga_of_EatingTests.SleepDataProcessorTests test_selectPreferredSource_returnsNilForEmptySources]' started.
Test Case '-[Yoga_of_EatingTests.SleepDataProcessorTests test_selectPreferredSource_returnsNilForEmptySources]' passed (0.001 seconds).
Test Suite 'SleepDataProcessorTests' passed at 2026-05-15 06:34:30.701.
	 Executed 11 tests, with 0 failures (0 unexpected) in 0.012 (0.018) seconds
Test Suite 'SmartDefaultTabTests' started at 2026-05-15 06:34:30.702.
Test Case '-[Yoga_of_EatingTests.SmartDefaultTabTests test_afterNoon_noSleep_returnsEnergise]' started.
Test Case '-[Yoga_of_EatingTests.SmartDefaultTabTests test_afterNoon_noSleep_returnsEnergise]' passed (0.001 seconds).
Test Case '-[Yoga_of_EatingTests.SmartDefaultTabTests test_afterNoon_withSleep_returnsEnergise]' started.
Test Case '-[Yoga_of_EatingTests.SmartDefaultTabTests test_afterNoon_withSleep_returnsEnergise]' passed (0.001 seconds).
Test Case '-[Yoga_of_EatingTests.SmartDefaultTabTests test_atNoon_noSleep_returnsEnergise]' started.
Test Case '-[Yoga_of_EatingTests.SmartDefaultTabTests test_atNoon_noSleep_returnsEnergise]' passed (0.000 seconds).
Test Case '-[Yoga_of_EatingTests.SmartDefaultTabTests test_beforeNoon_noSleep_returnsHighlight]' started.
Test Case '-[Yoga_of_EatingTests.SmartDefaultTabTests test_beforeNoon_noSleep_returnsHighlight]' passed (0.000 seconds).
Test Case '-[Yoga_of_EatingTests.SmartDefaultTabTests test_beforeNoon_withSleep_returnsEnergise]' started.
Test Case '-[Yoga_of_EatingTests.SmartDefaultTabTests test_beforeNoon_withSleep_returnsEnergise]' passed (0.000 seconds).
Test Case '-[Yoga_of_EatingTests.SmartDefaultTabTests test_elevenAM_noSleep_returnsHighlight]' started.
Test Case '-[Yoga_of_EatingTests.SmartDefaultTabTests test_elevenAM_noSleep_returnsHighlight]' passed (0.000 seconds).
Test Case '-[Yoga_of_EatingTests.SmartDefaultTabTests test_midnight_noSleep_returnsHighlight]' started.
Test Case '-[Yoga_of_EatingTests.SmartDefaultTabTests test_midnight_noSleep_returnsHighlight]' passed (0.000 seconds).
Test Suite 'SmartDefaultTabTests' passed at 2026-05-15 06:34:30.711.
	 Executed 7 tests, with 0 failures (0 unexpected) in 0.003 (0.009) seconds
Test Suite 'SmileyViewTests' started at 2026-05-15 06:34:30.711.
Test Case '-[Yoga_of_EatingTests.SmileyViewTests test_emojiForMood_returnsCorrectEmoji]' started.
Test Case '-[Yoga_of_EatingTests.SmileyViewTests test_emojiForMood_returnsCorrectEmoji]' passed (0.000 seconds).
Test Case '-[Yoga_of_EatingTests.SmileyViewTests test_smileyPulse_activatesWhenTodayEmpty]' started.
Test Case '-[Yoga_of_EatingTests.SmileyViewTests test_smileyPulse_activatesWhenTodayEmpty]' passed (0.000 seconds).
Test Case '-[Yoga_of_EatingTests.SmileyViewTests test_smileyPulse_deactivatesAfterFirstMeal]' started.
Test Case '-[Yoga_of_EatingTests.SmileyViewTests test_smileyPulse_deactivatesAfterFirstMeal]' passed (0.000 seconds).
Test Case '-[Yoga_of_EatingTests.SmileyViewTests test_smileyPulse_neverActivatesOnHistoricalDays]' started.
Test Case '-[Yoga_of_EatingTests.SmileyViewTests test_smileyPulse_neverActivatesOnHistoricalDays]' passed (0.000 seconds).
Test Suite 'SmileyViewTests' passed at 2026-05-15 06:34:30.714.
	 Executed 4 tests, with 0 failures (0 unexpected) in 0.001 (0.004) seconds
Test Suite 'SnapshotPayloadBuilderTests' started at 2026-05-15 06:34:30.714.
Test Case '-[Yoga_of_EatingTests.SnapshotPayloadBuilderTests test_buildPayload_includesAppleSleepData_whenPresent]' started.
Test Case '-[Yoga_of_EatingTests.SnapshotPayloadBuilderTests test_buildPayload_includesAppleSleepData_whenPresent]' passed (0.002 seconds).
Test Case '-[Yoga_of_EatingTests.SnapshotPayloadBuilderTests test_buildPayload_includesDayName_healthScore_isToday]' started.
Test Case '-[Yoga_of_EatingTests.SnapshotPayloadBuilderTests test_buildPayload_includesDayName_healthScore_isToday]' passed (0.000 seconds).
Test Case '-[Yoga_of_EatingTests.SnapshotPayloadBuilderTests test_buildPayload_includesMeals_whenPresent]' started.
Test Case '-[Yoga_of_EatingTests.SnapshotPayloadBuilderTests test_buildPayload_includesMeals_whenPresent]' passed (0.001 seconds).
Test Case '-[Yoga_of_EatingTests.SnapshotPayloadBuilderTests test_buildPayload_includesMorningMindCheck_whenPresent]' started.
Test Case '-[Yoga_of_EatingTests.SnapshotPayloadBuilderTests test_buildPayload_includesMorningMindCheck_whenPresent]' passed (0.000 seconds).
Test Case '-[Yoga_of_EatingTests.SnapshotPayloadBuilderTests test_buildPayload_includesSleepQuality_whenReflectionPresent]' started.
Test Case '-[Yoga_of_EatingTests.SnapshotPayloadBuilderTests test_buildPayload_includesSleepQuality_whenReflectionPresent]' passed (0.000 seconds).
Test Case '-[Yoga_of_EatingTests.SnapshotPayloadBuilderTests test_buildPayload_mealItems_areIncluded_forServerAnalysis]' started.
Test Case '-[Yoga_of_EatingTests.SnapshotPayloadBuilderTests test_buildPayload_mealItems_areIncluded_forServerAnalysis]' passed (0.001 seconds).
Test Case '-[Yoga_of_EatingTests.SnapshotPayloadBuilderTests test_buildPayload_multipleSnapshots_isToday_onlyForMatchingDate]' started.
Test Case '-[Yoga_of_EatingTests.SnapshotPayloadBuilderTests test_buildPayload_multipleSnapshots_isToday_onlyForMatchingDate]' passed (0.000 seconds).
Test Case '-[Yoga_of_EatingTests.SnapshotPayloadBuilderTests test_buildPayload_omitsMeals_whenEmpty]' started.
Test Case '-[Yoga_of_EatingTests.SnapshotPayloadBuilderTests test_buildPayload_omitsMeals_whenEmpty]' passed (0.000 seconds).
Test Case '-[Yoga_of_EatingTests.SnapshotPayloadBuilderTests test_mindCheckEntryPayload_includesTextAndCategory]' started.
Test Case '-[Yoga_of_EatingTests.SnapshotPayloadBuilderTests test_mindCheckEntryPayload_includesTextAndCategory]' passed (0.000 seconds).
Test Case '-[Yoga_of_EatingTests.SnapshotPayloadBuilderTests test_mindCheckEntryPayload_nonTodo_omitsIsAccomplished]' started.
Test Case '-[Yoga_of_EatingTests.SnapshotPayloadBuilderTests test_mindCheckEntryPayload_nonTodo_omitsIsAccomplished]' passed (0.000 seconds).
Test Case '-[Yoga_of_EatingTests.SnapshotPayloadBuilderTests test_mindCheckEntryPayload_todo_includesIsAccomplished]' started.
Test Case '-[Yoga_of_EatingTests.SnapshotPayloadBuilderTests test_mindCheckEntryPayload_todo_includesIsAccomplished]' passed (0.000 seconds).
Test Suite 'SnapshotPayloadBuilderTests' passed at 2026-05-15 06:34:30.728.
	 Executed 11 tests, with 0 failures (0 unexpected) in 0.008 (0.013) seconds
Test Suite 'SnapshotTotalCaloriesTests' started at 2026-05-15 06:34:30.728.
Test Case '-[Yoga_of_EatingTests.SnapshotTotalCaloriesTests test_dailySmileySnapshot_codable_totalCalories_decodesFromLegacyJSON_returnsNil]' started.
Test Case '-[Yoga_of_EatingTests.SnapshotTotalCaloriesTests test_dailySmileySnapshot_codable_totalCalories_decodesFromLegacyJSON_returnsNil]' passed (0.000 seconds).
Test Case '-[Yoga_of_EatingTests.SnapshotTotalCaloriesTests test_dailySmileySnapshot_codable_totalCalories_roundTrips]' started.
Test Case '-[Yoga_of_EatingTests.SnapshotTotalCaloriesTests test_dailySmileySnapshot_codable_totalCalories_roundTrips]' passed (0.000 seconds).
Test Case '-[Yoga_of_EatingTests.SnapshotTotalCaloriesTests test_dailySmileySnapshot_totalCalories_canBeSetViaInit]' started.
Test Case '-[Yoga_of_EatingTests.SnapshotTotalCaloriesTests test_dailySmileySnapshot_totalCalories_canBeSetViaInit]' passed (0.000 seconds).
Test Case '-[Yoga_of_EatingTests.SnapshotTotalCaloriesTests test_dailySmileySnapshot_totalCalories_defaultsToNil]' started.
Test Case '-[Yoga_of_EatingTests.SnapshotTotalCaloriesTests test_dailySmileySnapshot_totalCalories_defaultsToNil]' passed (0.000 seconds).
Test Case '-[Yoga_of_EatingTests.SnapshotTotalCaloriesTests test_dailySmileySnapshot_withTotalCalories_builder_preservesOtherFields]' started.
Test Case '-[Yoga_of_EatingTests.SnapshotTotalCaloriesTests test_dailySmileySnapshot_withTotalCalories_builder_preservesOtherFields]' passed (0.000 seconds).
Test Case '-[Yoga_of_EatingTests.SnapshotTotalCaloriesTests test_dailySmileySnapshot_withTotalCalories_builder_setsValue]' started.
Test Case '-[Yoga_of_EatingTests.SnapshotTotalCaloriesTests test_dailySmileySnapshot_withTotalCalories_builder_setsValue]' passed (0.000 seconds).
Test Suite 'SnapshotTotalCaloriesTests' passed at 2026-05-15 06:34:30.733.
	 Executed 6 tests, with 0 failures (0 unexpected) in 0.002 (0.006) seconds
Test Suite 'SynthesisSchedulerTests' started at 2026-05-15 06:34:30.734.
Test Case '-[Yoga_of_EatingTests.SynthesisSchedulerTests test_schedule_allNonSleepTriggers_respectDebounce]' started.
Test Case '-[Yoga_of_EatingTests.SynthesisSchedulerTests test_schedule_allNonSleepTriggers_respectDebounce]' passed (0.056 seconds).
Test Case '-[Yoga_of_EatingTests.SynthesisSchedulerTests test_schedule_differentTriggersInWindow_lastTriggerWins]' started.
Test Case '-[Yoga_of_EatingTests.SynthesisSchedulerTests test_schedule_differentTriggersInWindow_lastTriggerWins]' passed (0.012 seconds).
Test Case '-[Yoga_of_EatingTests.SynthesisSchedulerTests test_schedule_newTrigger_cancelsPreviousPendingTask]' started.
Test Case '-[Yoga_of_EatingTests.SynthesisSchedulerTests test_schedule_newTrigger_cancelsPreviousPendingTask]' passed (0.013 seconds).
Test Case '-[Yoga_of_EatingTests.SynthesisSchedulerTests test_schedule_rapidTriggersInDebounceWindow_produceSingleCall]' started.
Test Case '-[Yoga_of_EatingTests.SynthesisSchedulerTests test_schedule_rapidTriggersInDebounceWindow_produceSingleCall]' passed (0.014 seconds).
Test Case '-[Yoga_of_EatingTests.SynthesisSchedulerTests test_schedule_sleepLogged_alwaysFiresRegardlessOfPendingTask]' started.
Test Case '-[Yoga_of_EatingTests.SynthesisSchedulerTests test_schedule_sleepLogged_alwaysFiresRegardlessOfPendingTask]' passed (0.014 seconds).
Test Case '-[Yoga_of_EatingTests.SynthesisSchedulerTests test_schedule_sleepLogged_bypassesDebounce]' started.
Test Case '-[Yoga_of_EatingTests.SynthesisSchedulerTests test_schedule_sleepLogged_bypassesDebounce]' passed (0.013 seconds).
Test Case '-[Yoga_of_EatingTests.SynthesisSchedulerTests test_schedule_triggerAfterDebounceWindow_producesTwoSeparateCalls]' started.
Test Case '-[Yoga_of_EatingTests.SynthesisSchedulerTests test_schedule_triggerAfterDebounceWindow_producesTwoSeparateCalls]' passed (0.024 seconds).
Test Suite 'SynthesisSchedulerTests' passed at 2026-05-15 06:34:30.883.
	 Executed 7 tests, with 0 failures (0 unexpected) in 0.145 (0.149) seconds
Test Suite 'TabViewDataIsolationTests' started at 2026-05-15 06:34:30.883.
Test Case '-[Yoga_of_EatingTests.TabViewDataIsolationTests test_highlightViewContract_dateMatchesToday_whenViewingToday]' started.
2026-05-15 06:34:30.884885+0530 Yoga of Eating[16053:128733] [[FirebaseCore]] 12.7.0 - [FirebaseCore][I-COR000003] The default Firebase app has not yet been configured. Add `FirebaseApp.configure()` to your application initialization. This can be done in in the App Delegate's application(_:didFinishLaunchingWithOptions:)` (or the `@main` struct's initializer in SwiftUI). Read more: https://firebase.google.com/docs/ios/setup#initialize_firebase_in_your_app
2026-05-15 06:34:30.885037+0530 Yoga of Eating[16053:128733] [[FirebaseCore]] 12.7.0 - [FirebaseCore][I-COR000003] The default Firebase app has not yet been configured. Add `FirebaseApp.configure()` to your application initialization. This can be done in in the App Delegate's application(_:didFinishLaunchingWithOptions:)` (or the `@main` struct's initializer in SwiftUI). Read more: https://firebase.google.com/docs/ios/setup#initialize_firebase_in_your_app
Test Case '-[Yoga_of_EatingTests.TabViewDataIsolationTests test_highlightViewContract_dateMatchesToday_whenViewingToday]' passed (0.002 seconds).
Test Case '-[Yoga_of_EatingTests.TabViewDataIsolationTests test_highlightViewContract_dateMatchesYesterday_afterNavigation]' started.
2026-05-15 06:34:30.886753+0530 Yoga of Eating[16053:128809] [[FirebaseCore]] 12.7.0 - [FirebaseCore][I-COR000003] The default Firebase app has not yet been configured. Add `FirebaseApp.configure()` to your application initialization. This can be done in in the App Delegate's application(_:didFinishLaunchingWithOptions:)` (or the `@main` struct's initializer in SwiftUI). Read more: https://firebase.google.com/docs/ios/setup#initialize_firebase_in_your_app
2026-05-15 06:34:30.886848+0530 Yoga of Eating[16053:128809] [[FirebaseCore]] 12.7.0 - [FirebaseCore][I-COR000003] The default Firebase app has not yet been configured. Add `FirebaseApp.configure()` to your application initialization. This can be done in in the App Delegate's application(_:didFinishLaunchingWithOptions:)` (or the `@main` struct's initializer in SwiftUI). Read more: https://firebase.google.com/docs/ios/setup#initialize_firebase_in_your_app
Test Case '-[Yoga_of_EatingTests.TabViewDataIsolationTests test_highlightViewContract_dateMatchesYesterday_afterNavigation]' passed (0.001 seconds).
Test Case '-[Yoga_of_EatingTests.TabViewDataIsolationTests test_highlightViewContract_sameContentDifferentDate_isNotEqual]' started.
2026-05-15 06:34:30.888081+0530 Yoga of Eating[16053:128733] [[FirebaseCore]] 12.7.0 - [FirebaseCore][I-COR000003] The default Firebase app has not yet been configured. Add `FirebaseApp.configure()` to your application initialization. This can be done in in the App Delegate's application(_:didFinishLaunchingWithOptions:)` (or the `@main` struct's initializer in SwiftUI). Read more: https://firebase.google.com/docs/ios/setup#initialize_firebase_in_your_app
2026-05-15 06:34:30.888163+0530 Yoga of Eating[16053:128733] [[FirebaseCore]] 12.7.0 - [FirebaseCore][I-COR000003] The default Firebase app has not yet been configured. Add `FirebaseApp.configure()` to your application initialization. This can be done in in the App Delegate's application(_:didFinishLaunchingWithOptions:)` (or the `@main` struct's initializer in SwiftUI). Read more: https://firebase.google.com/docs/ios/setup#initialize_firebase_in_your_app
Test Case '-[Yoga_of_EatingTests.TabViewDataIsolationTests test_highlightViewContract_sameContentDifferentDate_isNotEqual]' passed (0.001 seconds).
Test Case '-[Yoga_of_EatingTests.TabViewDataIsolationTests test_highlightViewContract_sameContentSameDate_isEqual]' started.
2026-05-15 06:34:30.889302+0530 Yoga of Eating[16053:128733] [[FirebaseCore]] 12.7.0 - [FirebaseCore][I-COR000003] The default Firebase app has not yet been configured. Add `FirebaseApp.configure()` to your application initialization. This can be done iTest Case '-[Yoga_of_EatingTests.TabViewDataIsolationTests test_highlightViewContract_sameContentSameDate_isEqual]' passed (0.001 seconds).
n in the App Delegate's application(_:didFinishLaunchingWithOptions:)` (or the `@main` struct's initializer in SwiftUI). Read more: https://firebase.google.com/docs/ios/setup#initialize_firebase_in_your_app
2026-05-15 06:34:30.890285+0530 Yoga of Eating[16053:128733] [[FirebaseCore]] 12.7.0 - [FirebaseCore][I-COR000003] The default Firebase app has not yet been configured. Add `FirebaseApp.configure()` to your application initialization. This can be done in in the App Delegate's application(_:didFinishLaunchingWithOptions:)` (or the `@main` struct's initializer in SwiftUI). Read more: https://firebase.google.com/docs/ios/setup#initialize_firebase_in_your_app
Test Case '-[Yoga_of_EatingTests.TabViewDataIsolationTests test_highlightViewData_cannotAccessMeals]' started.
2026-05-15 06:34:30.891185+0530 Yoga of Eating[16053:128733] [[FirebTest Case '-[Yoga_of_EatingTests.TabViewDataIsolationTests test_highlightViewData_cannotAccessMeals]' passed (0.001 seconds).
aseCore]] 12.7.0 - [FirebaseCore][I-COR000003] The default Firebase app has not yet been configured. Add `FirebaseApp.configure()` to your application initialization. This can be done in in the App Delegate's application(_:didFinishLaunchingWithOptions:)` (or the `@main` struct's initializer in SwiftUI). Read more: https://firebase.google.com/docs/ios/setup#initialize_firebase_in_your_app
2026-05-15 06:34:30.892337+0530 Yoga of Eating[16053:128733] [[FirebaseCore]] 12.7.0 - [FirebaseCore][I-COR000003] The default Firebase app has not yet been configured. Add `FirebaseApp.configure()` to your application initialization. This can be done in in the App Delegate's application(_:didFinishLaunchingWithOptions:)` (or the `@main` struct's initializer in SwiftUI). Read more: https://firebase.google.com/docs/ios/setup#initialize_firebase_in_your_app
Test Case '-[Yoga_of_EatingTests.TabViewDataIsolationTests test_highlightViewData_cannotAccessSmileyState]' started.
2026-05-15 06:34:30.893333+0530 Yoga of Eating[16053:128733] [[FirebaseCore]] 12.7.0 - [FirebaseCore][I-COR000003] The default Firebase app has not yet been configured. Add `FirebaseApp.configure()` to your application initialization. This can be done in in the App Delegate's application(_:didFinishLaunchingWithOptions:)` (or the `@main` struct's initializer in SwiftUI). Read more: https://firebase.google.com/docs/ios/setup#initialize_firebase_in_your_app
2026-05-15 06:34:30.893399+0530 Yoga of Eating[16053:128733] [[FirebaseCore]] 12.7.0 - [FirebaseCore][I-COR000003] The default Firebase app has not yet been configured. Add `FirebaseApp.configure()` to your application initialization. This can be done in in the App Delegate's application(_:didFinishLaunchingWithOptions:)` (or the `@main` struct's initializer in SwiftUI). Read more: https://firebase.google.com/docs/ios/setup#initialize_firebase_in_your_app
Test Case '-[Yoga_of_EatingTests.TabViewDataIsolationTests test_highlightViewData_cannotAccessSmileyState]' passed (0.001 seconds).
Test Case '-[Yoga_of_EatingTests.TabViewDataIsolationTests test_highlightViewData_defaultsToEmpty]' started.
2026-05-15 06:34:30.895550+0530 Yoga of Eating[16053:128730] [[FirebaseCore]] 12.7.0 - [FirebaseCore][I-COR000003] The default Firebase app has not yet been configured. Add `FirebaseApp.configure()` to your application initialization. This can be done in in the App Delegate's application(_:didFinishLaunchingWithOptions:)` (or the `@main` struct's initializer in SwiftUI). Read more: https://firebase.google.com/docs/ios/setup#initialize_firebase_in_your_app
2026-05-15 06:34:30.895613+0530 Yoga of Eating[16053:128730] [[FirebaseCore]] 12.7.0 - [FirebaseCore][I-COR000003] The default Firebase app has not yet been configured. Add `FirebaseApp.configure()` to your application initialization. This can be done in in the App Delegate's application(_:didFinishLaunchingWithOptions:)` (or the `@main` struct's initializer in SwiftUI). Read more: https://firebase.google.com/docs/ios/setup#initialize_firebase_in_your_app
Test Case '-[Yoga_of_EatingTests.TabViewDataIsolationTests test_highlightViewData_defaultsToEmpty]' passed (0.001 seconds).
Test Case '-[Yoga_of_EatingTests.TabViewDataIsolationTests test_highlightViewData_reflectsSavedHighlightData]' started.
2026-05-15 06:34:30.897014+0530 Yoga of Eating[16053:128733] [[FirebaseCore]] 12.7.0 - [FirebaseCore][I-COR000003] The default Firebase app has not yet been configured. Add `FirebaseApp.configure()` to your application initialization. This can be done in in the App Delegate's application(_:didFinishLaunchingWithOptions:)` (or the `@main` struct's initializer in SwiftUI). Read more: https://firebase.google.com/docs/ios/setup#initialize_firebase_in_your_app
2026-05-15 06:34:30.897105+0530 Yoga of Eating[16053:128733] [[FirebaseCore]] 12.7.0 - [FirebaseCore][I-COR000003] The default Firebase app has not yet been configured. Add `FirebaseApp.configure()` to your application initialization. This can be done in in the App Delegate's application(_:didFinishLaunchingWithOptions:)` (or the `@main` struct's initializer in SwiftUI). Read more: https://firebase.google.com/docs/ios/setup#initialize_firebase_in_your_app
Test Case '-[Yoga_of_EatingTests.TabViewDataIsolationTests test_highlightViewData_reflectsSavedHighlightData]' passed (0.001 seconds).
Test Case '-[Yoga_of_EatingTests.TabViewDataIsolationTests test_highlightViewData_showsHistoricalData]' started.
2026-05-15 06:34:30.898577+0530 Yoga of Eating[16053:128809] [[FirebaseCore]] 12.7.0 - [FirebaseCore][I-COR000003] The default Firebase app has not yet been configured. Add `FirebaseApp.configure()` to your application initialization. This can be done in in the App Delegate's application(_:didFinishLaunchingWithOptions:)` (or the `@main` struct's initializer in SwiftUI). Read more: https://firebase.google.com/docs/ios/setup#initialize_firebase_in_your_app
2026-05-15 06:34:30.898658+0530 Yoga of Eating[16053:128809] [[FirebaseCore]] 12.7.0 - [FirebaseCore][I-COR000003] The default Firebase app has not yet been configured. Add `FirebaseApp.configure()` to your application initialization. This can be done in in the App Delegate's application(_:didFinishLaunchingWithOptions:)` (or the `@main` struct's initializer in SwiftUI). Read more: https://firebase.google.com/docs/ios/setup#initialize_firebase_in_your_app
Test Case '-[Yoga_of_EatingTests.TabViewDataIsolationTests test_highlightViewData_showsHistoricalData]' passed (0.001 seconds).
Test Case '-[Yoga_of_EatingTests.TabViewDataIsolationTests test_reflectViewContract_dateMatchesToday_whenViewingToday]' started.
2026-05-15 06:34:30.899978+0530 Yoga of Eating[16053:128809] [[FirebaseCore]] 12.7.0 - [FirebaseCore][I-COR000003] The default Firebase app has not yet been configured. Add `FirebaseApp.configure()` to your application initialization. This can be done in in the App Delegate's application(_:didFinishLaunchingWithOptions:)` (or the `@main` struct's initializer in SwiftUI). Read more: https://firebase.google.com/docs/ios/setup#initialize_firebase_in_your_app
2026-05-15 06:34:30.900158+0530 Yoga of Eating[16053:128809] [[FirebaseCore]] 12.7.0 - [FirebaseCore][I-COR000003] The default Firebase app has not yet been configured. Add `FirebaseApp.configure()` to your application initialization. This can be done in in the App Delegate's application(_:didFinishLaunchingWithOptions:)` (or the `@main` struct's initializer in SwiftUI). Read more: https://firebase.google.com/docs/ios/setup#initialize_firebase_in_your_app
Test Case '-[Yoga_of_EatingTests.TabViewDataIsolationTests test_reflectViewContract_dateMatchesToday_whenViewingToday]' passed (0.001 seconds).
Test Case '-[Yoga_of_EatingTests.TabViewDataIsolationTests test_reflectViewContract_dateMatchesYesterday_afterNavigation]' started.
2026-05-15 06:34:30.901352+0530 Yoga of Eating[16053:128733] [[FirebaseCore]] 12.7.0 - [FirebaseCore][I-COR000003] The default Firebase app has not yet been configured. Add `FirebaseApp.configure()` to your application initialization. This can be done in in the App Delegate's application(_:didFinishLaunchingWithOptions:)` (or the `@main` struct's initializer in SwiftUI). Read more: https://firebase.google.com/docs/ios/setup#initialize_firebase_in_your_app
2026-05-15 06:34:30.901414+0530 Yoga of Eating[16053:128733] [[FirebaseCore]] 12.7.0 - [FirebaseCore][I-COR000003] The default Firebase app has not yet been configured. Add `FirebaseApp.configure()` to your application initialization. This can be done in in the App Delegate's application(_:didFinishLaunchingWithOptions:)` (or the `@main` struct's initializer in SwiftUI). Read more: https://firebase.google.com/docs/ios/setup#initialize_firebase_in_your_app
Test Case '-[Yoga_of_EatingTests.TabViewDataIsolationTests test_reflectViewContract_dateMatchesYesterday_afterNavigation]' passed (0.001 seconds).
Test Case '-[Yoga_of_EatingTests.TabViewDataIsolationTests test_reflectViewContract_sameContentDifferentDate_isNotEqual]' started.
2026-05-15 06:34:30.902516+0530 Yoga of Eating[16053:128809] [[FirebaseCore]] 12.7.0 - [FirebaseCore][I-COR000003] The default Firebase app has not yet been configured. Add `FirebaseApp.configure()` to your application initialization. This can be done in in the App Delegate's application(_:didFinishLaunchingWithOptions:)` (or the `@main` struct's initializer in SwiftUI). Read more: https://firebase.google.com/docs/ios/setup#initialize_firebase_in_your_app
2026-05-15 06:34:30.902574+0530 Yoga of Eating[16053:128809] [[FirebaseCore]] 12.7.0 - [FirebaseCore][I-COR000003] The default Firebase app has not yet been configured. Add `FirebaseApp.configure()` to your application initialization. This can be done in in the App Delegate's application(_:didFinishLaunchingWithOptions:)` (or the `@main` struct's initializer in SwiftUI). Read more: https://firebase.google.com/docs/ios/setup#initialize_firebase_in_your_app
Test Case '-[Yoga_of_EatingTests.TabViewDataIsolationTests test_reflectViewContract_sameContentDifferentDate_isNotEqual]' passed (0.001 seconds).
Test Case '-[Yoga_of_EatingTests.TabViewDataIsolationTests test_reflectViewContract_sameContentSameDate_isEqual]' started.
2026-05-15 06:34:30.903647+0530 Yoga of Eating[16053:128809] [[FirebaseCore]] 12.7.0 - [FirebaseCore][I-COR000003] The default Firebase app has not yet been configured. Add `FirebaseApp.configure()` to your application initialization. This can be done in in the App Delegate's application(_:didFinishLaunchingWithOptions:)` (or the `@main` struct's initializer in SwiftUI). Read more: https://firebase.google.com/docs/ios/setup#initialize_firebase_in_your_app
2026-05-15 06:34:30.903710+0530 Yoga of Eating[16053:128809] [[FirebaseCore]] 12.7.0 - [FirebaseCore][I-COR000003] The default Firebase app has not yet been configured. Add `FirebaseApp.configure()` to your application initialization. This can be done in in the App Delegate's application(_:didFinishLaunchingWithOptions:)` (or the `@main` struct's initializer in SwiftUI). Read more: https://firebase.google.com/docs/ios/setup#initialize_firebase_in_your_app
Test Case '-[Yoga_of_EatingTests.TabViewDataIsolationTests test_reflectViewContract_sameContentSameDate_isEqual]' passed (0.001 seconds).
Test Case '-[Yoga_of_EatingTests.TabViewDataIsolationTests test_reflectViewData_cannotAccessMeals]' started.
2026-05-15 06:34:30.904747+0530 Yoga of Eating[16053:128730] [[FirebaseCore]] 12.7.0 - [FirebaseCore][I-COR000003] The default Firebase app has not yet been configured. Add `FirebaseApp.configure()` to your application initialization. This can be done in in the App Delegate's application(_:didFinishLaunchingWithOptions:)` (or the `@main` struct's initializer in SwiftUI). Read more: https://firebase.google.com/docs/ios/setup#initialize_firebase_in_your_app
2026-05-15 06:34:30.904809+0530 Yoga of Eating[16053:128730] [[FirebaseCore]] 12.7.0 - [FirebaseCore][I-COR000003] The default Firebase app has not yet been configured. Add `FirebaseApp.configure()` to your application initialization. This can be done in in the App Delegate's application(_:didFinishLaunchingWithOptions:)` (or the `@main` struct's initializer in SwiftUI). Read more: https://firebase.google.com/docs/ios/setup#initialize_firebase_in_your_app
Test Case '-[Yoga_of_EatingTests.TabViewDataIsolationTests test_reflectViewData_cannotAccessMeals]' passed (0.001 seconds).
Test Case '-[Yoga_of_EatingTests.TabViewDataIsolationTests test_reflectViewData_cannotAccessSmileyState]' started.
2026-05-15 06:34:30.905595+0530 Yoga of Eating[16053:128730] [[FirebaseCore]] 12.7.0 - [FirebaseCore][I-COR000003] The default Firebase app has not yet been configured. Add `FirebaseApp.configure()` to your application initialization. This can be done in in the App Delegate's application(_:didFinishLaunchingWithOptions:)` (or the `@main` struct's initializer in SwiftUI). Read more: https://firebase.google.com/docs/ios/setup#initialize_firebase_in_your_app
2026-05-15 06:34:30.905654+0530 Yoga of Eating[16053:128730] [[FirebaseCore]] 12.7.0 - [FirebaseCore][I-COR000003] The default Firebase app has not yet been configured. Add `FirebaseApp.configure()` to your application initialization. This can be done in in the App Delegate's application(_:didFinishLaunchingWithOptions:)` (or the `@main` struct's initializer in SwiftUI). Read more: https://firebase.google.com/docs/ios/setup#initialize_firebase_in_your_app
Test Case '-[Yoga_of_EatingTests.TabViewDataIsolationTests test_reflectViewData_cannotAccessSmileyState]' passed (0.000 seconds).
Test Case '-[Yoga_of_EatingTests.TabViewDataIsolationTests test_reflectViewData_defaultsToEmpty]' started.
2026-05-15 06:34:30.906349+0530 Yoga of Eating[16053:128807] [[FirebaseCore]] 12.7.0 - [FirebaseCore][I-COR000003] The default Firebase app has not yet been configured. Add `FirebaseApp.configure()` to your application initialization. This can be done in in the App Delegate's application(_:didFinishLaunchingWithOptions:)` (or the `@main` struct's initializer in SwiftUI). Read more: https://firebase.google.com/docs/ios/setup#initialize_firebase_in_your_app
2026-05-15 06:34:30.906420+0530 Yoga of Eating[16053:128807] [[FirebaseCore]] 12.7.0 - [FirebaseCore][I-COR000003] The default Firebase app has not yet been configured. Add `FirebaseApp.configure()` to your application initialization. This can be done in in the App Delegate's application(_:didFinishLaunchingWithOptions:)` (or the `@main` struct's initializer in SwiftUI). Read more: https://firebase.google.com/docs/ios/setup#initialize_firebase_in_your_app
Test Case '-[Yoga_of_EatingTests.TabViewDataIsolationTests test_reflectViewData_defaultsToEmpty]' passed (0.001 seconds).
Test Case '-[Yoga_of_EatingTests.TabViewDataIsolationTests test_reflectViewData_includesMorningTodosFromHighlight]' started.
2026-05-15 06:34:30.907117+0530 Yoga of Eating[16053:128807] [[FirebaseCore]] 12.7.0 - [FirebaseCore][I-COR000003] The default Firebase app has not yet been configured. Add `FirebaseApp.configure()` to your application initialization. This can be done in in the App Delegate's application(_:didFinishLaunchingWithOptions:)` (or the `@main` struct's initializer in SwiftUI). Read more: https://firebase.google.com/docs/ios/setup#initialize_firebase_in_your_app
2026-05-15 06:34:30.907205+0530 Yoga of Eating[16053:128807] [[FirebaseCore]] 12.7.0 - [FirebaseCore][I-COR000003] The default Firebase app has not yet been configured. Add `FirebaseApp.configure()` to your application initialization. This can be done in in the App Delegate's application(_:didFinishLaunchingWithOptions:)` (or the `@main` struct's initializer in SwiftUI). Read more: https://firebase.google.com/docs/ios/setup#initialize_firebase_in_your_app
Test Case '-[Yoga_of_EatingTests.TabViewDataIsolationTests test_reflectViewData_includesMorningTodosFromHighlight]' passed (0.001 seconds).
Test Case '-[Yoga_of_EatingTests.TabViewDataIsolationTests test_reflectViewData_reflectsSavedReflectData]' started.
2026-05-15 06:34:30.909054+0530 Yoga of Eating[16053:128807] [[FirebaseCore]] 12.7.0 - [FirebaseCore][I-COR000003] The default Firebase app has not yet been configured. Add `FirebaseApp.configure()` to your application initialization. This can be done in in the App Delegate's application(_:didFinishLaunchingWithOptions:)` (or the `@main` struct's initializer in SwiftUI). Read more: https://firebase.google.com/docs/ios/setup#initialize_firebase_in_your_app
2026-05-15 06:34:30.909126+0530 Yoga of Eating[16053:128807] [[FirebaseCore]] 12.7.0 - [FirebaseCore][I-COR000003] The default Firebase app has not yet been configured. Add `FirebaseApp.configure()` to your application initialization. This can be done in in the App Delegate's application(_:didFinishLaunchingWithOptions:)` (or the `@main` struct's initializer in SwiftUI). Read more: https://firebase.google.com/docs/ios/setup#initialize_firebase_in_your_app
Test Case '-[Yoga_of_EatingTests.TabViewDataIsolationTests test_reflectViewData_reflectsSavedReflectData]' passed (0.001 seconds).
Test Case '-[Yoga_of_EatingTests.TabViewDataIsolationTests test_tabData_syncWithSelectedDate]' started.
2026-05-15 06:34:30.910179+0530 Yoga of Eating[16053:128807] [[FirebaseCore]] 12.7.0 - [FirebaseCore][I-COR000003] The default Firebase app has not yet been configured. Add `FirebaseApp.configure()` to your application initialization. This can be done in in the App Delegate's application(_:didFinishLaunchingWithOptions:)` (or the `@main` struct's initializer in SwiftUI). Read more: https://firebase.google.com/docs/ios/setup#initialize_firebase_in_your_app
2026-05-15 06:34:30.910224+0530 Yoga of Eating[16053:128807] [[FirebaseCore]] 12.7.0 - [FirebaseCore][I-COR000003] The default Firebase app has not yet been configured. Add `FirebaseApp.configure()` to your application initialization. This can be done in in the App Delegate's application(_:didFinishLaunchingWithOptions:)` (or the `@main` struct's initializer in SwiftUI). Read more: https://firebase.google.com/docs/ios/setup#initialize_fiTest Case '-[Yoga_of_EatingTests.TabViewDataIsolationTests test_tabData_syncWithSelectedDate]' passed (0.001 seconds).
rebase_in_your_app
Test Suite 'TabViewDataIsolationTests' passed at 2026-05-15 06:34:30.911.
	 Executed 19 tests, with 0 failures (0 unexpected) in 0.016 (0.027) seconds
Test Suite 'TextEntryBehaviourTests' started at 2026-05-15 06:34:30.911.
Test Case '-[Yoga_of_EatingTests.TextEntryBehaviourTests test_highlightViewContract_sleepNotesChange_dateIdentityPreserved]' started.
2026-05-15 06:34:30.911487+0530 Yoga of Eating[16053:128809] [[FirebaseCore]] 12.7.0 - [FirebaseCore][I-COR000003] The default Firebase app has not yet been configured. Add `FirebaseApp.configure()` to your application initialization. This can be done in in the App Delegate's application(_:didFinishLaunchingWithOptions:)` (or the `@main` struct's initializer in SwiftUI). Read more: https://firebase.google.com/docs/ios/setup#initialize_firebase_in_your_app
Test Case '-[Yoga_of_EatingTests.TextEntryBehaviourTests test_highlightViewContract_sleepNotesChange_dateIdentityPreserved]' passed (0.001 seconds).
Test Case '-[Yoga_of_EatingTests.TextEntryBehaviourTests test_highlightViewData_date_changesOnDateNavigation]' started.
2026-05-15 06:34:30.912221+0530 Yoga of Eating[16053:128730] [[FirebaseCore]] 12.7.0 - [FirebaseCore][I-Test Case '-[Yoga_of_EatingTests.TextEntryBehaviourTests test_highlightViewData_date_changesOnDateNavigation]' passed (0.000 seconds).
COR000003] The default Firebase app has not yet been configured. Add `FirebaseApp.configure()` to your application initialization. This can be done in in the App Delegate's application(_:didFinishLaunchingWithOptions:)` (or the `@main` struct's initializer in SwiftUI). Read more: https://firebase.google.com/docs/ios/setup#initialize_firebase_in_your_app
Test Case '-[Yoga_of_EatingTests.TextEntryBehaviourTests test_highlightViewData_date_unchangedWhenMorningThoughtsUpdated]' started.
2026-05-15 06:34:30.913222+0530 Yoga of Eating[16053:128733] [[FirebaseCore]] 12.7.0 - [FirebaseCore][I-COR000003] The default Firebase app has not yet been configured. Add `FirebaseApp.configure()` to your application initialization. This can be done in in the App Delegate's application(_:didFinishLaunchingWithOptions:)` (or the `@main` struct's initializer in SwiftUI). Read more: https://firebase.google.com/docs/ios/setup#initialize_firebase_in_your_app
Test Case '-[Yoga_of_EatingTests.TextEntryBehaviourTests test_highlightViewData_date_unchangedWhenMorningThoughtsUpdated]' passed (0.000 seconds).
Test Case '-[Yoga_of_EatingTests.TextEntryBehaviourTests test_highlightViewData_date_unchangedWhenSleepNotesUpdated]' started.
2026-05-15 06:34:30.913899+0530 Yoga of Eating[16053:128807] [[FirebaseCore]] 12.7.0 - [FirebaseCore]Test Case '-[Yoga_of_EatingTests.TextEntryBehaviourTests test_highlightViewData_date_unchangedWhenSleepNotesUpdated]' passed (0.001 seconds).
[I-COR000003] The default Firebase app has not yet been configured. Add `FirebaseApp.configure()` to your application initialization. This can be done in in the App Delegate's application(_:didFinishLaunchingWithOptions:)` (or the `@main` struct's initializer in SwiftUI). Read more: https://firebase.google.com/docs/ios/setup#initialize_firebase_in_your_app
Test Case '-[Yoga_of_EatingTests.TextEntryBehaviourTests test_highlightViewData_date_unchangedWhenSleepQualityUpdated]' started.
2026-05-15 06:34:30.914758+0530 Yoga of Eating[16053:128809] [[FirebaseCore]] 12.7.0 - [FirebaseCore][I-COR000003] The default Firebase app has not yet been configured. Add `FirebaseApp.configure()` to your application initialization. This can be done in in the App Delegate's application(_:didFinishLaunchingWithOptions:)` (or the `@main` struct's initializer in SwiftUI). Read more: https://firebase.google.com/docs/ios/setup#initialize_firebase_in_your_app
Test Case '-[Yoga_of_EatingTests.TextEntryBehaviourTests test_highlightViewData_date_unchangedWhenSleepQualityUpdated]' passed (0.000 seconds).
Test Case '-[Yoga_of_EatingTests.TextEntryBehaviourTests test_highlightViewData_date_unchangedWhenTodoAdded]' started.
2026-05-15 06:34:30.915475+0530 Yoga of Eating[16053:128809] [[FirebaseCore]] 12.7.0 - [FirebaseCore][I-COR000003] The default Firebase app has not yet been configured. Add `FirebaseApp.configure()` to your application initialization. This can be done in in the ATest Case '-[Yoga_of_EatingTests.TextEntryBehaviourTests test_highlightViewData_date_unchangedWhenTodoAdded]' passed (0.001 seconds).
pp Delegate's application(_:didFinishLaunchingWithOptions:)` (or the `@main` struct's initializer in SwiftUI). Read more: https://firebase.google.com/docs/ios/setup#initialize_firebase_in_your_app
Test Case '-[Yoga_of_EatingTests.TextEntryBehaviourTests test_reflectViewData_date_changesOnDateNavigation]' started.
2026-05-15 06:34:30.916981+0530 Yoga of Eating[16053:128807] [[FirebaseCore]] 12.7.0 - [FirebaseCore][I-COR000003] The default Firebase app has not yet been configured. Add `FirebaseApp.configure()` to your application initialization. This can be done in in the App Delegate's application(_:didFinishLaunchingWithOptions:)` (or the `@main` struct's initializer in SwiftUI). Read more: https://firebase.google.com/docs/ios/setup#initialize_firebase_in_your_app
Test Case '-[Yoga_of_EatingTests.TextEntryBehaviourTests test_reflectViewData_date_changesOnDateNavigation]' passed (0.000 seconds).
Test Case '-[Yoga_of_EatingTests.TextEntryBehaviourTests test_reflectViewData_date_unchangedWhenFeelingUpdated]' started.
2026-05-15 06:34:30.917535+0530 Yoga of Eating[16053:128807] [[FirebaseCore]] 12.7.0 - [FirebaseCore][I-COR000003] The default FirebasTest Case '-[Yoga_of_EatingTests.TextEntryBehaviourTests test_reflectViewData_date_unchangedWhenFeelingUpdated]' passed (0.000 seconds).
e app has not yet been configured. Add `FirebaseApp.configure()` to your application initialization. This can be done in in the App Delegate's application(_:didFinishLaunchingWithOptions:)` (or the `@main` struct's initializer in SwiftUI). Read more: https://firebase.google.com/docs/ios/setup#initialize_firebase_in_your_app
Test Case '-[Yoga_of_EatingTests.TextEntryBehaviourTests test_reflectViewData_date_unchangedWhenJournalTextUpdated]' started.
2026-05-15 06:34:30.918785+0530 Yoga of Eating[16053:128807] [[FirebaseCore]] 12.7.0 - [FirebaseCore][I-COR000003] The default Firebase app has not yet been configured. Add `FirebaseApp.configure()` to your application initialization. This can be done in in the App Delegate's application(_:didFinishLaunchingWithOptions:)` (or the `@main` struct's initializer in SwiftUI). Read more: https://firebase.google.com/docs/ios/setup#initialize_firebase_in_your_app
Test Case '-[Yoga_of_EatingTests.TextEntryBehaviourTests test_reflectViewData_date_unchangedWhenJournalTextUpdated]' passed (0.001 seconds).
Test Case '-[Yoga_of_EatingTests.TextEntryBehaviourTests test_updateHighlightMorningThoughts_exactLimit_persists]' started.
2026-05-15 06:34:30.919448+0530 Yoga of Eating[16053:128807] [[FirebaseCore]] 12.7.0 - [FirebaseCore][I-COR000003] The default Firebase app has not yet been configured. Add `FirebaseApp.configure()` to your application initialization. This can be done in in the App Delegate's application(_:didFinishLaunchingWithOptions:)` (or the `@main` struct's initializer in SwiftUI). Read more: https://firebase.google.com/docs/ios/setup#initialize_firebase_in_your_app
Test Case '-[Yoga_of_EatingTests.TextEntryBehaviourTests test_updateHighlightMorningThoughts_exactLimit_persists]' passed (0.003 seconds).
Test Case '-[Yoga_of_EatingTests.TextEntryBehaviourTests test_updateHighlightMorningThoughts_overLimit_isTruncated]' started.
2026-05-15 06:34:30.922351+0530 Yoga of Eating[16053:128733] [[FirebaseCore]] 12.7.0 - [FirebaseCore][I-COR000003] The default Firebase app has not yet been configured. Add `FirebaseApp.configure()` to your application initialization. This can be done in in the App Delegate's application(_:didFinishLaunchingWithOptions:)` (or the `@main` struct's initializer in SwiftUI). Read more: https://firebase.google.com/docs/ios/setup#initialize_firebase_in_your_app
Test Case '-[Yoga_of_EatingTests.TextEntryBehaviourTests test_updateHighlightMorningThoughts_overLimit_isTruncated]' passed (0.003 seconds).
Test Case '-[Yoga_of_EatingTests.TextEntryBehaviourTests test_updateHighlightSleepNotes_empty_storesNil]' started.
2026-05-15 06:34:30.925294+0530 Yoga of Eating[16053:128730] [[FirebaseCore]] 12.7.0 - [FirebaseCore][I-COR000003] The default Firebase app has not yet been configured. Add `FirebaseApp.configure()` to your application initialization. This can be done in in the App Delegate's application(_:didFinishLaunchingWithOptions:)` (or the `@main` struct's initializer in SwiftUI). Read more: https://firebase.google.com/docs/ios/setup#initialize_firebase_in_your_app
Test Case '-[Yoga_of_EatingTests.TextEntryBehaviourTests test_updateHighlightSleepNotes_empty_storesNil]' passed (0.000 seconds).
Test Case '-[Yoga_of_EatingTests.TextEntryBehaviourTests test_updateHighlightSleepNotes_exactLimit_persists]' started.
2026-05-15 06:34:30.925911+0530 Yoga of Eating[16053:128730] [[FirebaseCore]] 12.7.0 - [FirebaseCore][I-COR000003] The default Firebase app has not yet been configured. Add `FirebaseApp.configure()` to your application initialization. This can be done in in the App Delegate's application(_:didFinishLaunchingWithOptions:)` (or the `@main` struct's initializer in SwiftUI). Read more: https://firebase.google.com/docs/ios/setup#initialize_firebase_in_your_app
Test Case '-[Yoga_of_EatingTests.TextEntryBehaviourTests test_updateHighlightSleepNotes_exactLimit_persists]' passed (0.001 seconds).
Test Case '-[Yoga_of_EatingTests.TextEntryBehaviourTests test_updateHighlightSleepNotes_overLimit_isTruncated]' started.
2026-05-15 06:34:30.927108+0530 Yoga of Eating[16053:128730] [[FirebaseCore]] 12.7.0 - [FirebaseCore][I-COR000003] The default Firebase app has not yet been configured. Add `FirebaseApp.configure()` to your application initialization. This can be done in in the App Delegate's application(_:didFinishLaunchingWithOptions:)` (or the `@main` struct's initializer in SwiftUI). Read more: https://firebase.google.com/docs/ios/setup#initialize_firebase_in_your_app
Test Case '-[Yoga_of_EatingTests.TextEntryBehaviourTests test_updateHighlightSleepNotes_overLimit_isTruncated]' passed (0.001 seconds).
Test Case '-[Yoga_of_EatingTests.TextEntryBehaviourTests test_updateReflectJournalText_empty_storesNil]' started.
2026-05-15 06:34:30.928332+0530 Yoga of Eating[16053:128807] [[FirebaseCore]] 12.7.0 - [FirebaseCore][I-COR000003] The default Firebase app has not yet been configured. Add `FirebaseApp.configure()` to your application initialization. This can be done in in the App Delegate's application(_:didFinishLaunchingWithOptions:)` (or the `@main` struct's initializer in SwiftUI). Read more: https://firebase.google.com/docs/ios/setup#initialize_firebase_in_your_app
Test Case '-[Yoga_of_EatingTests.TextEntryBehaviourTests test_updateReflectJournalText_empty_storesNil]' passed (0.000 seconds).
Test Case '-[Yoga_of_EatingTests.TextEntryBehaviourTests test_updateReflectJournalText_exactLimit_persists]' started.
2026-05-15 06:34:30.928843+0530 Yoga of Eating[16053:128807] [[FirebaseCore]] 12.7.0 - [FirebaseCore][I-COR000003] The default Firebase app has not yet been configured. Add `FirebaseApp.configure()` to your application initialization. This can be done in in the App Delegate's application(_:didFinishLaunchingWithOptions:)` (or the `@main` struct's initializer in SwiftUI). Read more: https://firebase.google.com/docs/ios/setup#initialize_firebase_in_your_app
Test Case '-[Yoga_of_EatingTests.TextEntryBehaviourTests test_updateReflectJournalText_exactLimit_persists]' passed (0.003 seconds).
Test Case '-[Yoga_of_EatingTests.TextEntryBehaviourTests test_updateReflectJournalText_overLimit_isTruncated]' started.
2026-05-15 06:34:30.932079+0530 Yoga of Eating[16053:128733] [[FirebaseCore]] 12.7.0 - [FirebaseCore][I-COR000003] The default Firebase app has not yet been configured. Add `FirebaseApp.configure()` to your application initialization. This can be done in in the App Delegate's application(_:didFinishLaunchingWithOptions:)` (or the `@main` struct's initializer in SwiftUI). Read more: https://firebase.google.com/docs/ios/setup#initialize_firebase_in_your_app
Test Case '-[Yoga_of_EatingTests.TextEntryBehaviourTests test_updateReflectJournalText_overLimit_isTruncated]' passed (0.003 seconds).
Test Suite 'TextEntryBehaviourTests' passed at 2026-05-15 06:34:30.935.
	 Executed 17 tests, with 0 failures (0 unexpected) in 0.019 (0.024) seconds
Test Suite 'TextEntryConstantsTests' started at 2026-05-15 06:34:30.935.
Test Case '-[Yoga_of_EatingTests.TextEntryConstantsTests test_maxCharacters_is1000]' started.
Test Case '-[Yoga_of_EatingTests.TextEntryConstantsTests test_maxCharacters_is1000]' passed (0.000 seconds).
Test Case '-[Yoga_of_EatingTests.TextEntryConstantsTests test_maxCharacters_isPositive]' started.
Test Case '-[Yoga_of_EatingTests.TextEntryConstantsTests test_maxCharacters_isPositive]' passed (0.000 seconds).
Test Case '-[Yoga_of_EatingTests.TextEntryConstantsTests test_textEntryDebounce_ssotIsTimingConstants_andIs500ms]' started.
Test Case '-[Yoga_of_EatingTests.TextEntryConstantsTests test_textEntryDebounce_ssotIsTimingConstants_andIs500ms]' passed (0.000 seconds).
Test Suite 'TextEntryConstantsTests' passed at 2026-05-15 06:34:30.937.
	 Executed 3 tests, with 0 failures (0 unexpected) in 0.001 (0.002) seconds
Test Suite 'TextSignalExtractorTests' started at 2026-05-15 06:34:30.937.
Test Case '-[Yoga_of_EatingTests.TextSignalExtractorTests test_achievedKeyword_returnsAgentive]' started.
Test Case '-[Yoga_of_EatingTests.TextSignalExtractorTests test_achievedKeyword_returnsAgentive]' passed (0.000 seconds).
Test Case '-[Yoga_of_EatingTests.TextSignalExtractorTests test_anxiousKeyword_returnsStressed]' started.
Test Case '-[Yoga_of_EatingTests.TextSignalExtractorTests test_anxiousKeyword_returnsStressed]' passed (0.000 seconds).
Test Case '-[Yoga_of_EatingTests.TextSignalExtractorTests test_clarityScore_emptyText_returnsHalf]' started.
Test Case '-[Yoga_of_EatingTests.TextSignalExtractorTests test_clarityScore_emptyText_returnsHalf]' passed (0.000 seconds).
Test Case '-[Yoga_of_EatingTests.TextSignalExtractorTests test_clarityScore_overwhelmedText_isLowerThanClearText]' started.
Test Case '-[Yoga_of_EatingTests.TextSignalExtractorTests test_clarityScore_overwhelmedText_isLowerThanClearText]' passed (0.000 seconds).
Test Case '-[Yoga_of_EatingTests.TextSignalExtractorTests test_clarityScore_returnsValueBetweenZeroAndOne]' started.
Test Case '-[Yoga_of_EatingTests.TextSignalExtractorTests test_clarityScore_returnsValueBetweenZeroAndOne]' passed (0.000 seconds).
Test Case '-[Yoga_of_EatingTests.TextSignalExtractorTests test_clearKeyword_returnsClear]' started.
Test Case '-[Yoga_of_EatingTests.TextSignalExtractorTests test_clearKeyword_returnsClear]' passed (0.000 seconds).
Test Case '-[Yoga_of_EatingTests.TextSignalExtractorTests test_committedKeyword_returnsAgentive]' started.
Test Case '-[Yoga_of_EatingTests.TextSignalExtractorTests test_committedKeyword_returnsAgentive]' passed (0.000 seconds).
Test Case '-[Yoga_of_EatingTests.TextSignalExtractorTests test_emptyString_returnsNeutral]' started.
Test Case '-[Yoga_of_EatingTests.TextSignalExtractorTests test_emptyString_returnsNeutral]' passed (0.000 seconds).
Test Case '-[Yoga_of_EatingTests.TextSignalExtractorTests test_extractorConformsToProtocol]' started.
Test Case '-[Yoga_of_EatingTests.TextSignalExtractorTests test_extractorConformsToProtocol]' passed (0.000 seconds).
Test Case '-[Yoga_of_EatingTests.TextSignalExtractorTests test_focusedKeyword_returnsClear]' started.
Test Case '-[Yoga_of_EatingTests.TextSignalExtractorTests test_focusedKeyword_returnsClear]' passed (0.003 seconds).
Test Case '-[Yoga_of_EatingTests.TextSignalExtractorTests test_gentleKeyword_returnsSelfCompassionate]' started.
Test Case '-[Yoga_of_EatingTests.TextSignalExtractorTests test_gentleKeyword_returnsSelfCompassionate]' passed (0.000 seconds).
Test Case '-[Yoga_of_EatingTests.TextSignalExtractorTests test_gratefulKeyword_returnsGrateful]' started.
Test Case '-[Yoga_of_EatingTests.TextSignalExtractorTests test_gratefulKeyword_returnsGrateful]' passed (0.000 seconds).
Test Case '-[Yoga_of_EatingTests.TextSignalExtractorTests test_mixedText_canProduceMultipleSignals]' started.
Test Case '-[Yoga_of_EatingTests.TextSignalExtractorTests test_mixedText_canProduceMultipleSignals]' passed (0.000 seconds).
Test Case '-[Yoga_of_EatingTests.TextSignalExtractorTests test_noKeywords_returnsNeutral]' started.
Test Case '-[Yoga_of_EatingTests.TextSignalExtractorTests test_noKeywords_returnsNeutral]' passed (0.000 seconds).
Test Case '-[Yoga_of_EatingTests.TextSignalExtractorTests test_overwhelmedKeyword_returnsOverwhelmed]' started.
Test Case '-[Yoga_of_EatingTests.TextSignalExtractorTests test_overwhelmedKeyword_returnsOverwhelmed]' passed (0.000 seconds).
Test Case '-[Yoga_of_EatingTests.TextSignalExtractorTests test_selfCareKeyword_returnsSelfCompassionate]' started.
Test Case '-[Yoga_of_EatingTests.TextSignalExtractorTests test_selfCareKeyword_returnsSelfCompassionate]' passed (0.000 seconds).
Test Case '-[Yoga_of_EatingTests.TextSignalExtractorTests test_sentimentScore_negativeText_isBelow_positiveText]' started.
Test Case '-[Yoga_of_EatingTests.TextSignalExtractorTests test_sentimentScore_negativeText_isBelow_positiveText]' passed (0.000 seconds).
Test Case '-[Yoga_of_EatingTests.TextSignalExtractorTests test_sentimentScore_returnsValueBetweenZeroAndOne]' started.
Test Case '-[Yoga_of_EatingTests.TextSignalExtractorTests test_sentimentScore_returnsValueBetweenZeroAndOne]' passed (0.000 seconds).
Test Case '-[Yoga_of_EatingTests.TextSignalExtractorTests test_stressedKeyword_returnsStressed]' started.
Test Case '-[Yoga_of_EatingTests.TextSignalExtractorTests test_stressedKeyword_returnsStressed]' passed (0.000 seconds).
Test Case '-[Yoga_of_EatingTests.TextSignalExtractorTests test_thankfulKeyword_returnsGrateful]' started.
Test Case '-[Yoga_of_EatingTests.TextSignalExtractorTests test_thankfulKeyword_returnsGrateful]' passed (0.000 seconds).
Test Case '-[Yoga_of_EatingTests.TextSignalExtractorTests test_tooMuchKeyword_returnsOverwhelmed]' started.
Test Case '-[Yoga_of_EatingTests.TextSignalExtractorTests test_tooMuchKeyword_returnsOverwhelmed]' passed (0.000 seconds).
Test Case '-[Yoga_of_EatingTests.TextSignalExtractorTests test_uppercaseKeyword_isRecognised]' started.
Test Case '-[Yoga_of_EatingTests.TextSignalExtractorTests test_uppercaseKeyword_isRecognised]' passed (0.003 seconds).
Test Case '-[Yoga_of_EatingTests.TextSignalExtractorTests test_whitespaceOnly_returnsNeutral]' started.
Test Case '-[Yoga_of_EatingTests.TextSignalExtractorTests test_whitespaceOnly_returnsNeutral]' passed (0.000 seconds).
Test Suite 'TextSignalExtractorTests' passed at 2026-05-15 06:34:30.956.
	 Executed 23 tests, with 0 failures (0 unexpected) in 0.013 (0.019) seconds
Test Suite 'TextSignalTests' started at 2026-05-15 06:34:30.956.
Test Case '-[Yoga_of_EatingTests.TextSignalTests test_agentive_exists]' started.
Test Case '-[Yoga_of_EatingTests.TextSignalTests test_agentive_exists]' passed (0.000 seconds).
Test Case '-[Yoga_of_EatingTests.TextSignalTests test_allCases_haveNonEmptyDisplayName]' started.
Test Case '-[Yoga_of_EatingTests.TextSignalTests test_allCases_haveNonEmptyDisplayName]' passed (0.000 seconds).
Test Case '-[Yoga_of_EatingTests.TextSignalTests test_arrayOfSignals_codableRoundTrip]' started.
Test Case '-[Yoga_of_EatingTests.TextSignalTests test_arrayOfSignals_codableRoundTrip]' passed (0.003 seconds).
Test Case '-[Yoga_of_EatingTests.TextSignalTests test_clear_exists]' started.
Test Case '-[Yoga_of_EatingTests.TextSignalTests test_clear_exists]' passed (0.000 seconds).
Test Case '-[Yoga_of_EatingTests.TextSignalTests test_codableRoundTrip_allCases]' started.
Test Case '-[Yoga_of_EatingTests.TextSignalTests test_codableRoundTrip_allCases]' passed (0.000 seconds).
Test Case '-[Yoga_of_EatingTests.TextSignalTests test_grateful_exists]' started.
Test Case '-[Yoga_of_EatingTests.TextSignalTests test_grateful_exists]' passed (0.000 seconds).
Test Case '-[Yoga_of_EatingTests.TextSignalTests test_hasAtLeastSevenCases]' started.
Test Case '-[Yoga_of_EatingTests.TextSignalTests test_hasAtLeastSevenCases]' passed (0.000 seconds).
Test Case '-[Yoga_of_EatingTests.TextSignalTests test_mealUpdated_trigger_exists]' started.
Test Case '-[Yoga_of_EatingTests.TextSignalTests test_mealUpdated_trigger_exists]' passed (0.004 seconds).
Test Case '-[Yoga_of_EatingTests.TextSignalTests test_neutral_exists]' started.
Test Case '-[Yoga_of_EatingTests.TextSignalTests test_neutral_exists]' passed (0.000 seconds).
Test Case '-[Yoga_of_EatingTests.TextSignalTests test_overwhelmed_exists]' started.
Test Case '-[Yoga_of_EatingTests.TextSignalTests test_overwhelmed_exists]' passed (0.000 seconds).
Test Case '-[Yoga_of_EatingTests.TextSignalTests test_rawValues_areDistinct]' started.
Test Case '-[Yoga_of_EatingTests.TextSignalTests test_rawValues_areDistinct]' passed (0.000 seconds).
Test Case '-[Yoga_of_EatingTests.TextSignalTests test_selfCompassionate_exists]' started.
Test Case '-[Yoga_of_EatingTests.TextSignalTests test_selfCompassionate_exists]' passed (0.000 seconds).
Test Case '-[Yoga_of_EatingTests.TextSignalTests test_sleepLogged_trigger_exists]' started.
Test Case '-[Yoga_of_EatingTests.TextSignalTests test_sleepLogged_trigger_exists]' passed (0.000 seconds).
Test Case '-[Yoga_of_EatingTests.TextSignalTests test_stressed_exists]' started.
Test Case '-[Yoga_of_EatingTests.TextSignalTests test_stressed_exists]' passed (0.000 seconds).
Test Case '-[Yoga_of_EatingTests.TextSignalTests test_synthesisTrigger_codableRoundTrip]' started.
Test Case '-[Yoga_of_EatingTests.TextSignalTests test_synthesisTrigger_codableRoundTrip]' passed (0.000 seconds).
Test Case '-[Yoga_of_EatingTests.TextSignalTests test_synthesisTrigger_hasAtLeastSixCases]' started.
Test Case '-[Yoga_of_EatingTests.TextSignalTests test_synthesisTrigger_hasAtLeastSixCases]' passed (0.000 seconds).
Test Case '-[Yoga_of_EatingTests.TextSignalTests test_synthesisTrigger_rawValues_areDistinct]' started.
Test Case '-[Yoga_of_EatingTests.TextSignalTests test_synthesisTrigger_rawValues_areDistinct]' passed (0.000 seconds).
Test Suite 'TextSignalTests' passed at 2026-05-15 06:34:30.971.
	 Executed 17 tests, with 0 failures (0 unexpected) in 0.011 (0.015) seconds
Test Suite 'ThemeTests' started at 2026-05-15 06:34:30.973.
Test Case '-[Yoga_of_EatingTests.ThemeTests test_animation_standardDuration_isPositive]' started.
Test Case '-[Yoga_of_EatingTests.ThemeTests test_animation_standardDuration_isPositive]' passed (0.000 seconds).
Test Case '-[Yoga_of_EatingTests.ThemeTests test_animation_standardDuration_isReasonable]' started.
Test Case '-[Yoga_of_EatingTests.ThemeTests test_animation_standardDuration_isReasonable]' passed (0.000 seconds).
Test Case '-[Yoga_of_EatingTests.ThemeTests test_background_glowBlurRadius_isDefined]' started.
Test Case '-[Yoga_of_EatingTests.ThemeTests test_background_glowBlurRadius_isDefined]' passed (0.000 seconds).
Test Case '-[Yoga_of_EatingTests.ThemeTests test_background_glowOpacity_isDefined]' started.
Test Case '-[Yoga_of_EatingTests.ThemeTests test_background_glowOpacity_isDefined]' passed (0.000 seconds).
Test Case '-[Yoga_of_EatingTests.ThemeTests test_background_glowSize_isDefined]' started.
Test Case '-[Yoga_of_EatingTests.ThemeTests test_background_glowSize_isDefined]' passed (0.000 seconds).
Test Case '-[Yoga_of_EatingTests.ThemeTests test_caloriePill_fillColors_areDefined]' started.
Test Case '-[Yoga_of_EatingTests.ThemeTests test_caloriePill_fillColors_areDefined]' passed (0.002 seconds).
Test Case '-[Yoga_of_EatingTests.ThemeTests test_caloriePill_geometry_arePositive]' started.
Test Case '-[Yoga_of_EatingTests.ThemeTests test_caloriePill_geometry_arePositive]' passed (0.000 seconds).
Test Case '-[Yoga_of_EatingTests.ThemeTests test_caloriePill_pillBackground_isDefined]' started.
Test Case '-[Yoga_of_EatingTests.ThemeTests test_caloriePill_pillBackground_isDefined]' passed (0.000 seconds).
Test Case '-[Yoga_of_EatingTests.ThemeTests test_caloriePill_textPrimary_isDefined]' started.
Test Case '-[Yoga_of_EatingTests.ThemeTests test_caloriePill_textPrimary_isDefined]' passed (0.000 seconds).
Test Case '-[Yoga_of_EatingTests.ThemeTests test_caloriePill_thresholds_areInValidRange]' started.
Test Case '-[Yoga_of_EatingTests.ThemeTests test_caloriePill_thresholds_areInValidRange]' passed (0.000 seconds).
Test Case '-[Yoga_of_EatingTests.ThemeTests test_dateContext_morningHourThreshold_isTen]' started.
Test Case '-[Yoga_of_EatingTests.ThemeTests test_dateContext_morningHourThreshold_isTen]' passed (0.000 seconds).
Test Case '-[Yoga_of_EatingTests.ThemeTests test_layout_bottomScrollBuffer_isPinned]' started.
Test Case '-[Yoga_of_EatingTests.ThemeTests test_layout_bottomScrollBuffer_isPinned]' passed (0.000 seconds).
Test Case '-[Yoga_of_EatingTests.ThemeTests test_mealCardBorder_hasConsistentWidth]' started.
Test Case '-[Yoga_of_EatingTests.ThemeTests test_mealCardBorder_hasConsistentWidth]' passed (0.000 seconds).
Test Case '-[Yoga_of_EatingTests.ThemeTests test_mealCardBorder_usesSemanticColor]' started.
Test Case '-[Yoga_of_EatingTests.ThemeTests test_mealCardBorder_usesSemanticColor]' passed (0.000 seconds).
Test Case '-[Yoga_of_EatingTests.ThemeTests test_scoreBadge_usesSemanticColors]' started.
Test Case '-[Yoga_of_EatingTests.ThemeTests test_scoreBadge_usesSemanticColors]' passed (0.000 seconds).
Test Case '-[Yoga_of_EatingTests.ThemeTests test_scoreBreakdownSheet_usesSystemBackgrounds]' started.
Test Case '-[Yoga_of_EatingTests.ThemeTests test_scoreBreakdownSheet_usesSystemBackgrounds]' passed (0.000 seconds).
Test Case '-[Yoga_of_EatingTests.ThemeTests test_scoreCategory_colors_areDefined]' started.
Test Case '-[Yoga_of_EatingTests.ThemeTests test_scoreCategory_colors_areDefined]' passed (0.000 seconds).
Test Case '-[Yoga_of_EatingTests.ThemeTests test_theme_backgroundColors_exist]' started.
Test Case '-[Yoga_of_EatingTests.ThemeTests test_theme_backgroundColors_exist]' passed (0.000 seconds).
Test Case '-[Yoga_of_EatingTests.ThemeTests test_theme_cornerRadius_values]' started.
Test Case '-[Yoga_of_EatingTests.ThemeTests test_theme_cornerRadius_values]' passed (0.000 seconds).
Test Case '-[Yoga_of_EatingTests.ThemeTests test_theme_spacing_values]' started.
Test Case '-[Yoga_of_EatingTests.ThemeTests test_theme_spacing_values]' passed (0.000 seconds).
Test Case '-[Yoga_of_EatingTests.ThemeTests test_timeline_fastingDefaultColor_isDefined]' started.
Test Case '-[Yoga_of_EatingTests.ThemeTests test_timeline_fastingDefaultColor_isDefined]' passed (0.000 seconds).
Test Case '-[Yoga_of_EatingTests.ThemeTests test_timeline_fastingSignificantColor_isDefined]' started.
Test Case '-[Yoga_of_EatingTests.ThemeTests test_timeline_fastingSignificantColor_isDefined]' passed (0.000 seconds).
Test Case '-[Yoga_of_EatingTests.ThemeTests test_timeline_spineOpacity_isCorrectValue]' started.
Test Case '-[Yoga_of_EatingTests.ThemeTests test_timeline_spineOpacity_isCorrectValue]' passed (0.003 seconds).
Test Case '-[Yoga_of_EatingTests.ThemeTests test_timeline_spineOpacity_isInValidRange]' started.
Test Case '-[Yoga_of_EatingTests.ThemeTests test_timeline_spineOpacity_isInValidRange]' passed (0.000 seconds).
Test Case '-[Yoga_of_EatingTests.ThemeTests test_timeline_spineWidth_isCorrectValue]' started.
Test Case '-[Yoga_of_EatingTests.ThemeTests test_timeline_spineWidth_isCorrectValue]' passed (0.000 seconds).
Test Case '-[Yoga_of_EatingTests.ThemeTests test_timeline_spineWidth_isPositive]' started.
Test Case '-[Yoga_of_EatingTests.ThemeTests test_timeline_spineWidth_isPositive]' passed (0.000 seconds).
Test Suite 'ThemeTests' passed at 2026-05-15 06:34:30.994.
	 Executed 26 tests, with 0 failures (0 unexpected) in 0.013 (0.021) seconds
Test Suite 'TimePickerSheetViewTests' started at 2026-05-15 06:34:30.994.
Test Case '-[Yoga_of_EatingTests.TimePickerSheetViewTests test_onCancelCallback_canBeSet]' started.
Test Case '-[Yoga_of_EatingTests.TimePickerSheetViewTests test_onCancelCallback_canBeSet]' passed (0.002 seconds).
Test Case '-[Yoga_of_EatingTests.TimePickerSheetViewTests test_onSaveCallback_canBeSet]' started.
Test Case '-[Yoga_of_EatingTests.TimePickerSheetViewTests test_onSaveCallback_canBeSet]' passed (0.000 seconds).
Test Case '-[Yoga_of_EatingTests.TimePickerSheetViewTests test_viewInitializes_withPastDate]' started.
Test Case '-[Yoga_of_EatingTests.TimePickerSheetViewTests test_viewInitializes_withPastDate]' passed (0.017 seconds).
Test Case '-[Yoga_of_EatingTests.TimePickerSheetViewTests test_viewInitializes_withValidDate]' started.
Test Case '-[Yoga_of_EatingTests.TimePickerSheetViewTests test_viewInitializes_withValidDate]' passed (0.000 seconds).
Test Suite 'TimePickerSheetViewTests' passed at 2026-05-15 06:34:31.015.
	 Executed 4 tests, with 0 failures (0 unexpected) in 0.020 (0.020) seconds
Test Suite 'TimingConstantsTests' started at 2026-05-15 06:34:31.015.
Test Case '-[Yoga_of_EatingTests.TimingConstantsTests test_dayResetPollIntervalNanoseconds_isAtLeastTenSeconds]' started.
Test Case '-[Yoga_of_EatingTests.TimingConstantsTests test_dayResetPollIntervalNanoseconds_isAtLeastTenSeconds]' passed (0.000 seconds).
Test Case '-[Yoga_of_EatingTests.TimingConstantsTests test_dayResetPollIntervalNanoseconds_isPositive]' started.
Test Case '-[Yoga_of_EatingTests.TimingConstantsTests test_dayResetPollIntervalNanoseconds_isPositive]' passed (0.000 seconds).
Test Case '-[Yoga_of_EatingTests.TimingConstantsTests test_dayResetPollIntervalNanoseconds_isUnderFiveMinutes]' started.
Test Case '-[Yoga_of_EatingTests.TimingConstantsTests test_dayResetPollIntervalNanoseconds_isUnderFiveMinutes]' passed (0.000 seconds).
Test Case '-[Yoga_of_EatingTests.TimingConstantsTests test_syncErrorDisplayNanoseconds_isGreaterThanSuccessDisplay]' started.
Test Case '-[Yoga_of_EatingTests.TimingConstantsTests test_syncErrorDisplayNanoseconds_isGreaterThanSuccessDisplay]' passed (0.000 seconds).
Test Case '-[Yoga_of_EatingTests.TimingConstantsTests test_syncMaxRetryAttempts_isAtLeastOne]' started.
Test Case '-[Yoga_of_EatingTests.TimingConstantsTests test_syncMaxRetryAttempts_isAtLeastOne]' passed (0.000 seconds).
Test Case '-[Yoga_of_EatingTests.TimingConstantsTests test_syncRetryDelayNanoseconds_isPositive]' started.
Test Case '-[Yoga_of_EatingTests.TimingConstantsTests test_syncRetryDelayNanoseconds_isPositive]' passed (0.000 seconds).
Test Case '-[Yoga_of_EatingTests.TimingConstantsTests test_syncSuccessDisplayNanoseconds_isPositive]' started.
Test Case '-[Yoga_of_EatingTests.TimingConstantsTests test_syncSuccessDisplayNanoseconds_isPositive]' passed (0.000 seconds).
Test Case '-[Yoga_of_EatingTests.TimingConstantsTests test_textEntryDebounce_is500ms]' started.
Test Case '-[Yoga_of_EatingTests.TimingConstantsTests test_textEntryDebounce_is500ms]' passed (0.000 seconds).
Test Case '-[Yoga_of_EatingTests.TimingConstantsTests test_textEntryDebounce_isReasonableForUX]' started.
Test Case '-[Yoga_of_EatingTests.TimingConstantsTests test_textEntryDebounce_isReasonableForUX]' passed (0.001 seconds).
Test Suite 'TimingConstantsTests' passed at 2026-05-15 06:34:31.019.
	 Executed 9 tests, with 0 failures (0 unexpected) in 0.003 (0.005) seconds
Test Suite 'TodoCarryOverTests' started at 2026-05-15 06:34:31.020.
Test Case '-[Yoga_of_EatingTests.TodoCarryOverTests test_carriedOverCount_clampedAt365]' started.
Test Case '-[Yoga_of_EatingTests.TodoCarryOverTests test_carriedOverCount_clampedAt365]' passed (0.000 seconds).
Test Case '-[Yoga_of_EatingTests.TodoCarryOverTests test_carriedOverCount_clampedAtZeroForNegative]' started.
Test Case '-[Yoga_of_EatingTests.TodoCarryOverTests test_carriedOverCount_clampedAtZeroForNegative]' passed (0.000 seconds).
Test Case '-[Yoga_of_EatingTests.TodoCarryOverTests test_carriedOverCount_incrementsEachDayCarried]' started.
Test Case '-[Yoga_of_EatingTests.TodoCarryOverTests test_carriedOverCount_incrementsEachDayCarried]' passed (0.001 seconds).
Test Case '-[Yoga_of_EatingTests.TodoCarryOverTests test_carriedOverCount_isZeroForFreshTodo]' started.
Test Case '-[Yoga_of_EatingTests.TodoCarryOverTests test_carriedOverCount_isZeroForFreshTodo]' passed (0.000 seconds).
Test Case '-[Yoga_of_EatingTests.TodoCarryOverTests test_incompleteTodosForCarryOver_doesNotCarryCompletedTodos]' started.
Test Case '-[Yoga_of_EatingTests.TodoCarryOverTests test_incompleteTodosForCarryOver_doesNotCarryCompletedTodos]' passed (0.001 seconds).
Test Case '-[Yoga_of_EatingTests.TodoCarryOverTests test_incompleteTodosForCarryOver_doesNotCarryExplicitlyMarkedFalse]' started.
Test Case '-[Yoga_of_EatingTests.TodoCarryOverTests test_incompleteTodosForCarryOver_doesNotCarryExplicitlyMarkedFalse]' passed (0.000 seconds).
Test Case '-[Yoga_of_EatingTests.TodoCarryOverTests test_incompleteTodosForCarryOver_emptyWhenNoHighlightData]' started.
Test Case '-[Yoga_of_EatingTests.TodoCarryOverTests test_incompleteTodosForCarryOver_emptyWhenNoHighlightData]' passed (0.000 seconds).
Test Case '-[Yoga_of_EatingTests.TodoCarryOverTests test_incompleteTodosForCarryOver_emptyWhenNoSnapshot]' started.
Test Case '-[Yoga_of_EatingTests.TodoCarryOverTests test_incompleteTodosForCarryOver_emptyWhenNoSnapshot]' passed (0.000 seconds).
Test Case '-[Yoga_of_EatingTests.TodoCarryOverTests test_incompleteTodosForCarryOver_incrementsCarriedOverCount]' started.
Test Case '-[Yoga_of_EatingTests.TodoCarryOverTests test_incompleteTodosForCarryOver_incrementsCarriedOverCount]' passed (0.000 seconds).
Test Case '-[Yoga_of_EatingTests.TodoCarryOverTests test_incompleteTodosForCarryOver_returnsOnlyIncompleteTodos]' started.
Test Case '-[Yoga_of_EatingTests.TodoCarryOverTests test_incompleteTodosForCarryOver_returnsOnlyIncompleteTodos]' passed (0.000 seconds).
Test Case '-[Yoga_of_EatingTests.TodoCarryOverTests test_mindCheckEntry_codableRoundTrip_withCarriedOverCount]' started.
Test Case '-[Yoga_of_EatingTests.TodoCarryOverTests test_mindCheckEntry_codableRoundTrip_withCarriedOverCount]' passed (0.000 seconds).
Test Case '-[Yoga_of_EatingTests.TodoCarryOverTests test_mindCheckEntry_decodesLegacyJSON_withoutCarriedOverCount_defaultsToZero]' started.
Test Case '-[Yoga_of_EatingTests.TodoCarryOverTests test_mindCheckEntry_decodesLegacyJSON_withoutCarriedOverCount_defaultsToZero]' passed (0.000 seconds).
Test Case '-[Yoga_of_EatingTests.TodoCarryOverTests test_resetDay_doesNotCreateHighlightDataWhenNoIncompleteTodos]' started.
2026-05-15 06:34:31.030923+0530 Yoga of Eating[16053:128730] [[FirebaseCore]] 12.7.0 - [FirebaseCore][I-COR000003] The default Firebase app has not yet been configured. Add `FirebaseApp.configure()` to your application initialization. This can be done in in the App Delegate's application(_:didFinishLaunchingWithOptions:)` (or the `@main` struct's initializer in SwiftUI). Read more: https://firebase.google.com/docs/ios/setup#initialize_firebase_in_your_app
Test Case '-[Yoga_of_EatingTests.TodoCarryOverTests test_resetDay_doesNotCreateHighlightDataWhenNoIncompleteTodos]' passed (0.000 seconds).
2026-05-15 06:34:31.031017+0530 Yoga of Eating[16053:128730] [[FirebaseCore]] 12.7.0 - [FirebaseCore][I-COR000003] The default Firebase app has not yet been configured. Add `FirebaseApp.configure()` to your application initialization. This can be done in in the App Delegate's application(_:didFinishLaunchingWithOptions:)` (or the `@main` struct's initializer in SwiftUI). Read more: https://firebase.google.com/docs/ios/setup#initialize_firebase_in_your_app
Test Case '-[Yoga_of_EatingTests.TodoCarryOverTests test_resetDay_mergesCarriedTodosWithExistingHighlightData]' started.
2026-05-15 06:34:31.035777+0530 Yoga of Eating[16053:128730] [[FirebaseCore]] 12.7.0 - [FirebaseCore][I-COR000003] The default Firebase app has not yet been configured. Add `FirebaseApp.configure()` to your application initialization. This can be done in in the App Delegate's application(_:didFinishLaunchingWithOptions:)` (or the `@main` struct's initializer in SwiftUI). Read more: https://firebase.google.com/docs/ios/setup#initialize_firebase_in_your_app
2026-05-15 06:34:31.035847+0530 Yoga of Eating[16053:128730] [[FirebaseCore]] 12.7.0 - [FirebaseCore][I-COR000003] The default Firebase app has not yet been configured. Add `FirebaseApp.configure()` to your application initialization. This can be done in in the App Delegate's application(_:didFinishLaunchingWithOptions:)` (or the `@main` struct's initializer in SwiftUI). Read more: https://firebase.google.com/docs/ios/setup#initialize_firebase_in_your_app
Test Case '-[Yoga_of_EatingTests.TodoCarryOverTests test_resetDay_mergesCarriedTodosWithExistingHighlightData]' passed (0.000 seconds).
Test Case '-[Yoga_of_EatingTests.TodoCarryOverTests test_resetDay_populatesTodaySnapshotWithCarriedTodos]' started.
2026-05-15 06:34:31.037572+0530 Yoga of Eating[16053:128733] [[FirebaseCore]] 12.7.0 - [FirebaseCore][I-COR000003] The default Firebase app has not yet been configured. Add `FirebaseApp.configure()` to your application initialization. This can be done in in the App Delegate's application(_:didFinishLaunchingWithOptions:)` (or the `@main` struct's initializer in SwiftUI). Read more: https://firebase.google.com/docs/ios/setup#initialize_firebase_in_your_app
2026-05-15 06:34:31.037622+0530 Yoga of Eating[16053:128733] [[FirebaseCore]] 12.7.0 - [FirebaseCore][I-COR000003] The default Firebase app has not yet been configured. Add `FirebaseApp.configure()` to your application initialization. This can be done in in the App Delegate's application(_:didFinishLaunchingWithOptions:)` (or the `@main` struct's initializer in SwiftUI). Read more: https://firebase.google.com/docs/ios/setup#initialize_firebase_in_your_app
Test Case '-[Yoga_of_EatingTests.TodoCarryOverTests test_resetDay_populatesTodaySnapshotWithCarriedTodos]' passed (0.004 seconds).
Test Suite 'TodoCarryOverTests' passed at 2026-05-15 06:34:31.042.
	 Executed 15 tests, with 0 failures (0 unexpected) in 0.010 (0.022) seconds
Test Suite 'WellbeingBreakdownSheetTests' started at 2026-05-15 06:34:31.042.
Test Case '-[Yoga_of_EatingTests.WellbeingBreakdownSheetTests test_handleSmileyLongPress_noDataNoSheets]' started.
2026-05-15 06:34:31.042197+0530 Yoga of Eating[16053:128730] [[FirebaseCore]] 12.7.0 - [FirebaseCore][I-COR000003] The default Firebase app has not yet been configured. Add `FirebaseApp.configure()` to your application initialization. This can be done in in the App Delegate's application(_:didFinishLaunchingWithOptions:)` (or the `@main` struct's initializer in SwiftUI). Read more: https://firebase.google.com/docs/ios/setup#initialize_firebase_in_your_app
Test Case '-[Yoga_of_EatingTests.WellbeingBreakdownSheetTests test_handleSmileyLongPress_noDataNoSheets]' passed (0.000 seconds).
Test Case '-[Yoga_of_EatingTests.WellbeingBreakdownSheetTests test_handleSmileyLongPress_withBreakdownContract_opensBreakdownSheet]' started.
2026-05-15 06:34:31.042705+0530 Yoga of Eating[16053:128733] [[FirebaseCore]] 12.7.0 - [FirebaseCore][I-COR000003] The default Firebase app has not yet been configured. Add `FirebaseApp.configure()` to your application initialization. This can be done in in the App Delegate's application(_:didFinishLaunchingWithOptions:)` (or the `@main` struct's initializer in SwiftUI). Read more: https://firebase.google.com/docs/ios/setup#initialize_firebase_in_your_app
Test Case '-[Yoga_of_EatingTests.WellbeingBreakdownSheetTests test_handleSmileyLongPress_withBreakdownContract_opensBreakdownSheet]' passed (0.000 seconds).
Test Case '-[Yoga_of_EatingTests.WellbeingBreakdownSheetTests test_wellbeingBreakdownContract_containsCausalNarrative]' started.
2026-05-15 06:34:31.043250+0530 Yoga of Eating[16053:128807] [[FirebaseCore]] 12.7.0 - [FirebaseCore][I-COR000003] The default Firebase app has not yet been configured. Add `FirebaseApp.configure()` to your application initialization. This can be done in in the App Delegate's application(_:didFinishLaunchingWithOptions:)` (or the `@main` struct's initializer in SwiftUI). Read more: https://firebase.google.com/docs/ios/setup#initialize_firebase_in_your_app
Test Case '-[Yoga_of_EatingTests.WellbeingBreakdownSheetTests test_wellbeingBreakdownContract_containsCausalNarrative]' passed (0.000 seconds).
Test Case '-[Yoga_of_EatingTests.WellbeingBreakdownSheetTests test_wellbeingBreakdownContract_containsDimensions]' started.
2026-05-15 06:34:31.043914+0530 Yoga of Eating[16053:128733] [[FirebaseCore]] 12.7.0 - [FirebaseCore][I-COR000003] The default Firebase app has not yet been configured. Add `FirebaseApp.configure()` to your application initialization. This can be done in in the App Delegate's application(_:didFinishLaunchingWithOptions:)` (or the `@main` struct's initializer in SwiftUI). Read more: https://firebase.google.com/docs/ios/setup#initialize_firebase_in_your_app
Test Case '-[Yoga_of_EatingTests.WellbeingBreakdownSheetTests test_wellbeingBreakdownContract_containsDimensions]' passed (0.004 seconds).
Test Case '-[Yoga_of_EatingTests.WellbeingBreakdownSheetTests test_wellbeingBreakdownContract_containsDominantDimension]' started.
2026-05-15 06:34:31.047445+0530 Yoga of Eating[16053:128807] [[FirebaseCore]] 12.7.0 - [FirebaseCore][I-COR000003] The default Firebase app has not yet been configured. Add `FirebaseApp.configure()` to your application initialization. This can be done in in the App Delegate's application(_:didFinishLaunchingWithOptions:)` (or the `@main` struct's initializer in SwiftUI). Read more: https://firebase.google.com/docs/ios/setup#initialize_firebase_in_your_app
Test Case '-[Yoga_of_EatingTests.WellbeingBreakdownSheetTests test_wellbeingBreakdownContract_containsDominantDimension]' passed (0.003 seconds).
Test Case '-[Yoga_of_EatingTests.WellbeingBreakdownSheetTests test_wellbeingBreakdownContract_isNilWhenNoMeals]' started.
2026-05-15 06:34:31.050925+0530 Yoga of Eating[16053:128730] [[FirebaseCore]] 12.7.0 - [FirebaseCore][I-COR000003] The default Firebase app has not yet been configured. Add `FirebaseApp.configure()` to your application initialization. This can be done in in the App Delegate's application(_:didFinishLaunchingWithOptions:)` (or the `@main` struct's initializer in SwiftUI). Read more: https://firebase.google.com/docs/ios/setup#initialize_firebase_in_your_app
Test Case '-[Yoga_of_EatingTests.WellbeingBreakdownSheetTests test_wellbeingBreakdownContract_isNilWhenNoMeals]' passed (0.000 seconds).
Test Case '-[Yoga_of_EatingTests.WellbeingBreakdownSheetTests test_wellbeingBreakdownContract_isNilWhenNotViewingToday]' started.
2026-05-15 06:34:31.051534+0530 Yoga of Eating[16053:128731] [[FirebaseCore]] 12.7.0 - [FirebaseCore][I-COR000003] The default Firebase app has not yet been configured. Add `FirebaseApp.configure()` to your application initialization. This can be done in in the App Delegate's application(_:didFinishLaunchingWithOptions:)` (or the `@main` struct's initializer in SwiftUI). Read more: https://firebase.google.com/docs/ios/setup#initialize_firebase_in_your_app
Test Case '-[Yoga_of_EatingTests.WellbeingBreakdownSheetTests test_wellbeingBreakdownContract_isNilWhenNotViewingToday]' passed (0.000 seconds).
Test Case '-[Yoga_of_EatingTests.WellbeingBreakdownSheetTests test_wellbeingBreakdownContract_isNotNilWithMealsToday]' started.
2026-05-15 06:34:31.052015+0530 Yoga of Eating[16053:128730] [[FirebaseCore]] 12.7.0 - [FirebaseCore][I-COR000003] The default Firebase app has not yet been configured. Add `FirebaseApp.configure()` to your application initialization. This can be done in in the App Delegate's application(_:didFinishLaunchingWithOptions:)` (or the `@main` struct's initializer in SwiftUI). Read more: https://firebase.google.com/docs/ios/setup#initialize_firebase_in_your_app
Test Case '-[Yoga_of_EatingTests.WellbeingBreakdownSheetTests test_wellbeingBreakdownContract_isNotNilWithMealsToday]' passed (0.003 seconds).
Test Case '-[Yoga_of_EatingTests.WellbeingBreakdownSheetTests test_wellbeingBreakdownContract_weakDimensionsAllBelowNeutralThreshold]' started.
2026-05-15 06:34:31.055254+0530 Yoga of Eating[16053:128730] [[FirebaseCore]] 12.7.0 - [FirebaseCore][I-COR000003] The default Firebase app has not yet been configured. Add `FirebaseApp.configure()` to your application initialization. This can be done in in the App Delegate's application(_:didFinishLaunchingWithOptions:)` (or the `@main` struct's initializer in SwiftUI). Read more: https://firebase.google.com/docs/ios/setup#initialize_firebase_in_your_app
Test Case '-[Yoga_of_EatingTests.WellbeingBreakdownSheetTests test_wellbeingBreakdownContract_weakDimensionsAllBelowNeutralThreshold]' passed (0.000 seconds).
Test Case '-[Yoga_of_EatingTests.WellbeingBreakdownSheetTests test_wellbeingBreakdownContract_weakDimensionsAtMostTwo]' started.
2026-05-15 06:34:31.055767+0530 Yoga of Eating[16053:128731] [[FirebaseCore]] 12.7.0 - [FirebaseCore][I-COR000003] The default Firebase app has not yet been configured. Add `FirebaseApp.configure()` to your application initialization. This can be done in in the App Delegate's application(_:didFinishLaunchingWithOptions:)` (or the `@main` struct's initializer in SwiftUI). Read more: https://firebase.google.com/docs/ios/setup#initialize_firebase_in_your_app
Test Case '-[Yoga_of_EatingTests.WellbeingBreakdownSheetTests test_wellbeingBreakdownContract_weakDimensionsAtMostTwo]' passed (0.000 seconds).
Test Case '-[Yoga_of_EatingTests.WellbeingBreakdownSheetTests test_wellbeingBreakdownSheetContract_equatable]' started.
2026-05-15 06:34:31.056311+0530 Yoga of Eating[16053:128730] [[FirebaseCore]] 12.7.0 - [FirebaseCore][I-COR000003] The default Firebase app has not yet been configured. Add `FirebaseApp.configure()` to your application initialization. This can be done in in the App Delegate's application(_:didFinishLaunchingWithOptions:)` (or the `@main` struct's initializer in SwiftUI). Read more: https://firebase.google.com/docs/ios/setup#initialize_firebase_in_your_app
Test Case '-[Yoga_of_EatingTests.WellbeingBreakdownSheetTests test_wellbeingBreakdownSheetContract_equatable]' passed (0.000 seconds).
Test Case '-[Yoga_of_EatingTests.WellbeingBreakdownSheetTests test_wellbeingBreakdownSheetContract_isValueType]' started.
Test Case '-[Yoga_of_EatingTests.WellbeingBreakdownSheetTests test_wellbeingBreakdownSheetContract_isValueType]' passed (0.000 seconds).
2026-05-15 06:34:31.056962+0530 Yoga of Eating[16053:128733] [[FirebaseCore]] 12.7.0 - [FirebaseCore][I-COR000003] The default Firebase app has not yet been configured. Add `FirebaseApp.configure()` to your application initialization. This can be done in in the App Delegate's application(_:didFinishLaunchingWithOptions:)` (or the `@main` struct's initializer in SwiftUI). Read more: https://firebase.google.com/docs/ios/setup#initialize_firebase_in_your_app
Test Suite 'WellbeingBreakdownSheetTests' passed at 2026-05-15 06:34:31.058.
	 Executed 12 tests, with 0 failures (0 unexpected) in 0.013 (0.016) seconds
Test Suite 'WellbeingDimensionsTests' started at 2026-05-15 06:34:31.058.
Test Case '-[Yoga_of_EatingTests.WellbeingDimensionsTests test_codableRoundTrip_preservesAllDimensions]' started.
Test Case '-[Yoga_of_EatingTests.WellbeingDimensionsTests test_codableRoundTrip_preservesAllDimensions]' passed (0.002 seconds).
Test Case '-[Yoga_of_EatingTests.WellbeingDimensionsTests test_dimensions_clampAboveOne_onInit]' started.
Test Case '-[Yoga_of_EatingTests.WellbeingDimensionsTests test_dimensions_clampAboveOne_onInit]' passed (0.000 seconds).
Test Case '-[Yoga_of_EatingTests.WellbeingDimensionsTests test_dimensions_clampBelowZero_onInit]' started.
Test Case '-[Yoga_of_EatingTests.WellbeingDimensionsTests test_dimensions_clampBelowZero_onInit]' passed (0.000 seconds).
Test Case '-[Yoga_of_EatingTests.WellbeingDimensionsTests test_equatable_differentValues_areNotEqual]' started.
Test Case '-[Yoga_of_EatingTests.WellbeingDimensionsTests test_equatable_differentValues_areNotEqual]' passed (0.000 seconds).
Test Case '-[Yoga_of_EatingTests.WellbeingDimensionsTests test_equatable_sameValues_areEqual]' started.
Test Case '-[Yoga_of_EatingTests.WellbeingDimensionsTests test_equatable_sameValues_areEqual]' passed (0.000 seconds).
Test Case '-[Yoga_of_EatingTests.WellbeingDimensionsTests test_neutral_hasAllPointFive]' started.
Test Case '-[Yoga_of_EatingTests.WellbeingDimensionsTests test_neutral_hasAllPointFive]' passed (0.000 seconds).
Test Case '-[Yoga_of_EatingTests.WellbeingDimensionsTests test_neutral_overall_isPointFive]' started.
Test Case '-[Yoga_of_EatingTests.WellbeingDimensionsTests test_neutral_overall_isPointFive]' passed (0.000 seconds).
Test Case '-[Yoga_of_EatingTests.WellbeingDimensionsTests test_overall_allOne_isOne]' started.
Test Case '-[Yoga_of_EatingTests.WellbeingDimensionsTests test_overall_allOne_isOne]' passed (0.000 seconds).
Test Case '-[Yoga_of_EatingTests.WellbeingDimensionsTests test_overall_allZero_isZero]' started.
Test Case '-[Yoga_of_EatingTests.WellbeingDimensionsTests test_overall_allZero_isZero]' passed (0.000 seconds).
Test Case '-[Yoga_of_EatingTests.WellbeingDimensionsTests test_overall_isAverageOfFourDimensions]' started.
Test Case '-[Yoga_of_EatingTests.WellbeingDimensionsTests test_overall_isAverageOfFourDimensions]' passed (0.000 seconds).
Test Case '-[Yoga_of_EatingTests.WellbeingDimensionsTests test_wellbeingDimension_allCases_haveDisplayName]' started.
Test Case '-[Yoga_of_EatingTests.WellbeingDimensionsTests test_wellbeingDimension_allCases_haveDisplayName]' passed (0.000 seconds).
Test Case '-[Yoga_of_EatingTests.WellbeingDimensionsTests test_wellbeingDimension_codableRoundTrip]' started.
Test Case '-[Yoga_of_EatingTests.WellbeingDimensionsTests test_wellbeingDimension_codableRoundTrip]' passed (0.000 seconds).
Test Case '-[Yoga_of_EatingTests.WellbeingDimensionsTests test_wellbeingDimension_rawValues_areDistinct]' started.
Test Case '-[Yoga_of_EatingTests.WellbeingDimensionsTests test_wellbeingDimension_rawValues_areDistinct]' passed (0.000 seconds).
Test Suite 'WellbeingDimensionsTests' passed at 2026-05-15 06:34:31.065.
	 Executed 13 tests, with 0 failures (0 unexpected) in 0.005 (0.007) seconds
Test Suite 'YearlyCalendarViewModelTests' started at 2026-05-15 06:34:31.065.
Test Case '-[Yoga_of_EatingTests.YearlyCalendarViewModelTests test_allCells_includesPlaceholdersForWeekdayAlignment]' started.
Test Case '-[Yoga_of_EatingTests.YearlyCalendarViewModelTests test_allCells_includesPlaceholdersForWeekdayAlignment]' passed (0.003 seconds).
Test Case '-[Yoga_of_EatingTests.YearlyCalendarViewModelTests test_allCells_jan1AppearsInCorrectWeekdayColumn_2023]' started.
Test Case '-[Yoga_of_EatingTests.YearlyCalendarViewModelTests test_allCells_jan1AppearsInCorrectWeekdayColumn_2023]' passed (0.001 seconds).
Test Case '-[Yoga_of_EatingTests.YearlyCalendarViewModelTests test_allCells_jan1AppearsInCorrectWeekdayColumn_2024]' started.
Test Case '-[Yoga_of_EatingTests.YearlyCalendarViewModelTests test_allCells_jan1AppearsInCorrectWeekdayColumn_2024]' passed (0.001 seconds).
Test Case '-[Yoga_of_EatingTests.YearlyCalendarViewModelTests test_allCells_jan1AppearsInCorrectWeekdayColumn_2026]' started.
Test Case '-[Yoga_of_EatingTests.YearlyCalendarViewModelTests test_allCells_jan1AppearsInCorrectWeekdayColumn_2026]' passed (0.001 seconds).
Test Case '-[Yoga_of_EatingTests.YearlyCalendarViewModelTests test_allCells_totalCountIncludesPlaceholders]' started.
Test Case '-[Yoga_of_EatingTests.YearlyCalendarViewModelTests test_allCells_totalCountIncludesPlaceholders]' passed (0.001 seconds).
Test Case '-[Yoga_of_EatingTests.YearlyCalendarViewModelTests test_allDates_excludesPlaceholders]' started.
Test Case '-[Yoga_of_EatingTests.YearlyCalendarViewModelTests test_allDates_excludesPlaceholders]' passed (0.003 seconds).
Test Case '-[Yoga_of_EatingTests.YearlyCalendarViewModelTests test_changingYear_refetchesSnapshots]' started.
Test Case '-[Yoga_of_EatingTests.YearlyCalendarViewModelTests test_changingYear_refetchesSnapshots]' passed (0.001 seconds).
Test Case '-[Yoga_of_EatingTests.YearlyCalendarViewModelTests test_currentDay_appearsInCorrectColumn]' started.
Test Case '-[Yoga_of_EatingTests.YearlyCalendarViewModelTests test_currentDay_appearsInCorrectColumn]' passed (0.001 seconds).
Test Case '-[Yoga_of_EatingTests.YearlyCalendarViewModelTests test_fetchSnapshots_updatesSnapshots]' started.
Test Case '-[Yoga_of_EatingTests.YearlyCalendarViewModelTests test_fetchSnapshots_updatesSnapshots]' passed (0.001 seconds).
Test Case '-[Yoga_of_EatingTests.YearlyCalendarViewModelTests test_initialLayout_hasDefaultConfiguration]' started.
Test Case '-[Yoga_of_EatingTests.YearlyCalendarViewModelTests test_initialLayout_hasDefaultConfiguration]' passed (0.001 seconds).
Test Case '-[Yoga_of_EatingTests.YearlyCalendarViewModelTests test_initialState_isCurrentYear]' started.
Test Case '-[Yoga_of_EatingTests.YearlyCalendarViewModelTests test_initialState_isCurrentYear]' passed (0.001 seconds).
Test Case '-[Yoga_of_EatingTests.YearlyCalendarViewModelTests test_monthLabelOffsets_calculatedCorrectly]' started.
Test Case '-[Yoga_of_EatingTests.YearlyCalendarViewModelTests test_monthLabelOffsets_calculatedCorrectly]' passed (0.001 seconds).
Test Case '-[Yoga_of_EatingTests.YearlyCalendarViewModelTests test_selectingSnapshot_updatesSelectedSnapshot]' started.
Test Case '-[Yoga_of_EatingTests.YearlyCalendarViewModelTests test_selectingSnapshot_updatesSelectedSnapshot]' passed (0.001 seconds).
Test Case '-[Yoga_of_EatingTests.YearlyCalendarViewModelTests test_updateLayout_calculatesAppropiateCellSize]' started.
Test Case '-[Yoga_of_EatingTests.YearlyCalendarViewModelTests test_updateLayout_calculatesAppropiateCellSize]' passed (0.001 seconds).
Test Case '-[Yoga_of_EatingTests.YearlyCalendarViewModelTests test_updateLayout_forLandscape_setsHorizontalDirection]' started.
Test Case '-[Yoga_of_EatingTests.YearlyCalendarViewModelTests test_updateLayout_forLandscape_setsHorizontalDirection]' passed (0.001 seconds).
Test Case '-[Yoga_of_EatingTests.YearlyCalendarViewModelTests test_updateLayout_forPortrait_setsVerticalDirection]' started.
Test Case '-[Yoga_of_EatingTests.YearlyCalendarViewModelTests test_updateLayout_forPortrait_setsVerticalDirection]' passed (0.001 seconds).
Test Case '-[Yoga_of_EatingTests.YearlyCalendarViewModelTests test_updateLayout_onlyUpdatesWhenMeaningfulChange]' started.
Test Case '-[Yoga_of_EatingTests.YearlyCalendarViewModelTests test_updateLayout_onlyUpdatesWhenMeaningfulChange]' passed (0.001 seconds).
Test Case '-[Yoga_of_EatingTests.YearlyCalendarViewModelTests test_yearDates_hasCorrectCountAndStart]' started.
Test Case '-[Yoga_of_EatingTests.YearlyCalendarViewModelTests test_yearDates_hasCorrectCountAndStart]' passed (0.001 seconds).
Test Suite 'YearlyCalendarViewModelTests' passed at 2026-05-15 06:34:31.087.
	 Executed 18 tests, with 0 failures (0 unexpected) in 0.019 (0.022) seconds
Test Suite 'Yoga_of_EatingTests' started at 2026-05-15 06:34:31.087.
Test Case '-[Yoga_of_EatingTests.Yoga_of_EatingTests testExample]' started.
Test Case '-[Yoga_of_EatingTests.Yoga_of_EatingTests testExample]' passed (0.000 seconds).
Test Case '-[Yoga_of_EatingTests.Yoga_of_EatingTests testPerformanceExample]' started.
2026-05-15 06:34:31.089914+0530 Yoga of Eating[16053:128707] [Reflection] Failed to fetch HealthKit sleep data: Authorization not determined
2026-05-15 06:34:31.090154+0530 Yoga of Eating[16053:128707] [Reflection] Failed to fetch HealthKit sleep data: Authorization not determined
2026-05-15 06:34:31.090472+0530 Yoga of Eating[16053:128707] [Reflection] Failed to fetch HealthKit sleep data: Authorization not determined
2026-05-15 06:34:31.090681+0530 Yoga of Eating[16053:128707] [Reflection] Failed to fetch HealthKit sleep data: Authorization not determined
2026-05-15 06:34:31.092407+0530 Yoga of Eating[16053:128707] [Reflection] Failed to fetch HealthKit sleep data: Authorization not determined
2026-05-15 06:34:31.092539+0530 Yoga of Eating[16053:128707] [Reflection] Failed to fetch HealthKit sleep data: Authorization not determined
2026-05-15 06:34:31.092654+0530 Yoga of Eating[16053:128707] [Reflection] Failed to fetch HealthKit sleep data: Authorization not determined
2026-05-15 06:34:31.092893+0530 Yoga of Eating[16053:128707] [Reflection] Failed to fetch HealthKit sleep data: Authorization not determined
2026-05-15 06:34:31.093352+0530 Yoga of Eating[16053:128707] [Reflection] Failed to fetch HealthKit sleep data: Authorization not determined
2026-05-15 06:34:31.093598+0530 Yoga of Eating[16053:128707] [Reflection] Failed to fetch HealthKit sleep data: Authorization not determined
2026-05-15 06:34:31.093778+0530 Yoga of Eating[16053:128707] [Reflection] Failed to fetch HealthKit sleep data: Authorization not determined
2026-05-15 06:34:31.095609+0530 Yoga of Eating[16053:128707] [Reflection] Failed to fetch HealthKit sleep data: Authorization not determined
/Users/sunil/Downloads/YogaofEating/Yoga of EatingTests/Yoga_of_EatingTests.swift:44: Test Case '-[Yoga_of_EatingTests.Yoga_of_EatingTests testPerformanceExample]' measured [Time, seconds] average: 0.000, relative standard deviation: 126.112%, values: [0.000093, 0.000019, 0.000011, 0.000010, 0.000011, 0.000010, 0.000010, 0.000010, 0.000010, 0.000011], performanceMetricID:com.apple.XCTPerformanceMetric_WallClockTime, baselineName: "", baselineAverage: , polarity: prefers smaller, maxPercentRegression: 10.000%, maxPercentRelativeStandardDeviation: 10.000%, maxRegression: 0.100, maxStandardDeviation: 0.100
Test Case '-[Yoga_of_EatingTests.Yoga_of_EatingTests testPerformanceExample]' passed (0.314 seconds).
Test Suite 'Yoga_of_EatingTests' passed at 2026-05-15 06:34:31.402.
	 Executed 2 tests, with 0 failures (0 unexpected) in 0.315 (0.315) seconds
Test Suite 'Yoga of EatingTests.xctest' passed at 2026-05-15 06:34:31.402.
	 Executed 671 tests, with 0 failures (0 unexpected) in 9.701 (9.955) seconds
Test Suite 'Selected tests' passed at 2026-05-15 06:34:31.403.
	 Executed 671 tests, with 0 failures (0 unexpected) in 9.701 (9.956) seconds
2026-05-15 06:34:32.571125+0530 Yoga of Eating[16063:129053] [[FirebaseCore]] 12.7.0 - [FirebaseCore][I-COR000003] The default Firebase app has not yet been configured. Add `FirebaseApp.configure()` to your application initialization. This can be done in in the App Delegate's application(_:didFinishLaunchingWithOptions:)` (or the `@main` struct's initializer in SwiftUI). Read more: https://firebase.google.com/docs/ios/setup#initialize_firebase_in_your_app
2026-05-15 06:34:32.571842+0530 Yoga of Eating[16063:129053] [[FirebaseCore]] 12.7.0 - [FirebaseCore][I-COR000003] The default Firebase app has not yet been configured. Add `FirebaseApp.configure()` to your application initialization. This can be done in in the App Delegate's application(_:didFinishLaunchingWithOptions:)` (or the `@main` struct's initializer in SwiftUI). Read more: https://firebase.google.com/docs/ios/setup#initialize_firebase_in_your_app
2026-05-15 06:34:32.576878+0530 Yoga of Eating[16063:129042] [[FirebaseCore]] 12.7.0 - [FirebaseCore][I-COR000003] The default Firebase app has not yet been configured. Add `FirebaseApp.configure()` to your application initialization. This can be done in in the App Delegate's application(_:didFinishLaunchingWithOptions:)` (or the `@main` struct's initializer in SwiftUI). Read more: https://firebase.google.com/docs/ios/setup#initialize_firebase_in_your_app
2026-05-15 06:34:32.577533+0530 Yoga of Eating[16063:129042] [[FirebaseCore]] 12.7.0 - [FirebaseCore][I-COR000003] The default Firebase app has not yet been configured. Add `FirebaseApp.configure()` to your application initialization. This can be done in in the App Delegate's application(_:didFinishLaunchingWithOptions:)` (or the `@main` struct's initializer in SwiftUI). Read more: https://firebase.google.com/docs/ios/setup#initialize_firebase_in_your_app
2026-05-15 06:34:32.657226+0530 Yoga of Eating[16063:129053] [[FirebaseCore]] 12.7.0 - [FirebaseCore][I-COR000003] The default Firebase app has not yet been configured. Add `FirebaseApp.configure()` to your application initialization. This can be done in in the App Delegate's application(_:didFinishLaunchingWithOptions:)` (or the `@main` struct's initializer in SwiftUI). Read more: https://firebase.google.com/docs/ios/setup#initialize_firebase_in_your_app
2026-05-15 06:34:32.660527+0530 Yoga of Eating[16063:129026] [Auth] No previous session to restore: We couldn't restore your session. Please sign in again.
2026-05-15 06:34:32.660917+0530 Yoga of Eating[16063:129026] [HistoricalSync] Sync attempted without authenticated user
2026-05-15 06:34:32.734147+0530 Yoga of Eating[16063:129043] [ActivityData] Energy query failed: Authorization not determined
2026-05-15 06:34:32.734203+0530 Yoga of Eating[16063:129043] [ActivityData] Energy query failed: Authorization not determined
2026-05-15 06:34:32.737696+0530 Yoga of Eating[16063:129026] [MainViewModel.Lifecycle] Activity data refreshed
Test Suite 'All tests' started at 2026-05-15 06:34:32.745.
Test Suite 'Yoga of EatingTests.xctest' started at 2026-05-15 06:34:32.746.
Test Suite 'AIAnalysisCoordinatorTests' started at 2026-05-15 06:34:32.746.
Test Case '-[Yoga_of_EatingTests.AIAnalysisCoordinatorTests test_analyzeIfNeeded_cancelsStaleTask_beforeStartingNew]' started.
2026-05-15 06:34:32.747313+0530 Yoga of Eating[16063:129026] [AIAnalysisCoordinator] AI analysis failed (meal redacted for privacy)
Test Case '-[Yoga_of_EatingTests.AIAnalysisCoordinatorTests test_analyzeIfNeeded_cancelsStaleTask_beforeStartingNew]' passed (0.002 seconds).
Test Case '-[Yoga_of_EatingTests.AIAnalysisCoordinatorTests test_analyzeIfNeeded_tracksTaskForMeal]' started.
Test Case '-[Yoga_of_EatingTests.AIAnalysisCoordinatorTests test_analyzeIfNeeded_tracksTaskForMeal]' passed (0.006 seconds).
Test Case '-[Yoga_of_EatingTests.AIAnalysisCoordinatorTests test_cancelAnalysis_cancelsInFlightTask]' started.
2026-05-15 06:34:32.754874+0530 Yoga of Eating[16063:129026] [AIAnalysisCoordinator] AI analysis failed (meal redacted for privacy)
Test Case '-[Yoga_of_EatingTests.AIAnalysisCoordinatorTests test_cancelAnalysis_cancelsInFlightTask]' passed (0.001 seconds).
Test Case '-[Yoga_of_EatingTests.AIAnalysisCoordinatorTests test_onMealScoreUpdated_isCalledAfterAnalysisCompletes]' started.
Test Case '-[Yoga_of_EatingTests.AIAnalysisCoordinatorTests test_onMealScoreUpdated_isCalledAfterAnalysisCompletes]' passed (0.202 seconds).
Test Case '-[Yoga_of_EatingTests.AIAnalysisCoordinatorTests test_onMealScoreUpdated_isCalledOnMainActor]' started.
Test Case '-[Yoga_of_EatingTests.AIAnalysisCoordinatorTests test_onMealScoreUpdated_isCalledOnMainActor]' passed (0.216 seconds).
Test Suite 'AIAnalysisCoordinatorTests' passed at 2026-05-15 06:34:33.175.
	 Executed 5 tests, with 0 failures (0 unexpected) in 0.427 (0.429) seconds
Test Suite 'AIAnalysisIntegrationTests' started at 2026-05-15 06:34:33.175.
Test Case '-[Yoga_of_EatingTests.AIAnalysisIntegrationTests test_aiFailure_allowsRetryOnNextDone]' started.
2026-05-15 06:34:33.177992+0530 Yoga of Eating[16063:129043] [[FirebaseCore]] 12.7.0 - [FirebaseCore][I-COR000003] The default Firebase app has not yet been configured. Add `FirebaseApp.configure()` to your application initialization. This can be done in in the App Delegate's application(_:didFinishLaunchingWithOptions:)` (or the `@main` struct's initializer in SwiftUI). Read more: https://firebase.google.com/docs/ios/setup#initialize_firebase_in_your_app
2026-05-15 06:34:33.190948+0530 Yoga of Eating[16063:129026] [AIAnalysisCoordinator] AI analysis failed (meal redacted for privacy)
Test Case '-[Yoga_of_EatingTests.AIAnalysisIntegrationTests test_aiFailure_allowsRetryOnNextDone]' passed (0.218 seconds).
Test Case '-[Yoga_of_EatingTests.AIAnalysisIntegrationTests test_aiFailure_doesNotMarkMealAsAnalyzed]' started.
2026-05-15 06:34:33.396027+0530 Yoga of Eating[16063:129043] [[FirebaseCore]] 12.7.0 - [FirebaseCore][I-COR000003] The default Firebase app has not yet been configured. Add `FirebaseApp.configure()` to your application initialization. This can be done in in the App Delegate's application(_:didFinishLaunchingWithOptions:)` (or the `@main` struct's initializer in SwiftUI). Read more: https://firebase.google.com/docs/ios/setup#initialize_firebase_in_your_app
2026-05-15 06:34:33.397384+0530 Yoga of Eating[16063:129026] [AIAnalysis] AI analysis failed (meal redacted for privacy)
Test Case '-[Yoga_of_EatingTests.AIAnalysisIntegrationTests test_aiFailure_doesNotMarkMealAsAnalyzed]' passed (0.004 seconds).
Test Case '-[Yoga_of_EatingTests.AIAnalysisIntegrationTests test_aiFailure_preservesLocalScore]' started.
2026-05-15 06:34:33.399646+0530 Yoga of Eating[16063:129047] [[FirebaseCore]] 12.7.0 - [FirebaseCore][I-COR000003] The default Firebase app has not yet been configured. Add `FirebaseApp.configure()` to your application initialization. This can be done in in the App Delegate's application(_:didFinishLaunchingWithOptions:)` (or the `@main` struct's initializer in SwiftUI). Read more: https://firebase.google.com/docs/ios/setup#initialize_firebase_in_your_app
2026-05-15 06:34:33.400163+0530 Yoga of Eating[16063:129026] [AIAnalysis] AI analysis failed (meal redacted for privacy)
Test Case '-[Yoga_of_EatingTests.AIAnalysisIntegrationTests test_aiFailure_preservesLocalScore]' passed (0.002 seconds).
Test Case '-[Yoga_of_EatingTests.AIAnalysisIntegrationTests test_concurrentDoneTaps_onlyCallAIOnce]' started.
2026-05-15 06:34:33.402888+0530 Yoga of Eating[16063:129047] [[FirebaseCore]] 12.7.0 - [FirebaseCore][I-COR000003] The default Firebase app has not yet been configured. Add `FirebaseApp.configure()` to your application initialization. This can be done in in the App Delegate's application(_:didFinishLaunchingWithOptions:)` (or the `@main` struct's initializer in SwiftUI). Read more: https://firebase.google.com/docs/ios/setup#initialize_firebase_in_your_app
Test Case '-[Yoga_of_EatingTests.AIAnalysisIntegrationTests test_concurrentDoneTaps_onlyCallAIOnce]' passed (0.002 seconds).
Test Case '-[Yoga_of_EatingTests.AIAnalysisIntegrationTests test_contentChange_resetsAIFlag_andRetriggers]' started.
2026-05-15 06:34:33.405135+0530 Yoga of Eating[16063:129056] [[FirebaseCore]] 12.7.0 - [FirebaseCore][I-COR000003] The default Firebase app has not yet been configured. Add `FirebaseApp.configure()` to your application initialization. This can be done in in the App Delegate's application(_:didFinishLaunchingWithOptions:)` (or the `@main` struct's initializer in SwiftUI). Read more: https://firebase.google.com/docs/ios/setup#initialize_firebase_in_your_app
Test Case '-[Yoga_of_EatingTests.AIAnalysisIntegrationTests test_contentChange_resetsAIFlag_andRetriggers]' passed (0.205 seconds).
Test Case '-[Yoga_of_EatingTests.AIAnalysisIntegrationTests test_defaultInit_logicServiceIsAIAnalysisProvider]' started.
2026-05-15 06:34:33.611422+0530 Yoga of Eating[16063:129053] [[FirebaseCore]] 12.7.0 - [FirebaseCore][I-COR000003] The default Firebase app has not yet been configured. Add `FirebaseApp.configure()` to your application initialization. This can be done in in the App Delegate's application(_:didFinishLaunchingWithOptions:)` (or the `@main` struct's initializer in SwiftUI). Read more: https://firebase.google.com/docs/ios/setup#initialize_firebase_in_your_app
2026-05-15 06:34:33.611784+0530 Yoga of Eating[16063:129053] [[FirebaseCore]] 12.7.0 - [FirebaseCore][I-COR000003] The default Firebase app has not yet been configured. Add `FirebaseApp.configure()` to your application initialization. This can be done in in the App Delegate's application(_:didFinishLaunchingWithOptions:)` (or the `@main` struct's initializer in SwiftUI). Read more: https://firebase.google.com/docs/ios/setup#initialize_firebase_in_your_app
2026-05-15 06:34:33.611879+0530 Yoga of Eating[16063:129053] [[FirebaseCore]] 12.7.0 - [FirebaseCore][I-COR000003] The default Firebase app has not yet been configured. Add `FirebaseApp.configure()` to your application initialization. This can be done in in the App Delegate's application(_:didFinishLaunchingWithOptions:)` (or the `@main` struct's initializer in SwiftUI). Read more: https://firebase.google.com/docs/ios/setup#initialize_firebase_in_your_app
Test Case '-[Yoga_of_EatingTests.AIAnalysisIntegrationTests test_defaultInit_logicServiceIsAIAnalysisProvider]' passed (0.009 seconds).
Test Case '-[Yoga_of_EatingTests.AIAnalysisIntegrationTests test_defaultInit_performDeepAnalysis_reachesAIProvider]' started.
2026-05-15 06:34:33.620954+0530 Yoga of Eating[16063:129056] [[FirebaseCore]] 12.7.0 - [FirebaseCore][I-COR000003] The default Firebase app has not yet been configured. Add `FirebaseApp.configure()` to your application initialization. This can be done in in the App Delegate's application(_:didFinishLaunchingWithOptions:)` (or the `@main` struct's initializer in SwiftUI). Read more: https://firebase.google.com/docs/ios/setup#initialize_firebase_in_your_app
2026-05-15 06:34:33.621672+0530 Yoga of Eating[16063:129047] [[FirebaseCore]] 12.7.0 - [FirebaseCore][I-COR000003] The default Firebase app has not yet been configured. Add `FirebaseApp.configure()` to your application initialization. This can be done in in the App Delegate's application(_:didFinishLaunchingWithOptions:)` (or the `@main` struct's initializer in SwiftUI). Read more: https://firebase.google.com/docs/ios/setup#initialize_firebase_in_your_app
Test Case '-[Yoga_of_EatingTests.AIAnalysisIntegrationTests test_defaultInit_performDeepAnalysis_reachesAIProvider]' passed (0.003 seconds).
Test Case '-[Yoga_of_EatingTests.AIAnalysisIntegrationTests test_multiMeal_smileyReflectsAverageAiScore]' started.
2026-05-15 06:34:33.624292+0530 Yoga of Eating[16063:129056] [[FirebaseCore]] 12.7.0 - [FirebaseCore][I-COR000003] The default Firebase app has not yet been configured. Add `FirebaseApp.configure()` to your application initialization. This can be done in in the App Delegate's application(_:didFinishLaunchingWithOptions:)` (or the `@main` struct's initializer in SwiftUI). Read more: https://firebase.google.com/docs/ios/setup#initialize_firebase_in_your_app
Test Case '-[Yoga_of_EatingTests.AIAnalysisIntegrationTests test_multiMeal_smileyReflectsAverageAiScore]' passed (0.002 seconds).
Test Case '-[Yoga_of_EatingTests.AIAnalysisIntegrationTests test_pipeline_aiScore_savedToPersistence]' started.
2026-05-15 06:34:33.627569+0530 Yoga of Eating[16063:129053] [[FirebaseCore]] 12.7.0 - [FirebaseCore][I-COR000003] The default Firebase app has not yet been configured. Add `FirebaseApp.configure()` to your application initialization. This can be done in in the App Delegate's application(_:didFinishLaunchingWithOptions:)` (or the `@main` struct's initializer in SwiftUI). Read more: https://firebase.google.com/docs/ios/setup#initialize_firebase_in_your_app
Test Case '-[Yoga_of_EatingTests.AIAnalysisIntegrationTests test_pipeline_aiScore_savedToPersistence]' passed (0.002 seconds).
Test Case '-[Yoga_of_EatingTests.AIAnalysisIntegrationTests test_pipeline_checkmark_triggersAIScore]' started.
2026-05-15 06:34:33.629579+0530 Yoga of Eating[16063:129056] [[FirebaseCore]] 12.7.0 - [FirebaseCore][I-COR000003] The default Firebase app has not yet been configured. Add `FirebaseApp.configure()` to your application initialization. This can be done in in the App Delegate's application(_:didFinishLaunchingWithOptions:)` (or the `@main` struct's initializer in SwiftUI). Read more: https://firebase.google.com/docs/ios/setup#initialize_firebase_in_your_app
Test Case '-[Yoga_of_EatingTests.AIAnalysisIntegrationTests test_pipeline_checkmark_triggersAIScore]' passed (0.205 seconds).
Test Case '-[Yoga_of_EatingTests.AIAnalysisIntegrationTests test_secondDoneAfterAiComplete_doesNotRetrigger_whenContentUnchanged]' started.
2026-05-15 06:34:33.836042+0530 Yoga of Eating[16063:129047] [[FirebaseCore]] 12.7.0 - [FirebaseCore][I-COR000003] The default Firebase app has not yet been configured. Add `FirebaseApp.configure()` to your application initialization. This can be done in in the App Delegate's application(_:didFinishLaunchingWithOptions:)` (or the `@main` struct's initializer in SwiftUI). Read more: https://firebase.google.com/docs/ios/setup#initialize_firebase_in_your_app
Test Case '-[Yoga_of_EatingTests.AIAnalysisIntegrationTests test_secondDoneAfterAiComplete_doesNotRetrigger_whenContentUnchanged]' passed (0.409 seconds).
Test Case '-[Yoga_of_EatingTests.AIAnalysisIntegrationTests test_singleHighScoreMeal_setsSerenemood]' started.
2026-05-15 06:34:34.246128+0530 Yoga of Eating[16063:129056] [[FirebaseCore]] 12.7.0 - [FirebaseCore][I-COR000003] The default Firebase app has not yet been configured. Add `FirebaseApp.configure()` to your application initialization. This can be done in in the App Delegate's application(_:didFinishLaunchingWithOptions:)` (or the `@main` struct's initializer in SwiftUI). Read more: https://firebase.google.com/docs/ios/setup#initialize_firebase_in_your_app
Test Case '-[Yoga_of_EatingTests.AIAnalysisIntegrationTests test_singleHighScoreMeal_setsSerenemood]' passed (0.003 seconds).
Test Case '-[Yoga_of_EatingTests.AIAnalysisIntegrationTests test_singleLowScoreMeal_setsOverwhelmedMood]' started.
2026-05-15 06:34:34.249098+0530 Yoga of Eating[16063:129053] [[FirebaseCore]] 12.7.0 - [FirebaseCore][I-COR000003] The default Firebase app has not yet been configured. Add `FirebaseApp.configure()` to your application initialization. This can be done in in the App Delegate's application(_:didFinishLaunchingWithOptions:)` (or the `@main` struct's initializer in SwiftUI). Read more: https://firebase.google.com/docs/ios/setup#initialize_firebase_in_your_app
Test Case '-[Yoga_of_EatingTests.AIAnalysisIntegrationTests test_singleLowScoreMeal_setsOverwhelmedMood]' passed (0.002 seconds).
Test Case '-[Yoga_of_EatingTests.AIAnalysisIntegrationTests test_whitespaceOnlyChange_doesNotRetrigger]' started.
2026-05-15 06:34:34.252117+0530 Yoga of Eating[16063:129056] [[FirebaseCore]] 12.7.0 - [FirebaseCore][I-COR000003] The default Firebase app has not yet been configured. Add `FirebaseApp.configure()` to your application initialization. This can be done in in the App Delegate's application(_:didFinishLaunchingWithOptions:)` (or the `@main` struct's initializer in SwiftUI). Read more: https://firebase.google.com/docs/ios/setup#initialize_firebase_in_your_app
Test Case '-[Yoga_of_EatingTests.AIAnalysisIntegrationTests test_whitespaceOnlyChange_doesNotRetrigger]' passed (0.408 seconds).
Test Suite 'AIAnalysisIntegrationTests' passed at 2026-05-15 06:34:34.659.
	 Executed 14 tests, with 0 failures (0 unexpected) in 1.475 (1.484) seconds
Test Suite 'AILogicServiceParseResponseTests' started at 2026-05-15 06:34:34.659.
Test Case '-[Yoga_of_EatingTests.AILogicServiceParseResponseTests test_parseResponse_doubleNSNumber_extractsEstimatedCalories]' started.
Test Case '-[Yoga_of_EatingTests.AILogicServiceParseResponseTests test_parseResponse_doubleNSNumber_extractsEstimatedCalories]' passed (0.002 seconds).
Test Case '-[Yoga_of_EatingTests.AILogicServiceParseResponseTests test_parseResponse_emptyDict_returnsDefaults]' started.
Test Case '-[Yoga_of_EatingTests.AILogicServiceParseResponseTests test_parseResponse_emptyDict_returnsDefaults]' passed (0.001 seconds).
Test Case '-[Yoga_of_EatingTests.AILogicServiceParseResponseTests test_parseResponse_healthScore_usesNSNumberBridge]' started.
Test Case '-[Yoga_of_EatingTests.AILogicServiceParseResponseTests test_parseResponse_healthScore_usesNSNumberBridge]' passed (0.001 seconds).
Test Case '-[Yoga_of_EatingTests.AILogicServiceParseResponseTests test_parseResponse_intNSNumber_extractsEstimatedCalories]' started.
Test Case '-[Yoga_of_EatingTests.AILogicServiceParseResponseTests test_parseResponse_intNSNumber_extractsEstimatedCalories]' passed (0.001 seconds).
Test Case '-[Yoga_of_EatingTests.AILogicServiceParseResponseTests test_parseResponse_missingEstimatedCalories_returnsNil]' started.
Test Case '-[Yoga_of_EatingTests.AILogicServiceParseResponseTests test_parseResponse_missingEstimatedCalories_returnsNil]' passed (0.001 seconds).
Test Case '-[Yoga_of_EatingTests.AILogicServiceParseResponseTests test_parseResponse_nullEstimatedCalories_returnsNil]' started.
Test Case '-[Yoga_of_EatingTests.AILogicServiceParseResponseTests test_parseResponse_nullEstimatedCalories_returnsNil]' passed (0.010 seconds).
Test Case '-[Yoga_of_EatingTests.AILogicServiceParseResponseTests test_parseResponse_unknownMood_fallsBackToNeutral]' started.
Test Case '-[Yoga_of_EatingTests.AILogicServiceParseResponseTests test_parseResponse_unknownMood_fallsBackToNeutral]' passed (0.001 seconds).
Test Suite 'AILogicServiceParseResponseTests' passed at 2026-05-15 06:34:34.679.
	 Executed 7 tests, with 0 failures (0 unexpected) in 0.016 (0.019) seconds
Test Suite 'AILogicServiceTests' started at 2026-05-15 06:34:34.679.
Test Case '-[Yoga_of_EatingTests.AILogicServiceTests test_aiLogicService_conformsToAIAnalysisProvider]' started.
2026-05-15 06:34:34.679683+0530 Yoga of Eating[16063:129047] [[FirebaseCore]] 12.7.0 - [FirebaseCore][I-COR000003] The default Firebase app has not yet been configured. Add `FirebaseApp.configure()` to your application initialization. This can be done in in the App Delegate's application(_:didFinishLaunchingWithOptions:)` (or the `@main` struct's initializer in SwiftUI). Read more: https://firebase.google.com/docs/ios/setup#initialize_firebase_in_your_app
Test Case '-[Yoga_of_EatingTests.AILogicServiceTests test_aiLogicService_conformsToAIAnalysisProvider]' passed (0.003 seconds).
Test Case '-[Yoga_of_EatingTests.AILogicServiceTests test_aiLogicService_conformsToMealInsightProvider]' started.
2026-05-15 06:34:34.683425+0530 Yoga of Eating[16063:129047] [[FirebaseCore]] 12.7.0 - [FirebaseCore][I-COR000003] The default Firebase app has not yet been configured. Add `FirebaseApp.configure()` to your application initialization. This can be done in in the App Delegate's application(_:didFinishLaunchingWithOptions:)` (or the `@main` struct's initializer in SwiftUI). Read more: https://firebase.google.com/docs/ios/setup#initialize_firebase_in_your_app
Test Case '-[Yoga_of_EatingTests.AILogicServiceTests test_aiLogicService_conformsToMealInsightProvider]' passed (0.004 seconds).
Test Case '-[Yoga_of_EatingTests.AILogicServiceTests test_analyzeMealQuality_doesNotThrow_whenFunctionsNil]' started.
2026-05-15 06:34:34.687785+0530 Yoga of Eating[16063:129043] [[FirebaseCore]] 12.7.0 - [FirebaseCore][I-COR000003] The default Firebase app has not yet been configured. Add `FirebaseApp.configure()` to your application initialization. This can be done in in the App Delegate's application(_:didFinishLaunchingWithOptions:)` (or the `@main` struct's initializer in SwiftUI). Read more: https://firebase.google.com/docs/ios/setup#initialize_firebase_in_your_app
2026-05-15 06:34:34.687920+0530 Yoga of Eating[16063:129026] [AILogicService] Firebase Functions not available — returning defaults
Test Case '-[Yoga_of_EatingTests.AILogicServiceTests test_analyzeMealQuality_doesNotThrow_whenFunctionsNil]' passed (0.001 seconds).
Test Case '-[Yoga_of_EatingTests.AILogicServiceTests test_analyzeMealQuality_returnsFallback_whenFunctionsNil]' started.
2026-05-15 06:34:34.689308+0530 Yoga of Eating[16063:129056] [[FirebaseCore]] 12.7.0 - [FirebaseCore][I-COR000003] The default Firebase app has not yet been configured. Add `FirebaseApp.configure()` to your application initialization. This can be done in in the App Delegate's application(_:didFinishLaunchingWithOptions:)` (or the `@main` struct's initializer in SwiftUI). Read more: https://firebase.google.com/docs/ios/setup#initialize_firebase_in_your_app
2026-05-15 06:34:34.689395+0530 Yoga of Eating[16063:129026] [AILogicService] Firebase Functions not available — returning defaults
Test Case '-[Yoga_of_EatingTests.AILogicServiceTests test_analyzeMealQuality_returnsFallback_whenFunctionsNil]' passed (0.001 seconds).
Test Case '-[Yoga_of_EatingTests.AILogicServiceTests test_calculateHealthScore_array_returnsHalf]' started.
2026-05-15 06:34:34.690625+0530 Yoga of Eating[16063:129056] [[FirebaseCore]] 12.7.0 - [FirebaseCore][I-COR000003] The default Firebase app has not yet been configured. Add `FirebaseApp.configure()` to your application initialization. This can be done in in the App Delegate's application(_:didFinishLaunchingWithOptions:)` (or the `@main` struct's initializer in SwiftUI). Read more: https://firebase.google.com/docs/ios/setup#initialize_firebase_in_your_app
Test Case '-[Yoga_of_EatingTests.AILogicServiceTests test_calculateHealthScore_array_returnsHalf]' passed (0.001 seconds).
Test Case '-[Yoga_of_EatingTests.AILogicServiceTests test_calculateHealthScore_emptyArray_returnsHalf]' started.
2026-05-15 06:34:34.691509+0530 Yoga of Eating[16063:129047] [[FirebaseCore]] 12.7.0 - [FirebaseCore][I-COR000003] The default Firebase app has not yet been configured. Add `FirebaseApp.configure()` to your application initialization. This can be done in in the App Delegate's application(_:didFinishLaunchingWithOptions:)` (or the `@main` struct's initializer in SwiftUI). Read more: https://firebase.google.com/docs/ios/setup#initialize_firebase_in_your_app
Test Case '-[Yoga_of_EatingTests.AILogicServiceTests test_calculateHealthScore_emptyArray_returnsHalf]' passed (0.001 seconds).
Test Case '-[Yoga_of_EatingTests.AILogicServiceTests test_calculateHealthScore_emptyString_returnsHalf]' started.
2026-05-15 06:34:34.692424+0530 Yoga of Eating[16063:129047] [[FirebaseCore]] 12.7.0 - [FirebaseCore][I-COR000003] The default Firebase app has not yet been configured. Add `FirebaseApp.configure()` to your application initialization. This can be done in in the App Delegate's application(_:didFinishLaunchingWithOptions:)` (or the `@main` struct's initializer in SwiftUI). Read more: https://firebase.google.com/docs/ios/setup#initialize_firebase_in_your_app
Test Case '-[Yoga_of_EatingTests.AILogicServiceTests test_calculateHealthScore_emptyString_returnsHalf]' passed (0.001 seconds).
Test Case '-[Yoga_of_EatingTests.AILogicServiceTests test_calculateHealthScore_string_returnsHalf]' started.
2026-05-15 06:34:34.693156+0530 Yoga of Eating[16063:129043] [[FirebaseCore]] 12.7.0 - [FirebaseCore][I-COR000003] The default Firebase app has not yet been configured. Add `FirebaseApp.configure()` to your application initialization. This can be done in in the App Delegate's application(_:didFinishLaunchingWithOptions:)` (or the `@main` struct's initializer in SwiftUI). Read more: https://firebase.google.com/docs/ios/setup#initialize_firebase_in_your_app
Test Case '-[Yoga_of_EatingTests.AILogicServiceTests test_calculateHealthScore_string_returnsHalf]' passed (0.001 seconds).
Test Case '-[Yoga_of_EatingTests.AILogicServiceTests test_calculateNextState_clampsScaleAtMax]' started.
2026-05-15 06:34:34.694050+0530 Yoga of Eating[16063:129047] [[FirebaseCore]] 12.7.0 - [FirebaseCore][I-COR000003] The default Firebase app has not yet been configured. Add `FirebaseApp.configure()` to your application initialization. This can be done in in the App Delegate's application(_:didFinishLaunchingWithOptions:)` (or the `@main` struct's initializer in SwiftUI). Read more: https://firebase.google.com/docs/ios/setup#initialize_firebase_in_your_app
Test Case '-[Yoga_of_EatingTests.AILogicServiceTests test_calculateNextState_clampsScaleAtMax]' passed (0.001 seconds).
Test Case '-[Yoga_of_EatingTests.AILogicServiceTests test_calculateNextState_clampsScaleAtMin]' started.
2026-05-15 06:34:34.694915+0530 Yoga of Eating[16063:129047] [[FirebaseCore]] 12.7.0 - [FirebaseCore][I-COR000003] The default Firebase app has not yet been configured. Add `FirebaseApp.configure()` to your application initialization. This can be done in in the App Delegate's application(_:didFinishLaunchingWithOptions:)` (or the `@main` struct's initializer in SwiftUI). Read more: https://firebase.google.com/docs/ios/setup#initialize_firebase_in_your_app
Test Case '-[Yoga_of_EatingTests.AILogicServiceTests test_calculateNextState_clampsScaleAtMin]' passed (0.001 seconds).
Test Case '-[Yoga_of_EatingTests.AILogicServiceTests test_calculateNextState_healthyScore_shrinksSmiley]' started.
2026-05-15 06:34:34.695759+0530 Yoga of Eating[16063:129056] [[FirebaseCore]] 12.7.0 - [FirebaseCore][I-COR000003] The default Firebase app has not yet been configured. Add `FirebaseApp.configure()` to your application initialization. This can be done in in the App Delegate's application(_:didFinishLaunchingWithOptions:)` (or the `@main` struct's initializer in SwiftUI). Read more: https://firebase.google.com/docs/ios/setup#initialize_firebase_in_your_app
Test Case '-[Yoga_of_EatingTests.AILogicServiceTests test_calculateNextState_healthyScore_shrinksSmiley]' passed (0.001 seconds).
Test Case '-[Yoga_of_EatingTests.AILogicServiceTests test_calculateNextState_neutralScore_keepsNeutralMood]' started.
2026-05-15 06:34:34.696583+0530 Yoga of Eating[16063:129054] [[FirebaseCore]] 12.7.0 - [FirebaseCore][I-COR000003] The default Firebase app has not yet been configured. Add `FirebaseApp.configure()` to your application initialization. This can be done in in the App Delegate's application(_:didFinishLaunchingWithOptions:)` (or the `@main` struct's initializer in SwiftUI). Read more: https://firebase.google.com/docs/ios/setup#initialize_firebase_in_your_app
Test Case '-[Yoga_of_EatingTests.AILogicServiceTests test_calculateNextState_neutralScore_keepsNeutralMood]' passed (0.001 seconds).
Test Case '-[Yoga_of_EatingTests.AILogicServiceTests test_calculateNextState_unhealthyScore_growsSmiley]' started.
2026-05-15 06:34:34.697306+0530 Yoga of Eating[16063:129056] [[FirebaseCore]] 12.7.0 - [FirebaseCore][I-COR000003] The default Firebase app has not yet been configured. Add `FirebaseApp.configure()` to your application initialization. This can be done in in the App Delegate's application(_:didFinishLaunchingWithOptions:)` (or the `@main` struct's initializer in SwiftUI). Read more: https://firebase.google.com/docs/ios/setup#initialize_firebase_in_your_app
Test Case '-[Yoga_of_EatingTests.AILogicServiceTests test_calculateNextState_unhealthyScore_growsSmiley]' passed (0.000 seconds).
Test Case '-[Yoga_of_EatingTests.AILogicServiceTests test_getDetailedInsight_doesNotThrow_whenFunctionsNil]' started.
2026-05-15 06:34:34.698161+0530 Yoga of Eating[16063:129056] [[FirebaseCore]] 12.7.0 - [FirebaseCore][I-COR000003] The default Firebase app has not yet been configured. Add `FirebaseApp.configure()` to your application initialization. This can be done in in the App Delegate's application(_:didFinishLaunchingWithOptions:)` (or the `@main` struct's initializer in SwiftUI). Read more: https://firebase.google.com/docs/ios/setup#initialize_firebase_in_your_app
2026-05-15 06:34:34.698196+0530 Yoga of Eating[16063:129026] [AILogicService] Firebase Functions not available — returning fallback insight
Test Case '-[Yoga_of_EatingTests.AILogicServiceTests test_getDetailedInsight_doesNotThrow_whenFunctionsNil]' passed (0.001 seconds).
Test Case '-[Yoga_of_EatingTests.AILogicServiceTests test_getDetailedInsight_returnsFallback_whenFunctionsNil]' started.
2026-05-15 06:34:34.699139+0530 Yoga of Eating[16063:129054] [[FirebaseCore]] 12.7.0 - [FirebaseCore][I-COR000003] The default Firebase app has not yet been configured. Add `FirebaseApp.configure()` to your application initialization. This can be done in in the App Delegate's application(_:didFinishLaunchingWithOptions:)` (or the `@main` struct's initializer in SwiftUI). Read more: https://firebase.google.com/docs/ios/setup#initialize_firebase_in_your_app
2026-05-15 06:34:34.699180+0530 Yoga of Eating[16063:129026] [AILogicService] Firebase Functions not available — returning fallback insight
Test Case '-[Yoga_of_EatingTests.AILogicServiceTests test_getDetailedInsight_returnsFallback_whenFunctionsNil]' passed (0.001 seconds).
Test Case '-[Yoga_of_EatingTests.AILogicServiceTests test_smileyMood_init_isCaseInsensitive]' started.
2026-05-15 06:34:34.700108+0530 Yoga of Eating[16063:129053] [[FirebaseCore]] 12.7.0 - [FirebaseCore][I-COR000003] The default Firebase app has not yet been configured. Add `FirebaseApp.configure()` to your application initialization. This can be done in in the App Delegate's application(_:didFinishLaunchingWithOptions:)` (or the `@main` struct's initializer in SwiftUI). Read more: https://firebase.google.com/docs/ios/setup#initialize_firebase_in_your_app
Test Case '-[Yoga_of_EatingTests.AILogicServiceTests test_smileyMood_init_isCaseInsensitive]' passed (0.000 seconds).
Test Case '-[Yoga_of_EatingTests.AILogicServiceTests test_smileyMood_init_parsesNeutral]' started.
2026-05-15 06:34:34.700818+0530 Yoga of Eating[16063:129056] [[FirebaseCore]] 12.7.0 - [FirebaseCore][I-COR000003] The default Firebase app has not yet been configured. Add `FirebaseApp.configure()` to your application initialization. This can be done in in the App Delegate's application(_:didFinishLaunchingWithOptions:)` (or the `@main` struct's initializer in SwiftUI). Read more: https://firebase.google.com/docs/ios/setup#initialize_firebase_in_your_app
Test Case '-[Yoga_of_EatingTests.AILogicServiceTests test_smileyMood_init_parsesNeutral]' passed (0.000 seconds).
Test Case '-[Yoga_of_EatingTests.AILogicServiceTests test_smileyMood_init_parsesOverwhelmed]' started.
2026-05-15 06:34:34.701541+0530 Yoga of Eating[16063:129043] [[FirebaseCore]] 12.7.0 - [FirebaseCore][I-COR000003] The default Firebase app has not yet been configured. Add `FirebaseApp.configure()` to your application initialization. This can be done in in the App Delegate's application(_:didFinishLaunchingWithOptions:)` (or the `@main` struct's initializer in SwiftUI). Read more: https://firebase.google.com/docs/ios/setup#initialize_firebase_in_your_app
Test Case '-[Yoga_of_EatingTests.AILogicServiceTests test_smileyMood_init_parsesOverwhelmed]' passed (0.000 seconds).
Test Case '-[Yoga_of_EatingTests.AILogicServiceTests test_smileyMood_init_parsesSerene]' started.
2026-05-15 06:34:34.702252+0530 Yoga of Eating[16063:129043] [[FirebaseCore]] 12.7.0 - [FirebaseCore][I-COR000003] The default Firebase app has not yet been configured. Add `FirebaseApp.configure()` to your application initialization. This can be done in in the App Delegate's application(_:didFinishLaunchingWithOptions:)` (or the `@main` struct's initializer in SwiftUI). Read more: https://firebase.google.com/docs/ios/setup#initialize_firebase_in_your_app
Test Case '-[Yoga_of_EatingTests.AILogicServiceTests test_smileyMood_init_parsesSerene]' passed (0.000 seconds).
Test Case '-[Yoga_of_EatingTests.AILogicServiceTests test_smileyMood_init_returnsNil_forUnknownValue]' started.
2026-05-15 06:34:34.702893+0530 Yoga of Eating[16063:129043] [[FirebaseCore]] 12.7.0 - [FirebaseCore][I-COR000003] The default Firebase app has not yet been configured. Add `FirebaseApp.configure()` to your application initialization. This can be done in in the App Delegate's application(_:didFinishLaunchingWithOptions:)` (or the `@main` struct's initializer in SwiftUI). Read more: https://firebase.google.com/docs/ios/setup#initialize_firebase_in_your_app
Test Case '-[Yoga_of_EatingTests.AILogicServiceTests test_smileyMood_init_returnsNil_forUnknownValue]' passed (0.000 seconds).
Test Suite 'AILogicServiceTests' passed at 2026-05-15 06:34:34.703.
	 Executed 20 tests, with 0 failures (0 unexpected) in 0.019 (0.024) seconds
Test Suite 'AppErrorTests' started at 2026-05-15 06:34:34.703.
Test Case '-[Yoga_of_EatingTests.AppErrorTests test_allCases_haveNonNilFailureReason]' started.
Test Case '-[Yoga_of_EatingTests.AppErrorTests test_allCases_haveNonNilFailureReason]' passed (0.005 seconds).
Test Case '-[Yoga_of_EatingTests.AppErrorTests test_analysisTimeout_hasNonEmptyErrorDescription]' started.
Test Case '-[Yoga_of_EatingTests.AppErrorTests test_analysisTimeout_hasNonEmptyErrorDescription]' passed (0.000 seconds).
Test Case '-[Yoga_of_EatingTests.AppErrorTests test_analysisUnavailable_hasNonEmptyErrorDescription]' started.
Test Case '-[Yoga_of_EatingTests.AppErrorTests test_analysisUnavailable_hasNonEmptyErrorDescription]' passed (0.000 seconds).
Test Case '-[Yoga_of_EatingTests.AppErrorTests test_appError_conformsToLocalizedError]' started.
Test Case '-[Yoga_of_EatingTests.AppErrorTests test_appError_conformsToLocalizedError]' passed (0.000 seconds).
Test Case '-[Yoga_of_EatingTests.AppErrorTests test_authProviderFailed_hasNonEmptyErrorDescription]' started.
Test Case '-[Yoga_of_EatingTests.AppErrorTests test_authProviderFailed_hasNonEmptyErrorDescription]' passed (0.000 seconds).
Test Case '-[Yoga_of_EatingTests.AppErrorTests test_authRequired_errorDescriptionContainsNoInternalDetails]' started.
Test Case '-[Yoga_of_EatingTests.AppErrorTests test_authRequired_errorDescriptionContainsNoInternalDetails]' passed (0.000 seconds).
Test Case '-[Yoga_of_EatingTests.AppErrorTests test_authRequired_hasNonEmptyErrorDescription]' started.
Test Case '-[Yoga_of_EatingTests.AppErrorTests test_authRequired_hasNonEmptyErrorDescription]' passed (0.000 seconds).
Test Case '-[Yoga_of_EatingTests.AppErrorTests test_authRequired_isDistinctFromAnalysisUnavailable]' started.
Test Case '-[Yoga_of_EatingTests.AppErrorTests test_authRequired_isDistinctFromAnalysisUnavailable]' passed (0.000 seconds).
Test Case '-[Yoga_of_EatingTests.AppErrorTests test_authRequired_isDistinctFromSyncSerializationFailed]' started.
Test Case '-[Yoga_of_EatingTests.AppErrorTests test_authRequired_isDistinctFromSyncSerializationFailed]' passed (0.000 seconds).
Test Case '-[Yoga_of_EatingTests.AppErrorTests test_healthKitUnavailable_hasNonEmptyErrorDescription]' started.
Test Case '-[Yoga_of_EatingTests.AppErrorTests test_healthKitUnavailable_hasNonEmptyErrorDescription]' passed (0.000 seconds).
Test Case '-[Yoga_of_EatingTests.AppErrorTests test_sessionRestoreFailed_errorDescriptionContainsNoInternalDetails]' started.
Test Case '-[Yoga_of_EatingTests.AppErrorTests test_sessionRestoreFailed_errorDescriptionContainsNoInternalDetails]' passed (0.000 seconds).
Test Case '-[Yoga_of_EatingTests.AppErrorTests test_sessionRestoreFailed_hasNonEmptyErrorDescription]' started.
Test Case '-[Yoga_of_EatingTests.AppErrorTests test_sessionRestoreFailed_hasNonEmptyErrorDescription]' passed (0.000 seconds).
Test Case '-[Yoga_of_EatingTests.AppErrorTests test_syncAuthRequired_hasNonEmptyErrorDescription]' started.
Test Case '-[Yoga_of_EatingTests.AppErrorTests test_syncAuthRequired_hasNonEmptyErrorDescription]' passed (0.000 seconds).
Test Case '-[Yoga_of_EatingTests.AppErrorTests test_syncSerializationFailed_hasNonEmptyErrorDescription]' started.
Test Case '-[Yoga_of_EatingTests.AppErrorTests test_syncSerializationFailed_hasNonEmptyErrorDescription]' passed (0.000 seconds).
Test Case '-[Yoga_of_EatingTests.AppErrorTests test_syncUploadFailed_hasNonEmptyErrorDescription]' started.
Test Case '-[Yoga_of_EatingTests.AppErrorTests test_syncUploadFailed_hasNonEmptyErrorDescription]' passed (0.000 seconds).
Test Suite 'AppErrorTests' passed at 2026-05-15 06:34:34.717.
	 Executed 15 tests, with 0 failures (0 unexpected) in 0.011 (0.014) seconds
Test Suite 'ArchiveRegressionTests' started at 2026-05-15 06:34:34.717.
Test Case '-[Yoga_of_EatingTests.ArchiveRegressionTests test_archiveCurrentDay_allMealsAnalyzed_setsTotalCalories]' started.
Test Case '-[Yoga_of_EatingTests.ArchiveRegressionTests test_archiveCurrentDay_allMealsAnalyzed_setsTotalCalories]' passed (0.001 seconds).
Test Case '-[Yoga_of_EatingTests.ArchiveRegressionTests test_archiveCurrentDay_fastingDay_zeroCaloriesStored]' started.
Test Case '-[Yoga_of_EatingTests.ArchiveRegressionTests test_archiveCurrentDay_fastingDay_zeroCaloriesStored]' passed (0.000 seconds).
Test Case '-[Yoga_of_EatingTests.ArchiveRegressionTests test_archiveCurrentDay_multipleRearchives_neverDropsUserData]' started.
Test Case '-[Yoga_of_EatingTests.ArchiveRegressionTests test_archiveCurrentDay_multipleRearchives_neverDropsUserData]' passed (0.000 seconds).
Test Case '-[Yoga_of_EatingTests.ArchiveRegressionTests test_archiveCurrentDay_noAICalories_doesNotOverwriteExistingTotal]' started.
Test Case '-[Yoga_of_EatingTests.ArchiveRegressionTests test_archiveCurrentDay_noAICalories_doesNotOverwriteExistingTotal]' passed (0.000 seconds).
Test Case '-[Yoga_of_EatingTests.ArchiveRegressionTests test_archiveCurrentDay_preservesEveningMindCheck]' started.
Test Case '-[Yoga_of_EatingTests.ArchiveRegressionTests test_archiveCurrentDay_preservesEveningMindCheck]' passed (0.011 seconds).
Test Case '-[Yoga_of_EatingTests.ArchiveRegressionTests test_archiveCurrentDay_preservesExistingReflection]' started.
Test Case '-[Yoga_of_EatingTests.ArchiveRegressionTests test_archiveCurrentDay_preservesExistingReflection]' passed (0.000 seconds).
Test Case '-[Yoga_of_EatingTests.ArchiveRegressionTests test_archiveCurrentDay_preservesHighlightData]' started.
Test Case '-[Yoga_of_EatingTests.ArchiveRegressionTests test_archiveCurrentDay_preservesHighlightData]' passed (0.000 seconds).
Test Case '-[Yoga_of_EatingTests.ArchiveRegressionTests test_archiveCurrentDay_preservesMorningMindCheck]' started.
Test Case '-[Yoga_of_EatingTests.ArchiveRegressionTests test_archiveCurrentDay_preservesMorningMindCheck]' passed (0.000 seconds).
Test Case '-[Yoga_of_EatingTests.ArchiveRegressionTests test_archiveCurrentDay_preservesReflectData]' started.
Test Case '-[Yoga_of_EatingTests.ArchiveRegressionTests test_archiveCurrentDay_preservesReflectData]' passed (0.000 seconds).
Test Case '-[Yoga_of_EatingTests.ArchiveRegressionTests test_archiveCurrentDay_someAICalories_storesPartialSumWithFlag]' started.
Test Case '-[Yoga_of_EatingTests.ArchiveRegressionTests test_archiveCurrentDay_someAICalories_storesPartialSumWithFlag]' passed (0.000 seconds).
Test Suite 'ArchiveRegressionTests' passed at 2026-05-15 06:34:34.733.
	 Executed 10 tests, with 0 failures (0 unexpected) in 0.014 (0.016) seconds
Test Suite 'AuthAwareRestoreTests' started at 2026-05-15 06:34:34.733.
Test Case '-[Yoga_of_EatingTests.AuthAwareRestoreTests test_loadData_updatesLastSignedInUID_afterSuccessfulLoad]' started.
2026-05-15 06:34:34.734690+0530 Yoga of Eating[16063:129043] [[FirebaseCore]] 12.7.0 - [FirebaseCore][I-COR000003] The default Firebase app has not yet been configured. Add `FirebaseApp.configure()` to your application initialization. This can be done in in the App Delegate's application(_:didFinishLaunchingWithOptions:)` (or the `@main` struct's initializer in SwiftUI). Read more: https://firebase.google.com/docs/ios/setup#initialize_firebase_in_your_app
2026-05-15 06:34:34.734847+0530 Yoga of Eating[16063:129043] [[FirebaseCore]] 12.7.0 - [FirebaseCore][I-COR000003] The default Firebase app has not yet been configured. Add `FirebaseApp.configure()` to your application initialization. This can be done in in the App Delegate's application(_:didFinishLaunchingWithOptions:)` (or the `@main` struct's initializer in SwiftUI). Read more: https://firebase.google.com/docs/ios/setup#initialize_firebase_in_your_app
Test Case '-[Yoga_of_EatingTests.AuthAwareRestoreTests test_loadData_updatesLastSignedInUID_afterSuccessfulLoad]' passed (0.009 seconds).
Test Case '-[Yoga_of_EatingTests.AuthAwareRestoreTests test_loadData_whenNoPersistenceFile_andSignedIn_triggersCloudRestore]' started.
2026-05-15 06:34:34.743234+0530 Yoga of Eating[16063:129054] [[FirebaseCore]] 12.7.0 - [FirebaseCore][I-COR000003] The default Firebase app has not yet been configured. Add `FirebaseApp.configure()` to your application initialization. This can be done in in the App Delegate's application(_:didFinishLaunchingWithOptions:)` (or the `@main` struct's initializer in SwiftUI). Read more: https://firebase.google.com/docs/ios/setup#initialize_firebase_in_your_app
2026-05-15 06:34:34.743303+0530 Yoga of Eating[16063:129054] [[FirebaseCore]] 12.7.0 - [FirebaseCore][I-COR000003] The default Firebase app has not yet been configured. Add `FirebaseApp.configure()` to your application initialization. This can be done in in the App Delegate's application(_:didFinishLaunchingWithOptions:)` (or the `@main` struct's initializer in SwiftUI). Read more: https://firebase.google.com/docs/ios/setup#initialize_firebase_in_your_app
2026-05-15 06:34:34.744304+0530 Yoga of Eating[16063:129043] [ActivityData] Energy query failed: Authorization not determined
2026-05-15 06:34:34.744421+0530 Yoga of Eating[16063:129054] [ActivityData] Energy query failed: Authorization not determined
2026-05-15 06:34:34.744481+0530 Yoga of Eating[16063:129026] [MainViewModel.Lifecycle] Activity data refreshed
Test Case '-[Yoga_of_EatingTests.AuthAwareRestoreTests test_loadData_whenNoPersistenceFile_andSignedIn_triggersCloudRestore]' passed (0.218 seconds).
Test Case '-[Yoga_of_EatingTests.AuthAwareRestoreTests test_loadData_whenUIDDiffers_clearsHistoricalDataBeforeRestore]' started.
2026-05-15 06:34:34.962923+0530 Yoga of Eating[16063:129056] [[FirebaseCore]] 12.7.0 - [FirebaseCore][I-COR000003] The default Firebase app has not yet been configured. Add `FirebaseApp.configure()` to your application initialization. This can be done in in the App Delegate's application(_:didFinishLaunchingWithOptions:)` (or the `@main` struct's initializer in SwiftUI). Read more: https://firebase.google.com/docs/ios/setup#initialize_firebase_in_your_app
2026-05-15 06:34:34.963060+0530 Yoga of Eating[16063:129056] [[FirebaseCore]] 12.7.0 - [FirebaseCore][I-COR000003] The default Firebase app has not yet been configured. Add `FirebaseApp.configure()` to your application initialization. This can be done in in the App Delegate's application(_:didFinishLaunchingWithOptions:)` (or the `@main` struct's initializer in SwiftUI). Read more: https://firebase.google.com/docs/ios/setup#initialize_firebase_in_your_app
Test Case '-[Yoga_of_EatingTests.AuthAwareRestoreTests test_loadData_whenUIDDiffers_clearsHistoricalDataBeforeRestore]' passed (0.210 seconds).
Test Case '-[Yoga_of_EatingTests.AuthAwareRestoreTests test_loadData_whenUIDDiffers_triggersCloudRestoreForNewAccount]' started.
2026-05-15 06:34:35.173518+0530 Yoga of Eating[16063:129043] [[FirebaseCore]] 12.7.0 - [FirebaseCore][I-COR000003] The default Firebase app has not yet been configured. Add `FirebaseApp.configure()` to your application initialization. This can be done in in the App Delegate's application(_:didFinishLaunchingWithOptions:)` (or the `@main` struct's initializer in SwiftUI). Read more: https://firebase.google.com/docs/ios/setup#initialize_firebase_in_your_app
2026-05-15 06:34:35.173682+0530 Yoga of Eating[16063:129043] [[FirebaseCore]] 12.7.0 - [FirebaseCore][I-COR000003] The default Firebase app has not yet been configured. Add `FirebaseApp.configure()` to your application initialization. This can be done in in the App Delegate's application(_:didFinishLaunchingWithOptions:)` (or the `@main` struct's initializer in SwiftUI). Read more: https://firebase.google.com/docs/ios/setup#initialize_firebase_in_your_app
Test Case '-[Yoga_of_EatingTests.AuthAwareRestoreTests test_loadData_whenUIDDiffers_triggersCloudRestoreForNewAccount]' passed (0.211 seconds).
Test Case '-[Yoga_of_EatingTests.AuthAwareRestoreTests test_loadData_whenUIDSame_doesNotClearData]' started.
2026-05-15 06:34:35.385147+0530 Yoga of Eating[16063:129056] [[FirebaseCore]] 12.7.0 - [FirebaseCore][I-COR000003] The default Firebase app has not yet been configured. Add `FirebaseApp.configure()` to your application initialization. This can be done in in the App Delegate's application(_:didFinishLaunchingWithOptions:)` (or the `@main` struct's initializer in SwiftUI). Read more: https://firebase.google.com/docs/ios/setup#initialize_firebase_in_your_app
2026-05-15 06:34:35.385308+0530 Yoga of Eating[16063:129056] [[FirebaseCore]] 12.7.0 - [FirebaseCore][I-COR000003] The default Firebase app has not yet been configured. Add `FirebaseApp.configure()` to your application initialization. This can be done in in the App Delegate's application(_:didFinishLaunchingWithOptions:)` (or the `@main` struct's initializer in SwiftUI). Read more: https://firebase.google.com/docs/ios/setup#initialize_firebase_in_your_app
Test Case '-[Yoga_of_EatingTests.AuthAwareRestoreTests test_loadData_whenUIDSame_doesNotClearData]' passed (0.006 seconds).
Test Case '-[Yoga_of_EatingTests.AuthAwareRestoreTests test_loadData_whenUIDSame_doesNotTriggerCloudRestore]' started.
2026-05-15 06:34:35.391023+0530 Yoga of Eating[16063:129056] [[FirebaseCore]] 12.7.0 - [FirebaseCore][I-COR000003] The default Firebase app has not yet been configured. Add `FirebaseApp.configure()` to your application initialization. This can be done in in the App Delegate's application(_:didFinishLaunchingWithOptions:)` (or the `@main` struct's initializer in SwiftUI). Read more: https://firebase.google.com/docs/ios/setup#initialize_firebase_in_your_app
2026-05-15 06:34:35.391171+0530 Yoga of Eating[16063:129056] [[FirebaseCore]] 12.7.0 - [FirebaseCore][I-COR000003] The default Firebase app has not yet been configured. Add `FirebaseApp.configure()` to your application initialization. This can be done in in the App Delegate's application(_:didFinishLaunchingWithOptions:)` (or the `@main` struct's initializer in SwiftUI). Read more: https://firebase.google.com/docs/ios/setup#initialize_firebase_in_your_app
Test Case '-[Yoga_of_EatingTests.AuthAwareRestoreTests test_loadData_whenUIDSame_doesNotTriggerCloudRestore]' passed (0.006 seconds).
Test Case '-[Yoga_of_EatingTests.AuthAwareRestoreTests test_triggerCloudRestore_updatesLastSignedInUID_afterSuccessfulRestore]' started.
2026-05-15 06:34:35.396555+0530 Yoga of Eating[16063:129043] [[FirebaseCore]] 12.7.0 - [FirebaseCore][I-COR000003] The default Firebase app has not yet been configured. Add `FirebaseApp.configure()` to your application initialization. This can be done in in the App Delegate's application(_:didFinishLaunchingWithOptions:)` (or the `@main` struct's initializer in SwiftUI). Read more: https://firebase.google.com/docs/ios/setup#initialize_firebase_in_your_app
2026-05-15 06:34:35.396696+0530 Yoga of Eating[16063:129043] [[FirebaseCore]] 12.7.0 - [FirebaseCore][I-COR000003] The default Firebase app has not yet been configured. Add `FirebaseApp.configure()` to your application initialization. This can be done in in the App Delegate's application(_:didFinishLaunchingWithOptions:)` (or the `@main` struct's initializer in SwiftUI). Read more: https://firebase.google.com/docs/ios/setup#initialize_firebase_in_your_app
2026-05-15 06:34:35.400338+0530 Yoga of Eating[16063:129054] [ActivityData] Energy query failed: Authorization not determined
2026-05-15 06:34:35.400599+0530 Yoga of Eating[16063:129056] [ActivityData] Energy query failed: Authorization not determined
2026-05-15 06:34:35.400812+0530 Yoga of Eating[16063:129026] [MainViewModel.Lifecycle] Activity data refreshed
Test Case '-[Yoga_of_EatingTests.AuthAwareRestoreTests test_triggerCloudRestore_updatesLastSignedInUID_afterSuccessfulRestore]' passed (0.207 seconds).
Test Suite 'AuthAwareRestoreTests' passed at 2026-05-15 06:34:35.603.
	 Executed 7 tests, with 0 failures (0 unexpected) in 0.866 (0.870) seconds
Test Suite 'AuthServiceTests' started at 2026-05-15 06:34:35.603.
Test Case '-[Yoga_of_EatingTests.AuthServiceTests test_authStateChangeListener_updatesCurrentUser]' started.
Test Case '-[Yoga_of_EatingTests.AuthServiceTests test_authStateChangeListener_updatesCurrentUser]' passed (0.001 seconds).
Test Case '-[Yoga_of_EatingTests.AuthServiceTests test_initialization_restoresPreviousSession]' started.
2026-05-15 06:34:35.606015+0530 Yoga of Eating[16063:129026] [Auth] Previous session restored successfully
2026-05-15 06:34:35.606201+0530 Yoga of Eating[16063:129026] [Auth] Previous session restored successfully
2026-05-15 06:34:35.606383+0530 Yoga of Eating[16063:129026] [Auth] Previous session restored successfully
Test Case '-[Yoga_of_EatingTests.AuthServiceTests test_initialization_restoresPreviousSession]' passed (0.055 seconds).
Test Case '-[Yoga_of_EatingTests.AuthServiceTests test_initialState_reflectsProviderUser]' started.
Test Case '-[Yoga_of_EatingTests.AuthServiceTests test_initialState_reflectsProviderUser]' passed (0.001 seconds).
Test Case '-[Yoga_of_EatingTests.AuthServiceTests test_signInWithGoogle_updatesCurrentUser]' started.
2026-05-15 06:34:35.662934+0530 Yoga of Eating[16063:129026] [Auth] Previous session restored successfully
2026-05-15 06:34:35.663117+0530 Yoga of Eating[16063:129026] [Auth] Previous session restored successfully
2026-05-15 06:34:35.663180+0530 Yoga of Eating[16063:129026] [Auth] Previous session restored successfully
Test Case '-[Yoga_of_EatingTests.AuthServiceTests test_signInWithGoogle_updatesCurrentUser]' passed (0.020 seconds).
Test Case '-[Yoga_of_EatingTests.AuthServiceTests test_signOut_clearsCurrentUser]' started.
Test Case '-[Yoga_of_EatingTests.AuthServiceTests test_signOut_clearsCurrentUser]' passed (0.001 seconds).
Test Suite 'AuthServiceTests' passed at 2026-05-15 06:34:35.684.
	 Executed 5 tests, with 0 failures (0 unexpected) in 0.078 (0.081) seconds
Test Suite 'AutoSyncTests' started at 2026-05-15 06:34:35.684.
Test Case '-[Yoga_of_EatingTests.AutoSyncTests test_deleteAllData_thenLoadData_doesNotTriggerCloudRestore]' started.
2026-05-15 06:34:35.685288+0530 Yoga of Eating[16063:129026] [Auth] Previous session restored successfully
2026-05-15 06:34:35.685507+0530 Yoga of Eating[16063:129056] [[FirebaseCore]] 12.7.0 - [FirebaseCore][I-COR000003] The default Firebase app has not yet been configured. Add `FirebaseApp.configure()` to your application initialization. This can be done in in the App Delegate's application(_:didFinishLaunchingWithOptions:)` (or the `@main` struct's initializer in SwiftUI). Read more: https://firebase.google.com/docs/ios/setup#initialize_firebase_in_your_app
2026-05-15 06:34:35.685669+0530 Yoga of Eating[16063:129056] [[FirebaseCore]] 12.7.0 - [FirebaseCore][I-COR000003] The default Firebase app has not yet been configured. Add `FirebaseApp.configure()` to your application initialization. This can be done in in the App Delegate's application(_:didFinishLaunchingWithOptions:)` (or the `@main` struct's initializer in SwiftUI). Read more: https://firebase.google.com/docs/ios/setup#initialize_firebase_in_your_app
Test Case '-[Yoga_of_EatingTests.AutoSyncTests test_deleteAllData_thenLoadData_doesNotTriggerCloudRestore]' passed (0.008 seconds).
Test Case '-[Yoga_of_EatingTests.AutoSyncTests test_loadData_whenLocalFileExists_doesNotTriggerCloudRestore]' started.
2026-05-15 06:34:35.693814+0530 Yoga of Eating[16063:129047] [[FirebaseCore]] 12.7.0 - [FirebaseCore][I-COR000003] The default Firebase app has not yet been configured. Add `FirebaseApp.configure()` to your application initialization. This can be done in in the App Delegate's application(_:didFinishLaunchingWithOptions:)` (or the `@main` struct's initializer in SwiftUI). Read more: https://firebase.google.com/docs/ios/setup#initialize_firebase_in_your_app
2026-05-15 06:34:35.693964+0530 Yoga of Eating[16063:129047] [[FirebaseCore]] 12.7.0 - [FirebaseCore][I-COR000003] The default Firebase app has not yet been configured. Add `FirebaseApp.configure()` to your application initialization. This can be done in in the App Delegate's application(_:didFinishLaunchingWithOptions:)` (or the `@main` struct's initializer in SwiftUI). Read more: https://firebase.google.com/docs/ios/setup#initialize_firebase_in_your_app
2026-05-15 06:34:35.696378+0530 Yoga of Eating[16063:129056] [ActivityData] Energy query failed: Authorization not determined
2026-05-15 06:34:35.696888+0530 Yoga of Eating[16063:129043] [ActivityData] Energy query failed: Authorization not determined
2026-05-15 06:34:35.697018+0530 Yoga of Eating[16063:129026] [MainViewModel.Lifecycle] Activity data refreshed
Test Case '-[Yoga_of_EatingTests.AutoSyncTests test_loadData_whenLocalFileExists_doesNotTriggerCloudRestore]' passed (0.210 seconds).
Test Case '-[Yoga_of_EatingTests.AutoSyncTests test_loadData_whenNoPersistenceFile_triggersCloudRestore]' started.
2026-05-15 06:34:35.904252+0530 Yoga of Eating[16063:129047] [[FirebaseCore]] 12.7.0 - [FirebaseCore][I-COR000003] The default Firebase app has not yet been configured. Add `FirebaseApp.configure()` to your application initialization. This can be done in in the App Delegate's application(_:didFinishLaunchingWithOptions:)` (or the `@main` struct's initializer in SwiftUI). Read more: https://firebase.google.com/docs/ios/setup#initialize_firebase_in_your_app
2026-05-15 06:34:35.904426+0530 Yoga of Eating[16063:129047] [[FirebaseCore]] 12.7.0 - [FirebaseCore][I-COR000003] The default Firebase app has not yet been configured. Add `FirebaseApp.configure()` to your application initialization. This can be done in in the App Delegate's application(_:didFinishLaunchingWithOptions:)` (or the `@main` struct's initializer in SwiftUI). Read more: https://firebase.google.com/docs/ios/setup#initialize_firebase_in_your_app
2026-05-15 06:34:35.909232+0530 Yoga of Eating[16063:129054] [ActivityData] Energy query failed: Authorization not determined
2026-05-15 06:34:35.909602+0530 Yoga of Eating[16063:129043] [ActivityData] Energy query failed: Authorization not determined
2026-05-15 06:34:35.909809+0530 Yoga of Eating[16063:129026] [MainViewModel.Lifecycle] Activity data refreshed
Test Case '-[Yoga_of_EatingTests.AutoSyncTests test_loadData_whenNoPersistenceFile_triggersCloudRestore]' passed (0.212 seconds).
Test Case '-[Yoga_of_EatingTests.AutoSyncTests test_resetDay_mealsAreClearedSynchronously_independentOfSync]' started.
2026-05-15 06:34:36.116781+0530 Yoga of Eating[16063:129056] [[FirebaseCore]] 12.7.0 - [FirebaseCore][I-COR000003] The default Firebase app has not yet been configured. Add `FirebaseApp.configure()` to your application initialization. This can be done in in the App Delegate's application(_:didFinishLaunchingWithOptions:)` (or the `@main` struct's initializer in SwiftUI). Read more: https://firebase.google.com/docs/ios/setup#initialize_firebase_in_your_app
2026-05-15 06:34:36.117032+0530 Yoga of Eating[16063:129056] [[FirebaseCore]] 12.7.0 - [FirebaseCore][I-COR000003] The default Firebase app has not yet been configured. Add `FirebaseApp.configure()` to your application initialization. This can be done in in the App Delegate's application(_:didFinishLaunchingWithOptions:)` (or the `@main` struct's initializer in SwiftUI). Read more: https://firebase.google.com/docs/ios/setup#initialize_firebase_in_your_app
Test Case '-[Yoga_of_EatingTests.AutoSyncTests test_resetDay_mealsAreClearedSynchronously_independentOfSync]' passed (0.004 seconds).
Test Case '-[Yoga_of_EatingTests.AutoSyncTests test_resetDay_syncCalledOncePerReset]' started.
2026-05-15 06:34:36.121781+0530 Yoga of Eating[16063:129054] [[FirebaseCore]] 12.7.0 - [FirebaseCore][I-COR000003] The default Firebase app has not yet been configured. Add `FirebaseApp.configure()` to your application initialization. This can be done in in the App Delegate's application(_:didFinishLaunchingWithOptions:)` (or the `@main` struct's initializer in SwiftUI). Read more: https://firebase.google.com/docs/ios/setup#initialize_firebase_in_your_app
2026-05-15 06:34:36.121918+0530 Yoga of Eating[16063:129054] [[FirebaseCore]] 12.7.0 - [FirebaseCore][I-COR000003] The default Firebase app has not yet been configured. Add `FirebaseApp.configure()` to your application initialization. This can be done in in the App Delegate's application(_:didFinishLaunchingWithOptions:)` (or the `@main` struct's initializer in SwiftUI). Read more: https://firebase.google.com/docs/ios/setup#initialize_firebase_in_your_app
Test Case '-[Yoga_of_EatingTests.AutoSyncTests test_resetDay_syncCalledOncePerReset]' passed (0.206 seconds).
Test Case '-[Yoga_of_EatingTests.AutoSyncTests test_resetDay_syncFailureIsIgnored_appDoesNotCrash]' started.
2026-05-15 06:34:36.328924+0530 Yoga of Eating[16063:129056] [[FirebaseCore]] 12.7.0 - [FirebaseCore][I-COR000003] The default Firebase app has not yet been configured. Add `FirebaseApp.configure()` to your application initialization. This can be done in in the App Delegate's application(_:didFinishLaunchingWithOptions:)` (or the `@main` struct's initializer in SwiftUI). Read more: https://firebase.google.com/docs/ios/setup#initialize_firebase_in_your_app
2026-05-15 06:34:36.329092+0530 Yoga of Eating[16063:129056] [[FirebaseCore]] 12.7.0 - [FirebaseCore][I-COR000003] The default Firebase app has not yet been configured. Add `FirebaseApp.configure()` to your application initialization. This can be done in in the App Delegate's application(_:didFinishLaunchingWithOptions:)` (or the `@main` struct's initializer in SwiftUI). Read more: https://firebase.google.com/docs/ios/setup#initialize_firebase_in_your_app
Test Case '-[Yoga_of_EatingTests.AutoSyncTests test_resetDay_syncFailureIsIgnored_appDoesNotCrash]' passed (0.205 seconds).
Test Case '-[Yoga_of_EatingTests.AutoSyncTests test_resetDay_triggersFirebaseSync]' started.
2026-05-15 06:34:36.534173+0530 Yoga of Eating[16063:129047] [[FirebaseCore]] 12.7.0 - [FirebaseCore][I-COR000003] The default Firebase app has not yet been configured. Add `FirebaseApp.configure()` to your application initialization. This can be done in in the App Delegate's application(_:didFinishLaunchingWithOptions:)` (or the `@main` struct's initializer in SwiftUI). Read more: https://firebase.google.com/docs/ios/setup#initialize_firebase_in_your_app
2026-05-15 06:34:36.534330+0530 Yoga of Eating[16063:129047] [[FirebaseCore]] 12.7.0 - [FirebaseCore][I-COR000003] The default Firebase app has not yet been configured. Add `FirebaseApp.configure()` to your application initialization. This can be done in in the App Delegate's application(_:didFinishLaunchingWithOptions:)` (or the `@main` struct's initializer in SwiftUI). Read more: https://firebase.google.com/docs/ios/setup#initialize_firebase_in_your_app
Test Case '-[Yoga_of_EatingTests.AutoSyncTests test_resetDay_triggersFirebaseSync]' passed (0.206 seconds).
Test Suite 'AutoSyncTests' passed at 2026-05-15 06:34:36.739.
	 Executed 7 tests, with 0 failures (0 unexpected) in 1.051 (1.055) seconds
Test Suite 'BlankTextRegressionTests' started at 2026-05-15 06:34:36.740.
Test Case '-[Yoga_of_EatingTests.BlankTextRegressionTests test_concurrentMealUpdates_eachMealRetainsItsOwnItems]' started.
2026-05-15 06:34:36.741558+0530 Yoga of Eating[16063:129056] [[FirebaseCore]] 12.7.0 - [FirebaseCore][I-COR000003] The default Firebase app has not yet been configured. Add `FirebaseApp.configure()` to your application initialization. This can be done in in the App Delegate's application(_:didFinishLaunchingWithOptions:)` (or the `@main` struct's initializer in SwiftUI). Read more: https://firebase.google.com/docs/ios/setup#initialize_firebase_in_your_app
Test Case '-[Yoga_of_EatingTests.BlankTextRegressionTests test_concurrentMealUpdates_eachMealRetainsItsOwnItems]' passed (0.213 seconds).
Test Case '-[Yoga_of_EatingTests.BlankTextRegressionTests test_isFocused_remainsUnaffected_duringConcurrentMealUpdates]' started.
2026-05-15 06:34:36.954492+0530 Yoga of Eating[16063:129043] [[FirebaseCore]] 12.7.0 - [FirebaseCore][I-COR000003] The default Firebase app has not yet been configured. Add `FirebaseApp.configure()` to your application initialization. This can be done in in the App Delegate's application(_:didFinishLaunchingWithOptions:)` (or the `@main` struct's initializer in SwiftUI). Read more: https://firebase.google.com/docs/ios/setup#initialize_firebase_in_your_app
2026-05-15 06:34:36.955106+0530 Yoga of Eating[16063:129026] [AIAnalysisCoordinator] AI analysis failed (meal redacted for privacy)
Test Case '-[Yoga_of_EatingTests.BlankTextRegressionTests test_isFocused_remainsUnaffected_duringConcurrentMealUpdates]' passed (0.205 seconds).
Test Case '-[Yoga_of_EatingTests.BlankTextRegressionTests test_submission_aiAnalysisCompletion_doesNotClearMealItems]' started.
2026-05-15 06:34:37.160154+0530 Yoga of Eating[16063:129047] [[FirebaseCore]] 12.7.0 - [FirebaseCore][I-COR000003] The default Firebase app has not yet been configured. Add `FirebaseApp.configure()` to your application initialization. This can be done in in the App Delegate's application(_:didFinishLaunchingWithOptions:)` (or the `@main` struct's initializer in SwiftUI). Read more: https://firebase.google.com/docs/ios/setup#initialize_firebase_in_your_app
Test Case '-[Yoga_of_EatingTests.BlankTextRegressionTests test_submission_aiAnalysisCompletion_doesNotClearMealItems]' passed (0.104 seconds).
Test Case '-[Yoga_of_EatingTests.BlankTextRegressionTests test_submission_aiCompletion_itemsRetainSubmittedValue]' started.
2026-05-15 06:34:37.265031+0530 Yoga of Eating[16063:129047] [[FirebaseCore]] 12.7.0 - [FirebaseCore][I-COR000003] The default Firebase app has not yet been configured. Add `FirebaseApp.configure()` to your application initialization. This can be done in in the App Delegate's application(_:didFinishLaunchingWithOptions:)` (or the `@main` struct's initializer in SwiftUI). Read more: https://firebase.google.com/docs/ios/setup#initialize_firebase_in_your_app
Test Case '-[Yoga_of_EatingTests.BlankTextRegressionTests test_submission_aiCompletion_itemsRetainSubmittedValue]' passed (0.105 seconds).
Test Suite 'BlankTextRegressionTests' passed at 2026-05-15 06:34:37.369.
	 Executed 4 tests, with 0 failures (0 unexpected) in 0.626 (0.629) seconds
Test Suite 'BriefingCardEnrichmentTests' started at 2026-05-15 06:34:37.369.
Test Case '-[Yoga_of_EatingTests.BriefingCardEnrichmentTests test_briefingWeakDimensions_atMostTwoDimensions]' started.
2026-05-15 06:34:37.370369+0530 Yoga of Eating[16063:129043] [[FirebaseCore]] 12.7.0 - [FirebaseCore][I-COR000003] The default Firebase app has not yet been configured. Add `FirebaseApp.configure()` to your application initialization. This can be done in in the App Delegate's application(_:didFinishLaunchingWithOptions:)` (or the `@main` struct's initializer in SwiftUI). Read more: https://firebase.google.com/docs/ios/setup#initialize_firebase_in_your_app
Test Case '-[Yoga_of_EatingTests.BriefingCardEnrichmentTests test_briefingWeakDimensions_atMostTwoDimensions]' passed (0.001 seconds).
Test Case '-[Yoga_of_EatingTests.BriefingCardEnrichmentTests test_briefingWeakDimensions_isEmptyWhenViewingPastDay]' started.
2026-05-15 06:34:37.372117+0530 Yoga of Eating[16063:129047] [[FirebaseCore]] 12.7.0 - [FirebaseCore][I-COR000003] The default Firebase app has not yet been configured. Add `FirebaseApp.configure()` to your application initialization. This can be done in in the App Delegate's application(_:didFinishLaunchingWithOptions:)` (or the `@main` struct's initializer in SwiftUI). Read more: https://firebase.google.com/docs/ios/setup#initialize_firebase_in_your_app
Test Case '-[Yoga_of_EatingTests.BriefingCardEnrichmentTests test_briefingWeakDimensions_isEmptyWhenViewingPastDay]' passed (0.001 seconds).
Test Case '-[Yoga_of_EatingTests.BriefingCardEnrichmentTests test_briefingWeakDimensions_isEmptyWithNoMeals]' started.
2026-05-15 06:34:37.373520+0530 Yoga of Eating[16063:129055] [[FirebaseCore]] 12.7.0 - [FirebaseCore][I-COR000003] The default Firebase app has not yet been configured. Add `FirebaseApp.configure()` to your application initialization. This can be done in in the App Delegate's application(_:didFinishLaunchingWithOptions:)` (or the `@main` struct's initializer in SwiftUI). Read more: https://firebase.google.com/docs/ios/setup#initialize_firebase_in_your_app
Test Case '-[Yoga_of_EatingTests.BriefingCardEnrichmentTests test_briefingWeakDimensions_isEmptyWithNoMeals]' passed (0.001 seconds).
Test Case '-[Yoga_of_EatingTests.BriefingCardEnrichmentTests test_briefingWeakDimensions_matchesWeakDimsFromBreakdownContract]' started.
2026-05-15 06:34:37.375263+0530 Yoga of Eating[16063:129054] [[FirebaseCore]] 12.7.0 - [FirebaseCore][I-COR000003] The default Firebase app has not yet been configured. Add `FirebaseApp.configure()` to your application initialization. This can be done in in the App Delegate's application(_:didFinishLaunchingWithOptions:)` (or the `@main` struct's initializer in SwiftUI). Read more: https://firebase.google.com/docs/ios/setup#initialize_firebase_in_your_app
Test Case '-[Yoga_of_EatingTests.BriefingCardEnrichmentTests test_briefingWeakDimensions_matchesWeakDimsFromBreakdownContract]' passed (0.001 seconds).
Test Case '-[Yoga_of_EatingTests.BriefingCardEnrichmentTests test_morningBriefingCard_acceptsWeakDimensions]' started.
2026-05-15 06:34:37.376986+0530 Yoga of Eating[16063:129047] [[FirebaseCore]] 12.7.0 - [FirebaseCore][I-COR000003] The default Firebase app has not yet been configured. Add `FirebaseApp.configure()` to your application initialization. This can be done in in the App Delegate's application(_:didFinishLaunchingWithOptions:)` (or the `@main` struct's initializer in SwiftUI). Read more: https://firebase.google.com/docs/ios/setup#initialize_firebase_in_your_app
Test Case '-[Yoga_of_EatingTests.BriefingCardEnrichmentTests test_morningBriefingCard_acceptsWeakDimensions]' passed (0.027 seconds).
Test Case '-[Yoga_of_EatingTests.BriefingCardEnrichmentTests test_morningBriefingCard_defaultWeakDimensionsIsEmpty]' started.
2026-05-15 06:34:37.403900+0530 Yoga of Eating[16063:129043] [[FirebaseCore]] 12.7.0 - [FirebaseCore][I-COR000003] The default Firebase app has not yet been configured. Add `FirebaseApp.configure()` to your application initialization. This can be done in in the App Delegate's application(_:didFinishLaunchingWithOptions:)` (or the `@main` struct's initializer in SwiftUI). Read more: https://firebase.google.com/docs/ios/setup#initialize_firebase_in_your_app
Test Case '-[Yoga_of_EatingTests.BriefingCardEnrichmentTests test_morningBriefingCard_defaultWeakDimensionsIsEmpty]' passed (0.001 seconds).
Test Case '-[Yoga_of_EatingTests.BriefingCardEnrichmentTests test_wellbeingBreakdownContract_noDuplicateWeakDimensions]' started.
2026-05-15 06:34:37.405117+0530 Yoga of Eating[16063:129055] [[FirebaseCore]] 12.7.0 - [FirebaseCore][I-COR000003] The default Firebase app has not yet been configured. Add `FirebaseApp.configure()` to your application initialization. This can be done in in the App Delegate's application(_:didFinishLaunchingWithOptions:)` (or the `@main` struct's initializer in SwiftUI). Read more: https://firebase.google.com/docs/ios/setup#initialize_firebase_in_your_app
Test Case '-[Yoga_of_EatingTests.BriefingCardEnrichmentTests test_wellbeingBreakdownContract_noDuplicateWeakDimensions]' passed (0.001 seconds).
Test Case '-[Yoga_of_EatingTests.BriefingCardEnrichmentTests test_wellbeingBreakdownContract_weakDimensionLabelsMatchDimensions]' started.
2026-05-15 06:34:37.406416+0530 Yoga of Eating[16063:129053] [[FirebaseCore]] 12.7.0 - [FirebaseCore][I-COR000003] The default Firebase app has not yet been configured. Add `FirebaseApp.configure()` to your application initialization. This can be done in in the App Delegate's application(_:didFinishLaunchingWithOptions:)` (or the `@main` struct's initializer in SwiftUI). Read more: https://firebase.google.com/docs/ios/setup#initialize_firebase_in_your_app
Test Case '-[Yoga_of_EatingTests.BriefingCardEnrichmentTests test_wellbeingBreakdownContract_weakDimensionLabelsMatchDimensions]' passed (0.001 seconds).
Test Suite 'BriefingCardEnrichmentTests' passed at 2026-05-15 06:34:37.407.
	 Executed 8 tests, with 0 failures (0 unexpected) in 0.034 (0.038) seconds
Test Suite 'BriefingGenerationTests' started at 2026-05-15 06:34:37.407.
Test Case '-[Yoga_of_EatingTests.BriefingGenerationTests test_generateBriefing_cardsClamped_0to1]' started.
2026-05-15 06:34:37.407730+0530 Yoga of Eating[16063:129043] [[FirebaseCore]] 12.7.0 - [FirebaseCore][I-COR000003] The default Firebase app has not yet been configured. Add `FirebaseApp.configure()` to your application initialization. This can be done in in the App Delegate's application(_:didFinishLaunchingWithOptions:)` (or the `@main` struct's initializer in SwiftUI). Read more: https://firebase.google.com/docs/ios/setup#initialize_firebase_in_your_app
2026-05-15 06:34:37.409457+0530 Yoga of Eating[16063:129026] [InsightLifecycle] Local briefing fallback stored for 2026-05-15 01:04:37 +0000
Test Case '-[Yoga_of_EatingTests.BriefingGenerationTests test_generateBriefing_cardsClamped_0to1]' passed (0.003 seconds).
Test Case '-[Yoga_of_EatingTests.BriefingGenerationTests test_generateBriefing_confidenceIsValid]' started.
2026-05-15 06:34:37.410545+0530 Yoga of Eating[16063:129053] [[FirebaseCore]] 12.7.0 - [FirebaseCore][I-COR000003] The default Firebase app has not yet been configured. Add `FirebaseApp.configure()` to your application initialization. This can be done in in the App Delegate's application(_:didFinishLaunchingWithOptions:)` (or the `@main` struct's initializer in SwiftUI). Read more: https://firebase.google.com/docs/ios/setup#initialize_firebase_in_your_app
2026-05-15 06:34:37.410916+0530 Yoga of Eating[16063:129026] [InsightLifecycle] Local briefing fallback stored for 2026-05-15 01:04:37 +0000
Test Case '-[Yoga_of_EatingTests.BriefingGenerationTests test_generateBriefing_confidenceIsValid]' passed (0.001 seconds).
Test Case '-[Yoga_of_EatingTests.BriefingGenerationTests test_generateBriefing_fallsBackToLocal_whenNoFirebase]' started.
2026-05-15 06:34:37.412008+0530 Yoga of Eating[16063:129054] [[FirebaseCore]] 12.7.0 - [FirebaseCore][I-COR000003] The default Firebase app has not yet been configured. Add `FirebaseApp.configure()` to your application initialization. This can be done in in the App Delegate's application(_:didFinishLaunchingWithOptions:)` (or the `@main` struct's initializer in SwiftUI). Read more: https://firebase.google.com/docs/ios/setup#initialize_firebase_in_your_app
2026-05-15 06:34:37.412322+0530 Yoga of Eating[16063:129026] [InsightLifecycle] Local briefing fallback stored for 2026-05-15 01:04:37 +0000
Test Case '-[Yoga_of_EatingTests.BriefingGenerationTests test_generateBriefing_fallsBackToLocal_whenNoFirebase]' passed (0.019 seconds).
Test Case '-[Yoga_of_EatingTests.BriefingGenerationTests test_generateBriefing_includesWeeklyTrend_withEnoughData]' started.
2026-05-15 06:34:37.431578+0530 Yoga of Eating[16063:129055] [[FirebaseCore]] 12.7.0 - [FirebaseCore][I-COR000003] The default Firebase app has not yet been configured. Add `FirebaseApp.configure()` to your application initialization. This can be done in in the App Delegate's application(_:didFinishLaunchingWithOptions:)` (or the `@main` struct's initializer in SwiftUI). Read more: https://firebase.google.com/docs/ios/setup#initialize_firebase_in_your_app
2026-05-15 06:34:37.431863+0530 Yoga of Eating[16063:129026] [InsightLifecycle] Local briefing fallback stored for 2026-05-15 01:04:37 +0000
Test Case '-[Yoga_of_EatingTests.BriefingGenerationTests test_generateBriefing_includesWeeklyTrend_withEnoughData]' passed (0.001 seconds).
Test Case '-[Yoga_of_EatingTests.BriefingGenerationTests test_generateBriefing_localFallback_hasHeadline]' started.
2026-05-15 06:34:37.432713+0530 Yoga of Eating[16063:129047] [[FirebaseCore]] 12.7.0 - [FirebaseCore][I-COR000003] The default Firebase app has not yet been configured. Add `FirebaseApp.configure()` to your application initialization. This can be done in in the App Delegate's application(_:didFinishLaunchingWithOptions:)` (or the `@main` struct's initializer in SwiftUI). Read more: https://firebase.google.com/docs/ios/setup#initialize_firebase_in_your_app
2026-05-15 06:34:37.432974+0530 Yoga of Eating[16063:129026] [InsightLifecycle] Local briefing fallback stored for 2026-05-15 01:04:37 +0000
Test Case '-[Yoga_of_EatingTests.BriefingGenerationTests test_generateBriefing_localFallback_hasHeadline]' passed (0.001 seconds).
Test Case '-[Yoga_of_EatingTests.BriefingGenerationTests test_generateBriefing_localFallback_hasNudge]' started.
2026-05-15 06:34:37.433723+0530 Yoga of Eating[16063:129053] [[FirebaseCore]] 12.7.0 - [FirebaseCore][I-COR000003] The default Firebase app has not yet been configured. Add `FirebaseApp.configure()` to your application initialization. This can be done in in the App Delegate's application(_:didFinishLaunchingWithOptions:)` (or the `@main` struct's initializer in SwiftUI). Read more: https://firebase.google.com/docs/ios/setup#initialize_firebase_in_your_app
2026-05-15 06:34:37.433978+0530 Yoga of Eating[16063:129026] [InsightLifecycle] Local briefing fallback stored for 2026-05-15 01:04:37 +0000
Test Case '-[Yoga_of_EatingTests.BriefingGenerationTests test_generateBriefing_localFallback_hasNudge]' passed (0.001 seconds).
Test Case '-[Yoga_of_EatingTests.BriefingGenerationTests test_generateBriefing_localFallback_isNotViewed]' started.
2026-05-15 06:34:37.434759+0530 Yoga of Eating[16063:129043] [[FirebaseCore]] 12.7.0 - [FirebaseCore][I-COR000003] The default Firebase app has not yet been configured. Add `FirebaseApp.configure()` to your application initialization. This can be done in in the App Delegate's application(_:didFinishLaunchingWithOptions:)` (or the `@main` struct's initializer in SwiftUI). Read more: https://firebase.google.com/docs/ios/setup#initialize_firebase_in_your_app
2026-05-15 06:34:37.434974+0530 Yoga of Eating[16063:129026] [InsightLifecycle] Local briefing fallback stored for 2026-05-15 01:04:37 +0000
Test Case '-[Yoga_of_EatingTests.BriefingGenerationTests test_generateBriefing_localFallback_isNotViewed]' passed (0.001 seconds).
Test Case '-[Yoga_of_EatingTests.BriefingGenerationTests test_generateBriefing_localFallback_setsDate]' started.
2026-05-15 06:34:37.435672+0530 Yoga of Eating[16063:129055] [[FirebaseCore]] 12.7.0 - [FirebaseCore][I-COR000003] The default Firebase app has not yet been configured. Add `FirebaseApp.configure()` to your application initialization. This can be done in in the App Delegate's application(_:didFinishLaunchingWithOptions:)` (or the `@main` struct's initializer in SwiftUI). Read more: https://firebase.google.com/docs/ios/setup#initialize_firebase_in_your_app
2026-05-15 06:34:37.435922+0530 Yoga of Eating[16063:129026] [InsightLifecycle] Local briefing fallback stored for 2026-05-15 01:04:37 +0000
Test Case '-[Yoga_of_EatingTests.BriefingGenerationTests test_generateBriefing_localFallback_setsDate]' passed (0.001 seconds).
Test Case '-[Yoga_of_EatingTests.BriefingGenerationTests test_generateBriefing_persistsViaUpdateInsight]' started.
2026-05-15 06:34:37.436537+0530 Yoga of Eating[16063:129043] [[FirebaseCore]] 12.7.0 - [FirebaseCore][I-COR000003] The default Firebase app has not yet been configured. Add `FirebaseApp.configure()` to your application initialization. This can be done in in the App Delegate's application(_:didFinishLaunchingWithOptions:)` (or the `@main` struct's initializer in SwiftUI). Read more: https://firebase.google.com/docs/ios/setup#initialize_firebase_in_your_app
2026-05-15 06:34:37.436686+0530 Yoga of Eating[16063:129026] [InsightLifecycle] Local briefing fallback stored for 2026-05-15 01:04:37 +0000
Test Case '-[Yoga_of_EatingTests.BriefingGenerationTests test_generateBriefing_persistsViaUpdateInsight]' passed (0.001 seconds).
Test Case '-[Yoga_of_EatingTests.BriefingGenerationTests test_generateBriefing_returnsNil_whenNoData]' started.
2026-05-15 06:34:37.437379+0530 Yoga of Eating[16063:129047] [[FirebaseCore]] 12.7.0 - [FirebaseCore][I-COR000003] The default Firebase app has not yet been configured. Add `FirebaseApp.configure()` to your application initialization. This can be done in in the App Delegate's application(_:didFinishLaunchingWithOptions:)` (or the `@main` struct's initializer in SwiftUI). Read more: https://firebase.google.com/docs/ios/setup#initialize_firebase_in_your_app
Test Case '-[Yoga_of_EatingTests.BriefingGenerationTests test_generateBriefing_returnsNil_whenNoData]' passed (0.000 seconds).
Test Case '-[Yoga_of_EatingTests.BriefingGenerationTests test_generateBriefing_returnsNil_withInsufficientData]' started.
2026-05-15 06:34:37.438042+0530 Yoga of Eating[16063:129047] [[FirebaseCore]] 12.7.0 - [FirebaseCore][I-COR000003] The default Firebase app has not yet been configured. Add `FirebaseApp.configure()` to your application initialization. This can be done in in the App Delegate's application(_:didFinishLaunchingWithOptions:)` (or the `@main` struct's initializer in SwiftUI). Read more: https://firebase.google.com/docs/ios/setup#initialize_firebase_in_your_app
Test Case '-[Yoga_of_EatingTests.BriefingGenerationTests test_generateBriefing_returnsNil_withInsufficientData]' passed (0.000 seconds).
Test Case '-[Yoga_of_EatingTests.BriefingGenerationTests test_generateBriefing_weeklyTrend_daysLogged_matchesData]' started.
2026-05-15 06:34:37.438906+0530 Yoga of Eating[16063:129043] [[FirebaseCore]] 12.7.0 - [FirebaseCore][I-COR000003] The default Firebase app has not yet been configured. Add `FirebaseApp.configure()` to your application initialization. This can be done in in the App Delegate's application(_:didFinishLaunchingWithOptions:)` (or the `@main` struct's initializer in SwiftUI). Read more: https://firebase.google.com/docs/ios/setup#initialize_firebase_in_your_app
2026-05-15 06:34:37.439263+0530 Yoga of Eating[16063:129026] [InsightLifecycle] Local briefing fallback stored for 2026-05-15 01:04:37 +0000
Test Case '-[Yoga_of_EatingTests.BriefingGenerationTests test_generateBriefing_weeklyTrend_daysLogged_matchesData]' passed (0.001 seconds).
Test Suite 'BriefingGenerationTests' passed at 2026-05-15 06:34:37.440.
	 Executed 12 tests, with 0 failures (0 unexpected) in 0.030 (0.033) seconds
Test Suite 'BriefingRemediationTests' started at 2026-05-15 06:34:37.440.
Test Case '-[Yoga_of_EatingTests.BriefingRemediationTests test_briefingNotificationId_isStable]' started.
Test Case '-[Yoga_of_EatingTests.BriefingRemediationTests test_briefingNotificationId_isStable]' passed (0.000 seconds).
Test Case '-[Yoga_of_EatingTests.BriefingRemediationTests test_dismissInsight_setsIsViewedTrue]' started.
Test Case '-[Yoga_of_EatingTests.BriefingRemediationTests test_dismissInsight_setsIsViewedTrue]' passed (0.000 seconds).
Test Case '-[Yoga_of_EatingTests.BriefingRemediationTests test_loadData_hydratesCurrentInsightFromSnapshot]' started.
Test Case '-[Yoga_of_EatingTests.BriefingRemediationTests test_loadData_hydratesCurrentInsightFromSnapshot]' passed (0.006 seconds).
Test Case '-[Yoga_of_EatingTests.BriefingRemediationTests test_markBriefingViewed_persistsViaHistoricalService]' started.
Test Case '-[Yoga_of_EatingTests.BriefingRemediationTests test_markBriefingViewed_persistsViaHistoricalService]' passed (0.000 seconds).
Test Case '-[Yoga_of_EatingTests.BriefingRemediationTests test_markBriefingViewed_setsIsViewedTrue]' started.
Test Case '-[Yoga_of_EatingTests.BriefingRemediationTests test_markBriefingViewed_setsIsViewedTrue]' passed (0.000 seconds).
Test Case '-[Yoga_of_EatingTests.BriefingRemediationTests test_predictWakeTime_parsesValidStoredTime]' started.
Test Case '-[Yoga_of_EatingTests.BriefingRemediationTests test_predictWakeTime_parsesValidStoredTime]' passed (0.002 seconds).
Test Case '-[Yoga_of_EatingTests.BriefingRemediationTests test_predictWakeTime_returnsDefaultForInvalid]' started.
Test Case '-[Yoga_of_EatingTests.BriefingRemediationTests test_predictWakeTime_returnsDefaultForInvalid]' passed (0.001 seconds).
Test Case '-[Yoga_of_EatingTests.BriefingRemediationTests test_triggerInsightGeneration_skipsWhenInsightAlreadyExistsForToday]' started.
Test Case '-[Yoga_of_EatingTests.BriefingRemediationTests test_triggerInsightGeneration_skipsWhenInsightAlreadyExistsForToday]' passed (0.000 seconds).
Test Suite 'BriefingRemediationTests' passed at 2026-05-15 06:34:37.453.
	 Executed 8 tests, with 0 failures (0 unexpected) in 0.012 (0.013) seconds
Test Suite 'BuilderTests' started at 2026-05-15 06:34:37.453.
Test Case '-[Yoga_of_EatingTests.BuilderTests test_dailyInsight_hasExpectedDefaults]' started.
Test Case '-[Yoga_of_EatingTests.BuilderTests test_dailyInsight_hasExpectedDefaults]' passed (0.000 seconds).
Test Case '-[Yoga_of_EatingTests.BuilderTests test_dailyInsight_markAsViewed_setsFlag]' started.
Test Case '-[Yoga_of_EatingTests.BuilderTests test_dailyInsight_markAsViewed_setsFlag]' passed (0.000 seconds).
Test Case '-[Yoga_of_EatingTests.BuilderTests test_dailyInsight_producesUniqueIDs]' started.
Test Case '-[Yoga_of_EatingTests.BuilderTests test_dailyInsight_producesUniqueIDs]' passed (0.000 seconds).
Test Case '-[Yoga_of_EatingTests.BuilderTests test_healthProfileBuilder_build_hasExpectedDefaults]' started.
Test Case '-[Yoga_of_EatingTests.BuilderTests test_healthProfileBuilder_build_hasExpectedDefaults]' passed (0.000 seconds).
Test Case '-[Yoga_of_EatingTests.BuilderTests test_healthProfileBuilder_withAge_setsAge]' started.
Test Case '-[Yoga_of_EatingTests.BuilderTests test_healthProfileBuilder_withAge_setsAge]' passed (0.000 seconds).
Test Case '-[Yoga_of_EatingTests.BuilderTests test_healthProfileBuilder_withBMI_setsBMIAndCategory]' started.
Test Case '-[Yoga_of_EatingTests.BuilderTests test_healthProfileBuilder_withBMI_setsBMIAndCategory]' passed (0.000 seconds).
Test Case '-[Yoga_of_EatingTests.BuilderTests test_healthProfileBuilder_withRiskLevel_setsRiskLevel]' started.
Test Case '-[Yoga_of_EatingTests.BuilderTests test_healthProfileBuilder_withRiskLevel_setsRiskLevel]' passed (0.000 seconds).
Test Case '-[Yoga_of_EatingTests.BuilderTests test_mealBuilder_analyzed_setsIsAIAnalyzed]' started.
Test Case '-[Yoga_of_EatingTests.BuilderTests test_mealBuilder_analyzed_setsIsAIAnalyzed]' passed (0.000 seconds).
Test Case '-[Yoga_of_EatingTests.BuilderTests test_mealBuilder_build_hasExpectedDefaults]' started.
Test Case '-[Yoga_of_EatingTests.BuilderTests test_mealBuilder_build_hasExpectedDefaults]' passed (0.000 seconds).
Test Case '-[Yoga_of_EatingTests.BuilderTests test_mealBuilder_build_producesUniqueIDs]' started.
Test Case '-[Yoga_of_EatingTests.BuilderTests test_mealBuilder_build_producesUniqueIDs]' passed (0.000 seconds).
Test Case '-[Yoga_of_EatingTests.BuilderTests test_mealBuilder_chaining_combinesAllProperties]' started.
Test Case '-[Yoga_of_EatingTests.BuilderTests test_mealBuilder_chaining_combinesAllProperties]' passed (0.000 seconds).
Test Case '-[Yoga_of_EatingTests.BuilderTests test_mealBuilder_migration_matchesInlineConstruction]' started.
Test Case '-[Yoga_of_EatingTests.BuilderTests test_mealBuilder_migration_matchesInlineConstruction]' passed (0.000 seconds).
Test Case '-[Yoga_of_EatingTests.BuilderTests test_mealBuilder_withInsight_setsAIInsight]' started.
Test Case '-[Yoga_of_EatingTests.BuilderTests test_mealBuilder_withInsight_setsAIInsight]' passed (0.000 seconds).
Test Case '-[Yoga_of_EatingTests.BuilderTests test_mealBuilder_withItems_setsItems]' started.
Test Case '-[Yoga_of_EatingTests.BuilderTests test_mealBuilder_withItems_setsItems]' passed (0.000 seconds).
Test Case '-[Yoga_of_EatingTests.BuilderTests test_mealBuilder_withMealType_setsMealType]' started.
Test Case '-[Yoga_of_EatingTests.BuilderTests test_mealBuilder_withMealType_setsMealType]' passed (0.000 seconds).
Test Case '-[Yoga_of_EatingTests.BuilderTests test_mealBuilder_withScore_setsHealthScore]' started.
Test Case '-[Yoga_of_EatingTests.BuilderTests test_mealBuilder_withScore_setsHealthScore]' passed (0.000 seconds).
Test Case '-[Yoga_of_EatingTests.BuilderTests test_mindCheckEntryBuilder_accomplished_setsIsAccomplished]' started.
Test Case '-[Yoga_of_EatingTests.BuilderTests test_mindCheckEntryBuilder_accomplished_setsIsAccomplished]' passed (0.000 seconds).
Test Case '-[Yoga_of_EatingTests.BuilderTests test_mindCheckEntryBuilder_build_hasExpectedDefaults]' started.
Test Case '-[Yoga_of_EatingTests.BuilderTests test_mindCheckEntryBuilder_build_hasExpectedDefaults]' passed (0.000 seconds).
Test Case '-[Yoga_of_EatingTests.BuilderTests test_mindCheckEntryBuilder_build_producesUniqueIDs]' started.
Test Case '-[Yoga_of_EatingTests.BuilderTests test_mindCheckEntryBuilder_build_producesUniqueIDs]' passed (0.000 seconds).
Test Case '-[Yoga_of_EatingTests.BuilderTests test_mindCheckEntryBuilder_withCategory_setsCategory]' started.
Test Case '-[Yoga_of_EatingTests.BuilderTests test_mindCheckEntryBuilder_withCategory_setsCategory]' passed (0.000 seconds).
Test Case '-[Yoga_of_EatingTests.BuilderTests test_mindCheckEntryBuilder_withText_setsText]' started.
Test Case '-[Yoga_of_EatingTests.BuilderTests test_mindCheckEntryBuilder_withText_setsText]' passed (0.000 seconds).
Test Case '-[Yoga_of_EatingTests.BuilderTests test_snapshotBuilder_build_hasExpectedDefaults]' started.
Test Case '-[Yoga_of_EatingTests.BuilderTests test_snapshotBuilder_build_hasExpectedDefaults]' passed (0.000 seconds).
Test Case '-[Yoga_of_EatingTests.BuilderTests test_snapshotBuilder_build_producesUniqueIDs]' started.
Test Case '-[Yoga_of_EatingTests.BuilderTests test_snapshotBuilder_build_producesUniqueIDs]' passed (0.000 seconds).
Test Case '-[Yoga_of_EatingTests.BuilderTests test_snapshotBuilder_withDate_normalizesToMidnight]' started.
Test Case '-[Yoga_of_EatingTests.BuilderTests test_snapshotBuilder_withDate_normalizesToMidnight]' passed (0.000 seconds).
Test Case '-[Yoga_of_EatingTests.BuilderTests test_snapshotBuilder_withDaysAgo_setsCorrectDate]' started.
Test Case '-[Yoga_of_EatingTests.BuilderTests test_snapshotBuilder_withDaysAgo_setsCorrectDate]' passed (0.000 seconds).
Test Case '-[Yoga_of_EatingTests.BuilderTests test_snapshotBuilder_withInsight_setsInsight]' started.
Test Case '-[Yoga_of_EatingTests.BuilderTests test_snapshotBuilder_withInsight_setsInsight]' passed (0.000 seconds).
Test Case '-[Yoga_of_EatingTests.BuilderTests test_snapshotBuilder_withMeals_setsMeals]' started.
Test Case '-[Yoga_of_EatingTests.BuilderTests test_snapshotBuilder_withMeals_setsMeals]' passed (0.000 seconds).
Test Case '-[Yoga_of_EatingTests.BuilderTests test_snapshotBuilder_withSmileyState_setSmileyState]' started.
Test Case '-[Yoga_of_EatingTests.BuilderTests test_snapshotBuilder_withSmileyState_setSmileyState]' passed (0.000 seconds).
Test Suite 'BuilderTests' passed at 2026-05-15 06:34:37.466.
	 Executed 28 tests, with 0 failures (0 unexpected) in 0.009 (0.014) seconds
Test Suite 'CalorieDetailDataTests' started at 2026-05-15 06:34:37.466.
Test Case '-[Yoga_of_EatingTests.CalorieDetailDataTests test_calorieDetailData_activityBreakdown_showsBasalAndActive]' started.
Test Case '-[Yoga_of_EatingTests.CalorieDetailDataTests test_calorieDetailData_activityBreakdown_showsBasalAndActive]' passed (0.001 seconds).
Test Case '-[Yoga_of_EatingTests.CalorieDetailDataTests test_calorieDetailData_activityNilByDefault]' started.
Test Case '-[Yoga_of_EatingTests.CalorieDetailDataTests test_calorieDetailData_activityNilByDefault]' passed (0.000 seconds).
Test Case '-[Yoga_of_EatingTests.CalorieDetailDataTests test_calorieDetailData_perMealBreakdown_excludesMealsWithoutCalories]' started.
Test Case '-[Yoga_of_EatingTests.CalorieDetailDataTests test_calorieDetailData_perMealBreakdown_excludesMealsWithoutCalories]' passed (0.000 seconds).
Test Case '-[Yoga_of_EatingTests.CalorieDetailDataTests test_calorieDetailData_perMealBreakdown_matchesMeals]' started.
Test Case '-[Yoga_of_EatingTests.CalorieDetailDataTests test_calorieDetailData_perMealBreakdown_matchesMeals]' passed (0.000 seconds).
Test Case '-[Yoga_of_EatingTests.CalorieDetailDataTests test_calorieDetailData_remainingCalories_nilWhenTDEENil]' started.
Test Case '-[Yoga_of_EatingTests.CalorieDetailDataTests test_calorieDetailData_remainingCalories_nilWhenTDEENil]' passed (0.000 seconds).
Test Case '-[Yoga_of_EatingTests.CalorieDetailDataTests test_calorieDetailData_remainingCalories_tdeeMinusConsumed]' started.
Test Case '-[Yoga_of_EatingTests.CalorieDetailDataTests test_calorieDetailData_remainingCalories_tdeeMinusConsumed]' passed (0.000 seconds).
Test Suite 'CalorieDetailDataTests' passed at 2026-05-15 06:34:37.471.
	 Executed 6 tests, with 0 failures (0 unexpected) in 0.003 (0.004) seconds
Test Suite 'CaloriePillIntegrationTests' started at 2026-05-15 06:34:37.471.
Test Case '-[Yoga_of_EatingTests.CaloriePillIntegrationTests test_integration_aiReturnsNilCalories_consumedStaysZero]' started.
2026-05-15 06:34:37.471266+0530 Yoga of Eating[16063:129055] [[FirebaseCore]] 12.7.0 - [FirebaseCore][I-COR000003] The default Firebase app has not yet been configured. Add `FirebaseApp.configure()` to your application initialization. This can be done in in the App Delegate's application(_:didFinishLaunchingWithOptions:)` (or the `@main` struct's initializer in SwiftUI). Read more: https://firebase.google.com/docs/ios/setup#initialize_firebase_in_your_app
Test Case '-[Yoga_of_EatingTests.CaloriePillIntegrationTests test_integration_aiReturnsNilCalories_consumedStaysZero]' passed (0.002 seconds).
Test Case '-[Yoga_of_EatingTests.CaloriePillIntegrationTests test_integration_mealAnalyzed_pillDataConsumed_reflectsEstimatedCalories]' started.
2026-05-15 06:34:37.474757+0530 Yoga of Eating[16063:129053] [[FirebaseCore]] 12.7.0 - [FirebaseCore][I-COR000003] The default Firebase app has not yet been configured. Add `FirebaseApp.configure()` to your application initialization. This can be done in in the App Delegate's application(_:didFinishLaunchingWithOptions:)` (or the `@main` struct's initializer in SwiftUI). Read more: https://firebase.google.com/docs/ios/setup#initialize_firebase_in_your_app
Test Case '-[Yoga_of_EatingTests.CaloriePillIntegrationTests test_integration_mealAnalyzed_pillDataConsumed_reflectsEstimatedCalories]' passed (0.002 seconds).
Test Case '-[Yoga_of_EatingTests.CaloriePillIntegrationTests test_integration_mealAnalyzed_pillIsVisible_whenConsumedPositive]' started.
2026-05-15 06:34:37.475787+0530 Yoga of Eating[16063:129054] [[FirebaseCore]] 12.7.0 - [FirebaseCore][I-COR000003] The default Firebase app has not yet been configured. Add `FirebaseApp.configure()` to your application initialization. This can be done in in the App Delegate's application(_:didFinishLaunchingWithOptions:)` (or the `@main` struct's initializer in SwiftUI). Read more: https://firebase.google.com/docs/ios/setup#initialize_firebase_in_your_app
Test Case '-[Yoga_of_EatingTests.CaloriePillIntegrationTests test_integration_mealAnalyzed_pillIsVisible_whenConsumedPositive]' passed (0.001 seconds).
Test Case '-[Yoga_of_EatingTests.CaloriePillIntegrationTests test_integration_multipleMeals_consumed_sumsBothEstimates]' started.
2026-05-15 06:34:37.476735+0530 Yoga of Eating[16063:129055] [[FirebaseCore]] 12.7.0 - [FirebaseCore][I-COR000003] The default Firebase app has not yet been configured. Add `FirebaseApp.configure()` to your application initialization. This can be done in in the App Delegate's application(_:didFinishLaunchingWithOptions:)` (or the `@main` struct's initializer in SwiftUI). Read more: https://firebase.google.com/docs/ios/setup#initialize_firebase_in_your_app
Test Case '-[Yoga_of_EatingTests.CaloriePillIntegrationTests test_integration_multipleMeals_consumed_sumsBothEstimates]' passed (0.001 seconds).
Test Suite 'CaloriePillIntegrationTests' passed at 2026-05-15 06:34:37.477.
	 Executed 4 tests, with 0 failures (0 unexpected) in 0.006 (0.007) seconds
Test Suite 'CaloriePillTests' started at 2026-05-15 06:34:37.477.
Test Case '-[Yoga_of_EatingTests.CaloriePillTests test_caloriePillData_equality_differentConsumed_notEqual]' started.
Test Case '-[Yoga_of_EatingTests.CaloriePillTests test_caloriePillData_equality_differentConsumed_notEqual]' passed (0.000 seconds).
Test Case '-[Yoga_of_EatingTests.CaloriePillTests test_caloriePillData_equality_sameValues]' started.
Test Case '-[Yoga_of_EatingTests.CaloriePillTests test_caloriePillData_equality_sameValues]' passed (0.000 seconds).
Test Case '-[Yoga_of_EatingTests.CaloriePillTests test_caloriePillData_fillColor_amberAt85Percent]' started.
Test Case '-[Yoga_of_EatingTests.CaloriePillTests test_caloriePillData_fillColor_amberAt85Percent]' passed (0.000 seconds).
Test Case '-[Yoga_of_EatingTests.CaloriePillTests test_caloriePillData_fillColor_amberAtExactly70Percent]' started.
Test Case '-[Yoga_of_EatingTests.CaloriePillTests test_caloriePillData_fillColor_amberAtExactly70Percent]' passed (0.000 seconds).
Test Case '-[Yoga_of_EatingTests.CaloriePillTests test_caloriePillData_fillColor_coralWhenOver100Percent]' started.
Test Case '-[Yoga_of_EatingTests.CaloriePillTests test_caloriePillData_fillColor_coralWhenOver100Percent]' passed (0.000 seconds).
Test Case '-[Yoga_of_EatingTests.CaloriePillTests test_caloriePillData_fillColor_greenBelow70Percent]' started.
Test Case '-[Yoga_of_EatingTests.CaloriePillTests test_caloriePillData_fillColor_greenBelow70Percent]' passed (0.000 seconds).
Test Case '-[Yoga_of_EatingTests.CaloriePillTests test_caloriePillData_fillColor_onTrackWhenTDEENil]' started.
Test Case '-[Yoga_of_EatingTests.CaloriePillTests test_caloriePillData_fillColor_onTrackWhenTDEENil]' passed (0.000 seconds).
Test Case '-[Yoga_of_EatingTests.CaloriePillTests test_caloriePillData_formattedConsumed_usesLocaleGroupingSeparator]' started.
Test Case '-[Yoga_of_EatingTests.CaloriePillTests test_caloriePillData_formattedConsumed_usesLocaleGroupingSeparator]' passed (0.000 seconds).
Test Case '-[Yoga_of_EatingTests.CaloriePillTests test_caloriePillData_formattedRemaining_nilWhenTDEENil]' started.
Test Case '-[Yoga_of_EatingTests.CaloriePillTests test_caloriePillData_formattedRemaining_nilWhenTDEENil]' passed (0.000 seconds).
Test Case '-[Yoga_of_EatingTests.CaloriePillTests test_caloriePillData_formattedRemaining_nonNilWhenTDEEPresent]' started.
Test Case '-[Yoga_of_EatingTests.CaloriePillTests test_caloriePillData_formattedRemaining_nonNilWhenTDEEPresent]' passed (0.000 seconds).
Test Case '-[Yoga_of_EatingTests.CaloriePillTests test_caloriePillData_formattedTDEE_nonNilWhenTDEEPresent]' started.
Test Case '-[Yoga_of_EatingTests.CaloriePillTests test_caloriePillData_formattedTDEE_nonNilWhenTDEEPresent]' passed (0.000 seconds).
Test Case '-[Yoga_of_EatingTests.CaloriePillTests test_caloriePillData_formattedTDEE_returnsNilWhenTDEENil]' started.
Test Case '-[Yoga_of_EatingTests.CaloriePillTests test_caloriePillData_formattedTDEE_returnsNilWhenTDEENil]' passed (0.000 seconds).
Test Case '-[Yoga_of_EatingTests.CaloriePillTests test_caloriePillData_init_setsConsumedAndTDEE]' started.
Test Case '-[Yoga_of_EatingTests.CaloriePillTests test_caloriePillData_init_setsConsumedAndTDEE]' passed (0.000 seconds).
Test Case '-[Yoga_of_EatingTests.CaloriePillTests test_caloriePillData_isPartialFalse_formattedConsumedNoTilde]' started.
Test Case '-[Yoga_of_EatingTests.CaloriePillTests test_caloriePillData_isPartialFalse_formattedConsumedNoTilde]' passed (0.000 seconds).
Test Case '-[Yoga_of_EatingTests.CaloriePillTests test_caloriePillData_isPartialTrue_formattedConsumedHasTilde]' started.
Test Case '-[Yoga_of_EatingTests.CaloriePillTests test_caloriePillData_isPartialTrue_formattedConsumedHasTilde]' passed (0.000 seconds).
Test Case '-[Yoga_of_EatingTests.CaloriePillTests test_caloriePillData_isVisible_falseWhenConsumedZeroAndTDEENil]' started.
Test Case '-[Yoga_of_EatingTests.CaloriePillTests test_caloriePillData_isVisible_falseWhenConsumedZeroAndTDEENil]' passed (0.000 seconds).
Test Case '-[Yoga_of_EatingTests.CaloriePillTests test_caloriePillData_isVisible_trueWhenBothPresent]' started.
Test Case '-[Yoga_of_EatingTests.CaloriePillTests test_caloriePillData_isVisible_trueWhenBothPresent]' passed (0.000 seconds).
Test Case '-[Yoga_of_EatingTests.CaloriePillTests test_caloriePillData_isVisible_trueWhenConsumedPositiveAndTDEENil]' started.
Test Case '-[Yoga_of_EatingTests.CaloriePillTests test_caloriePillData_isVisible_trueWhenConsumedPositiveAndTDEENil]' passed (0.000 seconds).
Test Case '-[Yoga_of_EatingTests.CaloriePillTests test_caloriePillData_isVisible_trueWhenConsumedZeroButTDEEKnown]' started.
Test Case '-[Yoga_of_EatingTests.CaloriePillTests test_caloriePillData_isVisible_trueWhenConsumedZeroButTDEEKnown]' passed (0.000 seconds).
Test Case '-[Yoga_of_EatingTests.CaloriePillTests test_caloriePillData_progressFraction_clampedAt1WhenOverGoal]' started.
Test Case '-[Yoga_of_EatingTests.CaloriePillTests test_caloriePillData_progressFraction_clampedAt1WhenOverGoal]' passed (0.000 seconds).
Test Case '-[Yoga_of_EatingTests.CaloriePillTests test_caloriePillData_progressFraction_correctRatio]' started.
Test Case '-[Yoga_of_EatingTests.CaloriePillTests test_caloriePillData_progressFraction_correctRatio]' passed (0.000 seconds).
Test Case '-[Yoga_of_EatingTests.CaloriePillTests test_caloriePillData_progressFraction_zeroWhenConsumedZero]' started.
Test Case '-[Yoga_of_EatingTests.CaloriePillTests test_caloriePillData_progressFraction_zeroWhenConsumedZero]' passed (0.000 seconds).
Test Case '-[Yoga_of_EatingTests.CaloriePillTests test_caloriePillData_progressFraction_zeroWhenTDEENil]' started.
Test Case '-[Yoga_of_EatingTests.CaloriePillTests test_caloriePillData_progressFraction_zeroWhenTDEENil]' passed (0.000 seconds).
Test Case '-[Yoga_of_EatingTests.CaloriePillTests test_caloriePillData_remaining_negativeWhenOverGoal]' started.
Test Case '-[Yoga_of_EatingTests.CaloriePillTests test_caloriePillData_remaining_negativeWhenOverGoal]' passed (0.000 seconds).
Test Case '-[Yoga_of_EatingTests.CaloriePillTests test_caloriePillData_remaining_nilWhenTDEENil]' started.
Test Case '-[Yoga_of_EatingTests.CaloriePillTests test_caloriePillData_remaining_nilWhenTDEENil]' passed (0.000 seconds).
Test Case '-[Yoga_of_EatingTests.CaloriePillTests test_caloriePillData_remaining_tdeeMinusConsumed]' started.
Test Case '-[Yoga_of_EatingTests.CaloriePillTests test_caloriePillData_remaining_tdeeMinusConsumed]' passed (0.000 seconds).
Test Suite 'CaloriePillTests' passed at 2026-05-15 06:34:37.490.
	 Executed 26 tests, with 0 failures (0 unexpected) in 0.008 (0.012) seconds
Test Suite 'CaloriePillViewModelTests' started at 2026-05-15 06:34:37.490.
Test Case '-[Yoga_of_EatingTests.CaloriePillViewModelTests test_calorieDetailData_perMealBreakdown_matchesMeals]' started.
2026-05-15 06:34:37.490745+0530 Yoga of Eating[16063:129054] [[FirebaseCore]] 12.7.0 - [FirebaseCore][I-COR000003] The default Firebase app has not yet been configured. Add `FirebaseApp.configure()` to your application initialization. This can be done in in the App Delegate's application(_:didFinishLaunchingWithOptions:)` (or the `@main` struct's initializer in SwiftUI). Read more: https://firebase.google.com/docs/ios/setup#initialize_firebase_in_your_app
2026-05-15 06:34:37.490860+0530 Yoga of Eating[16063:129054] [[FirebaseCore]] 12.7.0 - [FirebaseCore][I-COR000003] The default Firebase app has not yet been configured. Add `FirebaseApp.configure()` to your application initialization. This can be done in in the App Delegate's application(_:didFinishLaunchingWithOptions:)` (or the `@main` struct's initializer in SwiftUI). Read more: https://firebase.google.com/docs/ios/setup#initialize_firebase_in_your_app
Test Case '-[Yoga_of_EatingTests.CaloriePillViewModelTests test_calorieDetailData_perMealBreakdown_matchesMeals]' passed (0.001 seconds).
Test Case '-[Yoga_of_EatingTests.CaloriePillViewModelTests test_calorieDetailData_remainingCalories_nilWhenNoProfile]' started.
2026-05-15 06:34:37.491585+0530 Yoga of Eating[16063:129054] [[FirebaseCore]] 12.7.0 - [FirebaseCore][I-COR000003] The default Firebase app has not yet been configured. Add `FirebaseApp.configure()` to your application initialization. This can be done in in the App Delegate's application(_:didFinishLaunchingWithOptions:)` (or the `@main` struct's initializer in SwiftUI). Read more: https://firebase.google.com/docs/ios/setup#initialize_firebase_in_your_app
2026-05-15 06:34:37.491642+0530 Yoga of Eating[16063:129054] [[FirebaseCore]] 12.7.0 - [FirebaseCore][I-COR000003] The default Firebase app has not yet been configured. Add `FirebaseApp.configure()` to your application initialization. This can be done in in the App Delegate's application(_:didFinishLaunchingWithOptions:)` (or the `@main` struct's initializer in SwiftUI). Read more: https://firebase.google.com/docs/ios/setup#initialize_firebase_in_your_app
Test Case '-[Yoga_of_EatingTests.CaloriePillViewModelTests test_calorieDetailData_remainingCalories_nilWhenNoProfile]' passed (0.001 seconds).
Test Case '-[Yoga_of_EatingTests.CaloriePillViewModelTests test_caloriePillData_isNonOptional]' started.
2026-05-15 06:34:37.492321+0530 Yoga of Eating[16063:129054] [[FirebaseCore]] 12.7.0 - [FirebaseCore][I-COR000003] The default Firebase app has not yet been configured. Add `FirebaseApp.configure()` to your application initialization. This can be done in in the App Delegate's application(_:didFinishLaunchingWithOptions:)` (or the `@main` struct's initializer in SwiftUI). Read more: https://firebase.google.com/docs/ios/setup#initialize_firebase_in_your_app
2026-05-15 06:34:37.492386+0530 Yoga of Eating[16063:129054] [[FirebaseCore]] 12.7.0 - [FirebaseCore][I-COR000003] The default Firebase app has not yet been configured. Add `FirebaseApp.configure()` to your application initialization. This can be done in in the App Delegate's application(_:didFinishLaunchingWithOptions:)` (or the `@main` struct's initializer in SwiftUI). Read more: https://firebase.google.com/docs/ios/setup#initialize_firebase_in_your_app
Test Case '-[Yoga_of_EatingTests.CaloriePillViewModelTests test_caloriePillData_isNonOptional]' passed (0.004 seconds).
Test Case '-[Yoga_of_EatingTests.CaloriePillViewModelTests test_caloriePillData_noProfile_noMeals_returnsNilData]' started.
2026-05-15 06:34:37.496156+0530 Yoga of Eating[16063:129042] [[FirebaseCore]] 12.7.0 - [FirebaseCore][I-COR000003] The default Firebase app has not yet been configured. Add `FirebaseApp.configure()` to your application initialization. This can be done in in the App Delegate's application(_:didFinishLaunchingWithOptions:)` (or the `@main` struct's initializer in SwiftUI). Read more: https://firebase.google.com/docs/ios/setup#initialize_firebase_in_your_app
2026-05-15 06:34:37.496219+0530 Yoga of Eating[16063:129042] [[FirebaseCore]] 12.7.0 - [FirebaseCore][I-COR000003] The default Firebase app has not yet been configured. Add `FirebaseApp.configure()` to your application initialization. This can be done in in the App Delegate's application(_:didFinishLaunchingWithOptions:)` (or the `@main` struct's initializer in SwiftUI). Read more: https://firebase.google.com/docs/ios/setup#initialize_firebase_in_your_app
Test Case '-[Yoga_of_EatingTests.CaloriePillViewModelTests test_caloriePillData_noProfile_noMeals_returnsNilData]' passed (0.001 seconds).
Test Case '-[Yoga_of_EatingTests.CaloriePillViewModelTests test_caloriePillData_noProfile_withMeals_showsConsumedOnlyNilTDEE]' started.
2026-05-15 06:34:37.496811+0530 Yoga of Eating[16063:129042] [[FirebaseCore]] 12.7.0 - [FirebaseCore][I-COR000003] The default Firebase app has not yet been configured. Add `FirebaseApp.configure()` to your application initialization. This can be done in in the App Delegate's application(_:didFinishLaunchingWithOptions:)` (or the `@main` struct's initializer in SwiftUI). Read more: https://firebase.google.com/docs/ios/setup#initialize_firebase_in_your_app
Test Case '-[Yoga_of_EatingTests.CaloriePillViewModelTests test_caloriePillData_noProfile_withMeals_showsConsumedOnlyNilTDEE]' passed (0.000 seconds).
2026-05-15 06:34:37.496961+0530 Yoga of Eating[16063:129042] [[FirebaseCore]] 12.7.0 - [FirebaseCore][I-COR000003] The default Firebase app has not yet been configured. Add `FirebaseApp.configure()` to your application initialization. This can be done in in the App Delegate's application(_:didFinishLaunchingWithOptions:)` (or the `@main` struct's initializer in SwiftUI). Read more: https://firebase.google.com/docs/ios/setup#initialize_firebase_in_your_app
Test Case '-[Yoga_of_EatingTests.CaloriePillViewModelTests test_caloriePillData_tdeeFallback_profileStaticTDEEWhenNoHealthKit]' started.
2026-05-15 06:34:37.497473+0530 Yoga of Eating[16063:129053] [[FirebaseCore]] 12.7.0 - [FirebaseCore][I-COR000003] The default Firebase app has not yet been configured. Add `FirebaseApp.configure()` to your application initialization. This can be done in in the App Delegate's application(_:didFinishLaunchingWithOptions:)` (or the `@main` struct's initializer in SwiftUI). Read more: https://firebase.google.com/docs/ios/setup#initialize_firebase_in_your_app
Test Case '-[Yoga_of_EatingTests.CaloriePillViewModelTests test_caloriePillData_tdeeFallback_profileStaticTDEEWhenNoHealthKit]' passed (0.001 seconds).
2026-05-15 06:34:37.497640+0530 Yoga of Eating[16063:129053] [[FirebaseCore]] 12.7.0 - [FirebaseCore][I-COR000003] The default Firebase app has not yet been configured. Add `FirebaseApp.configure()` to your application initialization. This can be done in in the App Delegate's application(_:didFinishLaunchingWithOptions:)` (or the `@main` struct's initializer in SwiftUI). Read more: https://firebase.google.com/docs/ios/setup#initialize_firebase_in_your_app
Test Case '-[Yoga_of_EatingTests.CaloriePillViewModelTests test_caloriePillData_tdeeFromHealthKit_basalPlusActive]' started.
2026-05-15 06:34:37.498259+0530 Yoga of Eating[16063:129053] [[FirebaseCore]] 12.7.0 - [FirebaseCore][I-COR000003] The default Firebase app has not yet been configured. Add `FirebaseApp.configure()` to your application initialization. This can be done in in the App Delegate's application(_:didFinishLaunchingWithOptions:)` (or the `@main` struct's initializer in SwiftUI). Read more: https://firebase.google.com/docs/ios/setup#initialize_firebase_in_your_app
2026-05-15 06:34:37.498329+0530 Yoga of Eating[16063:129053] [[FirebaseCore]] 12.7.0 - [FirebaseCore][I-COR000003] The default Firebase app has not yet been configured. Add `FirebaseApp.configure()` to your application initialization. This can be done in in the App Delegate's application(_:didFinishLaunchingWithOptions:)` (or the `@main` struct's initializer in SwiftUI). Read more: https://firebase.google.com/docs/ios/setup#initialize_firebase_in_your_app
Test Case '-[Yoga_of_EatingTests.CaloriePillViewModelTests test_caloriePillData_tdeeFromHealthKit_basalPlusActive]' passed (0.001 seconds).
Test Case '-[Yoga_of_EatingTests.CaloriePillViewModelTests test_caloriePillData_tdeeHybrid_profileBMRPlusActiveWhenBasalMissing]' started.
2026-05-15 06:34:37.499122+0530 Yoga of Eating[16063:129053] [[FirebaseCore]] 12.7.0 - [FirebaseCore][I-COR000003] The default Firebase app has not yet been configured. Add `FirebaseApp.configure()` to your application initialization. This can be done in in the App Delegate's application(_:didFinishLaunchingWithOptions:)` (or the `@main` struct's initializer in SwiftUI). Read more: https://firebase.google.com/docs/ios/setup#initialize_firebase_in_your_app
2026-05-15 06:34:37.499197+0530 Yoga of Eating[16063:129053] [[FirebaseCore]] 12.7.0 - [FirebaseCore][I-COR000003] The default Firebase app has not yet been configured. Add `FirebaseApp.configure()` to your application initialization. This can be done in in the App Delegate's application(_:didFinishLaunchingWithOptions:)` (or the `@main` struct's initializer in SwiftUI). Read more: https://firebase.google.com/docs/ios/setup#initialize_firebase_in_your_app
Test Case '-[Yoga_of_EatingTests.CaloriePillViewModelTests test_caloriePillData_tdeeHybrid_profileBMRPlusActiveWhenBasalMissing]' passed (0.001 seconds).
Test Case '-[Yoga_of_EatingTests.CaloriePillViewModelTests test_caloriePillData_tdeeNil_whenNoProfileAndNoHealthKit]' started.
2026-05-15 06:34:37.499835+0530 Yoga of Eating[16063:129054] [[FirebaseCore]] 12.7.0 - [FirebaseCore][I-COR000003] The default Firebase app has not yet been configured. Add `FirebaseApp.configure()` to your application initialization. This can be done in in the App Delegate's application(_:didFinishLaunchingWithOptions:)` (or the `@main` struct's initializer in SwiftUI). Read more: https://firebase.google.com/docs/ios/setup#initialize_firebase_in_your_app
2026-05-15 06:34:37.499886+0530 Yoga of Eating[16063:129054] [[FirebaseCore]] 12.7.0 - [FirebaseCore][I-COR000003] The default Firebase app has not yet been configured. Add `FirebaseApp.configure()` to your application initialization. This can be done in in the App Delegate's application(_:didFinishLaunchingWithOptions:)` (or the `@main` struct's initializer in SwiftUI). Read more: https://firebase.google.com/docs/ios/setup#initialize_firebase_in_your_app
Test Case '-[Yoga_of_EatingTests.CaloriePillViewModelTests test_caloriePillData_tdeeNil_whenNoProfileAndNoHealthKit]' passed (0.001 seconds).
Test Case '-[Yoga_of_EatingTests.CaloriePillViewModelTests test_caloriePillData_tdeeRoundedToInt]' started.
2026-05-15 06:34:37.500523+0530 Yoga of Eating[16063:129047] [[FirebaseCore]] 12.7.0 - [FirebaseCore][I-COR000003] The default Firebase app has not yet been configured. Add `FirebaseApp.configure()` to your application initialization. This can be done in in the App Delegate's application(_:didFinishLaunchingWithOptions:)` (or the `@main` struct's initializer in SwiftUI). Read more: https://firebase.google.com/docs/ios/setup#initialize_firebase_in_your_app
2026-05-15 06:34:37.500566+0530 Yoga of Eating[16063:129047] [[FirebaseCore]] 12.7.0 - [FirebaseCore][I-COR000003] The default Firebase app has not yet been configured. Add `FirebaseApp.configure()` to your application initialization. This can be done in in the App Delegate's application(_:didFinishLaunchingWithOptions:)` (or the `@main` struct's initializer in SwiftUI). Read more: https://firebase.google.com/docs/ios/setup#initialize_firebase_in_your_app
Test Case '-[Yoga_of_EatingTests.CaloriePillViewModelTests test_caloriePillData_tdeeRoundedToInt]' passed (0.000 seconds).
Test Case '-[Yoga_of_EatingTests.CaloriePillViewModelTests test_caloriePillData_withProfile_ignoresNilCalorieMeals]' started.
2026-05-15 06:34:37.501076+0530 Yoga of Eating[16063:129047] [[FirebaseCore]] 12.7.0 - [FirebaseCore][I-COR000003] The default Firebase app has not yet been configured. Add `FirebaseApp.configure()` to your application initialization. This can be done in in the App Delegate's application(_:didFinishLaunchingWithOptions:)` (or the `@main` struct's initializer in SwiftUI). Read more: https://firebase.google.com/docs/ios/setup#initialize_firebase_in_your_app
Test Case '-[Yoga_of_EatingTests.CaloriePillViewModelTests test_caloriePillData_withProfile_ignoresNilCalorieMeals]' passed (0.000 seconds).
2026-05-15 06:34:37.501127+0530 Yoga of Eating[16063:129047] [[FirebaseCore]] 12.7.0 - [FirebaseCore][I-COR000003] The default Firebase app has not yet been configured. Add `FirebaseApp.configure()` to your application initialization. This can be done in in the App Delegate's application(_:didFinishLaunchingWithOptions:)` (or the `@main` struct's initializer in SwiftUI). Read more: https://firebase.google.com/docs/ios/setup#initialize_firebase_in_your_app
Test Case '-[Yoga_of_EatingTests.CaloriePillViewModelTests test_caloriePillData_withProfile_noMeals_showsZeroConsumedWithTDEE]' started.
2026-05-15 06:34:37.501684+0530 Yoga of Eating[16063:129054] [[FirebaseCore]] 12.7.0 - [FirebaseCore][I-COR000003] The default Firebase app has not yet been configured. Add `FirebaseApp.configure()` to your application initialization. This can be done in in the App Delegate's application(_:didFinishLaunchingWithOptions:)` (or the `@main` struct's initializer in SwiftUI). Read more: https://firebase.google.com/docs/ios/setup#initialize_firebase_in_your_app
2026-05-15 06:34:37.501744+0530 Yoga of Eating[16063:129054] [[FirebaseCore]] 12.7.0 - [FirebaseCore][I-COR000003] The default Firebase app has not yet been configured. Add `FirebaseApp.configure()` to your application initialization. This can be done in in the App Delegate's application(_:didFinishLaunchingWithOptions:)` (or the `@main` struct's initializer in SwiftUI). Read more: https://firebase.google.com/docs/ios/setup#initialize_firebase_in_your_app
Test Case '-[Yoga_of_EatingTests.CaloriePillViewModelTests test_caloriePillData_withProfile_noMeals_showsZeroConsumedWithTDEE]' passed (0.000 seconds).
Test Case '-[Yoga_of_EatingTests.CaloriePillViewModelTests test_caloriePillData_withProfile_withMeals_sumsMealCalories]' started.
2026-05-15 06:34:37.502342+0530 Yoga of Eating[16063:129054] [[FirebaseCore]] 12.7.0 - [FirebaseCore][I-COR000003] The default Firebase app has not yet been configured. Add `FirebaseApp.configure()` to your application initialization. This can be done in in the App Delegate's application(_:didFinishLaunchingWithOptions:)` (or the `@main` struct's initializer in SwiftUI). Read more: https://firebase.google.com/docs/ios/setup#initialize_firebase_in_your_app
2026-05-15 06:34:37.502391+0530 Yoga of Eating[16063:129054] [[FirebaseCore]] 12.7.0 - [FirebaseCore][I-COR000003] The default Firebase app has not yet been configured. Add `FirebaseApp.configure()` to your application initialization. This can be done in in the App Delegate's application(_:didFinishLaunchingWithOptions:)` (or the `@main` struct's initializer in SwiftUI). Read more: https://firebase.google.com/docs/ios/setup#initialize_firebase_in_your_app
Test Case '-[Yoga_of_EatingTests.CaloriePillViewModelTests test_caloriePillData_withProfile_withMeals_sumsMealCalories]' passed (0.000 seconds).
Test Case '-[Yoga_of_EatingTests.CaloriePillViewModelTests test_historicalCaloriePillData_noProfile_snapshotWithCalories_tdeeIsNil]' started.
2026-05-15 06:34:37.502943+0530 Yoga of Eating[16063:129050] [[FirebaseCore]] 12.7.0 - [FirebaseCore][I-COR000003] The default Firebase app has not yet been configured. Add `FirebaseApp.configure()` to your application initialization. This can be done in in the App Delegate's application(_:didFinishLaunchingWithOptions:)` (or the `@main` struct's initializer in SwiftUI). Read more: https://firebase.google.com/docs/ios/setup#initialize_firebase_in_your_app
2026-05-15 06:34:37.502986+0530 Yoga of Eating[16063:129050] [[FirebaseCore]] 12.7.0 - [FirebaseCore][I-COR000003] The default Firebase app has not yet been configured. Add `FirebaseApp.configure()` to your application initialization. This can be done in in the App Delegate's application(_:didFinishLaunchingWithOptions:)` (or the `@main` struct's initializer in SwiftUI). Read more: https://firebase.google.com/docs/ios/setup#initialize_firebase_in_your_app
Test Case '-[Yoga_of_EatingTests.CaloriePillViewModelTests test_historicalCaloriePillData_noProfile_snapshotWithCalories_tdeeIsNil]' passed (0.001 seconds).
Test Case '-[Yoga_of_EatingTests.CaloriePillViewModelTests test_historicalCaloriePillData_noSnapshot_returnsNil]' started.
2026-05-15 06:34:37.503533+0530 Yoga of Eating[16063:129050] [[FirebaseCore]] 12.7.0 - [FirebaseCore][I-COR000003] The default Firebase app has not yet been configured. Add `FirebaseApp.configure()` to your application initialization. This can be done in in the App Delegate's application(_:didFinishLaunchingWithOptions:)` (or the `@main` struct's initializer in SwiftUI). Read more: https://firebase.google.com/docs/ios/setup#initialize_firebase_in_your_app
Test Case '-[Yoga_of_EatingTests.CaloriePillViewModelTests test_historicalCaloriePillData_noSnapshot_returnsNil]' passed (0.000 seconds).
2026-05-15 06:34:37.503595+0530 Yoga of Eating[16063:129050] [[FirebaseCore]] 12.7.0 - [FirebaseCore][I-COR000003] The default Firebase app has not yet been configured. Add `FirebaseApp.configure()` to your application initialization. This can be done in in the App Delegate's application(_:didFinishLaunchingWithOptions:)` (or the `@main` struct's initializer in SwiftUI). Read more: https://firebase.google.com/docs/ios/setup#initialize_firebase_in_your_app
Test Case '-[Yoga_of_EatingTests.CaloriePillViewModelTests test_historicalCaloriePillData_snapshotWithCalories_returnsData]' started.
2026-05-15 06:34:37.504078+0530 Yoga of Eating[16063:129055] [[FirebaseCore]] 12.7.0 - [FirebaseCore][I-COR000003] The default Firebase app has not yet been configured. Add `FirebaseApp.configure()` to your application initialization. This can be done in in the App Delegate's application(_:didFinishLaunchingWithOptions:)` (or the `@main` struct's initializer in SwiftUI). Read more: https://firebase.google.com/docs/ios/setup#initialize_firebase_in_your_app
Test Case '-[Yoga_of_EatingTests.CaloriePillViewModelTests test_historicalCaloriePillData_snapshotWithCalories_returnsData]' passed (0.000 seconds).
2026-05-15 06:34:37.504126+0530 Yoga of Eating[16063:129055] [[FirebaseCore]] 12.7.0 - [FirebaseCore][I-COR000003] The default Firebase app has not yet been configured. Add `FirebaseApp.configure()` to your application initialization. This can be done in in the App Delegate's application(_:didFinishLaunchingWithOptions:)` (or the `@main` struct's initializer in SwiftUI). Read more: https://firebase.google.com/docs/ios/setup#initialize_firebase_in_your_app
Test Case '-[Yoga_of_EatingTests.CaloriePillViewModelTests test_historicalCaloriePillData_snapshotWithNoCalories_returnsNil]' started.
2026-05-15 06:34:37.504567+0530 Yoga of Eating[16063:129047] [[FirebaseCore]] 12.7.0 - [FirebaseCore][I-COR000003] The default Firebase app has not yet been configured. Add `FirebaseApp.configure()` to your application initialization. This can be done in in the App Delegate's application(_:didFinishLaunchingWithOptions:)` (or the `@main` struct's initializer in SwiftUI). Read more: https://firebase.google.com/docs/ios/setup#initialize_firebase_in_your_app
Test Case '-[Yoga_of_EatingTests.CaloriePillViewModelTests test_historicalCaloriePillData_snapshotWithNoCalories_returnsNil]' passed (0.000 seconds).
2026-05-15 06:34:37.504634+0530 Yoga of Eating[16063:129047] [[FirebaseCore]] 12.7.0 - [FirebaseCore][I-COR000003] The default Firebase app has not yet been configured. Add `FirebaseApp.configure()` to your application initialization. This can be done in in the App Delegate's application(_:didFinishLaunchingWithOptions:)` (or the `@main` struct's initializer in SwiftUI). Read more: https://firebase.google.com/docs/ios/setup#initialize_firebase_in_your_app
Test Case '-[Yoga_of_EatingTests.CaloriePillViewModelTests test_integration_mealAnalyzed_pillDataUpdates]' started.
2026-05-15 06:34:37.505146+0530 Yoga of Eating[16063:129047] [[FirebaseCore]] 12.7.0 - [FirebaseCore][I-COR000003] The default Firebase app has not yet been configured. Add `FirebaseApp.configure()` to your application initialization. This can be done in in the App Delegate's application(_:didFinishLaunchingWithOptions:)` (or the `@main` struct's initializer in SwiftUI). Read more: https://firebase.google.com/docs/ios/setup#initialize_firebase_in_your_app
2026-05-15 06:34:37.505192+0530 Yoga of Eating[16063:129047] [[FirebaseCore]] 12.7.0 - [FirebaseCore][I-COR000003] The default Firebase app has not yet been configured. Add `FirebaseApp.configure()` to your application initialization. This can be done in in the App Delegate's application(_:didFinishLaunchingWithOptions:)` (or the `@main` struct's initializer in SwiftUI). Read more: https://firebase.google.com/docs/ios/setup#initialize_firebase_in_your_app
Test Case '-[Yoga_of_EatingTests.CaloriePillViewModelTests test_integration_mealAnalyzed_pillDataUpdates]' passed (0.000 seconds).
Test Case '-[Yoga_of_EatingTests.CaloriePillViewModelTests test_integration_snapshotPreservesTotalCalories]' started.
2026-05-15 06:34:37.505715+0530 Yoga of Eating[16063:129047] [[FirebaseCore]] 12.7.0 - [FirebaseCore][I-COR000003] The default Firebase app has not yet been configured. Add `FirebaseApp.configure()` to your application initialization. This can be done in in the App Delegate's application(_:didFinishLaunchingWithOptions:)` (or the `@main` struct's initializer in SwiftUI). Read more: https://firebase.google.com/docs/ios/setup#initialize_firebase_in_your_app
2026-05-15 06:34:37.505766+0530 Yoga of Eating[16063:129047] [[FirebaseCore]] 12.7.0 - [FirebaseCore][I-COR000003] The default Firebase app has not yet been configured. Add `FirebaseApp.configure()` to your application initialization. This can be done in in the App Delegate's application(_:didFinishLaunchingWithOptions:)` (or the `@main` struct's initializer in SwiftUI). Read more: https://firebase.google.com/docs/ios/setup#initialize_firebase_in_your_app
Test Case '-[Yoga_of_EatingTests.CaloriePillViewModelTests test_integration_snapshotPreservesTotalCalories]' passed (0.000 seconds).
Test Case '-[Yoga_of_EatingTests.CaloriePillViewModelTests test_loadData_callsActivityDataRefresh]' started.
2026-05-15 06:34:37.506465+0530 Yoga of Eating[16063:129042] [[FirebaseCore]] 12.7.0 - [FirebaseCore][I-COR000003] The default Firebase app has not yet been configured. Add `FirebaseApp.configure()` to your application initialization. This can be done in in the App Delegate's application(_:didFinishLaunchingWithOptions:)` (or the `@main` struct's initializer in SwiftUI). Read more: https://firebase.google.com/docs/ios/setup#initialize_firebase_in_your_app
2026-05-15 06:34:37.506534+0530 Yoga of Eating[16063:129042] [[FirebaseCore]] 12.7.0 - [FirebaseCore][I-COR000003] The default Firebase app has not yet been configured. Add `FirebaseApp.configure()` to your application initialization. This can be done in in the App Delegate's application(_:didFinishLaunchingWithOptions:)` (or the `@main` struct's initializer in SwiftUI). Read more: https://firebase.google.com/docs/ios/setup#initialize_firebase_in_your_app
Test Case '-[Yoga_of_EatingTests.CaloriePillViewModelTests test_loadData_callsActivityDataRefresh]' passed (0.002 seconds).
Test Case '-[Yoga_of_EatingTests.CaloriePillViewModelTests test_mainViewModel_loadTodayActivityData_updatesPublishedProperties]' started.
2026-05-15 06:34:37.508508+0530 Yoga of Eating[16063:129054] [[FirebaseCore]] 12.7.0 - [FirebaseCore][I-COR000003] The default Firebase app has not yet been configured. Add `FirebaseApp.configure()` to your application initialization. This can be done in in the App Delegate's application(_:didFinishLaunchingWithOptions:)` (or the `@main` struct's initializer in SwiftUI). Read more: https://firebase.google.com/docs/ios/setup#initialize_firebase_in_your_app
2026-05-15 06:34:37.508556+0530 Yoga of Eating[16063:129054] [[FirebaseCore]] 12.7.0 - [FirebaseCore][I-COR000003] The default Firebase app has not yet been configured. Add `FirebaseApp.configure()` to your application initialization. This can be done in in the App Delegate's application(_:didFinishLaunchingWithOptions:)` (or the `@main` struct's initializer in SwiftUI). Read more: https://firebase.google.com/docs/ios/setup#initialize_firebase_in_your_app
Test Case '-[Yoga_of_EatingTests.CaloriePillViewModelTests test_mainViewModel_loadTodayActivityData_updatesPublishedProperties]' passed (0.001 seconds).
Test Case '-[Yoga_of_EatingTests.CaloriePillViewModelTests test_refreshActivityDataIfNeeded_cooldown_doesNotRefetchWithinWindow]' started.
2026-05-15 06:34:37.509208+0530 Yoga of Eating[16063:129042] [[FirebaseCore]] 12.7.0 - [FirebaseCore][I-COR000003] The default Firebase app has not yet been configured. Add `FirebaseApp.configure()` to your application initialization. This can be done in in the App Delegate's application(_:didFinishLaunchingWithOptions:)` (or the `@main` struct's initializer in SwiftUI). Read more: https://firebase.google.com/docs/ios/setup#initialize_firebase_in_your_app
2026-05-15 06:34:37.509265+0530 Yoga of Eating[16063:129042] [[FirebaseCore]] 12.7.0 - [FirebaseCore][I-COR000003] The default Firebase app has not yet been configured. Add `FirebaseApp.configure()` to your application initialization. This can be done in in the App Delegate's application(_:didFinishLaunchingWithOptions:)` (or the `@main` struct's initializer in SwiftUI). Read more: https://firebase.google.com/docs/ios/setup#initialize_firebase_in_your_app
Test Case '-[Yoga_of_EatingTests.CaloriePillViewModelTests test_refreshActivityDataIfNeeded_cooldown_doesNotRefetchWithinWindow]' passed (0.001 seconds).
Test Case '-[Yoga_of_EatingTests.CaloriePillViewModelTests test_refreshActivityDataIfNeeded_setsLastFetchDate_onFirstCall]' started.
2026-05-15 06:34:37.509916+0530 Yoga of Eating[16063:129042] [[FirebaseCore]] 12.7.0 - [FirebaseCore][I-COR000003] The default Firebase app has not yet been configured. Add `FirebaseApp.configure()` to your application initialization. This can be done in in the App Delegate's application(_:didFinishLaunchingWithOptions:)` (or the `@main` struct's initializer in SwiftUI). Read more: https://firebase.google.com/docs/ios/setup#initialize_firebase_in_your_app
2026-05-15 06:34:37.509960+0530 Yoga of Eating[16063:129042] [[FirebaseCore]] 12.7.0 - [FirebaseCore][I-COR000003] The default Firebase app has not yet been configured. Add `FirebaseApp.configure()` to your application initialization. This can be done in in the App Delegate's application(_:didFinishLaunchingWithOptions:)` (or the `@main` struct's initializer in SwiftUI). Read more: https://firebase.google.com/docs/ios/setup#initialize_firebase_in_your_app
Test Case '-[Yoga_of_EatingTests.CaloriePillViewModelTests test_refreshActivityDataIfNeeded_setsLastFetchDate_onFirstCall]' passed (0.000 seconds).
Test Suite 'CaloriePillViewModelTests' passed at 2026-05-15 06:34:37.510.
	 Executed 23 tests, with 0 failures (0 unexpected) in 0.017 (0.020) seconds
Test Suite 'CaloriePillWidthTests' started at 2026-05-15 06:34:37.510.
Test Case '-[Yoga_of_EatingTests.CaloriePillWidthTests test_caloriePillMaxWidth_isDefinedAndReasonable]' started.
Test Case '-[Yoga_of_EatingTests.CaloriePillWidthTests test_caloriePillMaxWidth_isDefinedAndReasonable]' passed (0.000 seconds).
Test Suite 'CaloriePillWidthTests' passed at 2026-05-15 06:34:37.511.
	 Executed 1 test, with 0 failures (0 unexpected) in 0.000 (0.001) seconds
Test Suite 'ClockSkewTests' started at 2026-05-15 06:34:37.511.
Test Case '-[Yoga_of_EatingTests.ClockSkewTests test_sync_whenLastSyncDateIsInFuture_performsFullSync]' started.
2026-05-15 06:34:37.511365+0530 Yoga of Eating[16063:129026] [HistoricalSync] Full sync: 3 snapshots
2026-05-15 06:34:37.511435+0530 Yoga of Eating[16063:129026] [HistoricalSync] Sync completed at 2026-05-15 01:04:37 +0000
Test Case '-[Yoga_of_EatingTests.ClockSkewTests test_sync_whenLastSyncDateIsInFuture_performsFullSync]' passed (0.001 seconds).
Test Case '-[Yoga_of_EatingTests.ClockSkewTests test_sync_whenLastSyncDateIsInPast_performsDeltaSync]' started.
2026-05-15 06:34:37.512172+0530 Yoga of Eating[16063:129026] [HistoricalSync] Delta sync: 1 snapshots since 2026-05-14 01:04:37 +0000
2026-05-15 06:34:37.512209+0530 Yoga of Eating[16063:129026] [HistoricalSync] Sync completed at 2026-05-15 01:04:37 +0000
Test Case '-[Yoga_of_EatingTests.ClockSkewTests test_sync_whenLastSyncDateIsInPast_performsDeltaSync]' passed (0.001 seconds).
Test Suite 'ClockSkewTests' passed at 2026-05-15 06:34:37.513.
	 Executed 2 tests, with 0 failures (0 unexpected) in 0.001 (0.002) seconds
Test Suite 'CollectionExtensionTests' started at 2026-05-15 06:34:37.513.
Test Case '-[Yoga_of_EatingTests.CollectionExtensionTests test_average_emptyCollection_returnsNil]' started.
Test Case '-[Yoga_of_EatingTests.CollectionExtensionTests test_average_emptyCollection_returnsNil]' passed (0.000 seconds).
Test Case '-[Yoga_of_EatingTests.CollectionExtensionTests test_average_multipleElements_returnsCorrectMean]' started.
Test Case '-[Yoga_of_EatingTests.CollectionExtensionTests test_average_multipleElements_returnsCorrectMean]' passed (0.000 seconds).
Test Case '-[Yoga_of_EatingTests.CollectionExtensionTests test_average_singleElement_returnsElement]' started.
Test Case '-[Yoga_of_EatingTests.CollectionExtensionTests test_average_singleElement_returnsElement]' passed (0.000 seconds).
Test Suite 'CollectionExtensionTests' passed at 2026-05-15 06:34:37.514.
	 Executed 3 tests, with 0 failures (0 unexpected) in 0.001 (0.001) seconds
Test Suite 'ConcurrencyFlagTests' started at 2026-05-15 06:34:37.514.
Test Case '-[Yoga_of_EatingTests.ConcurrencyFlagTests test_isRestoreInProgress_isFalseInitially]' started.
Test Case '-[Yoga_of_EatingTests.ConcurrencyFlagTests test_isRestoreInProgress_isFalseInitially]' passed (0.000 seconds).
Test Case '-[Yoga_of_EatingTests.ConcurrencyFlagTests test_isSyncInProgress_isFalseInitially]' started.
Test Case '-[Yoga_of_EatingTests.ConcurrencyFlagTests test_isSyncInProgress_isFalseInitially]' passed (0.000 seconds).
Test Case '-[Yoga_of_EatingTests.ConcurrencyFlagTests test_restoreFromFirebase_clearsFlag_onFailure]' started.
2026-05-15 06:34:37.517058+0530 Yoga of Eating[16063:129026] [HistoricalSync] Attempt 1/3 failed: Fetch failed. Retrying.
2026-05-15 06:34:38.526710+0530 Yoga of Eating[16063:129026] [HistoricalSync] Attempt 2/3 failed: Fetch failed. Retrying.
2026-05-15 06:34:39.537695+0530 Yoga of Eating[16063:129026] [HistoricalSync] Operation failed after 3 attempts
Test Case '-[Yoga_of_EatingTests.ConcurrencyFlagTests test_restoreFromFirebase_clearsFlag_onFailure]' passed (2.024 seconds).
Test Case '-[Yoga_of_EatingTests.ConcurrencyFlagTests test_restoreFromFirebase_clearsFlag_onSuccess]' started.
2026-05-15 06:34:39.541203+0530 Yoga of Eating[16063:129026] [HistoricalSync] Restore: fetched 1 snapshots for user
Test Case '-[Yoga_of_EatingTests.ConcurrencyFlagTests test_restoreFromFirebase_clearsFlag_onSuccess]' passed (0.002 seconds).
Test Case '-[Yoga_of_EatingTests.ConcurrencyFlagTests test_restoreFromFirebase_whenAlreadyInProgress_isNoOp]' started.
2026-05-15 06:34:39.745871+0530 Yoga of Eating[16063:129026] [HistoricalSync] Restore: fetched 0 snapshots for user
Test Case '-[Yoga_of_EatingTests.ConcurrencyFlagTests test_restoreFromFirebase_whenAlreadyInProgress_isNoOp]' passed (0.204 seconds).
Test Case '-[Yoga_of_EatingTests.ConcurrencyFlagTests test_syncToFirebase_whenRestoreInProgress_doesNotUpload]' started.
2026-05-15 06:34:39.950095+0530 Yoga of Eating[16063:129026] [HistoricalSync] Restore: fetched 0 snapshots for user
Test Case '-[Yoga_of_EatingTests.ConcurrencyFlagTests test_syncToFirebase_whenRestoreInProgress_doesNotUpload]' passed (0.203 seconds).
Test Suite 'ConcurrencyFlagTests' passed at 2026-05-15 06:34:39.951.
	 Executed 6 tests, with 0 failures (0 unexpected) in 2.434 (2.437) seconds
Test Suite 'ConcurrencyTests' started at 2026-05-15 06:34:39.951.
Test Case '-[Yoga_of_EatingTests.ConcurrencyTests test_insightTask_isCancelledBeforeCompletion_withSlowLifecycleService]' started.
2026-05-15 06:34:39.951323+0530 Yoga of Eating[16063:129042] [[FirebaseCore]] 12.7.0 - [FirebaseCore][I-COR000003] The default Firebase app has not yet been configured. Add `FirebaseApp.configure()` to your application initialization. This can be done in in the App Delegate's application(_:didFinishLaunchingWithOptions:)` (or the `@main` struct's initializer in SwiftUI). Read more: https://firebase.google.com/docs/ios/setup#initialize_firebase_in_your_app
Test Case '-[Yoga_of_EatingTests.ConcurrencyTests test_insightTask_isCancelledBeforeCompletion_withSlowLifecycleService]' passed (0.001 seconds).
Test Case '-[Yoga_of_EatingTests.ConcurrencyTests test_insightTask_isCancelledOnRequest]' started.
2026-05-15 06:34:39.952375+0530 Yoga of Eating[16063:129047] [[FirebaseCore]] 12.7.0 - [FirebaseCore][I-COR000003] The default Firebase app has not yet been configured. Add `FirebaseApp.configure()` to your application initialization. This can be done in in the App Delegate's application(_:didFinishLaunchingWithOptions:)` (or the `@main` struct's initializer in SwiftUI). Read more: https://firebase.google.com/docs/ios/setup#initialize_firebase_in_your_app
Test Case '-[Yoga_of_EatingTests.ConcurrencyTests test_insightTask_isCancelledOnRequest]' passed (0.001 seconds).
2026-05-15 06:34:39.952621+0530 Yoga of Eating[16063:129047] [[FirebaseCore]] 12.7.0 - [FirebaseCore][I-COR000003] The default Firebase app has not yet been configured. Add `FirebaseApp.configure()` to your application initialization. This can be done in in the App Delegate's application(_:didFinishLaunchingWithOptions:)` (or the `@main` struct's initializer in SwiftUI). Read more: https://firebase.google.com/docs/ios/setup#initialize_firebase_in_your_app
Test Case '-[Yoga_of_EatingTests.ConcurrencyTests test_insightTask_isStoredDuringGeneration]' started.
2026-05-15 06:34:39.953307+0530 Yoga of Eating[16063:129026] [Reflection] Failed to fetch HealthKit sleep data: Authorization not determined
2026-05-15 06:34:39.953545+0530 Yoga of Eating[16063:129047] [[FirebaseCore]] 12.7.0 - [FirebaseCore][I-COR000003] The default Firebase app has not yet been configured. Add `FirebaseApp.configure()` to your application initialization. This can be done in in the App Delegate's application(_:didFinishLaunchingWithOptions:)` (or the `@main` struct's initializer in SwiftUI). Read more: https://firebase.google.com/docs/ios/setup#initialize_firebase_in_your_app
2026-05-15 06:34:39.953626+0530 Yoga of Eating[16063:129047] [[FirebaseCore]] 12.7.0 - [FirebaseCore][I-COR000003] The default Firebase app has not yet been configured. Add `FirebaseApp.configure()` to your application initialization. This can be done in in the App Delegate's application(_:didFinishLaunchingWithOptions:)` (or the `@main` struct's initializer in SwiftUI). Read more: https://firebase.google.com/docs/ios/setup#initialize_firebase_in_your_app
Test Case '-[Yoga_of_EatingTests.ConcurrencyTests test_insightTask_isStoredDuringGeneration]' passed (0.001 seconds).
Test Case '-[Yoga_of_EatingTests.ConcurrencyTests test_resetMonitorTask_isCancelledAfterDeinit]' started.
2026-05-15 06:34:39.954909+0530 Yoga of Eating[16063:129026] [Reflection] Failed to fetch HealthKit sleep data: Authorization not determined
2026-05-15 06:34:39.955036+0530 Yoga of Eating[16063:129026] [Reflection] Failed to fetch HealthKit sleep data: Authorization not determined
Test Case '-[Yoga_of_EatingTests.ConcurrencyTests test_resetMonitorTask_isCancelledAfterDeinit]' passed (0.001 seconds).
Test Case '-[Yoga_of_EatingTests.ConcurrencyTests test_setupResetMonitoring_storesTask]' started.
Test Case '-[Yoga_of_EatingTests.ConcurrencyTests test_setupResetMonitoring_storesTask]' passed (0.000 seconds).
Test Case '-[Yoga_of_EatingTests.ConcurrencyTests test_sleepBadgeTask_isNilBeforeFetch]' started.
Test Case '-[Yoga_of_EatingTests.ConcurrencyTests test_sleepBadgeTask_isNilBeforeFetch]' passed (0.000 seconds).
Test Suite 'ConcurrencyTests' passed at 2026-05-15 06:34:39.957.
	 Executed 6 tests, with 0 failures (0 unexpected) in 0.004 (0.006) seconds
2026-05-15 06:34:39.956685+0530 Yoga of Eating[16063:129044] [[FirebaseCore]] 12.7.0 - [FirebaseCore][I-COR000003] The default Firebase app has not yet been configured. Add `FirebaseApp.configure()` to your application initialization. This can be done in in the App Delegate's application(_:didFinishLaunchingWithOptions:)` (or the `@main` struct's initializer in SwiftUI). Read more: https://firebase.google.com/docs/ios/setup#initialize_firebase_in_your_app
Test Suite 'ConcurrentAnalysisTests' started at 2026-05-15 06:34:39.957.
Test Case '-[Yoga_of_EatingTests.ConcurrentAnalysisTests test_coordinatorTask_clearedAfterAnalysisCompletes]' started.
2026-05-15 06:34:39.956944+0530 Yoga of Eating[16063:129044] [[FirebaseCore]] 12.7.0 - [FirebaseCore][I-COR000003] The default Firebase app has not yet been configured. Add `FirebaseApp.configure()` to your application initialization. This can be done in in the App Delegate's application(_:didFinishLaunchingWithOptions:)` (or the `@main` struct's initializer in SwiftUI). Read more: https://firebase.google.com/docs/ios/setup#initialize_firebase_in_your_app
2026-05-15 06:34:39.957250+0530 Yoga of Eating[16063:129026] [Reflection] Failed to fetch HealthKit sleep data: Authorization not determined
2026-05-15 06:34:39.958063+0530 Yoga of Eating[16063:129044] [[FirebaseCore]] 12.7.0 - [FirebaseCore][I-COR000003] The default Firebase app has not yet been configured. Add `FirebaseApp.configure()` to your application initialization. This can be done in in the App Delegate's application(_:didFinishLaunchingWithOptions:)` (or the `@main` struct's initializer in SwiftUI). Read more: https://firebase.google.com/docs/ios/setup#initialize_firebase_in_your_app
2026-05-15 06:34:39.958170+0530 Yoga of Eating[16063:129026] [Reflection] Failed to fetch HealthKit sleep data: Authorization not determined
2026-05-15 06:34:39.958184+0530 Yoga of Eating[16063:129044] [[FirebaseCore]] 12.7.0 - [FirebaseCore][I-COR000003] The default Firebase app has not yet been configured. Add `FirebaseApp.configure()` to your application initialization. This can be done in in the App Delegate's application(_:didFinishLaunchingWithOptions:)` (or the `@main` struct's initializer in SwiftUI). Read more: https://firebase.google.com/docs/ios/setup#initialize_firebase_in_your_app
2026-05-15 06:34:39.958323+0530 Yoga of Eating[16063:129044] [[FirebaseCore]] 12.7.0 - [FirebaseCore][I-COR000003] The default Firebase app has not yet been configured. Add `FirebaseApp.configure()` to your application initialization. This can be done in in the App Delegate's application(_:didFinishLaunchingWithOptions:)` (or the `@main` struct's initializer in SwiftUI). Read more: https://firebase.google.com/docs/ios/setup#2026-05-15 06:34:39.958379+0530 Yoga of Eating[16063:129026] [Reflection] Failed to fetch HealthKit sleep data: Authorization not determined
initialize_firebase_in_your_app
2026-05-15 06:34:39.958453+0530 Yoga of Eating[16063:129044] [[FirebaseCore]] 12.7.0 - [FirebaseCore][I-COR000003] The default Firebase app has not yet been configured. Add `FirebaseApp.configure()` to your application initialization. This can be done in in the App Delegate's application(_:didFinishLaunchingWithOptions:)` (or the `@main` struct's initializer in SwiftUI). Read more: https://firebase.google.com/docs/ios/setup#initialize_firebase_in_your_app
2026-05-15 06:34:39.958512+0530 Yoga of Eating[16063:129044] [[FirebaseCore]] 12.7.0 - [FirebaseCore][I-COR000003] The default Firebase app has not yet been configured. Add `FirebaseApp.configure()` to your application initialization. This can be done in in the App Delegate's application(_:didFinishLaunchingWithOptions:)` (or the `@main` struct's initializer in SwiftUI). Read more: https://firebase.google.com/docs/ios/setup#initialize_firebase_in_your_app
2026-05-15 06:34:39.959615+0530 Yoga of Eating[16063:129026] [Reflection] Failed to fetch HealthKit sleep data: Authorization not determined
2026-05-15 06:34:39.959755+0530 Yoga of Eating[16063:129026] [Reflection] Failed to fetch HealthKit sleep data: Authorization not determined
2026-05-15 06:34:39.960230+0530 Yoga of Eating[16063:129026] [Reflection] Failed to fetch HealthKit sleep data: Authorization not determined
Test Case '-[Yoga_of_EatingTests.ConcurrentAnalysisTests test_coordinatorTask_clearedAfterAnalysisCompletes]' passed (0.318 seconds).
Test Case '-[Yoga_of_EatingTests.ConcurrentAnalysisTests test_updateMeal_contentChanged_cancelsExistingTaskBeforeStartingNew]' started.
2026-05-15 06:34:40.277737+0530 Yoga of Eating[16063:129044] [[FirebaseCore]] 12.7.0 - [FirebaseCore][I-COR000003] The default Firebase app has not yet been configured. Add `FirebaseApp.configure()` to your application initialization. This can be done in in the App Delegate's application(_:didFinishLaunchingWithOptions:)` (or the `@main` struct's initializer in SwiftUI). Read more: https://firebase.google.com/docs/ios/setup#initialize_firebase_in_your_app
2026-05-15 06:34:40.278295+0530 Yoga of Eating[16063:129026] [AIAnalysisCoordinator] AI analysis failed (meal redacted for privacy)
Test Case '-[Yoga_of_EatingTests.ConcurrentAnalysisTests test_updateMeal_contentChanged_cancelsExistingTaskBeforeStartingNew]' passed (0.015 seconds).
Test Case '-[Yoga_of_EatingTests.ConcurrentAnalysisTests test_updateMeal_contentChanged_storesTaskInCoordinator]' started.
2026-05-15 06:34:40.292763+0530 Yoga of Eating[16063:129043] [[FirebaseCore]] 12.7.0 - [FirebaseCore][I-COR000003] The default Firebase app has not yet been configured. Add `FirebaseApp.configure()` to your application initialization. This can be done in in the App Delegate's application(_:didFinishLaunchingWithOptions:)` (or the `@main` struct's initializer in SwiftUI). Read more: https://firebase.google.com/docs/ios/setup#initialize_firebase_in_your_app
Test Case '-[Yoga_of_EatingTests.ConcurrentAnalysisTests test_updateMeal_contentChanged_storesTaskInCoordinator]' passed (0.003 seconds).
Test Case '-[Yoga_of_EatingTests.ConcurrentAnalysisTests test_updateMeal_needsAIAnalysis_cancelsExistingTaskBeforeStartingNew]' started.
2026-05-15 06:34:40.295410+0530 Yoga of Eating[16063:129043] [[FirebaseCore]] 12.7.0 - [FirebaseCore][I-COR000003] The default Firebase app has not yet been configured. Add `FirebaseApp.configure()` to your application initialization. This can be done in in the App Delegate's application(_:didFinishLaunchingWithOptions:)` (or the `@main` struct's initializer in SwiftUI). Read more: https://firebase.google.com/docs/ios/setup#initialize_firebase_in_your_app
2026-05-15 06:34:40.615978+0530 Yoga of Eating[16063:129026] [AIAnalysisCoordinator] AI analysis failed (meal redacted for privacy)
Test Case '-[Yoga_of_EatingTests.ConcurrentAnalysisTests test_updateMeal_needsAIAnalysis_cancelsExistingTaskBeforeStartingNew]' passed (0.334 seconds).
Test Case '-[Yoga_of_EatingTests.ConcurrentAnalysisTests test_updateMeal_needsAIAnalysis_storesTaskInCoordinator]' started.
2026-05-15 06:34:40.629816+0530 Yoga of Eating[16063:129044] [[FirebaseCore]] 12.7.0 - [FirebaseCore][I-COR000003] The default Firebase app has not yet been configured. Add `FirebaseApp.configure()` to your application initialization. This can be done in in the App Delegate's application(_:didFinishLaunchingWithOptions:)` (or the `@main` struct's initializer in SwiftUI). Read more: https://firebase.google.com/docs/ios/setup#initialize_firebase_in_your_app
Test Case '-[Yoga_of_EatingTests.ConcurrentAnalysisTests test_updateMeal_needsAIAnalysis_storesTaskInCoordinator]' passed (0.314 seconds).
Test Case '-[Yoga_of_EatingTests.ConcurrentAnalysisTests test_updateMealItems_cancelsExistingTaskBeforeStartingNew]' started.
2026-05-15 06:34:40.945233+0530 Yoga of Eating[16063:129044] [[FirebaseCore]] 12.7.0 - [FirebaseCore][I-COR000003] The default Firebase app has not yet been configured. Add `FirebaseApp.configure()` to your application initialization. This can be done in in the App Delegate's application(_:didFinishLaunchingWithOptions:)` (or the `@main` struct's initializer in SwiftUI). Read more: https://firebase.google.com/docs/ios/setup#initialize_firebase_in_your_app
2026-05-15 06:34:40.945742+0530 Yoga of Eating[16063:129026] [AIAnalysisCoordinator] AI analysis failed (meal redacted for privacy)
Test Case '-[Yoga_of_EatingTests.ConcurrentAnalysisTests test_updateMealItems_cancelsExistingTaskBeforeStartingNew]' passed (0.015 seconds).
Test Case '-[Yoga_of_EatingTests.ConcurrentAnalysisTests test_updateMealItems_rapidUpdates_onlyOneAnalysisRunsAtATime]' started.
2026-05-15 06:34:40.961116+0530 Yoga of Eating[16063:129047] [[FirebaseCore]] 12.7.0 - [FirebaseCore][I-COR000003] The default Firebase app has not yet been configured. Add `FirebaseApp.configure()` to your application initialization. This can be done in in the App Delegate's application(_:didFinishLaunchingWithOptions:)` (or the `@main` struct's initializer in SwiftUI). Read more: https://firebase.google.com/docs/ios/setup#initialize_firebase_in_your_app
2026-05-15 06:34:40.961866+0530 Yoga of Eating[16063:129026] [AIAnalysisCoordinator] AI analysis failed (meal redacted for privacy)
2026-05-15 06:34:40.962051+0530 Yoga of Eating[16063:129026] [AIAnalysisCoordinator] AI analysis failed (meal redacted for privacy)
Test Case '-[Yoga_of_EatingTests.ConcurrentAnalysisTests test_updateMealItems_rapidUpdates_onlyOneAnalysisRunsAtATime]' passed (0.216 seconds).
Test Case '-[Yoga_of_EatingTests.ConcurrentAnalysisTests test_updateMealItems_storesTaskInCoordinator]' started.
2026-05-15 06:34:41.177490+0530 Yoga of Eating[16063:129043] [[FirebaseCore]] 12.7.0 - [FirebaseCore][I-COR000003] The default Firebase app has not yet been configured. Add `FirebaseApp.configure()` to your application initialization. This can be done in in the App Delegate's application(_:didFinishLaunchingWithOptions:)` (or the `@main` struct's initializer in SwiftUI). Read more: https://firebase.google.com/docs/ios/setup#initialize_firebase_in_your_app
Test Case '-[Yoga_of_EatingTests.ConcurrentAnalysisTests test_updateMealItems_storesTaskInCoordinator]' passed (0.002 seconds).
Test Suite 'ConcurrentAnalysisTests' passed at 2026-05-15 06:34:41.179.
	 Executed 8 tests, with 0 failures (0 unexpected) in 1.217 (1.222) seconds
Test Suite 'DailyInsightModelTests' started at 2026-05-15 06:34:41.179.
Test Case '-[Yoga_of_EatingTests.DailyInsightModelTests test_dailyInsight_confidence_clampedToOne_whenAbove]' started.
Test Case '-[Yoga_of_EatingTests.DailyInsightModelTests test_dailyInsight_confidence_clampedToOne_whenAbove]' passed (0.001 seconds).
Test Case '-[Yoga_of_EatingTests.DailyInsightModelTests test_dailyInsight_confidence_clampedToZero_whenBelow]' started.
Test Case '-[Yoga_of_EatingTests.DailyInsightModelTests test_dailyInsight_confidence_clampedToZero_whenBelow]' passed (0.001 seconds).
Test Case '-[Yoga_of_EatingTests.DailyInsightModelTests test_dailyInsight_confidence_preserved_whenInRange]' started.
Test Case '-[Yoga_of_EatingTests.DailyInsightModelTests test_dailyInsight_confidence_preserved_whenInRange]' passed (0.001 seconds).
Test Case '-[Yoga_of_EatingTests.DailyInsightModelTests test_dailyInsight_equalToItself]' started.
Test Case '-[Yoga_of_EatingTests.DailyInsightModelTests test_dailyInsight_equalToItself]' passed (0.001 seconds).
Test Case '-[Yoga_of_EatingTests.DailyInsightModelTests test_dailyInsight_hasCorrelations_falseWhenEmpty]' started.
Test Case '-[Yoga_of_EatingTests.DailyInsightModelTests test_dailyInsight_hasCorrelations_falseWhenEmpty]' passed (0.001 seconds).
Test Case '-[Yoga_of_EatingTests.DailyInsightModelTests test_dailyInsight_hasCorrelations_trueWhenNonEmpty]' started.
Test Case '-[Yoga_of_EatingTests.DailyInsightModelTests test_dailyInsight_hasCorrelations_trueWhenNonEmpty]' passed (0.001 seconds).
Test Case '-[Yoga_of_EatingTests.DailyInsightModelTests test_dailyInsight_hasRequiredFields]' started.
Test Case '-[Yoga_of_EatingTests.DailyInsightModelTests test_dailyInsight_hasRequiredFields]' passed (0.001 seconds).
Test Case '-[Yoga_of_EatingTests.DailyInsightModelTests test_dailyInsight_markAsViewed_isIdempotent]' started.
Test Case '-[Yoga_of_EatingTests.DailyInsightModelTests test_dailyInsight_markAsViewed_isIdempotent]' passed (0.001 seconds).
Test Case '-[Yoga_of_EatingTests.DailyInsightModelTests test_dailyInsight_markAsViewed_setsFlag]' started.
Test Case '-[Yoga_of_EatingTests.DailyInsightModelTests test_dailyInsight_markAsViewed_setsFlag]' passed (0.001 seconds).
Test Case '-[Yoga_of_EatingTests.DailyInsightModelTests test_dailyInsight_notEqualWhenIdDiffers]' started.
Test Case '-[Yoga_of_EatingTests.DailyInsightModelTests test_dailyInsight_notEqualWhenIdDiffers]' passed (0.001 seconds).
Test Case '-[Yoga_of_EatingTests.DailyInsightModelTests test_dailyInsight_topCorrelation_nilWhenNoCards]' started.
Test Case '-[Yoga_of_EatingTests.DailyInsightModelTests test_dailyInsight_topCorrelation_nilWhenNoCards]' passed (0.001 seconds).
Test Case '-[Yoga_of_EatingTests.DailyInsightModelTests test_dailyInsight_topCorrelation_returnsHighestConfidence]' started.
Test Case '-[Yoga_of_EatingTests.DailyInsightModelTests test_dailyInsight_topCorrelation_returnsHighestConfidence]' passed (0.001 seconds).
Test Suite 'DailyInsightModelTests' passed at 2026-05-15 06:34:41.194.
	 Executed 12 tests, with 0 failures (0 unexpected) in 0.010 (0.014) seconds
Test Suite 'DailyInsightPersistenceRoundTripTests' started at 2026-05-15 06:34:41.194.
Test Case '-[Yoga_of_EatingTests.DailyInsightPersistenceRoundTripTests test_decode_withExtraUnknownKeys_doesNotThrow]' started.
Test Case '-[Yoga_of_EatingTests.DailyInsightPersistenceRoundTripTests test_decode_withExtraUnknownKeys_doesNotThrow]' passed (0.008 seconds).
Test Case '-[Yoga_of_EatingTests.DailyInsightPersistenceRoundTripTests test_encode_decode_roundTrip_preservesAllFields]' started.
Test Case '-[Yoga_of_EatingTests.DailyInsightPersistenceRoundTripTests test_encode_decode_roundTrip_preservesAllFields]' passed (0.001 seconds).
Test Case '-[Yoga_of_EatingTests.DailyInsightPersistenceRoundTripTests test_encode_decode_roundTrip_withNilOptionals_usesDefaults]' started.
Test Case '-[Yoga_of_EatingTests.DailyInsightPersistenceRoundTripTests test_encode_decode_roundTrip_withNilOptionals_usesDefaults]' passed (0.001 seconds).
Test Suite 'DailyInsightPersistenceRoundTripTests' passed at 2026-05-15 06:34:41.204.
	 Executed 3 tests, with 0 failures (0 unexpected) in 0.009 (0.010) seconds
Test Suite 'DailyReflectionTests' started at 2026-05-15 06:34:41.204.
Test Case '-[Yoga_of_EatingTests.DailyReflectionTests test_allFeelingCases_encodeAndDecode]' started.
Test Case '-[Yoga_of_EatingTests.DailyReflectionTests test_allFeelingCases_encodeAndDecode]' passed (0.003 seconds).
Test Case '-[Yoga_of_EatingTests.DailyReflectionTests test_allSleepQualityCases_encodeAndDecode]' started.
Test Case '-[Yoga_of_EatingTests.DailyReflectionTests test_allSleepQualityCases_encodeAndDecode]' passed (0.001 seconds).
Test Case '-[Yoga_of_EatingTests.DailyReflectionTests test_codable_backwardCompatibility_withoutNewTimestampFields]' started.
Test Case '-[Yoga_of_EatingTests.DailyReflectionTests test_codable_backwardCompatibility_withoutNewTimestampFields]' passed (0.001 seconds).
Test Case '-[Yoga_of_EatingTests.DailyReflectionTests test_codable_decodesLegacyData_withoutOptionalFields]' started.
Test Case '-[Yoga_of_EatingTests.DailyReflectionTests test_codable_decodesLegacyData_withoutOptionalFields]' passed (0.000 seconds).
Test Case '-[Yoga_of_EatingTests.DailyReflectionTests test_codable_encodesAndDecodes_withAllProperties]' started.
Test Case '-[Yoga_of_EatingTests.DailyReflectionTests test_codable_encodesAndDecodes_withAllProperties]' passed (0.000 seconds).
Test Case '-[Yoga_of_EatingTests.DailyReflectionTests test_codable_encodesAndDecodes_withNilOptionals]' started.
Test Case '-[Yoga_of_EatingTests.DailyReflectionTests test_codable_encodesAndDecodes_withNilOptionals]' passed (0.000 seconds).
Test Case '-[Yoga_of_EatingTests.DailyReflectionTests test_codable_encodesAndDecodes_withSeparateTimestamps]' started.
Test Case '-[Yoga_of_EatingTests.DailyReflectionTests test_codable_encodesAndDecodes_withSeparateTimestamps]' passed (0.001 seconds).
Test Case '-[Yoga_of_EatingTests.DailyReflectionTests test_equatable_returnsFalseForDifferentFeelings]' started.
Test Case '-[Yoga_of_EatingTests.DailyReflectionTests test_equatable_returnsFalseForDifferentFeelings]' passed (0.000 seconds).
Test Case '-[Yoga_of_EatingTests.DailyReflectionTests test_equatable_returnsTrueForIdenticalReflections]' started.
Test Case '-[Yoga_of_EatingTests.DailyReflectionTests test_equatable_returnsTrueForIdenticalReflections]' passed (0.000 seconds).
Test Case '-[Yoga_of_EatingTests.DailyReflectionTests test_hasFeelingLogged_returnsFalseWhenNoFeeling]' started.
Test Case '-[Yoga_of_EatingTests.DailyReflectionTests test_hasFeelingLogged_returnsFalseWhenNoFeeling]' passed (0.000 seconds).
Test Case '-[Yoga_of_EatingTests.DailyReflectionTests test_hasFeelingLogged_returnsTrueWhenFeelingExists]' started.
Test Case '-[Yoga_of_EatingTests.DailyReflectionTests test_hasFeelingLogged_returnsTrueWhenFeelingExists]' passed (0.000 seconds).
Test Case '-[Yoga_of_EatingTests.DailyReflectionTests test_hasSleepLogged_returnsFalseWhenNoSleepQuality]' started.
Test Case '-[Yoga_of_EatingTests.DailyReflectionTests test_hasSleepLogged_returnsFalseWhenNoSleepQuality]' passed (0.000 seconds).
Test Case '-[Yoga_of_EatingTests.DailyReflectionTests test_hasSleepLogged_returnsTrueWhenSleepQualityExists]' started.
Test Case '-[Yoga_of_EatingTests.DailyReflectionTests test_hasSleepLogged_returnsTrueWhenSleepQualityExists]' passed (0.000 seconds).
Test Case '-[Yoga_of_EatingTests.DailyReflectionTests test_init_withAllParameters_setsPropertiesCorrectly]' started.
Test Case '-[Yoga_of_EatingTests.DailyReflectionTests test_init_withAllParameters_setsPropertiesCorrectly]' passed (0.001 seconds).
Test Case '-[Yoga_of_EatingTests.DailyReflectionTests test_init_withEmptyNote_treatsAsEmptyString]' started.
Test Case '-[Yoga_of_EatingTests.DailyReflectionTests test_init_withEmptyNote_treatsAsEmptyString]' passed (0.000 seconds).
Test Case '-[Yoga_of_EatingTests.DailyReflectionTests test_init_withMinimalParameters_setsDefaults]' started.
Test Case '-[Yoga_of_EatingTests.DailyReflectionTests test_init_withMinimalParameters_setsDefaults]' passed (0.000 seconds).
Test Case '-[Yoga_of_EatingTests.DailyReflectionTests test_init_withNilOptionals_acceptsNilValues]' started.
Test Case '-[Yoga_of_EatingTests.DailyReflectionTests test_init_withNilOptionals_acceptsNilValues]' passed (0.000 seconds).
Test Case '-[Yoga_of_EatingTests.DailyReflectionTests test_init_withOnlyFeeling_setsFeelingLoggedAt]' started.
Test Case '-[Yoga_of_EatingTests.DailyReflectionTests test_init_withOnlyFeeling_setsFeelingLoggedAt]' passed (0.000 seconds).
Test Case '-[Yoga_of_EatingTests.DailyReflectionTests test_init_withOnlySleepQuality_setsSleepLoggedAt]' started.
Test Case '-[Yoga_of_EatingTests.DailyReflectionTests test_init_withOnlySleepQuality_setsSleepLoggedAt]' passed (0.000 seconds).
Test Case '-[Yoga_of_EatingTests.DailyReflectionTests test_init_withSeparateTimestamps_setsPropertiesCorrectly]' started.
Test Case '-[Yoga_of_EatingTests.DailyReflectionTests test_init_withSeparateTimestamps_setsPropertiesCorrectly]' passed (0.000 seconds).
Test Case '-[Yoga_of_EatingTests.DailyReflectionTests test_mergeReflections_combinesSleepAndFeeling]' started.
Test Case '-[Yoga_of_EatingTests.DailyReflectionTests test_mergeReflections_combinesSleepAndFeeling]' passed (0.000 seconds).
Test Case '-[Yoga_of_EatingTests.DailyReflectionTests test_reflection_withSpecialCharactersInNote_handlesCorrectly]' started.
Test Case '-[Yoga_of_EatingTests.DailyReflectionTests test_reflection_withSpecialCharactersInNote_handlesCorrectly]' passed (0.000 seconds).
Test Case '-[Yoga_of_EatingTests.DailyReflectionTests test_reflection_withVeryLongNote_handlesCorrectly]' started.
Test Case '-[Yoga_of_EatingTests.DailyReflectionTests test_reflection_withVeryLongNote_handlesCorrectly]' passed (0.000 seconds).
Test Case '-[Yoga_of_EatingTests.DailyReflectionTests test_reflectionFeeling_codable_encodesAndDecodes]' started.
Test Case '-[Yoga_of_EatingTests.DailyReflectionTests test_reflectionFeeling_codable_encodesAndDecodes]' passed (0.000 seconds).
Test Case '-[Yoga_of_EatingTests.DailyReflectionTests test_reflectionFeeling_displayName_returnsCorrectName]' started.
Test Case '-[Yoga_of_EatingTests.DailyReflectionTests test_reflectionFeeling_displayName_returnsCorrectName]' passed (0.000 seconds).
Test Case '-[Yoga_of_EatingTests.DailyReflectionTests test_reflectionFeeling_emoji_returnsCorrectEmoji]' started.
Test Case '-[Yoga_of_EatingTests.DailyReflectionTests test_reflectionFeeling_emoji_returnsCorrectEmoji]' passed (0.000 seconds).
Test Case '-[Yoga_of_EatingTests.DailyReflectionTests test_reflectionFeeling_hasAllExpectedCases]' started.
Test Case '-[Yoga_of_EatingTests.DailyReflectionTests test_reflectionFeeling_hasAllExpectedCases]' passed (0.000 seconds).
Test Case '-[Yoga_of_EatingTests.DailyReflectionTests test_reflectionFeeling_rawValues_areCorrect]' started.
Test Case '-[Yoga_of_EatingTests.DailyReflectionTests test_reflectionFeeling_rawValues_areCorrect]' passed (0.000 seconds).
Test Case '-[Yoga_of_EatingTests.DailyReflectionTests test_sleepQuality_codable_encodesAndDecodes]' started.
Test Case '-[Yoga_of_EatingTests.DailyReflectionTests test_sleepQuality_codable_encodesAndDecodes]' passed (0.000 seconds).
Test Case '-[Yoga_of_EatingTests.DailyReflectionTests test_sleepQuality_displayName_returnsCorrectName]' started.
Test Case '-[Yoga_of_EatingTests.DailyReflectionTests test_sleepQuality_displayName_returnsCorrectName]' passed (0.000 seconds).
Test Case '-[Yoga_of_EatingTests.DailyReflectionTests test_sleepQuality_emoji_returnsCorrectEmoji]' started.
Test Case '-[Yoga_of_EatingTests.DailyReflectionTests test_sleepQuality_emoji_returnsCorrectEmoji]' passed (0.000 seconds).
Test Case '-[Yoga_of_EatingTests.DailyReflectionTests test_sleepQuality_hasAllExpectedCases]' started.
Test Case '-[Yoga_of_EatingTests.DailyReflectionTests test_sleepQuality_hasAllExpectedCases]' passed (0.000 seconds).
Test Case '-[Yoga_of_EatingTests.DailyReflectionTests test_sleepQuality_rawValues_areCorrect]' started.
Test Case '-[Yoga_of_EatingTests.DailyReflectionTests test_sleepQuality_rawValues_areCorrect]' passed (0.000 seconds).
Test Case '-[Yoga_of_EatingTests.DailyReflectionTests test_snapshot_reflectionIsOptional_defaultsToNil]' started.
Test Case '-[Yoga_of_EatingTests.DailyReflectionTests test_snapshot_reflectionIsOptional_defaultsToNil]' passed (0.000 seconds).
Test Case '-[Yoga_of_EatingTests.DailyReflectionTests test_snapshot_withoutReflection_decodesWithNilReflection]' started.
Test Case '-[Yoga_of_EatingTests.DailyReflectionTests test_snapshot_withoutReflection_decodesWithNilReflection]' passed (0.000 seconds).
Test Case '-[Yoga_of_EatingTests.DailyReflectionTests test_snapshot_withReflection_encodesAndDecodes]' started.
Test Case '-[Yoga_of_EatingTests.DailyReflectionTests test_snapshot_withReflection_encodesAndDecodes]' passed (0.009 seconds).
Test Case '-[Yoga_of_EatingTests.DailyReflectionTests test_updateFeeling_createsNewReflectionWithFeeling]' started.
Test Case '-[Yoga_of_EatingTests.DailyReflectionTests test_updateFeeling_createsNewReflectionWithFeeling]' passed (0.000 seconds).
Test Case '-[Yoga_of_EatingTests.DailyReflectionTests test_updateSleepQuality_createsNewReflectionWithSleep]' started.
Test Case '-[Yoga_of_EatingTests.DailyReflectionTests test_updateSleepQuality_createsNewReflectionWithSleep]' passed (0.000 seconds).
Test Suite 'DailyReflectionTests' passed at 2026-05-15 06:34:41.239.
	 Executed 38 tests, with 0 failures (0 unexpected) in 0.027 (0.035) seconds
Test Suite 'DailySmileySnapshotTests' started at 2026-05-15 06:34:41.239.
Test Case '-[Yoga_of_EatingTests.DailySmileySnapshotTests test_averageHealthScore_calculatedCorrectly_withMultipleMeals]' started.
Test Case '-[Yoga_of_EatingTests.DailySmileySnapshotTests test_averageHealthScore_calculatedCorrectly_withMultipleMeals]' passed (0.001 seconds).
Test Case '-[Yoga_of_EatingTests.DailySmileySnapshotTests test_codable_encodesAndDecodes_successfully]' started.
Test Case '-[Yoga_of_EatingTests.DailySmileySnapshotTests test_codable_encodesAndDecodes_successfully]' passed (0.000 seconds).
Test Case '-[Yoga_of_EatingTests.DailySmileySnapshotTests test_codable_preserves_allProperties]' started.
Test Case '-[Yoga_of_EatingTests.DailySmileySnapshotTests test_codable_preserves_allProperties]' passed (0.000 seconds).
Test Case '-[Yoga_of_EatingTests.DailySmileySnapshotTests test_displayState_dimmedOpacity_whenEmpty]' started.
Test Case '-[Yoga_of_EatingTests.DailySmileySnapshotTests test_displayState_dimmedOpacity_whenEmpty]' passed (0.000 seconds).
Test Case '-[Yoga_of_EatingTests.DailySmileySnapshotTests test_displayState_returnsActualState_whenNotEmpty]' started.
Test Case '-[Yoga_of_EatingTests.DailySmileySnapshotTests test_displayState_returnsActualState_whenNotEmpty]' passed (0.000 seconds).
Test Case '-[Yoga_of_EatingTests.DailySmileySnapshotTests test_displayState_returnsNeutral_whenEmpty]' started.
Test Case '-[Yoga_of_EatingTests.DailySmileySnapshotTests test_displayState_returnsNeutral_whenEmpty]' passed (0.000 seconds).
Test Case '-[Yoga_of_EatingTests.DailySmileySnapshotTests test_id_isUnique_forDifferentSnapshots]' started.
Test Case '-[Yoga_of_EatingTests.DailySmileySnapshotTests test_id_isUnique_forDifferentSnapshots]' passed (0.000 seconds).
Test Case '-[Yoga_of_EatingTests.DailySmileySnapshotTests test_init_normalizes_dateToMidnight]' started.
Test Case '-[Yoga_of_EatingTests.DailySmileySnapshotTests test_init_normalizes_dateToMidnight]' passed (0.000 seconds).
Test Case '-[Yoga_of_EatingTests.DailySmileySnapshotTests test_init_setsAllProperties_correctly]' started.
Test Case '-[Yoga_of_EatingTests.DailySmileySnapshotTests test_init_setsAllProperties_correctly]' passed (0.001 seconds).
Test Case '-[Yoga_of_EatingTests.DailySmileySnapshotTests test_isEmpty_returnsFalse_whenHasMeals]' started.
Test Case '-[Yoga_of_EatingTests.DailySmileySnapshotTests test_isEmpty_returnsFalse_whenHasMeals]' passed (0.000 seconds).
Test Case '-[Yoga_of_EatingTests.DailySmileySnapshotTests test_isEmpty_returnsTrue_whenNoMeals]' started.
Test Case '-[Yoga_of_EatingTests.DailySmileySnapshotTests test_isEmpty_returnsTrue_whenNoMeals]' passed (0.000 seconds).
Test Case '-[Yoga_of_EatingTests.DailySmileySnapshotTests test_mealCount_matchesArray_count]' started.
Test Case '-[Yoga_of_EatingTests.DailySmileySnapshotTests test_mealCount_matchesArray_count]' passed (0.000 seconds).
Test Case '-[Yoga_of_EatingTests.DailySmileySnapshotTests test_snapshot_hasEveningMindCheck_returnsFalseWhenEmpty]' started.
Test Case '-[Yoga_of_EatingTests.DailySmileySnapshotTests test_snapshot_hasEveningMindCheck_returnsFalseWhenEmpty]' passed (0.000 seconds).
Test Case '-[Yoga_of_EatingTests.DailySmileySnapshotTests test_snapshot_hasEveningMindCheck_returnsFalseWhenNil]' started.
Test Case '-[Yoga_of_EatingTests.DailySmileySnapshotTests test_snapshot_hasEveningMindCheck_returnsFalseWhenNil]' passed (0.000 seconds).
Test Case '-[Yoga_of_EatingTests.DailySmileySnapshotTests test_snapshot_hasEveningMindCheck_returnsTrueWhenPresent]' started.
Test Case '-[Yoga_of_EatingTests.DailySmileySnapshotTests test_snapshot_hasEveningMindCheck_returnsTrueWhenPresent]' passed (0.000 seconds).
Test Case '-[Yoga_of_EatingTests.DailySmileySnapshotTests test_snapshot_hasInsight_returnsFalseWhenNil]' started.
Test Case '-[Yoga_of_EatingTests.DailySmileySnapshotTests test_snapshot_hasInsight_returnsFalseWhenNil]' passed (0.000 seconds).
Test Case '-[Yoga_of_EatingTests.DailySmileySnapshotTests test_snapshot_hasInsight_returnsTrueWhenPresent]' started.
Test Case '-[Yoga_of_EatingTests.DailySmileySnapshotTests test_snapshot_hasInsight_returnsTrueWhenPresent]' passed (0.000 seconds).
Test Case '-[Yoga_of_EatingTests.DailySmileySnapshotTests test_snapshot_hasMorningMindCheck_returnsFalseWhenEmpty]' started.
Test Case '-[Yoga_of_EatingTests.DailySmileySnapshotTests test_snapshot_hasMorningMindCheck_returnsFalseWhenEmpty]' passed (0.000 seconds).
Test Case '-[Yoga_of_EatingTests.DailySmileySnapshotTests test_snapshot_hasMorningMindCheck_returnsFalseWhenNil]' started.
Test Case '-[Yoga_of_EatingTests.DailySmileySnapshotTests test_snapshot_hasMorningMindCheck_returnsFalseWhenNil]' passed (0.000 seconds).
Test Case '-[Yoga_of_EatingTests.DailySmileySnapshotTests test_snapshot_hasMorningMindCheck_returnsTrueWhenPresent]' started.
Test Case '-[Yoga_of_EatingTests.DailySmileySnapshotTests test_snapshot_hasMorningMindCheck_returnsTrueWhenPresent]' passed (0.000 seconds).
Test Case '-[Yoga_of_EatingTests.DailySmileySnapshotTests test_snapshot_legacyData_decodesWithNilInsight]' started.
Test Case '-[Yoga_of_EatingTests.DailySmileySnapshotTests test_snapshot_legacyData_decodesWithNilInsight]' passed (0.000 seconds).
Test Case '-[Yoga_of_EatingTests.DailySmileySnapshotTests test_snapshot_legacyData_decodesWithNilMindChecks]' started.
Test Case '-[Yoga_of_EatingTests.DailySmileySnapshotTests test_snapshot_legacyData_decodesWithNilMindChecks]' passed (0.000 seconds).
Test Case '-[Yoga_of_EatingTests.DailySmileySnapshotTests test_snapshot_withBothMindChecks_encodesAndDecodes]' started.
Test Case '-[Yoga_of_EatingTests.DailySmileySnapshotTests test_snapshot_withBothMindChecks_encodesAndDecodes]' passed (0.000 seconds).
Test Case '-[Yoga_of_EatingTests.DailySmileySnapshotTests test_snapshot_withEveningMindCheck_encodesAndDecodes]' started.
Test Case '-[Yoga_of_EatingTests.DailySmileySnapshotTests test_snapshot_withEveningMindCheck_encodesAndDecodes]' passed (0.000 seconds).
Test Case '-[Yoga_of_EatingTests.DailySmileySnapshotTests test_snapshot_withInsight_createsUpdatedCopy]' started.
Test Case '-[Yoga_of_EatingTests.DailySmileySnapshotTests test_snapshot_withInsight_createsUpdatedCopy]' passed (0.000 seconds).
Test Case '-[Yoga_of_EatingTests.DailySmileySnapshotTests test_snapshot_withInsight_encodesAndDecodes]' started.
Test Case '-[Yoga_of_EatingTests.DailySmileySnapshotTests test_snapshot_withInsight_encodesAndDecodes]' passed (0.000 seconds).
Test Case '-[Yoga_of_EatingTests.DailySmileySnapshotTests test_snapshot_withMorningMindCheck_encodesAndDecodes]' started.
Test Case '-[Yoga_of_EatingTests.DailySmileySnapshotTests test_snapshot_withMorningMindCheck_encodesAndDecodes]' passed (0.000 seconds).
Test Suite 'DailySmileySnapshotTests' passed at 2026-05-15 06:34:41.254.
	 Executed 27 tests, with 0 failures (0 unexpected) in 0.011 (0.015) seconds
Test Suite 'DailySmileySnapshotWellbeingTests' started at 2026-05-15 06:34:41.254.
Test Case '-[Yoga_of_EatingTests.DailySmileySnapshotWellbeingTests test_codableRoundTrip_withBothFields_preservesAll]' started.
Test Case '-[Yoga_of_EatingTests.DailySmileySnapshotWellbeingTests test_codableRoundTrip_withBothFields_preservesAll]' passed (0.000 seconds).
Test Case '-[Yoga_of_EatingTests.DailySmileySnapshotWellbeingTests test_codableRoundTrip_withTextSignals]' started.
Test Case '-[Yoga_of_EatingTests.DailySmileySnapshotWellbeingTests test_codableRoundTrip_withTextSignals]' passed (0.000 seconds).
Test Case '-[Yoga_of_EatingTests.DailySmileySnapshotWellbeingTests test_codableRoundTrip_withWellbeingDimensions]' started.
Test Case '-[Yoga_of_EatingTests.DailySmileySnapshotWellbeingTests test_codableRoundTrip_withWellbeingDimensions]' passed (0.000 seconds).
Test Case '-[Yoga_of_EatingTests.DailySmileySnapshotWellbeingTests test_decodesFromLegacyJSON_nilFieldsDoNotCrash]' started.
Test Case '-[Yoga_of_EatingTests.DailySmileySnapshotWellbeingTests test_decodesFromLegacyJSON_nilFieldsDoNotCrash]' passed (0.000 seconds).
Test Case '-[Yoga_of_EatingTests.DailySmileySnapshotWellbeingTests test_decodesFromLegacyJSON_withoutWellbeingFields]' started.
Test Case '-[Yoga_of_EatingTests.DailySmileySnapshotWellbeingTests test_decodesFromLegacyJSON_withoutWellbeingFields]' passed (0.000 seconds).
Test Case '-[Yoga_of_EatingTests.DailySmileySnapshotWellbeingTests test_withTextSignals_doesNotMutateOriginal]' started.
Test Case '-[Yoga_of_EatingTests.DailySmileySnapshotWellbeingTests test_withTextSignals_doesNotMutateOriginal]' passed (0.000 seconds).
Test Case '-[Yoga_of_EatingTests.DailySmileySnapshotWellbeingTests test_withTextSignals_emptyArray_isPersisted]' started.
Test Case '-[Yoga_of_EatingTests.DailySmileySnapshotWellbeingTests test_withTextSignals_emptyArray_isPersisted]' passed (0.000 seconds).
Test Case '-[Yoga_of_EatingTests.DailySmileySnapshotWellbeingTests test_withTextSignals_returnsNewCopyWithSignals]' started.
Test Case '-[Yoga_of_EatingTests.DailySmileySnapshotWellbeingTests test_withTextSignals_returnsNewCopyWithSignals]' passed (0.000 seconds).
Test Case '-[Yoga_of_EatingTests.DailySmileySnapshotWellbeingTests test_withWellbeingDimensions_doesNotMutateOriginal]' started.
Test Case '-[Yoga_of_EatingTests.DailySmileySnapshotWellbeingTests test_withWellbeingDimensions_doesNotMutateOriginal]' passed (0.000 seconds).
Test Case '-[Yoga_of_EatingTests.DailySmileySnapshotWellbeingTests test_withWellbeingDimensions_preservesExistingFields]' started.
Test Case '-[Yoga_of_EatingTests.DailySmileySnapshotWellbeingTests test_withWellbeingDimensions_preservesExistingFields]' passed (0.000 seconds).
Test Case '-[Yoga_of_EatingTests.DailySmileySnapshotWellbeingTests test_withWellbeingDimensions_returnsNewCopyWithDimensions]' started.
Test Case '-[Yoga_of_EatingTests.DailySmileySnapshotWellbeingTests test_withWellbeingDimensions_returnsNewCopyWithDimensions]' passed (0.000 seconds).
Test Suite 'DailySmileySnapshotWellbeingTests' passed at 2026-05-15 06:34:41.260.
	 Executed 11 tests, with 0 failures (0 unexpected) in 0.004 (0.006) seconds
Test Suite 'DailySynthesisEngineTests' started at 2026-05-15 06:34:41.260.
Test Case '-[Yoga_of_EatingTests.DailySynthesisEngineTests test_allDimensions_clampedToZeroOne]' started.
Test Case '-[Yoga_of_EatingTests.DailySynthesisEngineTests test_allDimensions_clampedToZeroOne]' passed (0.000 seconds).
Test Case '-[Yoga_of_EatingTests.DailySynthesisEngineTests test_borderlineLowScore_producesThoughtful]' started.
Test Case '-[Yoga_of_EatingTests.DailySynthesisEngineTests test_borderlineLowScore_producesThoughtful]' passed (0.000 seconds).
Test Case '-[Yoga_of_EatingTests.DailySynthesisEngineTests test_causalNarrative_isNonEmpty]' started.
Test Case '-[Yoga_of_EatingTests.DailySynthesisEngineTests test_causalNarrative_isNonEmpty]' passed (0.000 seconds).
Test Case '-[Yoga_of_EatingTests.DailySynthesisEngineTests test_completedTodos_raisesBehavioralMomentum]' started.
Test Case '-[Yoga_of_EatingTests.DailySynthesisEngineTests test_completedTodos_raisesBehavioralMomentum]' passed (0.000 seconds).
Test Case '-[Yoga_of_EatingTests.DailySynthesisEngineTests test_dominantDimension_isCognitive_whenSleepDominates]' started.
Test Case '-[Yoga_of_EatingTests.DailySynthesisEngineTests test_dominantDimension_isCognitive_whenSleepDominates]' passed (0.000 seconds).
Test Case '-[Yoga_of_EatingTests.DailySynthesisEngineTests test_dominantDimension_isPhysical_whenOnlyMealsPresent]' started.
Test Case '-[Yoga_of_EatingTests.DailySynthesisEngineTests test_dominantDimension_isPhysical_whenOnlyMealsPresent]' passed (0.000 seconds).
Test Case '-[Yoga_of_EatingTests.DailySynthesisEngineTests test_greatSleep_withModerateMeals_raisesOverall_comparedToMealsAlone]' started.
Test Case '-[Yoga_of_EatingTests.DailySynthesisEngineTests test_greatSleep_withModerateMeals_raisesOverall_comparedToMealsAlone]' passed (0.000 seconds).
Test Case '-[Yoga_of_EatingTests.DailySynthesisEngineTests test_mealsOnly_highScore_producesSerene]' started.
Test Case '-[Yoga_of_EatingTests.DailySynthesisEngineTests test_mealsOnly_highScore_producesSerene]' passed (0.000 seconds).
Test Case '-[Yoga_of_EatingTests.DailySynthesisEngineTests test_mealsOnly_lowScore_producesOverwhelmed]' started.
Test Case '-[Yoga_of_EatingTests.DailySynthesisEngineTests test_mealsOnly_lowScore_producesOverwhelmed]' passed (0.000 seconds).
Test Case '-[Yoga_of_EatingTests.DailySynthesisEngineTests test_mealsOnly_midScore_producesNeutral]' started.
Test Case '-[Yoga_of_EatingTests.DailySynthesisEngineTests test_mealsOnly_midScore_producesNeutral]' passed (0.000 seconds).
Test Case '-[Yoga_of_EatingTests.DailySynthesisEngineTests test_mealsOnly_physicalLoad_equalsAvgMealScore]' started.
Test Case '-[Yoga_of_EatingTests.DailySynthesisEngineTests test_mealsOnly_physicalLoad_equalsAvgMealScore]' passed (0.000 seconds).
Test Case '-[Yoga_of_EatingTests.DailySynthesisEngineTests test_negativeFeeling_lowersEmotionalTone]' started.
Test Case '-[Yoga_of_EatingTests.DailySynthesisEngineTests test_negativeFeeling_lowersEmotionalTone]' passed (0.000 seconds).
Test Case '-[Yoga_of_EatingTests.DailySynthesisEngineTests test_noData_overall_isNeutral]' started.
Test Case '-[Yoga_of_EatingTests.DailySynthesisEngineTests test_noData_overall_isNeutral]' passed (0.000 seconds).
Test Case '-[Yoga_of_EatingTests.DailySynthesisEngineTests test_poorSleep_withGoodMeals_lowersOverall_comparedToMealsAlone]' started.
Test Case '-[Yoga_of_EatingTests.DailySynthesisEngineTests test_poorSleep_withGoodMeals_lowersOverall_comparedToMealsAlone]' passed (0.000 seconds).
Test Case '-[Yoga_of_EatingTests.DailySynthesisEngineTests test_positiveFeeling_raisesEmotionalTone]' started.
Test Case '-[Yoga_of_EatingTests.DailySynthesisEngineTests test_positiveFeeling_raisesEmotionalTone]' passed (0.000 seconds).
Test Case '-[Yoga_of_EatingTests.DailySynthesisEngineTests test_uncompletedTodos_lowersBehavioralMomentum]' started.
Test Case '-[Yoga_of_EatingTests.DailySynthesisEngineTests test_uncompletedTodos_lowersBehavioralMomentum]' passed (0.000 seconds).
Test Suite 'DailySynthesisEngineTests' passed at 2026-05-15 06:34:41.268.
	 Executed 16 tests, with 0 failures (0 unexpected) in 0.005 (0.007) seconds
Test Suite 'DailySynthesisIntegrationTests' started at 2026-05-15 06:34:41.268.
Test Case '-[Yoga_of_EatingTests.DailySynthesisIntegrationTests test_emptyMeals_smileyBecomes_neutral]' started.
2026-05-15 06:34:41.267999+0530 Yoga of Eating[16063:129054] [[FirebaseCore]] 12.7.0 - [FirebaseCore][I-COR000003] The default Firebase app has not yet been configured. Add `FirebaseApp.configure()` to your application initialization. This can be done in in the App Delegate's application(_:didFinishLaunchingWithOptions:)` (or the `@main` struct's initializer in SwiftUI). Read more: https://firebase.google.com/docs/ios/setup#initialize_firebase_in_your_app
Test Case '-[Yoga_of_EatingTests.DailySynthesisIntegrationTests test_emptyMeals_smileyBecomes_neutral]' passed (0.000 seconds).
Test Case '-[Yoga_of_EatingTests.DailySynthesisIntegrationTests test_highMealScore_poorSleep_smileyIsLowerThanMealsAlone]' started.
2026-05-15 06:34:41.268517+0530 Yoga of Eating[16063:129044] [[FirebaseCore]] 12.7.0 - [FirebaseCore][I-COR000003] The default Firebase app has not yet been configured. Add `FirebaseApp.configure()` to your application initialization. This can be done in in the App Delegate's application(_:didFinishLaunchingWithOptions:)` (or the `@main` struct's initializer in SwiftUI). Read more: https://firebase.google.com/docs/ios/setup#initialize_firebase_in_your_app
Test Case '-[Yoga_of_EatingTests.DailySynthesisIntegrationTests test_highMealScore_poorSleep_smileyIsLowerThanMealsAlone]' passed (0.000 seconds).
Test Case '-[Yoga_of_EatingTests.DailySynthesisIntegrationTests test_highScoredMeal_smileyBecomes_serene]' started.
2026-05-15 06:34:41.269064+0530 Yoga of Eating[16063:129047] [[FirebaseCore]] 12.7.0 - [FirebaseCore][I-COR000003] The default Firebase app has not yet been configured. Add `FirebaseApp.configure()` to your application initialization. This can be done in in the App Delegate's application(_:didFinishLaunchingWithOptions:)` (or the `@main` struct's initializer in SwiftUI). Read more: https://firebase.google.com/docs/ios/setup#initialize_firebase_in_your_app
Test Case '-[Yoga_of_EatingTests.DailySynthesisIntegrationTests test_highScoredMeal_smileyBecomes_serene]' passed (0.001 seconds).
Test Case '-[Yoga_of_EatingTests.DailySynthesisIntegrationTests test_lowScoredMeal_smileyBecomes_overwhelmed]' started.
2026-05-15 06:34:41.269750+0530 Yoga of Eating[16063:129044] [[FirebaseCore]] 12.7.0 - [FirebaseCore][I-COR000003] The default Firebase app has not yet been configured. Add `FirebaseApp.configure()` to your application initialization. This can be done in in the App Delegate's application(_:didFinishLaunchingWithOptions:)` (or the `@main` struct's initializer in SwiftUI). Read more: https://firebase.google.com/docs/ios/setup#initialize_firebase_in_your_app
Test Case '-[Yoga_of_EatingTests.DailySynthesisIntegrationTests test_lowScoredMeal_smileyBecomes_overwhelmed]' passed (0.000 seconds).
Test Case '-[Yoga_of_EatingTests.DailySynthesisIntegrationTests test_midScoreMeal_smileyBecomes_neutral]' started.
2026-05-15 06:34:41.270359+0530 Yoga of Eating[16063:129043] [[FirebaseCore]] 12.7.0 - [FirebaseCore][I-COR000003] The default Firebase app has not yet been configured. Add `FirebaseApp.configure()` to your application initialization. This can be done in in the App Delegate's application(_:didFinishLaunchingWithOptions:)` (or the `@main` struct's initializer in SwiftUI). Read more: https://firebase.google.com/docs/ios/setup#initialize_firebase_in_your_app
Test Case '-[Yoga_of_EatingTests.DailySynthesisIntegrationTests test_midScoreMeal_smileyBecomes_neutral]' passed (0.000 seconds).
Test Case '-[Yoga_of_EatingTests.DailySynthesisIntegrationTests test_multiMeal_averageScore_drivesOverall]' started.
2026-05-15 06:34:41.270819+0530 Yoga of Eating[16063:129044] [[FirebaseCore]] 12.7.0 - [FirebaseCore][I-COR000003] The default Firebase app has not yet been configured. Add `FirebaseApp.configure()` to your application initialization. This can be done in in the App Delegate's application(_:didFinishLaunchingWithOptions:)` (or the `@main` struct's initializer in SwiftUI). Read more: https://firebase.google.com/docs/ios/setup#initialize_firebase_in_your_app
Test Case '-[Yoga_of_EatingTests.DailySynthesisIntegrationTests test_multiMeal_averageScore_drivesOverall]' passed (0.000 seconds).
Test Case '-[Yoga_of_EatingTests.DailySynthesisIntegrationTests test_synthesisEngine_isUsed_notLegacyCalculateNextState]' started.
2026-05-15 06:34:41.271326+0530 Yoga of Eating[16063:129044] [[FirebaseCore]] 12.7.0 - [FirebaseCore][I-COR000003] The default Firebase app has not yet been configured. Add `FirebaseApp.configure()` to your application initialization. This can be done in in the App Delegate's application(_:didFinishLaunchingWithOptions:)` (or the `@main` struct's initializer in SwiftUI). Read more: https://firebase.google.com/docs/ios/setup#initialize_firebase_in_your_app
Test Case '-[Yoga_of_EatingTests.DailySynthesisIntegrationTests test_synthesisEngine_isUsed_notLegacyCalculateNextState]' passed (0.000 seconds).
Test Suite 'DailySynthesisIntegrationTests' passed at 2026-05-15 06:34:41.272.
	 Executed 7 tests, with 0 failures (0 unexpected) in 0.003 (0.004) seconds
Test Suite 'DateContextSubtextTests' started at 2026-05-15 06:34:41.272.
Test Case '-[Yoga_of_EatingTests.DateContextSubtextTests test_dateContextProvider_afterTenAM_noSleep_noMeals_returnsNil]' started.
2026-05-15 06:34:41.272202+0530 Yoga of Eating[16063:129047] [[FirebaseCore]] 12.7.0 - [FirebaseCore][I-COR000003] The default Firebase app has not yet been configured. Add `FirebaseApp.configure()` to your application initialization. This can be done in in the App Delegate's application(_:didFinishLaunchingWithOptions:)` (or the `@main` struct's initializer in SwiftUI). Read more: https://firebase.google.com/docs/ios/setup#initialize_firebase_in_your_app
Test Case '-[Yoga_of_EatingTests.DateContextSubtextTests test_dateContextProvider_afterTenAM_noSleep_noMeals_returnsNil]' passed (0.000 seconds).
Test Case '-[Yoga_of_EatingTests.DateContextSubtextTests test_dateContextProvider_afterTenAM_noSleep_withMeals_returnsMealsSoFar]' started.
2026-05-15 06:34:41.272768+0530 Yoga of Eating[16063:129054] [[FirebaseCore]] 12.7.0 - [FirebaseCore][I-COR000003] The default Firebase app has not yet been configured. Add `FirebaseApp.configure()` to your application initialization. This can be done in in the App Delegate's application(_:didFinishLaunchingWithOptions:)` (or the `@main` struct's initializer in SwiftUI). Read more: https://firebase.google.com/docs/ios/setup#initialize_firebase_in_your_app
Test Case '-[Yoga_of_EatingTests.DateContextSubtextTests test_dateContextProvider_afterTenAM_noSleep_withMeals_returnsMealsSoFar]' passed (0.000 seconds).
Test Case '-[Yoga_of_EatingTests.DateContextSubtextTests test_dateContextProvider_beforeTenAM_noSleep_noMeals_goodMorning]' started.
2026-05-15 06:34:41.273283+0530 Yoga of Eating[16063:129042] [[FirebaseCore]] 12.7.0 - [FirebaseCore][I-COR000003] The default Firebase app has not yet been configured. Add `FirebaseApp.configure()` to your application initialization. This can be done in in the App Delegate's application(_:didFinishLaunchingWithOptions:)` (or the `@main` struct's initializer in SwiftUI). Read more: https://firebase.google.com/docs/ios/setup#initialize_firebase_in_your_app
Test Case '-[Yoga_of_EatingTests.DateContextSubtextTests test_dateContextProvider_beforeTenAM_noSleep_noMeals_goodMorning]' passed (0.000 seconds).
Test Case '-[Yoga_of_EatingTests.DateContextSubtextTests test_dateContextProvider_exactlyAtMorningThreshold_noMeals_returnsNil]' started.
2026-05-15 06:34:41.273776+0530 Yoga of Eating[16063:129042] [[FirebaseCore]] 12.7.0 - [FirebaseCore][I-COR000003] The default Firebase app has not yet been configured. Add `FirebaseApp.configure()` to your application initialization. This can be done in in the App Delegate's application(_:didFinishLaunchingWithOptions:)` (or the `@main` struct's initializer in SwiftUI). Read more: https://firebase.google.com/docs/ios/setup#initialize_firebase_in_your_app
Test Case '-[Yoga_of_EatingTests.DateContextSubtextTests test_dateContextProvider_exactlyAtMorningThreshold_noMeals_returnsNil]' passed (0.000 seconds).
Test Case '-[Yoga_of_EatingTests.DateContextSubtextTests test_dateContextProvider_historicalDay_returnsDaysAgo]' started.
2026-05-15 06:34:41.274287+0530 Yoga of Eating[16063:129043] [[FirebaseCore]] 12.7.0 - [FirebaseCore][I-COR000003] The default Firebase app has not yet been configured. Add `FirebaseApp.configure()` to your application initialization. This can be done in in the App Delegate's application(_:didFinishLaunchingWithOptions:)` (or the `@main` struct's initializer in SwiftUI). Read more: https://firebase.google.com/docs/ios/setup#initialize_firebase_in_your_app
Test Case '-[Yoga_of_EatingTests.DateContextSubtextTests test_dateContextProvider_historicalDay_returnsDaysAgo]' passed (0.000 seconds).
Test Case '-[Yoga_of_EatingTests.DateContextSubtextTests test_dateContextProvider_historicalDay_zeroDaysAgo_returnsNil]' started.
2026-05-15 06:34:41.274752+0530 Yoga of Eating[16063:129047] [[FirebaseCore]] 12.7.0 - [FirebaseCore][I-COR000003] The default Firebase app has not yet been configured. Add `FirebaseApp.configure()` to your application initialization. This can be done in in the App Delegate's application(_:didFinishLaunchingWithOptions:)` (or the `@main` struct's initializer in SwiftUI). Read more: https://firebase.google.com/docs/ios/setup#initialize_firebase_in_your_app
Test Case '-[Yoga_of_EatingTests.DateContextSubtextTests test_dateContextProvider_historicalDay_zeroDaysAgo_returnsNil]' passed (0.000 seconds).
Test Case '-[Yoga_of_EatingTests.DateContextSubtextTests test_dateContextProvider_oneBeforeMorningThreshold_noMeals_returnsGoodMorning]' started.
2026-05-15 06:34:41.275231+0530 Yoga of Eating[16063:129042] [[FirebaseCore]] 12.7.0 - [FirebaseCore][I-COR000003] The default Firebase app has not yet been configured. Add `FirebaseApp.configure()` to your application initialization. This can be done in in the App Delegate's application(_:didFinishLaunchingWithOptions:)` (or the `@main` struct's initializer in SwiftUI). Read more: https://firebase.google.com/docs/ios/setup#initialize_firebase_in_your_app
Test Case '-[Yoga_of_EatingTests.DateContextSubtextTests test_dateContextProvider_oneBeforeMorningThreshold_noMeals_returnsGoodMorning]' passed (0.000 seconds).
Test Case '-[Yoga_of_EatingTests.DateContextSubtextTests test_dateContextProvider_sleepLogged_returnsSleep]' started.
2026-05-15 06:34:41.275720+0530 Yoga of Eating[16063:129042] [[FirebaseCore]] 12.7.0 - [FirebaseCore][I-COR000003] The default Firebase app has not yet been configured. Add `FirebaseApp.configure()` to your application initialization. This can be done in in the App Delegate's application(_:didFinishLaunchingWithOptions:)` (or the `@main` struct's initializer in SwiftUI). Read more: https://firebase.google.com/docs/ios/setup#initialize_firebase_in_your_app
Test Case '-[Yoga_of_EatingTests.DateContextSubtextTests test_dateContextProvider_sleepLogged_returnsSleep]' passed (0.000 seconds).
Test Case '-[Yoga_of_EatingTests.DateContextSubtextTests test_dateContextSubtext_historicalDay_returnsDaysAgo]' started.
2026-05-15 06:34:41.276203+0530 Yoga of Eating[16063:129044] [[FirebaseCore]] 12.7.0 - [FirebaseCore][I-COR000003] The default Firebase app has not yet been configured. Add `FirebaseApp.configure()` to your application initialization. This can be done in in the App Delegate's application(_:didFinishLaunchingWithOptions:)` (or the `@main` struct's initializer in SwiftUI). Read more: https://firebase.google.com/docs/ios/setup#initialize_firebase_in_your_app
Test Case '-[Yoga_of_EatingTests.DateContextSubtextTests test_dateContextSubtext_historicalDay_returnsDaysAgo]' passed (0.000 seconds).
Test Case '-[Yoga_of_EatingTests.DateContextSubtextTests test_dateContextSubtext_sleepLogged_containsSleptPrefix]' started.
2026-05-15 06:34:41.276665+0530 Yoga of Eating[16063:129043] [[FirebaseCore]] 12.7.0 - [FirebaseCore][I-COR000003] The default Firebase app has not yet been configured. Add `FirebaseApp.configure()` to your application initialization. This can be done in in the App Delegate's application(_:didFinishLaunchingWithOptions:)` (or the `@main` struct's initializer in SwiftUI). Read more: https://firebase.google.com/docs/ios/setup#initialize_firebase_in_your_app
Test Case '-[Yoga_of_EatingTests.DateContextSubtextTests test_dateContextSubtext_sleepLogged_containsSleptPrefix]' passed (0.000 seconds).
Test Case '-[Yoga_of_EatingTests.DateContextSubtextTests test_dateContextSubtext_sleepLogged_good_returnsCorrectString]' started.
2026-05-15 06:34:41.277134+0530 Yoga of Eating[16063:129044] [[FirebaseCore]] 12.7.0 - [FirebaseCore][I-COR000003] The default Firebase app has not yet been configured. Add `FirebaseApp.configure()` to your application initialization. This can be done in in the App Delegate's application(_:didFinishLaunchingWithOptions:)` (or the `@main` struct's initializer in SwiftUI). Read more: https://firebase.google.com/docs/ios/setup#initialize_firebase_in_your_app
Test Case '-[Yoga_of_EatingTests.DateContextSubtextTests test_dateContextSubtext_sleepLogged_good_returnsCorrectString]' passed (0.000 seconds).
Test Case '-[Yoga_of_EatingTests.DateContextSubtextTests test_dateContextSubtext_sleepLogged_poor_returnsCorrectString]' started.
2026-05-15 06:34:41.277652+0530 Yoga of Eating[16063:129047] [[FirebaseCore]] 12.7.0 - [FirebaseCore][I-COR000003] The default Firebase app has not yet been configured. Add `FirebaseApp.configure()` to your application initialization. This can be done in in the App Delegate's application(_:didFinishLaunchingWithOptions:)` (or the `@main` struct's initializer in SwiftUI). Read more: https://firebase.google.com/docs/ios/setup#initialize_firebase_in_your_app
Test Case '-[Yoga_of_EatingTests.DateContextSubtextTests test_dateContextSubtext_sleepLogged_poor_returnsCorrectString]' passed (0.000 seconds).
Test Case '-[Yoga_of_EatingTests.DateContextSubtextTests test_dateContextSubtext_todayBeforeTenAM_noSleep_returnsGoodMorning]' started.
2026-05-15 06:34:41.278126+0530 Yoga of Eating[16063:129044] [[FirebaseCore]] 12.7.0 - [FirebaseCore][I-COR000003] The default Firebase app has not yet been configured. Add `FirebaseApp.configure()` to your application initialization. This can be done in in the App Delegate's application(_:didFinishLaunchingWithOptions:)` (or the `@main` struct's initializer in SwiftUI). Read more: https://firebase.google.com/docs/ios/setup#initialize_firebase_in_your_app
Test Case '-[Yoga_of_EatingTests.DateContextSubtextTests test_dateContextSubtext_todayBeforeTenAM_noSleep_returnsGoodMorning]' passed (0.000 seconds).
Test Case '-[Yoga_of_EatingTests.DateContextSubtextTests test_dateContextSubtext_todayWithNoConditionsMet_typeIsOptionalString]' started.
2026-05-15 06:34:41.278609+0530 Yoga of Eating[16063:129042] [[FirebaseCore]] 12.7.0 - [FirebaseCore][I-COR000003] The default Firebase app has not yet been configured. Add `FirebaseApp.configure()` to your application initialization. This can be done in in the App Delegate's application(_:didFinishLaunchingWithOptions:)` (or the `@main` struct's initializer in SwiftUI). Read more: https://firebase.google.com/docs/ios/setup#initialize_firebase_in_your_app
Test Case '-[Yoga_of_EatingTests.DateContextSubtextTests test_dateContextSubtext_todayWithNoConditionsMet_typeIsOptionalString]' passed (0.000 seconds).
Test Case '-[Yoga_of_EatingTests.DateContextSubtextTests test_dateContextSubtext_withMeals_mealsSoFarStringIsCorrect]' started.
2026-05-15 06:34:41.279086+0530 Yoga of Eating[16063:129043] [[FirebaseCore]] 12.7.0 - [FirebaseCore][I-COR000003] The default Firebase app has not yet been configured. Add `FirebaseApp.configure()` to your application initialization. This can be done in in the App Delegate's application(_:didFinishLaunchingWithOptions:)` (or the `@main` struct's initializer in SwiftUI). Read more: https://firebase.google.com/docs/ios/setup#initialize_firebase_in_your_app
Test Case '-[Yoga_of_EatingTests.DateContextSubtextTests test_dateContextSubtext_withMeals_mealsSoFarStringIsCorrect]' passed (0.000 seconds).
Test Case '-[Yoga_of_EatingTests.DateContextSubtextTests test_dateContextSubtext_withOneMeal_mealsSoFarUseSingular]' started.
2026-05-15 06:34:41.279591+0530 Yoga of Eating[16063:129054] [[FirebaseCore]] 12.7.0 - [FirebaseCore][I-COR000003] The default Firebase app has not yet been configured. Add `FirebaseApp.configure()` to your application initialization. This can be done in in the App Delegate's application(_:didFinishLaunchingWithOptions:)` (or the `@main` struct's initializer in SwiftUI). Read more: https://firebase.google.com/docs/ios/setup#initialize_firebase_in_your_app
Test Case '-[Yoga_of_EatingTests.DateContextSubtextTests test_dateContextSubtext_withOneMeal_mealsSoFarUseSingular]' passed (0.000 seconds).
Test Case '-[Yoga_of_EatingTests.DateContextSubtextTests test_dateHeaderStrings_backToToday_isNotEmpty]' started.
2026-05-15 06:34:41.280068+0530 Yoga of Eating[16063:129044] [[FirebaseCore]] 12.7.0 - [FirebaseCore][I-COR000003] The default Firebase app has not yet been configured. Add `FirebaseApp.configure()` to your application initialization. This can be done in in the App Delegate's application(_:didFinishLaunchingWithOptions:)` (or the `@main` struct's initializer in SwiftUI). Read more: https://firebase.google.com/docs/ios/setup#initialize_firebase_in_your_app
Test Case '-[Yoga_of_EatingTests.DateContextSubtextTests test_dateHeaderStrings_backToToday_isNotEmpty]' passed (0.000 seconds).
Test Case '-[Yoga_of_EatingTests.DateContextSubtextTests test_dateHeaderStrings_backToToday_matchesExpected]' started.
2026-05-15 06:34:41.280531+0530 Yoga of Eating[16063:129043] [[FirebaseCore]] 12.7.0 - [FirebaseCore][I-COR000003] The default Firebase app has not yet been configured. Add `FirebaseApp.configure()` to your application initialization. This can be done in in the App Delegate's application(_:didFinishLaunchingWithOptions:)` (or the `@main` struct's initializer in SwiftUI). Read more: https://firebase.google.com/docs/ios/setup#initialize_firebase_in_your_app
Test Case '-[Yoga_of_EatingTests.DateContextSubtextTests test_dateHeaderStrings_backToToday_matchesExpected]' passed (0.000 seconds).
Test Case '-[Yoga_of_EatingTests.DateContextSubtextTests test_dateHeaderStrings_daysAgo_plural]' started.
2026-05-15 06:34:41.280973+0530 Yoga of Eating[16063:129043] [[FirebaseCore]] 12.7.0 - [FirebaseCore][I-COR000003] The default Firebase app has not yet been configured. Add `FirebaseApp.configure()` to your application initialization. This can be done in in the App Delegate's application(_:didFinishLaunchingWithOptions:)` (or the `@main` struct's initializer in SwiftUI). Read more: https://firebase.google.com/docs/ios/setup#initialize_firebase_in_your_app
Test Case '-[Yoga_of_EatingTests.DateContextSubtextTests test_dateHeaderStrings_daysAgo_plural]' passed (0.000 seconds).
Test Case '-[Yoga_of_EatingTests.DateContextSubtextTests test_dateHeaderStrings_daysAgo_singular]' started.
Test Case '-[Yoga_of_EatingTests.DateContextSubtextTests test_dateHeaderStrings_daysAgo_singular]' passed (0.000 seconds).
2026-05-15 06:34:41.281478+0530 Yoga of Eating[16063:129044] [[FirebaseCore]] 12.7.0 - [FirebaseCore][I-COR000003] The default Firebase app has not yet been configured. Add `FirebaseApp.configure()` to your application initialization. This can be done in in the App Delegate's application(_:didFinishLaunchingWithOptions:)` (or the `@main` struct's initializer in SwiftUI). Read more: https://firebase.google.com/docs/ios/setup#initialize_firebase_in_your_app
Test Case '-[Yoga_of_EatingTests.DateContextSubtextTests test_dateHeaderStrings_goodMorning_isNotEmpty]' started.
2026-05-15 06:34:41.281902+0530 Yoga of Eating[16063:129042] [[FirebaseCore]] 12.7.0 - [FirebaseCore][I-COR000003] The default Firebase app has not yet been configured. Add `FirebaseApp.configure()` to your application initialization. This can be done in in the App Delegate's application(_:didFinishLaunchingWithOptions:)` (or the `@main` struct's initializer in SwiftUI). Read more: https://firebase.google.com/docs/ios/setup#initialize_firebase_in_your_app
Test Case '-[Yoga_of_EatingTests.DateContextSubtextTests test_dateHeaderStrings_goodMorning_isNotEmpty]' passed (0.000 seconds).
Test Case '-[Yoga_of_EatingTests.DateContextSubtextTests test_dateHeaderStrings_mealsSoFar_plural]' started.
2026-05-15 06:34:41.282391+0530 Yoga of Eating[16063:129047] [[FirebaseCore]] 12.7.0 - [FirebaseCore][I-COR000003] The default Firebase app has not yet been configured. Add `FirebaseApp.configure()` to your application initialization. This can be done in in the App Delegate's application(_:didFinishLaunchingWithOptions:)` (or the `@main` struct's initializer in SwiftUI). Read more: https://firebase.google.com/docs/ios/setup#initialize_firebase_in_your_app
Test Case '-[Yoga_of_EatingTests.DateContextSubtextTests test_dateHeaderStrings_mealsSoFar_plural]' passed (0.000 seconds).
Test Case '-[Yoga_of_EatingTests.DateContextSubtextTests test_dateHeaderStrings_mealsSoFar_singular]' started.
2026-05-15 06:34:41.282820+0530 Yoga of Eating[16063:129054] [[FirebaseCore]] 12.7.0 - [FirebaseCore][I-COR000003] The default Firebase app has not yet been configured. Add `FirebaseApp.configure()` to your application initialization. This can be done in in the App Delegate's application(_:didFinishLaunchingWithOptions:)` (or the `@main` struct's initializer in SwiftUI). Read more: https://firebase.google.com/docs/ios/setup#initialize_firebase_in_your_app
Test Case '-[Yoga_of_EatingTests.DateContextSubtextTests test_dateHeaderStrings_mealsSoFar_singular]' passed (0.000 seconds).
Test Case '-[Yoga_of_EatingTests.DateContextSubtextTests test_dateHeaderStrings_sleptQuality_includesQuality]' started.
2026-05-15 06:34:41.283292+0530 Yoga of Eating[16063:129047] [[FirebaseCore]] 12.7.0 - [FirebaseCore][I-COR000003] The default Firebase app has not yet been configured. Add `FirebaseApp.configure()` to your application initialization. This can be done in in the App Delegate's application(_:didFinishLaunchingWithOptions:)` (or the `@main` struct's initializer in SwiftUI). Read more: https://firebase.google.com/docs/ios/setup#initialize_firebase_in_your_app
Test Case '-[Yoga_of_EatingTests.DateContextSubtextTests test_dateHeaderStrings_sleptQuality_includesQuality]' passed (0.000 seconds).
Test Suite 'DateContextSubtextTests' passed at 2026-05-15 06:34:41.283.
	 Executed 24 tests, with 0 failures (0 unexpected) in 0.008 (0.012) seconds
Test Suite 'DateNavigationBannerTests' started at 2026-05-15 06:34:41.284.
Test Case '-[Yoga_of_EatingTests.DateNavigationBannerTests test_canNavigateToNextDay_falseWhenViewingToday]' started.
2026-05-15 06:34:41.283985+0530 Yoga of Eating[16063:129054] [[FirebaseCore]] 12.7.0 - [FirebaseCore][I-COR000003] The default Firebase app has not yet been configured. Add `FirebaseApp.configure()` to your application initialization. This can be done in in the App Delegate's application(_:didFinishLaunchingWithOptions:)` (or the `@main` struct's initializer in SwiftUI). Read more: https://firebase.google.com/docs/ios/setup#initialize_firebase_in_your_app
Test Case '-[Yoga_of_EatingTests.DateNavigationBannerTests test_canNavigateToNextDay_falseWhenViewingToday]' passed (0.000 seconds).
Test Case '-[Yoga_of_EatingTests.DateNavigationBannerTests test_canNavigateToPreviousDay_falseWhenAtMaxDaysBack]' started.
2026-05-15 06:34:41.284493+0530 Yoga of Eating[16063:129054] [[FirebaseCore]] 12.7.0 - [FirebaseCore][I-COR000003] The default Firebase app has not yet been configured. Add `FirebaseApp.configure()` to your application initialization. This can be done in in the App Delegate's application(_:didFinishLaunchingWithOptions:)` (or the `@main` struct's initializer in SwiftUI). Read more: https://firebase.google.com/docs/ios/setup#initialize_firebase_in_your_app
Test Case '-[Yoga_of_EatingTests.DateNavigationBannerTests test_canNavigateToPreviousDay_falseWhenAtMaxDaysBack]' passed (0.001 seconds).
Test Case '-[Yoga_of_EatingTests.DateNavigationBannerTests test_canNavigateToPreviousDay_trueOnInit]' started.
2026-05-15 06:34:41.285263+0530 Yoga of Eating[16063:129044] [[FirebaseCore]] 12.7.0 - [FirebaseCore][I-COR000003] The default Firebase app has not yet been configured. Add `FirebaseApp.configure()` to your application initialization. This can be done in in the App Delegate's application(_:didFinishLaunchingWithOptions:)` (or the `@main` struct's initializer in SwiftUI). Read more: https://firebase.google.com/docs/ios/setup#initialize_firebase_in_your_app
Test Case '-[Yoga_of_EatingTests.DateNavigationBannerTests test_canNavigateToPreviousDay_trueOnInit]' passed (0.000 seconds).
Test Case '-[Yoga_of_EatingTests.DateNavigationBannerTests test_formattedSelectedDate_changesOnNavigation]' started.
2026-05-15 06:34:41.285721+0530 Yoga of Eating[16063:129042] [[FirebaseCore]] 12.7.0 - [FirebaseCore][I-COR000003] The default Firebase app has not yet been configured. Add `FirebaseApp.configure()` to your application initialization. This can be done in in the App Delegate's application(_:didFinishLaunchingWithOptions:)` (or the `@main` struct's initializer in SwiftUI). Read more: https://firebase.google.com/docs/ios/setup#initialize_firebase_in_your_app
Test Case '-[Yoga_of_EatingTests.DateNavigationBannerTests test_formattedSelectedDate_changesOnNavigation]' passed (0.000 seconds).
Test Case '-[Yoga_of_EatingTests.DateNavigationBannerTests test_formattedSelectedDate_isNonEmpty]' started.
2026-05-15 06:34:41.286331+0530 Yoga of Eating[16063:129042] [[FirebaseCore]] 12.7.0 - [FirebaseCore][I-COR000003] The default Firebase app has not yet been configured. Add `FirebaseApp.configure()` to your application initialization. This can be done in in the App Delegate's application(_:didFinishLaunchingWithOptions:)` (or the `@main` struct's initializer in SwiftUI). Read more: https://firebase.google.com/docs/ios/setup#initialize_firebase_in_your_app
Test Case '-[Yoga_of_EatingTests.DateNavigationBannerTests test_formattedSelectedDate_isNonEmpty]' passed (0.000 seconds).
Test Case '-[Yoga_of_EatingTests.DateNavigationBannerTests test_isViewingToday_trueOnInit]' started.
2026-05-15 06:34:41.286825+0530 Yoga of Eating[16063:129047] [[FirebaseCore]] 12.7.0 - [FirebaseCore][I-COR000003] The default Firebase app has not yet been configured. Add `FirebaseApp.configure()` to your application initialization. This can be done in in the App Delegate's application(_:didFinishLaunchingWithOptions:)` (or the `@main` struct's initializer in SwiftUI). Read more: https://firebase.google.com/docs/ios/setup#initialize_firebase_in_your_app
Test Case '-[Yoga_of_EatingTests.DateNavigationBannerTests test_isViewingToday_trueOnInit]' passed (0.000 seconds).
Test Case '-[Yoga_of_EatingTests.DateNavigationBannerTests test_navigateToPreviousDay_canNavigateToNextDay]' started.
2026-05-15 06:34:41.287361+0530 Yoga of Eating[16063:129054] [[FirebaseCore]] 12.7.0 - [FirebaseCore][I-COR000003] The default Firebase app has not yet been configured. Add `FirebaseApp.configure()` to your application initialization. This can be done in in the App Delegate's application(_:didFinishLaunchingWithOptions:)` (or the `@main` struct's initializer in SwiftUI). Read more: https://firebase.google.com/docs/ios/setup#initialize_firebase_in_your_app
Test Case '-[Yoga_of_EatingTests.DateNavigationBannerTests test_navigateToPreviousDay_canNavigateToNextDay]' passed (0.000 seconds).
Test Case '-[Yoga_of_EatingTests.DateNavigationBannerTests test_navigateToPreviousDay_isNoLongerViewingToday]' started.
2026-05-15 06:34:41.287839+0530 Yoga of Eating[16063:129047] [[FirebaseCore]] 12.7.0 - [FirebaseCore][I-COR000003] The default Firebase app has not yet been configured. Add `FirebaseApp.configure()` to your application initialization. This can be done in in the App Delegate's application(_:didFinishLaunchingWithOptions:)` (or the `@main` struct's initializer in SwiftUI). Read more: https://firebase.google.com/docs/ios/setup#initialize_firebase_in_your_app
Test Case '-[Yoga_of_EatingTests.DateNavigationBannerTests test_navigateToPreviousDay_isNoLongerViewingToday]' passed (0.000 seconds).
Test Case '-[Yoga_of_EatingTests.DateNavigationBannerTests test_navigateToPreviousDay_selectedDateIsYesterday]' started.
2026-05-15 06:34:41.288390+0530 Yoga of Eating[16063:129043] [[FirebaseCore]] 12.7.0 - [FirebaseCore][I-COR000003] The default Firebase app has not yet been configured. Add `FirebaseApp.configure()` to your application initialization. This can be done in in the App Delegate's application(_:didFinishLaunchingWithOptions:)` (or the `@main` struct's initializer in SwiftUI). Read more: https://firebase.google.com/docs/ios/setup#initialize_firebase_in_your_app
Test Case '-[Yoga_of_EatingTests.DateNavigationBannerTests test_navigateToPreviousDay_selectedDateIsYesterday]' passed (0.000 seconds).
Test Case '-[Yoga_of_EatingTests.DateNavigationBannerTests test_navigateToToday_disablesNextDayArrow]' started.
2026-05-15 06:34:41.288921+0530 Yoga of Eating[16063:129054] [[FirebaseCore]] 12.7.0 - [FirebaseCore][I-COR000003] The default Firebase app has not yet been configured. Add `FirebaseApp.configure()` to your application initialization. This can be done in in the App Delegate's application(_:didFinishLaunchingWithOptions:)` (or the `@main` struct's initializer in SwiftUI). Read more: https://firebase.google.com/docs/ios/setup#initialize_firebase_in_your_app
Test Case '-[Yoga_of_EatingTests.DateNavigationBannerTests test_navigateToToday_disablesNextDayArrow]' passed (0.000 seconds).
Test Case '-[Yoga_of_EatingTests.DateNavigationBannerTests test_navigateToToday_resetsViewingToday]' started.
2026-05-15 06:34:41.289396+0530 Yoga of Eating[16063:129043] [[FirebaseCore]] 12.7.0 - [FirebaseCore][I-COR000003] The default Firebase app has not yet been configured. Add `FirebaseApp.configure()` to your application initialization. This can be done in in the App Delegate's application(_:didFinishLaunchingWithOptions:)` (or the `@main` struct's initializer in SwiftUI). Read more: https://firebase.google.com/docs/ios/setup#initialize_firebase_in_your_app
Test Case '-[Yoga_of_EatingTests.DateNavigationBannerTests test_navigateToToday_resetsViewingToday]' passed (0.000 seconds).
Test Suite 'DateNavigationBannerTests' passed at 2026-05-15 06:34:41.290.
	 Executed 11 tests, with 0 failures (0 unexpected) in 0.004 (0.006) seconds
Test Suite 'DayNavigationTests' started at 2026-05-15 06:34:41.290.
Test Case '-[Yoga_of_EatingTests.DayNavigationTests test_canNavigateToNextDay_returnsFalse_whenOnToday]' started.
2026-05-15 06:34:41.290440+0530 Yoga of Eating[16063:129044] [[FirebaseCore]] 12.7.0 - [FirebaseCore][I-COR000003] The default Firebase app has not yet been configured. Add `FirebaseApp.configure()` to your application initialization. This can be done in in the App Delegate's application(_:didFinishLaunchingWithOptions:)` (or the `@main` struct's initializer in SwiftUI). Read more: https://firebase.google.com/docs/ios/setup#initialize_firebase_in_your_app
Test Case '-[Yoga_of_EatingTests.DayNavigationTests test_canNavigateToNextDay_returnsFalse_whenOnToday]' passed (0.001 seconds).
Test Case '-[Yoga_of_EatingTests.DayNavigationTests test_canNavigateToNextDay_returnsTrue_whenViewingPastDay]' started.
2026-05-15 06:34:41.290999+0530 Yoga of Eating[16063:129042] [[FirebaseCore]] 12.7.0 - [FirebaseCore][I-COR000003] The default Firebase app has not yet been configured. Add `FirebaseApp.configure()` to your application initialization. This can be done in in the App Delegate's application(_:didFinishLaunchingWithOptions:)` (or the `@main` struct's initializer in SwiftUI). Read more: https://firebase.google.com/docs/ios/setup#initialize_firebase_in_your_app
Test Case '-[Yoga_of_EatingTests.DayNavigationTests test_canNavigateToNextDay_returnsTrue_whenViewingPastDay]' passed (0.000 seconds).
Test Case '-[Yoga_of_EatingTests.DayNavigationTests test_canNavigateToPreviousDay_returnsTrue_whenWithinBounds]' started.
2026-05-15 06:34:41.291579+0530 Yoga of Eating[16063:129042] [[FirebaseCore]] 12.7.0 - [FirebaseCore][I-COR000003] The default Firebase app has not yet been configured. Add `FirebaseApp.configure()` to your application initialization. This can be done in in the App Delegate's application(_:didFinishLaunchingWithOptions:)` (or the `@main` struct's initializer in SwiftUI). Read more: https://firebase.google.com/docs/ios/setup#initialize_firebase_in_your_app
Test Case '-[Yoga_of_EatingTests.DayNavigationTests test_canNavigateToPreviousDay_returnsTrue_whenWithinBounds]' passed (0.000 seconds).
Test Case '-[Yoga_of_EatingTests.DayNavigationTests test_formattedSelectedDate_returnsCorrectFormat]' started.
2026-05-15 06:34:41.292107+0530 Yoga of Eating[16063:129043] [[FirebaseCore]] 12.7.0 - [FirebaseCore][I-COR000003] The default Firebase app has not yet been configured. Add `FirebaseApp.configure()` to your application initialization. This can be done in in the App Delegate's application(_:didFinishLaunchingWithOptions:)` (or the `@main` struct's initializer in SwiftUI). Read more: https://firebase.google.com/docs/ios/setup#initialize_firebase_in_your_app
Test Case '-[Yoga_of_EatingTests.DayNavigationTests test_formattedSelectedDate_returnsCorrectFormat]' passed (0.002 seconds).
Test Case '-[Yoga_of_EatingTests.DayNavigationTests test_isViewingToday_returnsFalseWhenViewingPastDay]' started.
2026-05-15 06:34:41.293790+0530 Yoga of Eating[16063:129043] [[FirebaseCore]] 12.7.0 - [FirebaseCore][I-COR000003] The default Firebase app has not yet been configured. Add `FirebaseApp.configure()` to your application initialization. This can be done in in the App Delegate's application(_:didFinishLaunchingWithOptions:)` (or the `@main` struct's initializer in SwiftUI). Read more: https://firebase.google.com/docs/ios/setup#initialize_firebase_in_your_app
Test Case '-[Yoga_of_EatingTests.DayNavigationTests test_isViewingToday_returnsFalseWhenViewingPastDay]' passed (0.000 seconds).
Test Case '-[Yoga_of_EatingTests.DayNavigationTests test_isViewingToday_returnsTrueByDefault]' started.
2026-05-15 06:34:41.294349+0530 Yoga of Eating[16063:129042] [[FirebaseCore]] 12.7.0 - [FirebaseCore][I-COR000003] The default Firebase app has not yet been configured. Add `FirebaseApp.configure()` to your application initialization. This can be done in in the App Delegate's application(_:didFinishLaunchingWithOptions:)` (or the `@main` struct's initializer in SwiftUI). Read more: https://firebase.google.com/docs/ios/setup#initialize_firebase_in_your_app
Test Case '-[Yoga_of_EatingTests.DayNavigationTests test_isViewingToday_returnsTrueByDefault]' passed (0.000 seconds).
Test Case '-[Yoga_of_EatingTests.DayNavigationTests test_maxDaysBack_defaultsTo30]' started.
2026-05-15 06:34:41.294817+0530 Yoga of Eating[16063:129042] [[FirebaseCore]] 12.7.0 - [FirebaseCore][I-COR000003] The default Firebase app has not yet been configured. Add `FirebaseApp.configure()` to your application initialization. This can be done in in the App Delegate's application(_:didFinishLaunchingWithOptions:)` (or the `@main` struct's initializer in SwiftUI). Read more: https://firebase.google.com/docs/ios/setup#initialize_firebase_in_your_app
Test Case '-[Yoga_of_EatingTests.DayNavigationTests test_maxDaysBack_defaultsTo30]' passed (0.000 seconds).
Test Case '-[Yoga_of_EatingTests.DayNavigationTests test_mealsForSelectedDate_returnsEmptyArray_whenNoHistoricalData]' started.
2026-05-15 06:34:41.295324+0530 Yoga of Eating[16063:129054] [[FirebaseCore]] 12.7.0 - [FirebaseCore][I-COR000003] The default Firebase app has not yet been configured. Add `FirebaseApp.configure()` to your application initialization. This can be done in in the App Delegate's application(_:didFinishLaunchingWithOptions:)` (or the `@main` struct's initializer in SwiftUI). Read more: https://firebase.google.com/docs/ios/setup#initialize_firebase_in_your_app
Test Case '-[Yoga_of_EatingTests.DayNavigationTests test_mealsForSelectedDate_returnsEmptyArray_whenNoHistoricalData]' passed (0.000 seconds).
Test Case '-[Yoga_of_EatingTests.DayNavigationTests test_mealsForSelectedDate_returnsHistoricalMeals_whenViewingPastDay]' started.
2026-05-15 06:34:41.295807+0530 Yoga of Eating[16063:129042] [[FirebaseCore]] 12.7.0 - [FirebaseCore][I-COR000003] The default Firebase app has not yet been configured. Add `FirebaseApp.configure()` to your application initialization. This can be done in in the App Delegate's application(_:didFinishLaunchingWithOptions:)` (or the `@main` struct's initializer in SwiftUI). Read more: https://firebase.google.com/docs/ios/setup#initialize_firebase_in_your_app
Test Case '-[Yoga_of_EatingTests.DayNavigationTests test_mealsForSelectedDate_returnsHistoricalMeals_whenViewingPastDay]' passed (0.000 seconds).
Test Case '-[Yoga_of_EatingTests.DayNavigationTests test_mealsForSelectedDate_returnsTodaysMeals_whenViewingToday]' started.
2026-05-15 06:34:41.296359+0530 Yoga of Eating[16063:129054] [[FirebaseCore]] 12.7.0 - [FirebaseCore][I-COR000003] The default Firebase app has not yet been configured. Add `FirebaseApp.configure()` to your application initialization. This can be done in in the App Delegate's application(_:didFinishLaunchingWithOptions:)` (or the `@main` struct's initializer in SwiftUI). Read more: https://firebase.google.com/docs/ios/setup#initialize_firebase_in_your_app
Test Case '-[Yoga_of_EatingTests.DayNavigationTests test_mealsForSelectedDate_returnsTodaysMeals_whenViewingToday]' passed (0.000 seconds).
Test Case '-[Yoga_of_EatingTests.DayNavigationTests test_navigateToDate_cannotNavigateToFuture]' started.
2026-05-15 06:34:41.296877+0530 Yoga of Eating[16063:129054] [[FirebaseCore]] 12.7.0 - [FirebaseCore][I-COR000003] The default Firebase app has not yet been configured. Add `FirebaseApp.configure()` to your application initialization. This can be done in in the App Delegate's application(_:didFinishLaunchingWithOptions:)` (or the `@main` struct's initializer in SwiftUI). Read more: https://firebase.google.com/docs/ios/setup#initialize_firebase_in_your_app
Test Case '-[Yoga_of_EatingTests.DayNavigationTests test_navigateToDate_cannotNavigateToFuture]' passed (0.000 seconds).
Test Case '-[Yoga_of_EatingTests.DayNavigationTests test_navigateToDate_updatesSelectedDate]' started.
2026-05-15 06:34:41.297318+0530 Yoga of Eating[16063:129054] [[FirebaseCore]] 12.7.0 - [FirebaseCore][I-COR000003] The default Firebase app has not yet been configured. Add `FirebaseApp.configure()` to your application initialization. This can be done in in the App Delegate's application(_:didFinishLaunchingWithOptions:)` (or the `@main` struct's initializer in SwiftUI). Read more: https://firebase.google.com/docs/ios/setup#initialize_firebase_in_your_app
Test Case '-[Yoga_of_EatingTests.DayNavigationTests test_navigateToDate_updatesSelectedDate]' passed (0.000 seconds).
Test Case '-[Yoga_of_EatingTests.DayNavigationTests test_navigateToIndex_clampsToValidRange]' started.
2026-05-15 06:34:41.297765+0530 Yoga of Eating[16063:129043] [[FirebaseCore]] 12.7.0 - [FirebaseCore][I-COR000003] The default Firebase app has not yet been configured. Add `FirebaseApp.configure()` to your application initialization. This can be done in in the App Delegate's application(_:didFinishLaunchingWithOptions:)` (or the `@main` struct's initializer in SwiftUI). Read more: https://firebase.google.com/docs/ios/setup#initialize_firebase_in_your_app
Test Case '-[Yoga_of_EatingTests.DayNavigationTests test_navigateToIndex_clampsToValidRange]' passed (0.000 seconds).
Test Case '-[Yoga_of_EatingTests.DayNavigationTests test_navigateToIndex_respectsMaxDaysBack]' started.
2026-05-15 06:34:41.298269+0530 Yoga of Eating[16063:129054] [[FirebaseCore]] 12.7.0 - [FirebaseCore][I-COR000003] The default Firebase app has not yet been configured. Add `FirebaseApp.configure()` to your application initialization. This can be done in in the App Delegate's application(_:didFinishLaunchingWithOptions:)` (or the `@main` struct's initializer in SwiftUI). Read more: https://firebase.google.com/docs/ios/setup#initialize_firebase_in_your_app
Test Case '-[Yoga_of_EatingTests.DayNavigationTests test_navigateToIndex_respectsMaxDaysBack]' passed (0.000 seconds).
Test Case '-[Yoga_of_EatingTests.DayNavigationTests test_navigateToIndex_updatesSelectedDate]' started.
2026-05-15 06:34:41.298831+0530 Yoga of Eating[16063:129047] [[FirebaseCore]] 12.7.0 - [FirebaseCore][I-COR000003] The default Firebase app has not yet been configured. Add `FirebaseApp.configure()` to your application initialization. This can be done in in the App Delegate's application(_:didFinishLaunchingWithOptions:)` (or the `@main` struct's initializer in SwiftUI). Read more: https://firebase.google.com/docs/ios/setup#initialize_firebase_in_your_app
Test Case '-[Yoga_of_EatingTests.DayNavigationTests test_navigateToIndex_updatesSelectedDate]' passed (0.000 seconds).
Test Case '-[Yoga_of_EatingTests.DayNavigationTests test_navigateToNextDay_doesNotExceedToday]' started.
2026-05-15 06:34:41.299409+0530 Yoga of Eating[16063:129054] [[FirebaseCore]] 12.7.0 - [FirebaseCore][I-COR000003] The default Firebase app has not yet been configured. Add `FirebaseApp.configure()` to your application initialization. This can be done in in the App Delegate's application(_:didFinishLaunchingWithOptions:)` (or the `@main` struct's initializer in SwiftUI). Read more: https://firebase.google.com/docs/ios/setup#initialize_firebase_in_your_app
Test Case '-[Yoga_of_EatingTests.DayNavigationTests test_navigateToNextDay_doesNotExceedToday]' passed (0.000 seconds).
Test Case '-[Yoga_of_EatingTests.DayNavigationTests test_navigateToNextDay_movesForwardOneDay]' started.
2026-05-15 06:34:41.299937+0530 Yoga of Eating[16063:129054] [[FirebaseCore]] 12.7.0 - [FirebaseCore][I-COR000003] The default Firebase app has not yet been configured. Add `FirebaseApp.configure()` to your application initialization. This can be done in in the App Delegate's application(_:didFinishLaunchingWithOptions:)` (or the `@main` struct's initializer in SwiftUI). Read more: https://firebase.google.com/docs/ios/setup#initialize_firebase_in_your_app
Test Case '-[Yoga_of_EatingTests.DayNavigationTests test_navigateToNextDay_movesForwardOneDay]' passed (0.000 seconds).
Test Case '-[Yoga_of_EatingTests.DayNavigationTests test_navigateToPreviousDay_movesBackOneDay]' started.
2026-05-15 06:34:41.300436+0530 Yoga of Eating[16063:129044] [[FirebaseCore]] 12.7.0 - [FirebaseCore][I-COR000003] The default Firebase app has not yet been configured. Add `FirebaseApp.configure()` to your application initialization. This can be done in in the App Delegate's application(_:didFinishLaunchingWithOptions:)` (or the `@main` struct's initializer in SwiftUI). Read more: https://firebase.google.com/docs/ios/setup#initialize_firebase_in_your_app
Test Case '-[Yoga_of_EatingTests.DayNavigationTests test_navigateToPreviousDay_movesBackOneDay]' passed (0.000 seconds).
Test Case '-[Yoga_of_EatingTests.DayNavigationTests test_navigateToToday_returnsToCurrentDay]' started.
2026-05-15 06:34:41.300918+0530 Yoga of Eating[16063:129044] [[FirebaseCore]] 12.7.0 - [FirebaseCore][I-COR000003] The default Firebase app has not yet been configured. Add `FirebaseApp.configure()` to your application initialization. This can be done in in the App Delegate's application(_:didFinishLaunchingWithOptions:)` (or the `@main` struct's initializer in SwiftUI). Read more: https://firebase.google.com/docs/ios/setup#initialize_firebase_in_your_app
Test Case '-[Yoga_of_EatingTests.DayNavigationTests test_navigateToToday_returnsToCurrentDay]' passed (0.000 seconds).
Test Case '-[Yoga_of_EatingTests.DayNavigationTests test_selectedDate_defaultsToToday]' started.
2026-05-15 06:34:41.301528+0530 Yoga of Eating[16063:129047] [[FirebaseCore]] 12.7.0 - [FirebaseCore][I-COR000003] The default Firebase app has not yet been configured. Add `FirebaseApp.configure()` to your application initialization. This can be done in in the App Delegate's application(_:didFinishLaunchingWithOptions:)` (or the `@main` struct's initializer in SwiftUI). Read more: https://firebase.google.com/docs/ios/setup#initialize_firebase_in_your_app
Test Case '-[Yoga_of_EatingTests.DayNavigationTests test_selectedDate_defaultsToToday]' passed (0.000 seconds).
Test Case '-[Yoga_of_EatingTests.DayNavigationTests test_selectedDayIndex_returnsCorrectValue_forPastDays]' started.
2026-05-15 06:34:41.301998+0530 Yoga of Eating[16063:129047] [[FirebaseCore]] 12.7.0 - [FirebaseCore][I-COR000003] The default Firebase app has not yet been configured. Add `FirebaseApp.configure()` to your application initialization. This can be done in in the App Delegate's application(_:didFinishLaunchingWithOptions:)` (or the `@main` struct's initializer in SwiftUI). Read more: https://firebase.google.com/docs/ios/setup#initialize_firebase_in_your_app
Test Case '-[Yoga_of_EatingTests.DayNavigationTests test_selectedDayIndex_returnsCorrectValue_forPastDays]' passed (0.000 seconds).
Test Case '-[Yoga_of_EatingTests.DayNavigationTests test_selectedDayIndex_returnsZero_forToday]' started.
2026-05-15 06:34:41.302491+0530 Yoga of Eating[16063:129042] [[FirebaseCore]] 12.7.0 - [FirebaseCore][I-COR000003] The default Firebase app has not yet been configured. Add `FirebaseApp.configure()` to your application initialization. This can be done in in the App Delegate's application(_:didFinishLaunchingWithOptions:)` (or the `@main` struct's initializer in SwiftUI). Read more: https://firebase.google.com/docs/ios/setup#initialize_firebase_in_your_app
Test Case '-[Yoga_of_EatingTests.DayNavigationTests test_selectedDayIndex_returnsZero_forToday]' passed (0.000 seconds).
Test Case '-[Yoga_of_EatingTests.DayNavigationTests test_snapshotForSelectedDate_returnsNil_forTodayWithoutArchive]' started.
2026-05-15 06:34:41.302981+0530 Yoga of Eating[16063:129043] [[FirebaseCore]] 12.7.0 - [FirebaseCore][I-COR000003] The default Firebase app has not yet been configured. Add `FirebaseApp.configure()` to your application initialization. This can be done in in the App Delegate's application(_:didFinishLaunchingWithOptions:)` (or the `@main` struct's initializer in SwiftUI). Read more: https://firebase.google.com/docs/ios/setup#initialize_firebase_in_your_app
Test Case '-[Yoga_of_EatingTests.DayNavigationTests test_snapshotForSelectedDate_returnsNil_forTodayWithoutArchive]' passed (0.000 seconds).
Test Case '-[Yoga_of_EatingTests.DayNavigationTests test_snapshotForSelectedDate_returnsSnapshot_forHistoricalDay]' started.
2026-05-15 06:34:41.303491+0530 Yoga of Eating[16063:129047] [[FirebaseCore]] 12.7.0 - [FirebaseCore][I-COR000003] The default Firebase app has not yet been configured. Add `FirebaseApp.configure()` to your application initialization. This can be done in in the App Delegate's application(_:didFinishLaunchingWithOptions:)` (or the `@main` struct's initializer in SwiftUI). Read more: https://firebase.google.com/docs/ios/setup#initialize_firebase_in_your_app
Test Case '-[Yoga_of_EatingTests.DayNavigationTests test_snapshotForSelectedDate_returnsSnapshot_forHistoricalDay]' passed (0.014 seconds).
Test Suite 'DayNavigationTests' passed at 2026-05-15 06:34:41.317.
	 Executed 24 tests, with 0 failures (0 unexpected) in 0.024 (0.027) seconds
Test Suite 'DaySummaryTests' started at 2026-05-15 06:34:41.317.
Test Case '-[Yoga_of_EatingTests.DaySummaryTests test_averageHealthScoreToday_boundaryScores_returnsCorrectAverage]' started.
2026-05-15 06:34:41.317880+0530 Yoga of Eating[16063:129047] [[FirebaseCore]] 12.7.0 - [FirebaseCore][I-COR000003] The default Firebase app has not yet been configured. Add `FirebaseApp.configure()` to your application initialization. This can be done in in the App Delegate's application(_:didFinishLaunchingWithOptions:)` (or the `@main` struct's initializer in SwiftUI). Read more: https://firebase.google.com/docs/ios/setup#initialize_firebase_in_your_app
Test Case '-[Yoga_of_EatingTests.DaySummaryTests test_averageHealthScoreToday_boundaryScores_returnsCorrectAverage]' passed (0.000 seconds).
Test Case '-[Yoga_of_EatingTests.DaySummaryTests test_averageHealthScoreToday_noMeals_returnsNil]' started.
2026-05-15 06:34:41.318453+0530 Yoga of Eating[16063:129054] [[FirebaseCore]] 12.7.0 - [FirebaseCore][I-COR000003] The default Firebase app has not yet been configured. Add `FirebaseApp.configure()` to your application initialization. This can be done in in the App Delegate's application(_:didFinishLaunchingWithOptions:)` (or the `@main` struct's initializer in SwiftUI). Read more: https://firebase.google.com/docs/ios/setup#initialize_firebase_in_your_app
Test Case '-[Yoga_of_EatingTests.DaySummaryTests test_averageHealthScoreToday_noMeals_returnsNil]' passed (0.000 seconds).
Test Case '-[Yoga_of_EatingTests.DaySummaryTests test_averageHealthScoreToday_oneMeal_returnsNil]' started.
2026-05-15 06:34:41.318945+0530 Yoga of Eating[16063:129043] [[FirebaseCore]] 12.7.0 - [FirebaseCore][I-COR000003] The default Firebase app has not yet been configured. Add `FirebaseApp.configure()` to your application initialization. This can be done in in the App Delegate's application(_:didFinishLaunchingWithOptions:)` (or the `@main` struct's initializer in SwiftUI). Read more: https://firebase.google.com/docs/ios/setup#initialize_firebase_in_your_app
Test Case '-[Yoga_of_EatingTests.DaySummaryTests test_averageHealthScoreToday_oneMeal_returnsNil]' passed (0.000 seconds).
Test Case '-[Yoga_of_EatingTests.DaySummaryTests test_averageHealthScoreToday_threeMeals_returnsCorrectAverage]' started.
2026-05-15 06:34:41.319424+0530 Yoga of Eating[16063:129042] [[FirebaseCore]] 12.7.0 - [FirebaseCore][I-COR000003] The default Firebase app has not yet been configured. Add `FirebaseApp.configure()` to your application initialization. This can be done in in the App Delegate's application(_:didFinishLaunchingWithOptions:)` (or the `@main` struct's initializer in SwiftUI). Read more: https://firebase.google.com/docs/ios/setup#initialize_firebase_in_your_app
Test Case '-[Yoga_of_EatingTests.DaySummaryTests test_averageHealthScoreToday_threeMeals_returnsCorrectAverage]' passed (0.000 seconds).
Test Case '-[Yoga_of_EatingTests.DaySummaryTests test_averageHealthScoreToday_twoMeals_returnsAverage]' started.
2026-05-15 06:34:41.320001+0530 Yoga of Eating[16063:129042] [[FirebaseCore]] 12.7.0 - [FirebaseCore][I-COR000003] The default Firebase app has not yet been configured. Add `FirebaseApp.configure()` to your application initialization. This can be done in in the App Delegate's application(_:didFinishLaunchingWithOptions:)` (or the `@main` struct's initializer in SwiftUI). Read more: https://firebase.google.com/docs/ios/setup#initialize_firebase_in_your_app
Test Case '-[Yoga_of_EatingTests.DaySummaryTests test_averageHealthScoreToday_twoMeals_returnsAverage]' passed (0.000 seconds).
Test Case '-[Yoga_of_EatingTests.DaySummaryTests test_daySummary_includesMealCount]' started.
Test Case '-[Yoga_of_EatingTests.DaySummaryTests test_daySummary_includesMealCount]' passed (0.000 seconds).
Test Case '-[Yoga_of_EatingTests.DaySummaryTests test_daySummary_includesScore]' started.
Test Case '-[Yoga_of_EatingTests.DaySummaryTests test_daySummary_includesScore]' passed (0.000 seconds).
Test Case '-[Yoga_of_EatingTests.DaySummaryTests test_daySummary_isNotEmpty]' started.
Test Case '-[Yoga_of_EatingTests.DaySummaryTests test_daySummary_isNotEmpty]' passed (0.000 seconds).
Test Case '-[Yoga_of_EatingTests.DaySummaryTests test_daySummary_multipleMeals_usesPlural]' started.
Test Case '-[Yoga_of_EatingTests.DaySummaryTests test_daySummary_multipleMeals_usesPlural]' passed (0.000 seconds).
Test Case '-[Yoga_of_EatingTests.DaySummaryTests test_daySummary_singleMeal_usesSingular]' started.
Test Case '-[Yoga_of_EatingTests.DaySummaryTests test_daySummary_singleMeal_usesSingular]' passed (0.000 seconds).
Test Suite 'DaySummaryTests' passed at 2026-05-15 06:34:41.323.
	 Executed 10 tests, with 0 failures (0 unexpected) in 0.003 (0.005) seconds
Test Suite 'DayTimelineEmptyStateTests' started at 2026-05-15 06:34:41.323.
Test Case '-[Yoga_of_EatingTests.DayTimelineEmptyStateTests test_animation_breathingPulse_isDefined]' started.
Test Case '-[Yoga_of_EatingTests.DayTimelineEmptyStateTests test_animation_breathingPulse_isDefined]' passed (0.016 seconds).
Test Case '-[Yoga_of_EatingTests.DayTimelineEmptyStateTests test_animation_breathingScale_isAboveOne]' started.
Test Case '-[Yoga_of_EatingTests.DayTimelineEmptyStateTests test_animation_breathingScale_isAboveOne]' passed (0.000 seconds).
Test Case '-[Yoga_of_EatingTests.DayTimelineEmptyStateTests test_animation_breathingScale_isWithinSafeRange]' started.
Test Case '-[Yoga_of_EatingTests.DayTimelineEmptyStateTests test_animation_breathingScale_isWithinSafeRange]' passed (0.000 seconds).
Test Case '-[Yoga_of_EatingTests.DayTimelineEmptyStateTests test_shouldPulse_historicalDayWithMeals_returnsFalse]' started.
Test Case '-[Yoga_of_EatingTests.DayTimelineEmptyStateTests test_shouldPulse_historicalDayWithMeals_returnsFalse]' passed (0.000 seconds).
Test Case '-[Yoga_of_EatingTests.DayTimelineEmptyStateTests test_shouldPulse_historicalDayWithNoMeals_returnsFalse]' started.
Test Case '-[Yoga_of_EatingTests.DayTimelineEmptyStateTests test_shouldPulse_historicalDayWithNoMeals_returnsFalse]' passed (0.000 seconds).
Test Case '-[Yoga_of_EatingTests.DayTimelineEmptyStateTests test_shouldPulse_todayWithMultipleMeals_returnsFalse]' started.
Test Case '-[Yoga_of_EatingTests.DayTimelineEmptyStateTests test_shouldPulse_todayWithMultipleMeals_returnsFalse]' passed (0.000 seconds).
Test Case '-[Yoga_of_EatingTests.DayTimelineEmptyStateTests test_shouldPulse_todayWithNoMeals_returnsTrue]' started.
Test Case '-[Yoga_of_EatingTests.DayTimelineEmptyStateTests test_shouldPulse_todayWithNoMeals_returnsTrue]' passed (0.000 seconds).
Test Case '-[Yoga_of_EatingTests.DayTimelineEmptyStateTests test_shouldPulse_todayWithOneMeal_returnsFalse]' started.
Test Case '-[Yoga_of_EatingTests.DayTimelineEmptyStateTests test_shouldPulse_todayWithOneMeal_returnsFalse]' passed (0.000 seconds).
Test Case '-[Yoga_of_EatingTests.DayTimelineEmptyStateTests test_shouldShowEmptyStateGreeting_historicalDay_returnsFalse]' started.
Test Case '-[Yoga_of_EatingTests.DayTimelineEmptyStateTests test_shouldShowEmptyStateGreeting_historicalDay_returnsFalse]' passed (0.000 seconds).
Test Case '-[Yoga_of_EatingTests.DayTimelineEmptyStateTests test_shouldShowEmptyStateGreeting_todayNoMeals_returnsTrue]' started.
Test Case '-[Yoga_of_EatingTests.DayTimelineEmptyStateTests test_shouldShowEmptyStateGreeting_todayNoMeals_returnsTrue]' passed (0.000 seconds).
Test Case '-[Yoga_of_EatingTests.DayTimelineEmptyStateTests test_shouldShowEmptyStateGreeting_todayWithMeal_returnsFalse]' started.
Test Case '-[Yoga_of_EatingTests.DayTimelineEmptyStateTests test_shouldShowEmptyStateGreeting_todayWithMeal_returnsFalse]' passed (0.000 seconds).
Test Case '-[Yoga_of_EatingTests.DayTimelineEmptyStateTests test_shouldShowQuote_historicalDay_alwaysTrue]' started.
Test Case '-[Yoga_of_EatingTests.DayTimelineEmptyStateTests test_shouldShowQuote_historicalDay_alwaysTrue]' passed (0.000 seconds).
Test Case '-[Yoga_of_EatingTests.DayTimelineEmptyStateTests test_shouldShowQuote_todayNoMeals_returnsFalse]' started.
Test Case '-[Yoga_of_EatingTests.DayTimelineEmptyStateTests test_shouldShowQuote_todayNoMeals_returnsFalse]' passed (0.000 seconds).
Test Case '-[Yoga_of_EatingTests.DayTimelineEmptyStateTests test_shouldShowQuote_todayWithMeals_returnsTrue]' started.
Test Case '-[Yoga_of_EatingTests.DayTimelineEmptyStateTests test_shouldShowQuote_todayWithMeals_returnsTrue]' passed (0.000 seconds).
Test Case '-[Yoga_of_EatingTests.DayTimelineEmptyStateTests test_strings_emptyStateGreeting_isNotEmpty]' started.
Test Case '-[Yoga_of_EatingTests.DayTimelineEmptyStateTests test_strings_emptyStateGreeting_isNotEmpty]' passed (0.000 seconds).
Test Case '-[Yoga_of_EatingTests.DayTimelineEmptyStateTests test_strings_emptyStateGreeting_matchesExpected]' started.
Test Case '-[Yoga_of_EatingTests.DayTimelineEmptyStateTests test_strings_emptyStateGreeting_matchesExpected]' passed (0.000 seconds).
Test Case '-[Yoga_of_EatingTests.DayTimelineEmptyStateTests test_strings_quoteAccessibility_isNotEmpty]' started.
Test Case '-[Yoga_of_EatingTests.DayTimelineEmptyStateTests test_strings_quoteAccessibility_isNotEmpty]' passed (0.000 seconds).
Test Case '-[Yoga_of_EatingTests.DayTimelineEmptyStateTests test_strings_tapToLog_isNotEmpty]' started.
Test Case '-[Yoga_of_EatingTests.DayTimelineEmptyStateTests test_strings_tapToLog_isNotEmpty]' passed (0.000 seconds).
Test Case '-[Yoga_of_EatingTests.DayTimelineEmptyStateTests test_strings_tapToLogWithInsight_containsTapToLog]' started.
Test Case '-[Yoga_of_EatingTests.DayTimelineEmptyStateTests test_strings_tapToLogWithInsight_containsTapToLog]' passed (0.000 seconds).
Test Case '-[Yoga_of_EatingTests.DayTimelineEmptyStateTests test_strings_tapToLogWithInsight_isNotEmpty]' started.
Test Case '-[Yoga_of_EatingTests.DayTimelineEmptyStateTests test_strings_tapToLogWithInsight_isNotEmpty]' passed (0.000 seconds).
Test Suite 'DayTimelineEmptyStateTests' passed at 2026-05-15 06:34:41.348.
	 Executed 20 tests, with 0 failures (0 unexpected) in 0.022 (0.025) seconds
Test Suite 'DeleteAllDataFlagTests' started at 2026-05-15 06:34:41.348.
Test Case '-[Yoga_of_EatingTests.DeleteAllDataFlagTests test_deleteAllData_setsFlagBeforeClearingPersistence]' started.
2026-05-15 06:34:41.348424+0530 Yoga of Eating[16063:129044] [[FirebaseCore]] 12.7.0 - [FirebaseCore][I-COR000003] The default Firebase app has not yet been configured. Add `FirebaseApp.configure()` to your application initialization. This can be done in in the App Delegate's application(_:didFinishLaunchingWithOptions:)` (or the `@main` struct's initializer in SwiftUI). Read more: https://firebase.google.com/docs/ios/setup#initialize_firebase_in_your_app
2026-05-15 06:34:41.348578+0530 Yoga of Eating[16063:129044] [[FirebaseCore]] 12.7.0 - [FirebaseCore][I-COR000003] The default Firebase app has not yet been configured. Add `FirebaseApp.configure()` to your application initialization. This can be done in in the App Delegate's application(_:didFinishLaunchingWithOptions:)` (or the `@main` struct's initializer in SwiftUI). Read more: https://firebase.google.com/docs/ios/setup#initialize_firebase_in_your_app
Test Case '-[Yoga_of_EatingTests.DeleteAllDataFlagTests test_deleteAllData_setsFlagBeforeClearingPersistence]' passed (0.003 seconds).
Test Case '-[Yoga_of_EatingTests.DeleteAllDataFlagTests test_deleteAllData_setsHasDeletedAllDataFlag]' started.
2026-05-15 06:34:41.351748+0530 Yoga of Eating[16063:129042] [[FirebaseCore]] 12.7.0 - [FirebaseCore][I-COR000003] The default Firebase app has not yet been configured. Add `FirebaseApp.configure()` to your application initialization. This can be done in in the App Delegate's application(_:didFinishLaunchingWithOptions:)` (or the `@main` struct's initializer in SwiftUI). Read more: https://firebase.google.com/docs/ios/setup#initialize_firebase_in_your_app
2026-05-15 06:34:41.351835+0530 Yoga of Eating[16063:129042] [[FirebaseCore]] 12.7.0 - [FirebaseCore][I-COR000003] The default Firebase app has not yet been configured. Add `FirebaseApp.configure()` to your application initialization. This can be done in in the App Delegate's application(_:didFinishLaunchingWithOptions:)` (or the `@main` struct's initializer in SwiftUI). Read more: https://firebase.google.com/docs/ios/setup#initialize_firebase_in_your_app
Test Case '-[Yoga_of_EatingTests.DeleteAllDataFlagTests test_deleteAllData_setsHasDeletedAllDataFlag]' passed (0.003 seconds).
Test Case '-[Yoga_of_EatingTests.DeleteAllDataFlagTests test_loadData_onAccountSwitch_clearsDeletionFlagBeforeRestore]' started.
2026-05-15 06:34:41.356445+0530 Yoga of Eating[16063:129047] [[FirebaseCore]] 12.7.0 - [FirebaseCore][I-COR000003] The default Firebase app has not yet been configured. Add `FirebaseApp.configure()` to your application initialization. This can be done in in the App Delegate's application(_:didFinishLaunchingWithOptions:)` (or the `@main` struct's initializer in SwiftUI). Read more: https://firebase.google.com/docs/ios/setup#initialize_firebase_in_your_app
2026-05-15 06:34:41.356594+0530 Yoga of Eating[16063:129047] [[FirebaseCore]] 12.7.0 - [FirebaseCore][I-COR000003] The default Firebase app has not yet been configured. Add `FirebaseApp.configure()` to your application initialization. This can be done in in the App Delegate's application(_:didFinishLaunchingWithOptions:)` (or the `@main` struct's initializer in SwiftUI). Read more: https://firebase.google.com/docs/ios/setup#initialize_firebase_in_your_app
Test Case '-[Yoga_of_EatingTests.DeleteAllDataFlagTests test_loadData_onAccountSwitch_clearsDeletionFlagBeforeRestore]' passed (0.003 seconds).
Test Case '-[Yoga_of_EatingTests.DeleteAllDataFlagTests test_triggerCloudRestore_whenDeletionFlagIsNotSet_proceedsWithRestore]' started.
2026-05-15 06:34:41.358484+0530 Yoga of Eating[16063:129047] [[FirebaseCore]] 12.7.0 - [FirebaseCore][I-COR000003] The default Firebase app has not yet been configured. Add `FirebaseApp.configure()` to your application initialization. This can be done in in the App Delegate's application(_:didFinishLaunchingWithOptions:)` (or the `@main` struct's initializer in SwiftUI). Read more: https://firebase.google.com/docs/ios/setup#initialize_firebase_in_your_app
2026-05-15 06:34:41.358587+0530 Yoga of Eating[16063:129047] [[FirebaseCore]] 12.7.0 - [FirebaseCore][I-COR000003] The default Firebase app has not yet been configured. Add `FirebaseApp.configure()` to your application initialization. This can be done in in the App Delegate's application(_:didFinishLaunchingWithOptions:)` (or the `@main` struct's initializer in SwiftUI). Read more: https://firebase.google.com/docs/ios/setup#initialize_firebase_in_your_app
2026-05-15 06:34:41.486169+0530 Yoga of Eating[16063:129044] Could not get attrs using token.pid for connection com.apple.xpc.anonymous.0x10f592440.peer[15846].0x10f34dc80, pid -1: 144: Requestor lacks required entitlement
Test Case '-[Yoga_of_EatingTests.DeleteAllDataFlagTests test_triggerCloudRestore_whenDeletionFlagIsNotSet_proceedsWithRestore]' passed (0.207 seconds).
Test Case '-[Yoga_of_EatingTests.DeleteAllDataFlagTests test_triggerCloudRestore_whenDeletionFlagIsSet_doesNotRestore]' started.
2026-05-15 06:34:41.567206+0530 Yoga of Eating[16063:129044] [[FirebaseCore]] 12.7.0 - [FirebaseCore][I-COR000003] The default Firebase app has not yet been configured. Add `FirebaseApp.configure()` to your application initialization. This can be done in in the App Delegate's application(_:didFinishLaunchingWithOptions:)` (or the `@main` struct's initializer in SwiftUI). Read more: https://firebase.google.com/docs/ios/setup#initialize_firebase_in_your_app
2026-05-15 06:34:41.567305+0530 Yoga of Eating[16063:129044] [[FirebaseCore]] 12.7.0 - [FirebaseCore][I-COR000003] The default Firebase app has not yet been configured. Add `FirebaseApp.configure()` to your application initialization. This can be done in in the App Delegate's application(_:didFinishLaunchingWithOptions:)` (or the `@main` struct's initializer in SwiftUI). Read more: https://firebase.google.com/docs/ios/setup#initialize_firebase_in_your_app
2026-05-15 06:34:41.575035+0530 Yoga of Eating[16063:129026] [MainViewModel.Lifecycle] Cloud restore skipped — user has explicitly deleted all data on this device.
Test Case '-[Yoga_of_EatingTests.DeleteAllDataFlagTests test_triggerCloudRestore_whenDeletionFlagIsSet_doesNotRestore]' passed (0.010 seconds).
Test Suite 'DeleteAllDataFlagTests' passed at 2026-05-15 06:34:41.576.
	 Executed 5 tests, with 0 failures (0 unexpected) in 0.227 (0.228) seconds
Test Suite 'FastingBadgeViewTests' started at 2026-05-15 06:34:41.576.
Test Case '-[Yoga_of_EatingTests.FastingBadgeViewTests test_fastingBadgeView_shortPeriod_borderColorIsDefault]' started.
Test Case '-[Yoga_of_EatingTests.FastingBadgeViewTests test_fastingBadgeView_shortPeriod_borderColorIsDefault]' passed (0.000 seconds).
Test Case '-[Yoga_of_EatingTests.FastingBadgeViewTests test_fastingBadgeView_shortPeriod_hasZeroGlow]' started.
Test Case '-[Yoga_of_EatingTests.FastingBadgeViewTests test_fastingBadgeView_shortPeriod_hasZeroGlow]' passed (0.000 seconds).
Test Case '-[Yoga_of_EatingTests.FastingBadgeViewTests test_fastingBadgeView_significantPeriod_borderColorIsGreen]' started.
Test Case '-[Yoga_of_EatingTests.FastingBadgeViewTests test_fastingBadgeView_significantPeriod_borderColorIsGreen]' passed (0.000 seconds).
Test Case '-[Yoga_of_EatingTests.FastingBadgeViewTests test_fastingBadgeView_significantPeriod_hasNonZeroGlow]' started.
Test Case '-[Yoga_of_EatingTests.FastingBadgeViewTests test_fastingBadgeView_significantPeriod_hasNonZeroGlow]' passed (0.000 seconds).
Test Case '-[Yoga_of_EatingTests.FastingBadgeViewTests test_fastingPeriod_endBeforeStart_durationIsZero]' started.
Test Case '-[Yoga_of_EatingTests.FastingBadgeViewTests test_fastingPeriod_endBeforeStart_durationIsZero]' passed (0.000 seconds).
Test Case '-[Yoga_of_EatingTests.FastingBadgeViewTests test_fastingPeriod_endBeforeStart_formattedDurationIsZeroMinutes]' started.
Test Case '-[Yoga_of_EatingTests.FastingBadgeViewTests test_fastingPeriod_endBeforeStart_formattedDurationIsZeroMinutes]' passed (0.000 seconds).
Test Case '-[Yoga_of_EatingTests.FastingBadgeViewTests test_fastingPeriod_endBeforeStart_isNotSignificant]' started.
Test Case '-[Yoga_of_EatingTests.FastingBadgeViewTests test_fastingPeriod_endBeforeStart_isNotSignificant]' passed (0.000 seconds).
Test Case '-[Yoga_of_EatingTests.FastingBadgeViewTests test_fastingPeriod_formattedDuration_belowThirtyMinutes_omitsMinutes]' started.
Test Case '-[Yoga_of_EatingTests.FastingBadgeViewTests test_fastingPeriod_formattedDuration_belowThirtyMinutes_omitsMinutes]' passed (0.000 seconds).
Test Case '-[Yoga_of_EatingTests.FastingBadgeViewTests test_fastingPeriod_formattedDuration_subHour_21min]' started.
Test Case '-[Yoga_of_EatingTests.FastingBadgeViewTests test_fastingPeriod_formattedDuration_subHour_21min]' passed (0.000 seconds).
Test Case '-[Yoga_of_EatingTests.FastingBadgeViewTests test_fastingPeriod_formattedDuration_subHour_showsMinutesOnly]' started.
Test Case '-[Yoga_of_EatingTests.FastingBadgeViewTests test_fastingPeriod_formattedDuration_subHour_showsMinutesOnly]' passed (0.000 seconds).
Test Case '-[Yoga_of_EatingTests.FastingBadgeViewTests test_fastingPeriod_formattedDuration_wholeHours_noMinutes]' started.
Test Case '-[Yoga_of_EatingTests.FastingBadgeViewTests test_fastingPeriod_formattedDuration_wholeHours_noMinutes]' passed (0.000 seconds).
Test Case '-[Yoga_of_EatingTests.FastingBadgeViewTests test_fastingPeriod_formattedDuration_withMinutes_showsMinutes]' started.
Test Case '-[Yoga_of_EatingTests.FastingBadgeViewTests test_fastingPeriod_formattedDuration_withMinutes_showsMinutes]' passed (0.000 seconds).
Test Case '-[Yoga_of_EatingTests.FastingBadgeViewTests test_fastingPeriod_glowIntensity_aboveZeroForSignificantPeriod]' started.
Test Case '-[Yoga_of_EatingTests.FastingBadgeViewTests test_fastingPeriod_glowIntensity_aboveZeroForSignificantPeriod]' passed (0.000 seconds).
Test Case '-[Yoga_of_EatingTests.FastingBadgeViewTests test_fastingPeriod_glowIntensity_clampedToValidRange]' started.
Test Case '-[Yoga_of_EatingTests.FastingBadgeViewTests test_fastingPeriod_glowIntensity_clampedToValidRange]' passed (0.000 seconds).
Test Case '-[Yoga_of_EatingTests.FastingBadgeViewTests test_fastingPeriod_glowIntensity_minimumAtThreshold]' started.
Test Case '-[Yoga_of_EatingTests.FastingBadgeViewTests test_fastingPeriod_glowIntensity_minimumAtThreshold]' passed (0.000 seconds).
Test Case '-[Yoga_of_EatingTests.FastingBadgeViewTests test_fastingPeriod_glowIntensity_zeroForShortPeriod]' started.
Test Case '-[Yoga_of_EatingTests.FastingBadgeViewTests test_fastingPeriod_glowIntensity_zeroForShortPeriod]' passed (0.000 seconds).
Test Case '-[Yoga_of_EatingTests.FastingBadgeViewTests test_fastingPeriod_isSignificant_falseForElevenHours]' started.
Test Case '-[Yoga_of_EatingTests.FastingBadgeViewTests test_fastingPeriod_isSignificant_falseForElevenHours]' passed (0.000 seconds).
Test Case '-[Yoga_of_EatingTests.FastingBadgeViewTests test_fastingPeriod_isSignificant_falseForShortPeriod]' started.
Test Case '-[Yoga_of_EatingTests.FastingBadgeViewTests test_fastingPeriod_isSignificant_falseForShortPeriod]' passed (0.000 seconds).
Test Case '-[Yoga_of_EatingTests.FastingBadgeViewTests test_fastingPeriod_isSignificant_trueAtThreshold]' started.
Test Case '-[Yoga_of_EatingTests.FastingBadgeViewTests test_fastingPeriod_isSignificant_trueAtThreshold]' passed (0.000 seconds).
Test Case '-[Yoga_of_EatingTests.FastingBadgeViewTests test_fastingPeriod_isSignificant_trueForLongPeriod]' started.
Test Case '-[Yoga_of_EatingTests.FastingBadgeViewTests test_fastingPeriod_isSignificant_trueForLongPeriod]' passed (0.001 seconds).
Test Case '-[Yoga_of_EatingTests.FastingBadgeViewTests test_fastingPeriod_zeroDuration_hasZeroGlow]' started.
Test Case '-[Yoga_of_EatingTests.FastingBadgeViewTests test_fastingPeriod_zeroDuration_hasZeroGlow]' passed (0.000 seconds).
Test Suite 'FastingBadgeViewTests' passed at 2026-05-15 06:34:41.589.
	 Executed 21 tests, with 0 failures (0 unexpected) in 0.007 (0.013) seconds
Test Suite 'FastingConstantsTests' started at 2026-05-15 06:34:41.589.
Test Case '-[Yoga_of_EatingTests.FastingConstantsTests test_secondsPerHour_equalsSixtySecondsPerMinute]' started.
Test Case '-[Yoga_of_EatingTests.FastingConstantsTests test_secondsPerHour_equalsSixtySecondsPerMinute]' passed (0.001 seconds).
Test Case '-[Yoga_of_EatingTests.FastingConstantsTests test_secondsPerHour_isExactly3600]' started.
Test Case '-[Yoga_of_EatingTests.FastingConstantsTests test_secondsPerHour_isExactly3600]' passed (0.000 seconds).
Test Case '-[Yoga_of_EatingTests.FastingConstantsTests test_secondsPerHour_isPositive]' started.
Test Case '-[Yoga_of_EatingTests.FastingConstantsTests test_secondsPerHour_isPositive]' passed (0.001 seconds).
Test Case '-[Yoga_of_EatingTests.FastingConstantsTests test_secondsPerMinute_isExactly60]' started.
Test Case '-[Yoga_of_EatingTests.FastingConstantsTests test_secondsPerMinute_isExactly60]' passed (0.000 seconds).
Test Case '-[Yoga_of_EatingTests.FastingConstantsTests test_secondsPerMinute_isPositive]' started.
Test Case '-[Yoga_of_EatingTests.FastingConstantsTests test_secondsPerMinute_isPositive]' passed (0.000 seconds).
Test Case '-[Yoga_of_EatingTests.FastingConstantsTests test_significanceHoursThreshold_isExactlyTwelve]' started.
Test Case '-[Yoga_of_EatingTests.FastingConstantsTests test_significanceHoursThreshold_isExactlyTwelve]' passed (0.000 seconds).
Test Case '-[Yoga_of_EatingTests.FastingConstantsTests test_significanceHoursThreshold_isPositive]' started.
Test Case '-[Yoga_of_EatingTests.FastingConstantsTests test_significanceHoursThreshold_isPositive]' passed (0.000 seconds).
Test Case '-[Yoga_of_EatingTests.FastingConstantsTests test_significanceHoursThreshold_isReasonable]' started.
Test Case '-[Yoga_of_EatingTests.FastingConstantsTests test_significanceHoursThreshold_isReasonable]' passed (0.000 seconds).
Test Suite 'FastingConstantsTests' passed at 2026-05-15 06:34:41.594.
	 Executed 8 tests, with 0 failures (0 unexpected) in 0.004 (0.005) seconds
Test Suite 'FastingLogicServiceTests' started at 2026-05-15 06:34:41.595.
Test Case '-[Yoga_of_EatingTests.FastingLogicServiceTests test_calculateFastingPeriods_emptyMeals_returnsEmpty]' started.
Test Case '-[Yoga_of_EatingTests.FastingLogicServiceTests test_calculateFastingPeriods_emptyMeals_returnsEmpty]' passed (0.000 seconds).
Test Case '-[Yoga_of_EatingTests.FastingLogicServiceTests test_calculateFastingPeriods_multipleMeals_returnsCorrectPeriods]' started.
Test Case '-[Yoga_of_EatingTests.FastingLogicServiceTests test_calculateFastingPeriods_multipleMeals_returnsCorrectPeriods]' passed (0.000 seconds).
Test Case '-[Yoga_of_EatingTests.FastingLogicServiceTests test_calculateFastingPeriods_singleMeal_returnsEmpty]' started.
Test Case '-[Yoga_of_EatingTests.FastingLogicServiceTests test_calculateFastingPeriods_singleMeal_returnsEmpty]' passed (0.000 seconds).
Test Case '-[Yoga_of_EatingTests.FastingLogicServiceTests test_calculateFastingPeriods_twoMeals_returnsOnePeriod]' started.
Test Case '-[Yoga_of_EatingTests.FastingLogicServiceTests test_calculateFastingPeriods_twoMeals_returnsOnePeriod]' passed (0.000 seconds).
Test Case '-[Yoga_of_EatingTests.FastingLogicServiceTests test_calculateFastingPeriods_unsortedMeals_sortsCorrectly]' started.
Test Case '-[Yoga_of_EatingTests.FastingLogicServiceTests test_calculateFastingPeriods_unsortedMeals_sortsCorrectly]' passed (0.001 seconds).
Test Case '-[Yoga_of_EatingTests.FastingLogicServiceTests test_calculateSpacing_increasesWithDuration]' started.
Test Case '-[Yoga_of_EatingTests.FastingLogicServiceTests test_calculateSpacing_increasesWithDuration]' passed (0.000 seconds).
Test Case '-[Yoga_of_EatingTests.FastingLogicServiceTests test_calculateSpacing_minimumSpacing]' started.
Test Case '-[Yoga_of_EatingTests.FastingLogicServiceTests test_calculateSpacing_minimumSpacing]' passed (0.000 seconds).
Test Case '-[Yoga_of_EatingTests.FastingLogicServiceTests test_fastingPeriod_duration_calculatedCorrectly]' started.
Test Case '-[Yoga_of_EatingTests.FastingLogicServiceTests test_fastingPeriod_duration_calculatedCorrectly]' passed (0.000 seconds).
Test Case '-[Yoga_of_EatingTests.FastingLogicServiceTests test_fastingPeriod_formattedDuration_hoursOnly]' started.
Test Case '-[Yoga_of_EatingTests.FastingLogicServiceTests test_fastingPeriod_formattedDuration_hoursOnly]' passed (0.000 seconds).
Test Case '-[Yoga_of_EatingTests.FastingLogicServiceTests test_fastingPeriod_formattedDuration_ignoresSmallMinutes]' started.
Test Case '-[Yoga_of_EatingTests.FastingLogicServiceTests test_fastingPeriod_formattedDuration_ignoresSmallMinutes]' passed (0.000 seconds).
Test Case '-[Yoga_of_EatingTests.FastingLogicServiceTests test_fastingPeriod_formattedDuration_roundsDownMinutes]' started.
Test Case '-[Yoga_of_EatingTests.FastingLogicServiceTests test_fastingPeriod_formattedDuration_roundsDownMinutes]' passed (0.000 seconds).
Test Case '-[Yoga_of_EatingTests.FastingLogicServiceTests test_fastingPeriod_formattedDuration_subHour_showsMinutesOnly]' started.
Test Case '-[Yoga_of_EatingTests.FastingLogicServiceTests test_fastingPeriod_formattedDuration_subHour_showsMinutesOnly]' passed (0.000 seconds).
Test Case '-[Yoga_of_EatingTests.FastingLogicServiceTests test_fastingPeriod_formattedDuration_withMinutes]' started.
Test Case '-[Yoga_of_EatingTests.FastingLogicServiceTests test_fastingPeriod_formattedDuration_withMinutes]' passed (0.000 seconds).
Test Case '-[Yoga_of_EatingTests.FastingLogicServiceTests test_fastingPeriod_glowIntensity_increasesWithDuration]' started.
Test Case '-[Yoga_of_EatingTests.FastingLogicServiceTests test_fastingPeriod_glowIntensity_increasesWithDuration]' passed (0.001 seconds).
Test Case '-[Yoga_of_EatingTests.FastingLogicServiceTests test_fastingPeriod_glowIntensity_zeroUnder12Hours]' started.
Test Case '-[Yoga_of_EatingTests.FastingLogicServiceTests test_fastingPeriod_glowIntensity_zeroUnder12Hours]' passed (0.000 seconds).
Test Case '-[Yoga_of_EatingTests.FastingLogicServiceTests test_fastingPeriod_isSignificant_false_under12Hours]' started.
Test Case '-[Yoga_of_EatingTests.FastingLogicServiceTests test_fastingPeriod_isSignificant_false_under12Hours]' passed (0.000 seconds).
Test Case '-[Yoga_of_EatingTests.FastingLogicServiceTests test_fastingPeriod_isSignificant_true_for12Hours]' started.
Test Case '-[Yoga_of_EatingTests.FastingLogicServiceTests test_fastingPeriod_isSignificant_true_for12Hours]' passed (0.000 seconds).
Test Case '-[Yoga_of_EatingTests.FastingLogicServiceTests test_shouldShowBadge_false_belowFiveMinutes]' started.
Test Case '-[Yoga_of_EatingTests.FastingLogicServiceTests test_shouldShowBadge_false_belowFiveMinutes]' passed (0.000 seconds).
Test Case '-[Yoga_of_EatingTests.FastingLogicServiceTests test_shouldShowBadge_true_for1HourOrMore]' started.
Test Case '-[Yoga_of_EatingTests.FastingLogicServiceTests test_shouldShowBadge_true_for1HourOrMore]' passed (0.000 seconds).
Test Case '-[Yoga_of_EatingTests.FastingLogicServiceTests test_shouldShowBadge_true_underOneHour_showsShortGaps]' started.
Test Case '-[Yoga_of_EatingTests.FastingLogicServiceTests test_shouldShowBadge_true_underOneHour_showsShortGaps]' passed (0.000 seconds).
Test Suite 'FastingLogicServiceTests' passed at 2026-05-15 06:34:41.604.
	 Executed 20 tests, with 0 failures (0 unexpected) in 0.007 (0.010) seconds
Test Suite 'FirebaseRestoreIntegrationTests' started at 2026-05-15 06:34:41.605.
Test Case '-[Yoga_of_EatingTests.FirebaseRestoreIntegrationTests test_restoreFromFirebase_populatesHistoricalDataFromCloud]' started.
2026-05-15 06:34:41.608189+0530 Yoga of Eating[16063:129026] [HistoricalSync] Restore: fetched 2 snapshots for user
Test Case '-[Yoga_of_EatingTests.FirebaseRestoreIntegrationTests test_restoreFromFirebase_populatesHistoricalDataFromCloud]' passed (0.004 seconds).
Test Case '-[Yoga_of_EatingTests.FirebaseRestoreIntegrationTests test_restoreFromFirebase_preservesExistingLocalSnapshots]' started.
2026-05-15 06:34:41.609122+0530 Yoga of Eating[16063:129026] [HistoricalSync] Restore: fetched 1 snapshots for user
Test Case '-[Yoga_of_EatingTests.FirebaseRestoreIntegrationTests test_restoreFromFirebase_preservesExistingLocalSnapshots]' passed (0.001 seconds).
Test Case '-[Yoga_of_EatingTests.FirebaseRestoreIntegrationTests test_restoreFromFirebase_savesToDisk_afterSuccessfulRestore]' started.
2026-05-15 06:34:41.609836+0530 Yoga of Eating[16063:129026] [HistoricalSync] Restore: fetched 1 snapshots for user
Test Case '-[Yoga_of_EatingTests.FirebaseRestoreIntegrationTests test_restoreFromFirebase_savesToDisk_afterSuccessfulRestore]' passed (0.001 seconds).
Test Case '-[Yoga_of_EatingTests.FirebaseRestoreIntegrationTests test_restoreFromFirebase_whenCloudIsEmpty_doesNotSaveToDisk]' started.
2026-05-15 06:34:41.610480+0530 Yoga of Eating[16063:129026] [HistoricalSync] Restore: fetched 0 snapshots for user
Test Case '-[Yoga_of_EatingTests.FirebaseRestoreIntegrationTests test_restoreFromFirebase_whenCloudIsEmpty_doesNotSaveToDisk]' passed (0.000 seconds).
Test Case '-[Yoga_of_EatingTests.FirebaseRestoreIntegrationTests test_restoreFromFirebase_whenCloudIsEmpty_historicalDataRemainsEmpty]' started.
2026-05-15 06:34:41.611127+0530 Yoga of Eating[16063:129026] [HistoricalSync] Restore: fetched 0 snapshots for user
Test Case '-[Yoga_of_EatingTests.FirebaseRestoreIntegrationTests test_restoreFromFirebase_whenCloudIsEmpty_historicalDataRemainsEmpty]' passed (0.000 seconds).
Test Case '-[Yoga_of_EatingTests.FirebaseRestoreIntegrationTests test_restoreFromFirebase_whenNotAuthenticated_throwsSyncAuthRequired]' started.
2026-05-15 06:34:41.611713+0530 Yoga of Eating[16063:129026] [HistoricalSync] Restore attempted without authenticated user
Test Case '-[Yoga_of_EatingTests.FirebaseRestoreIntegrationTests test_restoreFromFirebase_whenNotAuthenticated_throwsSyncAuthRequired]' passed (0.001 seconds).
Test Case '-[Yoga_of_EatingTests.FirebaseRestoreIntegrationTests test_restoreFromFirebase_whenSomeDocumentsCorrupted_stillMergesValidSnapshots]' started.
2026-05-15 06:34:41.613299+0530 Yoga of Eating[16063:129026] [HistoricalSync] Restore: fetched 2 snapshots for user
Test Case '-[Yoga_of_EatingTests.FirebaseRestoreIntegrationTests test_restoreFromFirebase_whenSomeDocumentsCorrupted_stillMergesValidSnapshots]' passed (0.001 seconds).
Test Case '-[Yoga_of_EatingTests.FirebaseRestoreIntegrationTests test_restoreFromFirebase_whenSomeDocumentsCorrupted_throwsRestorePartialData]' started.
2026-05-15 06:34:41.613937+0530 Yoga of Eating[16063:129026] [HistoricalSync] Restore: fetched 2 snapshots for user
Test Case '-[Yoga_of_EatingTests.FirebaseRestoreIntegrationTests test_restoreFromFirebase_whenSomeDocumentsCorrupted_throwsRestorePartialData]' passed (0.001 seconds).
Test Suite 'FirebaseRestoreIntegrationTests' passed at 2026-05-15 06:34:41.614.
	 Executed 8 tests, with 0 failures (0 unexpected) in 0.008 (0.010) seconds
Test Suite 'FoodDebtTests' started at 2026-05-15 06:34:41.614.
Test Case '-[Yoga_of_EatingTests.FoodDebtTests test_foodDebtState_noHistoricalData_returnsNeutral]' started.
Test Case '-[Yoga_of_EatingTests.FoodDebtTests test_foodDebtState_noHistoricalData_returnsNeutral]' passed (0.000 seconds).
Test Case '-[Yoga_of_EatingTests.FoodDebtTests test_foodDebtState_oneBadDay_returnsNeutral]' started.
Test Case '-[Yoga_of_EatingTests.FoodDebtTests test_foodDebtState_oneBadDay_returnsNeutral]' passed (0.000 seconds).
Test Case '-[Yoga_of_EatingTests.FoodDebtTests test_foodDebtState_twoBadDays_returnsConcerned]' started.
Test Case '-[Yoga_of_EatingTests.FoodDebtTests test_foodDebtState_twoBadDays_returnsConcerned]' passed (0.000 seconds).
Test Case '-[Yoga_of_EatingTests.FoodDebtTests test_foodDebtState_twoBadDaysAtThreshold_returnsNeutral]' started.
Test Case '-[Yoga_of_EatingTests.FoodDebtTests test_foodDebtState_twoBadDaysAtThreshold_returnsNeutral]' passed (0.000 seconds).
Test Case '-[Yoga_of_EatingTests.FoodDebtTests test_foodDebtState_twoBadDaysOneWithNoMeals_returnsNeutral]' started.
Test Case '-[Yoga_of_EatingTests.FoodDebtTests test_foodDebtState_twoBadDaysOneWithNoMeals_returnsNeutral]' passed (0.000 seconds).
Test Case '-[Yoga_of_EatingTests.FoodDebtTests test_patternAnalyzer_foodDebt_cardGeneratedForTwoBadDays]' started.
Test Case '-[Yoga_of_EatingTests.FoodDebtTests test_patternAnalyzer_foodDebt_cardGeneratedForTwoBadDays]' passed (0.000 seconds).
Test Case '-[Yoga_of_EatingTests.FoodDebtTests test_patternAnalyzer_foodDebt_cardNotGeneratedForNonConsecutiveDays]' started.
Test Case '-[Yoga_of_EatingTests.FoodDebtTests test_patternAnalyzer_foodDebt_cardNotGeneratedForNonConsecutiveDays]' passed (0.000 seconds).
Test Case '-[Yoga_of_EatingTests.FoodDebtTests test_patternAnalyzer_foodDebt_cardNotGeneratedForOneBadDay]' started.
Test Case '-[Yoga_of_EatingTests.FoodDebtTests test_patternAnalyzer_foodDebt_cardNotGeneratedForOneBadDay]' passed (0.000 seconds).
Test Case '-[Yoga_of_EatingTests.FoodDebtTests test_patternAnalyzer_foodDebt_cardNotGeneratedWithNoMeals]' started.
Test Case '-[Yoga_of_EatingTests.FoodDebtTests test_patternAnalyzer_foodDebt_cardNotGeneratedWithNoMeals]' passed (0.000 seconds).
Test Case '-[Yoga_of_EatingTests.FoodDebtTests test_patternAnalyzer_foodDebt_confidenceScalesWithSeverity]' started.
Test Case '-[Yoga_of_EatingTests.FoodDebtTests test_patternAnalyzer_foodDebt_confidenceScalesWithSeverity]' passed (0.000 seconds).
Test Case '-[Yoga_of_EatingTests.FoodDebtTests test_patternAnalyzer_generateCorrelationCards_includesFoodDebtWhenTriggered]' started.
Test Case '-[Yoga_of_EatingTests.FoodDebtTests test_patternAnalyzer_generateCorrelationCards_includesFoodDebtWhenTriggered]' passed (0.000 seconds).
Test Case '-[Yoga_of_EatingTests.FoodDebtTests test_resetDay_oneBadDay_smileyNeutral]' started.
2026-05-15 06:34:41.621715+0530 Yoga of Eating[16063:129044] [[FirebaseCore]] 12.7.0 - [FirebaseCore][I-COR000003] The default Firebase app has not yet been configured. Add `FirebaseApp.configure()` to your application initialization. This can be done in in the App Delegate's application(_:didFinishLaunchingWithOptions:)` (or the `@main` struct's initializer in SwiftUI). Read more: https://firebase.google.com/docs/ios/setup#initialize_firebase_in_your_app
2026-05-15 06:34:41.621793+0530 Yoga of Eating[16063:129044] [[FirebaseCore]] 12.7.0 - [FirebaseCore][I-COR000003] The default Firebase app has not yet been configured. Add `FirebaseApp.configure()` to your application initialization. This can be done in in the App Delegate's application(_:didFinishLaunchingWithOptions:)` (or the `@main` struct's initializer in SwiftUI). Read more: https://firebase.google.com/docs/ios/setup#initialize_firebase_in_your_app
Test Case '-[Yoga_of_EatingTests.FoodDebtTests test_resetDay_oneBadDay_smileyNeutral]' passed (0.002 seconds).
Test Case '-[Yoga_of_EatingTests.FoodDebtTests test_resetDay_twoBadDays_smileyConcerned]' started.
2026-05-15 06:34:41.623298+0530 Yoga of Eating[16063:129047] [[FirebaseCore]] 12.7.0 - [FirebaseCore][I-COR000003] The default Firebase app has not yet been configured. Add `FirebaseApp.configure()` to your application initialization. This can be done in in the App Delegate's application(_:didFinishLaunchingWithOptions:)` (or the `@main` struct's initializer in SwiftUI). Read more: https://firebase.google.com/docs/ios/setup#initialize_firebase_in_your_app
Test Case '-[Yoga_of_EatingTests.FoodDebtTests test_resetDay_twoBadDays_smileyConcerned]' passed (0.001 seconds).
2026-05-15 06:34:41.623425+0530 Yoga of Eating[16063:129047] [[FirebaseCore]] 12.7.0 - [FirebaseCore][I-COR000003] The default Firebase app has not yet been configured. Add `FirebaseApp.configure()` to your application initialization. This can be done in in the App Delegate's application(_:didFinishLaunchingWithOptions:)` (or the `@main` struct's initializer in SwiftUI). Read more: https://firebase.google.com/docs/ios/setup#initialize_firebase_in_your_app
Test Case '-[Yoga_of_EatingTests.FoodDebtTests test_smileyMood_concerned_codableRoundTrip]' started.
Test Case '-[Yoga_of_EatingTests.FoodDebtTests test_smileyMood_concerned_codableRoundTrip]' passed (0.000 seconds).
Test Case '-[Yoga_of_EatingTests.FoodDebtTests test_smileyState_concerned_staticProperty_hasConcernedMood]' started.
Test Case '-[Yoga_of_EatingTests.FoodDebtTests test_smileyState_concerned_staticProperty_hasConcernedMood]' passed (0.000 seconds).
Test Suite 'FoodDebtTests' passed at 2026-05-15 06:34:41.625.
	 Executed 15 tests, with 0 failures (0 unexpected) in 0.008 (0.010) seconds
Test Suite 'HealthProfileServiceTests' started at 2026-05-15 06:34:41.625.
Test Case '-[Yoga_of_EatingTests.HealthProfileServiceTests test_calculateBMI_imperialUnits_returnsCorrectValue]' started.
Test Case '-[Yoga_of_EatingTests.HealthProfileServiceTests test_calculateBMI_imperialUnits_returnsCorrectValue]' passed (0.001 seconds).
Test Case '-[Yoga_of_EatingTests.HealthProfileServiceTests test_calculateBMI_metricUnits_returnsCorrectValue]' started.
Test Case '-[Yoga_of_EatingTests.HealthProfileServiceTests test_calculateBMI_metricUnits_returnsCorrectValue]' passed (0.000 seconds).
Test Case '-[Yoga_of_EatingTests.HealthProfileServiceTests test_calculateBMI_negativeValues_returnsZero]' started.
Test Case '-[Yoga_of_EatingTests.HealthProfileServiceTests test_calculateBMI_negativeValues_returnsZero]' passed (0.000 seconds).
Test Case '-[Yoga_of_EatingTests.HealthProfileServiceTests test_calculateBMI_zeroHeight_returnsZero]' started.
Test Case '-[Yoga_of_EatingTests.HealthProfileServiceTests test_calculateBMI_zeroHeight_returnsZero]' passed (0.000 seconds).
Test Case '-[Yoga_of_EatingTests.HealthProfileServiceTests test_calculateBMI_zeroWeight_returnsZero]' started.
Test Case '-[Yoga_of_EatingTests.HealthProfileServiceTests test_calculateBMI_zeroWeight_returnsZero]' passed (0.000 seconds).
Test Case '-[Yoga_of_EatingTests.HealthProfileServiceTests test_calculateBMR_femaleMetric_returnsCorrectValue]' started.
Test Case '-[Yoga_of_EatingTests.HealthProfileServiceTests test_calculateBMR_femaleMetric_returnsCorrectValue]' passed (0.000 seconds).
Test Case '-[Yoga_of_EatingTests.HealthProfileServiceTests test_calculateBMR_imperialUnits_convertsCorrectly]' started.
Test Case '-[Yoga_of_EatingTests.HealthProfileServiceTests test_calculateBMR_imperialUnits_convertsCorrectly]' passed (0.000 seconds).
Test Case '-[Yoga_of_EatingTests.HealthProfileServiceTests test_calculateBMR_maleMetric_returnsCorrectValue]' started.
Test Case '-[Yoga_of_EatingTests.HealthProfileServiceTests test_calculateBMR_maleMetric_returnsCorrectValue]' passed (0.000 seconds).
Test Case '-[Yoga_of_EatingTests.HealthProfileServiceTests test_calculateBMR_unspecifiedGender_usesDefaultFormula]' started.
Test Case '-[Yoga_of_EatingTests.HealthProfileServiceTests test_calculateBMR_unspecifiedGender_usesDefaultFormula]' passed (0.000 seconds).
Test Case '-[Yoga_of_EatingTests.HealthProfileServiceTests test_calculateTDEE_defaultActivity_usesSedentary]' started.
Test Case '-[Yoga_of_EatingTests.HealthProfileServiceTests test_calculateTDEE_defaultActivity_usesSedentary]' passed (0.000 seconds).
Test Case '-[Yoga_of_EatingTests.HealthProfileServiceTests test_calculateTDEE_sedentaryActivity_returnsCorrectValue]' started.
Test Case '-[Yoga_of_EatingTests.HealthProfileServiceTests test_calculateTDEE_sedentaryActivity_returnsCorrectValue]' passed (0.000 seconds).
Test Case '-[Yoga_of_EatingTests.HealthProfileServiceTests test_getBMICategory_borderlineNormalOverweight_returnsCorrectCategory]' started.
Test Case '-[Yoga_of_EatingTests.HealthProfileServiceTests test_getBMICategory_borderlineNormalOverweight_returnsCorrectCategory]' passed (0.000 seconds).
Test Case '-[Yoga_of_EatingTests.HealthProfileServiceTests test_getBMICategory_normal_returnsCorrectCategory]' started.
Test Case '-[Yoga_of_EatingTests.HealthProfileServiceTests test_getBMICategory_normal_returnsCorrectCategory]' passed (0.000 seconds).
Test Case '-[Yoga_of_EatingTests.HealthProfileServiceTests test_getBMICategory_obese_returnsCorrectCategory]' started.
Test Case '-[Yoga_of_EatingTests.HealthProfileServiceTests test_getBMICategory_obese_returnsCorrectCategory]' passed (0.000 seconds).
Test Case '-[Yoga_of_EatingTests.HealthProfileServiceTests test_getBMICategory_overweight_returnsCorrectCategory]' started.
Test Case '-[Yoga_of_EatingTests.HealthProfileServiceTests test_getBMICategory_overweight_returnsCorrectCategory]' passed (0.000 seconds).
Test Case '-[Yoga_of_EatingTests.HealthProfileServiceTests test_getBMICategory_underweight_returnsCorrectCategory]' started.
Test Case '-[Yoga_of_EatingTests.HealthProfileServiceTests test_getBMICategory_underweight_returnsCorrectCategory]' passed (0.000 seconds).
Test Case '-[Yoga_of_EatingTests.HealthProfileServiceTests test_getHealthRiskLevel_healthyProfile_returnsLow]' started.
Test Case '-[Yoga_of_EatingTests.HealthProfileServiceTests test_getHealthRiskLevel_healthyProfile_returnsLow]' passed (0.000 seconds).
Test Case '-[Yoga_of_EatingTests.HealthProfileServiceTests test_getHealthRiskLevel_normalVeryOld_returnsMedium]' started.
Test Case '-[Yoga_of_EatingTests.HealthProfileServiceTests test_getHealthRiskLevel_normalVeryOld_returnsMedium]' passed (0.000 seconds).
Test Case '-[Yoga_of_EatingTests.HealthProfileServiceTests test_getHealthRiskLevel_obese_returnsHigh]' started.
Test Case '-[Yoga_of_EatingTests.HealthProfileServiceTests test_getHealthRiskLevel_obese_returnsHigh]' passed (0.000 seconds).
Test Case '-[Yoga_of_EatingTests.HealthProfileServiceTests test_getHealthRiskLevel_overweightOlder_returnsHigh]' started.
Test Case '-[Yoga_of_EatingTests.HealthProfileServiceTests test_getHealthRiskLevel_overweightOlder_returnsHigh]' passed (0.000 seconds).
Test Case '-[Yoga_of_EatingTests.HealthProfileServiceTests test_getHealthRiskLevel_overweightYoung_returnsMedium]' started.
Test Case '-[Yoga_of_EatingTests.HealthProfileServiceTests test_getHealthRiskLevel_overweightYoung_returnsMedium]' passed (0.000 seconds).
Test Case '-[Yoga_of_EatingTests.HealthProfileServiceTests test_getSensitivityMultiplier_extremelyObeseVeryOld_clampedToMax]' started.
Test Case '-[Yoga_of_EatingTests.HealthProfileServiceTests test_getSensitivityMultiplier_extremelyObeseVeryOld_clampedToMax]' passed (0.000 seconds).
Test Case '-[Yoga_of_EatingTests.HealthProfileServiceTests test_getSensitivityMultiplier_healthyYoung_returnsBaseValue]' started.
Test Case '-[Yoga_of_EatingTests.HealthProfileServiceTests test_getSensitivityMultiplier_healthyYoung_returnsBaseValue]' passed (0.000 seconds).
Test Case '-[Yoga_of_EatingTests.HealthProfileServiceTests test_getSensitivityMultiplier_obeseOlder_returnsHighSensitivity]' started.
Test Case '-[Yoga_of_EatingTests.HealthProfileServiceTests test_getSensitivityMultiplier_obeseOlder_returnsHighSensitivity]' passed (0.000 seconds).
Test Case '-[Yoga_of_EatingTests.HealthProfileServiceTests test_getSensitivityMultiplier_overweightMiddleAge_returnsIncreasedValue]' started.
Test Case '-[Yoga_of_EatingTests.HealthProfileServiceTests test_getSensitivityMultiplier_overweightMiddleAge_returnsIncreasedValue]' passed (0.000 seconds).
Test Case '-[Yoga_of_EatingTests.HealthProfileServiceTests test_getSensitivityMultiplier_underweight_clampedToMin]' started.
Test Case '-[Yoga_of_EatingTests.HealthProfileServiceTests test_getSensitivityMultiplier_underweight_clampedToMin]' passed (0.000 seconds).
Test Case '-[Yoga_of_EatingTests.HealthProfileServiceTests test_getUserHealthProfile_imperialUnits_convertsCorrectly]' started.
Test Case '-[Yoga_of_EatingTests.HealthProfileServiceTests test_getUserHealthProfile_imperialUnits_convertsCorrectly]' passed (0.014 seconds).
Test Case '-[Yoga_of_EatingTests.HealthProfileServiceTests test_getUserHealthProfile_invalidStringValues_returnsNil]' started.
Test Case '-[Yoga_of_EatingTests.HealthProfileServiceTests test_getUserHealthProfile_invalidStringValues_returnsNil]' passed (0.002 seconds).
Test Case '-[Yoga_of_EatingTests.HealthProfileServiceTests test_getUserHealthProfile_missingAge_returnsNil]' started.
Test Case '-[Yoga_of_EatingTests.HealthProfileServiceTests test_getUserHealthProfile_missingAge_returnsNil]' passed (0.001 seconds).
Test Case '-[Yoga_of_EatingTests.HealthProfileServiceTests test_getUserHealthProfile_missingHeight_returnsNil]' started.
Test Case '-[Yoga_of_EatingTests.HealthProfileServiceTests test_getUserHealthProfile_missingHeight_returnsNil]' passed (0.001 seconds).
Test Case '-[Yoga_of_EatingTests.HealthProfileServiceTests test_getUserHealthProfile_missingWeight_returnsNil]' started.
Test Case '-[Yoga_of_EatingTests.HealthProfileServiceTests test_getUserHealthProfile_missingWeight_returnsNil]' passed (0.001 seconds).
Test Case '-[Yoga_of_EatingTests.HealthProfileServiceTests test_getUserHealthProfile_validData_returnsProfile]' started.
Test Case '-[Yoga_of_EatingTests.HealthProfileServiceTests test_getUserHealthProfile_validData_returnsProfile]' passed (0.002 seconds).
Test Case '-[Yoga_of_EatingTests.HealthProfileServiceTests test_getUserHealthProfile_zeroValues_returnsNil]' started.
Test Case '-[Yoga_of_EatingTests.HealthProfileServiceTests test_getUserHealthProfile_zeroValues_returnsNil]' passed (0.001 seconds).
Test Suite 'HealthProfileServiceTests' passed at 2026-05-15 06:34:41.662.
	 Executed 33 tests, with 0 failures (0 unexpected) in 0.031 (0.037) seconds
Test Suite 'HeatmapLayoutConfigurationTests' started at 2026-05-15 06:34:41.662.
Test Case '-[Yoga_of_EatingTests.HeatmapLayoutConfigurationTests test_cellSize_foriPad]' started.
Test Case '-[Yoga_of_EatingTests.HeatmapLayoutConfigurationTests test_cellSize_foriPad]' passed (0.000 seconds).
Test Case '-[Yoga_of_EatingTests.HeatmapLayoutConfigurationTests test_cellSize_foriPhone15ProMax]' started.
Test Case '-[Yoga_of_EatingTests.HeatmapLayoutConfigurationTests test_cellSize_foriPhone15ProMax]' passed (0.000 seconds).
Test Case '-[Yoga_of_EatingTests.HeatmapLayoutConfigurationTests test_cellSize_foriPhoneSE]' started.
Test Case '-[Yoga_of_EatingTests.HeatmapLayoutConfigurationTests test_cellSize_foriPhoneSE]' passed (0.000 seconds).
Test Case '-[Yoga_of_EatingTests.HeatmapLayoutConfigurationTests test_cellSize_inLandscape_calculatesFittingWeeksHorizontally]' started.
Test Case '-[Yoga_of_EatingTests.HeatmapLayoutConfigurationTests test_cellSize_inLandscape_calculatesFittingWeeksHorizontally]' passed (0.000 seconds).
Test Case '-[Yoga_of_EatingTests.HeatmapLayoutConfigurationTests test_cellSize_inPortrait_calculatesFittingSevenColumns]' started.
Test Case '-[Yoga_of_EatingTests.HeatmapLayoutConfigurationTests test_cellSize_inPortrait_calculatesFittingSevenColumns]' passed (0.000 seconds).
Test Case '-[Yoga_of_EatingTests.HeatmapLayoutConfigurationTests test_cellSize_neverGoesBelowMinimum]' started.
Test Case '-[Yoga_of_EatingTests.HeatmapLayoutConfigurationTests test_cellSize_neverGoesBelowMinimum]' passed (0.000 seconds).
Test Case '-[Yoga_of_EatingTests.HeatmapLayoutConfigurationTests test_cornerRadius_isProportionalToCellSize]' started.
Test Case '-[Yoga_of_EatingTests.HeatmapLayoutConfigurationTests test_cornerRadius_isProportionalToCellSize]' passed (0.000 seconds).
Test Case '-[Yoga_of_EatingTests.HeatmapLayoutConfigurationTests test_gridDirection_isHorizontalInLandscape]' started.
Test Case '-[Yoga_of_EatingTests.HeatmapLayoutConfigurationTests test_gridDirection_isHorizontalInLandscape]' passed (0.000 seconds).
Test Case '-[Yoga_of_EatingTests.HeatmapLayoutConfigurationTests test_gridDirection_isVerticalInPortrait]' started.
Test Case '-[Yoga_of_EatingTests.HeatmapLayoutConfigurationTests test_gridDirection_isVerticalInPortrait]' passed (0.000 seconds).
Test Case '-[Yoga_of_EatingTests.HeatmapLayoutConfigurationTests test_minimumCellSize_is32Points]' started.
Test Case '-[Yoga_of_EatingTests.HeatmapLayoutConfigurationTests test_minimumCellSize_is32Points]' passed (0.000 seconds).
Test Case '-[Yoga_of_EatingTests.HeatmapLayoutConfigurationTests test_spacing_isProportionalToCellSize]' started.
Test Case '-[Yoga_of_EatingTests.HeatmapLayoutConfigurationTests test_spacing_isProportionalToCellSize]' passed (0.000 seconds).
Test Case '-[Yoga_of_EatingTests.HeatmapLayoutConfigurationTests test_totalGridHeight_inPortrait]' started.
Test Case '-[Yoga_of_EatingTests.HeatmapLayoutConfigurationTests test_totalGridHeight_inPortrait]' passed (0.000 seconds).
Test Case '-[Yoga_of_EatingTests.HeatmapLayoutConfigurationTests test_totalGridWidth_inPortrait]' started.
Test Case '-[Yoga_of_EatingTests.HeatmapLayoutConfigurationTests test_totalGridWidth_inPortrait]' passed (0.000 seconds).
Test Suite 'HeatmapLayoutConfigurationTests' passed at 2026-05-15 06:34:41.668.
	 Executed 13 tests, with 0 failures (0 unexpected) in 0.004 (0.006) seconds
Test Suite 'HighlightDataModelTests' started at 2026-05-15 06:34:41.668.
Test Case '-[Yoga_of_EatingTests.HighlightDataModelTests test_defaultInit_hasNoContent]' started.
Test Case '-[Yoga_of_EatingTests.HighlightDataModelTests test_defaultInit_hasNoContent]' passed (0.000 seconds).
Test Case '-[Yoga_of_EatingTests.HighlightDataModelTests test_encodeDecode_nilFieldsRoundTrip]' started.
Test Case '-[Yoga_of_EatingTests.HighlightDataModelTests test_encodeDecode_nilFieldsRoundTrip]' passed (0.000 seconds).
Test Case '-[Yoga_of_EatingTests.HighlightDataModelTests test_encodeDecode_roundTrip]' started.
Test Case '-[Yoga_of_EatingTests.HighlightDataModelTests test_encodeDecode_roundTrip]' passed (0.000 seconds).
Test Case '-[Yoga_of_EatingTests.HighlightDataModelTests test_equatable]' started.
Test Case '-[Yoga_of_EatingTests.HighlightDataModelTests test_equatable]' passed (0.000 seconds).
Test Case '-[Yoga_of_EatingTests.HighlightDataModelTests test_hasContent_falseForWhitespaceOnlyNotes]' started.
Test Case '-[Yoga_of_EatingTests.HighlightDataModelTests test_hasContent_falseForWhitespaceOnlyNotes]' passed (0.000 seconds).
Test Case '-[Yoga_of_EatingTests.HighlightDataModelTests test_hasContent_trueWhenMorningThoughtsSet]' started.
Test Case '-[Yoga_of_EatingTests.HighlightDataModelTests test_hasContent_trueWhenMorningThoughtsSet]' passed (0.000 seconds).
Test Case '-[Yoga_of_EatingTests.HighlightDataModelTests test_hasContent_trueWhenSleepNotesSet]' started.
Test Case '-[Yoga_of_EatingTests.HighlightDataModelTests test_hasContent_trueWhenSleepNotesSet]' passed (0.000 seconds).
Test Case '-[Yoga_of_EatingTests.HighlightDataModelTests test_hasContent_trueWhenSleepQualitySet]' started.
Test Case '-[Yoga_of_EatingTests.HighlightDataModelTests test_hasContent_trueWhenSleepQualitySet]' passed (0.000 seconds).
Test Case '-[Yoga_of_EatingTests.HighlightDataModelTests test_hasContent_trueWhenTodosExist]' started.
Test Case '-[Yoga_of_EatingTests.HighlightDataModelTests test_hasContent_trueWhenTodosExist]' passed (0.000 seconds).
Test Suite 'HighlightDataModelTests' passed at 2026-05-15 06:34:41.673.
	 Executed 9 tests, with 0 failures (0 unexpected) in 0.003 (0.004) seconds
Test Suite 'HighlightReflectTextEntryIntegrationTests' started at 2026-05-15 06:34:41.673.
Test Case '-[Yoga_of_EatingTests.HighlightReflectTextEntryIntegrationTests test_contractDate_stableUnderRapidSameDayMutations]' started.
2026-05-15 06:34:41.673232+0530 Yoga of Eating[16063:129044] [[FirebaseCore]] 12.7.0 - [FirebaseCore][I-COR000003] The default Firebase app has not yet been configured. Add `FirebaseApp.configure()` to your application initialization. This can be done in in the App Delegate's application(_:didFinishLaunchingWithOptions:)` (or the `@main` struct's initializer in SwiftUI). Read more: https://firebase.google.com/docs/ios/setup#initialize_firebase_in_your_app
Test Case '-[Yoga_of_EatingTests.HighlightReflectTextEntryIntegrationTests test_contractDate_stableUnderRapidSameDayMutations]' passed (0.011 seconds).
Test Case '-[Yoga_of_EatingTests.HighlightReflectTextEntryIntegrationTests test_feelingUpdate_doesNotAlterJournalTextInContract]' started.
2026-05-15 06:34:41.683941+0530 Yoga of Eating[16063:129047] [[FirebaseCore]] 12.7.0 - [FirebaseCore][I-COR000003] The default Firebase app has not yet been configured. Add `FirebaseApp.configure()` to your application initialization. This can be done in in the App Delegate's application(_:didFinishLaunchingWithOptions:)` (or the `@main` struct's initializer in SwiftUI). Read more: https://firebase.google.com/docs/ios/setup#initialize_firebase_in_your_app
Test Case '-[Yoga_of_EatingTests.HighlightReflectTextEntryIntegrationTests test_feelingUpdate_doesNotAlterJournalTextInContract]' passed (0.001 seconds).
Test Case '-[Yoga_of_EatingTests.HighlightReflectTextEntryIntegrationTests test_highlightSleepNotes_independentPerDay]' started.
2026-05-15 06:34:41.684690+0530 Yoga of Eating[16063:129054] [[FirebaseCore]] 12.7.0 - [FirebaseCore][I-COR000003] The default Firebase app has not yet been configured. Add `FirebaseApp.configure()` to your application initialization. This can be done in in the App Delegate's application(_:didFinishLaunchingWithOptions:)` (or the `@main` struct's initializer in SwiftUI). Read more: https://firebase.google.com/docs/ios/setup#initialize_firebase_in_your_app
Test Case '-[Yoga_of_EatingTests.HighlightReflectTextEntryIntegrationTests test_highlightSleepNotes_independentPerDay]' passed (0.000 seconds).
Test Case '-[Yoga_of_EatingTests.HighlightReflectTextEntryIntegrationTests test_journalText_emptyString_savesNil]' started.
2026-05-15 06:34:41.685307+0530 Yoga of Eating[16063:129043] [[FirebaseCore]] 12.7.0 - [FirebaseCore][I-COR000003] The default Firebase app has not yet been configured. Add `FirebaseApp.configure()` to your application initialization. This can be done in in the App Delegate's application(_:didFinishLaunchingWithOptions:)` (or the `@main` struct's initializer in SwiftUI). Read more: https://firebase.google.com/docs/ios/setup#initialize_firebase_in_your_app
Test Case '-[Yoga_of_EatingTests.HighlightReflectTextEntryIntegrationTests test_journalText_emptyString_savesNil]' passed (0.001 seconds).
Test Case '-[Yoga_of_EatingTests.HighlightReflectTextEntryIntegrationTests test_journalText_savedAndRestoredCorrectly]' started.
2026-05-15 06:34:41.685957+0530 Yoga of Eating[16063:129047] [[FirebaseCore]] 12.7.0 - [FirebaseCore][I-COR000003] The default Firebase app has not yet been configured. Add `FirebaseApp.configure()` to your application initialization. This can be done in in the App Delegate's application(_:didFinishLaunchingWithOptions:)` (or the `@main` struct's initializer in SwiftUI). Read more: https://firebase.google.com/docs/ios/setup#initialize_firebase_in_your_app
Test Case '-[Yoga_of_EatingTests.HighlightReflectTextEntryIntegrationTests test_journalText_savedAndRestoredCorrectly]' passed (0.001 seconds).
Test Case '-[Yoga_of_EatingTests.HighlightReflectTextEntryIntegrationTests test_journalText_savedToday_notVisibleYesterday]' started.
2026-05-15 06:34:41.686624+0530 Yoga of Eating[16063:129047] [[FirebaseCore]] 12.7.0 - [FirebaseCore][I-COR000003] The default Firebase app has not yet been configured. Add `FirebaseApp.configure()` to your application initialization. This can be done in in the App Delegate's application(_:didFinishLaunchingWithOptions:)` (or the `@main` struct's initializer in SwiftUI). Read more: https://firebase.google.com/docs/ios/setup#initialize_firebase_in_your_app
Test Case '-[Yoga_of_EatingTests.HighlightReflectTextEntryIntegrationTests test_journalText_savedToday_notVisibleYesterday]' passed (0.000 seconds).
Test Case '-[Yoga_of_EatingTests.HighlightReflectTextEntryIntegrationTests test_journalText_savedToday_restoredAfterNavigationAndReturn]' started.
2026-05-15 06:34:41.687217+0530 Yoga of Eating[16063:129047] [[FirebaseCore]] 12.7.0 - [FirebaseCore][I-COR000003] The default Firebase app has not yet been configured. Add `FirebaseApp.configure()` to your application initialization. This can be done in in the App Delegate's application(_:didFinishLaunchingWithOptions:)` (or the `@main` struct's initializer in SwiftUI). Read more: https://firebase.google.com/docs/ios/setup#initialize_firebase_in_your_app
Test Case '-[Yoga_of_EatingTests.HighlightReflectTextEntryIntegrationTests test_journalText_savedToday_restoredAfterNavigationAndReturn]' passed (0.000 seconds).
Test Case '-[Yoga_of_EatingTests.HighlightReflectTextEntryIntegrationTests test_journalText_tooLong_notSaved]' started.
2026-05-15 06:34:41.687807+0530 Yoga of Eating[16063:129044] [[FirebaseCore]] 12.7.0 - [FirebaseCore][I-COR000003] The default Firebase app has not yet been configured. Add `FirebaseApp.configure()` to your application initialization. This can be done in in the App Delegate's application(_:didFinishLaunchingWithOptions:)` (or the `@main` struct's initializer in SwiftUI). Read more: https://firebase.google.com/docs/ios/setup#initialize_firebase_in_your_app
Test Case '-[Yoga_of_EatingTests.HighlightReflectTextEntryIntegrationTests test_journalText_tooLong_notSaved]' passed (0.003 seconds).
Test Case '-[Yoga_of_EatingTests.HighlightReflectTextEntryIntegrationTests test_morningThoughts_savedAndRestoredCorrectly]' started.
2026-05-15 06:34:41.690465+0530 Yoga of Eating[16063:129044] [[FirebaseCore]] 12.7.0 - [FirebaseCore][I-COR000003] The default Firebase app has not yet been configured. Add `FirebaseApp.configure()` to your application initialization. This can be done in in the App Delegate's application(_:didFinishLaunchingWithOptions:)` (or the `@main` struct's initializer in SwiftUI). Read more: https://firebase.google.com/docs/ios/setup#initialize_firebase_in_your_app
Test Case '-[Yoga_of_EatingTests.HighlightReflectTextEntryIntegrationTests test_morningThoughts_savedAndRestoredCorrectly]' passed (0.001 seconds).
Test Case '-[Yoga_of_EatingTests.HighlightReflectTextEntryIntegrationTests test_morningThoughts_savedToday_notVisibleYesterday]' started.
2026-05-15 06:34:41.691129+0530 Yoga of Eating[16063:129054] [[FirebaseCore]] 12.7.0 - [FirebaseCore][I-COR000003] The default Firebase app has not yet been configured. Add `FirebaseApp.configure()` to your application initialization. This can be done in in the App Delegate's application(_:didFinishLaunchingWithOptions:)` (or the `@main` struct's initializer in SwiftUI). Read more: https://firebase.google.com/docs/ios/setup#initialize_firebase_in_your_app
Test Case '-[Yoga_of_EatingTests.HighlightReflectTextEntryIntegrationTests test_morningThoughts_savedToday_notVisibleYesterday]' passed (0.001 seconds).
Test Case '-[Yoga_of_EatingTests.HighlightReflectTextEntryIntegrationTests test_morningThoughts_savedToday_restoredAfterNavigationAndReturn]' started.
2026-05-15 06:34:41.691870+0530 Yoga of Eating[16063:129044] [[FirebaseCore]] 12.7.0 - [FirebaseCore][I-COR000003] The default Firebase app has not yet been configured. Add `FirebaseApp.configure()` to your application initialization. This can be done in in the App Delegate's application(_:didFinishLaunchingWithOptions:)` (or the `@main` struct's initializer in SwiftUI). Read more: https://firebase.google.com/docs/ios/setup#initialize_firebase_in_your_app
Test Case '-[Yoga_of_EatingTests.HighlightReflectTextEntryIntegrationTests test_morningThoughts_savedToday_restoredAfterNavigationAndReturn]' passed (0.001 seconds).
Test Case '-[Yoga_of_EatingTests.HighlightReflectTextEntryIntegrationTests test_morningThoughts_tooLong_notSaved]' started.
2026-05-15 06:34:41.692591+0530 Yoga of Eating[16063:129054] [[FirebaseCore]] 12.7.0 - [FirebaseCore][I-COR000003] The default Firebase app has not yet been configured. Add `FirebaseApp.configure()` to your application initialization. This can be done in in the App Delegate's application(_:didFinishLaunchingWithOptions:)` (or the `@main` struct's initializer in SwiftUI). Read more: https://firebase.google.com/docs/ios/setup#initialize_firebase_in_your_app
Test Case '-[Yoga_of_EatingTests.HighlightReflectTextEntryIntegrationTests test_morningThoughts_tooLong_notSaved]' passed (0.002 seconds).
Test Case '-[Yoga_of_EatingTests.HighlightReflectTextEntryIntegrationTests test_reflectContractDate_stableUnderRapidSameDayMutations]' started.
2026-05-15 06:34:41.695100+0530 Yoga of Eating[16063:129054] [[FirebaseCore]] 12.7.0 - [FirebaseCore][I-COR000003] The default Firebase app has not yet been configured. Add `FirebaseApp.configure()` to your application initialization. This can be done in in the App Delegate's application(_:didFinishLaunchingWithOptions:)` (or the `@main` struct's initializer in SwiftUI). Read more: https://firebase.google.com/docs/ios/setup#initialize_firebase_in_your_app
Test Case '-[Yoga_of_EatingTests.HighlightReflectTextEntryIntegrationTests test_reflectContractDate_stableUnderRapidSameDayMutations]' passed (0.001 seconds).
Test Case '-[Yoga_of_EatingTests.HighlightReflectTextEntryIntegrationTests test_reflectJournal_independentPerDay]' started.
2026-05-15 06:34:41.695848+0530 Yoga of Eating[16063:129043] [[FirebaseCore]] 12.7.0 - [FirebaseCore][I-COR000003] The default Firebase app has not yet been configured. Add `FirebaseApp.configure()` to your application initialization. This can be done in in the App Delegate's application(_:didFinishLaunchingWithOptions:)` (or the `@main` struct's initializer in SwiftUI). Read more: https://firebase.google.com/docs/ios/setup#initialize_firebase_in_your_app
Test Case '-[Yoga_of_EatingTests.HighlightReflectTextEntryIntegrationTests test_reflectJournal_independentPerDay]' passed (0.000 seconds).
Test Case '-[Yoga_of_EatingTests.HighlightReflectTextEntryIntegrationTests test_sleepNotes_contractReflectsSavedValue_afterSave]' started.
2026-05-15 06:34:41.696355+0530 Yoga of Eating[16063:129054] [[FirebaseCore]] 12.7.0 - [FirebaseCore][I-COR000003] The default Firebase app has not yet been configured. Add `FirebaseApp.configure()` to your application initialization. This can be done in in the App Delegate's application(_:didFinishLaunchingWithOptions:)` (or the `@main` struct's initializer in SwiftUI). Read more: https://firebase.google.com/docs/ios/setup#initialize_firebase_in_your_app
Test Case '-[Yoga_of_EatingTests.HighlightReflectTextEntryIntegrationTests test_sleepNotes_contractReflectsSavedValue_afterSave]' passed (0.000 seconds).
Test Case '-[Yoga_of_EatingTests.HighlightReflectTextEntryIntegrationTests test_sleepNotes_emptyString_savesNil]' started.
2026-05-15 06:34:41.696903+0530 Yoga of Eating[16063:129054] [[FirebaseCore]] 12.7.0 - [FirebaseCore][I-COR000003] The default Firebase app has not yet been configured. Add `FirebaseApp.configure()` to your application initialization. This can be done in in the App Delegate's application(_:didFinishLaunchingWithOptions:)` (or the `@main` struct's initializer in SwiftUI). Read more: https://firebase.google.com/docs/ios/setup#initialize_firebase_in_your_app
Test Case '-[Yoga_of_EatingTests.HighlightReflectTextEntryIntegrationTests test_sleepNotes_emptyString_savesNil]' passed (0.000 seconds).
Test Case '-[Yoga_of_EatingTests.HighlightReflectTextEntryIntegrationTests test_sleepNotes_savedAndRestoredCorrectly]' started.
2026-05-15 06:34:41.697502+0530 Yoga of Eating[16063:129044] [[FirebaseCore]] 12.7.0 - [FirebaseCore][I-COR000003] The default Firebase app has not yet been configured. Add `FirebaseApp.configure()` to your application initialization. This can be done in in the App Delegate's application(_:didFinishLaunchingWithOptions:)` (or the `@main` struct's initializer in SwiftUI). Read more: https://firebase.google.com/docs/ios/setup#initialize_firebase_in_your_app
Test Case '-[Yoga_of_EatingTests.HighlightReflectTextEntryIntegrationTests test_sleepNotes_savedAndRestoredCorrectly]' passed (0.000 seconds).
Test Case '-[Yoga_of_EatingTests.HighlightReflectTextEntryIntegrationTests test_sleepNotes_savedToday_notVisibleYesterday]' started.
2026-05-15 06:34:41.698113+0530 Yoga of Eating[16063:129043] [[FirebaseCore]] 12.7.0 - [FirebaseCore][I-COR000003] The default Firebase app has not yet been configured. Add `FirebaseApp.configure()` to your application initialization. This can be done in in the App Delegate's application(_:didFinishLaunchingWithOptions:)` (or the `@main` struct's initializer in SwiftUI). Read more: https://firebase.google.com/docs/ios/setup#initialize_firebase_in_your_app
Test Case '-[Yoga_of_EatingTests.HighlightReflectTextEntryIntegrationTests test_sleepNotes_savedToday_notVisibleYesterday]' passed (0.000 seconds).
Test Case '-[Yoga_of_EatingTests.HighlightReflectTextEntryIntegrationTests test_sleepNotes_savedToday_restoredAfterNavigationAndReturn]' started.
2026-05-15 06:34:41.698686+0530 Yoga of Eating[16063:129043] [[FirebaseCore]] 12.7.0 - [FirebaseCore][I-COR000003] The default Firebase app has not yet been configured. Add `FirebaseApp.configure()` to your application initialization. This can be done in in the App Delegate's application(_:didFinishLaunchingWithOptions:)` (or the `@main` struct's initializer in SwiftUI). Read more: https://firebase.google.com/docs/ios/setup#initialize_firebase_in_your_app
Test Case '-[Yoga_of_EatingTests.HighlightReflectTextEntryIntegrationTests test_sleepNotes_savedToday_restoredAfterNavigationAndReturn]' passed (0.000 seconds).
Test Case '-[Yoga_of_EatingTests.HighlightReflectTextEntryIntegrationTests test_sleepNotes_tooLong_notSaved]' started.
2026-05-15 06:34:41.699292+0530 Yoga of Eating[16063:129047] [[FirebaseCore]] 12.7.0 - [FirebaseCore][I-COR000003] The default Firebase app has not yet been configured. Add `FirebaseApp.configure()` to your application initialization. This can be done in in the App Delegate's application(_:didFinishLaunchingWithOptions:)` (or the `@main` struct's initializer in SwiftUI). Read more: https://firebase.google.com/docs/ios/setup#initialize_firebase_in_your_app
Test Case '-[Yoga_of_EatingTests.HighlightReflectTextEntryIntegrationTests test_sleepNotes_tooLong_notSaved]' passed (0.001 seconds).
Test Case '-[Yoga_of_EatingTests.HighlightReflectTextEntryIntegrationTests test_sleepQualityUpdate_doesNotAlterSleepNotesInContract]' started.
2026-05-15 06:34:41.700419+0530 Yoga of Eating[16063:129054] [[FirebaseCore]] 12.7.0 - [FirebaseCore][I-COR000003] The default Firebase app has not yet been configured. Add `FirebaseApp.configure()` to your application initialization. This can be done in in the App Delegate's application(_:didFinishLaunchingWithOptions:)` (or the `@main` struct's initializer in SwiftUI). Read more: https://firebase.google.com/docs/ios/setup#initialize_firebase_in_your_app
Test Case '-[Yoga_of_EatingTests.HighlightReflectTextEntryIntegrationTests test_sleepQualityUpdate_doesNotAlterSleepNotesInContract]' passed (0.000 seconds).
Test Case '-[Yoga_of_EatingTests.HighlightReflectTextEntryIntegrationTests test_todoAddition_doesNotAlterMorningThoughtsInContract]' started.
2026-05-15 06:34:41.701032+0530 Yoga of Eating[16063:129047] [[FirebaseCore]] 12.7.0 - [FirebaseCore][I-COR000003] The default Firebase app has not yet been configured. Add `FirebaseApp.configure()` to your application initialization. This can be done in in the App Delegate's application(_:didFinishLaunchingWithOptions:)` (or the `@main` struct's initializer in SwiftUI). Read more: https://firebase.google.com/docs/ios/setup#initialize_firebase_in_your_app
Test Case '-[Yoga_of_EatingTests.HighlightReflectTextEntryIntegrationTests test_todoAddition_doesNotAlterMorningThoughtsInContract]' passed (0.000 seconds).
Test Suite 'HighlightReflectTextEntryIntegrationTests' passed at 2026-05-15 06:34:41.701.
	 Executed 22 tests, with 0 failures (0 unexpected) in 0.025 (0.029) seconds
Test Suite 'HistoricalDataInsightStorageTests' started at 2026-05-15 06:34:41.701.
Test Case '-[Yoga_of_EatingTests.HistoricalDataInsightStorageTests test_protocol_updateInsight_signatureAcceptsDailyInsight]' started.
Test Case '-[Yoga_of_EatingTests.HistoricalDataInsightStorageTests test_protocol_updateInsight_signatureAcceptsDailyInsight]' passed (0.000 seconds).
Test Case '-[Yoga_of_EatingTests.HistoricalDataInsightStorageTests test_snapshot_insightField_isUnifiedDailyInsight]' started.
Test Case '-[Yoga_of_EatingTests.HistoricalDataInsightStorageTests test_snapshot_insightField_isUnifiedDailyInsight]' passed (0.011 seconds).
Test Case '-[Yoga_of_EatingTests.HistoricalDataInsightStorageTests test_snapshot_noBriefingField_afterPhase2]' started.
Test Case '-[Yoga_of_EatingTests.HistoricalDataInsightStorageTests test_snapshot_noBriefingField_afterPhase2]' passed (0.000 seconds).
Test Case '-[Yoga_of_EatingTests.HistoricalDataInsightStorageTests test_updateInsight_acceptsUnifiedDailyInsight]' started.
Test Case '-[Yoga_of_EatingTests.HistoricalDataInsightStorageTests test_updateInsight_acceptsUnifiedDailyInsight]' passed (0.000 seconds).
Test Case '-[Yoga_of_EatingTests.HistoricalDataInsightStorageTests test_updateInsight_differentDates_storedSeparately]' started.
Test Case '-[Yoga_of_EatingTests.HistoricalDataInsightStorageTests test_updateInsight_differentDates_storedSeparately]' passed (0.000 seconds).
Test Case '-[Yoga_of_EatingTests.HistoricalDataInsightStorageTests test_updateInsight_overwritesPreviousInsight]' started.
Test Case '-[Yoga_of_EatingTests.HistoricalDataInsightStorageTests test_updateInsight_overwritesPreviousInsight]' passed (0.000 seconds).
Test Case '-[Yoga_of_EatingTests.HistoricalDataInsightStorageTests test_updateInsight_persists_retrievableFromSnapshot]' started.
Test Case '-[Yoga_of_EatingTests.HistoricalDataInsightStorageTests test_updateInsight_persists_retrievableFromSnapshot]' passed (0.000 seconds).
Test Suite 'HistoricalDataInsightStorageTests' passed at 2026-05-15 06:34:41.715.
	 Executed 7 tests, with 0 failures (0 unexpected) in 0.013 (0.014) seconds
Test Suite 'HistoricalDataServiceTests' started at 2026-05-15 06:34:41.716.
Test Case '-[Yoga_of_EatingTests.HistoricalDataServiceTests test_archiveCurrentDay_calculates_averageHealthScore]' started.
Test Case '-[Yoga_of_EatingTests.HistoricalDataServiceTests test_archiveCurrentDay_calculates_averageHealthScore]' passed (0.001 seconds).
Test Case '-[Yoga_of_EatingTests.HistoricalDataServiceTests test_archiveCurrentDay_callsPersistence_save]' started.
Test Case '-[Yoga_of_EatingTests.HistoricalDataServiceTests test_archiveCurrentDay_callsPersistence_save]' passed (0.018 seconds).
Test Case '-[Yoga_of_EatingTests.HistoricalDataServiceTests test_archiveCurrentDay_creates_newSnapshot]' started.
Test Case '-[Yoga_of_EatingTests.HistoricalDataServiceTests test_archiveCurrentDay_creates_newSnapshot]' passed (0.000 seconds).
Test Case '-[Yoga_of_EatingTests.HistoricalDataServiceTests test_archiveCurrentDay_doesNotDuplicate_sameDay]' started.
Test Case '-[Yoga_of_EatingTests.HistoricalDataServiceTests test_archiveCurrentDay_doesNotDuplicate_sameDay]' passed (0.000 seconds).
Test Case '-[Yoga_of_EatingTests.HistoricalDataServiceTests test_archiveCurrentDay_handles_emptyMealList]' started.
Test Case '-[Yoga_of_EatingTests.HistoricalDataServiceTests test_archiveCurrentDay_handles_emptyMealList]' passed (0.000 seconds).
Test Case '-[Yoga_of_EatingTests.HistoricalDataServiceTests test_archiveCurrentDay_handles_midnightEdgeCase]' started.
Test Case '-[Yoga_of_EatingTests.HistoricalDataServiceTests test_archiveCurrentDay_handles_midnightEdgeCase]' passed (0.000 seconds).
Test Case '-[Yoga_of_EatingTests.HistoricalDataServiceTests test_archiveCurrentDay_normalizes_dateToMidnight]' started.
Test Case '-[Yoga_of_EatingTests.HistoricalDataServiceTests test_archiveCurrentDay_normalizes_dateToMidnight]' passed (0.000 seconds).
Test Case '-[Yoga_of_EatingTests.HistoricalDataServiceTests test_archiveCurrentDay_preservesExistingReflection]' started.
Test Case '-[Yoga_of_EatingTests.HistoricalDataServiceTests test_archiveCurrentDay_preservesExistingReflection]' passed (0.009 seconds).
Test Case '-[Yoga_of_EatingTests.HistoricalDataServiceTests test_archiveCurrentDay_saves_allMeals]' started.
Test Case '-[Yoga_of_EatingTests.HistoricalDataServiceTests test_archiveCurrentDay_saves_allMeals]' passed (0.000 seconds).
Test Case '-[Yoga_of_EatingTests.HistoricalDataServiceTests test_archiveCurrentDay_saves_smileyState]' started.
Test Case '-[Yoga_of_EatingTests.HistoricalDataServiceTests test_archiveCurrentDay_saves_smileyState]' passed (0.000 seconds).
Test Case '-[Yoga_of_EatingTests.HistoricalDataServiceTests test_getSnapshot_returnsCorrect_forDate]' started.
Test Case '-[Yoga_of_EatingTests.HistoricalDataServiceTests test_getSnapshot_returnsCorrect_forDate]' passed (0.000 seconds).
Test Case '-[Yoga_of_EatingTests.HistoricalDataServiceTests test_getSnapshot_returnsNil_whenNotFound]' started.
Test Case '-[Yoga_of_EatingTests.HistoricalDataServiceTests test_getSnapshot_returnsNil_whenNotFound]' passed (0.000 seconds).
Test Case '-[Yoga_of_EatingTests.HistoricalDataServiceTests test_getYearSnapshots_generates_365Days_forRegularYear]' started.
Test Case '-[Yoga_of_EatingTests.HistoricalDataServiceTests test_getYearSnapshots_generates_365Days_forRegularYear]' passed (0.000 seconds).
Test Case '-[Yoga_of_EatingTests.HistoricalDataServiceTests test_getYearSnapshots_generates_366Days_forLeapYear]' started.
Test Case '-[Yoga_of_EatingTests.HistoricalDataServiceTests test_getYearSnapshots_generates_366Days_forLeapYear]' passed (0.000 seconds).
Test Case '-[Yoga_of_EatingTests.HistoricalDataServiceTests test_getYearSnapshots_returns_emptyArray_whenNoData]' started.
Test Case '-[Yoga_of_EatingTests.HistoricalDataServiceTests test_getYearSnapshots_returns_emptyArray_whenNoData]' passed (0.000 seconds).
Test Case '-[Yoga_of_EatingTests.HistoricalDataServiceTests test_getYearSnapshots_returns_onlySpecifiedYear]' started.
Test Case '-[Yoga_of_EatingTests.HistoricalDataServiceTests test_getYearSnapshots_returns_onlySpecifiedYear]' passed (0.000 seconds).
Test Case '-[Yoga_of_EatingTests.HistoricalDataServiceTests test_legacySnapshot_loadsWithNilReflection]' started.
Test Case '-[Yoga_of_EatingTests.HistoricalDataServiceTests test_legacySnapshot_loadsWithNilReflection]' passed (0.000 seconds).
Test Case '-[Yoga_of_EatingTests.HistoricalDataServiceTests test_saveHistoricalData_callsPersistence_save]' started.
Test Case '-[Yoga_of_EatingTests.HistoricalDataServiceTests test_saveHistoricalData_callsPersistence_save]' passed (0.000 seconds).
Test Case '-[Yoga_of_EatingTests.HistoricalDataServiceTests test_snapshot_withReflection_persistsCorrectly]' started.
Test Case '-[Yoga_of_EatingTests.HistoricalDataServiceTests test_snapshot_withReflection_persistsCorrectly]' passed (0.000 seconds).
Test Case '-[Yoga_of_EatingTests.HistoricalDataServiceTests test_syncToFirebase_throws_notImplementedYet]' started.
2026-05-15 06:34:41.753503+0530 Yoga of Eating[16063:129026] [HistoricalSync] Sync attempted without authenticated user
Test Case '-[Yoga_of_EatingTests.HistoricalDataServiceTests test_syncToFirebase_throws_notImplementedYet]' passed (0.001 seconds).
Test Case '-[Yoga_of_EatingTests.HistoricalDataServiceTests test_updateReflection_addsReflection_toExistingSnapshot]' started.
Test Case '-[Yoga_of_EatingTests.HistoricalDataServiceTests test_updateReflection_addsReflection_toExistingSnapshot]' passed (0.000 seconds).
Test Case '-[Yoga_of_EatingTests.HistoricalDataServiceTests test_updateReflection_callsPersistence_save]' started.
Test Case '-[Yoga_of_EatingTests.HistoricalDataServiceTests test_updateReflection_callsPersistence_save]' passed (0.000 seconds).
Test Case '-[Yoga_of_EatingTests.HistoricalDataServiceTests test_updateReflection_createsSnapshot_ifNotExists]' started.
Test Case '-[Yoga_of_EatingTests.HistoricalDataServiceTests test_updateReflection_createsSnapshot_ifNotExists]' passed (0.000 seconds).
Test Case '-[Yoga_of_EatingTests.HistoricalDataServiceTests test_updateReflection_preservesExistingMeals]' started.
Test Case '-[Yoga_of_EatingTests.HistoricalDataServiceTests test_updateReflection_preservesExistingMeals]' passed (0.000 seconds).
Test Case '-[Yoga_of_EatingTests.HistoricalDataServiceTests test_updateReflection_replacesExisting_reflection]' started.
Test Case '-[Yoga_of_EatingTests.HistoricalDataServiceTests test_updateReflection_replacesExisting_reflection]' passed (0.000 seconds).
Test Suite 'HistoricalDataServiceTests' passed at 2026-05-15 06:34:41.757.
	 Executed 25 tests, with 0 failures (0 unexpected) in 0.037 (0.041) seconds
Test Suite 'HistoricalDataSyncTests' started at 2026-05-15 06:34:41.757.
Test Case '-[Yoga_of_EatingTests.HistoricalDataSyncTests test_syncToFirebase_batchUploadError_propagatesThrow]' started.
2026-05-15 06:34:41.757878+0530 Yoga of Eating[16063:129026] [HistoricalSync] Full sync: 1 snapshots
2026-05-15 06:34:41.759900+0530 Yoga of Eating[16063:129026] [HistoricalSync] Attempt 1/3 failed: Batch upload failed. Retrying.
2026-05-15 06:34:41.759997+0530 Yoga of Eating[16063:129026] [Reflection] Failed to fetch HealthKit sleep data: Authorization not determined
2026-05-15 06:34:41.760171+0530 Yoga of Eating[16063:129026] [Reflection] Failed to fetch HealthKit sleep data: Authorization not determined
2026-05-15 06:34:41.760739+0530 Yoga of Eating[16063:129026] [Reflection] Failed to fetch HealthKit sleep data: Authorization not determined
2026-05-15 06:34:41.760864+0530 Yoga of Eating[16063:129026] [Reflection] Failed to fetch HealthKit sleep data: Authorization not determined
2026-05-15 06:34:41.761386+0530 Yoga of Eating[16063:129026] [Reflection] Failed to fetch HealthKit sleep data: Authorization not determined
2026-05-15 06:34:41.761465+0530 Yoga of Eating[16063:129026] [Reflection] Failed to fetch HealthKit sleep data: Authorization not determined
2026-05-15 06:34:42.797225+0530 Yoga of Eating[16063:129026] [HistoricalSync] Attempt 2/3 failed: Batch upload failed. Retrying.
2026-05-15 06:34:43.804722+0530 Yoga of Eating[16063:129026] [HistoricalSync] Operation failed after 3 attempts
Test Case '-[Yoga_of_EatingTests.HistoricalDataSyncTests test_syncToFirebase_batchUploadError_propagatesThrow]' passed (2.049 seconds).
Test Case '-[Yoga_of_EatingTests.HistoricalDataSyncTests test_syncToFirebase_callsUpload_forAllSnapshots]' started.
2026-05-15 06:34:43.808428+0530 Yoga of Eating[16063:129026] [HistoricalSync] Full sync: 2 snapshots
2026-05-15 06:34:43.808742+0530 Yoga of Eating[16063:129026] [HistoricalSync] Sync completed at 2026-05-15 01:04:43 +0000
Test Case '-[Yoga_of_EatingTests.HistoricalDataSyncTests test_syncToFirebase_callsUpload_forAllSnapshots]' passed (0.003 seconds).
Test Case '-[Yoga_of_EatingTests.HistoricalDataSyncTests test_syncToFirebase_chunksLargeSnapshotSets_into500PerBatch]' started.
2026-05-15 06:34:44.036656+0530 Yoga of Eating[16063:129026] [HistoricalSync] Full sync: 501 snapshots
2026-05-15 06:34:44.036817+0530 Yoga of Eating[16063:129026] [HistoricalSync] Sync completed at 2026-05-15 01:04:44 +0000
Test Case '-[Yoga_of_EatingTests.HistoricalDataSyncTests test_syncToFirebase_chunksLargeSnapshotSets_into500PerBatch]' passed (0.227 seconds).
Test Case '-[Yoga_of_EatingTests.HistoricalDataSyncTests test_syncToFirebase_handlesUploadError]' started.
2026-05-15 06:34:44.037900+0530 Yoga of Eating[16063:129026] [HistoricalSync] Full sync: 1 snapshots
2026-05-15 06:34:44.037963+0530 Yoga of Eating[16063:129026] [HistoricalSync] Attempt 1/3 failed: Batch upload failed. Retrying.
2026-05-15 06:34:45.051857+0530 Yoga of Eating[16063:129026] [HistoricalSync] Attempt 2/3 failed: Batch upload failed. Retrying.
2026-05-15 06:34:46.067181+0530 Yoga of Eating[16063:129026] [HistoricalSync] Operation failed after 3 attempts
Test Case '-[Yoga_of_EatingTests.HistoricalDataSyncTests test_syncToFirebase_handlesUploadError]' passed (2.031 seconds).
Test Case '-[Yoga_of_EatingTests.HistoricalDataSyncTests test_syncToFirebase_onSuccess_updatesLastSyncDate]' started.
2026-05-15 06:34:46.070309+0530 Yoga of Eating[16063:129026] [HistoricalSync] Full sync: 1 snapshots
2026-05-15 06:34:46.070560+0530 Yoga of Eating[16063:129026] [HistoricalSync] Sync completed at 2026-05-15 01:04:46 +0000
Test Case '-[Yoga_of_EatingTests.HistoricalDataSyncTests test_syncToFirebase_onSuccess_updatesLastSyncDate]' passed (0.009 seconds).
Test Case '-[Yoga_of_EatingTests.HistoricalDataSyncTests test_syncToFirebase_throwsError_whenNotAuthenticated]' started.
2026-05-15 06:34:46.079451+0530 Yoga of Eating[16063:129026] [HistoricalSync] Sync attempted without authenticated user
Test Case '-[Yoga_of_EatingTests.HistoricalDataSyncTests test_syncToFirebase_throwsError_whenNotAuthenticated]' passed (0.002 seconds).
Test Case '-[Yoga_of_EatingTests.HistoricalDataSyncTests test_syncToFirebase_usesBatchUpload_notIndividualUploads]' started.
2026-05-15 06:34:46.081604+0530 Yoga of Eating[16063:129026] [HistoricalSync] Full sync: 1 snapshots
2026-05-15 06:34:46.081795+0530 Yoga of Eating[16063:129026] [HistoricalSync] Sync completed at 2026-05-15 01:04:46 +0000
Test Case '-[Yoga_of_EatingTests.HistoricalDataSyncTests test_syncToFirebase_usesBatchUpload_notIndividualUploads]' passed (0.002 seconds).
Test Case '-[Yoga_of_EatingTests.HistoricalDataSyncTests test_syncToFirebase_withLastSyncDate_onlyUploadsSnapshotsOnOrAfterSyncDate]' started.
2026-05-15 06:34:46.084194+0530 Yoga of Eating[16063:129026] [HistoricalSync] Delta sync: 1 snapshots since 2024-01-14 18:30:00 +0000
2026-05-15 06:34:46.084429+0530 Yoga of Eating[16063:129026] [HistoricalSync] Sync completed at 2026-05-15 01:04:46 +0000
Test Case '-[Yoga_of_EatingTests.HistoricalDataSyncTests test_syncToFirebase_withLastSyncDate_onlyUploadsSnapshotsOnOrAfterSyncDate]' passed (0.002 seconds).
Test Case '-[Yoga_of_EatingTests.HistoricalDataSyncTests test_syncToFirebase_withNilLastSyncDate_uploadsAllSnapshots]' started.
2026-05-15 06:34:46.086433+0530 Yoga of Eating[16063:129026] [HistoricalSync] Full sync: 2 snapshots
2026-05-15 06:34:46.086548+0530 Yoga of Eating[16063:129026] [HistoricalSync] Sync completed at 2026-05-15 01:04:46 +0000
Test Case '-[Yoga_of_EatingTests.HistoricalDataSyncTests test_syncToFirebase_withNilLastSyncDate_uploadsAllSnapshots]' passed (0.002 seconds).
Test Suite 'HistoricalDataSyncTests' passed at 2026-05-15 06:34:46.087.
	 Executed 9 tests, with 0 failures (0 unexpected) in 4.325 (4.330) seconds
Test Suite 'HistoricalDataTests' started at 2026-05-15 06:34:46.088.
Test Case '-[Yoga_of_EatingTests.HistoricalDataTests test_addSnapshot_addsNew_whenDateNotExists]' started.
Test Case '-[Yoga_of_EatingTests.HistoricalDataTests test_addSnapshot_addsNew_whenDateNotExists]' passed (0.001 seconds).
Test Case '-[Yoga_of_EatingTests.HistoricalDataTests test_addSnapshot_maintains_sortOrder_descendingByDate]' started.
Test Case '-[Yoga_of_EatingTests.HistoricalDataTests test_addSnapshot_maintains_sortOrder_descendingByDate]' passed (0.001 seconds).
Test Case '-[Yoga_of_EatingTests.HistoricalDataTests test_addSnapshot_preserves_otherSnapshots]' started.
Test Case '-[Yoga_of_EatingTests.HistoricalDataTests test_addSnapshot_preserves_otherSnapshots]' passed (0.002 seconds).
Test Case '-[Yoga_of_EatingTests.HistoricalDataTests test_addSnapshot_updates_whenDateExists]' started.
Test Case '-[Yoga_of_EatingTests.HistoricalDataTests test_addSnapshot_updates_whenDateExists]' passed (0.001 seconds).
Test Case '-[Yoga_of_EatingTests.HistoricalDataTests test_codable_encodesAndDecodes_successfully]' started.
Test Case '-[Yoga_of_EatingTests.HistoricalDataTests test_codable_encodesAndDecodes_successfully]' passed (0.001 seconds).
Test Case '-[Yoga_of_EatingTests.HistoricalDataTests test_codable_preserves_allSnapshots]' started.
Test Case '-[Yoga_of_EatingTests.HistoricalDataTests test_codable_preserves_allSnapshots]' passed (0.001 seconds).
Test Case '-[Yoga_of_EatingTests.HistoricalDataTests test_init_createsEmpty_dailySnapshots]' started.
Test Case '-[Yoga_of_EatingTests.HistoricalDataTests test_init_createsEmpty_dailySnapshots]' passed (0.001 seconds).
Test Case '-[Yoga_of_EatingTests.HistoricalDataTests test_init_setsNil_lastSyncDate]' started.
Test Case '-[Yoga_of_EatingTests.HistoricalDataTests test_init_setsNil_lastSyncDate]' passed (0.001 seconds).
Test Case '-[Yoga_of_EatingTests.HistoricalDataTests test_largeDataset_100Snapshots_performsWell]' started.
/Users/sunil/Downloads/YogaofEating/Yoga of EatingTests/HistoricalDataTests.swift:315: Test Case '-[Yoga_of_EatingTests.HistoricalDataTests test_largeDataset_100Snapshots_performsWell]' measured [Time, seconds] average: 0.019, relative standard deviation: 22.803%, values: [0.018799, 0.031196, 0.021080, 0.018143, 0.016668, 0.016582, 0.016654, 0.016715, 0.016694, 0.016731], performanceMetricID:com.apple.XCTPerformanceMetric_WallClockTime, baselineName: "", baselineAverage: , polarity: prefers smaller, maxPercentRegression: 10.000%, maxPercentRelativeStandardDeviation: 10.000%, maxRegression: 0.100, maxStandardDeviation: 0.100
Test Case '-[Yoga_of_EatingTests.HistoricalDataTests test_largeDataset_100Snapshots_performsWell]' passed (0.473 seconds).
Test Case '-[Yoga_of_EatingTests.HistoricalDataTests test_multipleSnapshots_differentDays_storedCorrectly]' started.
Test Case '-[Yoga_of_EatingTests.HistoricalDataTests test_multipleSnapshots_differentDays_storedCorrectly]' passed (0.001 seconds).
Test Case '-[Yoga_of_EatingTests.HistoricalDataTests test_snapshotForDate_returnsCorrect_snapshot]' started.
Test Case '-[Yoga_of_EatingTests.HistoricalDataTests test_snapshotForDate_returnsCorrect_snapshot]' passed (0.012 seconds).
Test Case '-[Yoga_of_EatingTests.HistoricalDataTests test_snapshotForDate_returnsNil_whenNotFound]' started.
Test Case '-[Yoga_of_EatingTests.HistoricalDataTests test_snapshotForDate_returnsNil_whenNotFound]' passed (0.001 seconds).
Test Case '-[Yoga_of_EatingTests.HistoricalDataTests test_snapshotsInRange_excludes_outsideRange]' started.
Test Case '-[Yoga_of_EatingTests.HistoricalDataTests test_snapshotsInRange_excludes_outsideRange]' passed (0.000 seconds).
Test Case '-[Yoga_of_EatingTests.HistoricalDataTests test_snapshotsInRange_returnsAll_withinRange]' started.
Test Case '-[Yoga_of_EatingTests.HistoricalDataTests test_snapshotsInRange_returnsAll_withinRange]' passed (0.000 seconds).
Test Case '-[Yoga_of_EatingTests.HistoricalDataTests test_snapshotsInRange_returnsEmpty_whenNoMatches]' started.
Test Case '-[Yoga_of_EatingTests.HistoricalDataTests test_snapshotsInRange_returnsEmpty_whenNoMatches]' passed (0.000 seconds).
Test Suite 'HistoricalDataTests' passed at 2026-05-15 06:34:46.587.
	 Executed 15 tests, with 0 failures (0 unexpected) in 0.495 (0.499) seconds
Test Suite 'HistoricalSyncRestoreTests' started at 2026-05-15 06:34:46.587.
Test Case '-[Yoga_of_EatingTests.HistoricalSyncRestoreTests test_restore_passesThroughUploadError]' started.
2026-05-15 06:34:46.588052+0530 Yoga of Eating[16063:129026] [HistoricalSync] Attempt 1/3 failed: Fetch failed. Retrying.
2026-05-15 06:34:47.603292+0530 Yoga of Eating[16063:129026] [HistoricalSync] Attempt 2/3 failed: Fetch failed. Retrying.
2026-05-15 06:34:48.604506+0530 Yoga of Eating[16063:129026] [HistoricalSync] Operation failed after 3 attempts
Test Case '-[Yoga_of_EatingTests.HistoricalSyncRestoreTests test_restore_passesThroughUploadError]' passed (2.019 seconds).
Test Case '-[Yoga_of_EatingTests.HistoricalSyncRestoreTests test_restore_returnsEmptyArray_whenCloudHasNoData]' started.
2026-05-15 06:34:48.608006+0530 Yoga of Eating[16063:129026] [HistoricalSync] Restore: fetched 0 snapshots for user
Test Case '-[Yoga_of_EatingTests.HistoricalSyncRestoreTests test_restore_returnsEmptyArray_whenCloudHasNoData]' passed (0.002 seconds).
Test Case '-[Yoga_of_EatingTests.HistoricalSyncRestoreTests test_restore_returnsSnapshots_whenAuthenticated]' started.
2026-05-15 06:34:48.610631+0530 Yoga of Eating[16063:129026] [HistoricalSync] Restore: fetched 1 snapshots for user
Test Case '-[Yoga_of_EatingTests.HistoricalSyncRestoreTests test_restore_returnsSnapshots_whenAuthenticated]' passed (0.002 seconds).
Test Case '-[Yoga_of_EatingTests.HistoricalSyncRestoreTests test_restore_throwsSyncAuthRequired_whenNoUser]' started.
2026-05-15 06:34:48.612722+0530 Yoga of Eating[16063:129026] [HistoricalSync] Restore attempted without authenticated user
Test Case '-[Yoga_of_EatingTests.HistoricalSyncRestoreTests test_restore_throwsSyncAuthRequired_whenNoUser]' passed (0.008 seconds).
Test Suite 'HistoricalSyncRestoreTests' passed at 2026-05-15 06:34:48.620.
	 Executed 4 tests, with 0 failures (0 unexpected) in 2.031 (2.034) seconds
Test Suite 'HistoricalSyncServiceTests' started at 2026-05-15 06:34:48.621.
Test Case '-[Yoga_of_EatingTests.HistoricalSyncServiceTests test_sync_callsOnSyncCompleted_afterSuccessfulUpload]' started.
2026-05-15 06:34:48.623409+0530 Yoga of Eating[16063:129026] [HistoricalSync] Full sync: 1 snapshots
2026-05-15 06:34:48.623700+0530 Yoga of Eating[16063:129026] [HistoricalSync] Sync completed at 2026-05-15 01:04:48 +0000
Test Case '-[Yoga_of_EatingTests.HistoricalSyncServiceTests test_sync_callsOnSyncCompleted_afterSuccessfulUpload]' passed (0.006 seconds).
Test Case '-[Yoga_of_EatingTests.HistoricalSyncServiceTests test_sync_doesNotCallOnSyncCompleted_whenUploadFails]' started.
2026-05-15 06:34:48.628786+0530 Yoga of Eating[16063:129026] [HistoricalSync] Full sync: 1 snapshots
2026-05-15 06:34:48.628973+0530 Yoga of Eating[16063:129026] [HistoricalSync] Attempt 1/3 failed: Batch upload failed. Retrying.
2026-05-15 06:34:49.643933+0530 Yoga of Eating[16063:129026] [HistoricalSync] Attempt 2/3 failed: Batch upload failed. Retrying.
2026-05-15 06:34:50.662241+0530 Yoga of Eating[16063:129026] [HistoricalSync] Operation failed after 3 attempts
Test Case '-[Yoga_of_EatingTests.HistoricalSyncServiceTests test_sync_doesNotCallOnSyncCompleted_whenUploadFails]' passed (2.035 seconds).
Test Case '-[Yoga_of_EatingTests.HistoricalSyncServiceTests test_sync_throwsSyncAuthRequired_whenNoUser]' started.
2026-05-15 06:34:50.663389+0530 Yoga of Eating[16063:129026] [HistoricalSync] Sync attempted without authenticated user
Test Case '-[Yoga_of_EatingTests.HistoricalSyncServiceTests test_sync_throwsSyncAuthRequired_whenNoUser]' passed (0.001 seconds).
Test Case '-[Yoga_of_EatingTests.HistoricalSyncServiceTests test_sync_uploadsAllSnapshots_whenNoLastSyncDate]' started.
2026-05-15 06:34:50.664288+0530 Yoga of Eating[16063:129026] [HistoricalSync] Full sync: 2 snapshots
2026-05-15 06:34:50.664348+0530 Yoga of Eating[16063:129026] [HistoricalSync] Sync completed at 2026-05-15 01:04:50 +0000
Test Case '-[Yoga_of_EatingTests.HistoricalSyncServiceTests test_sync_uploadsAllSnapshots_whenNoLastSyncDate]' passed (0.001 seconds).
Test Case '-[Yoga_of_EatingTests.HistoricalSyncServiceTests test_sync_uploadsOnlyRecentSnapshots_whenLastSyncDateSet]' started.
2026-05-15 06:34:50.665162+0530 Yoga of Eating[16063:129026] [HistoricalSync] Delta sync: 1 snapshots since 2026-05-12 01:04:50 +0000
2026-05-15 06:34:50.665209+0530 Yoga of Eating[16063:129026] [HistoricalSync] Sync completed at 2026-05-15 01:04:50 +0000
Test Case '-[Yoga_of_EatingTests.HistoricalSyncServiceTests test_sync_uploadsOnlyRecentSnapshots_whenLastSyncDateSet]' passed (0.001 seconds).
Test Suite 'HistoricalSyncServiceTests' passed at 2026-05-15 06:34:50.666.
	 Executed 5 tests, with 0 failures (0 unexpected) in 2.043 (2.045) seconds
Test Suite 'InputValidationTests' started at 2026-05-15 06:34:50.666.
Test Case '-[Yoga_of_EatingTests.InputValidationTests test_caseInsensitiveSqlPatternDetection]' started.
Test Case '-[Yoga_of_EatingTests.InputValidationTests test_caseInsensitiveSqlPatternDetection]' passed (0.002 seconds).
Test Case '-[Yoga_of_EatingTests.InputValidationTests test_caseInsensitiveSqlPatternWithMixedCase]' started.
Test Case '-[Yoga_of_EatingTests.InputValidationTests test_caseInsensitiveSqlPatternWithMixedCase]' passed (0.000 seconds).
Test Case '-[Yoga_of_EatingTests.InputValidationTests test_comparisonOperatorGreaterThanWithNumber]' started.
Test Case '-[Yoga_of_EatingTests.InputValidationTests test_comparisonOperatorGreaterThanWithNumber]' passed (0.000 seconds).
Test Case '-[Yoga_of_EatingTests.InputValidationTests test_comparisonOperatorInContext]' started.
Test Case '-[Yoga_of_EatingTests.InputValidationTests test_comparisonOperatorInContext]' passed (0.000 seconds).
Test Case '-[Yoga_of_EatingTests.InputValidationTests test_comparisonOperatorLessThanWithNumber]' started.
Test Case '-[Yoga_of_EatingTests.InputValidationTests test_comparisonOperatorLessThanWithNumber]' passed (0.000 seconds).
Test Case '-[Yoga_of_EatingTests.InputValidationTests test_emptyStringError_describesMissingInput]' started.
Test Case '-[Yoga_of_EatingTests.InputValidationTests test_emptyStringError_describesMissingInput]' passed (0.000 seconds).
Test Case '-[Yoga_of_EatingTests.InputValidationTests test_htmlIframeTagIsDetected]' started.
Test Case '-[Yoga_of_EatingTests.InputValidationTests test_htmlIframeTagIsDetected]' passed (0.000 seconds).
Test Case '-[Yoga_of_EatingTests.InputValidationTests test_htmlImgTagIsDetected]' started.
Test Case '-[Yoga_of_EatingTests.InputValidationTests test_htmlImgTagIsDetected]' passed (0.000 seconds).
Test Case '-[Yoga_of_EatingTests.InputValidationTests test_htmlScriptTagIsStillDetected]' started.
Test Case '-[Yoga_of_EatingTests.InputValidationTests test_htmlScriptTagIsStillDetected]' passed (0.000 seconds).
Test Case '-[Yoga_of_EatingTests.InputValidationTests test_journalEntry_commandInjectionIsDetected]' started.
Test Case '-[Yoga_of_EatingTests.InputValidationTests test_journalEntry_commandInjectionIsDetected]' passed (0.000 seconds).
Test Case '-[Yoga_of_EatingTests.InputValidationTests test_journalEntry_emptyStringIsRejected]' started.
Test Case '-[Yoga_of_EatingTests.InputValidationTests test_journalEntry_emptyStringIsRejected]' passed (0.000 seconds).
Test Case '-[Yoga_of_EatingTests.InputValidationTests test_journalEntry_exceedingMaxLengthIsRejected]' started.
Test Case '-[Yoga_of_EatingTests.InputValidationTests test_journalEntry_exceedingMaxLengthIsRejected]' passed (0.000 seconds).
Test Case '-[Yoga_of_EatingTests.InputValidationTests test_journalEntry_sqlInjectionIsDetected]' started.
Test Case '-[Yoga_of_EatingTests.InputValidationTests test_journalEntry_sqlInjectionIsDetected]' passed (0.001 seconds).
Test Case '-[Yoga_of_EatingTests.InputValidationTests test_journalEntry_validInputPasses]' started.
Test Case '-[Yoga_of_EatingTests.InputValidationTests test_journalEntry_validInputPasses]' passed (0.000 seconds).
Test Case '-[Yoga_of_EatingTests.InputValidationTests test_journalEntry_whitespaceIsTrimmed]' started.
Test Case '-[Yoga_of_EatingTests.InputValidationTests test_journalEntry_whitespaceIsTrimmed]' passed (0.000 seconds).
Test Case '-[Yoga_of_EatingTests.InputValidationTests test_journalEntry_whitespaceOnlyIsRejected]' started.
Test Case '-[Yoga_of_EatingTests.InputValidationTests test_journalEntry_whitespaceOnlyIsRejected]' passed (0.000 seconds).
Test Case '-[Yoga_of_EatingTests.InputValidationTests test_lengthError_describesLimitExceeded]' started.
Test Case '-[Yoga_of_EatingTests.InputValidationTests test_lengthError_describesLimitExceeded]' passed (0.000 seconds).
Test Case '-[Yoga_of_EatingTests.InputValidationTests test_mealDescription_carriageReturn_isStripped]' started.
Test Case '-[Yoga_of_EatingTests.InputValidationTests test_mealDescription_carriageReturn_isStripped]' passed (0.001 seconds).
Test Case '-[Yoga_of_EatingTests.InputValidationTests test_mealDescription_commandSubstitutionBracesIsDetected]' started.
Test Case '-[Yoga_of_EatingTests.InputValidationTests test_mealDescription_commandSubstitutionBracesIsDetected]' passed (0.000 seconds).
Test Case '-[Yoga_of_EatingTests.InputValidationTests test_mealDescription_commandSubstitutionIsDetected]' started.
Test Case '-[Yoga_of_EatingTests.InputValidationTests test_mealDescription_commandSubstitutionIsDetected]' passed (0.000 seconds).
Test Case '-[Yoga_of_EatingTests.InputValidationTests test_mealDescription_controlCharactersAreRemoved]' started.
Test Case '-[Yoga_of_EatingTests.InputValidationTests test_mealDescription_controlCharactersAreRemoved]' passed (0.000 seconds).
Test Case '-[Yoga_of_EatingTests.InputValidationTests test_mealDescription_deleteFromInjectionIsDetected]' started.
Test Case '-[Yoga_of_EatingTests.InputValidationTests test_mealDescription_deleteFromInjectionIsDetected]' passed (0.000 seconds).
Test Case '-[Yoga_of_EatingTests.InputValidationTests test_mealDescription_deleteFromNaturalSentenceIsValid]' started.
Test Case '-[Yoga_of_EatingTests.InputValidationTests test_mealDescription_deleteFromNaturalSentenceIsValid]' passed (0.000 seconds).
Test Case '-[Yoga_of_EatingTests.InputValidationTests test_mealDescription_emptyStringIsRejected]' started.
Test Case '-[Yoga_of_EatingTests.InputValidationTests test_mealDescription_emptyStringIsRejected]' passed (0.000 seconds).
Test Case '-[Yoga_of_EatingTests.InputValidationTests test_mealDescription_evalCallInjectionIsStillBlocked]' started.
Test Case '-[Yoga_of_EatingTests.InputValidationTests test_mealDescription_evalCallInjectionIsStillBlocked]' passed (0.000 seconds).
Test Case '-[Yoga_of_EatingTests.InputValidationTests test_mealDescription_evalIsDetected]' started.
Test Case '-[Yoga_of_EatingTests.InputValidationTests test_mealDescription_evalIsDetected]' passed (0.000 seconds).
Test Case '-[Yoga_of_EatingTests.InputValidationTests test_mealDescription_evaluatedIsValid]' started.
Test Case '-[Yoga_of_EatingTests.InputValidationTests test_mealDescription_evaluatedIsValid]' passed (0.000 seconds).
Test Case '-[Yoga_of_EatingTests.InputValidationTests test_mealDescription_exactlyAtMaxLengthPasses]' started.
Test Case '-[Yoga_of_EatingTests.InputValidationTests test_mealDescription_exactlyAtMaxLengthPasses]' passed (0.001 seconds).
Test Case '-[Yoga_of_EatingTests.InputValidationTests test_mealDescription_exceedingMaxLengthIsRejected]' started.
Test Case '-[Yoga_of_EatingTests.InputValidationTests test_mealDescription_exceedingMaxLengthIsRejected]' passed (0.000 seconds).
Test Case '-[Yoga_of_EatingTests.InputValidationTests test_mealDescription_execIsDetected]' started.
Test Case '-[Yoga_of_EatingTests.InputValidationTests test_mealDescription_execIsDetected]' passed (0.000 seconds).
Test Case '-[Yoga_of_EatingTests.InputValidationTests test_mealDescription_executiveLunchIsValid]' started.
Test Case '-[Yoga_of_EatingTests.InputValidationTests test_mealDescription_executiveLunchIsValid]' passed (0.000 seconds).
Test Case '-[Yoga_of_EatingTests.InputValidationTests test_mealDescription_insertIntoInjectionIsDetected]' started.
Test Case '-[Yoga_of_EatingTests.InputValidationTests test_mealDescription_insertIntoInjectionIsDetected]' passed (0.000 seconds).
Test Case '-[Yoga_of_EatingTests.InputValidationTests test_mealDescription_nullByteIsRemoved]' started.
Test Case '-[Yoga_of_EatingTests.InputValidationTests test_mealDescription_nullByteIsRemoved]' passed (0.000 seconds).
Test Case '-[Yoga_of_EatingTests.InputValidationTests test_mealDescription_realCodeExecInjectionIsStillBlocked]' started.
Test Case '-[Yoga_of_EatingTests.InputValidationTests test_mealDescription_realCodeExecInjectionIsStillBlocked]' passed (0.000 seconds).
Test Case '-[Yoga_of_EatingTests.InputValidationTests test_mealDescription_realSqlDropTableIsStillBlocked]' started.
Test Case '-[Yoga_of_EatingTests.InputValidationTests test_mealDescription_realSqlDropTableIsStillBlocked]' passed (0.000 seconds).
Test Case '-[Yoga_of_EatingTests.InputValidationTests test_mealDescription_shellScriptIsDetected]' started.
Test Case '-[Yoga_of_EatingTests.InputValidationTests test_mealDescription_shellScriptIsDetected]' passed (0.001 seconds).
Test Case '-[Yoga_of_EatingTests.InputValidationTests test_mealDescription_sqlInjectionIsDetected]' started.
Test Case '-[Yoga_of_EatingTests.InputValidationTests test_mealDescription_sqlInjectionIsDetected]' passed (0.000 seconds).
Test Case '-[Yoga_of_EatingTests.InputValidationTests test_mealDescription_systematicFastingIsValid]' started.
Test Case '-[Yoga_of_EatingTests.InputValidationTests test_mealDescription_systematicFastingIsValid]' passed (0.000 seconds).
Test Case '-[Yoga_of_EatingTests.InputValidationTests test_mealDescription_tabCharacter_isStripped]' started.
Test Case '-[Yoga_of_EatingTests.InputValidationTests test_mealDescription_tabCharacter_isStripped]' passed (0.000 seconds).
Test Case '-[Yoga_of_EatingTests.InputValidationTests test_mealDescription_validInputPasses]' started.
Test Case '-[Yoga_of_EatingTests.InputValidationTests test_mealDescription_validInputPasses]' passed (0.000 seconds).
Test Case '-[Yoga_of_EatingTests.InputValidationTests test_mealDescription_whitespaceIsTrimmed]' started.
Test Case '-[Yoga_of_EatingTests.InputValidationTests test_mealDescription_whitespaceIsTrimmed]' passed (0.000 seconds).
Test Case '-[Yoga_of_EatingTests.InputValidationTests test_mealDescription_whitespaceOnlyIsRejected]' started.
Test Case '-[Yoga_of_EatingTests.InputValidationTests test_mealDescription_whitespaceOnlyIsRejected]' passed (0.000 seconds).
Test Case '-[Yoga_of_EatingTests.InputValidationTests test_mealDescription_xssJavaScriptProtocolIsDetected]' started.
Test Case '-[Yoga_of_EatingTests.InputValidationTests test_mealDescription_xssJavaScriptProtocolIsDetected]' passed (0.000 seconds).
Test Case '-[Yoga_of_EatingTests.InputValidationTests test_mealDescription_xssScriptTagIsDetected]' started.
Test Case '-[Yoga_of_EatingTests.InputValidationTests test_mealDescription_xssScriptTagIsDetected]' passed (0.000 seconds).
Test Case '-[Yoga_of_EatingTests.InputValidationTests test_morningThoughts_emptyStringPasses]' started.
Test Case '-[Yoga_of_EatingTests.InputValidationTests test_morningThoughts_emptyStringPasses]' passed (0.000 seconds).
Test Case '-[Yoga_of_EatingTests.InputValidationTests test_morningThoughts_exceedingMaxLengthIsRejected]' started.
Test Case '-[Yoga_of_EatingTests.InputValidationTests test_morningThoughts_exceedingMaxLengthIsRejected]' passed (0.000 seconds).
Test Case '-[Yoga_of_EatingTests.InputValidationTests test_morningThoughts_validInputPasses]' started.
Test Case '-[Yoga_of_EatingTests.InputValidationTests test_morningThoughts_validInputPasses]' passed (0.000 seconds).
Test Case '-[Yoga_of_EatingTests.InputValidationTests test_morningThoughts_whitespaceIsTrimmed]' started.
Test Case '-[Yoga_of_EatingTests.InputValidationTests test_morningThoughts_whitespaceIsTrimmed]' passed (0.000 seconds).
Test Case '-[Yoga_of_EatingTests.InputValidationTests test_morningThoughts_whitespaceOnlyBecomesEmpty]' started.
Test Case '-[Yoga_of_EatingTests.InputValidationTests test_morningThoughts_whitespaceOnlyBecomesEmpty]' passed (0.000 seconds).
Test Case '-[Yoga_of_EatingTests.InputValidationTests test_multipleControlCharactersAreRemoved]' started.
Test Case '-[Yoga_of_EatingTests.InputValidationTests test_multipleControlCharactersAreRemoved]' passed (0.000 seconds).
Test Case '-[Yoga_of_EatingTests.InputValidationTests test_onclickEventHandlerIsDetected]' started.
Test Case '-[Yoga_of_EatingTests.InputValidationTests test_onclickEventHandlerIsDetected]' passed (0.000 seconds).
Test Case '-[Yoga_of_EatingTests.InputValidationTests test_onmouseoverEventHandlerIsDetected]' started.
Test Case '-[Yoga_of_EatingTests.InputValidationTests test_onmouseoverEventHandlerIsDetected]' passed (0.000 seconds).
Test Case '-[Yoga_of_EatingTests.InputValidationTests test_sanitizeMealItems_stripsTabsFromItems]' started.
Test Case '-[Yoga_of_EatingTests.InputValidationTests test_sanitizeMealItems_stripsTabsFromItems]' passed (0.000 seconds).
Test Case '-[Yoga_of_EatingTests.InputValidationTests test_sleepNotes_emptyStringPasses]' started.
Test Case '-[Yoga_of_EatingTests.InputValidationTests test_sleepNotes_emptyStringPasses]' passed (0.000 seconds).
Test Case '-[Yoga_of_EatingTests.InputValidationTests test_sleepNotes_exceedingMaxLengthIsRejected]' started.
Test Case '-[Yoga_of_EatingTests.InputValidationTests test_sleepNotes_exceedingMaxLengthIsRejected]' passed (0.000 seconds).
Test Case '-[Yoga_of_EatingTests.InputValidationTests test_sleepNotes_sqlInjectionIsDetected]' started.
Test Case '-[Yoga_of_EatingTests.InputValidationTests test_sleepNotes_sqlInjectionIsDetected]' passed (0.000 seconds).
Test Case '-[Yoga_of_EatingTests.InputValidationTests test_sleepNotes_validInputPasses]' started.
Test Case '-[Yoga_of_EatingTests.InputValidationTests test_sleepNotes_validInputPasses]' passed (0.000 seconds).
Test Case '-[Yoga_of_EatingTests.InputValidationTests test_sleepNotes_whitespaceIsTrimmed]' started.
Test Case '-[Yoga_of_EatingTests.InputValidationTests test_sleepNotes_whitespaceIsTrimmed]' passed (0.000 seconds).
Test Case '-[Yoga_of_EatingTests.InputValidationTests test_sleepNotes_whitespaceOnlyBecomesEmpty]' started.
Test Case '-[Yoga_of_EatingTests.InputValidationTests test_sleepNotes_whitespaceOnlyBecomesEmpty]' passed (0.000 seconds).
Test Case '-[Yoga_of_EatingTests.InputValidationTests test_suspiciousPatternError_describesMaliciousContent]' started.
Test Case '-[Yoga_of_EatingTests.InputValidationTests test_suspiciousPatternError_describesMaliciousContent]' passed (0.000 seconds).
Test Case '-[Yoga_of_EatingTests.InputValidationTests test_todoItem_emptyStringIsRejected]' started.
Test Case '-[Yoga_of_EatingTests.InputValidationTests test_todoItem_emptyStringIsRejected]' passed (0.000 seconds).
Test Case '-[Yoga_of_EatingTests.InputValidationTests test_todoItem_exceedingMaxLengthIsRejected]' started.
Test Case '-[Yoga_of_EatingTests.InputValidationTests test_todoItem_exceedingMaxLengthIsRejected]' passed (0.000 seconds).
Test Case '-[Yoga_of_EatingTests.InputValidationTests test_todoItem_shortValidInputPasses]' started.
Test Case '-[Yoga_of_EatingTests.InputValidationTests test_todoItem_shortValidInputPasses]' passed (0.000 seconds).
Test Case '-[Yoga_of_EatingTests.InputValidationTests test_todoItem_sqlInjectionIsDetected]' started.
Test Case '-[Yoga_of_EatingTests.InputValidationTests test_todoItem_sqlInjectionIsDetected]' passed (0.000 seconds).
Test Case '-[Yoga_of_EatingTests.InputValidationTests test_todoItem_validInputPasses]' started.
Test Case '-[Yoga_of_EatingTests.InputValidationTests test_todoItem_validInputPasses]' passed (0.000 seconds).
Test Case '-[Yoga_of_EatingTests.InputValidationTests test_todoItem_whitespaceIsTrimmed]' started.
Test Case '-[Yoga_of_EatingTests.InputValidationTests test_todoItem_whitespaceIsTrimmed]' passed (0.000 seconds).
Test Case '-[Yoga_of_EatingTests.InputValidationTests test_todoItem_whitespaceOnlyIsRejected]' started.
Test Case '-[Yoga_of_EatingTests.InputValidationTests test_todoItem_whitespaceOnlyIsRejected]' passed (0.000 seconds).
Test Case '-[Yoga_of_EatingTests.InputValidationTests test_validInputWithEmojis]' started.
Test Case '-[Yoga_of_EatingTests.InputValidationTests test_validInputWithEmojis]' passed (0.000 seconds).
Test Case '-[Yoga_of_EatingTests.InputValidationTests test_validInputWithNewlines]' started.
Test Case '-[Yoga_of_EatingTests.InputValidationTests test_validInputWithNewlines]' passed (0.000 seconds).
Test Case '-[Yoga_of_EatingTests.InputValidationTests test_validInputWithNumbers]' started.
Test Case '-[Yoga_of_EatingTests.InputValidationTests test_validInputWithNumbers]' passed (0.000 seconds).
Test Case '-[Yoga_of_EatingTests.InputValidationTests test_validInputWithSpecialCharacters]' started.
Test Case '-[Yoga_of_EatingTests.InputValidationTests test_validInputWithSpecialCharacters]' passed (0.000 seconds).
Test Suite 'InputValidationTests' passed at 2026-05-15 06:34:50.708.
	 Executed 71 tests, with 0 failures (0 unexpected) in 0.029 (0.042) seconds
Test Suite 'InsightCardTests' started at 2026-05-15 06:34:50.708.
Test Case '-[Yoga_of_EatingTests.InsightCardTests test_correlationCategory_allCases_haveNonEmptyIcons]' started.
Test Case '-[Yoga_of_EatingTests.InsightCardTests test_correlationCategory_allCases_haveNonEmptyIcons]' passed (0.000 seconds).
Test Case '-[Yoga_of_EatingTests.InsightCardTests test_correlationCategory_foodToMood_hasIcon]' started.
Test Case '-[Yoga_of_EatingTests.InsightCardTests test_correlationCategory_foodToMood_hasIcon]' passed (0.000 seconds).
Test Case '-[Yoga_of_EatingTests.InsightCardTests test_correlationCategory_foodToSleep_hasIcon]' started.
Test Case '-[Yoga_of_EatingTests.InsightCardTests test_correlationCategory_foodToSleep_hasIcon]' passed (0.000 seconds).
Test Case '-[Yoga_of_EatingTests.InsightCardTests test_dailyInsight_dominantInsight_isNonEmpty]' started.
Test Case '-[Yoga_of_EatingTests.InsightCardTests test_dailyInsight_dominantInsight_isNonEmpty]' passed (0.000 seconds).
Test Case '-[Yoga_of_EatingTests.InsightCardTests test_dailyInsight_hasValidConfidence]' started.
Test Case '-[Yoga_of_EatingTests.InsightCardTests test_dailyInsight_hasValidConfidence]' passed (0.000 seconds).
Test Case '-[Yoga_of_EatingTests.InsightCardTests test_dailyInsight_headline_isNonEmpty]' started.
Test Case '-[Yoga_of_EatingTests.InsightCardTests test_dailyInsight_headline_isNonEmpty]' passed (0.000 seconds).
Test Case '-[Yoga_of_EatingTests.InsightCardTests test_dailyInsight_isViewed_defaultsFalse]' started.
Test Case '-[Yoga_of_EatingTests.InsightCardTests test_dailyInsight_isViewed_defaultsFalse]' passed (0.000 seconds).
Test Case '-[Yoga_of_EatingTests.InsightCardTests test_dailyInsight_markAsViewed_updatesFlag]' started.
Test Case '-[Yoga_of_EatingTests.InsightCardTests test_dailyInsight_markAsViewed_updatesFlag]' passed (0.000 seconds).
Test Suite 'InsightCardTests' passed at 2026-05-15 06:34:50.712.
	 Executed 8 tests, with 0 failures (0 unexpected) in 0.003 (0.004) seconds
Test Suite 'InsightConsolidationRegressionTests' started at 2026-05-15 06:34:50.712.
Test Case '-[Yoga_of_EatingTests.InsightConsolidationRegressionTests test_dailyInsight_codable_roundTrip]' started.
Test Case '-[Yoga_of_EatingTests.InsightConsolidationRegressionTests test_dailyInsight_codable_roundTrip]' passed (0.000 seconds).
Test Case '-[Yoga_of_EatingTests.InsightConsolidationRegressionTests test_dailyInsight_hasCorrelationCards]' started.
Test Case '-[Yoga_of_EatingTests.InsightConsolidationRegressionTests test_dailyInsight_hasCorrelationCards]' passed (0.000 seconds).
Test Case '-[Yoga_of_EatingTests.InsightConsolidationRegressionTests test_dailyInsight_hasDimensions]' started.
Test Case '-[Yoga_of_EatingTests.InsightConsolidationRegressionTests test_dailyInsight_hasDimensions]' passed (0.000 seconds).
Test Case '-[Yoga_of_EatingTests.InsightConsolidationRegressionTests test_dailyInsight_hasHeadline_and_dominantInsight]' started.
Test Case '-[Yoga_of_EatingTests.InsightConsolidationRegressionTests test_dailyInsight_hasHeadline_and_dominantInsight]' passed (0.000 seconds).
Test Case '-[Yoga_of_EatingTests.InsightConsolidationRegressionTests test_dailyInsight_hasNudge]' started.
Test Case '-[Yoga_of_EatingTests.InsightConsolidationRegressionTests test_dailyInsight_hasNudge]' passed (0.000 seconds).
Test Case '-[Yoga_of_EatingTests.InsightConsolidationRegressionTests test_historicalDataService_updateInsight_acceptsDailyInsight]' started.
Test Case '-[Yoga_of_EatingTests.InsightConsolidationRegressionTests test_historicalDataService_updateInsight_acceptsDailyInsight]' passed (0.001 seconds).
Test Case '-[Yoga_of_EatingTests.InsightConsolidationRegressionTests test_insightLifecycleService_generateBriefing_returnsDailyInsight]' started.
2026-05-15 06:34:50.717062+0530 Yoga of Eating[16063:129047] [[FirebaseCore]] 12.7.0 - [FirebaseCore][I-COR000003] The default Firebase app has not yet been configured. Add `FirebaseApp.configure()` to your application initialization. This can be done in in the App Delegate's application(_:didFinishLaunchingWithOptions:)` (or the `@main` struct's initializer in SwiftUI). Read more: https://firebase.google.com/docs/ios/setup#initialize_firebase_in_your_app
Test Case '-[Yoga_of_EatingTests.InsightConsolidationRegressionTests test_insightLifecycleService_generateBriefing_returnsDailyInsight]' passed (0.001 seconds).
Test Case '-[Yoga_of_EatingTests.InsightConsolidationRegressionTests test_insightLifecycleService_generateEnrichedInsight_returnsDailyInsight]' started.
2026-05-15 06:34:50.717821+0530 Yoga of Eating[16063:129050] [[FirebaseCore]] 12.7.0 - [FirebaseCore][I-COR000003] The default Firebase app has not yet been configured. Add `FirebaseApp.configure()` to your application initialization. This can be done in in the App Delegate's application(_:didFinishLaunchingWithOptions:)` (or the `@main` struct's initializer in SwiftUI). Read more: https://firebase.google.com/docs/ios/setup#initialize_firebase_in_your_app
2026-05-15 06:34:50.717858+0530 Yoga of Eating[16063:129026] [InsightLifecycle] Enriched insight generated for 2026-05-15 01:04:50 +0000
Test Case '-[Yoga_of_EatingTests.InsightConsolidationRegressionTests test_insightLifecycleService_generateEnrichedInsight_returnsDailyInsight]' passed (0.016 seconds).
Test Case '-[Yoga_of_EatingTests.InsightConsolidationRegressionTests test_mainViewModel_currentInsight_isUnifiedType]' started.
2026-05-15 06:34:50.733886+0530 Yoga of Eating[16063:129050] [[FirebaseCore]] 12.7.0 - [FirebaseCore][I-COR000003] The default Firebase app has not yet been configured. Add `FirebaseApp.configure()` to your application initialization. This can be done in in the App Delegate's application(_:didFinishLaunchingWithOptions:)` (or the `@main` struct's initializer in SwiftUI). Read more: https://firebase.google.com/docs/ios/setup#initialize_firebase_in_your_app
2026-05-15 06:34:50.733986+0530 Yoga of Eating[16063:129050] [[FirebaseCore]] 12.7.0 - [FirebaseCore][I-COR000003] The default Firebase app has not yet been configured. Add `FirebaseApp.configure()` to your application initialization. This can be done in in the App Delegate's application(_:didFinishLaunchingWithOptions:)` (or the `@main` struct's initializer in SwiftUI). Read more: https://firebase.google.com/docs/ios/setup#initialize_firebase_in_your_app
Test Case '-[Yoga_of_EatingTests.InsightConsolidationRegressionTests test_mainViewModel_currentInsight_isUnifiedType]' passed (0.003 seconds).
Test Case '-[Yoga_of_EatingTests.InsightConsolidationRegressionTests test_mainViewModel_hasNoSeparateBriefingProperty]' started.
2026-05-15 06:34:50.737016+0530 Yoga of Eating[16063:129052] [[FirebaseCore]] 12.7.0 - [FirebaseCore][I-COR000003] The default Firebase app has not yet been configured. Add `FirebaseApp.configure()` to your application initialization. This can be done in in the App Delegate's application(_:didFinishLaunchingWithOptions:)` (or the `@main` struct's initializer in SwiftUI). Read more: https://firebase.google.com/docs/ios/setup#initialize_firebase_in_your_app
2026-05-15 06:34:50.737069+0530 Yoga of Eating[16063:129052] [[FirebaseCore]] 12.7.0 - [FirebaseCore][I-COR000003] The default Firebase app has not yet been configured. Add `FirebaseApp.configure()` to your application initialization. This can be done in in the App Delegate's application(_:didFinishLaunchingWithOptions:)` (or the `@main` struct's initializer in SwiftUI). Read more: https://firebase.google.com/docs/ios/setup#initialize_firebase_in_your_app
Test Case '-[Yoga_of_EatingTests.InsightConsolidationRegressionTests test_mainViewModel_hasNoSeparateBriefingProperty]' passed (0.004 seconds).
Test Case '-[Yoga_of_EatingTests.InsightConsolidationRegressionTests test_snapshot_hasOneInsightField]' started.
Test Case '-[Yoga_of_EatingTests.InsightConsolidationRegressionTests test_snapshot_hasOneInsightField]' passed (0.000 seconds).
Test Case '-[Yoga_of_EatingTests.InsightConsolidationRegressionTests test_snapshotPayloadBuilder_produces_validPayload]' started.
Test Case '-[Yoga_of_EatingTests.InsightConsolidationRegressionTests test_snapshotPayloadBuilder_produces_validPayload]' passed (0.000 seconds).
Test Suite 'InsightConsolidationRegressionTests' passed at 2026-05-15 06:34:50.742.
	 Executed 12 tests, with 0 failures (0 unexpected) in 0.028 (0.030) seconds
Test Suite 'InsightLifecycleIntegrationTests' started at 2026-05-15 06:34:50.742.
Test Case '-[Yoga_of_EatingTests.InsightLifecycleIntegrationTests test_enrichedInsight_codableRoundTrip]' started.
2026-05-15 06:34:50.742586+0530 Yoga of Eating[16063:129044] [[FirebaseCore]] 12.7.0 - [FirebaseCore][I-COR000003] The default Firebase app has not yet been configured. Add `FirebaseApp.configure()` to your application initialization. This can be done in in the App Delegate's application(_:didFinishLaunchingWithOptions:)` (or the `@main` struct's initializer in SwiftUI). Read more: https://firebase.google.com/docs/ios/setup#initialize_firebase_in_your_app
2026-05-15 06:34:50.742703+0530 Yoga of Eating[16063:129044] [[FirebaseCore]] 12.7.0 - [FirebaseCore][I-COR000003] The default Firebase app has not yet been configured. Add `FirebaseApp.configure()` to your application initialization. This can be done in in the App Delegate's application(_:didFinishLaunchingWithOptions:)` (or the `@main` struct's initializer in SwiftUI). Read more: https://firebase.google.com/docs/ios/setup#initialize_firebase_in_your_app
Test Case '-[Yoga_of_EatingTests.InsightLifecycleIntegrationTests test_enrichedInsight_codableRoundTrip]' passed (0.007 seconds).
Test Case '-[Yoga_of_EatingTests.InsightLifecycleIntegrationTests test_enrichedInsight_isNil_byDefault_onLegacySnapshot]' started.
2026-05-15 06:34:50.749559+0530 Yoga of Eating[16063:129044] [[FirebaseCore]] 12.7.0 - [FirebaseCore][I-COR000003] The default Firebase app has not yet been configured. Add `FirebaseApp.configure()` to your application initialization. This can be done in in the App Delegate's application(_:didFinishLaunchingWithOptions:)` (or the `@main` struct's initializer in SwiftUI). Read more: https://firebase.google.com/docs/ios/setup#initialize_firebase_in_your_app
Test Case '-[Yoga_of_EatingTests.InsightLifecycleIntegrationTests test_enrichedInsight_isNil_byDefault_onLegacySnapshot]' passed (0.000 seconds).
2026-05-15 06:34:50.749666+0530 Yoga of Eating[16063:129044] [[FirebaseCore]] 12.7.0 - [FirebaseCore][I-COR000003] The default Firebase app has not yet been configured. Add `FirebaseApp.configure()` to your application initialization. This can be done in in the App Delegate's application(_:didFinishLaunchingWithOptions:)` (or the `@main` struct's initializer in SwiftUI). Read more: https://firebase.google.com/docs/ios/setup#initialize_firebase_in_your_app
Test Case '-[Yoga_of_EatingTests.InsightLifecycleIntegrationTests test_legacyJSONWithoutEnrichedInsight_decodesSuccessfully]' started.
2026-05-15 06:34:50.750251+0530 Yoga of Eating[16063:129044] [[FirebaseCore]] 12.7.0 - [FirebaseCore][I-COR000003] The default Firebase app has not yet been configured. Add `FirebaseApp.configure()` to your application initialization. This can be done in in the App Delegate's application(_:didFinishLaunchingWithOptions:)` (or the `@main` struct's initializer in SwiftUI). Read more: https://firebase.google.com/docs/ios/setup#initialize_firebase_in_your_app
2026-05-15 06:34:50.750311+0530 Yoga of Eating[16063:129044] [[FirebaseCore]] 12.7.0 - [FirebaseCore][I-COR000003] The default Firebase app has not yet been configured. Add `FirebaseApp.configure()` to your application initialization. This can be done in in the App Delegate's application(_:didFinishLaunchingWithOptions:)` (or the `@main` struct's initializer in SwiftUI). Read more: https://firebase.google.com/docs/ios/setup#initialize_firebase_in_your_app
Test Case '-[Yoga_of_EatingTests.InsightLifecycleIntegrationTests test_legacyJSONWithoutEnrichedInsight_decodesSuccessfully]' passed (0.001 seconds).
Test Case '-[Yoga_of_EatingTests.InsightLifecycleIntegrationTests test_snapshot_lastWithInsightWins]' started.
2026-05-15 06:34:50.751600+0530 Yoga of Eating[16063:129052] [[FirebaseCore]] 12.7.0 - [FirebaseCore][I-COR000003] The default Firebase app has not yet been configured. Add `FirebaseApp.configure()` to your application initialization. This can be done in in the App Delegate's application(_:didFinishLaunchingWithOptions:)` (or the `@main` struct's initializer in SwiftUI). Read more: https://firebase.google.com/docs/ios/setup#initialize_firebase_in_your_app
Test Case '-[Yoga_of_EatingTests.InsightLifecycleIntegrationTests test_snapshot_lastWithInsightWins]' passed (0.000 seconds).
2026-05-15 06:34:50.751664+0530 Yoga of Eating[16063:129052] [[FirebaseCore]] 12.7.0 - [FirebaseCore][I-COR000003] The default Firebase app has not yet been configured. Add `FirebaseApp.configure()` to your application initialization. This can be done in in the App Delegate's application(_:didFinishLaunchingWithOptions:)` (or the `@main` struct's initializer in SwiftUI). Read more: https://firebase.google.com/docs/ios/setup#initialize_firebase_in_your_app
Test Case '-[Yoga_of_EatingTests.InsightLifecycleIntegrationTests test_updateEnrichedInsight_storesInSnapshot]' started.
2026-05-15 06:34:50.752226+0530 Yoga of Eating[16063:129052] [[FirebaseCore]] 12.7.0 - [FirebaseCore][I-COR000003] The default Firebase app has not yet been configured. Add `FirebaseApp.configure()` to your application initialization. This can be done in in the App Delegate's application(_:didFinishLaunchingWithOptions:)` (or the `@main` struct's initializer in SwiftUI). Read more: https://firebase.google.com/docs/ios/setup#initialize_firebase_in_your_app
2026-05-15 06:34:50.752288+0530 Yoga of Eating[16063:129052] [[FirebaseCore]] 12.7.0 - [FirebaseCore][I-COR000003] The default Firebase app has not yet been configured. Add `FirebaseApp.configure()` to your application initialization. This can be done in in the App Delegate's application(_:didFinishLaunchingWithOptions:)` (or the `@main` struct's initializer in SwiftUI). Read more: https://firebase.google.com/docs/ios/setup#initialize_firebase_in_your_app
Test Case '-[Yoga_of_EatingTests.InsightLifecycleIntegrationTests test_updateEnrichedInsight_storesInSnapshot]' passed (0.009 seconds).
Test Case '-[Yoga_of_EatingTests.InsightLifecycleIntegrationTests test_updateInsight_overwritesPreviousInsight]' started.
2026-05-15 06:34:50.761263+0530 Yoga of Eating[16063:129050] [[FirebaseCore]] 12.7.0 - [FirebaseCore][I-COR000003] The default Firebase app has not yet been configured. Add `FirebaseApp.configure()` to your application initialization. This can be done in in the App Delegate's application(_:didFinishLaunchingWithOptions:)` (or the `@main` struct's initializer in SwiftUI). Read more: https://firebase.google.com/docs/ios/setup#initialize_firebase_in_your_app
2026-05-15 06:34:50.761344+0530 Yoga of Eating[16063:129050] [[FirebaseCore]] 12.7.0 - [FirebaseCore][I-COR000003] The default Firebase app has not yet been configured. Add `FirebaseApp.configure()` to your application initialization. This can be done in in the App Delegate's application(_:didFinishLaunchingWithOptions:)` (or the `@main` struct's initializer in SwiftUI). Read more: https://firebase.google.com/docs/ios/setup#initialize_firebase_in_your_app
Test Case '-[Yoga_of_EatingTests.InsightLifecycleIntegrationTests test_updateInsight_overwritesPreviousInsight]' passed (0.001 seconds).
Test Suite 'InsightLifecycleIntegrationTests' passed at 2026-05-15 06:34:50.762.
	 Executed 6 tests, with 0 failures (0 unexpected) in 0.018 (0.019) seconds
Test Suite 'InsightLifecycleServiceGenerationTests' started at 2026-05-15 06:34:50.762.
Test Case '-[Yoga_of_EatingTests.InsightLifecycleServiceGenerationTests test_generateBriefing_highScoringSnapshots_headlineReflectsProgress]' started.
2026-05-15 06:34:50.762275+0530 Yoga of Eating[16063:129050] [[FirebaseCore]] 12.7.0 - [FirebaseCore][I-COR000003] The default Firebase app has not yet been configured. Add `FirebaseApp.configure()` to your application initialization. This can be done in in the App Delegate's application(_:didFinishLaunchingWithOptions:)` (or the `@main` struct's initializer in SwiftUI). Read more: https://firebase.google.com/docs/ios/setup#initialize_firebase_in_your_app
2026-05-15 06:34:50.763196+0530 Yoga of Eating[16063:129026] [InsightLifecycle] Local briefing fallback stored for 2026-05-15 01:04:50 +0000
Test Case '-[Yoga_of_EatingTests.InsightLifecycleServiceGenerationTests test_generateBriefing_highScoringSnapshots_headlineReflectsProgress]' passed (0.002 seconds).
Test Case '-[Yoga_of_EatingTests.InsightLifecycleServiceGenerationTests test_generateBriefing_localFallback_confidenceIsValid]' started.
2026-05-15 06:34:50.764093+0530 Yoga of Eating[16063:129054] [[FirebaseCore]] 12.7.0 - [FirebaseCore][I-COR000003] The default Firebase app has not yet been configured. Add `FirebaseApp.configure()` to your application initialization. This can be done in in the App Delegate's application(_:didFinishLaunchingWithOptions:)` (or the `@main` struct's initializer in SwiftUI). Read more: https://firebase.google.com/docs/ios/setup#initialize_firebase_in_your_app
2026-05-15 06:34:50.764316+0530 Yoga of Eating[16063:129026] [InsightLifecycle] Local briefing fallback stored for 2026-05-15 01:04:50 +0000
Test Case '-[Yoga_of_EatingTests.InsightLifecycleServiceGenerationTests test_generateBriefing_localFallback_confidenceIsValid]' passed (0.001 seconds).
Test Case '-[Yoga_of_EatingTests.InsightLifecycleServiceGenerationTests test_generateBriefing_localFallback_headlineIsNonEmpty]' started.
2026-05-15 06:34:50.765051+0530 Yoga of Eating[16063:129047] [[FirebaseCore]] 12.7.0 - [FirebaseCore][I-COR000003] The default Firebase app has not yet been configured. Add `FirebaseApp.configure()` to your application initialization. This can be done in in the App Delegate's application(_:didFinishLaunchingWithOptions:)` (or the `@main` struct's initializer in SwiftUI). Read more: https://firebase.google.com/docs/ios/setup#initialize_firebase_in_your_app
2026-05-15 06:34:50.765174+0530 Yoga of Eating[16063:129026] [InsightLifecycle] Local briefing fallback stored for 2026-05-15 01:04:50 +0000
Test Case '-[Yoga_of_EatingTests.InsightLifecycleServiceGenerationTests test_generateBriefing_localFallback_headlineIsNonEmpty]' passed (0.001 seconds).
Test Case '-[Yoga_of_EatingTests.InsightLifecycleServiceGenerationTests test_generateBriefing_localFallback_nudgeSuggestionIsNonEmpty]' started.
2026-05-15 06:34:50.765914+0530 Yoga of Eating[16063:129047] [[FirebaseCore]] 12.7.0 - [FirebaseCore][I-COR000003] The default Firebase app has not yet been configured. Add `FirebaseApp.configure()` to your application initialization. This can be done in in the App Delegate's application(_:didFinishLaunchingWithOptions:)` (or the `@main` struct's initializer in SwiftUI). Read more: https://firebase.google.com/docs/ios/setup#initialize_firebase_in_your_app
2026-05-15 06:34:50.766058+0530 Yoga of Eating[16063:129026] [InsightLifecycle] Local briefing fallback stored for 2026-05-15 01:04:50 +0000
Test Case '-[Yoga_of_EatingTests.InsightLifecycleServiceGenerationTests test_generateBriefing_localFallback_nudgeSuggestionIsNonEmpty]' passed (0.001 seconds).
Test Case '-[Yoga_of_EatingTests.InsightLifecycleServiceGenerationTests test_generateBriefing_persistedInsight_retrievableFromSnapshot]' started.
2026-05-15 06:34:50.766735+0530 Yoga of Eating[16063:129052] [[FirebaseCore]] 12.7.0 - [FirebaseCore][I-COR000003] The default Firebase app has not yet been configured. Add `FirebaseApp.configure()` to your application initialization. This can be done in in the App Delegate's application(_:didFinishLaunchingWithOptions:)` (or the `@main` struct's initializer in SwiftUI). Read more: https://firebase.google.com/docs/ios/setup#initialize_firebase_in_your_app
2026-05-15 06:34:50.766866+0530 Yoga of Eating[16063:129026] [InsightLifecycle] Local briefing fallback stored for 2026-05-14 18:30:00 +0000
Test Case '-[Yoga_of_EatingTests.InsightLifecycleServiceGenerationTests test_generateBriefing_persistedInsight_retrievableFromSnapshot]' passed (0.001 seconds).
Test Case '-[Yoga_of_EatingTests.InsightLifecycleServiceGenerationTests test_generateBriefing_persistsViaUpdateInsight]' started.
2026-05-15 06:34:50.767692+0530 Yoga of Eating[16063:129047] [[FirebaseCore]] 12.7.0 - [FirebaseCore][I-COR000003] The default Firebase app has not yet been configured. Add `FirebaseApp.configure()` to your application initialization. This can be done in in the App Delegate's application(_:didFinishLaunchingWithOptions:)` (or the `@main` struct's initializer in SwiftUI). Read more: https://firebase.google.com/docs/ios/setup#initialize_firebase_in_your_app
2026-05-15 06:34:50.767831+0530 Yoga of Eating[16063:129026] [InsightLifecycle] Local briefing fallback stored for 2026-05-15 01:04:50 +0000
Test Case '-[Yoga_of_EatingTests.InsightLifecycleServiceGenerationTests test_generateBriefing_persistsViaUpdateInsight]' passed (0.001 seconds).
Test Case '-[Yoga_of_EatingTests.InsightLifecycleServiceGenerationTests test_generateBriefing_returnsInsight_withTwoOrMoreSnapshots]' started.
2026-05-15 06:34:50.768616+0530 Yoga of Eating[16063:129044] [[FirebaseCore]] 12.7.0 - [FirebaseCore][I-COR000003] The default Firebase app has not yet been configured. Add `FirebaseApp.configure()` to your application initialization. This can be done in in the App Delegate's application(_:didFinishLaunchingWithOptions:)` (or the `@main` struct's initializer in SwiftUI). Read more: https://firebase.google.com/docs/ios/setup#initialize_firebase_in_your_app
2026-05-15 06:34:50.768717+0530 Yoga of Eating[16063:129026] [InsightLifecycle] Local briefing fallback stored for 2026-05-15 01:04:50 +0000
Test Case '-[Yoga_of_EatingTests.InsightLifecycleServiceGenerationTests test_generateBriefing_returnsInsight_withTwoOrMoreSnapshots]' passed (0.001 seconds).
Test Case '-[Yoga_of_EatingTests.InsightLifecycleServiceGenerationTests test_generateBriefing_returnsNil_whenFewerThanTwoSnapshots]' started.
2026-05-15 06:34:50.769490+0530 Yoga of Eating[16063:129050] [[FirebaseCore]] 12.7.0 - [FirebaseCore][I-COR000003] The default Firebase app has not yet been configured. Add `FirebaseApp.configure()` to your application initialization. This can be done in in the App Delegate's application(_:didFinishLaunchingWithOptions:)` (or the `@main` struct's initializer in SwiftUI). Read more: https://firebase.google.com/docs/ios/setup#initialize_firebase_in_your_app
Test Case '-[Yoga_of_EatingTests.InsightLifecycleServiceGenerationTests test_generateBriefing_returnsNil_whenFewerThanTwoSnapshots]' passed (0.001 seconds).
Test Case '-[Yoga_of_EatingTests.InsightLifecycleServiceGenerationTests test_generateBriefing_returnsUnifiedDailyInsight_notLegacyType]' started.
2026-05-15 06:34:50.770220+0530 Yoga of Eating[16063:129047] [[FirebaseCore]] 12.7.0 - [FirebaseCore][I-COR000003] The default Firebase app has not yet been configured. Add `FirebaseApp.configure()` to your application initialization. This can be done in in the App Delegate's application(_:didFinishLaunchingWithOptions:)` (or the `@main` struct's initializer in SwiftUI). Read more: https://firebase.google.com/docs/ios/setup#initialize_firebase_in_your_app
2026-05-15 06:34:50.770321+0530 Yoga of Eating[16063:129026] [InsightLifecycle] Local briefing fallback stored for 2026-05-15 01:04:50 +0000
Test Case '-[Yoga_of_EatingTests.InsightLifecycleServiceGenerationTests test_generateBriefing_returnsUnifiedDailyInsight_notLegacyType]' passed (0.001 seconds).
Test Case '-[Yoga_of_EatingTests.InsightLifecycleServiceGenerationTests test_insightLifecycleService_hasNoBriefingServiceDependency]' started.
2026-05-15 06:34:50.771080+0530 Yoga of Eating[16063:129047] [[FirebaseCore]] 12.7.0 - [FirebaseCore][I-COR000003] The default Firebase app has not yet been configured. Add `FirebaseApp.configure()` to your application initialization. This can be done in in the App Delegate's application(_:didFinishLaunchingWithOptions:)` (or the `@main` struct's initializer in SwiftUI). Read more: https://firebase.google.com/docs/ios/setup#initialize_firebase_in_your_app
2026-05-15 06:34:50.771145+0530 Yoga of Eating[16063:129047] [[FirebaseCore]] 12.7.0 - [FirebaseCore][I-COR000003] The default Firebase app has not yet been configured. Add `FirebaseApp.configure()` to your application initialization. This can be done in in the App Delegate's application(_:didFinishLaunchingWithOptions:)` (or the `@main` struct's initializer in SwiftUI). Read more: https://firebase.google.com/docs/ios/setup#initialize_firebase_in_your_app
Test Case '-[Yoga_of_EatingTests.InsightLifecycleServiceGenerationTests test_insightLifecycleService_hasNoBriefingServiceDependency]' passed (0.004 seconds).
Test Suite 'InsightLifecycleServiceGenerationTests' passed at 2026-05-15 06:34:50.775.
	 Executed 10 tests, with 0 failures (0 unexpected) in 0.012 (0.014) seconds
Test Suite 'InsightLifecycleTests' started at 2026-05-15 06:34:50.776.
Test Case '-[Yoga_of_EatingTests.InsightLifecycleTests test_generateEnrichedInsight_callsUpdateEnrichedInsightOnHistoricalService]' started.
2026-05-15 06:34:50.775962+0530 Yoga of Eating[16063:129054] [[FirebaseCore]] 12.7.0 - [FirebaseCore][I-COR000003] The default Firebase app has not yet been configured. Add `FirebaseApp.configure()` to your application initialization. This can be done in in the App Delegate's application(_:didFinishLaunchingWithOptions:)` (or the `@main` struct's initializer in SwiftUI). Read more: https://firebase.google.com/docs/ios/setup#initialize_firebase_in_your_app
2026-05-15 06:34:50.776291+0530 Yoga of Eating[16063:129026] [InsightLifecycle] Enriched insight generated for 2026-05-15 01:04:50 +0000
Test Case '-[Yoga_of_EatingTests.InsightLifecycleTests test_generateEnrichedInsight_callsUpdateEnrichedInsightOnHistoricalService]' passed (0.001 seconds).
Test Case '-[Yoga_of_EatingTests.InsightLifecycleTests test_generateEnrichedInsight_causalExplanationIsNonEmpty]' started.
2026-05-15 06:34:50.777052+0530 Yoga of Eating[16063:129054] [[FirebaseCore]] 12.7.0 - [FirebaseCore][I-COR000003] The default Firebase app has not yet been configured. Add `FirebaseApp.configure()` to your application initialization. This can be done in in the App Delegate's application(_:didFinishLaunchingWithOptions:)` (or the `@main` struct's initializer in SwiftUI). Read more: https://firebase.google.com/docs/ios/setup#initialize_firebase_in_your_app
2026-05-15 06:34:50.777145+0530 Yoga of Eating[16063:129026] [InsightLifecycle] Enriched insight generated for 2026-05-15 01:04:50 +0000
Test Case '-[Yoga_of_EatingTests.InsightLifecycleTests test_generateEnrichedInsight_causalExplanationIsNonEmpty]' passed (0.001 seconds).
Test Case '-[Yoga_of_EatingTests.InsightLifecycleTests test_generateEnrichedInsight_confidenceInValidRange]' started.
2026-05-15 06:34:50.777870+0530 Yoga of Eating[16063:129047] [[FirebaseCore]] 12.7.0 - [FirebaseCore][I-COR000003] The default Firebase app has not yet been configured. Add `FirebaseApp.configure()` to your application initialization. This can be done in in the App Delegate's application(_:didFinishLaunchingWithOptions:)` (or the `@main` struct's initializer in SwiftUI). Read more: https://firebase.google.com/docs/ios/setup#initialize_firebase_in_your_app
2026-05-15 06:34:50.777960+0530 Yoga of Eating[16063:129026] [InsightLifecycle] Enriched insight generated for 2026-05-15 01:04:50 +0000
Test Case '-[Yoga_of_EatingTests.InsightLifecycleTests test_generateEnrichedInsight_confidenceInValidRange]' passed (0.001 seconds).
Test Case '-[Yoga_of_EatingTests.InsightLifecycleTests test_generateEnrichedInsight_dimensionsMatchSynthesis]' started.
2026-05-15 06:34:50.778896+0530 Yoga of Eating[16063:129026] [InsightLifecycle] Enriched insight generated for 2026-05-15 01:04:50 +0000
2026-05-15 06:34:50.778797+0530 Yoga of Eating[16063:129050] [[FirebaseCore]] 12.7.0 - [FirebaseCore][I-COR000003] The default Firebase app has not yet been configured. Add `FirebaseApp.configure()` to your application initialization. This can be done in in the App Delegate's application(_:didFinishLaunchingWithOptions:)` (or the `@main` struct's initializer in SwiftUI). Read more: https://firebase.google.com/docs/ios/setup#initialize_firebase_in_your_app
Test Case '-[Yoga_of_EatingTests.InsightLifecycleTests test_generateEnrichedInsight_dimensionsMatchSynthesis]' passed (0.001 seconds).
Test Case '-[Yoga_of_EatingTests.InsightLifecycleTests test_generateEnrichedInsight_hasCorrelationCards]' started.
2026-05-15 06:34:50.779679+0530 Yoga of Eating[16063:129044] [[FirebaseCore]] 12.7.0 - [FirebaseCore][I-COR000003] The default Firebase app has not yet been configured. Add `FirebaseApp.configure()` to your application initialization. This can be done in in the App Delegate's application(_:didFinishLaunchingWithOptions:)` (or the `@main` struct's initializer in SwiftUI). Read more: https://firebase.google.com/docs/ios/setup#initialize_firebase_in_your_app
2026-05-15 06:34:50.779762+0530 Yoga of Eating[16063:129026] [InsightLifecycle] Enriched insight generated for 2026-05-15 01:04:50 +0000
Test Case '-[Yoga_of_EatingTests.InsightLifecycleTests test_generateEnrichedInsight_hasCorrelationCards]' passed (0.002 seconds).
Test Case '-[Yoga_of_EatingTests.InsightLifecycleTests test_generateEnrichedInsight_headlineIsNonEmpty]' started.
2026-05-15 06:34:50.781563+0530 Yoga of Eating[16063:129052] [[FirebaseCore]] 12.7.0 - [FirebaseCore][I-COR000003] The default Firebase app has not yet been configured. Add `FirebaseApp.configure()` to your application initialization. This can be done in in the App Delegate's application(_:didFinishLaunchingWithOptions:)` (or the `@main` struct's initializer in SwiftUI). Read more: https://firebase.google.com/docs/ios/setup#initialize_firebase_in_your_app
2026-05-15 06:34:50.781705+0530 Yoga of Eating[16063:129026] [InsightLifecycle] Enriched insight generated for 2026-05-15 01:04:50 +0000
Test Case '-[Yoga_of_EatingTests.InsightLifecycleTests test_generateEnrichedInsight_headlineIsNonEmpty]' passed (0.001 seconds).
Test Case '-[Yoga_of_EatingTests.InsightLifecycleTests test_generateEnrichedInsight_overwritesPreviousInsight]' started.
2026-05-15 06:34:50.782377+0530 Yoga of Eating[16063:129047] [[FirebaseCore]] 12.7.0 - [FirebaseCore][I-COR000003] The default Firebase app has not yet been configured. Add `FirebaseApp.configure()` to your application initialization. This can be done in in the App Delegate's application(_:didFinishLaunchingWithOptions:)` (or the `@main` struct's initializer in SwiftUI). Read more: https://firebase.google.com/docs/ios/setup#initialize_firebase_in_your_app
2026-05-15 06:34:50.782462+0530 Yoga of Eating[16063:129026] [InsightLifecycle] Enriched insight generated for 2026-05-15 01:04:50 +0000
Test Case '-[Yoga_of_EatingTests.InsightLifecycleTests test_generateEnrichedInsight_overwritesPreviousInsight]' passed (0.001 seconds).
Test Case '-[Yoga_of_EatingTests.InsightLifecycleTests test_generateEnrichedInsight_persistsToSnapshotViaHistoricalService]' started.
2026-05-15 06:34:50.783197+0530 Yoga of Eating[16063:129052] [[FirebaseCore]] 12.7.0 - [FirebaseCore][I-COR000003] The default Firebase app has not yet been configured. Add `FirebaseApp.configure()` to your application initialization. This can be done in in the App Delegate's application(_:didFinishLaunchingWithOptions:)` (or the `@main` struct's initializer in SwiftUI). Read more: https://firebase.google.com/docs/ios/setup#initialize_firebase_in_your_app
2026-05-15 06:34:50.783292+0530 Yoga of Eating[16063:129026] [InsightLifecycle] Enriched insight generated for 2026-05-15 01:04:50 +0000
Test Case '-[Yoga_of_EatingTests.InsightLifecycleTests test_generateEnrichedInsight_persistsToSnapshotViaHistoricalService]' passed (0.001 seconds).
Test Case '-[Yoga_of_EatingTests.InsightLifecycleTests test_generateEnrichedInsight_returnsNil_withInsufficientSnapshots]' started.
2026-05-15 06:34:50.784139+0530 Yoga of Eating[16063:129050] [[FirebaseCore]] 12.7.0 - [FirebaseCore][I-COR000003] The default Firebase app has not yet been configured. Add `FirebaseApp.configure()` to your application initialization. This can be done in in the App Delegate's application(_:didFinishLaunchingWithOptions:)` (or the `@main` struct's initializer in SwiftUI). Read more: https://firebase.google.com/docs/ios/setup#initialize_firebase_in_your_app
Test Case '-[Yoga_of_EatingTests.InsightLifecycleTests test_generateEnrichedInsight_returnsNil_withInsufficientSnapshots]' passed (0.001 seconds).
Test Case '-[Yoga_of_EatingTests.InsightLifecycleTests test_generateEnrichedInsight_returnsNonNil_withValidInput]' started.
2026-05-15 06:34:50.784803+0530 Yoga of Eating[16063:129052] [[FirebaseCore]] 12.7.0 - [FirebaseCore][I-COR000003] The default Firebase app has not yet been configured. Add `FirebaseApp.configure()` to your application initialization. This can be done in in the App Delegate's application(_:didFinishLaunchingWithOptions:)` (or the `@main` struct's initializer in SwiftUI). Read more: https://firebase.google.com/docs/ios/setup#initialize_firebase_in_your_app
2026-05-15 06:34:50.784861+0530 Yoga of Eating[16063:129026] [InsightLifecycle] Enriched insight generated for 2026-05-15 01:04:50 +0000
Test Case '-[Yoga_of_EatingTests.InsightLifecycleTests test_generateEnrichedInsight_returnsNonNil_withValidInput]' passed (0.001 seconds).
Test Case '-[Yoga_of_EatingTests.InsightLifecycleTests test_generateEnrichedInsight_textSignalsFromSynthesis]' started.
2026-05-15 06:34:50.785620+0530 Yoga of Eating[16063:129044] [[FirebaseCore]] 12.7.0 - [FirebaseCore][I-COR000003] The default Firebase app has not yet been configured. Add `FirebaseApp.configure()` to your application initialization. This can be done in in the App Delegate's application(_:didFinishLaunchingWithOptions:)` (or the `@main` struct's initializer in SwiftUI). Read more: https://firebase.google.com/docs/ios/setup#initialize_firebase_in_your_app
2026-05-15 06:34:50.785699+0530 Yoga of Eating[16063:129026] [InsightLifecycle] Enriched insight generated for 2026-05-15 01:04:50 +0000
Test Case '-[Yoga_of_EatingTests.InsightLifecycleTests test_generateEnrichedInsight_textSignalsFromSynthesis]' passed (0.001 seconds).
Test Case '-[Yoga_of_EatingTests.InsightLifecycleTests test_serviceConformsToInsightLifecycling]' started.
Test Case '-[Yoga_of_EatingTests.InsightLifecycleTests test_serviceConformsToInsightLifecycling]' passed (0.000 seconds).
2026-05-15 06:34:50.786440+0530 Yoga of Eating[16063:129052] [[FirebaseCore]] 12.7.0 - [FirebaseCore][I-COR000003] The default Firebase app has not yet been configured. Add `FirebaseApp.configure()` to your application initialization. This can be done in in the App Delegate's application(_:didFinishLaunchingWithOptions:)` (or the `@main` struct's initializer in SwiftUI). Read more: https://firebase.google.com/docs/ios/setup#initialize_firebase_in_your_app
Test Suite 'InsightLifecycleTests' passed at 2026-05-15 06:34:50.787.
	 Executed 12 tests, with 0 failures (0 unexpected) in 0.009 (0.011) seconds
2026-05-15 06:34:50.786561+0530 Yoga of Eating[16063:129052] [[FirebaseCore]] 12.7.0 - [FirebaseCore][I-COR000003] The default Firebase app has not yet been configured. Add `FirebaseApp.configure()` to your application initialization. This can be done in in the App Delegate's application(_:didFinishLaunchingWithOptions:)` (or the `@main` struct's initializer in SwiftUI). Read more: https://firebase.google.com/docs/ios/setup#initialize_firebase_in_your_app
Test Suite 'InsightPeekabooTests' started at 2026-05-15 06:34:50.787.
Test Case '-[Yoga_of_EatingTests.InsightPeekabooTests test_insight_isAvailable_whenDominantInsightNotEmpty]' started.
Test Case '-[Yoga_of_EatingTests.InsightPeekabooTests test_insight_isAvailable_whenDominantInsightNotEmpty]' passed (0.000 seconds).
Test Case '-[Yoga_of_EatingTests.InsightPeekabooTests test_insight_isNotAvailable_whenNil]' started.
Test Case '-[Yoga_of_EatingTests.InsightPeekabooTests test_insight_isNotAvailable_whenNil]' passed (0.000 seconds).
Test Case '-[Yoga_of_EatingTests.InsightPeekabooTests test_insight_strings_exist]' started.
Test Case '-[Yoga_of_EatingTests.InsightPeekabooTests test_insight_strings_exist]' passed (0.000 seconds).
Test Case '-[Yoga_of_EatingTests.InsightPeekabooTests test_insight_unreadIndicator_tracksViewedState]' started.
Test Case '-[Yoga_of_EatingTests.InsightPeekabooTests test_insight_unreadIndicator_tracksViewedState]' passed (0.000 seconds).
Test Case '-[Yoga_of_EatingTests.InsightPeekabooTests test_insightBottomSheet_dismissMarksAsRead]' started.
Test Case '-[Yoga_of_EatingTests.InsightPeekabooTests test_insightBottomSheet_dismissMarksAsRead]' passed (0.000 seconds).
Test Case '-[Yoga_of_EatingTests.InsightPeekabooTests test_insightBottomSheet_displaysUnifiedDailyInsight]' started.
Test Case '-[Yoga_of_EatingTests.InsightPeekabooTests test_insightBottomSheet_displaysUnifiedDailyInsight]' passed (0.000 seconds).
Test Case '-[Yoga_of_EatingTests.InsightPeekabooTests test_viewModel_hasUnreadInsight_defaultsFalse]' started.
2026-05-15 06:34:50.790727+0530 Yoga of Eating[16063:129052] [[FirebaseCore]] 12.7.0 - [FirebaseCore][I-COR000003] The default Firebase app has not yet been configured. Add `FirebaseApp.configure()` to your application initialization. This can be done in in the App Delegate's application(_:didFinishLaunchingWithOptions:)` (or the `@main` struct's initializer in SwiftUI). Read more: https://firebase.google.com/docs/ios/setup#initialize_firebase_in_your_app
Test Case '-[Yoga_of_EatingTests.InsightPeekabooTests test_viewModel_hasUnreadInsight_defaultsFalse]' passed (0.001 seconds).
2026-05-15 06:34:50.790852+0530 Yoga of Eating[16063:129052] [[FirebaseCore]] 12.7.0 - [FirebaseCore][I-COR000003] The default Firebase app has not yet been configured. Add `FirebaseApp.configure()` to your application initialization. This can be done in in the App Delegate's application(_:didFinishLaunchingWithOptions:)` (or the `@main` struct's initializer in SwiftUI). Read more: https://firebase.google.com/docs/ios/setup#initialize_firebase_in_your_app
Test Case '-[Yoga_of_EatingTests.InsightPeekabooTests test_viewModel_showInsightSheet_defaultsFalse]' started.
2026-05-15 06:34:50.791454+0530 Yoga of Eating[16063:129050] [[FirebaseCore]] 12.7.0 - [FirebaseCore][I-COR000003] The default Firebase app has not yet been configured. Add `FirebaseApp.configure()` to your application initialization. This can be done in in the App Delegate's application(_:didFinishLaunchingWithOptions:)` (or the `@main` struct's initializer in SwiftUI). Read more: https://firebase.google.com/docs/ios/setup#initialize_firebase_in_your_app
Test Case '-[Yoga_of_EatingTests.InsightPeekabooTests test_viewModel_showInsightSheet_defaultsFalse]' passed (0.001 seconds).
2026-05-15 06:34:50.791525+0530 Yoga of Eating[16063:129050] [[FirebaseCore]] 12.7.0 - [FirebaseCore][I-COR000003] The default Firebase app has not yet been configured. Add `FirebaseApp.configure()` to your application initialization. This can be done in in the App Delegate's application(_:didFinishLaunchingWithOptions:)` (or the `@main` struct's initializer in SwiftUI). Read more: https://firebase.google.com/docs/ios/setup#initialize_firebase_in_your_app
Test Case '-[Yoga_of_EatingTests.InsightPeekabooTests test_viewModel_toggleInsightSheet_changesState]' started.
2026-05-15 06:34:50.792063+0530 Yoga of Eating[16063:129054] [[FirebaseCore]] 12.7.0 - [FirebaseCore][I-COR000003] The default Firebase app has not yet been configured. Add `FirebaseApp.configure()` to your application initialization. This can be done in in the App Delegate's application(_:didFinishLaunchingWithOptions:)` (or the `@main` struct's initializer in SwiftUI). Read more: https://firebase.google.com/docs/ios/setup#initialize_firebase_in_your_app
Test Case '-[Yoga_of_EatingTests.InsightPeekabooTests test_viewModel_toggleInsightSheet_changesState]' passed (0.000 seconds).
2026-05-15 06:34:50.792128+0530 Yoga of Eating[16063:129054] [[FirebaseCore]] 12.7.0 - [FirebaseCore][I-COR000003] The default Firebase app has not yet been configured. Add `FirebaseApp.configure()` to your application initialization. This can be done in in the App Delegate's application(_:didFinishLaunchingWithOptions:)` (or the `@main` struct's initializer in SwiftUI). Read more: https://firebase.google.com/docs/ios/setup#initialize_firebase_in_your_app
Test Suite 'InsightPeekabooTests' passed at 2026-05-15 06:34:50.792.
	 Executed 9 tests, with 0 failures (0 unexpected) in 0.004 (0.006) seconds
Test Suite 'InsightReferenceTests' started at 2026-05-15 06:34:50.792.
Test Case '-[Yoga_of_EatingTests.InsightReferenceTests test_insightReference_encodesDateAndDescription]' started.
Test Case '-[Yoga_of_EatingTests.InsightReferenceTests test_insightReference_encodesDateAndDescription]' passed (0.002 seconds).
Test Case '-[Yoga_of_EatingTests.InsightReferenceTests test_insightReference_equatable]' started.
Test Case '-[Yoga_of_EatingTests.InsightReferenceTests test_insightReference_equatable]' passed (0.000 seconds).
Test Case '-[Yoga_of_EatingTests.InsightReferenceTests test_insightReference_formatsDateCorrectly]' started.
Test Case '-[Yoga_of_EatingTests.InsightReferenceTests test_insightReference_formatsDateCorrectly]' passed (0.000 seconds).
Test Case '-[Yoga_of_EatingTests.InsightReferenceTests test_insightReference_initialization]' started.
Test Case '-[Yoga_of_EatingTests.InsightReferenceTests test_insightReference_initialization]' passed (0.000 seconds).
Test Case '-[Yoga_of_EatingTests.InsightReferenceTests test_referenceCategory_allCasesExist]' started.
Test Case '-[Yoga_of_EatingTests.InsightReferenceTests test_referenceCategory_allCasesExist]' passed (0.000 seconds).
Test Case '-[Yoga_of_EatingTests.InsightReferenceTests test_referenceCategory_hasDisplayName]' started.
Test Case '-[Yoga_of_EatingTests.InsightReferenceTests test_referenceCategory_hasDisplayName]' passed (0.000 seconds).
Test Suite 'InsightReferenceTests' passed at 2026-05-15 06:34:50.797.
	 Executed 6 tests, with 0 failures (0 unexpected) in 0.003 (0.005) seconds
Test Suite 'InsightServiceTests' started at 2026-05-15 06:34:50.797.
Test Case '-[Yoga_of_EatingTests.InsightServiceTests test_insightLifecycleService_generatesLocalBriefing_independently]' started.
2026-05-15 06:34:50.797651+0530 Yoga of Eating[16063:129054] [[FirebaseCore]] 12.7.0 - [FirebaseCore][I-COR000003] The default Firebase app has not yet been configured. Add `FirebaseApp.configure()` to your application initialization. This can be done in in the App Delegate's application(_:didFinishLaunchingWithOptions:)` (or the `@main` struct's initializer in SwiftUI). Read more: https://firebase.google.com/docs/ios/setup#initialize_firebase_in_your_app
2026-05-15 06:34:50.797708+0530 Yoga of Eating[16063:129026] [InsightLifecycle] Local briefing fallback stored for 2026-05-15 01:04:50 +0000
Test Case '-[Yoga_of_EatingTests.InsightServiceTests test_insightLifecycleService_generatesLocalBriefing_independently]' passed (0.001 seconds).
Test Case '-[Yoga_of_EatingTests.InsightServiceTests test_insightLifecycleService_returnsNil_whenInsufficientData]' started.
2026-05-15 06:34:50.798669+0530 Yoga of Eating[16063:129052] [[FirebaseCore]] 12.7.0 - [FirebaseCore][I-COR000003] The default Firebase app has not yet been configured. Add `FirebaseApp.configure()` to your application initialization. This can be done in in the App Delegate's application(_:didFinishLaunchingWithOptions:)` (or the `@main` struct's initializer in SwiftUI). Read more: https://firebase.google.com/docs/ios/setup#initialize_firebase_in_your_app
Test Case '-[Yoga_of_EatingTests.InsightServiceTests test_insightLifecycleService_returnsNil_whenInsufficientData]' passed (0.001 seconds).
Test Case '-[Yoga_of_EatingTests.InsightServiceTests test_patternAnalysisEngine_generateCorrelationCards_producesValidOutput]' started.
Test Case '-[Yoga_of_EatingTests.InsightServiceTests test_patternAnalysisEngine_generateCorrelationCards_producesValidOutput]' passed (0.000 seconds).
Test Suite 'InsightServiceTests' passed at 2026-05-15 06:34:50.800.
	 Executed 3 tests, with 0 failures (0 unexpected) in 0.002 (0.002) seconds
Test Suite 'InsightStorageMigrationTests' started at 2026-05-15 06:34:50.800.
Test Case '-[Yoga_of_EatingTests.InsightStorageMigrationTests test_decode_bothNewAndEnrichedPresent_newInsightWins]' started.
Test Case '-[Yoga_of_EatingTests.InsightStorageMigrationTests test_decode_bothNewAndEnrichedPresent_newInsightWins]' passed (0.001 seconds).
Test Case '-[Yoga_of_EatingTests.InsightStorageMigrationTests test_decode_enrichedWinsOverBriefingWhenBothPresent]' started.
Test Case '-[Yoga_of_EatingTests.InsightStorageMigrationTests test_decode_enrichedWinsOverBriefingWhenBothPresent]' passed (0.001 seconds).
Test Case '-[Yoga_of_EatingTests.InsightStorageMigrationTests test_decode_legacyBriefingKey_migratesIntoInsight]' started.
Test Case '-[Yoga_of_EatingTests.InsightStorageMigrationTests test_decode_legacyBriefingKey_migratesIntoInsight]' passed (0.002 seconds).
Test Case '-[Yoga_of_EatingTests.InsightStorageMigrationTests test_decode_legacyEnrichedInsightKey_migratesIntoInsight]' started.
Test Case '-[Yoga_of_EatingTests.InsightStorageMigrationTests test_decode_legacyEnrichedInsightKey_migratesIntoInsight]' passed (0.001 seconds).
Test Case '-[Yoga_of_EatingTests.InsightStorageMigrationTests test_decode_newFormat_insightKey_loadsCorrectly]' started.
Test Case '-[Yoga_of_EatingTests.InsightStorageMigrationTests test_decode_newFormat_insightKey_loadsCorrectly]' passed (0.000 seconds).
Test Case '-[Yoga_of_EatingTests.InsightStorageMigrationTests test_decode_noInsightData_insightIsNil]' started.
Test Case '-[Yoga_of_EatingTests.InsightStorageMigrationTests test_decode_noInsightData_insightIsNil]' passed (0.000 seconds).
Test Case '-[Yoga_of_EatingTests.InsightStorageMigrationTests test_roundTrip_encodeDecode_preservesInsight]' started.
Test Case '-[Yoga_of_EatingTests.InsightStorageMigrationTests test_roundTrip_encodeDecode_preservesInsight]' passed (0.000 seconds).
Test Suite 'InsightStorageMigrationTests' passed at 2026-05-15 06:34:50.806.
	 Executed 7 tests, with 0 failures (0 unexpected) in 0.005 (0.006) seconds
Test Suite 'InsightTriggerTests' started at 2026-05-15 06:34:50.806.
Test Case '-[Yoga_of_EatingTests.InsightTriggerTests test_currentInsight_makesInsightAvailable]' started.
2026-05-15 06:34:50.807783+0530 Yoga of Eating[16063:129026] [Reflection] Failed to fetch HealthKit sleep data: Authorization not determined
2026-05-15 06:34:50.807940+0530 Yoga of Eating[16063:129026] [Reflection] Failed to fetch HealthKit sleep data: Authorization not determined
2026-05-15 06:34:50.808721+0530 Yoga of Eating[16063:129026] [Reflection] Failed to fetch HealthKit sleep data: Authorization not determined
2026-05-15 06:34:50.808838+0530 Yoga of Eating[16063:129026] [Reflection] Failed to fetch HealthKit sleep data: Authorization not determined
2026-05-15 06:34:50.809280+0530 Yoga of Eating[16063:129026] [Reflection] Failed to fetch HealthKit sleep data: Authorization not determined
FirebaseAuth/Auth.swift:155: Fatal error: The default FirebaseApp instance must be configured before the default Auth instance can be initialized. One way to ensure this is to call `FirebaseApp.configure()` in the App Delegate's `application(_:didFinishLaunchingWithOptions:)` (or the `@main` struct's initializer in SwiftUI).
2026-05-15 06:34:50.809544+0530 Yoga of Eating[16063:129026] FirebaseAuth/Auth.swift:155: Fatal error: The default FirebaseApp instance must be configured before the default Auth instance can be initialized. One way to ensure this is to call `FirebaseApp.configure()` in the App Delegate's `application(_:didFinishLaunchingWithOptions:)` (or the `@main` struct's initializer in SwiftUI).
2026-05-15 06:34:50.809545+0530 Yoga of Eating[16063:129052] [[FirebaseCore]] 12.7.0 - [FirebaseCore][I-COR000003] The default Firebase app has not yet been configured. Add `FirebaseApp.configure()` to your application initialization. This can be done in in the App Delegate's application(_:didFinishLaunchingWithOptions:)` (or the `@main` struct's initializer in SwiftUI). Read more: https://firebase.google.com/docs/ios/setup#initialize_firebase_in_your_app
2026-05-15 06:35:13.056819+0530 Yoga of Eating[16127:130163] [[FirebaseCore]] 12.7.0 - [FirebaseCore][I-COR000003] The default Firebase app has not yet been configured. Add `FirebaseApp.configure()` to your application initialization. This can be done in in the App Delegate's application(_:didFinishLaunchingWithOptions:)` (or the `@main` struct's initializer in SwiftUI). Read more: https://firebase.google.com/docs/ios/setup#initialize_firebase_in_your_app
2026-05-15 06:35:13.057477+0530 Yoga of Eating[16127:130163] [[FirebaseCore]] 12.7.0 - [FirebaseCore][I-COR000003] The default Firebase app has not yet been configured. Add `FirebaseApp.configure()` to your application initialization. This can be done in in the App Delegate's application(_:didFinishLaunchingWithOptions:)` (or the `@main` struct's initializer in SwiftUI). Read more: https://firebase.google.com/docs/ios/setup#initialize_firebase_in_your_app
2026-05-15 06:35:13.061656+0530 Yoga of Eating[16127:130155] [[FirebaseCore]] 12.7.0 - [FirebaseCore][I-COR000003] The default Firebase app has not yet been configured. Add `FirebaseApp.configure()` to your application initialization. This can be done in in the App Delegate's application(_:didFinishLaunchingWithOptions:)` (or the `@main` struct's initializer in SwiftUI). Read more: https://firebase.google.com/docs/ios/setup#initialize_firebase_in_your_app
2026-05-15 06:35:13.062330+0530 Yoga of Eating[16127:130155] [[FirebaseCore]] 12.7.0 - [FirebaseCore][I-COR000003] The default Firebase app has not yet been configured. Add `FirebaseApp.configure()` to your application initialization. This can be done in in the App Delegate's application(_:didFinishLaunchingWithOptions:)` (or the `@main` struct's initializer in SwiftUI). Read more: https://firebase.google.com/docs/ios/setup#initialize_firebase_in_your_app
2026-05-15 06:35:13.140308+0530 Yoga of Eating[16127:130163] [[FirebaseCore]] 12.7.0 - [FirebaseCore][I-COR000003] The default Firebase app has not yet been configured. Add `FirebaseApp.configure()` to your application initialization. This can be done in in the App Delegate's application(_:didFinishLaunchingWithOptions:)` (or the `@main` struct's initializer in SwiftUI). Read more: https://firebase.google.com/docs/ios/setup#initialize_firebase_in_your_app
2026-05-15 06:35:13.143399+0530 Yoga of Eating[16127:130125] [Auth] No previous session to restore: We couldn't restore your session. Please sign in again.
2026-05-15 06:35:13.143793+0530 Yoga of Eating[16127:130125] [HistoricalSync] Sync attempted without authenticated user
2026-05-15 06:35:13.178024+0530 Yoga of Eating[16127:130163] [ActivityData] Energy query failed: Authorization not determined
2026-05-15 06:35:13.178116+0530 Yoga of Eating[16127:130163] [ActivityData] Energy query failed: Authorization not determined

Restarting after unexpected exit, crash, or test timeout; summary will include totals from previous launches.

2026-05-15 06:35:13.251868+0530 Yoga of Eating[16127:130125] [MainViewModel.Lifecycle] Activity data refreshed
2026-05-15 06:35:13.266927+0530 Yoga of Eating[16127:130157] Could not get attrs using token.pid for connection com.apple.xpc.anonymous.0x10da6dcc0.peer[15846].0x10d831c80, pid -1: 144: Requestor lacks required entitlement
Test Suite 'Selected tests' started at 2026-05-15 06:35:13.286.
Test Suite 'Yoga of EatingTests.xctest' started at 2026-05-15 06:35:13.287.
Test Suite 'InsightTriggerTests' started at 2026-05-15 06:35:13.287.
Test Case '-[Yoga_of_EatingTests.InsightTriggerTests test_handleSmileyLongPress_whenInsightAvailable_showsInsightSheet]' started.
2026-05-15 06:35:13.311039+0530 Yoga of Eating[16127:130125] [plugin] AddInstanceForFactory: No factory registered for id <CFUUID 0x10d9b7cc0> F8BB1C28-BAE8-11D6-9C31-00039315CD46
Test Case '-[Yoga_of_EatingTests.InsightTriggerTests test_handleSmileyLongPress_whenInsightAvailable_showsInsightSheet]' passed (0.035 seconds).
Test Case '-[Yoga_of_EatingTests.InsightTriggerTests test_handleSmileyLongPress_whenNoInsight_doesNotShowSheet]' started.
Test Case '-[Yoga_of_EatingTests.InsightTriggerTests test_handleSmileyLongPress_whenNoInsight_doesNotShowSheet]' passed (0.000 seconds).
Test Case '-[Yoga_of_EatingTests.InsightTriggerTests test_mainViewModel_defaultsToRealInsightLifecycleService]' started.
2026-05-15 06:35:13.324235+0530 Yoga of Eating[16127:130163] [[FirebaseCore]] 12.7.0 - [FirebaseCore][I-COR000003] The default Firebase app has not yet been configured. Add `FirebaseApp.configure()` to your application initialization. This can be done in in the App Delegate's application(_:didFinishLaunchingWithOptions:)` (or the `@main` struct's initializer in SwiftUI). Read more: https://firebase.google.com/docs/ios/setup#initialize_firebase_in_your_app
Test Case '-[Yoga_of_EatingTests.InsightTriggerTests test_mainViewModel_defaultsToRealInsightLifecycleService]' passed (0.004 seconds).
Test Case '-[Yoga_of_EatingTests.InsightTriggerTests test_mainViewModel_hasInsightLifecycleService]' started.
Test Case '-[Yoga_of_EatingTests.InsightTriggerTests test_mainViewModel_hasInsightLifecycleService]' passed (0.004 seconds).
Test Case '-[Yoga_of_EatingTests.InsightTriggerTests test_newDay_clearsCurrentInsight]' started.
Test Case '-[Yoga_of_EatingTests.InsightTriggerTests test_newDay_clearsCurrentInsight]' passed (0.001 seconds).
Test Case '-[Yoga_of_EatingTests.InsightTriggerTests test_newInsight_hasUnreadIndicator]' started.
2026-05-15 06:35:13.387382+0530 Yoga of Eating[16127:130125] [Reflection] Failed to fetch HealthKit sleep data: Authorization not determined
2026-05-15 06:35:13.387718+0530 Yoga of Eating[16127:130125] [Reflection] Failed to fetch HealthKit sleep data: Authorization not determined
2026-05-15 06:35:13.389230+0530 Yoga of Eating[16127:130125] [Reflection] Failed to fetch HealthKit sleep data: Authorization not determined
2026-05-15 06:35:13.389427+0530 Yoga of Eating[16127:130125] [Reflection] Failed to fetch HealthKit sleep data: Authorization not determined
2026-05-15 06:35:13.389938+0530 Yoga of Eating[16127:130125] [Reflection] Failed to fetch HealthKit sleep data: Authorization not determined
FirebaseAuth/Auth.swift:155: Fatal error: The default FirebaseApp instance must be configured before the default Auth instance can be initialized. One way to ensure this is to call `FirebaseApp.configure()` in the App Delegate's `application(_:didFinishLaunchingWithOptions:)` (or the `@main` struct's initializer in SwiftUI).
2026-05-15 06:35:13.390133+0530 Yoga of Eating[16127:130125] FirebaseAuth/Auth.swift:155: Fatal error: The default FirebaseApp instance must be configured before the default Auth instance can be initialized. One way to ensure this is to call `FirebaseApp.configure()` in the App Delegate's `application(_:didFinishLaunchingWithOptions:)` (or the `@main` struct's initializer in SwiftUI).
2026-05-15 06:35:35.623304+0530 Yoga of Eating[16149:130648] [[FirebaseCore]] 12.7.0 - [FirebaseCore][I-COR000003] The default Firebase app has not yet been configured. Add `FirebaseApp.configure()` to your application initialization. This can be done in in the App Delegate's application(_:didFinishLaunchingWithOptions:)` (or the `@main` struct's initializer in SwiftUI). Read more: https://firebase.google.com/docs/ios/setup#initialize_firebase_in_your_app
2026-05-15 06:35:35.624067+0530 Yoga of Eating[16149:130648] [[FirebaseCore]] 12.7.0 - [FirebaseCore][I-COR000003] The default Firebase app has not yet been configured. Add `FirebaseApp.configure()` to your application initialization. This can be done in in the App Delegate's application(_:didFinishLaunchingWithOptions:)` (or the `@main` struct's initializer in SwiftUI). Read more: https://firebase.google.com/docs/ios/setup#initialize_firebase_in_your_app
2026-05-15 06:35:35.628525+0530 Yoga of Eating[16149:130646] [[FirebaseCore]] 12.7.0 - [FirebaseCore][I-COR000003] The default Firebase app has not yet been configured. Add `FirebaseApp.configure()` to your application initialization. This can be done in in the App Delegate's application(_:didFinishLaunchingWithOptions:)` (or the `@main` struct's initializer in SwiftUI). Read more: https://firebase.google.com/docs/ios/setup#initialize_firebase_in_your_app
2026-05-15 06:35:35.629625+0530 Yoga of Eating[16149:130646] [[FirebaseCore]] 12.7.0 - [FirebaseCore][I-COR000003] The default Firebase app has not yet been configured. Add `FirebaseApp.configure()` to your application initialization. This can be done in in the App Delegate's application(_:didFinishLaunchingWithOptions:)` (or the `@main` struct's initializer in SwiftUI). Read more: https://firebase.google.com/docs/ios/setup#initialize_firebase_in_your_app
2026-05-15 06:35:35.707705+0530 Yoga of Eating[16149:130653] [[FirebaseCore]] 12.7.0 - [FirebaseCore][I-COR000003] The default Firebase app has not yet been configured. Add `FirebaseApp.configure()` to your application initialization. This can be done in in the App Delegate's application(_:didFinishLaunchingWithOptions:)` (or the `@main` struct's initializer in SwiftUI). Read more: https://firebase.google.com/docs/ios/setup#initialize_firebase_in_your_app
2026-05-15 06:35:35.710714+0530 Yoga of Eating[16149:130620] [Auth] No previous session to restore: We couldn't restore your session. Please sign in again.
2026-05-15 06:35:35.744421+0530 Yoga of Eating[16149:130649] [ActivityData] Energy query failed: Authorization not determined
2026-05-15 06:35:35.744523+0530 Yoga of Eating[16149:130653] [ActivityData] Energy query failed: Authorization not determined

Restarting after unexpected exit, crash, or test timeout; summary will include totals from previous launches.

2026-05-15 06:35:35.823022+0530 Yoga of Eating[16149:130620] [MainViewModel.Lifecycle] Activity data refreshed
2026-05-15 06:35:35.837633+0530 Yoga of Eating[16149:130646] Could not get attrs using token.pid for connection com.apple.xpc.anonymous.0x10fa71cc0.peer[15846].0x10f845c80, pid -1: 144: Requestor lacks required entitlement
Test Suite 'Selected tests' started at 2026-05-15 06:35:35.858.
Test Suite 'Yoga of EatingTests.xctest' started at 2026-05-15 06:35:35.858.
Test Suite 'InsightTriggerTests' started at 2026-05-15 06:35:35.858.
Test Case '-[Yoga_of_EatingTests.InsightTriggerTests test_saveSleepQuality_assignsGeneratedInsight_toCurrentInsight]' started.
2026-05-15 06:35:35.914599+0530 Yoga of Eating[16149:130620] [Reflection] Failed to fetch HealthKit sleep data: Authorization not determined
2026-05-15 06:35:35.914803+0530 Yoga of Eating[16149:130620] [Reflection] Failed to fetch HealthKit sleep data: Authorization not determined
2026-05-15 06:35:35.915493+0530 Yoga of Eating[16149:130620] [Reflection] Failed to fetch HealthKit sleep data: Authorization not determined
2026-05-15 06:35:35.915627+0530 Yoga of Eating[16149:130620] [Reflection] Failed to fetch HealthKit sleep data: Authorization not determined
2026-05-15 06:35:35.916236+0530 Yoga of Eating[16149:130620] [Reflection] Failed to fetch HealthKit sleep data: Authorization not determined
FirebaseAuth/Auth.swift:155: Fatal error: The default FirebaseApp instance must be configured before the default Auth instance can be initialized. One way to ensure this is to call `FirebaseApp.configure()` in the App Delegate's `application(_:didFinishLaunchingWithOptions:)` (or the `@main` struct's initializer in SwiftUI).
2026-05-15 06:35:35.916338+0530 Yoga of Eating[16149:130620] FirebaseAuth/Auth.swift:155: Fatal error: The default FirebaseApp instance must be configured before the default Auth instance can be initialized. One way to ensure this is to call `FirebaseApp.configure()` in the App Delegate's `application(_:didFinishLaunchingWithOptions:)` (or the `@main` struct's initializer in SwiftUI).
2026-05-15 06:35:58.155991+0530 Yoga of Eating[16188:131285] [[FirebaseCore]] 12.7.0 - [FirebaseCore][I-COR000003] The default Firebase app has not yet been configured. Add `FirebaseApp.configure()` to your application initialization. This can be done in in the App Delegate's application(_:didFinishLaunchingWithOptions:)` (or the `@main` struct's initializer in SwiftUI). Read more: https://firebase.google.com/docs/ios/setup#initialize_firebase_in_your_app
2026-05-15 06:35:58.156778+0530 Yoga of Eating[16188:131285] [[FirebaseCore]] 12.7.0 - [FirebaseCore][I-COR000003] The default Firebase app has not yet been configured. Add `FirebaseApp.configure()` to your application initialization. This can be done in in the App Delegate's application(_:didFinishLaunchingWithOptions:)` (or the `@main` struct's initializer in SwiftUI). Read more: https://firebase.google.com/docs/ios/setup#initialize_firebase_in_your_app
2026-05-15 06:35:58.161154+0530 Yoga of Eating[16188:131273] [[FirebaseCore]] 12.7.0 - [FirebaseCore][I-COR000003] The default Firebase app has not yet been configured. Add `FirebaseApp.configure()` to your application initialization. This can be done in in the App Delegate's application(_:didFinishLaunchingWithOptions:)` (or the `@main` struct's initializer in SwiftUI). Read more: https://firebase.google.com/docs/ios/setup#initialize_firebase_in_your_app
2026-05-15 06:35:58.161795+0530 Yoga of Eating[16188:131273] [[FirebaseCore]] 12.7.0 - [FirebaseCore][I-COR000003] The default Firebase app has not yet been configured. Add `FirebaseApp.configure()` to your application initialization. This can be done in in the App Delegate's application(_:didFinishLaunchingWithOptions:)` (or the `@main` struct's initializer in SwiftUI). Read more: https://firebase.google.com/docs/ios/setup#initialize_firebase_in_your_app
2026-05-15 06:35:58.239741+0530 Yoga of Eating[16188:131295] [[FirebaseCore]] 12.7.0 - [FirebaseCore][I-COR000003] The default Firebase app has not yet been configured. Add `FirebaseApp.configure()` to your application initialization. This can be done in in the App Delegate's application(_:didFinishLaunchingWithOptions:)` (or the `@main` struct's initializer in SwiftUI). Read more: https://firebase.google.com/docs/ios/setup#initialize_firebase_in_your_app
2026-05-15 06:35:58.241302+0530 Yoga of Eating[16188:131251] [Auth] No previous session to restore: We couldn't restore your session. Please sign in again.
2026-05-15 06:35:58.247220+0530 Yoga of Eating[16188:131279] [ActivityData] Energy query failed: Authorization not determined
2026-05-15 06:35:58.247365+0530 Yoga of Eating[16188:131279] [ActivityData] Energy query failed: Authorization not determined
2026-05-15 06:35:58.269957+0530 Yoga of Eating[16188:131251] [MainViewModel.Lifecycle] Activity data refreshed

Restarting after unexpected exit, crash, or test timeout; summary will include totals from previous launches.

2026-05-15 06:35:58.373648+0530 Yoga of Eating[16188:131292] Could not get attrs using token.pid for connection com.apple.xpc.anonymous.0x10fe7dcc0.peer[15846].0x10fc51c80, pid -1: 144: Requestor lacks required entitlement
Test Suite 'Selected tests' started at 2026-05-15 06:35:58.396.
Test Suite 'Yoga of EatingTests.xctest' started at 2026-05-15 06:35:58.397.
Test Suite 'InsightTriggerTests' started at 2026-05-15 06:35:58.397.
Test Case '-[Yoga_of_EatingTests.InsightTriggerTests test_saveSleepQuality_doesNotRegenerateInsight_ifAlreadyExists]' started.
2026-05-15 06:35:58.429981+0530 Yoga of Eating[16188:131251] [Reflection] Failed to fetch HealthKit sleep data: Authorization not determined
2026-05-15 06:35:58.430802+0530 Yoga of Eating[16188:131251] [Reflection] Failed to fetch HealthKit sleep data: Authorization not determined
2026-05-15 06:35:58.431334+0530 Yoga of Eating[16188:131251] [Reflection] Failed to fetch HealthKit sleep data: Authorization not determined
Test Case '-[Yoga_of_EatingTests.InsightTriggerTests test_saveSleepQuality_doesNotRegenerateInsight_ifAlreadyExists]' passed (0.133 seconds).
Test Case '-[Yoga_of_EatingTests.InsightTriggerTests test_saveSleepQuality_triggersInsightGeneration]' started.
2026-05-15 06:35:58.532334+0530 Yoga of Eating[16188:131251] [Reflection] Failed to fetch HealthKit sleep data: Authorization not determined
2026-05-15 06:35:58.532477+0530 Yoga of Eating[16188:131251] [Reflection] Failed to fetch HealthKit sleep data: Authorization not determined
2026-05-15 06:35:58.533511+0530 Yoga of Eating[16188:131251] [Reflection] Failed to fetch HealthKit sleep data: Authorization not determined
2026-05-15 06:35:58.533645+0530 Yoga of Eating[16188:131251] [Reflection] Failed to fetch HealthKit sleep data: Authorization not determined
2026-05-15 06:35:58.534141+0530 Yoga of Eating[16188:131251] [Reflection] Failed to fetch HealthKit sleep data: Authorization not determined
FirebaseAuth/Auth.swift:155: Fatal error: The default FirebaseApp instance must be configured before the default Auth instance can be initialized. One way to ensure this is to call `FirebaseApp.configure()` in the App Delegate's `application(_:didFinishLaunchingWithOptions:)` (or the `@main` struct's initializer in SwiftUI).
2026-05-15 06:35:58.534346+0530 Yoga of Eating[16188:131251] FirebaseAuth/Auth.swift:155: Fatal error: The default FirebaseApp instance must be configured before the default Auth instance can be initialized. One way to ensure this is to call `FirebaseApp.configure()` in the App Delegate's `application(_:didFinishLaunchingWithOptions:)` (or the `@main` struct's initializer in SwiftUI).
2026-05-15 06:36:20.803608+0530 Yoga of Eating[16228:131914] [[FirebaseCore]] 12.7.0 - [FirebaseCore][I-COR000003] The default Firebase app has not yet been configured. Add `FirebaseApp.configure()` to your application initialization. This can be done in in the App Delegate's application(_:didFinishLaunchingWithOptions:)` (or the `@main` struct's initializer in SwiftUI). Read more: https://firebase.google.com/docs/ios/setup#initialize_firebase_in_your_app
2026-05-15 06:36:20.804442+0530 Yoga of Eating[16228:131914] [[FirebaseCore]] 12.7.0 - [FirebaseCore][I-COR000003] The default Firebase app has not yet been configured. Add `FirebaseApp.configure()` to your application initialization. This can be done in in the App Delegate's application(_:didFinishLaunchingWithOptions:)` (or the `@main` struct's initializer in SwiftUI). Read more: https://firebase.google.com/docs/ios/setup#initialize_firebase_in_your_app
2026-05-15 06:36:20.809064+0530 Yoga of Eating[16228:131896] [[FirebaseCore]] 12.7.0 - [FirebaseCore][I-COR000003] The default Firebase app has not yet been configured. Add `FirebaseApp.configure()` to your application initialization. This can be done in in the App Delegate's application(_:didFinishLaunchingWithOptions:)` (or the `@main` struct's initializer in SwiftUI). Read more: https://firebase.google.com/docs/ios/setup#initialize_firebase_in_your_app
2026-05-15 06:36:20.809733+0530 Yoga of Eating[16228:131896] [[FirebaseCore]] 12.7.0 - [FirebaseCore][I-COR000003] The default Firebase app has not yet been configured. Add `FirebaseApp.configure()` to your application initialization. This can be done in in the App Delegate's application(_:didFinishLaunchingWithOptions:)` (or the `@main` struct's initializer in SwiftUI). Read more: https://firebase.google.com/docs/ios/setup#initialize_firebase_in_your_app
2026-05-15 06:36:20.891319+0530 Yoga of Eating[16228:131914] [[FirebaseCore]] 12.7.0 - [FirebaseCore][I-COR000003] The default Firebase app has not yet been configured. Add `FirebaseApp.configure()` to your application initialization. This can be done in in the App Delegate's application(_:didFinishLaunchingWithOptions:)` (or the `@main` struct's initializer in SwiftUI). Read more: https://firebase.google.com/docs/ios/setup#initialize_firebase_in_your_app
2026-05-15 06:36:20.894560+0530 Yoga of Eating[16228:131870] [Auth] No previous session to restore: We couldn't restore your session. Please sign in again.
2026-05-15 06:36:20.901315+0530 Yoga of Eating[16228:131914] [ActivityData] Energy query failed: Authorization not determined
2026-05-15 06:36:20.901417+0530 Yoga of Eating[16228:131914] [ActivityData] Energy query failed: Authorization not determined

Restarting after unexpected exit, crash, or test timeout; summary will include totals from previous launches.

2026-05-15 06:36:21.015466+0530 Yoga of Eating[16228:131870] [MainViewModel.Lifecycle] Activity data refreshed
2026-05-15 06:36:21.032413+0530 Yoga of Eating[16228:131913] Could not get attrs using token.pid for connection com.apple.xpc.anonymous.0x10da79cc0.peer[15846].0x10d84dc80, pid -1: 144: Requestor lacks required entitlement
Test Suite 'Selected tests' started at 2026-05-15 06:36:21.052.
Test Suite 'Yoga of EatingTests.xctest' started at 2026-05-15 06:36:21.053.
Test Suite 'InsightTriggerTests' started at 2026-05-15 06:36:21.053.
Test Case '-[Yoga_of_EatingTests.InsightTriggerTests test_smileyTap_stillCreatesNewMeal]' started.
Test Case '-[Yoga_of_EatingTests.InsightTriggerTests test_smileyTap_stillCreatesNewMeal]' passed (0.009 seconds).
Test Suite 'InsightTriggerTests' passed at 2026-05-15 06:36:21.063.
	 Executed 1 test, with 0 failures (0 unexpected) in 0.009 (0.010) seconds
Test Suite 'JournalBlockViewTests' started at 2026-05-15 06:36:21.063.
Test Case '-[Yoga_of_EatingTests.JournalBlockViewTests test_aiAnalysisUpdate_doesNotResetMealItems]' started.
2026-05-15 06:36:21.063323+0530 Yoga of Eating[16228:131896] [[FirebaseCore]] 12.7.0 - [FirebaseCore][I-COR000003] The default Firebase app has not yet been configured. Add `FirebaseApp.configure()` to your application initialization. This can be done in in the App Delegate's application(_:didFinishLaunchingWithOptions:)` (or the `@main` struct's initializer in SwiftUI). Read more: https://firebase.google.com/docs/ios/setup#initialize_firebase_in_your_app
Test Case '-[Yoga_of_EatingTests.JournalBlockViewTests test_aiAnalysisUpdate_doesNotResetMealItems]' passed (0.002 seconds).
Test Case '-[Yoga_of_EatingTests.JournalBlockViewTests test_checkmarkButton_visibleWhenFocusedWithContent]' started.
2026-05-15 06:36:21.065660+0530 Yoga of Eating[16228:131896] [[FirebaseCore]] 12.7.0 - [FirebaseCore][I-COR000003] The default Firebase app has not yet been configured. Add `FirebaseApp.configure()` to your application initialization. This can be done in in the App Delegate's application(_:didFinishLaunchingWithOptions:)` (or the `@main` struct's initializer in SwiftUI). Read more: https://firebase.google.com/docs/ios/setup#initialize_firebase_in_your_app
Test Case '-[Yoga_of_EatingTests.JournalBlockViewTests test_checkmarkButton_visibleWhenFocusedWithContent]' passed (0.000 seconds).
Test Case '-[Yoga_of_EatingTests.JournalBlockViewTests test_mealItems_notResetAfterSmileyStateChange]' started.
2026-05-15 06:36:21.066246+0530 Yoga of Eating[16228:131914] [[FirebaseCore]] 12.7.0 - [FirebaseCore][I-COR000003] The default Firebase app has not yet been configured. Add `FirebaseApp.configure()` to your application initialization. This can be done in in the App Delegate's application(_:didFinishLaunchingWithOptions:)` (or the `@main` struct's initializer in SwiftUI). Read more: https://firebase.google.com/docs/ios/setup#initialize_firebase_in_your_app
Test Case '-[Yoga_of_EatingTests.JournalBlockViewTests test_mealItems_notResetAfterSmileyStateChange]' passed (0.000 seconds).
Test Case '-[Yoga_of_EatingTests.JournalBlockViewTests test_mealItemsSynced_betweenMemoryAndPersistence]' started.
2026-05-15 06:36:21.066793+0530 Yoga of Eating[16228:131914] [[FirebaseCore]] 12.7.0 - [FirebaseCore][I-COR000003] The default Firebase app has not yet been configured. Add `FirebaseApp.configure()` to your application initialization. This can be done in in the App Delegate's application(_:didFinishLaunchingWithOptions:)` (or the `@main` struct's initializer in SwiftUI). Read more: https://firebase.google.com/docs/ios/setup#initialize_firebase_in_your_app
Test Case '-[Yoga_of_EatingTests.JournalBlockViewTests test_mealItemsSynced_betweenMemoryAndPersistence]' passed (0.000 seconds).
Test Case '-[Yoga_of_EatingTests.JournalBlockViewTests test_multipleAIAnalyses_preserveMealItems]' started.
Test Case '-[Yoga_of_EatingTests.JournalBlockViewTests test_multipleAIAnalyses_preserveMealItems]' passed (0.000 seconds).
2026-05-15 06:36:21.067306+0530 Yoga of Eating[16228:131904] [[FirebaseCore]] 12.7.0 - [FirebaseCore][I-COR000003] The default Firebase app has not yet been configured. Add `FirebaseApp.configure()` to your application initialization. This can be done in in the App Delegate's application(_:didFinishLaunchingWithOptions:)` (or the `@main` struct's initializer in SwiftUI). Read more: https://firebase.google.com/docs/ios/setup#initialize_firebase_in_your_app
Test Case '-[Yoga_of_EatingTests.JournalBlockViewTests test_rapidMealUpdates_preserveLatestItems]' started.
2026-05-15 06:36:21.067867+0530 Yoga of Eating[16228:131904] [[FirebaseCore]] 12.7.0 - [FirebaseCore][I-COR000003] The default Firebase app has not yet been configured. Add `FirebaseApp.configure()` to your application initialization. This can be done in in the App Delegate's application(_:didFinishLaunchingWithOptions:)` (or the `@main` struct's initializer in SwiftUI). Read more: https://firebase.google.com/docs/ios/setup#initialize_firebase_in_your_app
Test Case '-[Yoga_of_EatingTests.JournalBlockViewTests test_rapidMealUpdates_preserveLatestItems]' passed (0.000 seconds).
Test Case '-[Yoga_of_EatingTests.JournalBlockViewTests test_updateMeal_preservesItems_whenSmileyStateChanges]' started.
2026-05-15 06:36:21.069221+0530 Yoga of Eating[16228:131896] [[FirebaseCore]] 12.7.0 - [FirebaseCore][I-COR000003] The default Firebase app has not yet been configured. Add `FirebaseApp.configure()` to your application initialization. This can be done in in the App Delegate's application(_:didFinishLaunchingWithOptions:)` (or the `@main` struct's initializer in SwiftUI). Read more: https://firebase.google.com/docs/ios/setup#initialize_firebase_in_your_app
Test Case '-[Yoga_of_EatingTests.JournalBlockViewTests test_updateMeal_preservesItems_whenSmileyStateChanges]' passed (0.000 seconds).
Test Suite 'JournalBlockViewTests' passed at 2026-05-15 06:36:21.069.
	 Executed 7 tests, with 0 failures (0 unexpected) in 0.005 (0.007) seconds
Test Suite 'MainViewModelAIAnalysisTests' started at 2026-05-15 06:36:21.070.
Test Case '-[Yoga_of_EatingTests.MainViewModelAIAnalysisTests test_contentMeaningfullyChanged_detectsRealChanges]' started.
2026-05-15 06:36:21.072846+0530 Yoga of Eating[16228:131896] [[FirebaseCore]] 12.7.0 - [FirebaseCore][I-COR000003] The default Firebase app has not yet been configured. Add `FirebaseApp.configure()` to your application initialization. This can be done in in the App Delegate's application(_:didFinishLaunchingWithOptions:)` (or the `@main` struct's initializer in SwiftUI). Read more: https://firebase.google.com/docs/ios/setup#initialize_firebase_in_your_app
Test Case '-[Yoga_of_EatingTests.MainViewModelAIAnalysisTests test_contentMeaningfullyChanged_detectsRealChanges]' passed (0.004 seconds).
Test Case '-[Yoga_of_EatingTests.MainViewModelAIAnalysisTests test_defaultMainViewModel_aiAnalysisGuardPasses]' started.
2026-05-15 06:36:21.074814+0530 Yoga of Eating[16228:131907] [[FirebaseCore]] 12.7.0 - [FirebaseCore][I-COR000003] The default Firebase app has not yet been configured. Add `FirebaseApp.configure()` to your application initialization. This can be done in in the App Delegate's application(_:didFinishLaunchingWithOptions:)` (or the `@main` struct's initializer in SwiftUI). Read more: https://firebase.google.com/docs/ios/setup#initialize_firebase_in_your_app
2026-05-15 06:36:21.077373+0530 Yoga of Eating[16228:131870] [AIAnalysisCoordinator] AI analysis failed (meal redacted for privacy)
2026-05-15 06:36:21.077511+0530 Yoga of Eating[16228:131870] [AIAnalysisCoordinator] AI analysis failed (meal redacted for privacy)
2026-05-15 06:36:21.077593+0530 Yoga of Eating[16228:131870] [AIAnalysisCoordinator] AI analysis failed (meal redacted for privacy)
2026-05-15 06:36:21.091037+0530 Yoga of Eating[16228:131870] [HistoricalSync] Restore attempted without authenticated user
2026-05-15 06:36:21.091450+0530 Yoga of Eating[16228:131904] [[FirebaseCore]] 12.7.0 - [FirebaseCore][I-COR000003] The default Firebase app has not yet been configured. Add `FirebaseApp.configure()` to your application initialization. This can be done in in the App Delegate's application(_:didFinishLaunchingWithOptions:)` (or the `@main` struct's initializer in SwiftUI). Read more: https://firebase.google.com/docs/ios/setup#initialize_firebase_in_your_app
Test Case '-[Yoga_of_EatingTests.MainViewModelAIAnalysisTests test_defaultMainViewModel_aiAnalysisGuardPasses]' passed (0.018 seconds).
Test Case '-[Yoga_of_EatingTests.MainViewModelAIAnalysisTests test_defaultMainViewModel_usesAIAnalysisProvider]' started.
2026-05-15 06:36:21.093273+0530 Yoga of Eating[16228:131907] [[FirebaseCore]] 12.7.0 - [FirebaseCore][I-COR000003] The default Firebase app has not yet been configured. Add `FirebaseApp.configure()` to your application initialization. This can be done in in the App Delegate's application(_:didFinishLaunchingWithOptions:)` (or the `@main` struct's initializer in SwiftUI). Read more: https://firebase.google.com/docs/ios/setup#initialize_firebase_in_your_app
2026-05-15 06:36:21.093487+0530 Yoga of Eating[16228:131907] [[FirebaseCore]] 12.7.0 - [FirebaseCore][I-COR000003] The default Firebase app has not yet been configured. Add `FirebaseApp.configure()` to your application initialization. This can be done in in the App Delegate's application(_:didFinishLaunchingWithOptions:)` (or the `@main` struct's initializer in SwiftUI). Read more: https://firebase.google.com/docs/ios/setup#initialize_firebase_in_your_app
2026-05-15 06:36:21.093805+0530 Yoga of Eating[16228:131907] [[FirebaseCore]] 12.7.0 - [FirebaseCore][I-COR000003] The default Firebase app has not yet been configured. Add `FirebaseApp.configure()` to your application initialization. This can be done in in the App Delegate's application(_:didFinishLaunchingWithOptions:)` (or the `@main` struct's initializer in SwiftUI). Read more: https://firebase.google.com/docs/ios/setup#initialize_firebase_in_your_app
Test Case '-[Yoga_of_EatingTests.MainViewModelAIAnalysisTests test_defaultMainViewModel_usesAIAnalysisProvider]' passed (0.002 seconds).
Test Case '-[Yoga_of_EatingTests.MainViewModelAIAnalysisTests test_isAIAnalyzed_persistsAfterSave]' started.
2026-05-15 06:36:21.094967+0530 Yoga of Eating[16228:131914] [[FirebaseCore]] 12.7.0 - [FirebaseCore][I-COR000003] The default Firebase app has not yet been configured. Add `FirebaseApp.configure()` to your application initialization. This can be done in in the App Delegate's application(_:didFinishLaunchingWithOptions:)` (or the `@main` struct's initializer in SwiftUI). Read more: https://firebase.google.com/docs/ios/setup#initialize_firebase_in_your_app
2026-05-15 06:36:21.099976+0530 Yoga of Eating[16228:131907] [ActivityData] Energy query failed: Authorization not determined
2026-05-15 06:36:21.100086+0530 Yoga of Eating[16228:131907] [ActivityData] Energy query failed: Authorization not determined
2026-05-15 06:36:21.105353+0530 Yoga of Eating[16228:131870] [HistoricalSync] Restore attempted without authenticated user
Test Case '-[Yoga_of_EatingTests.MainViewModelAIAnalysisTests test_isAIAnalyzed_persistsAfterSave]' passed (0.011 seconds).
Test Case '-[Yoga_of_EatingTests.MainViewModelAIAnalysisTests test_newMeal_isAIAnalyzed_defaultsFalse]' started.
2026-05-15 06:36:21.106518+0530 Yoga of Eating[16228:131907] [[FirebaseCore]] 12.7.0 - [FirebaseCore][I-COR000003] The default Firebase app has not yet been configured. Add `FirebaseApp.configure()` to your application initialization. This can be done in in the App Delegate's application(_:didFinishLaunchingWithOptions:)` (or the `@main` struct's initializer in SwiftUI). Read more: https://firebase.google.com/docs/ios/setup#initialize_firebase_in_your_app
Test Case '-[Yoga_of_EatingTests.MainViewModelAIAnalysisTests test_newMeal_isAIAnalyzed_defaultsFalse]' passed (0.001 seconds).
Test Case '-[Yoga_of_EatingTests.MainViewModelAIAnalysisTests test_normalizeContent_removesWhitespace]' started.
Test Case '-[Yoga_of_EatingTests.MainViewModelAIAnalysisTests test_normalizeContent_removesWhitespace]' passed (0.001 seconds).
2026-05-15 06:36:21.107315+0530 Yoga of Eating[16228:131907] [[FirebaseCore]] 12.7.0 - [FirebaseCore][I-COR000003] The default Firebase app has not yet been configured. Add `FirebaseApp.configure()` to your application initialization. This can be done in in the App Delegate's application(_:didFinishLaunchingWithOptions:)` (or the `@main` struct's initializer in SwiftUI). Read more: https://firebase.google.com/docs/ios/setup#initialize_firebase_in_your_app
Test Case '-[Yoga_of_EatingTests.MainViewModelAIAnalysisTests test_performDeepAnalysis_allowsSequentialRequestsAfterCompletion]' started.
2026-05-15 06:36:21.107915+0530 Yoga of Eating[16228:131907] [[FirebaseCore]] 12.7.0 - [FirebaseCore][I-COR000003] The default Firebase app has not yet been configured. Add `FirebaseApp.configure()` to your application initialization. This can be done in in the App Delegate's application(_:didFinishLaunchingWithOptions:)` (or the `@main` struct's initializer in SwiftUI). Read more: https://firebase.google.com/docs/ios/setup#initialize_firebase_in_your_app
2026-05-15 06:36:21.141872+0530 Yoga of Eating[16228:131870] [HistoricalSync] Restore attempted without authenticated user
Test Case '-[Yoga_of_EatingTests.MainViewModelAIAnalysisTests test_performDeepAnalysis_allowsSequentialRequestsAfterCompletion]' passed (0.035 seconds).
2026-05-15 06:36:21.142513+0530 Yoga of Eating[16228:131896] [ActivityData] Energy query failed: Authorization not determined
2026-05-15 06:36:21.142577+0530 Yoga of Eating[16228:131913] [ActivityData] Energy query failed: Authorization not determined
Test Case '-[Yoga_of_EatingTests.MainViewModelAIAnalysisTests test_performDeepAnalysis_analyzesUnanalyzedMeal]' started.
2026-05-15 06:36:21.143208+0530 Yoga of Eating[16228:131896] [[FirebaseCore]] 12.7.0 - [FirebaseCore][I-COR000003] The default Firebase app has not yet been configured. Add `FirebaseApp.configure()` to your application initialization. This can be done in in the App Delegate's application(_:didFinishLaunchingWithOptions:)` (or the `@main` struct's initializer in SwiftUI). Read more: https://firebase.google.com/docs/ios/setup#initialize_firebase_in_your_app
2026-05-15 06:36:21.143394+0530 Yoga of Eating[16228:131870] [MainViewModel.Lifecycle] Activity data refreshed
2026-05-15 06:36:21.143596+0530 Yoga of Eating[16228:131870] [HistoricalSync] Restore attempted without authenticated user
Test Case '-[Yoga_of_EatingTests.MainViewModelAIAnalysisTests test_performDeepAnalysis_analyzesUnanalyzedMeal]' passed (0.001 seconds).
Test Case '-[Yoga_of_EatingTests.MainViewModelAIAnalysisTests test_performDeepAnalysis_doesNotSetIsAIAnalyzed_onError]' started.
2026-05-15 06:36:21.144247+0530 Yoga of Eating[16228:131907] [ActivityData] Energy query failed: Authorization not determined
2026-05-15 06:36:21.144295+0530 Yoga of Eating[16228:131907] [ActivityData] Energy query failed: Authorization not determined
2026-05-15 06:36:21.144553+0530 Yoga of Eating[16228:131870] [MainViewModel.Lifecycle] Activity data refreshed
2026-05-15 06:36:21.144728+0530 Yoga of Eating[16228:131870] [HistoricalSync] Restore attempted without authenticated user
2026-05-15 06:36:21.144849+0530 Yoga of Eating[16228:131870] [AIAnalysis] AI analysis failed (meal redacted for privacy)
Test Case '-[Yoga_of_EatingTests.MainViewModelAIAnalysisTests test_performDeepAnalysis_doesNotSetIsAIAnalyzed_onError]' passed (0.001 seconds).
Test Case '-[Yoga_of_EatingTests.MainViewModelAIAnalysisTests test_performDeepAnalysis_fallsBack_onAIError]' started.
2026-05-15 06:36:21.145420+0530 Yoga of Eating[16228:131904] [ActivityData] Energy query failed: Authorization not determined
2026-05-15 06:36:21.145523+0530 Yoga of Eating[16228:131904] [ActivityData] Energy query failed: Authorization not determined
2026-05-15 06:36:21.145865+0530 Yoga of Eating[16228:131870] [MainViewModel.Lifecycle] Activity data refreshed
2026-05-15 06:36:21.146031+0530 Yoga of Eating[16228:131870] [HistoricalSync] Restore attempted without authenticated user
2026-05-15 06:36:21.146123+0530 Yoga of Eating[16228:131870] [AIAnalysis] AI analysis failed (meal redacted for privacy)
Test Case '-[Yoga_of_EatingTests.MainViewModelAIAnalysisTests test_performDeepAnalysis_fallsBack_onAIError]' passed (0.001 seconds).
Test Case '-[Yoga_of_EatingTests.MainViewModelAIAnalysisTests test_performDeepAnalysis_preventsConcurrentDuplicateRequests]' started.
2026-05-15 06:36:21.146709+0530 Yoga of Eating[16228:131896] [ActivityData] Energy query failed: Authorization not determined
2026-05-15 06:36:21.146872+0530 Yoga of Eating[16228:131898] [ActivityData] Energy query failed: Authorization not determined
2026-05-15 06:36:21.146947+0530 Yoga of Eating[16228:131870] [MainViewModel.Lifecycle] Activity data refreshed
2026-05-15 06:36:21.147089+0530 Yoga of Eating[16228:131870] [HistoricalSync] Restore attempted without authenticated user
2026-05-15 06:36:21.147400+0530 Yoga of Eating[16228:131870] [HistoricalSync] Restore attempted without authenticated user
2026-05-15 06:36:21.148215+0530 Yoga of Eating[16228:131914] [ActivityData] Energy query failed: Authorization not determined
2026-05-15 06:36:21.148443+0530 Yoga of Eating[16228:131902] [ActivityData] Energy query failed: Authorization not determined
2026-05-15 06:36:21.148517+0530 Yoga of Eating[16228:131902] [ActivityData] Energy query failed: Authorization not determined
2026-05-15 06:36:21.148729+0530 Yoga of Eating[16228:131870] [MainViewModel.Lifecycle] Activity data refreshed
2026-05-15 06:36:21.148836+0530 Yoga of Eating[16228:131913] [ActivityData] Energy query failed: Authorization not determined
2026-05-15 06:36:21.147650+0530 Yoga of Eating[16228:131907] [[FirebaseCore]] 12.7.0 - [FirebaseCore][I-COR000003] The default Firebase app has not yet been configured. Add `FirebaseApp.configure()` to your application initialization. This can be done in in the App Delegate's application(_:didFinishLaunchingWithOptions:)` (or the `@main` struct's initializer in SwiftUI). Read more: https://firebase.google.com/docs/ios/setup#initialize_firebase_in_your_app
2026-05-15 06:36:21.149894+0530 Yoga of Eating[16228:131898] [ActivityData] Energy query failed: Authorization not determined
2026-05-15 06:36:21.150051+0530 Yoga of Eating[16228:131870] [MainViewModel.Lifecycle] Activity data refreshed
2026-05-15 06:36:21.150135+0530 Yoga of Eating[16228:131870] [MainViewModel.Lifecycle] Activity data refreshed
2026-05-15 06:36:21.149998+0530 Yoga of Eating[16228:131907] [[FirebaseCore]] 12.7.0 - [FirebaseCore][I-COR000003] The default Firebase app has not yet been configured. Add `FirebaseApp.configure()` to your application initialization. This can be done in in the App Delegate's application(_:didFinishLaunchingWithOptions:)` (or the `@main` struct's initializer in SwiftUI). Read more: https://firebase.google.com/docs/ios/setup#initialize_firebase_in_your_app
2026-05-15 06:36:21.150346+0530 Yoga of Eating[16228:131904] [ActivityData] Energy query failed: Authorization not determined
2026-05-15 06:36:21.150283+0530 Yoga of Eating[16228:131907] [[FirebaseCore]] 12.7.0 - [FirebaseCore][I-COR000003] The default Firebase app has not yet been configured. Add `FirebaseApp.configure()` to your application initialization. This can be done in in the App Delegate's application(_:didFinishLaunchingWithOptions:)` (or the `@main` struct's initializer in SwiftUI). Read more: https://firebase.google.com/docs/ios/setup#initialize_firebase_in_your_app
2026-05-15 06:36:21.150425+0530 Yoga of Eating[16228:131870] [MainViewModel.Lifecycle] Activity data refreshed
2026-05-15 06:36:21.150521+0530 Yoga of Eating[16228:131907] [[FirebaseCore]] 12.7.0 - [FirebaseCore][I-COR000003] The default Firebase app has not yet been configured. Add `FirebaseApp.configure()` to your application initialization. This can be done in in the App Delegate's application(_:didFinishLaunchingWithOptions:)` (or the `@main` struct's initializer in SwiftUI). Read more: https://firebase.google.com/docs/ios/setup#initialize_firebase_in_your_app
Test Case '-[Yoga_of_EatingTests.MainViewModelAIAnalysisTests test_performDeepAnalysis_preventsConcurrentDuplicateRequests]' passed (0.107 seconds).
Test Case '-[Yoga_of_EatingTests.MainViewModelAIAnalysisTests test_performDeepAnalysis_proceeds_whenContentMeaningfullyChanged]' started.
2026-05-15 06:36:21.254753+0530 Yoga of Eating[16228:131870] [HistoricalSync] Restore attempted without authenticated user
Test Case '-[Yoga_of_EatingTests.MainViewModelAIAnalysisTests test_performDeepAnalysis_proceeds_whenContentMeaningfullyChanged]' passed (0.002 seconds).
Test Case '-[Yoga_of_EatingTests.MainViewModelAIAnalysisTests test_performDeepAnalysis_proceeds_whenContentSufficient]' started.
2026-05-15 06:36:21.256160+0530 Yoga of Eating[16228:131870] [HistoricalSync] Restore attempted without authenticated user
Test Case '-[Yoga_of_EatingTests.MainViewModelAIAnalysisTests test_performDeepAnalysis_proceeds_whenContentSufficient]' passed (0.001 seconds).
Test Case '-[Yoga_of_EatingTests.MainViewModelAIAnalysisTests test_performDeepAnalysis_returnsEarly_whenMealNotFound]' started.
2026-05-15 06:36:21.256747+0530 Yoga of Eating[16228:131907] [ActivityData] Energy query failed: Authorization not determined
2026-05-15 06:36:21.256849+0530 Yoga of Eating[16228:131907] [ActivityData] Energy query failed: Authorization not determined
2026-05-15 06:36:21.257283+0530 Yoga of Eating[16228:131870] [HistoricalSync] Restore attempted without authenticated user
Test Case '-[Yoga_of_EatingTests.MainViewModelAIAnalysisTests test_performDeepAnalysis_returnsEarly_whenMealNotFound]' passed (0.001 seconds).
Test Case '-[Yoga_of_EatingTests.MainViewModelAIAnalysisTests test_performDeepAnalysis_setsIsAIAnalyzed_onSuccess]' started.
2026-05-15 06:36:21.258219+0530 Yoga of Eating[16228:131870] [MainViewModel.Lifecycle] Activity data refreshed
2026-05-15 06:36:21.258248+0530 Yoga of Eating[16228:131898] [ActivityData] Energy query failed: Authorization not determined
2026-05-15 06:36:21.258385+0530 Yoga of Eating[16228:131870] [HistoricalSync] Restore attempted without authenticated user
2026-05-15 06:36:21.258385+0530 Yoga of Eating[16228:131898] [ActivityData] Energy query failed: Authorization not determined
Test Case '-[Yoga_of_EatingTests.MainViewModelAIAnalysisTests test_performDeepAnalysis_setsIsAIAnalyzed_onSuccess]' passed (0.001 seconds).
Test Case '-[Yoga_of_EatingTests.MainViewModelAIAnalysisTests test_performDeepAnalysis_skipsAlreadyAnalyzedMeal]' started.
2026-05-15 06:36:21.259285+0530 Yoga of Eating[16228:131902] [ActivityData] Energy query failed: Authorization not determined
2026-05-15 06:36:21.259535+0530 Yoga of Eating[16228:131870] [HistoricalSync] Restore attempted without authenticated user
2026-05-15 06:36:21.259559+0530 Yoga of Eating[16228:131907] [ActivityData] Energy query failed: Authorization not determined
Test Case '-[Yoga_of_EatingTests.MainViewModelAIAnalysisTests test_performDeepAnalysis_skipsAlreadyAnalyzedMeal]' passed (0.001 seconds).
2026-05-15 06:36:21.260110+0530 Yoga of Eating[16228:131898] [ActivityData] Energy query failed: Authorization not determined
2026-05-15 06:36:21.260408+0530 Yoga of Eating[16228:131898] [ActivityData] Energy query failed: Authorization not determined
Test Case '-[Yoga_of_EatingTests.MainViewModelAIAnalysisTests test_performDeepAnalysis_skipsAnalysis_whenContentIdentical]' started.
2026-05-15 06:36:21.261032+0530 Yoga of Eating[16228:131870] [MainViewModel.Lifecycle] Activity data refreshed
2026-05-15 06:36:21.255846+0530 Yoga of Eating[16228:131914] [[FirebaseCore]] 12.7.0 - [FirebaseCore][I-COR000003] The default Firebase app has not yet been configured. Add `FirebaseApp.configure()` to your application initialization. This can be done in in the App Delegate's application(_:didFinishLaunchingWithOptions:)` (or the `@main` struct's initializer in SwiftUI). Read more: https://firebase.google.com/docs/ios/setup#initialize_firebase_in_your_app
2026-05-15 06:36:21.261219+0530 Yoga of Eating[16228:131870] [HistoricalSync] Restore attempted without authenticated user
2026-05-15 06:36:21.261527+0530 Yoga of Eating[16228:131904] [ActivityData] Energy query failed: Authorization not determined
Test Case '-[Yoga_of_EatingTests.MainViewModelAIAnalysisTests test_performDeepAnalysis_skipsAnalysis_whenContentIdentical]' passed (0.001 seconds).
2026-05-15 06:36:21.261648+0530 Yoga 2026-05-15 06:36:21.262146+0530 Yoga of Eating[16228:131914] [[FirebaseCore]] 12.7.0 - [FirebaseCore][I-COR000003] The default Firebase app has not yet been configured. Add `FirebaseApp.configure()` to your application initialization. This can be done in in the App Delegate's application(_:didFinishLaunchingWithOptions:)` (or the `@main` struct's initializer in SwiftUI). Read more: https://firebase.google.com/docs/ios/setup#initialize_firebase_in_your_app
Test Case '-[Yoga_of_EatingTests.MainViewModelAIAnalysisTests test_performDeepAnalysis_skipsAnalysis_whenContentTooShort]' started.
of Eating[16228:131904] [ActivityData] Energy query failed: Authorization not determined
2026-05-15 06:36:21.264290+0530 Yoga of Eating[16228:131870] [MainViewModel.Lifecycle] Activity data refreshed
2026-05-15 06:36:21.264324+0530 Yoga of Eating[16228:131870] [MainViewModel.Lifecycle] Activity data refreshed
2026-05-15 06:36:21.264255+0530 Yoga of Eating[16228:131914] [[FirebaseCore]] 12.7.0 - [FirebaseCore][I-COR000003] The default Firebase app has not yet been configured. Add `FirebaseApp.configure()` to your application initialization. This can be done in in the App Delegate's application(_:didFinishLaunchingWithOptions:)` (or the `@main` struct's initializer in SwiftUI). Read more: https://firebase.google.com/docs/ios/setup#initialize_firebase_in_your_app
2026-05-15 06:36:21.264477+0530 Yoga of Eating[16228:131870] [HistoricalSync] Restore attempted without authenticated user
Test Case '-[Yoga_of_EatingTests.MainViewModelAIAnalysisTests test_performDeepAnalysis_skipsAnalysis_whenContentTooShort]' passed (0.003 seconds).
2026-05-15 06:36:21.264863+0530 Yoga of Eating[16228:131896] [ActivityData] Energy query failed: Authorization not determined
2026-05-15 06:36:21.264968+0530 Yoga of Eating[16228:131907] [ActivityData] Energy query failed: Authorization not determined
Test Case '-[Yoga_of_EatingTests.MainViewModelAIAnalysisTests test_performDeepAnalysis_skipsAnalysis_whenMultipleItemsTooShort]' started.
2026-05-15 06:36:21.265289+0530 Yoga of Eating[16228:131870] [MainViewModel.Lifecycle] Activity data refreshed
2026-05-15 06:36:21.265477+0530 Yoga of Eating[16228:131870] [HistoricalSync] Restore attempted without authenticated user
Test Case '-[Yoga_of_EatingTests.MainViewModelAIAnalysisTests test_performDeepAnalysis_skipsAnalysis_whenMultipleItemsTooShort]' passed (0.001 seconds).
2026-05-15 06:36:21.265839+0530 Yoga of Eating[16228:131898] [ActivityData] Energy query failed: Authorization not determined
2026-05-15 06:36:21.265981+0530 Yoga of Eating[16228:131907] [ActivityData] Energy query failed: Authorization not determined
Test Case '-[Yoga_of_EatingTests.MainViewModelAIAnalysisTests test_performDeepAnalysis_updatesHealthScore_onSuccess]' started.
2026-05-15 06:36:21.266575+0530 Yoga of Eating[16228:131870] [MainViewModel.Lifecycle] Activity data refreshed
2026-05-15 06:36:21.266555+0530 Yoga of Eating[16228:131914] [[FirebaseCore]] 12.7.0 - [FirebaseCore][I-COR000003] The default Firebase app has not yet been configured. Add `FirebaseApp.configure()` to your application initialization. This can be done in in the App Delegate's application(_:didFinishLaunchingWithOptions:)` (or the `@main` struct's initializer in SwiftUI). Read more: https://firebase.google.com/docs/ios/setup#initialize_firebase_in_your_app
2026-05-15 06:36:21.266738+0530 Yoga of Eating[16228:131870] [HistoricalSync] Restore attempted without authenticated user
Test Case '-[Yoga_of_EatingTests.MainViewModelAIAnalysisTests test_performDeepAnalysis_updatesHealthScore_onSuccess]' passed (0.001 seconds).
2026-05-15 06:36:21.267155+0530 Yoga of Eating[16228:131907] [ActivityData] Energy query failed: Authorization not determined
2026-05-15 06:36:21.267293+0530 Yoga of Eating[16228:131913] [ActivityData] Energy query failed: Authorization not determined
Test Case '-[Yoga_of_EatingTests.MainViewModelAIAnalysisTests test_performDeepAnalysis_updatesSmileyState_onSuccess]' started.
2026-05-15 06:36:21.267647+0530 Yoga of Eating[16228:131870] [MainViewModel.Lifecycle] Activity data refreshed
2026-05-15 06:36:21.267828+0530 Yoga of Eating[16228:131870] [HistoricalSync] Restore attempted without authenticated user
2026-05-15 06:36:21.268267+0530 Yoga of Eating[16228:131898] [ActivityData] Energy query failed: Authorization not determined
2026-05-15 06:36:21.268395+0530 Yoga of Eating[16228:131898] [ActivityData] Energy query failed: Authorization not determined
2026-05-15 06:36:21.268420+0530 Yoga of Eating[16228:131914] [[FirebaseCore]] 12.7.0 - [FirebaseCore][I-COR000003] The default Firebase app has not yet been configured. Add `FirebaseApp.configure()` to your application initialization. This can be done in in the App Delegate's application(_:didFinishLaunchingWithOptions:)` (or the `@main` struct's initializer in SwiftUI). Read more: https://firebase.google.com/docs/ios/setup#initialize_firebase_in_your_app
2026-05-15 06:36:21.269269+0530 Yoga of Eating[16228:131914] [[FirebaseCore]] 12.7.0 - [FirebaseCore][I-COR000003] The default Firebase app has not yet been configured. Add `FirebaseApp.configure()` to your application initialization. This can be done in in the App Delegate's application(_:didFinishLaunchingWithOptions:)` (or the `@main` struct's initializer in SwiftUI). Read more: https://firebase.google.com/docs/ios/setup#initialize_firebase_in_your_app
2026-05-15 06:36:21.269426+0530 Yoga of Eating[16228:131914] [[FirebaseCore]] 12.7.0 - [FirebaseCore][I-COR000003] The default Firebase app has not yet been configured. Add `FirebaseApp.configure()` to your application initialization. This can be done in in the App Delegate's application(_:didFinishLaunchingWithOptions:)` (or the `@main` struct's initializer in SwiftUI). Read more: https://firebase.google.com/docs/ios/setup#initialize_firebase_in_your_app
2026-05-15 06:36:21.269481+0530 Yoga of Eating[16228:131914] [[FirebaseCore]] 12.7.0 - [FirebaseCore][I-COR000003] The default Firebase app has not yet been configured. Add `FirebaseApp.configure()` to your application initialization. This can be done in in the App Delegate's application(_:didFinishLaunchingWithOptions:)` (or the `@main` struct's initializer in SwiftUI). Read more: https://firebase.google.com/docs/ios/setup#initialize_firebase_in_your_app
2026-05-15 06:36:21.269587+0530 Yoga of Eating[16228:131914] [[FirebaseCore]] 12.7.0 - [FirebaseCore][I-COR000003] The default Firebase app has not yet been configured. Add `FirebaseApp.configure()` to your application initialization. This can be done in in the App Delegate's application(_:didFinishLaunchingWithOptions:)` (or the `@main` struct's initializer in SwiftUI). Read more: https://firebase.google.com/docs/ios/setup#initialize_firebase_in_your_app
2026-05-15 06:36:21.269775+0530 Yoga of Eating[16228:131914] [[FirebaseCore]] 12.7.0 - [FirebaseCore][I-COR000003] The default Firebase app has not yet been configured. Add `FirebaseApp.configure()` to your application initialization. This can be done in in the App Delegate's application(_:didFinishLaunchingWithOptions:)` (or the `@main` struct's initializer in SwiftUI). Read more: https://firebase.google.com/docs/ios/setup#initialize_firebase_in_your_app
Test Case '-[Yoga_of_EatingTests.MainViewModelAIAnalysisTests test_performDeepAnalysis_updatesSmileyState_onSuccess]' passed (0.009 seconds).
Test Case '-[Yoga_of_EatingTests.MainViewModelAIAnalysisTests test_performDeepAnalysis_usesAtomicInsertionForRaceConditionPrevention]' started.
2026-05-15 06:36:21.277372+0530 Yoga of Eating[16228:131914] [[FirebaseCore]] 12.7.0 - [FirebaseCore][I-COR000003] The default Firebase app has not yet been configured. Add `FirebaseApp.configure()` to your application initialization. This can be done in in the App Delegate's application(_:didFinishLaunchingWithOptions:)` (or the `@main` struct's initializer in SwiftUI). Read more: https://firebase.google.com/docs/ios/setup#initialize_firebase_in_your_app
2026-05-15 06:36:21.277653+0530 Yoga of Eating[16228:131870] [MainViewModel.Lifecycle] Activity data refreshed
2026-05-15 06:36:21.277919+0530 Yoga of Eating[16228:131870] [HistoricalSync] Restore attempted without authenticated user
2026-05-15 06:36:21.278207+0530 Yoga of Eating[16228:131870] [MainViewModel.Lifecycle] Activity data refreshed
2026-05-15 06:36:21.278370+0530 Yoga of Eating[16228:131870] [HistoricalSync] Restore attempted without authenticated user
2026-05-15 06:36:21.278618+0530 Yoga of Eating[16228:131906] [ActivityData] Energy query failed: Authorization not determined
2026-05-15 06:36:21.278883+0530 Yoga of Eating[16228:131914] [ActivityData] Energy query failed: Authorization not determined
2026-05-15 06:36:21.278980+0530 Yoga of Eating[16228:131870] [MainViewModel.Lifecycle] Activity data refreshed
2026-05-15 06:36:21.279153+0530 Yoga of Eating[16228:131914] [ActivityData] Energy query failed: Authorization not determined
2026-05-15 06:36:21.279362+0530 Yoga of Eating[16228:131896] [ActivityData] Energy query failed: Authorization not determined
2026-05-15 06:36:21.279085+0530 Yoga of Eating[16228:131902] [[FirebaseCore]] 12.7.0 - [FirebaseCore][I-COR000003] The default Firebase app has not yet been configured. Add `FirebaseApp.configure()` to your application initialization. This can be done in in the App Delegate's application(_:didFinishLaunchingWithOptions:)` (or the `@main` struct's initializer in SwiftUI). Read more: https://firebase.google.com/docs/ios/setup#initialize_firebase_in_your_app
2026-05-15 06:36:21.279461+0530 Yoga of Eating[16228:131870] [MainViewModel.Lifecycle] Activity data refreshed
2026-05-15 06:36:21.279802+0530 Yoga of Eating[16228:131902] [ActivityData] Energy query failed: Authorization not determined
2026-05-15 06:36:21.279966+0530 Yoga of Eating[16228:131902] [ActivityData] Energy query failed: Authorization not determined
2026-05-15 06:36:21.280076+0530 Yoga of Eating[16228:131870] [MainViewModel.Lifecycle] Activity data refreshed
Test Case '-[Yoga_of_EatingTests.MainViewModelAIAnalysisTests test_performDeepAnalysis_usesAtomicInsertionForRaceConditionPrevention]' passed (0.109 seconds).
Test Case '-[Yoga_of_EatingTests.MainViewModelAIAnalysisTests test_performDeepAnalysis_usesLocalScore_whenServiceNotAI]' started.
2026-05-15 06:36:21.387403+0530 Yoga of Eating[16228:131870] [HistoricalSync] Restore attempted without authenticated user
2026-05-15 06:36:21.389842+0530 Yoga of Eating[16228:131906] [[FirebaseCore]] 12.7.0 - [FirebaseCore][I-COR000003] The default Firebase app has not yet been configured. Add `FirebaseApp.configure()` to your application initialization. This can be done in in the App Delegate's application(_:didFinishLaunchingWithOptions:)` (or the `@main` struct's initializer in SwiftUI). Read more: https://firebase.google.com/docs/ios/setup#initialize_firebase_in_your_app
2026-05-15 06:36:21.390092+0530 Yoga of Eating[16228:131906] [[FirebaseCore]] 12.7.0 - [FirebaseCore][I-COR000003] The default Firebase app has not yet been configured. Add `FirebaseApp.configure()` to your application initialization. This can be done in in the App Delegate's application(_:didFinishLaunchingWithOptions:)` (or the `@main` struct's initializer in SwiftUI). Read more: https://firebase.google.com/docs/ios/setup#initialize_firebase_in_your_app
2026-05-15 06:36:21.412954+0530 Yoga of Eating[16228:131870] [plugin] AddInstanceForFactory: No factory registered for id <CFUUID 0x10db3fe60> F8BB1C28-BAE8-11D6-9C31-00039315CD46
Test Case '-[Yoga_of_EatingTests.MainViewModelAIAnalysisTests test_performDeepAnalysis_usesLocalScore_whenServiceNotAI]' passed (0.041 seconds).
Test Case '-[Yoga_of_EatingTests.MainViewModelAIAnalysisTests test_reanalyzeAllMealsForSmileyState_allAnalyzedMeals_stillWorks]' started.
2026-05-15 06:36:21.428320+0530 Yoga of Eating[16228:131870] [HistoricalSync] Restore attempted without authenticated user
Test Case '-[Yoga_of_EatingTests.MainViewModelAIAnalysisTests test_reanalyzeAllMealsForSmileyState_allAnalyzedMeals_stillWorks]' passed (0.001 seconds).
Test Case '-[Yoga_of_EatingTests.MainViewModelAIAnalysisTests test_reanalyzeAllMealsForSmileyState_calculatesAverage_correctly]' started.
2026-05-15 06:36:21.429057+0530 Yoga of Eating[16228:131896] [ActivityData] Energy query failed: Authorization not determined
2026-05-15 06:36:21.429199+0530 Yoga of Eating[16228:131896] [ActivityData] Energy query failed: Authorization not determined
2026-05-15 06:36:21.429637+0530 Yoga of Eating[16228:131870] [HistoricalSync] Restore attempted without authenticated user
Test Case '-[Yoga_of_EatingTests.MainViewModelAIAnalysisTests test_reanalyzeAllMealsForSmileyState_calculatesAverage_correctly]' passed (0.001 seconds).
Test Case '-[Yoga_of_EatingTests.MainViewModelAIAnalysisTests test_reanalyzeAllMealsForSmileyState_doesNothing_whenMealsEmpty]' started.
2026-05-15 06:36:21.428007+0530 Yoga of Eating[16228:131906] [[FirebaseCore]] 12.7.0 - [FirebaseCore][I-COR000003] The default Firebase app has not yet been configured. Add `FirebaseApp.configure()` to your application initialization. This can be done in in the App Delegate's application(_:didFinishLaunchingWithOptions:)` (or the `@main` struct's initializer in SwiftUI). Read more: https://firebase.google.com/docs/ios/setup#initialize_firebase_in_your_app
2026-05-15 06:36:21.430698+0530 Yoga of Eating[16228:131870] [MainViewModel.Lifecycle] Activity data refreshed
2026-05-15 06:36:21.430883+0530 Yoga of Eating[16228:131870] [HistoricalSync] Restore attempted without authenticated user
2026-05-15 06:36:21.431075+0530 Yoga of Eating[16228:131902] [ActivityData] Energy query failed: Authorization not determined
Test Case '-[Yoga_of_EatingTests.MainViewModelAIAnalysisTests test_reanalyzeAllMealsForSmileyState_doesNothing_whenMealsEmpty]' passed (0.001 seconds).
2026-05-15 06:36:21.431395+0530 Yoga of Eating[16228:131899] [ActivityData] Energy query failed: Authorization not determined
Test Case '-[Yoga_of_EatingTests.MainViewModelAIAnalysisTests test_reanalyzeAllMealsForSmileyState_filtersOutUnanalyzedMeals]' started.
2026-05-15 06:36:21.431803+0530 Yoga of Eating[16228:131907] [ActivityData] Energy query failed: Authorization not determined
2026-05-15 06:36:21.431885+0530 Yoga of Eating[16228:131870] [HistoricalSync] Restore attempted without authenticated user
2026-05-15 06:36:21.431969+0530 Yoga of Eating[16228:131896] [ActivityData] Energy query failed: Authorization not determined
Test Case '-[Yoga_of_EatingTests.MainViewModelAIAnalysisTests test_reanalyzeAllMealsForSmileyState_filtersOutUnanalyzedMeals]' passed (0.001 seconds).
Test Case '-[Yoga_of_EatingTests.MainViewModelAIAnalysisTests test_reanalyzeAllMealsForSmileyState_naiveAverageWouldFail]' started.
2026-05-15 06:36:21.432695+0530 Yoga of Eating[16228:131870] [MainViewModel.Lifecycle] Activity data refreshed
2026-05-15 06:36:21.432862+0530 Yoga of Eating[16228:131870] [HistoricalSync] Restore attempted without authenticated user
Test Case '-[Yoga_of_EatingTests.MainViewModelAIAnalysisTests test_reanalyzeAllMealsForSmileyState_naiveAverageWouldFail]' passed (0.001 seconds).
2026-05-15 06:36:21.433249+0530 Yoga of Eating[16228:131907] [ActivityData] Energy query failed: Authorization not determined
Test Case '-[Yoga_of_EatingTests.MainViewModelAIAnalysisTests test_reanalyzeAllMealsForSmileyState_withOnlyUnanalyzedMeals_returnsNeutral]' started.
2026-05-15 06:36:21.433463+0530 Yoga of Eating[16228:131896] [ActivityData] Energy query failed: Authorization not determined
2026-05-15 06:36:21.433715+0530 Yoga of Eating[16228:131870] [MainViewModel.Lifecycle] Activity data refreshed
2026-05-15 06:36:21.433916+0530 Yoga of Eating[16228:131870] [HistoricalSync] Restore attempted without authenticated user
Test Case '-[Yoga_of_EatingTests.MainViewModelAIAnalysisTests test_reanalyzeAllMealsForSmileyState_withOnlyUnanalyzedMeals_returnsNeutral]' passed (0.001 seconds).
2026-05-15 06:36:21.434263+0530 Yoga of Eating[16228:131913] [ActivityData] Energy query failed: Authorization not determined
Test Case '-[Yoga_of_EatingTests.MainViewModelAIAnalysisTests test_triggerAIAnalysis_callsPerformDeepAnalysis]' started.
2026-05-15 06:36:21.434842+0530 Yoga of Eating[16228:131913] [ActivityData] Energy query failed: Authorization not determined
2026-05-15 06:36:21.434966+0530 Yoga of Eating[16228:131870] [MainViewModel.Lifecycle] Activity data refreshed
2026-05-15 06:36:21.435122+0530 Yoga of Eating[16228:131870] [HistoricalSync] Restore attempted without authenticated user
Test Case '-[Yoga_of_EatingTests.MainViewModelAIAnalysisTests test_triggerAIAnalysis_callsPerformDeepAnalysis]' passed (0.001 seconds).
Test Case '-[Yoga_of_EatingTests.MainViewModelAIAnalysisTests test_triggerAIAnalysis_resetsIsAIAnalyzedFlag]' started.
2026-05-15 06:36:21.436009+0530 Yoga of Eating[16228:131870] [MainViewModel.Lifecycle] Activity data refreshed
2026-05-15 06:36:21.436011+0530 Yoga of Eating[16228:131914] [ActivityData] Energy query failed: Authorization not determined
2026-05-15 06:36:21.436399+0530 Yoga of Eating[16228:131902] [ActivityData] Energy query failed: Authorization not determined
2026-05-15 06:36:21.436470+0530 Yoga of Eating[16228:131870] [HistoricalSync] Restore attempted without authenticated user
Test Case '-[Yoga_of_EatingTests.MainViewModelAIAnalysisTests test_triggerAIAnalysis_resetsIsAIAnalyzedFlag]' passed (0.001 seconds).
Test Case '-[Yoga_of_EatingTests.MainViewModelAIAnalysisTests test_triggerAIAnalysis_skipsIfContentTooShort]' started.
2026-05-15 06:36:21.437188+0530 Yoga of Eating[16228:131902] [ActivityData] Energy query failed: Authorization not determined
2026-05-15 06:36:21.437316+0530 Yoga of Eating[16228:131902] [ActivityData] Energy query failed: Authorization not determined
2026-05-15 06:36:21.437480+0530 Yoga of Eating[16228:131870] [HistoricalSync] Restore attempted without authenticated user
2026-05-15 06:36:21.437574+0530 Yoga of Eating[16228:131870] [MainViewModel.Lifecycle] Activity data refreshed
2026-05-15 06:36:21.437746+0530 Yoga of Eating[16228:131902] [ActivityData] Energy query failed: Authorization not determined
Test Case '-[Yoga_of_EatingTests.MainViewModelAIAnalysisTests test_triggerAIAnalysis_skipsIfContentTooShort]' passed (0.001 seconds).
2026-05-15 06:36:21.438080+0530 Yoga of Eating[16228:131907] [ActivityData] Energy query failed: Authorization not determined
2026-05-15 06:36:21.439991+0530 Yoga of Eating[16228:131907] [ActivityData] Energy query failed: Authorization not determined
2026-05-15 06:36:21.440017+0530 Yoga of Eating[16228:131907] [ActivityData] Energy query failed: Authorization not determined
Test Case '-[Yoga_of_EatingTests.MainViewModelAIAnalysisTests test_updateMeal_preservesAIAnalyzedFlag_whenItemsUnchanged]' started.
2026-05-15 06:36:21.440807+0530 Yoga of Eating[16228:131870] [MainViewModel.Lifecycle] Activity data refreshed
2026-05-15 06:36:21.440884+0530 Yoga of Eating[16228:131870] [HistoricalSync] Restore attempted without authenticated user
Test Case '-[Yoga_of_EatingTests.MainViewModelAIAnalysisTests test_updateMeal_preservesAIAnalyzedFlag_whenItemsUnchanged]' passed (0.001 seconds).
2026-05-15 06:36:21.441230+0530 Yoga of Eating[16228:131899] [ActivityData] Energy query failed: Authorization not determined
2026-05-15 06:36:21.441333+0530 Yoga of Eating[16228:131913] [ActivityData] Energy query failed: Authorization not determined
Test Case '-[Yoga_of_EatingTests.MainViewModelAIAnalysisTests test_updateMeal_resetsAIAnalyzedFlag_whenItemsChange]' started.
2026-05-15 06:36:21.441769+0530 Yoga of Eating[16228:131870] [MainViewModel.Lifecycle] Activity data refreshed
2026-05-15 06:36:21.441799+0530 Yoga of Eating[16228:131870] [MainViewModel.Lifecycle] Activity data refreshed
2026-05-15 06:36:21.442036+0530 Yoga of Eating[16228:131870] [HistoricalSync] Restore attempted without authenticated user
Test Case '-[Yoga_of_EatingTests.MainViewModelAIAnalysisTests test_updateMeal_resetsAIAnalyzedFlag_whenItemsChange]' passed (0.001 seconds).
Test Case '-[Yoga_of_EatingTests.MainViewModelAIAnalysisTests test_updateMeal_skipsAnalysis_whenItemsUnchanged]' started.
2026-05-15 06:36:21.442969+0530 Yoga of Eating[16228:131870] [MainViewModel.Lifecycle] Activity data refreshed
2026-05-15 06:36:21.443042+0530 Yoga of Eating[16228:131902] [ActivityData] Energy query failed: Authorization not determined
2026-05-15 06:36:21.443158+0530 Yoga of Eating[16228:131870] [HistoricalSync] Restore attempted without authenticated user
2026-05-15 06:36:21.443191+0530 Yoga of Eating[16228:131898] [ActivityData] Energy query failed: Authorization not determined
2026-05-15 06:36:21.443559+0530 Yoga of Eating[16228:131870] [MainViewModel.Lifecycle] Activity data refreshed
2026-05-15 06:36:21.444416+0530 Yoga of Eating[16228:131902] [ActivityData] Energy query failed: Authorization not determined
2026-05-15 06:36:21.444533+0530 Yoga of Eating[16228:131907] [ActivityData] Energy query failed: Authorization not determined
2026-05-15 06:36:21.444593+0530 Yoga of Eating[16228:131870] [MainViewModel.Lifecycle] Activity data refreshed
2026-05-15 06:36:21.444929+0530 Yoga of Eating[16228:131914] [ActivityData] Energy query failed: Authorization not determined
2026-05-15 06:36:21.445087+0530 Yoga of Eating[16228:131902] [ActivityData] Energy query failed: Authorization not determined
2026-05-15 06:36:21.445128+0530 Yoga of Eating[16228:131870] [MainViewModel.Lifecycle] Activity data refreshed
2026-05-15 06:36:21.442169+0530 Yoga of Eating[16228:131906] [[FirebaseCore]] 12.7.0 - [FirebaseCore][I-COR000003] The default Firebase app has not yet been configured. Add `FirebaseApp.configure()` to your application initialization. This can be done in in the App Delegate's application(_:didFinishLaunchingWithOptions:)` (or the `@main` struct's initializer in SwiftUI). Read more: https://firebase.google.com/docs/ios/setup#initialize_firebase_in_your_app
2026-05-15 06:36:21.445547+0530 Yoga of Eating[16228:131906] [[FirebaseCore]] 12.7.0 - [FirebaseCore][I-COR000003] The default Firebase app has not yet been configured. Add `FirebaseApp.configure()` to your application initialization. This can be done in in the App Delegate's application(_:didFinishLaunchingWithOptions:)` (or the `@main` struct's initializer in SwiftUI). Read more: https://firebase.google.com/docs/ios/setup#initialize_firebase_in_your_app
2026-05-15 06:36:21.445678+0530 Yoga of Eating[16228:131906] [[FirebaseCore]] 12.7.0 - [FirebaseCore][I-COR000003] The default Firebase app has not yet been configured. Add `FirebaseApp.configure()` to your application initialization. This can be done in in the App Delegate's application(_:didFinishLaunchingWithOptions:)` (or the `@main` struct's initializer in SwiftUI). Read more: https://firebase.google.com/docs/ios/setup#initialize_firebase_in_your_app
2026-05-15 06:36:21.445803+0530 Yoga of Eating[16228:131906] [[FirebaseCore]] 12.7.0 - [FirebaseCore][I-COR000003] The default Firebase app has not yet been configured. Add `FirebaseApp.configure()` to your application initialization. This can be done in in the App Delegate's application(_:didFinishLaunchingWithOptions:)` (or the `@main` struct's initializer in SwiftUI). Read more: https://firebase.google.com/docs/ios/setup#initialize_firebase_in_your_app
2026-05-15 06:36:21.445890+0530 Yoga of Eating[16228:131906] [[FirebaseCore]] 12.7.0 - [FirebaseCore][I-COR000003] The default Firebase app has not yet been configured. Add `FirebaseApp.configure()` to your application initialization. This can be done in in the App Delegate's application(_:didFinishLaunchingWithOptions:)` (or the `@main` struct's initializer in SwiftUI). Read more: https://firebase.google.com/docs/ios/setup#initialize_firebase_in_your_app
2026-05-15 06:36:21.445952+0530 Yoga of Eating[16228:131906] [[FirebaseCore]] 12.7.0 - [FirebaseCore][I-COR000003] The default Firebase app has not yet been configured. Add `FirebaseApp.configure()` to your application initialization. This can be done in in the App Delegate's application(_:didFinishLaunchingWithOptions:)` (or the `@main` struct's initializer in SwiftUI). Read more: https://firebase.google.com/docs/ios/setup#initialize_firebase_in_your_app
2026-05-15 06:36:21.446075+0530 Yoga of Eating[16228:131906] [[FirebaseCore]] 12.7.0 - [FirebaseCore][I-COR000003] The default Firebase app has not yet been configured. Add `FirebaseApp.configure()` to your application initialization. This can be done in in the App Delegate's application(_:didFinishLaunchingWithOptions:)` (or the `@main` struct's initializer in SwiftUI). Read more: https://firebase.google.com/docs/ios/setup#initialize_firebase_in_your_app
2026-05-15 06:36:21.446246+0530 Yoga of Eating[16228:131906] [[FirebaseCore]] 12.7.0 - [FirebaseCore][I-COR000003] The default Firebase app has not yet been configured. Add `FirebaseApp.configure()` to your application initialization. This can be done in in the App Delegate's application(_:didFinishLaunchingWithOptions:)` (or the `@main` struct's initializer in SwiftUI). Read more: https://firebase.google.com/docs/ios/setup#initialize_firebase_in_your_app
2026-05-15 06:36:21.446331+0530 Yoga of Eating[16228:131906] [[FirebaseCore]] 12.7.0 - [FirebaseCore][I-COR000003] The default Firebase app has not yet been configured. Add `FirebaseApp.configure()` to your application initialization. This can be done in in the App Delegate's application(_:didFinishLaunchingWithOptions:)` (or the `@main` struct's initializer in SwiftUI). Read more: https://firebase.google.com/docs/ios/setup#initialize_firebase_in_your_app
2026-05-15 06:36:21.446435+0530 Yoga of Eating[16228:131906] [[FirebaseCore]] 12.7.0 - [FirebaseCore][I-COR000003] The default Firebase app has not yet been configured. Add `FirebaseApp.configure()` to your application initialization. This can be done in in the App Delegate's application(_:didFinishLaunchingWithOptions:)` (or the `@main` struct's initializer in SwiftUI). Read more: https://firebase.google.com/docs/ios/setup#initialize_firebase_in_your_app
2026-05-15 06:36:21.446547+0530 Yoga of Eating[16228:131906] [[FirebaseCore]] 12.7.0 - [FirebaseCore][I-COR000003] The default Firebase app has not yet been configured. Add `FirebaseApp.configure()` to your application initialization. This can be done in in the App Delegate's application(_:didFinishLaunchingWithOptions:)` (or the `@main` struct's initializer in SwiftUI). Read more: https://firebase.google.com/docs/ios/setup#initialize_firebase_in_your_app
2026-05-15 06:36:21.446600+0530 Yoga of Eating[16228:131906] [[FirebaseCore]] 12.7.0 - [FirebaseCore][I-COR000003] The default Firebase app has not yet been configured. Add `FirebaseApp.configure()` to your application initialization. This can be done in in the App Delegate's application(_:didFinishLaunchingWithOptions:)` (or the `@main` struct's initializer in SwiftUI). Read more: https://firebase.google.com/docs/ios/setup#initialize_firebase_in_your_app
Test Case '-[Yoga_of_EatingTests.MainViewModelAIAnalysisTests test_updateMeal_skipsAnalysis_whenItemsUnchanged]' passed (0.108 seconds).
Test Case '-[Yoga_of_EatingTests.MainViewModelAIAnalysisTests test_updateMeal_triggersAI_onCheckmarkSubmission]' started.
2026-05-15 06:36:21.551207+0530 Yoga of Eating[16228:131902] [[FirebaseCore]] 12.7.0 - [FirebaseCore][I-COR000003] The default Firebase app has not yet been configured. Add `FirebaseApp.configure()` to your application initialization. This can be done in in the App Delegate's application(_:didFinishLaunchingWithOptions:)` (or the `@main` struct's initializer in SwiftUI). Read more: https://firebase.google.com/docs/ios/setup#initialize_firebase_in_your_app
2026-05-15 06:36:21.551436+0530 Yoga of Eating[16228:131870] [HistoricalSync] Restore attempted without authenticated user
2026-05-15 06:36:21.552332+0530 Yoga of Eating[16228:131906] [ActivityData] Energy query failed: Authorization not determined
2026-05-15 06:36:21.552699+0530 Yoga of Eating[16228:131907] [ActivityData] Energy query failed: Authorization not determined
2026-05-15 06:36:21.552752+0530 Yoga of Eating[16228:131870] [MainViewModel.Lifecycle] Activity data refreshed
Test Case '-[Yoga_of_EatingTests.MainViewModelAIAnalysisTests test_updateMeal_triggersAI_onCheckmarkSubmission]' passed (0.215 seconds).
Test Case '-[Yoga_of_EatingTests.MainViewModelAIAnalysisTests test_updateMealItems_skipsUpdate_whenOnlyWhitespaceChanged]' started.
2026-05-15 06:36:21.767242+0530 Yoga of Eating[16228:131913] [[FirebaseCore]] 12.7.0 - [FirebaseCore][I-COR000003] The default Firebase app has not yet been configured. Add `FirebaseApp.configure()` to your application initialization. This can be done in in the App Delegate's application(_:didFinishLaunchingWithOptions:)` (or the `@main` struct's initializer in SwiftUI). Read more: https://firebase.google.com/docs/ios/setup#initialize_firebase_in_your_app
2026-05-15 06:36:21.767708+0530 Yoga of Eating[16228:131870] [HistoricalSync] Restore attempted without authenticated user
2026-05-15 06:36:21.770111+0530 Yoga of Eating[16228:131902] [ActivityData] Energy query failed: Authorization not determined
2026-05-15 06:36:21.770688+0530 Yoga of Eating[16228:131902] [ActivityData] Energy query failed: Authorization not determined
2026-05-15 06:36:21.770876+0530 Yoga of Eating[16228:131870] [MainViewModel.Lifecycle] Activity data refreshed
Test Case '-[Yoga_of_EatingTests.MainViewModelAIAnalysisTests test_updateMealItems_skipsUpdate_whenOnlyWhitespaceChanged]' passed (0.207 seconds).
Test Suite 'MainViewModelAIAnalysisTests' passed at 2026-05-15 06:36:21.973.
	 Executed 37 tests, with 0 failures (0 unexpected) in 0.893 (0.904) seconds
Test Suite 'MainViewModelHighlightTests' started at 2026-05-15 06:36:21.974.
Test Case '-[Yoga_of_EatingTests.MainViewModelHighlightTests test_addHighlightTodo_appendsEntry]' started.
2026-05-15 06:36:21.974020+0530 Yoga of Eating[16228:131914] [[FirebaseCore]] 12.7.0 - [FirebaseCore][I-COR000003] The default Firebase app has not yet been configured. Add `FirebaseApp.configure()` to your application initialization. This can be done in in the App Delegate's application(_:didFinishLaunchingWithOptions:)` (or the `@main` struct's initializer in SwiftUI). Read more: https://firebase.google.com/docs/ios/setup#initialize_firebase_in_your_app
Test Case '-[Yoga_of_EatingTests.MainViewModelHighlightTests test_addHighlightTodo_appendsEntry]' passed (0.001 seconds).
Test Case '-[Yoga_of_EatingTests.MainViewModelHighlightTests test_addHighlightTodo_multipleEntries_allPersisted]' started.
2026-05-15 06:36:21.974754+0530 Yoga of Eating[16228:131906] [[FirebaseCore]] 12.7.0 - [FirebaseCore][I-COR000003] The default Firebase app has not yet been configured. Add `FirebaseApp.configure()` to your application initialization. This can be done in in the App Delegate's application(_:didFinishLaunchingWithOptions:)` (or the `@main` struct's initializer in SwiftUI). Read more: https://firebase.google.com/docs/ios/setup#initialize_firebase_in_your_app
Test Case '-[Yoga_of_EatingTests.MainViewModelHighlightTests test_addHighlightTodo_multipleEntries_allPersisted]' passed (0.000 seconds).
Test Case '-[Yoga_of_EatingTests.MainViewModelHighlightTests test_addHighlightTodo_noOp_whenNotViewingToday]' started.
Test Case '-[Yoga_of_EatingTests.MainViewModelHighlightTests test_addHighlightTodo_noOp_whenNotViewingToday]' passed (0.001 seconds).
Test Case '-[Yoga_of_EatingTests.MainViewModelHighlightTests test_addHighlightTodo_trimsWhitespace]' started.
2026-05-15 06:36:21.975547+0530 Yoga of Eating[16228:131914] [[FirebaseCore]] 12.7.0 - [FirebaseCore][I-COR000003] The default Firebase app has not yet been configured. Add `FirebaseApp.configure()` to your application initialization. This can be done in in the App Delegate's application(_:didFinishLaunchingWithOptions:)` (or the `@main` struct's initializer in SwiftUI). Read more: https://firebase.google.com/docs/ios/setup#initialize_firebase_in_your_app
Test Case '-[Yoga_of_EatingTests.MainViewModelHighlightTests test_addHighlightTodo_trimsWhitespace]' passed (0.000 seconds).
Test Case '-[Yoga_of_EatingTests.MainViewModelHighlightTests test_addHighlightTodo_whitespaceOnly_doesNotAdd]' started.
2026-05-15 06:36:21.976077+0530 Yoga of Eating[16228:131914] [[FirebaseCore]] 12.7.0 - [FirebaseCore][I-COR000003] The default Firebase app has not yet Test Case '-[Yoga_of_EatingTests.MainViewModelHighlightTests test_addHighlightTodo_whitespaceOnly_doesNotAdd]' passed (0.000 seconds).
been configured. Add `FirebaseApp.configure()` to your application initialization. This can be done in in the App Delegate's application(_:didFinishLaunchingWithOptions:)` (or the `@main` struct's initializer in SwiftUI). Read more: https://firebase.google.com/docs/ios/setup#initialize_firebase_in_your_app
Test Case '-[Yoga_of_EatingTests.MainViewModelHighlightTests test_removeHighlightTodo_noOp_whenNotViewingToday]' started.
2026-05-15 06:36:21.977472+0530 Yoga of Eating[16228:131914] [[FirebaseCore]] 12.7.0 - [FirebaseCore][I-COR000003] The default Firebase app has not yet been configured. Add `FirebaseApp.configure()` to your application initialization. This can be done in in the App Delegate's application(_:didFinishLaunchingWithOptions:)` (or the `@main` struct's initializer in SwiftUI). Read more: https://firebase.google.com/docs/ios/setup#initialize_firebase_in_your_app
Test Case '-[Yoga_of_EatingTests.MainViewModelHighlightTests test_removeHighlightTodo_noOp_whenNotViewingToday]' passed (0.000 seconds).
Test Case '-[Yoga_of_EatingTests.MainViewModelHighlightTests test_removeHighlightTodo_removesById]' started.
2026-05-15 06:36:21.978175+0530 Yoga of Eating[16228:131914] [[FirebaseCore]] 12.7.0 - [FirebaseCore][I-COR000003] The default Firebase app has not yet been configured. Add `FirebaseApp.configure()` to your application initialization. This can be done in in the App Delegate's application(_:didFinishLaunchingWithOptions:)` (or the `@main` struct's initializer in SwiftUI). Read more: https://firebase.google.com/docs/ios/setup#initialize_firebase_in_your_app
Test Case '-[Yoga_of_EatingTests.MainViewModelHighlightTests test_removeHighlightTodo_removesById]' passed (0.000 seconds).
Test Case '-[Yoga_of_EatingTests.MainViewModelHighlightTests test_removeHighlightTodo_unknownId_doesNothing]' started.
2026-05-15 06:36:21.978251+0530 Yoga of Eating[16228:131914] [[FirebaseCore]] 12.7.0 - [FirebaseCore][I-COR000003] The default Firebase app has not yet been configured. Add `FirebaseApp.configure()` to your application initialization. This can be done in in the App Delegate's application(_:didFinishLaunchingWithOptions:)` (or the `@main` struct's initializer in SwiftUI). Read more: https://firebase.google.com/docs/ios/setup#initialize_firebase_in_your_app
Test Case '-[Yoga_of_EatingTests.MainViewModelHighlightTests test_removeHighlightTodo_unknownId_doesNothing]' passed (0.002 seconds).
2026-05-15 06:36:21.980337+0530 Yoga of Eating[16228:131906] [[FirebaseCore]] 12.7.0 - [FirebaseCore][I-COR000003] The default Firebase app has not yet been configured. Add `FirebaseApp.configure()` to your application initialization. This can be done in in the App Delegate's application(_:didFinishLaunchingWithOptions:)` (or the `@main` struct's initializer in SwiftUI). Read more: https://firebase.google.com/docs/ios/setup#initialize_firebase_in_your_app
Test Case '-[Yoga_of_EatingTests.MainViewModelHighlightTests test_updateHighlightMorningThoughts_emptyString_setsNil]' started.
2026-05-15 06:36:21.980756+0530 Yoga of Eating[16228:131914] [[FirebaseCore]] 12.7.0 - [FirebaseCore][I-COR000003] The default Firebase app has not yet been configured. Add `FirebaseApp.configure()` to your application initialization. This can be done in in the App Delegate's application(_:didFinishLaunchingWithOptions:)` (or the `@main` struct's initializer in SwiftUI). Read more: https://firebase.google.com/docs/ios/setup#initialize_firebase_in_your_app
Test Case '-[Yoga_of_EatingTests.MainViewModelHighlightTests test_updateHighlightMorningThoughts_emptyString_setsNil]' passed (0.000 seconds).
Test Case '-[Yoga_of_EatingTests.MainViewModelHighlightTests test_updateHighlightMorningThoughts_noOp_whenNotViewingToday]' started.
2026-05-15 06:36:21.981340+0530 Yoga of Eating[16228:131902] [[FirebaseCore]] 12.7.0 - [FirebaseCore][I-COR000003] The default Firebase app has not yet been configured. Add `FirebaseApp.configure()` to your application initialization. This can be done in in the App Delegate's application(_:didFinishLaunchingWithOptions:)` (or the `@main` struct's initializer in SwiftUI). Read more: https://firebase.google.com/docs/ios/setup#initialize_firebase_in_your_app
Test Case '-[Yoga_of_EatingTests.MainViewModelHighlightTests test_updateHighlightMorningThoughts_noOp_whenNotViewingToday]' passed (0.000 seconds).
Test Case '-[Yoga_of_EatingTests.MainViewModelHighlightTests test_updateHighlightMorningThoughts_persistsText]' started.
2026-05-15 06:36:21.983022+0530 Yoga of Eating[16228:131913] [[FirebaseCore]] 12.7.0 - [FirebaseCore][I-COR000003] The default Firebase app has not yet been configured. Add `FirebaseApp.configure()` to your application initialization. This can be done in in the App Delegate's application(_:didFinishLaunchingWithOptions:)` (or the `@main` struct's initializer in SwiftUI). Read more: https://firebase.google.com/docs/ios/setup#initialize_firebase_in_your_app
Test Case '-[Yoga_of_EatingTests.MainViewModelHighlightTests test_updateHighlightMorningThoughts_persistsText]' passed (0.002 seconds).
Test Case '-[Yoga_of_EatingTests.MainViewModelHighlightTests test_updateHighlightSleepNotes_emptyString_setsNil]' started.
2026-05-15 06:36:21.983572+0530 Yoga of Eating[16228:131902] [[FirebaseCore]] 12.7.0 - [FirebaseCore][I-COR000003] The default Firebase app has not yet been configured. Add `FirebaseApp.configure()` to your application initialization. This can be done in in the App Delegate's application(_:didFinishLaunchingWithOptions:)` (or the `@main` struct's initializer in SwiftUI). Read more: https://firebase.google.com/docs/ios/setup#initialize_firebase_in_your_app
Test Case '-[Yoga_of_EatingTests.MainViewModelHighlightTests test_updateHighlightSleepNotes_emptyString_setsNil]' passed (0.000 seconds).
Test Case '-[Yoga_of_EatingTests.MainViewModelHighlightTests test_updateHighlightSleepNotes_noOp_whenNotViewingToday]' started.
Test Case '-[Yoga_of_EatingTests.MainViewModelHighlightTests test_updateHighlightSleepNotes_noOp_whenNotViewingToday]' passed (0.000 seconds).
2026-05-15 06:36:21.984053+0530 Yoga of Eating[16228:131902] [[FirebaseCore]] 12.7.0 - [FirebaseCore][I-COR000003] The default Firebase app has not yet been configured. Add `FirebaseApp.configure()` to your application initialization. This can be done in in the App Delegate's application(_:didFinishLaunchingWithOptions:)` (or the `@main` struct's initializer in SwiftUI). Read more: https://firebase.google.com/docs/ios/setup#initialize_firebase_in_your_app
Test Case '-[Yoga_of_EatingTests.MainViewModelHighlightTests test_updateHighlightSleepNotes_persistsToSnapshot]' started.
2026-05-15 06:36:21.985382+0530 Yoga of Eating[16228:131902] [[FirebaseCore]] 12.7.0 - [FirebaseCore][I-COR000003] The default Firebase app has not yet been configured. Add `FirebaseApp.configure()` to your application initialization. This can be done in in the App Delegate's application(_:didFinishLaunchingWithOptions:)` (or the `@main` struct's initializer in SwiftUI). Read more: https://firebase.google.com/docs/ios/setup#initialize_firebase_in_your_app
Test Case '-[Yoga_of_EatingTests.MainViewModelHighlightTests test_updateHighlightSleepNotes_persistsToSnapshot]' passed (0.001 seconds).
Test Case '-[Yoga_of_EatingTests.MainViewModelHighlightTests test_updateHighlightSleepQuality_alsoMirrorsToLegacyReflection]' started.
2026-05-15 06:36:21.986013+0530 Yoga of Eating[16228:131906] [[FirebaseCore]] 12.7.0 - [FirebaseCore][I-COR000003] The default Firebase app has not yet been configured. Add `FirebaseApp.configure()` to your application initialization. This can be done in in the App Delegate's application(_:didFinishLaunchingWithOptions:)` (or the `@main` struct's initializer in SwiftUI). Read more: https://firebase.google.com/docs/ios/setup#initialize_firebase_in_your_app
Test Case '-[Yoga_of_EatingTests.MainViewModelHighlightTests test_updateHighlightSleepQuality_alsoMirrorsToLegacyReflection]' passed (0.000 seconds).
Test Case '-[Yoga_of_EatingTests.MainViewModelHighlightTests test_updateHighlightSleepQuality_nil_clearsLegacyReflectionSleepQuality]' started.
Test Case '-[Yoga_of_EatingTests.MainViewModelHighlightTests test_updateHighlightSleepQuality_nil_clearsLegacyReflectionSleepQuality]' passed (0.000 seconds).
Test Case '-[Yoga_of_EatingTests.MainViewModelHighlightTests test_updateHighlightSleepQuality_nil_clearsSleepQuality]' started.
2026-05-15 06:36:21.986594+0530 Yoga of Eating[16228:131902] [[FirebaseCore]] 12.7.0 - [FirebaseCore][I-COR000003] The default Firebase app has not yet been configured. Add `FirebaseApp.configure()` to your application initialization. This can be done in in the App Delegate's application(_:didFinishLaunchingWithOptions:)` (or the `@main` struct's initializer in SwiftUI). Read more: https://firebase.google.com/docs/ios/setup#initialize_firebase_in_your_app
Test Case '-[Yoga_of_EatingTests.MainViewModelHighlightTests test_updateHighlightSleepQuality_nil_clearsSleepQuality]' passed (0.002 seconds).
2026-05-15 06:36:21.988435+0530 Yoga of Eating[16228:131902] [[FirebaseCore]] 12.7.0 - [FirebaseCore][I-COR000003] The default Firebase app has not yet been configured. Add `FirebaseApp.configure()` to your application initialization. This can be done in in the App Delegate's application(_:didFinishLaunchingWithOptions:)` (or the `@main` struct's initializer in SwiftUI). Read more: https://firebase.google.com/docs/ios/setup#initialize_firebase_in_your_app
Test Case '-[Yoga_of_EatingTests.MainViewModelHighlightTests test_updateHighlightSleepQuality_noOp_whenNotViewingToday]' started.
Test Case '-[Yoga_of_EatingTests.MainViewModelHighlightTests test_updateHighlightSleepQuality_noOp_whenNotViewingToday]' passed (0.000 seconds).
Test Case '-[Yoga_of_EatingTests.MainViewModelHighlightTests test_updateHighlightSleepQuality_persistsToSnapshot]' started.
2026-05-15 06:36:21.989361+0530 Yoga of Eating[16228:131902] [[FirebaseCore]] 12.7.0 - [FirebaseCore][I-COR000003] The default Firebase app has not yet been configured. Add `FirebaseApp.configure()` to your application initialization. This can be done in in the App Delegate's application(_:didFinishLaunchingWithOptions:)` (or the `@main` struct's initializer in SwiftUI). Read more: https://firebase.google.com/docs/ios/setup#initialize_firebase_in_your_app
2026-05-15 06:36:21.989690+0530 Yoga of Eating[16228:131906] [[FirebaseCore]] 12.7.0 - [FirebaseCore][I-COR000003] The default Firebase app has not yet been configured. Add `FirebaseApp.configure()` to your application initialization. This can be done in in the App Delegate's application(_:didFinishLaunchingWithOptions:)` (or the `@main` struct's initializer in SwiftUI). Read more: https://firebase.google.com/docs/iosTest Case '-[Yoga_of_EatingTests.MainViewModelHighlightTests test_updateHighlightSleepQuality_persistsToSnapshot]' passed (0.000 seconds).
/setup#initialize_firebase_in_your_app
Test Suite 'MainViewModelHighlightTests' passed at 2026-05-15 06:36:21.991.
	 Executed 19 tests, with 0 failures (0 unexpected) in 0.013 (0.017) seconds
Test Suite 'MainViewModelInsightUnificationTests' started at 2026-05-15 06:36:21.991.
Test Case '-[Yoga_of_EatingTests.MainViewModelInsightUnificationTests test_currentInsight_isNil_onInit]' started.
Test Case '-[Yoga_of_EatingTests.MainViewModelInsightUnificationTests test_currentInsight_isNil_onInit]' passed (0.000 seconds).
2026-05-15 06:36:21.991533+0530 Yoga of Eating[16228:131906] [[FirebaseCore]] 12.7.0 - [FirebaseCore][I-COR000003] The default Firebase app has not yet been configured. Add `FirebaseApp.configure()` to your application initialization. This can be done in in the App Delegate's application(_:didFinishLaunchingWithOptions:)` (or the `@main` struct's initializer in SwiftUI). Read more: https://firebase.google.com/docs/ios/setup#initialize_firebase_in_your_app
Test Case '-[Yoga_of_EatingTests.MainViewModelInsightUnificationTests test_currentInsight_isUnifiedType]' started.
2026-05-15 06:36:21.991935+0530 Yoga of Eating[16228:131914] [[FirebaseCore]] 12.7.0 - [FirebaseCore][I-COR000003] The default Firebase app has not yet been configured. Add `FirebaseApp.configure()` to your application initialization. This can be done in in the App Delegate's application(_:didFinishLaunchingWithOptions:)` (or the `@main` struct's initializer in SwiftUI). Read more: https://firebase.google.com/docs/ios/setup#initialize_firebase_in_your_app
Test Case '-[Yoga_of_EatingTests.MainViewModelInsightUnificationTests test_currentInsight_isUnifiedType]' passed (0.000 seconds).
Test Case '-[Yoga_of_EatingTests.MainViewModelInsightUnificationTests test_dismissInsight_closesSheet]' started.
2026-05-15 06:36:21.992601+0530 Yoga of Eating[16228:131906] [[FirebaseCore]] 12.7.0 - [FirebaseCore][I-COR000003] The default Firebase app has not yet been configured. Add `FirebaseApp.configure()` to your application initialization. This can be done in in the App Delegate's application(_:didFinishLaunchingWithOptions:)` (or the `@main` struct's initializer in SwiftUI). Read more: https://firebase.google.com/docs/ios/setup#initialize_firebase_in_your_app
Test Case '-[Yoga_of_EatingTests.MainViewModelInsightUnificationTests test_dismissInsight_closesSheet]' passed (0.000 seconds).
Test Case '-[Yoga_of_EatingTests.MainViewModelInsightUnificationTests test_dismissInsight_marksInsightAsViewed]' started.
Test Case '-[Yoga_of_EatingTests.MainViewModelInsightUnificationTests test_dismissInsight_marksInsightAsViewed]' passed (0.000 seconds).
2026-05-15 06:36:21.993173+0530 Yoga of Eating[16228:131914] [[FirebaseCore]] 12.7.0 - [FirebaseCore][I-COR000003] The default Firebase app has not yet been configured. Add `FirebaseApp.configure()` to your application initialization. This can be done in in the App Delegate's application(_:didFinishLaunchingWithOptions:)` (or the `@main` struct's initializer in SwiftUI). Read more: https://firebase.google.com/docs/ios/setup#initialize_firebase_in_your_app
Test Case '-[Yoga_of_EatingTests.MainViewModelInsightUnificationTests test_hasUnreadInsight_falseAfterViewed]' started.
Test Case '-[Yoga_of_EatingTests.MainViewModelInsightUnificationTests test_hasUnreadInsight_falseAfterViewed]' passed (0.000 seconds).
Test Case '-[Yoga_of_EatingTests.MainViewModelInsightUnificationTests test_hasUnreadInsight_falseWhenNil]' started.
2026-05-15 06:36:21.993680+0530 Yoga of Eating[16228:131914] [[FirebaseCore]] 12.7.0 - [FirebaseCore][I-COR000003] The default Firebase app has not yet been configured. Add `FirebaseApp.configure()` to your application initialization. This can be done in in the App Delegate's application(_:didFinishLaunchingWithOptions:)` (or the `@main` struct's initializer in SwiftUI). Read more: https://firebase.google.com/docs/ios/setup#initialize_firebase_in_your_app
Test Case '-[Yoga_of_EatingTests.MainViewModelInsightUnificationTests test_hasUnreadInsight_falseWhenNil]' passed (0.000 seconds).
Test Case '-[Yoga_of_EatingTests.MainViewModelInsightUnificationTests test_hasUnreadInsight_trueWhenInsightNotViewed]' started.
Test Case '-[Yoga_of_EatingTests.MainViewModelInsightUnificationTests test_hasUnreadInsight_trueWhenInsightNotViewed]' passed (0.000 seconds).
Test Case '-[Yoga_of_EatingTests.MainViewModelInsightUnificationTests test_mainViewModel_hasNoInsightServiceProperty]' started.
2026-05-15 06:36:21.994426+0530 Yoga of Eating[16228:131914] [[FirebaseCore]] 12.7.0 - [FirebaseCore][I-COR000003] The default Firebase app has not yet been configured. Add `FirebaseApp.configure()` to your application initialization. This can be done in in the App Delegate's application(_:didFinishLaunchingWithOptions:)` (or the `@main` struct's initializer in SwiftUI). Read more: https://firebase.google.com/docs/ios/setup#initialize_firebase_in_your_app
2026-05-15 06:36:21.995412+0530 Yoga of Eating[16228:131914] [[FirebaseCore]] 12.7.0 - [FirebaseCore][I-COR000003] The default Firebase app has not yet been configured. Add `FirebaseApp.configure()` to your application initialization. This can be done in in the App Delegate's application(_:didFinishLaunchingWithOptions:)` (or the `@main` struct's initializer in SwiftUI). Read more: https://firebase.google.com/docs/ios/setup#initialize_firebase_in_your_app
2026-05-15 06:36:21.996114+0530 Yoga of Eating[16228:131914] [[FirebaseCore]] 12.7.0 - [FirebaseCore][I-COR000003] The default Firebase app has not yet been configured. Add `FirebaseApp.configure()` to your application initialization. This can be done in in the App Delegate's application(_:didFinishLaunchingWithOptions:)` (or the `@main` struct's initializer in SwiftUI). Read more: https://firebase.google.com/docs/ios/setup#initialize_firebase_in_your_app
2026-05-15 06:36:21.996253+0530 Yoga of Eating[16228:131914] [[FirebaseCore]] 12.7.0 - [FirebaseCore][I-COR000003] The default Firebase app has not yet been configured. Add `FirebaseApp.configure()` to your application initialization. This can be done in in the App Delegate's application(_:didFinishLaunchingWithOptions:)` (or the `@main` struct's initializer in SwiftUI). Read more: https://firebase.google.com/docs/ios/setup#initialize_firebase_in_your_app
Test Case '-[Yoga_of_EatingTests.MainViewModelInsightUnificationTests test_mainViewModel_hasNoInsightServiceProperty]' passed (0.005 seconds).
Test Case '-[Yoga_of_EatingTests.MainViewModelInsightUnificationTests test_resetDay_clearsCurrentInsight]' started.
2026-05-15 06:36:22.000156+0530 Yoga of Eating[16228:131902] [[FirebaseCore]] 12.7.0 - [FirebaseCore][I-COR000003] The default Firebase app has not yet been configured. Add `FirebaseApp.configure()` to your application initialization. This can be done in in the App Delegate's application(_:didFinishLaunchingWithOptions:)` (or the `@main` struct's initializer in SwiftUI). Read more: https://firebase.google.com/docs/ios/setup#initialize_firebase_in_your_app
Test Case '-[Yoga_of_EatingTests.MainViewModelInsightUnificationTests test_resetDay_clearsCurrentInsight]' passed (0.000 seconds).
Test Case '-[Yoga_of_EatingTests.MainViewModelInsightUnificationTests test_triggerInsightGeneration_callsLifecycleService]' started.
2026-05-15 06:36:22.000727+0530 Yoga of Eating[16228:131914] [[FirebaseCore]] 12.7.0 - [FirebaseCore][I-COR000003] The default Firebase app has not yet been configured. Add `FirebaseApp.configure()` to your application initialization. This can be done in in the App Delegate's application(_:didFinishLaunchingWithOptions:)` (or the `@main` struct's initializer in SwiftUI). Read more: https://firebase.google.com/docs/ios/setup#initialize_firebase_in_your_app
2026-05-15 06:36:22.003029+0530 Yoga of Eating[16228:131870] [Reflection] Failed to fetch HealthKit sleep data: Authorization not determined
2026-05-15 06:36:22.003212+0530 Yoga of Eating[16228:131870] [Reflection] Failed to fetch HealthKit sleep data: Authorization not determined
2026-05-15 06:36:22.003458+0530 Yoga of Eating[16228:131870] [Reflection] Failed to fetch HealthKit sleep data: Authorization not determined
2026-05-15 06:36:22.004612+0530 Yoga of Eating[16228:131870] [Reflection] Failed to fetch HealthKit sleep data: Authorization not determined
2026-05-15 06:36:22.005182+0530 Yoga of Eating[16228:131870] [Reflection] Failed to fetch HealthKit sleep data: Authorization not determined
2026-05-15 06:36:22.005645+0530 Yoga of Eating[16228:131870] [Reflection] Failed to fetch HealthKit sleep data: Authorization not determined
2026-05-15 06:36:22.006120+0530 Yoga of Eating[16228:131870] [Reflection] Failed to fetch HealthKit sleep data: Authorization not determined
2026-05-15 06:36:22.006241+0530 Yoga of Eating[16228:131870] [Reflection] Failed to fetch HealthKit sleep data: Authorization not determined
2026-05-15 06:36:22.006542+0530 Yoga of Eating[16228:131870] [Reflection] Failed to fetch HealthKit sleep data: Authorization not determined
2026-05-15 06:36:22.008364+0530 Yoga of Eating[16228:131870] [Reflection] Failed to fetch HealthKit sleep data: Authorization not determined
2026-05-15 06:36:22.008536+0530 Yoga of Eating[16228:131870] [Reflection] Failed to fetch HealthKit sleep data: Authorization not determined
2026-05-15 06:36:22.008721+0530 Yoga of Eating[16228:131870] [Reflection] Failed to fetch HealthKit sleep data: Authorization not determined
2026-05-15 06:36:22.008887+0530 Yoga of Eating[16228:131870] [Reflection] Failed to fetch HealthKit sleep data: Authorization not determined
2026-05-15 06:36:22.009222+0530 Yoga of Eating[16228:131870] [Reflection] Failed to fetch HealthKit sleep data: Authorization not determined
2026-05-15 06:36:22.009562+0530 Yoga of Eating[16228:131870] [Reflection] Failed to fetch HealthKit sleep data: Authorization not determined
2026-05-15 06:36:22.009880+0530 Yoga of Eating[16228:131870] [Reflection] Failed to fetch HealthKit sleep data: Authorization not determined
2026-05-15 06:36:22.010208+0530 Yoga of Eating[16228:131870] [Reflection] Failed to fetch HealthKit sleep data: Authorization not determined
2026-05-15 06:36:22.010501+0530 Yoga of Eating[16228:131870] [Reflection] Failed to fetch HealthKit sleep data: Authorization not determined
2026-05-15 06:36:22.010709+0530 Yoga of Eating[16228:131870] [Reflection] Failed to fetch HealthKit sleep data: Authorization not determined
2026-05-15 06:36:22.011028+0530 Yoga of Eating[16228:131870] [Reflection] Failed to fetch HealthKit sleep data: Authorization not determined
2026-05-15 06:36:22.011266+0530 Yoga of Eating[16228:131870] [Reflection] Failed to fetch HealthKit sleep data: Authorization not determined
2026-05-15 06:36:22.011525+0530 Yoga of Eating[16228:131870] [Reflection] Failed to fetch HealthKit sleep data: Authorization not determined
2026-05-15 06:36:22.011741+0530 Yoga of Eating[16228:131870] [Reflection] Failed to fetch HealthKit sleep data: Authorization not determined
2026-05-15 06:36:22.012014+0530 Yoga of Eating[16228:131870] [Reflection] Failed to fetch HealthKit sleep data: Authorization not determined
2026-05-15 06:36:22.012366+0530 Yoga of Eating[16228:131870] [Reflection] Failed to fetch HealthKit sleep data: Authorization not determined
2026-05-15 06:36:22.012524+0530 Yoga of Eating[16228:131870] [Reflection] Failed to fetch HealthKit sleep data: Authorization not determined
2026-05-15 06:36:22.012723+0530 Yoga of Eating[16228:131870] [Reflection] Failed to fetch HealthKit sleep data: Authorization not determined
FirebaseAuth/Auth.swift:155: Fatal error: The default FirebaseApp instance must be configured before the default Auth instance can be initialized. One way to ensure this is to call `FirebaseApp.configure()` in the App Delegate's `application(_:didFinishLaunchingWithOptions:)` (or the `@main` struct's initializer in SwiftUI).
2026-05-15 06:36:22.012843+0530 Yoga of Eating[16228:131870] FirebaseAuth/Auth.swift:155: Fatal error: The default FirebaseApp instance must be configured before the default Auth instance can be initialized. One way to ensure this is to call `FirebaseApp.configure()` in the App Delegate's `application(_:didFinishLaunchingWithOptions:)` (or the `@main` struct's initializer in SwiftUI).
2026-05-15 06:36:43.943769+0530 Yoga of Eating[16549:133073] [[FirebaseCore]] 12.7.0 - [FirebaseCore][I-COR000003] The default Firebase app has not yet been configured. Add `FirebaseApp.configure()` to your application initialization. This can be done in in the App Delegate's application(_:didFinishLaunchingWithOptions:)` (or the `@main` struct's initializer in SwiftUI). Read more: https://firebase.google.com/docs/ios/setup#initialize_firebase_in_your_app
2026-05-15 06:36:43.944550+0530 Yoga of Eating[16549:133073] [[FirebaseCore]] 12.7.0 - [FirebaseCore][I-COR000003] The default Firebase app has not yet been configured. Add `FirebaseApp.configure()` to your application initialization. This can be done in in the App Delegate's application(_:didFinishLaunchingWithOptions:)` (or the `@main` struct's initializer in SwiftUI). Read more: https://firebase.google.com/docs/ios/setup#initialize_firebase_in_your_app
2026-05-15 06:36:43.949270+0530 Yoga of Eating[16549:133066] [[FirebaseCore]] 12.7.0 - [FirebaseCore][I-COR000003] The default Firebase app has not yet been configured. Add `FirebaseApp.configure()` to your application initialization. This can be done in in the App Delegate's application(_:didFinishLaunchingWithOptions:)` (or the `@main` struct's initializer in SwiftUI). Read more: https://firebase.google.com/docs/ios/setup#initialize_firebase_in_your_app
2026-05-15 06:36:43.950285+0530 Yoga of Eating[16549:133066] [[FirebaseCore]] 12.7.0 - [FirebaseCore][I-COR000003] The default Firebase app has not yet been configured. Add `FirebaseApp.configure()` to your application initialization. This can be done in in the App Delegate's application(_:didFinishLaunchingWithOptions:)` (or the `@main` struct's initializer in SwiftUI). Read more: https://firebase.google.com/docs/ios/setup#initialize_firebase_in_your_app
2026-05-15 06:36:44.027456+0530 Yoga of Eating[16549:133073] [[FirebaseCore]] 12.7.0 - [FirebaseCore][I-COR000003] The default Firebase app has not yet been configured. Add `FirebaseApp.configure()` to your application initialization. This can be done in in the App Delegate's application(_:didFinishLaunchingWithOptions:)` (or the `@main` struct's initializer in SwiftUI). Read more: https://firebase.google.com/docs/ios/setup#initialize_firebase_in_your_app
2026-05-15 06:36:44.030662+0530 Yoga of Eating[16549:133033] [Auth] No previous session to restore: We couldn't restore your session. Please sign in again.
2026-05-15 06:36:44.066824+0530 Yoga of Eating[16549:133071] [ActivityData] Energy query failed: Authorization not determined
2026-05-15 06:36:44.066887+0530 Yoga of Eating[16549:133071] [ActivityData] Energy query failed: Authorization not determined

Restarting after unexpected exit, crash, or test timeout; summary will include totals from previous launches.

2026-05-15 06:36:44.144846+0530 Yoga of Eating[16549:133033] [MainViewModel.Lifecycle] Activity data refreshed
2026-05-15 06:36:44.159310+0530 Yoga of Eating[16549:133066] Could not get attrs using token.pid for connection com.apple.xpc.anonymous.0x10d285cc0.peer[15846].0x10d051c80, pid -1: 144: Requestor lacks required entitlement
Test Suite 'Selected tests' started at 2026-05-15 06:36:44.179.
Test Suite 'Yoga of EatingTests.xctest' started at 2026-05-15 06:36:44.180.
Test Suite 'MainViewModelInsightUnificationTests' started at 2026-05-15 06:36:44.180.
Test Case '-[Yoga_of_EatingTests.MainViewModelInsightUnificationTests test_triggerInsightGeneration_isIdempotent_whenInsightAlreadyExistsForToday]' started.
2026-05-15 06:36:44.180849+0530 Yoga of Eating[16549:133067] [[FirebaseCore]] 12.7.0 - [FirebaseCore][I-COR000003] The default Firebase app has not yet been configured. Add `FirebaseApp.configure()` to your application initialization. This can be done in in the App Delegate's application(_:didFinishLaunchingWithOptions:)` (or the `@main` struct's initializer in SwiftUI). Read more: https://firebase.google.com/docs/ios/setup#initialize_firebase_in_your_app
Test Case '-[Yoga_of_EatingTests.MainViewModelInsightUnificationTests test_triggerInsightGeneration_isIdempotent_whenInsightAlreadyExistsForToday]' passed (0.061 seconds).
Test Case '-[Yoga_of_EatingTests.MainViewModelInsightUnificationTests test_triggerInsightGeneration_setsCurrentInsight_onSuccess]' started.
2026-05-15 06:36:44.241974+0530 Yoga of Eating[16549:133067] [[FirebaseCore]] 12.7.0 - [FirebaseCore][I-COR000003] The default Firebase app has not yet been configured. Add `FirebaseApp.configure()` to your application initialization. This can be done in in the App Delegate's application(_:didFinishLaunchingWithOptions:)` (or the `@main` struct's initializer in SwiftUI). Read more: https://firebase.google.com/docs/ios/setup#initialize_firebase_in_your_app
2026-05-15 06:36:44.255741+0530 Yoga of Eating[16549:133033] [Reflection] Failed to fetch HealthKit sleep data: Authorization not determined
2026-05-15 06:36:44.256447+0530 Yoga of Eating[16549:133033] [Reflection] Failed to fetch HealthKit sleep data: Authorization not determined
2026-05-15 06:36:44.256991+0530 Yoga of Eating[16549:133033] [Reflection] Failed to fetch HealthKit sleep data: Authorization not determined
FirebaseAuth/Auth.swift:155: Fatal error: The default FirebaseApp instance must be configured before the default Auth instance can be initialized. One way to ensure this is to call `FirebaseApp.configure()` in the App Delegate's `application(_:didFinishLaunchingWithOptions:)` (or the `@main` struct's initializer in SwiftUI).
2026-05-15 06:36:44.257097+0530 Yoga of Eating[16549:133033] FirebaseAuth/Auth.swift:155: Fatal error: The default FirebaseApp instance must be configured before the default Auth instance can be initialized. One way to ensure this is to call `FirebaseApp.configure()` in the App Delegate's `application(_:didFinishLaunchingWithOptions:)` (or the `@main` struct's initializer in SwiftUI).
2026-05-15 06:37:06.485957+0530 Yoga of Eating[16572:133574] [[FirebaseCore]] 12.7.0 - [FirebaseCore][I-COR000003] The default Firebase app has not yet been configured. Add `FirebaseApp.configure()` to your application initialization. This can be done in in the App Delegate's application(_:didFinishLaunchingWithOptions:)` (or the `@main` struct's initializer in SwiftUI). Read more: https://firebase.google.com/docs/ios/setup#initialize_firebase_in_your_app
2026-05-15 06:37:06.486798+0530 Yoga of Eating[16572:133574] [[FirebaseCore]] 12.7.0 - [FirebaseCore][I-COR000003] The default Firebase app has not yet been configured. Add `FirebaseApp.configure()` to your application initialization. This can be done in in the App Delegate's application(_:didFinishLaunchingWithOptions:)` (or the `@main` struct's initializer in SwiftUI). Read more: https://firebase.google.com/docs/ios/setup#initialize_firebase_in_your_app
2026-05-15 06:37:06.491391+0530 Yoga of Eating[16572:133572] [[FirebaseCore]] 12.7.0 - [FirebaseCore][I-COR000003] The default Firebase app has not yet been configured. Add `FirebaseApp.configure()` to your application initialization. This can be done in in the App Delegate's application(_:didFinishLaunchingWithOptions:)` (or the `@main` struct's initializer in SwiftUI). Read more: https://firebase.google.com/docs/ios/setup#initialize_firebase_in_your_app
2026-05-15 06:37:06.492425+0530 Yoga of Eating[16572:133572] [[FirebaseCore]] 12.7.0 - [FirebaseCore][I-COR000003] The default Firebase app has not yet been configured. Add `FirebaseApp.configure()` to your application initialization. This can be done in in the App Delegate's application(_:didFinishLaunchingWithOptions:)` (or the `@main` struct's initializer in SwiftUI). Read more: https://firebase.google.com/docs/ios/setup#initialize_firebase_in_your_app
2026-05-15 06:37:06.574567+0530 Yoga of Eating[16572:133574] [[FirebaseCore]] 12.7.0 - [FirebaseCore][I-COR000003] The default Firebase app has not yet been configured. Add `FirebaseApp.configure()` to your application initialization. This can be done in in the App Delegate's application(_:didFinishLaunchingWithOptions:)` (or the `@main` struct's initializer in SwiftUI). Read more: https://firebase.google.com/docs/ios/setup#initialize_firebase_in_your_app
2026-05-15 06:37:06.577412+0530 Yoga of Eating[16572:133548] [Auth] No previous session to restore: We couldn't restore your session. Please sign in again.
2026-05-15 06:37:06.613485+0530 Yoga of Eating[16572:133577] [ActivityData] Energy query failed: Authorization not determined
2026-05-15 06:37:06.613546+0530 Yoga of Eating[16572:133577] [ActivityData] Energy query failed: Authorization not determined

Restarting after unexpected exit, crash, or test timeout; summary will include totals from previous launches.

2026-05-15 06:37:06.691330+0530 Yoga of Eating[16572:133548] [MainViewModel.Lifecycle] Activity data refreshed
2026-05-15 06:37:06.706526+0530 Yoga of Eating[16572:133574] Could not get attrs using token.pid for connection com.apple.xpc.anonymous.0x10de9dcc0.peer[15846].0x10dc69c80, pid -1: 144: Requestor lacks required entitlement
Test Suite 'Selected tests' started at 2026-05-15 06:37:06.727.
Test Suite 'Yoga of EatingTests.xctest' started at 2026-05-15 06:37:06.728.
Test Suite 'MainViewModelInsightUnificationTests' started at 2026-05-15 06:37:06.728.
Test Suite 'MainViewModelInsightUnificationTests' passed at 2026-05-15 06:37:06.728.
	 Executed 0 tests, with 0 failures (0 unexpected) in 0.000 (0.000) seconds
Test Suite 'MainViewModelProtocolTests' started at 2026-05-15 06:37:06.728.
Test Case '-[Yoga_of_EatingTests.MainViewModelProtocolTests test_historicalDataService_setMainViewModel_isCalledOnInit]' started.
2026-05-15 06:37:06.728959+0530 Yoga of Eating[16572:133573] [[FirebaseCore]] 12.7.0 - [FirebaseCore][I-COR000003] The default Firebase app has not yet been configured. Add `FirebaseApp.configure()` to your application initialization. This can be done in in the App Delegate's application(_:didFinishLaunchingWithOptions:)` (or the `@main` struct's initializer in SwiftUI). Read more: https://firebase.google.com/docs/ios/setup#initialize_firebase_in_your_app
2026-05-15 06:37:06.729438+0530 Yoga of Eating[16572:133573] [[FirebaseCore]] 12.7.0 - [FirebaseCore][I-COR000003] The default Firebase app has not yet been configured. Add `FirebaseApp.configure()` to your application initialization. This can be done in in the App Delegate's application(_:didFinishLaunchingWithOptions:)` (or the `@main` struct's initializer in SwiftUI). Read more: https://firebase.google.com/docs/ios/setup#initialize_firebase_in_your_app
Test Case '-[Yoga_of_EatingTests.MainViewModelProtocolTests test_historicalDataService_setMainViewModel_isCalledOnInit]' passed (0.002 seconds).
Test Case '-[Yoga_of_EatingTests.MainViewModelProtocolTests test_historicalDataService_setMainViewModel_receivesMainViewModelInstance]' started.
Test Case '-[Yoga_of_EatingTests.MainViewModelProtocolTests test_historicalDataService_setMainViewModel_receivesMainViewModelInstance]' passed (0.000 seconds).
2026-05-15 06:37:06.731301+0530 Yoga of Eating[16572:133577] [[FirebaseCore]] 12.7.0 - [FirebaseCore][I-COR000003] The default Firebase app has not yet been configured. Add `FirebaseApp.configure()` to your application initialization. This can be done in in the App Delegate's application(_:didFinishLaunchingWithOptions:)` (or the `@main` struct's initializer in SwiftUI). Read more: https://firebase.google.com/docs/ios/setup#initialize_firebase_in_your_app
2026-05-15 06:37:06.731491+0530 Yoga of Eating[16572:133577] [[FirebaseCore]] 12.7.0 - [FirebaseCore][I-COR000003] The default Firebase app has not yet been configured. Add `FirebaseApp.configure()` to your application initialization. This can be done in in the App Delegate's application(_:didFinishLaunchingWithOptions:)` (or the `@main` struct's initializer in SwiftUI). Read more: https://firebase.google.com/docs/ios/setup#initialize_firebase_in_your_app
Test Case '-[Yoga_of_EatingTests.MainViewModelProtocolTests test_mainViewModel_conformsToMainViewModelProtocol]' started.
2026-05-15 06:37:06.731921+0530 Yoga of Eating[16572:133573] [[FirebaseCore]] 12.7.0 - [FirebaseCore][I-COR000003] The default Firebase app has not yet been configured. Add `FirebaseApp.configure()` to your application initialization. This can be done in in the App Delegate's application(_:didFinishLaunchingWithOptions:)` (or the `@main` struct's initializer in SwiftUI). Read more: https://firebase.google.com/docs/ios/setup#initialize_firebase_in_your_app
2026-05-15 06:37:06.732622+0530 Yoga of Eating[16572:133573] [[FirebaseCore]] 12.7.0 - [FirebaseCore][I-COR000003] The default Firebase app has not yet been configured. Add `FirebaseApp.configure()` to your application initialization. This can be done in in the App Delegate's application(_:didFinishLaunchingWithOptions:)` (or the `@main` struct's initializer in SwiftUI). Read more: https://firebase.google.com/docs/ios/setup#initialize_firebase_in_your_app
Test Case '-[Yoga_of_EatingTests.MainViewModelProtocolTests test_mainViewModel_conformsToMainViewModelProtocol]' passed (0.009 seconds).
Test Case '-[Yoga_of_EatingTests.MainViewModelProtocolTests test_mainViewModel_init_doesNotRequireConcreteHistoricalDataService]' started.
Test Case '-[Yoga_of_EatingTests.MainViewModelProtocolTests test_mainViewModel_init_doesNotRequireConcreteHistoricalDataService]' passed (0.000 seconds).
Test Suite 'MainViewModelProtocolTests' passed at 2026-05-15 06:37:06.741.
	 Executed 4 tests, with 0 failures (0 unexpected) in 0.012 (0.013) seconds
Test Suite 'MainViewModelReflectTests' started at 2026-05-15 06:37:06.741.
Test Case '-[Yoga_of_EatingTests.MainViewModelReflectTests test_toggleTodoAccomplished_noOp_whenNotViewingToday]' started.
2026-05-15 06:37:06.741371+0530 Yoga of Eating[16572:133573] [[FirebaseCore]] 12.7.0 - [FirebaseCore][I-COR000003] The default Firebase app has not yet been configured. Add `FirebaseApp.configure()` to your application initialization. This can be done in in the App Delegate's application(_:didFinishLaunchingWithOptions:)` (or the `@main` struct's initializer in SwiftUI). Read more: https://firebase.google.com/docs/ios/setup#initialize_firebase_in_your_app
2026-05-15 06:37:06.741688+0530 Yoga of Eating[16572:133573] [[FirebaseCore]] 12.7.0 - [FirebaseCore][I-COR000003] The default Firebase app has not yet been configured. Add `FirebaseApp.configure()` to your application initialization. This can be done in in the App Delegate's application(_:didFinishLaunchingWithOptions:)` (or the `@main` struct's initializer in SwiftUI). Read more: https://firebase.google.com/docs/ios/setup#initialize_firebase_in_your_app
2026-05-15 06:37:06.741865+0530 Yoga of Eating[16572:133573] [[FirebaseCore]] 12.7.0 - [FirebaseCore][I-COR000003] The default Firebase app has not yet been configured. Add `FirebaseApp.configure()` to your application initialization. This can be done in in the App Delegate's application(_:didFinishLaunchingWithOptions:)` (or the `@main` struct's initializer in SwiftUI). Read more: https://firebase.google.com/docs/ios/setup#initialize_firebase_in_your_app
Test Case '-[Yoga_of_EatingTests.MainViewModelReflectTests test_toggleTodoAccomplished_noOp_whenNotViewingToday]' passed (0.012 seconds).
Test Case '-[Yoga_of_EatingTests.MainViewModelReflectTests test_toggleTodoAccomplished_setsAccomplishedTrue]' started.
2026-05-15 06:37:06.753721+0530 Yoga of Eating[16572:133578] [[FirebaseCore]] 12.7.0 - [FirebaseCore][I-COR000003] The default Firebase app has not yet been configured. Add `FirebaseApp.configure()` to your application initialization. This can be done in in the App Delegate's application(_:didFinishLaunchingWithOptions:)` (or the `@main` struct's initializer in SwiftUI). Read more: https://firebase.google.com/docs/ios/setup#initialize_firebase_in_your_app
Test Case '-[Yoga_of_EatingTests.MainViewModelReflectTests test_toggleTodoAccomplished_setsAccomplishedTrue]' passed (0.001 seconds).
Test Case '-[Yoga_of_EatingTests.MainViewModelReflectTests test_toggleTodoAccomplished_togglesBackToFalse]' started.
Test Case '-[Yoga_of_EatingTests.MainViewModelReflectTests test_toggleTodoAccomplished_togglesBackToFalse]' passed (0.000 seconds).
Test Case '-[Yoga_of_EatingTests.MainViewModelReflectTests test_toggleTodoAccomplished_unknownId_doesNothing]' started.
Test Case '-[Yoga_of_EatingTests.MainViewModelReflectTests test_toggleTodoAccomplished_unknownId_doesNothing]' passed (0.000 seconds).
Test Case '-[Yoga_of_EatingTests.MainViewModelReflectTests test_toggleTodoAccomplished_updatesHighlightDataAsSourceOfTruth]' started.
Test Case '-[Yoga_of_EatingTests.MainViewModelReflectTests test_toggleTodoAccomplished_updatesHighlightDataAsSourceOfTruth]' passed (0.001 seconds).
Test Case '-[Yoga_of_EatingTests.MainViewModelReflectTests test_updateReflectFeeling_alsoMirrorsToLegacyReflection]' started.
Test Case '-[Yoga_of_EatingTests.MainViewModelReflectTests test_updateReflectFeeling_alsoMirrorsToLegacyReflection]' passed (0.001 seconds).
2026-05-15 06:37:06.756464+0530 Yoga of Eating[16572:133578] [[FirebaseCore]] 12.7.0 - [FirebaseCore][I-COR000003] The default Firebase app has not yet been configured. Add `FirebaseApp.configure()` to your application initialization. This can be done in in the App Delegate's application(_:didFinishLaunchingWithOptions:)` (or the `@main` struct's initializer in SwiftUI). Read more: https://firebase.google.com/docs/ios/setup#initialize_firebase_in_your_app
Test Case '-[Yoga_of_EatingTests.MainViewModelReflectTests test_updateReflectFeeling_nil_clearsFeelingInSnapshot]' started.
2026-05-15 06:37:06.756763+0530 Yoga of Eating[16572:133578] [[FirebaseCore]] 12.7.0 - [FirebaseCore][I-COR000003] The default Firebase app has not yet been configured. Add `FirebaseApp.configure()` to your application initialization. This can be done in in theTest Case '-[Yoga_of_EatingTests.MainViewModelReflectTests test_updateReflectFeeling_nil_clearsFeelingInSnapshot]' passed (0.000 seconds).
 App Delegate's application(_:didFinishLaunchingWithOptions:)` (or the `@main` struct's initializer in SwiftUI). Read more: https://firebase.google.com/docs/ios/setup#initialize_firebase_in_your_app
2026-05-15 06:37:06.757501+0530 Yoga of Eating[16572:133578] [[FirebaseCore]] 12.7.0 - [FirebaseCore][I-COR000003] The default Firebase app has not yet been configured. Add `FirebaseApp.configure()` to your application initialization. This can be done in in the App Delegate's application(_:didFinishLaunchingWithOptions:)` (or the `@main` struct's initializer in SwiftUI). Read more: https://firebase.google.com/docs/ios/setup#initialize_firebase_in_your_app
2026-05-15 06:37:06.757609+0530 Yoga of Eating[16572:133578] [[FirebaseCore]] 12.7.0 - [FirebaseCore][I-COR000003] The default Firebase app has not yet been configured. Add `FirebaseApp.configure()` to your application initialization. This can be done in in the App Delegate's application(_:didFinishLaunchingWithOptions:)` (or the `@main` struct's initializer in SwiftUI). Read more: https://firebase.google.com/docs/ios/setup#initialize_firebase_in_your_app
Test Case '-[Yoga_of_EatingTests.MainViewModelReflectTests test_updateReflectFeeling_nil_clearsLegacyReflectionFeeling]' started.
2026-05-15 06:37:06.757742+0530 Yoga of Eating[16572:133578] [[FirebaseCore]] 12.7.0 - [FirebaseCore][I-COR000003] The default Firebase app has not yet been configured. Add `FirebaseApp.configure()` to your application initialization. This can be done in in the App Delegate's application(_:didFinishLaunchingWithOptions:)` (or the `@main` struct's initializer in SwiftUI). Read more: https://firebase.google.com/docs/ios/setup#initialize_firebase_in_your_app
Test Case '-[Yoga_of_EatingTests.MainViewModelReflectTests test_updateReflectFeeling_nil_clearsLegacyReflectionFeeling]' passed (0.000 seconds).
2026-05-15 06:37:06.758140+0530 Yoga of Eating[16572:133578] [[FirebaseCore]] 12.7.0 - [FirebaseCore][I-COR000003] The default Firebase app has not yet been configured. Add `FirebaseApp.configure()` to your application initialization. This can be done in in the App Delegate's application(_:didFinishLaunchingWithOptions:)` (or the `@main` struct's initializer in SwiftUI). Read more: https://firebasTest Case '-[Yoga_of_EatingTests.MainViewModelReflectTests test_updateReflectFeeling_noOp_whenNotViewingToday]' started.
e.google.com/docs/ios/setup#initialize_firebase_in_your_app
Test Case '-[Yoga_of_EatingTests.MainViewModelReflectTests test_updateReflectFeeling_noOp_whenNotViewingToday]' passed (0.001 seconds).
2026-05-15 06:37:06.759026+0530 Yoga of Eating[16572:133577] [[FirebaseCore]] 12.7.0 - [FirebaseCore][I-COR000003] The default Firebase app has not yet been configured. Add `FirebaseApp.configure()` to your application initialization. This can be done in in the App Delegate's application(_:didFinishLaunchingWithOptions:)` (or the `@main` struct's initializer in SwiftUI). Read more: https://firebase.google.com/docs/ios/setup#initialize_firebase_in_your_app
Test Case '-[Yoga_of_EatingTests.MainViewModelReflectTests test_updateReflectFeeling_persistsToSnapshot]' started.
2026-05-15 06:37:06.759571+0530 Yoga of Eating[16572:133577] [[FirebaseCore]] 12.7.0 - [FirebaseCore][I-COR000003] The default Firebase app has not yet been configured. Add `FirebaseApp.configure()` to your application initialization. This can be done in in the App Delegate's application(_:didFinishLaunchingWithOptions:)` (or the `@main` struct's initializer in SwiftUI). Read more: https://firebase.google.com/docs/ios/setup#initialize_firebase_in_your_app
Test Case '-[Yoga_of_EatingTests.MainViewModelReflectTests test_updateReflectFeeling_persistsToSnapshot]' passed (0.000 seconds).
Test Case '-[Yoga_of_EatingTests.MainViewModelReflectTests test_updateReflectJournalText_emptyString_setsNil]' started.
2026-05-15 06:37:06.760097+0530 Yoga of Eating[16572:133577] [[FirebaseCore]] 12.7.0 - [FirebaseCore][I-COR000003] The default Firebase app has not yet been configured. Add `FirebaseApp.configure()` to your application initialization. This can be done in in the App Delegate's application(_:didFinishLaunchingWithOptions:)` (or the `@main` struct's initializer in SwiftUI). Read more: https://firebase.google.com/docs/ios/setup#initialize_firebase_in_your_app
Test Case '-[Yoga_of_EatingTests.MainViewModelReflectTests test_updateReflectJournalText_emptyString_setsNil]' passed (0.000 seconds).
Test Case '-[Yoga_of_EatingTests.MainViewModelReflectTests test_updateReflectJournalText_noOp_whenNotViewingToday]' started.
Test Case '-[Yoga_of_EatingTests.MainViewModelReflectTests test_updateReflectJournalText_noOp_whenNotViewingToday]' passed (0.000 seconds).
2026-05-15 06:37:06.760751+0530 Yoga of Eating[16572:133577] [[FirebaseCore]] 12.7.0 - [FirebaseCore][I-COR000003] The default Firebase app has not yet been configured. Add `FirebaseApp.configure()` to your application initialization. This can be done in in the App Delegate's application(_:didFinishLaunchingWithOptions:)` (or the `@main` struct's initializer in SwiftUI). Read more: https://firebase.google.com/docs/ios/setup#initialize_firebase_in_your_app
Test Case '-[Yoga_of_EatingTests.MainViewModelReflectTests test_updateReflectJournalText_persistsToSnapshot]' started.
2026-05-15 06:37:06.761241+0530 Yoga of Eating[16572:133577] [[FirebaseCore]] 12.7.0 - [FirebaseCore][I-COR000003] The default Firebase app has not yet been configured. Add `FirebaseApp.configure()` to your application initialization. This can be done in in the App Delegate's application(_:didFinishLaunchingWithOptions:)` (or the `@main` struct's initializer in SwiftUI). Read more: https://firebase.google.com/docs/ios/setup#initialize_firebase_in_your_app
Test Case '-[Yoga_of_EatingTests.MainViewModelReflectTests test_updateReflectJournalText_persistsToSnapshot]' passed (0.000 seconds).
Test Case '-[Yoga_of_EatingTests.MainViewModelReflectTests test_updateReflectJournalText_updatesExistingEntry]' started.
2026-05-15 06:37:06.761940+0530 Yoga of Eating[16572:133577] [[FirebaseCore]] 12.7.0 - [FirebaseCore][I-COR000003] The default Firebase app has not yet been configured. Add `FirebaseApp.configure()` to your application initialization. This can be done in in the App Delegate's application(_:didFinishLaunchingWithOptions:)` (or the `@main` struct's initializer in SwiftUI). Read more: https://firebase.google.com/docs/ios/setup#initialize_firebase_in_your_app
Test Case '-[Yoga_of_EatingTests.MainViewModelReflectTests test_updateReflectJournalText_updatesExistingEntry]' passed (0.001 seconds).
Test Suite 'MainViewModelReflectTests' passed at 2026-05-15 06:37:06.762.
	 Executed 14 tests, with 0 failures (0 unexpected) in 0.018 (0.021) seconds
Test Suite 'MainViewModelTests' started at 2026-05-15 06:37:06.762.
Test Case '-[Yoga_of_EatingTests.MainViewModelTests test_addingMeal_updatesStateAndMeals]' started.
2026-05-15 06:37:06.762752+0530 Yoga of Eating[16572:133577] [[FirebaseCore]] 12.7.0 - [FirebaseCore][I-COR000003] The default Firebase app has not yet been configured. Add `FirebaseApp.configure()` to your application initialization. This can be done in in the App Delegate's application(_:didFinishLaunchingWithOptions:)` (or the `@main` struct's initializer in SwiftUI). Read more: https://firebase.google.com/docs/ios/setup#initialize_firebase_in_your_app
Test Case '-[Yoga_of_EatingTests.MainViewModelTests test_addingMeal_updatesStateAndMeals]' passed (0.002 seconds).
Test Case '-[Yoga_of_EatingTests.MainViewModelTests test_copyMealToToday_createsNewMealWithTodayTimestamp]' started.
2026-05-15 06:37:06.765370+0530 Yoga of Eating[16572:133577] [[FirebaseCore]] 12.7.0 - [FirebaseCore][I-COR000003] The default Firebase app has not yet been configured. Add `FirebaseApp.configure()` to your application initialization. This can be done in in the App Delegate's application(_:didFinishLaunchingWithOptions:)` (or the `@main` struct's initializer in SwiftUI). Read more: https://firebase.google.com/docs/ios/setup#initialize_firebase_in_your_app
Test Case '-[Yoga_of_EatingTests.MainViewModelTests test_copyMealToToday_createsNewMealWithTodayTimestamp]' passed (0.001 seconds).
Test Case '-[Yoga_of_EatingTests.MainViewModelTests test_copyMealToToday_preservesItemsAndMealType]' started.
2026-05-15 06:37:06.766231+0530 Yoga of Eating[16572:133573] [[FirebaseCore]] 12.7.0 - [FirebaseCore][I-COR000003] The default Firebase app has not yet been configured. Add `FirebaseApp.configure()` to your application initialization. This can be done in in the App Delegate's application(_:didFinishLaunchingWithOptions:)` (or the `@main` struct's initializer in SwiftUI). Read more: https://firebase.google.com/docs/ios/setup#initialize_firebase_in_your_app
Test Case '-[Yoga_of_EatingTests.MainViewModelTests test_copyMealToToday_preservesItemsAndMealType]' passed (0.001 seconds).
Test Case '-[Yoga_of_EatingTests.MainViewModelTests test_createNewMeal_capturesCurrentTimestamp]' started.
2026-05-15 06:37:06.766870+0530 Yoga of Eating[16572:133573] [[FirebaseCore]] 12.7.0 - [FirebaseCore][I-COR000003] The default Firebase app has not yet been configured. Add `FirebaseApp.configure()` to your application initialization. This can be done in in the App Delegate's application(_:didFinishLaunchingWithOptions:)` (or the `@main` struct's initializer in SwiftUI). Read more: https://firebase.google.com/docs/ios/setup#initialize_firebase_in_your_app
Test Case '-[Yoga_of_EatingTests.MainViewModelTests test_createNewMeal_capturesCurrentTimestamp]' passed (0.000 seconds).
Test Case '-[Yoga_of_EatingTests.MainViewModelTests test_createNewMeal_timestampIsSavedToPersistence]' started.
2026-05-15 06:37:06.767392+0530 Yoga of Eating[16572:133578] [[FirebaseCore]] 12.7.0 - [FirebaseCore][I-COR000003] The default Firebase app has not yet been configured. Add `FirebaseApp.configure()` to your application initialization. This can be done in in the App Delegate's application(_:didFinishLaunchingWithOptions:)` (or the `@main` struct's initializer in SwiftUI). Read more: https://firebase.google.com/docs/ios/setup#initialize_firebase_in_your_app
Test Case '-[Yoga_of_EatingTests.MainViewModelTests test_createNewMeal_timestampIsSavedToPersistence]' passed (0.000 seconds).
Test Case '-[Yoga_of_EatingTests.MainViewModelTests test_deleteAllData_clearsAllState]' started.
2026-05-15 06:37:06.767874+0530 Yoga of Eating[16572:133577] [[FirebaseCore]] 12.7.0 - [FirebaseCore][I-COR000003] The default Firebase app has not yet been configured. Add `FirebaseApp.configure()` to your application initialization. This can be done in in the App Delegate's application(_:didFinishLaunchingWithOptions:)` (or the `@main` struct's initializer in SwiftUI). Read more: https://firebase.google.com/docs/ios/setup#initialize_firebase_in_your_app
Test Case '-[Yoga_of_EatingTests.MainViewModelTests test_deleteAllData_clearsAllState]' passed (0.002 seconds).
Test Case '-[Yoga_of_EatingTests.MainViewModelTests test_deletingMeal_updatesState]' started.
2026-05-15 06:37:06.769673+0530 Yoga of Eating[16572:133577] [[FirebaseCore]] 12.7.0 - [FirebaseCore][I-COR000003] The default Firebase app has not yet been configured. Add `FirebaseApp.configure()` to your application initialization. This can be done in in the App Delegate's application(_:didFinishLaunchingWithOptions:)` (or the `@main` struct's initializer in SwiftUI). Read more: https://firebase.google.com/docs/ios/setup#initialize_firebase_in_your_app
2026-05-15 06:37:06.769975+0530 Yoga of Eating[16572:133548] [MainViewModel.Lifecycle] Cloud restore skipped — user has explicitly deleted all data on this device.
2026-05-15 06:37:06.788030+0530 Yoga of Eating[16572:133548] [plugin] AddInstanceForFactory: No factory registered for id <CFUUID 0x10df4e780> F8BB1C28-BAE8-11D6-9C31-00039315CD46
Test Case '-[Yoga_of_EatingTests.MainViewModelTests test_deletingMeal_updatesState]' passed (0.031 seconds).
Test Case '-[Yoga_of_EatingTests.MainViewModelTests test_fastingPeriods_emptyForSingleMeal]' started.
2026-05-15 06:37:06.800908+0530 Yoga of Eating[16572:133548] [MainViewModel.Lifecycle] Cloud restore skipped — user has explicitly deleted all data on this device.
Test Case '-[Yoga_of_EatingTests.MainViewModelTests test_fastingPeriods_emptyForSingleMeal]' passed (0.001 seconds).
Test Case '-[Yoga_of_EatingTests.MainViewModelTests test_fastingPeriods_isCachedCorrectly]' started.
2026-05-15 06:37:06.801109+0530 Yoga of Eating[16572:133575] [[FirebaseCore]] 12.7.0 - [FirebaseCore][I-COR000003] The default Firebase app has not yet been configured. Add `FirebaseApp.configure()` to your application initialization. This can be done in in the App Delegate's application(_:didFinishLaunchingWithOptions:)` (or the `@main` struct's initializer in SwiftUI). Read more: https://firebase.google.com/docs/ios/setup#initialize_firebase_in_your_app
2026-05-15 06:37:06.801513+0530 Yoga of Eating[16572:133548] [MainViewModel.Lifecycle] Cloud restore skipped — user has explicitly deleted all data on this device.
Test Case '-[Yoga_of_EatingTests.MainViewModelTests test_fastingPeriods_isCachedCorrectly]' passed (0.000 seconds).
Test Case '-[Yoga_of_EatingTests.MainViewModelTests test_getRecentUniqueMeals_deduplicatesByItems]' started.
2026-05-15 06:37:06.802252+0530 Yoga of Eating[16572:133548] [MainViewModel.Lifecycle] Cloud restore skipped — user has explicitly deleted all data on this device.
2026-05-15 06:37:06.801678+0530 Yoga of Eating[16572:133575] [[FirebaseCore]] 12.7.0 - [FirebaseCore][I-COR000003] The default Firebase app has not yet been configured. Add `FirebaseApp.configure()` to your application initialization. This can be done in in the App Delegate's application(_:didFinishLaunchingWithOptions:)` (or the `@main` struct's initializer in SwiftUI). Read more: https://firebase.google.com/docs/ios/setup#initialize_firebase_in_your_app
Test Case '-[Yoga_of_EatingTests.MainViewModelTests test_getRecentUniqueMeals_deduplicatesByItems]' passed (0.001 seconds).
2026-05-15 06:37:06.802918+0530 Yoga of Eating[16572:133575] [[FirebaseCore]] 12.7.0 - [FirebaseCore][I-COR000003] The default Firebase app has not yet been configured. Add `FirebaseApp.configure()` to your application initialization. This can be done in in the App Delegate's application(_:didFinishLaunchingWithOptions:)` (or the `@main` struct's initializer in SwiftUI). Read more: https://firebase.google.com/docs/ios/setup#initialize_firebase_in_your_app
Test Case '-[Yoga_of_EatingTests.MainViewModelTests test_getRecentUniqueMeals_returnsEmptyWhenNoHistory]' started.
2026-05-15 06:37:06.803192+0530 Yoga of Eating[16572:133548] [MainViewModel.Lifecycle] Cloud restore skipped — user has explicitly deleted all data on this device.
2026-05-15 06:37:06.803315+0530 Yoga of Eating[16572:133575] [[FirebaseCore]] 12.7.0 - [FirebaseCore][I-COR000003] The default Firebase app has not yet been configured. Add `FirebaseApp.configure()` to your application initialization. This can be done in in the App Delegate's application(_:didFinishLaunchingWithOptions:)` (or the `@main` struct's initializer in SwiftUI). Read more: https://firebase.google.com/docs/ios/setup#initialize_firebase_in_your_app
Test Case '-[Yoga_of_EatingTests.MainViewModelTests test_getRecentUniqueMeals_returnsEmptyWhenNoHistory]' passed (0.000 seconds).
Test Case '-[Yoga_of_EatingTests.MainViewModelTests test_getRecentUniqueMeals_returnsLast3DaysMeals]' started.
2026-05-15 06:37:06.803881+0530 Yoga of Eating[16572:133548] [MainViewModel.Lifecycle] Cloud restore skipped — user has explicitly deleted all data on this device.
2026-05-15 06:37:06.803940+0530 Yoga of Eating[16572:133572] [[FirebaseCore]] 12.7.0 - [FirebaseCore][I-COR000003] The default Firebase app has not yet been configured. Add `FirebaseApp.configure()` to your application initialization. This can be done in in the App Delegate's application(_:didFinishLaunchingWithOptions:)` (or the `@main` struct's initializer in SwiftUI). Read more: https://firebase.google.com/docs/ios/setup#initialize_firebase_in_your_app
Test Case '-[Yoga_of_EatingTests.MainViewModelTests test_getRecentUniqueMeals_returnsLast3DaysMeals]' passed (0.001 seconds).
Test Case '-[Yoga_of_EatingTests.MainViewModelTests test_initialState_isNeutral]' started.
2026-05-15 06:37:06.804967+0530 Yoga of Eating[16572:133548] [MainViewModel.Lifecycle] Cloud restore skipped — user has explicitly deleted all data on this device.
Test Case '-[Yoga_of_EatingTests.MainViewModelTests test_initialState_isNeutral]' passed (0.000 seconds).
2026-05-15 06:37:06.805046+0530 Yoga of Eating[16572:133578] [[FirebaseCore]] 12.7.0 - [FirebaseCore][I-COR000003] The default Firebase app has not yet been configured. Add `FirebaseApp.configure()` to your application initialization. This can be done in in the App Delegate's application(_:didFinishLaunchingWithOptions:)` (or the `@main` struct's initializer in SwiftUI). Read more: https://firebase.google.com/docs/ios/setup#initialize_firebase_in_your_app
Test Case '-[Yoga_of_EatingTests.MainViewModelTests test_meals_updatesWhenMealCreated]' started.
2026-05-15 06:37:06.805568+0530 Yoga of Eating[16572:133548] [MainViewModel.Lifecycle] Cloud restore skipped — user has explicitly deleted all data on this device.
2026-05-15 06:37:06.805594+0530 Yoga of Eating[16572:133578] [[FirebaseCore]] 12.7.0 - [FirebaseCore][I-COR000003] The default Firebase app has not yet been configured. Add `FirebaseApp.configure()` to your application initialization. This can be done in in the App Delegate's application(_:didFinishLaunchingWithOptions:)` (or the `@main` struct's initializer in SwiftUI). Read more: https://firebase.google.com/docs/ios/setup#initialize_firebase_in_your_app
Test Case '-[Yoga_of_EatingTests.MainViewModelTests test_meals_updatesWhenMealCreated]' passed (0.001 seconds).
Test Case '-[Yoga_of_EatingTests.MainViewModelTests test_mealsAreSortedCorrectly_viaFastingPeriods]' started.
2026-05-15 06:37:06.806467+0530 Yoga of Eating[16572:133548] [MainViewModel.Lifecycle] Cloud restore skipped — user has explicitly deleted all data on this device.
2026-05-15 06:37:06.806506+0530 Yoga of Eating[16572:133573] [[FirebaseCore]] 12.7.0 - [FirebaseCore][I-COR000003] The default Firebase app has not yet been configured. Add `FirebaseApp.configure()` to your application initialization. This can be done in in the App Delegate's application(_:didFinishLaunchingWithOptions:)` (or the `@main` struct's initializer in SwiftUI). Read more: https://firebase.google.com/docs/ios/setup#initialize_firebase_in_your_app
Test Case '-[Yoga_of_EatingTests.MainViewModelTests test_mealsAreSortedCorrectly_viaFastingPeriods]' passed (0.005 seconds).
Test Case '-[Yoga_of_EatingTests.MainViewModelTests test_multipleMeals_haveDistinctTimestamps]' started.
2026-05-15 06:37:06.811915+0530 Yoga of Eating[16572:133548] [MainViewModel.Lifecycle] Cloud restore skipped — user has explicitly deleted all data on this device.
2026-05-15 06:37:06.811918+0530 Yoga of Eating[16572:133573] [[FirebaseCore]] 12.7.0 - [FirebaseCore][I-COR000003] The default Firebase app has not yet been configured. Add `FirebaseApp.configure()` to your application initialization. This can be done in in the App Delegate's application(_:didFinishLaunchingWithOptions:)` (or the `@main` struct's initializer in SwiftUI). Read more: https://firebase.google.com/docs/ios/setup#initialize_firebase_in_your_app
Test Case '-[Yoga_of_EatingTests.MainViewModelTests test_multipleMeals_haveDistinctTimestamps]' passed (0.013 seconds).
Test Case '-[Yoga_of_EatingTests.MainViewModelTests test_performDeepAnalysis_handlesFailureGracefully]' started.
2026-05-15 06:37:06.824736+0530 Yoga of Eating[16572:133572] [[FirebaseCore]] 12.7.0 - [FirebaseCore][I-COR000003] The default Firebase app has not yet been configured. Add `FirebaseApp.configure()` to your application initialization. This can be done in in the App Delegate's application(_:didFinishLaunchingWithOptions:)` (or the `@main` struct's initializer in SwiftUI). Read more: https://firebase.google.com/docs/ios/setup#initialize_firebase_in_your_app
2026-05-15 06:37:06.824746+0530 Yoga of Eating[16572:133548] [MainViewModel.Lifecycle] Cloud restore skipped — user has explicitly deleted all data on this device.
2026-05-15 06:37:06.826550+0530 Yoga of Eating[16572:133548] [MainViewModel.Lifecycle] Cloud restore skipped — user has explicitly deleted all data on this device.
2026-05-15 06:37:06.827619+0530 Yoga of Eating[16572:133574] [[FirebaseCore]] 12.7.0 - [FirebaseCore][I-COR000003] The default Firebase app has not yet been configured. Add `FirebaseApp.configure()` to your application initialization. This can be done in in the App Delegate's application(_:didFinishLaunchingWithOptions:)` (or the `@main` struct's initializer in SwiftUI). Read more: https://firebase.google.com/docs/ios/setup#initialize_firebase_in_your_app
2026-05-15 06:37:06.828912+0530 Yoga of Eating[16572:133548] [AIAnalysisCoordinator] AI analysis failed (meal redacted for privacy)
2026-05-15 06:37:06.830746+0530 Yoga of Eating[16572:133572] [ActivityData] Energy query failed: Authorization not determined
2026-05-15 06:37:06.830857+0530 Yoga of Eating[16572:133572] [ActivityData] Energy query failed: Authorization not determined
2026-05-15 06:37:06.831021+0530 Yoga of Eating[16572:133575] [ActivityData] Energy query failed: Authorization not determined
2026-05-15 06:37:06.831292+0530 Yoga of Eating[16572:133548] [MainViewModel.Lifecycle] Activity data refreshed
2026-05-15 06:37:06.831409+0530 Yoga of Eating[16572:133575] [ActivityData] Energy query failed: Authorization not determined
2026-05-15 06:37:06.831538+0530 Yoga of Eating[16572:133548] [MainViewModel.Lifecycle] Activity data refreshed
Test Case '-[Yoga_of_EatingTests.MainViewModelTests test_performDeepAnalysis_handlesFailureGracefully]' passed (0.105 seconds).
Test Case '-[Yoga_of_EatingTests.MainViewModelTests test_performDeepAnalysis_preventsDuplicateRequests]' started.
2026-05-15 06:37:06.929610+0530 Yoga of Eating[16572:133548] [MainViewModel.Lifecycle] Cloud restore skipped — user has explicitly deleted all data on this device.
2026-05-15 06:37:06.929657+0530 Yoga of Eating[16572:133574] [[FirebaseCore]] 12.7.0 - [FirebaseCore][I-COR000003] The default Firebase app has not yet been configured. Add `FirebaseApp.configure()` to your application initialization. This can be done in in the App Delegate's application(_:didFinishLaunchingWithOptions:)` (or the `@main` struct's initializer in SwiftUI). Read more: https://firebase.google.com/docs/ios/setup#initialize_firebase_in_your_app
2026-05-15 06:37:06.929983+0530 Yoga of Eating[16572:133548] [MainViewModel.Lifecycle] Cloud restore skipped — user has explicitly deleted all data on this device.
2026-05-15 06:37:06.929979+0530 Yoga of Eating[16572:133574] [[FirebaseCore]] 12.7.0 - [FirebaseCore][I-COR000003] The default Firebase app has not yet been configured. Add `FirebaseApp.configure()` to your application initialization. This can be done in in the App Delegate's application(_:didFinishLaunchingWithOptions:)` (or the `@main` struct's initializer in SwiftUI). Read more: https://firebase.google.com/docs/ios/setup#initialize_firebase_in_your_app
2026-05-15 06:37:06.931717+0530 Yoga of Eating[16572:133578] [ActivityData] Energy query failed: Authorization not determined
2026-05-15 06:37:06.931803+0530 Yoga of Eating[16572:133573] [ActivityData] Energy query failed: Authorization not determined
2026-05-15 06:37:06.931858+0530 Yoga of Eating[16572:133548] [MainViewModel.Lifecycle] Activity data refreshed
2026-05-15 06:37:06.931899+0530 Yoga of Eating[16572:133573] [ActivityData] Energy query failed: Authorization not determined
2026-05-15 06:37:06.932326+0530 Yoga of Eating[16572:133572] [ActivityData] Energy query failed: Authorization not determined
2026-05-15 06:37:06.932383+0530 Yoga of Eating[16572:133548] [MainViewModel.Lifecycle] Activity data refreshed
Test Case '-[Yoga_of_EatingTests.MainViewModelTests test_performDeepAnalysis_preventsDuplicateRequests]' passed (0.157 seconds).
Test Case '-[Yoga_of_EatingTests.MainViewModelTests test_performDeepAnalysis_updatesHealthScoreFromAI]' started.
2026-05-15 06:37:07.087396+0530 Yoga of Eating[16572:133548] [MainViewModel.Lifecycle] Cloud restore skipped — user has explicitly deleted all data on this device.
2026-05-15 06:37:07.087726+0530 Yoga of Eating[16572:133548] [MainViewModel.Lifecycle] Cloud restore skipped — user has explicitly deleted all data on this device.
2026-05-15 06:37:07.089501+0530 Yoga of Eating[16572:133578] [ActivityData] Energy query failed: Authorization not determined
2026-05-15 06:37:07.089689+0530 Yoga of Eating[16572:133575] [ActivityData] Energy query failed: Authorization not determined
2026-05-15 06:37:07.089806+0530 Yoga of Eating[16572:133548] [MainViewModel.Lifecycle] Activity data refreshed
2026-05-15 06:37:07.090633+0530 Yoga of Eating[16572:133644] [ActivityData] Energy query failed: Authorization not determined
2026-05-15 06:37:07.090460+0530 Yoga of Eating[16572:133572] [[FirebaseCore]] 12.7.0 - [FirebaseCore][I-COR000003] The default Firebase app has not yet been configured. Add `FirebaseApp.configure()` to your application initialization. This can be done in in the App Delegate's application(_:didFinishLaunchingWithOptions:)` (or the `@main` struct's initializer in SwiftUI). Read more: https://firebase.google.com/docs/ios/setup#initialize_firebase_in_your_app
2026-05-15 06:37:07.090917+0530 Yoga of Eating[16572:133644] [ActivityData] Energy query failed: Authorization not determined
2026-05-15 06:37:07.091021+0530 Yoga of Eating[16572:133548] [MainViewModel.Lifecycle] Activity data refreshed
2026-05-15 06:37:07.091133+0530 Yoga of Eating[16572:133572] [[FirebaseCore]] 12.7.0 - [FirebaseCore][I-COR000003] The default Firebase app has not yet been configured. Add `FirebaseApp.configure()` to your application initialization. This can be done in in the App Delegate's application(_:didFinishLaunchingWithOptions:)` (or the `@main` struct's initializer in SwiftUI). Read more: https://firebase.google.com/docs/ios/setup#initialize_firebase_in_your_app
Test Case '-[Yoga_of_EatingTests.MainViewModelTests test_performDeepAnalysis_updatesHealthScoreFromAI]' passed (0.107 seconds).
Test Case '-[Yoga_of_EatingTests.MainViewModelTests test_resetDay_archivesData]' started.
2026-05-15 06:37:07.195196+0530 Yoga of Eating[16572:133548] [MainViewModel.Lifecycle] Cloud restore skipped — user has explicitly deleted all data on this device.
2026-05-15 06:37:07.195129+0530 Yoga of Eating[16572:133572] [[FirebaseCore]] 12.7.0 - [FirebaseCore][I-COR000003] The default Firebase app has not yet been configured. Add `FirebaseApp.configure()` to your application initialization. This can be done in in the App Delegate's application(_:didFinishLaunchingWithOptions:)` (or the `@main` struct's initializer in SwiftUI). Read more: https://firebase.google.com/docs/ios/setup#initialize_firebase_in_your_app
Test Case '-[Yoga_of_EatingTests.MainViewModelTests test_resetDay_archivesData]' passed (0.024 seconds).
Test Case '-[Yoga_of_EatingTests.MainViewModelTests test_resetDay_clearsEverything]' started.
2026-05-15 06:37:07.218859+0530 Yoga of Eating[16572:133578] [[FirebaseCore]] 12.7.0 - [FirebaseCore][I-COR000003] The default Firebase app has not yet been configured. Add `FirebaseApp.configure()` to your application initialization. This can be done in in the App Delegate's application(_:didFinishLaunchingWithOptions:)` (or the `@main` struct's initializer in SwiftUI). Read more: https://firebase.google.com/docs/ios/setup#initialize_firebase_in_your_app
2026-05-15 06:37:07.218909+0530 Yoga of Eating[16572:133548] [MainViewModel.Lifecycle] Cloud restore skipped — user has explicitly deleted all data on this device.
Test Case '-[Yoga_of_EatingTests.MainViewModelTests test_resetDay_clearsEverything]' passed (0.001 seconds).
Test Case '-[Yoga_of_EatingTests.MainViewModelTests test_saveEveningMindCheck_updatesHistoricalData]' started.
2026-05-15 06:37:07.220238+0530 Yoga of Eating[16572:133548] [MainViewModel.Lifecycle] Cloud restore skipped — user has explicitly deleted all data on this device.
2026-05-15 06:37:07.220353+0530 Yoga of Eating[16572:133644] [[FirebaseCore]] 12.7.0 - [FirebaseCore][I-COR000003] The default Firebase app has not yet been configured. Add `FirebaseApp.configure()` to your application initialization. This can be done in in the App Delegate's application(_:didFinishLaunchingWithOptions:)` (or the `@main` struct's initializer in SwiftUI). Read more: https://firebase.google.com/docs/ios/setup#initialize_firebase_in_your_app
Test Case '-[Yoga_of_EatingTests.MainViewModelTests test_saveEveningMindCheck_updatesHistoricalData]' passed (0.020 seconds).
Test Case '-[Yoga_of_EatingTests.MainViewModelTests test_saveMorningMindCheck_updatesHistoricalData]' started.
2026-05-15 06:37:07.240677+0530 Yoga of Eating[16572:133578] [[FirebaseCore]] 12.7.0 - [FirebaseCore][I-COR000003] The default Firebase app has not yet been configured. Add `FirebaseApp.configure()` to your application initialization. This can be done in in the App Delegate's application(_:didFinishLaunchingWithOptions:)` (or the `@main` struct's initializer in SwiftUI). Read more: https://firebase.google.com/docs/ios/setup#initialize_firebase_in_your_app
2026-05-15 06:37:07.240727+0530 Yoga of Eating[16572:133548] [MainViewModel.Lifecycle] Cloud restore skipped — user has explicitly deleted all data on this device.
Test Case '-[Yoga_of_EatingTests.MainViewModelTests test_saveMorningMindCheck_updatesHistoricalData]' passed (0.001 seconds).
Test Case '-[Yoga_of_EatingTests.MainViewModelTests test_todaysEveningMindCheck_returnsEntriesWhenLogged]' started.
2026-05-15 06:37:07.241808+0530 Yoga of Eating[16572:133548] [MainViewModel.Lifecycle] Cloud restore skipped — user has explicitly deleted all data on this device.
2026-05-15 06:37:07.241825+0530 Yoga of Eating[16572:133578] [[FirebaseCore]] 12.7.0 - [FirebaseCore][I-COR000003] The default Firebase app has not yet been configured. Add `FirebaseApp.configure()` to your application initialization. This can be done in in the App Delegate's application(_:didFinishLaunchingWithOptions:)` (or the `@main` struct's initializer in SwiftUI). Read more: https://firebase.google.com/docs/ios/setup#initialize_firebase_in_your_app
Test Case '-[Yoga_of_EatingTests.MainViewModelTests test_todaysEveningMindCheck_returnsEntriesWhenLogged]' passed (0.001 seconds).
Test Case '-[Yoga_of_EatingTests.MainViewModelTests test_todaysMorningMindCheck_returnsEntriesWhenLogged]' started.
2026-05-15 06:37:07.242657+0530 Yoga of Eating[16572:133548] [MainViewModel.Lifecycle] Cloud restore skipped — user has explicitly deleted all data on this device.
2026-05-15 06:37:07.242834+0530 Yoga of Eating[16572:133572] [[FirebaseCore]] 12.7.0 - [FirebaseCore][I-COR000003] The default Firebase app has not yet been configured. Add `FirebaseApp.configure()` to your application initialization. This can be done in in the App Delegate's application(_:didFinishLaunchingWithOptions:)` (or the `@main` struct's initializer in SwiftUI). Read more: https://firebase.google.com/docs/ios/setup#initialize_firebase_in_your_app
Test Case '-[Yoga_of_EatingTests.MainViewModelTests test_todaysMorningMindCheck_returnsEntriesWhenLogged]' passed (0.001 seconds).
Test Case '-[Yoga_of_EatingTests.MainViewModelTests test_updateMeal_doesNotChangeTimestamp]' started.
2026-05-15 06:37:07.243460+0530 Yoga of Eating[16572:133548] [MainViewModel.Lifecycle] Cloud restore skipped — user has explicitly deleted all data on this device.
2026-05-15 06:37:07.243507+0530 Yoga of Eating[16572:133572] [[FirebaseCore]] 12.7.0 - [FirebaseCore][I-COR000003] The default Firebase app has not yet been configured. Add `FirebaseApp.configure()` to your application initialization. This can be done in in the App Delegate's application(_:didFinishLaunchingWithOptions:)` (or the `@main` struct's initializer in SwiftUI). Read more: https://firebase.google.com/docs/ios/setup#initialize_firebase_in_your_app
Test Case '-[Yoga_of_EatingTests.MainViewModelTests test_updateMeal_doesNotChangeTimestamp]' passed (0.001 seconds).
Test Case '-[Yoga_of_EatingTests.MainViewModelTests test_updateMealTimestamp_changesTimestamp]' started.
2026-05-15 06:37:07.244294+0530 Yoga of Eating[16572:133548] [MainViewModel.Lifecycle] Cloud restore skipped — user has explicitly deleted all data on this device.
2026-05-15 06:37:07.244321+0530 Yoga of Eating[16572:133644] [[FirebaseCore]] 12.7.0 - [FirebaseCore][I-COR000003] The default Firebase app has not yet been configured. Add `FirebaseApp.configure()` to your application initialization. This can be done in in the App Delegate's application(_:didFinishLaunchingWithOptions:)` (or the `@main` struct's initializer in SwiftUI). Read more: https://firebase.google.com/docs/ios/setup#initialize_firebase_in_your_app
Test Case '-[Yoga_of_EatingTests.MainViewModelTests test_updateMealTimestamp_changesTimestamp]' passed (0.000 seconds).
Test Case '-[Yoga_of_EatingTests.MainViewModelTests test_updateMealTimestamp_invalidId_doesNothing]' started.
2026-05-15 06:37:07.244953+0530 Yoga of Eating[16572:133548] [MainViewModel.Lifecycle] Cloud restore skipped — user has explicitly deleted all data on this device.
Test Case '-[Yoga_of_EatingTests.MainViewModelTests test_updateMealTimestamp_invalidId_doesNothing]' passed (0.000 seconds).
Test Case '-[Yoga_of_EatingTests.MainViewModelTests test_updateMealTimestamp_preservesOtherMealProperties]' started.
2026-05-15 06:37:07.245635+0530 Yoga of Eating[16572:133548] [MainViewModel.Lifecycle] Cloud restore skipped — user has explicitly deleted all data on this device.
2026-05-15 06:37:07.245458+0530 Yoga of Eating[16572:133574] [[FirebaseCore]] 12.7.0 - [FirebaseCore][I-COR000003] The default Firebase app has not yet been configured. Add `FirebaseApp.configure()` to your application initialization. This can be done in in the App Delegate's application(_:didFinishLaunchingWithOptions:)` (or the `@main` struct's initializer in SwiftUI). Read more: https://firebase.google.com/docs/ios/setup#initialize_firebase_in_your_app
Test Case '-[Yoga_of_EatingTests.MainViewModelTests test_updateMealTimestamp_preservesOtherMealProperties]' passed (0.001 seconds).
Test Case '-[Yoga_of_EatingTests.MainViewModelTests test_updateMealTimestamp_savesPersistence]' started.
2026-05-15 06:37:07.246493+0530 Yoga of Eating[16572:133548] [MainViewModel.Lifecycle] Cloud restore skipped — user has explicitly deleted all data on this device.
Test Case '-[Yoga_of_EatingTests.MainViewModelTests test_updateMealTimestamp_savesPersistence]' passed (0.000 seconds).
2026-05-15 06:37:07.246238+0530 Yoga of Eating[16572:133574] [[FirebaseCore]] 12.7.0 - [FirebaseCore][I-COR000003] The default Firebase app has not yet been configured. Add `FirebaseApp.configure()` to your application initialization. This can be done in in the App Delegate's application(_:didFinishLaunchingWithOptions:)` (or the `@main` struct's initializer in SwiftUI). Read more: https://firebase.google.com/docs/ios/setup#initialize_firebase_in_your_app
2026-05-15 06:37:07.246863+0530 Yoga of Eating[16572:133574] [[FirebaseCore]] 12.7.0 - [FirebaseCore][I-COR000003] The default Firebase app has not yet been configured. Add `FirebaseApp.configure()` to your application initialization. This can be done in in the App Delegate's application(_:didFinishLaunchingWithOptions:)` (or the `@main` struct's initializer in SwiftUI). Read more: https://firebase.google.com/docs/ios/setup#initialize_firebase_in_your_app
Test Case '-[Yoga_of_EatingTests.MainViewModelTests test_updatingMeal_withTypeAndItems_updatesCorrectly]' started.
2026-05-15 06:37:07.247163+0530 Yoga of Eating[16572:133548] [MainViewModel.Lifecycle] Cloud restore skipped — user has explicitly deleted all data on this device.
2026-05-15 06:37:07.247216+0530 Yoga of Eating[16572:133578] [[FirebaseCore]] 12.7.0 - [FirebaseCore][I-COR000003] The default Firebase app has not yet been configured. Add `FirebaseApp.configure()` to your application initialization. This can be done in in the App Delegate's application(_:didFinishLaunchingWithOptions:)` (or the `@main` struct's initializer in SwiftUI). Read more: https://firebase.google.com/docs/ios/setup#initialize_firebase_in_your_app
Test Case '-[Yoga_of_EatingTests.MainViewModelTests test_updatingMeal_withTypeAndItems_updatesCorrectly]' passed (0.001 seconds).
Test Suite 'MainViewModelTests' passed at 2026-05-15 06:37:07.248.
	 Executed 31 tests, with 0 failures (0 unexpected) in 0.478 (0.485) seconds
Test Suite 'MainViewModelTextSignalIntegrationTests' started at 2026-05-15 06:37:07.248.
Test Case '-[Yoga_of_EatingTests.MainViewModelTextSignalIntegrationTests test_signals_neverContainUserText]' started.
2026-05-15 06:37:07.248124+0530 Yoga of Eating[16572:133644] [[FirebaseCore]] 12.7.0 - [FirebaseCore][I-COR000003] The default Firebase app has not yet been configured. Add `FirebaseApp.configure()` to your application initialization. This can be done in in the App Delegate's application(_:didFinishLaunchingWithOptions:)` (or the `@main` struct's initializer in SwiftUI). Read more: https://firebase.google.com/docs/ios/setup#initialize_firebase_in_your_app
2026-05-15 06:37:07.248202+0530 Yoga of Eating[16572:133644] [[FirebaseCore]] 12.7.0 - [FirebaseCore][I-COR000003] The default Firebase app has not yet been configured. Add `FirebaseApp.configure()` to your application initialization. This can be done in in the App Delegate's application(_:didFinishLaunchingWithOptions:)` (or the `@main` struct's initializer in SwiftUI). Read more: https://firebase.google.com/docs/ios/setup#initialize_firebase_in_your_app
Test Case '-[Yoga_of_EatingTests.MainViewModelTextSignalIntegrationTests test_signals_neverContainUserText]' passed (0.001 seconds).
Test Case '-[Yoga_of_EatingTests.MainViewModelTextSignalIntegrationTests test_updateHighlightMorningThoughts_clear_storesClearSignal]' started.
2026-05-15 06:37:07.248969+0530 Yoga of Eating[16572:133644] [[FirebaseCore]] 12.7.0 - [FirebaseCore][I-COR000003] The default Firebase app has not yet been configured. Add `FirebaseApp.configure()` to your application initialization. This can be done in in the App Delegate's application(_:didFinishLaunchingWithOptions:)` (or the `@main` struct's initializer in SwiftUI). Read more: https://firebase.google.com/docs/ios/setup#initialize_firebase_in_your_app
2026-05-15 06:37:07.249035+0530 Yoga of Eating[16572:133644] [[FirebaseCore]] 12.7.0 - [FirebaseCore][I-COR000003] The default Firebase app has not yet been configured. Add `FirebaseApp.configure()` to your application initialization. This can be done in in the App Delegate's application(_:didFinishLaunchingWithOptions:)` (or the `@main` struct's initializer in SwiftUI). Read more: https://firebase.google.com/docs/ios/setup#initialize_firebase_in_your_app
Test Case '-[Yoga_of_EatingTests.MainViewModelTextSignalIntegrationTests test_updateHighlightMorningThoughts_clear_storesClearSignal]' passed (0.007 seconds).
Test Case '-[Yoga_of_EatingTests.MainViewModelTextSignalIntegrationTests test_updateHighlightMorningThoughts_empty_storesNeutralSignal]' started.
2026-05-15 06:37:07.256241+0530 Yoga of Eating[16572:133575] [[FirebaseCore]] 12.7.0 - [FirebaseCore][I-COR000003] The default Firebase app has not yet been configured. Add `FirebaseApp.configure()` to your application initialization. This can be done in in the App Delegate's application(_:didFinishLaunchingWithOptions:)` (or the `@main` struct's initializer in SwiftUI). Read more: https://firebase.google.com/docs/ios/setup#initialize_firebase_in_your_app
2026-05-15 06:37:07.256384+0530 Yoga of Eating[16572:133575] [[FirebaseCore]] 12.7.0 - [FirebaseCore][I-COR000003] The default Firebase app has not yet been configured. Add `FirebaseApp.configure()` to your application initialization. This can be done in in the App Delegate's application(_:didFinishLaunchingWithOptions:)` (or the `@main` struct's initializer in SwiftUI). Read more: https://firebase.google.com/docs/ios/setup#initialize_firebase_in_your_app
Test Case '-[Yoga_of_EatingTests.MainViewModelTextSignalIntegrationTests test_updateHighlightMorningThoughts_empty_storesNeutralSignal]' passed (0.001 seconds).
Test Case '-[Yoga_of_EatingTests.MainViewModelTextSignalIntegrationTests test_updateHighlightMorningThoughts_grateful_storesGratefulSignal]' started.
2026-05-15 06:37:07.256893+0530 Yoga of Eating[16572:133644] [[FirebaseCore]] 12.7.0 - [FirebaseCore][I-COR000003] The default Firebase app has not yet been configured. Add `FirebaseApp.configure()` to your application initialization. This can be done in in the App Delegate's application(_:didFinishLaunchingWithOptions:)` (or the `@main` struct's initializer in SwiftUI). Read more: https://firebase.google.com/docs/ios/setup#initialize_firebase_in_your_app
2026-05-15 06:37:07.257088+0530 Yoga of Eating[16572:133644] [[FirebaseCore]] 12.7.0 - [FirebaseCore][I-COR000003] The default Firebase app has not yet been configured. Add `FirebaseApp.configure()` to your application initialization. This can be done in in the App Delegate's application(_:didFinishLaunchingWithOptions:)` (or the `@main` struct's initializer in SwiftUI). Read more: https://firebase.google.com/docs/ios/setup#initialize_firebase_in_your_app
Test Case '-[Yoga_of_EatingTests.MainViewModelTextSignalIntegrationTests test_updateHighlightMorningThoughts_grateful_storesGratefulSignal]' passed (0.001 seconds).
Test Case '-[Yoga_of_EatingTests.MainViewModelTextSignalIntegrationTests test_updateHighlightMorningThoughts_plainText_storesNeutralSignal]' started.
2026-05-15 06:37:07.257621+0530 Yoga of Eating[16572:133575] [[FirebaseCore]] 12.7.0 - [FirebaseCore][I-COR000003] The default Firebase app has not yet been configured. Add `FirebaseApp.configure()` to your application initialization. This can be done in in the App Delegate's application(_:didFinishLaunchingWithOptions:)` (or the `@main` struct's initializer in SwiftUI). Read more: https://firebase.google.com/docs/ios/setup#initialize_firebase_in_your_app
2026-05-15 06:37:07.257703+0530 Yoga of Eating[16572:133575] [[FirebaseCore]] 12.7.0 - [FirebaseCore][I-COR000003] The default Firebase app has not yet been configured. Add `FirebaseApp.configure()` to your application initialization. This can be done in in the App Delegate's application(_:didFinishLaunchingWithOptions:)` (or the `@main` struct's initializer in SwiftUI). Read more: https://firebase.google.com/docs/ios/setup#initialize_firebase_in_your_app
Test Case '-[Yoga_of_EatingTests.MainViewModelTextSignalIntegrationTests test_updateHighlightMorningThoughts_plainText_storesNeutralSignal]' passed (0.001 seconds).
Test Case '-[Yoga_of_EatingTests.MainViewModelTextSignalIntegrationTests test_updateHighlightMorningThoughts_stressed_storesStressedSignal]' started.
2026-05-15 06:37:07.258392+0530 Yoga of Eating[16572:133575] [[FirebaseCore]] 12.7.0 - [FirebaseCore][I-COR000003] The default Firebase app has not yet been configured. Add `FirebaseApp.configure()` to your application initialization. This can be done in in the App Delegate's application(_:didFinishLaunchingWithOptions:)` (or the `@main` struct's initializer in SwiftUI). Read more: https://firebase.google.com/docs/ios/setup#initialize_firebase_in_your_app
2026-05-15 06:37:07.258464+0530 Yoga of Eating[16572:133575] [[FirebaseCore]] 12.7.0 - [FirebaseCore][I-COR000003] The default Firebase app has not yet been configured. Add `FirebaseApp.configure()` to your application initialization. This can be done in in the App Delegate's application(_:didFinishLaunchingWithOptions:)` (or the `@main` struct's initializer in SwiftUI). Read more: https://firebase.google.com/docs/ios/setup#initialize_firebase_in_your_app
Test Case '-[Yoga_of_EatingTests.MainViewModelTextSignalIntegrationTests test_updateHighlightMorningThoughts_stressed_storesStressedSignal]' passed (0.001 seconds).
Test Case '-[Yoga_of_EatingTests.MainViewModelTextSignalIntegrationTests test_updateReflectJournalText_grateful_storesGratefulSignal]' started.
2026-05-15 06:37:07.259173+0530 Yoga of Eating[16572:133578] [[FirebaseCore]] 12.7.0 - [FirebaseCore][I-COR000003] The default Firebase app has not yet been configured. Add `FirebaseApp.configure()` to your application initialization. This can be done in in the App Delegate's application(_:didFinishLaunchingWithOptions:)` (or the `@main` struct's initializer in SwiftUI). Read more: https://firebase.google.com/docs/ios/setup#initialize_firebase_in_your_app
Test Case '-[Yoga_of_EatingTests.MainViewModelTextSignalIntegrationTests test_updateReflectJournalText_grateful_storesGratefulSignal]' passed (0.001 seconds).
2026-05-15 06:37:07.259332+0530 Yoga of Eating[16572:133578] [[FirebaseCore]] 12.7.0 - [FirebaseCore][I-COR000003] The default Firebase app has not yet been configured. Add `FirebaseApp.configure()` to your application initialization. This can be done in in the App Delegate's application(_:didFinishLaunchingWithOptions:)` (or the `@main` struct's initializer in SwiftUI). Read more: https://firebase.google.com/docs/ios/setup#initialize_firebase_in_your_app
Test Case '-[Yoga_of_EatingTests.MainViewModelTextSignalIntegrationTests test_updateReflectJournalText_overwhelmed_storesOverwhelmedSignal]' started.
2026-05-15 06:37:07.259905+0530 Yoga of Eating[16572:133574] [[FirebaseCore]] 12.7.0 - [FirebaseCore][I-COR000003] The default Firebase app has not yet been configured. Add `FirebaseApp.configure()` to your application initialization. This can be done in in the App Delegate's application(_:didFinishLaunchingWithOptions:)` (or the `@main` struct's initializer in SwiftUI). Read more: https://firebase.google.com/docs/ios/setup#initialize_firebase_in_your_app
2026-05-15 06:37:07.260007+0530 Yoga of Eating[16572:133574] [[FirebaseCore]] 12.7.0 - [FirebaseCore][I-COR000003] The default Firebase app has not yet been configured. Add `FirebaseApp.configure()` to your application initialization. This can be done in in the App Delegate's application(_:didFinishLaunchingWithOptions:)` (or the `@main` struct's initializer in SwiftUI). Read more: https://firebase.google.com/docs/ios/setup#initialize_firebase_in_your_app
Test Case '-[Yoga_of_EatingTests.MainViewModelTextSignalIntegrationTests test_updateReflectJournalText_overwhelmed_storesOverwhelmedSignal]' passed (0.001 seconds).
Test Case '-[Yoga_of_EatingTests.MainViewModelTextSignalIntegrationTests test_updateReflectJournalText_plainText_storesNeutralSignal]' started.
2026-05-15 06:37:07.260477+0530 Yoga of Eating[16572:133574] [[FirebaseCore]] 12.7.0 - [FirebaseCore][I-COR000003] The default Firebase app has not yet been configured. Add `FirebaseApp.configure()` to your application initialization. This can be done in in the App Delegate's application(_:didFinishLaunchingWithOptions:)` (or the `@main` struct's initializer in SwiftUI). Read more: https://firebase.google.com/docs/ios/setup#initialize_firebase_in_your_app
2026-05-15 06:37:07.260589+0530 Yoga of Eating[16572:133574] [[FirebaseCore]] 12.7.0 - [FirebaseCore][I-COR000003] The default Firebase app has not yet been configured. Add `FirebaseApp.configure()` to your application initialization. This can be done in in the App Delegate's application(_:didFinishLaunchingWithOptions:)` (or the `@main` struct's initializer in SwiftUI). Read more: https://firebase.google.com/docs/ios/setup#initialize_firebase_in_your_app
Test Case '-[Yoga_of_EatingTests.MainViewModelTextSignalIntegrationTests test_updateReflectJournalText_plainText_storesNeutralSignal]' passed (0.000 seconds).
Test Case '-[Yoga_of_EatingTests.MainViewModelTextSignalIntegrationTests test_updateReflectJournalText_selfCompassionate_storesSelfCompassionateSignal]' started.
2026-05-15 06:37:07.261116+0530 Yoga of Eating[16572:133575] [[FirebaseCore]] 12.7.0 - [FirebaseCore][I-COR000003] The default Firebase app has not yet been configured. Add `FirebaseApp.configure()` to your application initialization. This can be done in in the App Delegate's application(_:didFinishLaunchingWithOptions:)` (or the `@main` struct's initializer in SwiftUI). Read more: https://firebase.google.com/docs/ios/setup#initialize_firebase_in_your_app
2026-05-15 06:37:07.261244+0530 Yoga of Eating[16572:133575] [[FirebaseCore]] 12.7.0 - [FirebaseCore][I-COR000003] The default Firebase app has not yet been configured. Add `FirebaseApp.configure()` to your application initialization. This can be done in in the App Delegate's application(_:didFinishLaunchingWithOptions:)` (or the `@main` struct's initializer in SwiftUI). Read more: https://firebase.google.com/docs/ios/setup#initialize_firebase_in_your_app
Test Case '-[Yoga_of_EatingTests.MainViewModelTextSignalIntegrationTests test_updateReflectJournalText_selfCompassionate_storesSelfCompassionateSignal]' passed (0.000 seconds).
Test Suite 'MainViewModelTextSignalIntegrationTests' passed at 2026-05-15 06:37:07.261.
	 Executed 10 tests, with 0 failures (0 unexpected) in 0.012 (0.014) seconds
Test Suite 'MainViewModelValidationIntegrationTests' started at 2026-05-15 06:37:07.262.
Test Case '-[Yoga_of_EatingTests.MainViewModelValidationIntegrationTests test_afterValidationError_validInputSucceeds]' started.
2026-05-15 06:37:07.262535+0530 Yoga of Eating[16572:133578] [[FirebaseCore]] 12.7.0 - [FirebaseCore][I-COR000003] The default Firebase app has not yet been configured. Add `FirebaseApp.configure()` to your application initialization. This can be done in in the App Delegate's application(_:didFinishLaunchingWithOptions:)` (or the `@main` struct's initializer in SwiftUI). Read more: https://firebase.google.com/docs/ios/setup#initialize_firebase_in_your_app
2026-05-15 06:37:07.262694+0530 Yoga of Eating[16572:133578] [[FirebaseCore]] 12.7.0 - [FirebaseCore][I-COR000003] The default Firebase app has not yet been configured. Add `FirebaseApp.configure()` to your application initialization. This can be done in in the App Delegate's application(_:didFinishLaunchingWithOptions:)` (or the `@main` struct's initializer in SwiftUI). Read more: https://firebase.google.com/docs/ios/setup#initialize_firebase_in_your_app
Test Case '-[Yoga_of_EatingTests.MainViewModelValidationIntegrationTests test_afterValidationError_validInputSucceeds]' passed (0.006 seconds).
Test Case '-[Yoga_of_EatingTests.MainViewModelValidationIntegrationTests test_allFieldsWithValidData_allPersist]' started.
2026-05-15 06:37:07.268466+0530 Yoga of Eating[16572:133575] [[FirebaseCore]] 12.7.0 - [FirebaseCore][I-COR000003] The default Firebase app has not yet been configured. Add `FirebaseApp.configure()` to your application initialization. This can be done in in the App Delegate's application(_:didFinishLaunchingWithOptions:)` (or the `@main` struct's initializer in SwiftUI). Read more: https://firebase.google.com/docs/ios/setup#initialize_firebase_in_your_app
2026-05-15 06:37:07.268729+0530 Yoga of Eating[16572:133575] [[FirebaseCore]] 12.7.0 - [FirebaseCore][I-COR000003] The default Firebase app has not yet been configured. Add `FirebaseApp.configure()` to your application initialization. This can be done in in the App Delegate's application(_:didFinishLaunchingWithOptions:)` (or the `@main` struct's initializer in SwiftUI). Read more: https://firebase.google.com/docs/ios/setup#initialize_firebase_in_your_app
Test Case '-[Yoga_of_EatingTests.MainViewModelValidationIntegrationTests test_allFieldsWithValidData_allPersist]' passed (0.001 seconds).
Test Case '-[Yoga_of_EatingTests.MainViewModelValidationIntegrationTests test_controlCharacters_filtered]' started.
2026-05-15 06:37:07.269868+0530 Yoga of Eating[16572:133578] [[FirebaseCore]] 12.7.0 - [FirebaseCore][I-COR000003] The default Firebase app has not yet been configured. Add `FirebaseApp.configure()` to your application initialization. This can be done in in the App Delegate's application(_:didFinishLaunchingWithOptions:)` (or the `@main` struct's initializer in SwiftUI). Read more: https://firebase.google.com/docs/ios/setup#initialize_firebase_in_your_app
Test Case '-[Yoga_of_EatingTests.MainViewModelValidationIntegrationTests test_controlCharacters_filtered]' passed (0.001 seconds).
2026-05-15 06:37:07.270262+0530 Yoga of Eating[16572:133578] [[FirebaseCore]] 12.7.0 - [FirebaseCore][I-COR000003] The default Firebase app has not yet been configured. Add `FirebaseApp.configure()` to your application initialization. This can be done in in the App Delegate's application(_:didFinishLaunchingWithOptions:)` (or the `@main` struct's initializer in SwiftUI). Read more: https://firebase.google.com/docs/ios/setup#initialize_firebase_in_your_app
Test Case '-[Yoga_of_EatingTests.MainViewModelValidationIntegrationTests test_emojis_preserved]' started.
2026-05-15 06:37:07.270795+0530 Yoga of Eating[16572:133574] [[FirebaseCore]] 12.7.0 - [FirebaseCore][I-COR000003] The default Firebase app has not yet been configured. Add `FirebaseApp.configure()` to your application initialization. This can be done in in the App Delegate's application(_:didFinishLaunchingWithOptions:)` (or the `@main` struct's initializer in SwiftUI). Read more: https://firebase.google.com/docs/ios/setup#initialize_firebase_in_your_app
2026-05-15 06:37:07.270904+0530 Yoga of Eating[16572:133574] [[FirebaseCore]] 12.7.0 - [FirebaseCore][I-COR000003] The default Firebase app has not yet been configured. Add `FirebaseApp.configure()` to your application initialization. This can be done in in the App Delegate's application(_:didFinishLaunchingWithOptions:)` (or the `@main` struct's initializer in SwiftUI). Read more: https://firebase.google.com/docs/ios/setup#initialize_firebase_in_your_app
Test Case '-[Yoga_of_EatingTests.MainViewModelValidationIntegrationTests test_emojis_preserved]' passed (0.001 seconds).
Test Case '-[Yoga_of_EatingTests.MainViewModelValidationIntegrationTests test_emptyOptionalField_journalEntry_succeeds]' started.
2026-05-15 06:37:07.271595+0530 Yoga of Eating[16572:133578] [[FirebaseCore]] 12.7.0 - [FirebaseCore][I-COR000003] The default Firebase app has not yet been configured. Add `FirebaseApp.configure()` to your application initialization. This can be done in in the App Delegate's application(_:didFinishLaunchingWithOptions:)` (or the `@main` struct's initializer in SwiftUI). Read more: https://firebase.google.com/docs/ios/setup#initialize_firebase_in_your_app
2026-05-15 06:37:07.271681+0530 Yoga of Eating[16572:133578] [[FirebaseCore]] 12.7.0 - [FirebaseCore][I-COR000003] The default Firebase app has not yet been configured. Add `FirebaseApp.configure()` to your application initialization. This can be done in in the App Delegate's application(_:didFinishLaunchingWithOptions:)` (or the `@main` struct's initializer in SwiftUI). Read more: https://firebase.google.com/docs/ios/setup#initialize_firebase_in_your_app
Test Case '-[Yoga_of_EatingTests.MainViewModelValidationIntegrationTests test_emptyOptionalField_journalEntry_succeeds]' passed (0.001 seconds).
Test Case '-[Yoga_of_EatingTests.MainViewModelValidationIntegrationTests test_emptyOptionalField_morningThoughts_succeeds]' started.
2026-05-15 06:37:07.272461+0530 Yoga of Eating[16572:133577] [[FirebaseCore]] 12.7.0 - [FirebaseCore][I-COR000003] The default Firebase app has not yet been configured. Add `FirebaseApp.configure()` to your application initialization. This can be done in in the App Delegate's application(_:didFinishLaunchingWithOptions:)` (or the `@main` struct's initializer in SwiftUI). Read more: https://firebase.google.com/docs/ios/setup#initialize_firebase_in_your_app
2026-05-15 06:37:07.272541+0530 Yoga of Eating[16572:133577] [[FirebaseCore]] 12.7.0 - [FirebaseCore][I-COR000003] The default Firebase app has not yet been configured. Add `FirebaseApp.configure()` to your application initialization. This can be done in in the App Delegate's application(_:didFinishLaunchingWithOptions:)` (or the `@main` struct's initializer in SwiftUI). Read more: https://firebase.google.com/docs/ios/setup#initialize_firebase_in_your_app
Test Case '-[Yoga_of_EatingTests.MainViewModelValidationIntegrationTests test_emptyOptionalField_morningThoughts_succeeds]' passed (0.001 seconds).
Test Case '-[Yoga_of_EatingTests.MainViewModelValidationIntegrationTests test_emptyOptionalField_sleepNotes_succeeds]' started.
2026-05-15 06:37:07.273195+0530 Yoga of Eating[16572:133577] [[FirebaseCore]] 12.7.0 - [FirebaseCore][I-COR000003] The default Firebase app has not yet been configured. Add `FirebaseApp.configure()` to your application initialization. This can be done in in the App Delegate's application(_:didFinishLaunchingWithOptions:)` (or the `@main` struct's initializer in SwiftUI). Read more: https://firebase.google.com/docs/ios/setup#initialize_firebase_in_your_app
Test Case '-[Yoga_of_EatingTests.MainViewModelValidationIntegrationTests test_emptyOptionalField_sleepNotes_succeeds]' passed (0.001 seconds).
2026-05-15 06:37:07.273303+0530 Yoga of Eating[16572:133577] [[FirebaseCore]] 12.7.0 - [FirebaseCore][I-COR000003] The default Firebase app has not yet been configured. Add `FirebaseApp.configure()` to your application initialization. This can be done in in the App Delegate's application(_:didFinishLaunchingWithOptions:)` (or the `@main` struct's initializer in SwiftUI). Read more: https://firebase.google.com/docs/ios/setup#initialize_firebase_in_your_app
Test Case '-[Yoga_of_EatingTests.MainViewModelValidationIntegrationTests test_emptyRequiredField_todoItem_isRejected]' started.
2026-05-15 06:37:07.273913+0530 Yoga of Eating[16572:133577] [[FirebaseCore]] 12.7.0 - [FirebaseCore][I-COR000003] The default Firebase app has not yet been configured. Add `FirebaseApp.configure()` to your application initialization. This can be done in in the App Delegate's application(_:didFinishLaunchingWithOptions:)` (or the `@main` struct's initializer in SwiftUI). Read more: https://firebase.google.com/docs/ios/setup#initialize_firebase_in_your_app
Test Case '-[Yoga_of_EatingTests.MainViewModelValidationIntegrationTests test_emptyRequiredField_todoItem_isRejected]' passed (0.000 seconds).
Test Case '-[Yoga_of_EatingTests.MainViewModelValidationIntegrationTests test_greaterThanOperator_allowedInMealDescription]' started.
2026-05-15 06:37:07.274116+0530 Yoga of Eating[16572:133577] [[FirebaseCore]] 12.7.0 - [FirebaseCore][I-COR000003] The default Firebase app has not yet been configured. Add `FirebaseApp.configure()` to your application initialization. This can be done in in the App Delegate's application(_:didFinishLaunchingWithOptions:)` (or the `@main` struct's initializer in SwiftUI). Read more: https://firebase.google.com/docs/ios/setup#initialize_firebase_in_your_app
2026-05-15 06:37:07.274492+0530 Yoga of Eating[16572:133577] [[FirebaseCore]] 12.7.0 - [FirebaseCore][I-COR000003] The default Firebase app has not yet been configured. Add `FirebaseApp.configure()` to your application initialization. This can be done in in the App Delegate's application(_:didFinishLaunchingWithOptions:)` (or the `@main` struct's initializer in SwiftUI). Read more: https://firebase.google.com/docs/ios/setup#initialize_firebase_in_your_app
2026-05-15 06:37:07.274551+0530 Yoga of Eating[16572:133577] [[FirebaseCore]] 12.7.0 - [FirebaseCore][I-COR000003] The default Firebase app has not yet been configured. Add `FirebaseApp.configure()` to your application initialization. This can be done in in the App Delegate's application(_:didFinishLaunchingWithOptions:)` (or the `@main` struct's initializer in SwiftUI). Read more: https://firebase.google.com/docs/ios/setup#initialize_firebase_in_your_app
Test Case '-[Yoga_of_EatingTests.MainViewModelValidationIntegrationTests test_greaterThanOperator_allowedInMealDescription]' passed (0.002 seconds).
Test Case '-[Yoga_of_EatingTests.MainViewModelValidationIntegrationTests test_iframeTag_isDetectedAndBlocked]' started.
2026-05-15 06:37:07.276693+0530 Yoga of Eating[16572:133577] [[FirebaseCore]] 12.7.0 - [FirebaseCore][I-COR000003] The default Firebase app has not yet been configured. Add `FirebaseApp.configure()` to your application initialization. This can be done in in the App Delegate's application(_:didFinishLaunchingWithOptions:)` (or the `@main` struct's initializer in SwiftUI). Read more: https://firebase.google.com/docs/ios/setup#initialize_firebase_in_your_app
Test Case '-[Yoga_of_EatingTests.MainViewModelValidationIntegrationTests test_iframeTag_isDetectedAndBlocked]' passed (0.001 seconds).
2026-05-15 06:37:07.276879+0530 Yoga of Eating[16572:133577] [[FirebaseCore]] 12.7.0 - [FirebaseCore][I-COR000003] The default Firebase app has not yet been configured. Add `FirebaseApp.configure()` to your application initialization. This can be done in in the App Delegate's application(_:didFinishLaunchingWithOptions:)` (or the `@main` struct's initializer in SwiftUI). Read more: https://firebase.google.com/docs/ios/setup#initialize_firebase_in_your_app
Test Case '-[Yoga_of_EatingTests.MainViewModelValidationIntegrationTests test_imageTag_isDetectedAndBlocked]' started.
2026-05-15 06:37:07.277280+0530 Yoga of Eating[16572:133577] [[FirebaseCore]] 12.7.0 - [FirebaseCore][I-COR000003] The default Firebase app has not yet been configured. Add `FirebaseApp.configure()` to your application initialization. This can be done in in the App Delegate's application(_:didFinishLaunchingWithOptions:)` (or the `@main` struct's initializer in SwiftUI). Read more: https://firebase.google.com/docs/ios/setup#initialize_firebase_in_your_app
Test Case '-[Yoga_of_EatingTests.MainViewModelValidationIntegrationTests test_imageTag_isDetectedAndBlocked]' passed (0.000 seconds).
2026-05-15 06:37:07.277539+0530 Yoga of Eating[16572:133577] [[FirebaseCore]] 12.7.0 - [FirebaseCore][I-COR000003] The default Firebase app has not yet been configured. Add `FirebaseApp.configure()` to your application initialization. This can be done in in the App Delegate's application(_:didFinishLaunchingWithOptions:)` (or the `@main` struct's initializer in SwiftUI). Read more: https://firebase.google.com/docs/ios/setup#initialize_firebase_in_your_app
Test Case '-[Yoga_of_EatingTests.MainViewModelValidationIntegrationTests test_internalWhitespace_preserved]' started.
2026-05-15 06:37:07.277888+0530 Yoga of Eating[16572:133577] [[FirebaseCore]] 12.7.0 - [FirebaseCore][I-COR000003] The default Firebase app has not yet been configured. Add `FirebaseApp.configure()` to your application initialization. This can be done in in the App Delegate's application(_:didFinishLaunchingWithOptions:)` (or the `@main` struct's initializer in SwiftUI). Read more: https://firebase.google.com/docs/ios/setup#initialize_firebase_in_your_app
2026-05-15 06:37:07.277969+0530 Yoga of Eating[16572:133577] [[FirebaseCore]] 12.7.0 - [FirebaseCore][I-COR000003] The default Firebase app has not yet been configured. Add `FirebaseApp.configure()` to your application initialization. This can be done in in the App Delegate's application(_:didFinishLaunchingWithOptions:)` (or the `@main` struct's initializer in SwiftUI). Read more: https://firebase.google.com/docs/ios/setup#initialize_firebase_in_your_app
Test Case '-[Yoga_of_EatingTests.MainViewModelValidationIntegrationTests test_internalWhitespace_preserved]' passed (0.001 seconds).
Test Case '-[Yoga_of_EatingTests.MainViewModelValidationIntegrationTests test_invalidJournalText_blocksPeristence_setsError]' started.
2026-05-15 06:37:07.278658+0530 Yoga of Eating[16572:133574] [[FirebaseCore]] 12.7.0 - [FirebaseCore][I-COR000003] The default Firebase app has not yet been configured. Add `FirebaseApp.configure()` to your application initialization. This can be done in in the App Delegate's application(_:didFinishLaunchingWithOptions:)` (or the `@main` struct's initializer in SwiftUI). Read more: https://firebase.google.com/docs/ios/setup#initialize_firebase_in_your_app
2026-05-15 06:37:07.278834+0530 Yoga of Eating[16572:133574] [[FirebaseCore]] 12.7.0 - [FirebaseCore][I-COR000003] The default Firebase app has not yet been configured. Add `FirebaseApp.configure()` to your application initialization. This can be done in in the App Delegate's application(_:didFinishLaunchingWithOptions:)` (or the `@main` struct's initializer in SwiftUI). Read more: https://firebase.google.com/docs/ios/setup#initialize_firebase_in_your_app
Test Case '-[Yoga_of_EatingTests.MainViewModelValidationIntegrationTests test_invalidJournalText_blocksPeristence_setsError]' passed (0.005 seconds).
Test Case '-[Yoga_of_EatingTests.MainViewModelValidationIntegrationTests test_invalidMorningThoughts_blocksPeristence_setsError]' started.
2026-05-15 06:37:07.284591+0530 Yoga of Eating[16572:133578] [[FirebaseCore]] 12.7.0 - [FirebaseCore][I-COR000003] The default Firebase app has not yet been configured. Add `FirebaseApp.configure()` to your application initialization. This can be done in in the App Delegate's application(_:didFinishLaunchingWithOptions:)` (or the `@main` struct's initializer in SwiftUI). Read more: https://firebase.google.com/docs/ios/setup#initialize_firebase_in_your_app
Test Case '-[Yoga_of_EatingTests.MainViewModelValidationIntegrationTests test_invalidMorningThoughts_blocksPeristence_setsError]' passed (0.001 seconds).
Test Case '-[Yoga_of_EatingTests.MainViewModelValidationIntegrationTests test_invalidSleepNotes_blocksPeristence_setsError]' started.
2026-05-15 06:37:07.284706+0530 Yoga of Eating[16572:133578] [[FirebaseCore]] 12.7.0 - [FirebaseCore][I-COR000003] The default Firebase app has not yet been configured. Add `FirebaseApp.configure()` to your application initialization. This can be done in in the App Delegate's application(_:didFinishLaunchingWithOptions:)` (or the `@main` struct's initializer in SwiftUI). Read more: https://firebase.google.com/docs/ios/setup#initialize_firebase_in_your_app
Test Case '-[Yoga_of_EatingTests.MainViewModelValidationIntegrationTests test_invalidSleepNotes_blocksPeristence_setsError]' passed (0.001 seconds).
Test Case '-[Yoga_of_EatingTests.MainViewModelValidationIntegrationTests test_invalidTodoItem_blocksAddition_setsError]' started.
2026-05-15 06:37:07.285533+0530 Yoga of Eating[16572:133578] [[FirebaseCore]] 12.7.0 - [FirebaseCore][I-COR000003] The default Firebase app has not yet been configured. Add `FirebaseApp.configure()` to your application initialization. This can be done in in the App Delegate's application(_:didFinishLaunchingWithOptions:)` (or the `@main` struct's initializer in SwiftUI). Read more: https://firebase.google.com/docs/ios/setup#initialize_firebase_in_your_app
Test Case '-[Yoga_of_EatingTests.MainViewModelValidationIntegrationTests test_invalidTodoItem_blocksAddition_setsError]' passed (0.000 seconds).
Test Case '-[Yoga_of_EatingTests.MainViewModelValidationIntegrationTests test_javascriptProtocol_isDetectedAndBlocked]' started.
Test Case '-[Yoga_of_EatingTests.MainViewModelValidationIntegrationTests test_javascriptProtocol_isDetectedAndBlocked]' passed (0.000 seconds).
Test Case '-[Yoga_of_EatingTests.MainViewModelValidationIntegrationTests test_journalEntry_exceedingMaxLength_isTruncated]' started.
2026-05-15 06:37:07.286699+0530 Yoga of Eating[16572:133578] [[FirebaseCore]] 12.7.0 - [FirebaseCore][I-COR000003] The default Firebase app has not yet been configured. Add `FirebaseApp.configure()` to your application initialization. This can be done in in the App Delegate's application(_:didFinishLaunchingWithOptions:)` (or the `@main` struct's initializer in SwiftUI). Read more: https://firebase.google.com/docs/ios/setup#initialize_firebase_in_your_app
2026-05-15 06:37:07.287382+0530 Yoga of Eating[16572:133578] [[FirebaseCore]] 12.7.0 - [FirebaseCore][I-COR000003] The default Firebase app has not yet been configured. Add `FirebaseApp.configure()` to your application initialization. This can be done in in the App Delegate's application(_:didFinishLaunchingWithOptions:)` (or the `@main` struct's initializer in SwiftUI). Read more: https://firebase.google.com/docs/ios/setup#initialize_firebase_in_your_app
2026-05-15 06:37:07.287509+0530 Yoga of Eating[16572:133578] [[FirebaseCore]] 12.7.0 - [FirebaseCore][I-COR000003] The default Firebase app has not yet been configured. Add `FirebaseApp.configure()` to your application initialization. This can be done in in the App Delegate's application(_:didFinishLaunchingWithOptions:)` (or the `@main` struct's initializer in SwiftUI). Read more: https://firebase.google.com/docs/ios/setup#initialize_firebase_in_your_app
2026-05-15 06:37:07.287982+0530 Yoga of Eating[16572:133578] [[FirebaseCore]] 12.7.0 - [FirebaseCore][I-COR000003] The default Firebase app has not yet been configured. Add `FirebaseApp.configure()` to your application initialization. This can be done in in the App Delegate's application(_:didFinishLaunchingWithOptions:)` (or the `@main` struct's initializer in SwiftUI). Read more: https://firebase.google.com/docs/ios/setup#initialize_firebase_in_your_app
2026-05-15 06:37:07.288138+0530 Yoga of Eating[16572:133578] [[FirebaseCore]] 12.7.0 - [FirebaseCore][I-COR000003] The default Firebase app has not yet been configured. Add `FirebaseApp.configure()` to your application initialization. This can be done in in the App Delegate's application(_:didFinishLaunchingWithOptions:)` (or the `@main` struct's initializer in SwiftUI). Read more: https://firebase.google.com/docs/ios/setup#initialize_firebase_in_your_app
2026-05-15 06:37:07.288207+0530 Yoga of Eating[16572:133578] [[FirebaseCore]] 12.7.0 - [FirebaseCore][I-COR000003] The default Firebase app has not yet been configured. Add `FirebaseApp.configure()` to your application initialization. This can be done in in the App Delegate's application(_:didFinishLaunchingWithOptions:)` (or the `@main` struct's initializer in SwiftUI). Read more: https://firebase.google.com/docs/ios/setup#initialize_firebase_in_your_app
2026-05-15 06:37:07.288888+0530 Yoga of Eating[16572:133578] [[FirebaseCore]] 12.7.0 - [FirebaseCore][I-COR000003] The default Firebase app has not yet been configured. Add `FirebaseApp.configure()` to your application initialization. This can be done in in the App Delegate's application(_:didFinishLaunchingWithOptions:)` (or the `@main` struct's initializer in SwiftUI). Read more: https://firebase.google.com/docs/ios/setup#initialize_firebase_in_your_app
Test Case '-[Yoga_of_EatingTests.MainViewModelValidationIntegrationTests test_journalEntry_exceedingMaxLength_isTruncated]' passed (0.003 seconds).
Test Case '-[Yoga_of_EatingTests.MainViewModelValidationIntegrationTests test_leadingTrailingWhitespace_isTrimmed]' started.
2026-05-15 06:37:07.290255+0530 Yoga of Eating[16572:133644] [[FirebaseCore]] 12.7.0 - [FirebaseCore][I-COR000003] The default Firebase app has not yet been configured. Add `FirebaseApp.configure()` to your application initialization. This can be done in in the App Delegate's application(_:didFinishLaunchingWithOptions:)` (or the `@main` struct's initializer in SwiftUI). Read more: https://firebase.google.com/docs/ios/setup#initialize_firebase_in_your_app
Test Case '-[Yoga_of_EatingTests.MainViewModelValidationIntegrationTests test_leadingTrailingWhitespace_isTrimmed]' passed (0.001 seconds).
2026-05-15 06:37:07.290355+0530 Yoga of Eating[16572:133644] [[FirebaseCore]] 12.7.0 - [FirebaseCore][I-COR000003] The default Firebase app has not yet been configured. Add `FirebaseApp.configure()` to your application initialization. This can be done in in the App Delegate's application(_:didFinishLaunchingWithOptions:)` (or the `@main` struct's initializer in SwiftUI). Read more: https://firebase.google.com/docs/ios/setup#initialize_firebase_in_your_app
Test Case '-[Yoga_of_EatingTests.MainViewModelValidationIntegrationTests test_lessThanOperator_allowedInMealDescription]' started.
2026-05-15 06:37:07.290979+0530 Yoga of Eating[16572:133578] [[FirebaseCore]] 12.7.0 - [FirebaseCore][I-COR000003] The default Firebase app has not yet been configured. Add `FirebaseApp.configure()` to your application initialization. This can be done in in the App Delegate's application(_:didFinishLaunchingWithOptions:)` (or the `@main` struct's initializer in SwiftUI). Read more: https://firebase.google.com/docs/ios/setup#initialize_firebase_in_your_app
2026-05-15 06:37:07.291057+0530 Yoga of Eating[16572:133578] [[FirebaseCore]] 12.7.0 - [FirebaseCore][I-COR000003] The default Firebase app has not yet been configured. Add `FirebaseApp.configure()` to your application initialization. This can be done in in the App Delegate's application(_:didFinishLaunchingWithOptions:)` (or the `@main` struct's initializer in SwiftUI). Read more: https://firebase.google.com/docs/ios/setup#initialize_firebase_in_your_app
Test Case '-[Yoga_of_EatingTests.MainViewModelValidationIntegrationTests test_lessThanOperator_allowedInMealDescription]' passed (0.001 seconds).
Test Case '-[Yoga_of_EatingTests.MainViewModelValidationIntegrationTests test_mealDescription_caseInsensitiveXSSDetection]' started.
2026-05-15 06:37:07.291569+0530 Yoga of Eating[16572:133575] [[FirebaseCore]] 12.7.0 - [FirebaseCore][I-COR000003] The default Firebase app has not yet been configured. Add `FirebaseApp.configure()` to your application initialization. This can be done in in the App Delegate's application(_:didFinishLaunchingWithOptions:)` (or the `@main` struct's initializer in SwiftUI). Read more: https://firebase.google.com/docs/ios/setup#initialize_firebase_in_your_app
Test Case '-[Yoga_of_EatingTests.MainViewModelValidationIntegrationTests test_mealDescription_caseInsensitiveXSSDetection]' passed (0.000 seconds).
2026-05-15 06:37:07.291637+0530 Yoga of Eating[16572:133575] [[FirebaseCore]] 12.7.0 - [FirebaseCore][I-COR000003] The default Firebase app has not yet been configured. Add `FirebaseApp.configure()` to your application initialization. This can be done in in the App Delegate's application(_:didFinishLaunchingWithOptions:)` (or the `@main` struct's initializer in SwiftUI). Read more: https://firebase.google.com/docs/ios/setup#initialize_firebase_in_your_app
Test Case '-[Yoga_of_EatingTests.MainViewModelValidationIntegrationTests test_mealDescription_withValidItems_succeeds]' started.
2026-05-15 06:37:07.292194+0530 Yoga of Eating[16572:133644] [[FirebaseCore]] 12.7.0 - [FirebaseCore][I-COR000003] The default Firebase app has not yet been configured. Add `FirebaseApp.configure()` to your application initialization. This can be done in in the App Delegate's application(_:didFinishLaunchingWithOptions:)` (or the `@main` struct's initializer in SwiftUI). Read more: https://firebase.google.com/docs/ios/setup#initialize_firebase_in_your_app
2026-05-15 06:37:07.292274+0530 Yoga of Eating[16572:133644] [[FirebaseCore]] 12.7.0 - [FirebaseCore][I-COR000003] The default Firebase app has not yet been configured. Add `FirebaseApp.configure()` to your application initialization. This can be done in in the App Delegate's application(_:didFinishLaunchingWithOptions:)` (or the `@main` struct's initializer in SwiftUI). Read more: https://firebase.google.com/docs/ios/setup#initialize_firebase_in_your_app
Test Case '-[Yoga_of_EatingTests.MainViewModelValidationIntegrationTests test_mealDescription_withValidItems_succeeds]' passed (0.001 seconds).
Test Case '-[Yoga_of_EatingTests.MainViewModelValidationIntegrationTests test_morningThoughts_atMaxLength_isPersisted]' started.
2026-05-15 06:37:07.292831+0530 Yoga of Eating[16572:133578] [[FirebaseCore]] 12.7.0 - [FirebaseCore][I-COR000003] The default Firebase app has not yet been configured. Add `FirebaseApp.configure()` to your application initialization. This can be done in in the App Delegate's application(_:didFinishLaunchingWithOptions:)` (or the `@main` struct's initializer in SwiftUI). Read more: https://firebase.google.com/docs/ios/setup#initialize_firebase_in_your_app
2026-05-15 06:37:07.292925+0530 Yoga of Eating[16572:133578] [[FirebaseCore]] 12.7.0 - [FirebaseCore][I-COR000003] The default Firebase app has not yet been configured. Add `FirebaseApp.configure()` to your application initialization. This can be done in in the App Delegate's application(_:didFinishLaunchingWithOptions:)` (or the `@main` struct's initializer in SwiftUI). Read more: https://firebase.google.com/docs/ios/setup#initialize_firebase_in_your_app
Test Case '-[Yoga_of_EatingTests.MainViewModelValidationIntegrationTests test_morningThoughts_atMaxLength_isPersisted]' passed (0.002 seconds).
Test Case '-[Yoga_of_EatingTests.MainViewModelValidationIntegrationTests test_multipleFieldErrors_lastErrorIsUpdated]' started.
Test Case '-[Yoga_of_EatingTests.MainViewModelValidationIntegrationTests test_multipleFieldErrors_lastErrorIsUpdated]' passed (0.001 seconds).
Test Case '-[Yoga_of_EatingTests.MainViewModelValidationIntegrationTests test_newlines_preserved]' started.
2026-05-15 06:37:07.295427+0530 Yoga of Eating[16572:133575] [[FirebaseCore]] 12.7.0 - [FirebaseCore][I-COR000003] The default Firebase app has not yet been configured. Add `FirebaseApp.configure()` to your application initialization. This can be done in in the App Delegate's application(_:didFinishLaunchingWithOptions:)` (or the `@main` struct's initializer in SwiftUI). Read more: https://firebase.google.com/docs/ios/setup#initialize_firebase_in_your_app
Test Case '-[Yoga_of_EatingTests.MainViewModelValidationIntegrationTests test_newlines_preserved]' passed (0.001 seconds).
2026-05-15 06:37:07.296017+0530 Yoga of Eating[16572:133575] [[FirebaseCore]] 12.7.0 - [FirebaseCore][I-COR000003] The default Firebase app has not yet been configured. Add `FirebaseApp.configure()` to your application initialization. This can be done in in the App Delegate's application(_:didFinishLaunchingWithOptions:)` (or the `@main` struct's initializer in SwiftUI). Read more: https://firebase.google.com/docs/ios/setup#initialize_firebase_in_your_app
Test Case '-[Yoga_of_EatingTests.MainViewModelValidationIntegrationTests test_nullBytes_filtered]' started.
2026-05-15 06:37:07.296348+0530 Yoga of Eating[16572:133575] [[FirebaseCore]] 12.7.0 - [FirebaseCore][I-COR000003] The default Firebase app has not yet been configured. Add `FirebaseApp.configure()` to your application initialization. This can be done in in the App Delegate's application(_:didFinishLaunchingWithOptions:)` (or the `@main` struct's initializer in SwiftUI). Read more: https://firebase.google.com/docs/ios/setup#initialize_firebase_in_your_app
2026-05-15 06:37:07.296588+0530 Yoga of Eating[16572:133575] [[FirebaseCore]] 12.7.0 - [FirebaseCore][I-COR000003] The default Firebase app has not yet been configured. Add `FirebaseApp.configure()` to your application initialization. This can be done in in the App Delegate's application(_:didFinishLaunchingWithOptions:)` (or the `@main` struct's initializer in SwiftUI). Read more: https://firebase.google.com/docs/ios/setup#initialize_firebase_in_your_app
Test Case '-[Yoga_of_EatingTests.MainViewModelValidationIntegrationTests test_nullBytes_filtered]' passed (0.000 seconds).
2026-05-15 06:37:07.296655+0530 Yoga of Eating[16572:133575] [[FirebaseCore]] 12.7.0 - [FirebaseCore][I-COR000003] The default Firebase app has not yet been configured. Add `FirebaseApp.configure()` to your application initialization. This can be done in in the App Delegate's application(_:didFinishLaunchingWithOptions:)` (or the `@main` struct's initializer in SwiftUI). Read more: https://firebase.google.com/docs/ios/setup#initialize_firebase_in_your_app
2026-05-15 06:37:07.296787+0530 Yoga of Eating[16572:133575] [[FirebaseCore]] 12.7.0 - [FirebaseCore][I-COR000003] The default Firebase app has not yet been configured. Add `FirebaseApp.configure()` to your application initialization. This can be done in in the App Delegate's application(_:didFinishLaunchingWithOptions:)` (or the `@main` struct's initializer in SwiftUI). Read more: https://firebase.google.com/docs/ios/setup#initialize_firebase_in_your_app
Test Case '-[Yoga_of_EatingTests.MainViewModelValidationIntegrationTests test_onclickEventHandler_isDetectedAndBlocked]' started.
2026-05-15 06:37:07.297212+0530 Yoga of Eating[16572:133574] [[FirebaseCore]] 12.7.0 - [FirebaseCore][I-COR000003] The default Firebase app has not yet been configured. Add `FirebaseApp.configure()` to your application initialization. This can be done in in the App Delegate's application(_:didFinishLaunchingWithOptions:)` (or the `@main` struct's initializer in SwiftUI). Read more: https://firebase.google.com/docs/ios/setup#initialize_firebase_in_your_app
Test Case '-[Yoga_of_EatingTests.MainViewModelValidationIntegrationTests test_onclickEventHandler_isDetectedAndBlocked]' passed (0.000 seconds).
2026-05-15 06:37:07.297277+0530 Yoga of Eating[16572:133574] [[FirebaseCore]] 12.7.0 - [FirebaseCore][I-COR000003] The default Firebase app has not yet been configured. Add `FirebaseApp.configure()` to your application initialization. This can be done in in the App Delegate's application(_:didFinishLaunchingWithOptions:)` (or the `@main` struct's initializer in SwiftUI). Read more: https://firebase.google.com/docs/ios/setup#initialize_firebase_in_your_app
Test Case '-[Yoga_of_EatingTests.MainViewModelValidationIntegrationTests test_oneInvalidField_setsErrorWithoutAffectingValidField]' started.
2026-05-15 06:37:07.297761+0530 Yoga of Eating[16572:133577] [[FirebaseCore]] 12.7.0 - [FirebaseCore][I-COR000003] The default Firebase app has not yet been configured. Add `FirebaseApp.configure()` to your application initialization. This can be done in in the App Delegate's application(_:didFinishLaunchingWithOptions:)` (or the `@main` struct's initializer in SwiftUI). Read more: https://firebase.google.com/docs/ios/setup#initialize_firebase_in_your_app
2026-05-15 06:37:07.297837+0530 Yoga of Eating[16572:133577] [[FirebaseCore]] 12.7.0 - [FirebaseCore][I-COR000003] The default Firebase app has not yet been configured. Add `FirebaseApp.configure()` to your application initialization. This can be done in in the App Delegate's application(_:didFinishLaunchingWithOptions:)` (or the `@main` struct's initializer in SwiftUI). Read more: https://firebase.google.com/docs/ios/setup#initialize_firebase_in_your_app
Test Case '-[Yoga_of_EatingTests.MainViewModelValidationIntegrationTests test_oneInvalidField_setsErrorWithoutAffectingValidField]' passed (0.000 seconds).
Test Case '-[Yoga_of_EatingTests.MainViewModelValidationIntegrationTests test_punctuation_preserved]' started.
2026-05-15 06:37:07.298367+0530 Yoga of Eating[16572:133574] [[FirebaseCore]] 12.7.0 - [FirebaseCore][I-COR000003] The default Firebase app has not yet been configured. Add `FirebaseApp.configure()` to your application initialization. This can be done in in the App Delegate's application(_:didFinishLaunchingWithOptions:)` (or the `@main` struct's initializer in SwiftUI). Read more: https://firebase.google.com/docs/ios/setup#initialize_firebase_in_your_app
2026-05-15 06:37:07.298439+0530 Yoga of Eating[16572:133574] [[FirebaseCore]] 12.7.0 - [FirebaseCore][I-COR000003] The default Firebase app has not yet been configured. Add `FirebaseApp.configure()` to your application initialization. This can be done in in the App Delegate's application(_:didFinishLaunchingWithOptions:)` (or the `@main` struct's initializer in SwiftUI). Read more: https://firebase.google.com/docs/ios/setup#initialize_firebase_in_your_app
Test Case '-[Yoga_of_EatingTests.MainViewModelValidationIntegrationTests test_punctuation_preserved]' passed (0.001 seconds).
Test Case '-[Yoga_of_EatingTests.MainViewModelValidationIntegrationTests test_repeatedPatternDetection_blocked]' started.
2026-05-15 06:37:07.299164+0530 Yoga of Eating[16572:133577] [[FirebaseCore]] 12.7.0 - [FirebaseCore][I-COR000003] The default Firebase app has not yet been configured. Add `FirebaseApp.configure()` to your application initialization. This can be done in in the App Delegate's application(_:didFinishLaunchingWithOptions:)` (or the `@main` struct's initializer in SwiftUI). Read more: https://firebase.google.com/docs/ios/setup#initialize_firebase_in_your_app
Test Case '-[Yoga_of_EatingTests.MainViewModelValidationIntegrationTests test_repeatedPatternDetection_blocked]' passed (0.001 seconds).
2026-05-15 06:37:07.299229+0530 Yoga of Eating[16572:133577] [[FirebaseCore]] 12.7.0 - [FirebaseCore][I-COR000003] The default Firebase app has not yet been configured. Add `FirebaseApp.configure()` to your application initialization. This can be done in in the App Delegate's application(_:didFinishLaunchingWithOptions:)` (or the `@main` struct's initializer in SwiftUI). Read more: https://firebase.google.com/docs/ios/setup#initialize_firebase_in_your_app
Test Case '-[Yoga_of_EatingTests.MainViewModelValidationIntegrationTests test_scriptTag_isDetectedAndBlocked]' started.
2026-05-15 06:37:07.299783+0530 Yoga of Eating[16572:133577] [[FirebaseCore]] 12.7.0 - [FirebaseCore][I-COR000003] The default Firebase app has not yet been configured. Add `FirebaseApp.configure()` to your application initialization. This can be done in in the App Delegate's application(_:didFinishLaunchingWithOptions:)` (or the `@main` struct's initializer in SwiftUI). Read more: https://firebase.google.com/docs/ios/setup#initialize_firebase_in_your_app
Test Case '-[Yoga_of_EatingTests.MainViewModelValidationIntegrationTests test_scriptTag_isDetectedAndBlocked]' passed (0.000 seconds).
2026-05-15 06:37:07.299846+0530 Yoga of Eating[16572:133577] [[FirebaseCore]] 12.7.0 - [FirebaseCore][I-COR000003] The default Firebase app has not yet been configured. Add `FirebaseApp.configure()` to your application initialization. This can be done in in the App Delegate's application(_:didFinishLaunchingWithOptions:)` (or the `@main` struct's initializer in SwiftUI). Read more: https://firebase.google.com/docs/ios/setup#initialize_firebase_in_your_app
Test Case '-[Yoga_of_EatingTests.MainViewModelValidationIntegrationTests test_singleCharacterInput_accepted]' started.
2026-05-15 06:37:07.300373+0530 Yoga of Eating[16572:133644] [[FirebaseCore]] 12.7.0 - [FirebaseCore][I-COR000003] The default Firebase app has not yet been configured. Add `FirebaseApp.configure()` to your application initialization. This can be done in in the App Delegate's application(_:didFinishLaunchingWithOptions:)` (or the `@main` struct's initializer in SwiftUI). Read more: https://firebase.google.com/docs/ios/setup#initialize_firebase_in_your_app
2026-05-15 06:37:07.300434+0530 Yoga of Eating[16572:133644] [[FirebaseCore]] 12.7.0 - [FirebaseCore][I-COR000003] The default Firebase app has not yet been configured. Add `FirebaseApp.configure()` to your application initialization. This can be done in in the App Delegate's application(_:didFinishLaunchingWithOptions:)` (or the `@main` struct's initializer in SwiftUI). Read more: https://firebase.google.com/docs/ios/setup#initialize_firebase_in_your_app
Test Case '-[Yoga_of_EatingTests.MainViewModelValidationIntegrationTests test_singleCharacterInput_accepted]' passed (0.000 seconds).
Test Case '-[Yoga_of_EatingTests.MainViewModelValidationIntegrationTests test_sleepNotes_exceedingMaxLength_isTruncated]' started.
2026-05-15 06:37:07.300985+0530 Yoga of Eating[16572:133644] [[FirebaseCore]] 12.7.0 - [FirebaseCore][I-COR000003] The default Firebase app has not yet been configured. Add `FirebaseApp.configure()` to your application initialization. This can be done in in the App Delegate's application(_:didFinishLaunchingWithOptions:)` (or the `@main` struct's initializer in SwiftUI). Read more: https://firebase.google.com/docs/ios/setup#initialize_firebase_in_your_app
2026-05-15 06:37:07.301053+0530 Yoga of Eating[16572:133644] [[FirebaseCore]] 12.7.0 - [FirebaseCore][I-COR000003] The default Firebase app has not yet been configured. Add `FirebaseApp.configure()` to your application initialization. This can be done in in the App Delegate's application(_:didFinishLaunchingWithOptions:)` (or the `@main` struct's initializer in SwiftUI). Read more: https://firebase.google.com/docs/ios/setup#initialize_firebase_in_your_app
Test Case '-[Yoga_of_EatingTests.MainViewModelValidationIntegrationTests test_sleepNotes_exceedingMaxLength_isTruncated]' passed (0.001 seconds).
Test Case '-[Yoga_of_EatingTests.MainViewModelValidationIntegrationTests test_specialCharacters_preserved]' started.
2026-05-15 06:37:07.302337+0530 Yoga of Eating[16572:133578] [[FirebaseCore]] 12.7.0 - [FirebaseCore][I-COR000003] The default Firebase app has not yet been configured. Add `FirebaseApp.configure()` to your application initialization. This can be done in in the App Delegate's application(_:didFinishLaunchingWithOptions:)` (or the `@main` struct's initializer in SwiftUI). Read more: https://firebase.google.com/docs/ios/setup#initialize_firebase_in_your_app
2026-05-15 06:37:07.302424+0530 Yoga of Eating[16572:133578] [[FirebaseCore]] 12.7.0 - [FirebaseCore][I-COR000003] The default Firebase app has not yet been configured. Add `FirebaseApp.configure()` to your application initialization. This can be done in in the App Delegate's application(_:didFinishLaunchingWithOptions:)` (or the `@main` struct's initializer in SwiftUI). Read more: https://firebase.google.com/docs/ios/setup#initialize_firebase_in_your_app
Test Case '-[Yoga_of_EatingTests.MainViewModelValidationIntegrationTests test_specialCharacters_preserved]' passed (0.001 seconds).
Test Case '-[Yoga_of_EatingTests.MainViewModelValidationIntegrationTests test_todoItem_exceedingMaxLength_isRejected]' started.
2026-05-15 06:37:07.303045+0530 Yoga of Eating[16572:133577] [[FirebaseCore]] 12.7.0 - [FirebaseCore][I-COR000003] The default Firebase app has not yet been configured. Add `FirebaseApp.configure()` to your application initialization. This can be done in in the App Delegate's application(_:didFinishLaunchingWithOptions:)` (or the `@main` struct's initializer in SwiftUI). Read more: https://firebase.google.com/docs/ios/setup#initialize_firebase_in_your_app
Test Case '-[Yoga_of_EatingTests.MainViewModelValidationIntegrationTests test_todoItem_exceedingMaxLength_isRejected]' passed (0.000 seconds).
Test Case '-[Yoga_of_EatingTests.MainViewModelValidationIntegrationTests test_unicodeCharacters_accepted]' started.
2026-05-15 06:37:07.303155+0530 Yoga of Eating[16572:133577] [[FirebaseCore]] 12.7.0 - [FirebaseCore][I-COR000003] The default Firebase app has not yet been configured. Add `FirebaseApp.configure()` to your application initialization. This can be done in in the App Delegate's application(_:didFinishLaunchingWithOptions:)` (or the `@main` struct's initializer in SwiftUI). Read more: https://firebase.google.com/docs/ios/setup#initialize_firebase_in_your_app
2026-05-15 06:37:07.303609+0530 Yoga of Eating[16572:133574] [[FirebaseCore]] 12.7.0 - [FirebaseCore][I-COR000003] The default Firebase app has not yet been configured. Add `FirebaseApp.configure()` to your application initialization. This can be done in in the App Delegate's application(_:didFinishLaunchingWithOptions:)` (or the `@main` struct's initializer in SwiftUI). Read more: https://firebase.google.com/docs/ios/setup#initialize_firebase_in_your_app
2026-05-15 06:37:07.303672+0530 Yoga of Eating[16572:133574] [[FirebaseCore]] 12.7.0 - [FirebaseCore][I-COR000003] The default Firebase app has not yet been configured. Add `FirebaseApp.configure()` to your application initialization. This can be done in in the App Delegate's application(_:didFinishLaunchingWithOptions:)` (or the `@main` struct's initializer in SwiftUI). Read more: https://firebase.google.com/docs/ios/setup#initialize_firebase_in_your_app
Test Case '-[Yoga_of_EatingTests.MainViewModelValidationIntegrationTests test_unicodeCharacters_accepted]' passed (0.001 seconds).
Test Case '-[Yoga_of_EatingTests.MainViewModelValidationIntegrationTests test_validJournalText_persistToReflectData]' started.
2026-05-15 06:37:07.304315+0530 Yoga of Eating[16572:133577] [[FirebaseCore]] 12.7.0 - [FirebaseCore][I-COR000003] The default Firebase app has not yet been configured. Add `FirebaseApp.configure()` to your application initialization. This can be done in in the App DeTest Case '-[Yoga_of_EatingTests.MainViewModelValidationIntegrationTests test_validJournalText_persistToReflectData]' passed (0.001 seconds).
legate's application(_:didFinishLaunchingWithOptions:)` (or the `@main` struct's initializer in SwiftUI). Read more: https://firebase.google.com/docs/ios/setup#initialize_firebase_in_your_app
Test Case '-[Yoga_of_EatingTests.MainViewModelValidationIntegrationTests test_validMorningThoughts_persistToHighlightData]' started.
2026-05-15 06:37:07.304936+0530 Yoga of Eating[16572:133577] [[FirebaseCore]] 12.7.0 - [FirebaseCore][I-COR000003] The default Firebase app has not yet been configured. Add `FirebaseApp.configure()` to your application initialization. This can be done in in the App Delegate's application(_:didFinishLaunchingWithOptions:)` (or the `@main` struct's initializer in SwiftUI). Read more: https://firebase.google.com/docs/ios/setup#initialize_firebase_in_your_app
2026-05-15 06:37:07.305164+0530 Yoga of Eating[16572:133577] [[FirebaseCore]] 12.7.0 - [FirebaseCore][I-COR000003] The default Firebase app has not yet been configured. Add `FirebaseApp.configure()` to your application initialization. This can be done in in the App Delegate's application(_:didFinishLaunchingWithOptions:)` (or the `@main` struct's initializer in SwiftUI). Read more: https://firebase.google.com/docs/ios/setup#initialize_firebase_in_your_app
2026-05-15 06:37:07.305294+0530 Yoga of Eating[16572:133577] [[FirebaseCore]] 12.7.0 - [FirebaseCore][I-COR000003] The default Firebase app has not yet been configured. Add `FirebaseApp.configure()` to your application initialization. This can be done in in the App Delegate's application(_:didFinishLaunchingWithOptions:)` (or the `@main` struct's initializer in SwiftUI). Read more: https://firebase.google.com/docs/ios/setup#initialize_firebase_in_your_app
Test Case '-[Yoga_of_EatingTests.MainViewModelValidationIntegrationTests test_validMorningThoughts_persistToHighlightData]' passed (0.001 seconds).
Test Case '-[Yoga_of_EatingTests.MainViewModelValidationIntegrationTests test_validSleepNotes_persistToHighlightData]' started.
2026-05-15 06:37:07.305983+0530 Yoga of Eating[16572:133644] [[FirebaseCore]] 12.7.0 - [FirebaseCore][I-COR000003] The default Firebase app has not yet been configured. Add `FirebaseApp.configure()` to your application initialization. This can be done in in the App Delegate's application(_:didFinishLaunchingWithOptions:)` (or the `@main` struct's initializer in SwiftUI). Read more: https://firebase.google.com/docs/ios/setup#initialize_firebase_in_your_app
Test Case '-[Yoga_of_EatingTests.MainViewModelValidationIntegrationTests test_validSleepNotes_persistToHighlightData]' passed (0.001 seconds).
Test Case '-[Yoga_of_EatingTests.MainViewModelValidationIntegrationTests test_validTodoItem_addsToHighlightTodos]' started.
2026-05-15 06:37:07.306251+0530 Yoga of Eating[16572:133644] [[FirebaseCore]] 12.7.0 - [FirebaseCore][I-COR000003] The default Firebase app has not yet been configured. Add `FirebaseApp.configure()` to your application initialization. This can be done in in the App Delegate's application(_:didFinishLaunchingWithOptions:)` (or the `@main` struct's initializer in SwiftUI). Read more: https://firebase.google.com/docs/ios/setup#initialize_firebase_in_your_app
2026-05-15 06:37:07.306774+0530 Yoga of Eating[16572:133644] [[FirebaseCore]] 12.7.0 - [FirebaseCore][I-COR000003] The default Firebase app has not yet been configured. Add `FirebaseApp.configure()` to your application initialization. This can be done in in the App Delegate's application(_:didFinishLaunchingWithOptions:)` (or the `@main` struct's initializer in SwiftUI). Read more: https://firebase.google.com/docs/ios/setup#initialize_firebase_in_your_app
Test Case '-[Yoga_of_EatingTests.MainViewModelValidationIntegrationTests test_validTodoItem_addsToHighlightTodos]' passed (0.001 seconds).
Test Case '-[Yoga_of_EatingTests.MainViewModelValidationIntegrationTests test_whitespaceOnlyString_treatedAsEmpty]' started.
2026-05-15 06:37:07.306944+0530 Yoga of Eating[16572:133644] [[FirebaseCore]] 12.7.0 - [FirebaseCore][I-COR000003] The default Firebase app has not yet been configured. Add `FirebaseApp.configure()` to your application initialization. This can be done in in the App Delegate's application(_:didFinishLaunchingWithOptions:)` (or the `@main` struct's initializer in SwiftUI). Read more: https://firebase.google.com/docs/ios/setup#initialize_firebase_in_your_app
2026-05-15 06:37:07.307383+0530 Yoga of Eating[16572:133575] [[FirebaseCore]] 12.7.0 - [FirebaseCore][I-COR000003] The default Firebase app has not yet been configured. Add `FirebaseApp.configure()` to your application initialization. This can be done in in the App Delegate's application(_:didFinishLaunchingWithOptions:)` (or the `@main` struct's initializer in SwiftUI). Read more: https://firebase.google.com/docs/ios/setup#initialize_firebase_in_your_app
Test Case '-[Yoga_of_EatingTests.MainViewModelValidationIntegrationTests test_whitespaceOnlyString_treatedAsEmpty]' passed (0.001 seconds).
Test Suite 'MainViewModelValidationIntegrationTests' passed at 2026-05-15 06:37:07.308.
	 Executed 41 tests, with 0 failures (0 unexpected) in 0.039 (0.046) seconds
2026-05-15 06:37:07.307687+0530 Yoga of Eating[16572:133575] [[FirebaseCore]] 12.7.0 - [FirebaseCore][I-COR000003] The default Firebase app has not yet been configured. Add `FirebaseApp.configure()` to your application initialization. This can be done in in the App Delegate's application(_:didFinishLaunchingWithOptions:)` (or the `@main` struct's initializer in SwiftUI). Read more: https://firebase.google.com/docs/ios/setup#initialize_firebase_in_your_app
Test Suite 'MainViewModelValidationTests' started at 2026-05-15 06:37:07.308.
Test Case '-[Yoga_of_EatingTests.MainViewModelValidationTests test_addHighlightTodo_withEmptyString_doesNotAdd]' started.
2026-05-15 06:37:07.308275+0530 Yoga of Eating[16572:133575] [[FirebaseCore]] 12.7.0 - [FirebaseCore][I-COR000003] The default Firebase app has not yet been configured. Add `FirebaseApp.configure()` to your application initialization. This can be done in in the App Delegate's application(_:didFinishLaunchingWithOptions:)` (or the `@main` struct's initializer in SwiftUI). Read more: https://firebase.google.com/docs/ios/setup#initialize_firebase_in_your_app
Test Case '-[Yoga_of_EatingTests.MainViewModelValidationTests test_addHighlightTodo_withEmptyString_doesNotAdd]' passed (0.000 seconds).
Test Case '-[Yoga_of_EatingTests.MainViewModelValidationTests test_addHighlightTodo_withSuspiciousContent_setsErrorState]' started.
2026-05-15 06:37:07.308497+0530 Yoga of Eating[16572:133575] [[FirebaseCore]] 12.7.0 - [FirebaseCore][I-COR000003] The default Firebase app has not yet been configured. Add `FirebaseApp.configure()` to your application initialization. This can be done in in the App Delegate's application(_:didFinishLaunchingWithOptions:)` (or the `@main` struct's initializer in SwiftUI). Read more: https://firebase.google.com/docs/ios/setup#initialize_firebase_in_your_app
Test Case '-[Yoga_of_EatingTests.MainViewModelValidationTests test_addHighlightTodo_withSuspiciousContent_setsErrorState]' passed (0.001 seconds).
2026-05-15 06:37:07.308966+0530 Yoga of Eating[16572:133575] [[FirebaseCore]] 12.7.0 - [FirebaseCore][I-COR000003] The default Firebase app has not yet been configured. Add `FirebaseApp.configure()` to your application initialization. This can be done in in the App Delegate's application(_:didFinishLaunchingWithOptions:)` (or the `@main` struct's initializer in SwiftUI). Read more: https://firebase.google.com/docs/ios/setup#initialize_firebase_in_your_app
Test Case '-[Yoga_of_EatingTests.MainViewModelValidationTests test_addHighlightTodo_withValidInput_succeeds]' started.
2026-05-15 06:37:07.309318+0530 Yoga of Eating[16572:133575] [[FirebaseCore]] 12.7.0 - [FirebaseCore][I-COR000003] The default Firebase app has not yet been configured. Add `FirebaseApp.configure()` to your application initialization. This can be done in in the App Delegate's application(_:didFinishLaunchingWithOptions:)` (or the `@main` struct's initializer in SwiftUI). Read more: https://firebase.google.com/docs/ios/setup#initialize_firebase_in_your_app
2026-05-15 06:37:07.309587+0530 Yoga of Eating[16572:133575] [[FirebaseCore]] 12.7.0 - [FirebaseCore][I-COR000003] The default Firebase app has not yet been configured. Add `FirebaseApp.configure()` to your application initialization. This can be done in in the App Delegate's application(_:didFinishLaunchingWithOptions:)` (or the `@main` struct's initializer in SwiftUI). Read more: https://firebase.google.com/docs/ios/setup#initialize_firebase_in_your_app
Test Case '-[Yoga_of_EatingTests.MainViewModelValidationTests test_addHighlightTodo_withValidInput_succeeds]' passed (0.001 seconds).
2026-05-15 06:37:07.309707+0530 Yoga of Eating[16572:133575] [[FirebaseCore]] 12.7.0 - [FirebaseCore][I-COR000003] The default Firebase app has not yet been configured. Add `FirebaseApp.configure()` to your application initialization. This can be done in in the App Delegate's application(_:didFinishLaunchingWithOptions:)` (or the `@main` struct's initializer in SwiftUI). Read more: https://firebase.google.com/docs/ios/setup#initialize_firebase_in_your_app
Test Case '-[Yoga_of_EatingTests.MainViewModelValidationTests test_updateHighlightMorningThoughts_withEmptyString_allowsOptional]' started.
2026-05-15 06:37:07.310286+0530 Yoga of Eating[16572:133644] [[FirebaseCore]] 12.7.0 - [FirebaseCore][I-COR000003] The default Firebase app has not yet been configured. Add `FirebaseApp.configure()` to your application initialization. This can be done in in the App Delegate's application(_:didFinishLaunchingWithOptions:)` (or the `@main` struct's initializer in SwiftUI). Read more: https://firebase.google.com/docs/ios/setup#initialize_firebase_in_your_app
2026-05-15 06:37:07.310376+0530 Yoga of Eating[16572:133644] [[FirebaseCore]] 12.7.0 - [FirebaseCore][I-COR000003] The default Firebase app has not yet been configured. Add `FirebaseApp.configure()` to your application initialization. This can be done in in the App Delegate's application(_:didFinishLaunchingWithOptions:)` (or the `@main` struct's initializer in SwiftUI). Read more: https://firebase.google.com/docs/ios/setup#initialize_firebase_in_your_app
Test Case '-[Yoga_of_EatingTests.MainViewModelValidationTests test_updateHighlightMorningThoughts_withEmptyString_allowsOptional]' passed (0.001 seconds).
Test Case '-[Yoga_of_EatingTests.MainViewModelValidationTests test_updateHighlightMorningThoughts_withSuspiciousContent_setsErrorState]' started.
Test Case '-[Yoga_of_EatingTests.MainViewModelValidationTests test_updateHighlightMorningThoughts_withSuspiciousContent_setsErrorState]' passed (0.000 seconds).
2026-05-15 06:37:07.311127+0530 Yoga of Eating[16572:133575] [[FirebaseCore]] 12.7.0 - [FirebaseCore][I-COR000003] The default Firebase app has not yet been configured. Add `FirebaseApp.configure()` to your application initialization. This can be done in in the App Delegate's application(_:didFinishLaunchingWithOptions:)` (or the `@main` struct's initializer in SwiftUI). Read more: https://firebase.google.com/docs/ios/setup#initialize_firebase_in_your_app
2026-05-15 06:37:07.311394+0530 Yoga of Eating[16572:133575] [[FirebaseCore]] 12.7.0 - [FirebaseCore][I-COR000003] The default Firebase app has not yet been configured. Add `FirebaseApp.configure()` to your application initialization. This can be done in in the App Delegate's application(_:didFinishLaunchingWithOptions:)` (or the `@main` struct's initializer in SwiftUI). Read more: https://firebase.google.com/docs/ios/setup#initialize_firebase_in_your_app
Test Case '-[Yoga_of_EatingTests.MainViewModelValidationTests test_updateHighlightMorningThoughts_withValidInput_succeeds]' started.
2026-05-15 06:37:07.311688+0530 Yoga of Eating[16572:133575] [[FirebaseCore]] 12.7.0 - [FirebaseCore][I-COR000003] The default Firebase app has not yet been configured. Add `FirebaseApp.configure()` to your application initialization. This can be done in in the App Delegate's application(_:didFinishLaunchingWithOptions:)` (or the `@main` struct's initializer in SwiftUI). Read more: https://firebase.google.com/docs/ios/setup#initialize_firebase_in_your_app
2026-05-15 06:37:07.311759+0530 Yoga of Eating[16572:133575] [[FirebaseCore]] 12.7.0 - [FirebaseCore][I-COR000003] The default Firebase app has not yet been configured. Add `FirebaseApp.configure()` to your application initialization. This can be done in in the App Delegate's application(_:didFinishLaunchingWithOptions:)` (or the `@main` struct's initializer in SwiftUI). Read more: https://firebase.google.com/docs/ios/setup#initialize_firebase_in_your_app
Test Case '-[Yoga_of_EatingTests.MainViewModelValidationTests test_updateHighlightMorningThoughts_withValidInput_succeeds]' passed (0.001 seconds).
Test Case '-[Yoga_of_EatingTests.MainViewModelValidationTests test_updateHighlightSleepNotes_withEmptyString_allowsOptional]' started.
2026-05-15 06:37:07.312336+0530 Yoga of Eating[16572:133578] [[FirebaseCore]] 12.7.0 - [FirebaseCore][I-COR000003] The default Firebase app has not yet been configured. Add `FirebaseApp.configure()` to your application initialization. This can be done in in the App Delegate's application(_:didFinishLaunchingWithOptions:)` (or the `@main` struct's initializer in SwiftUI). Read more: https://firebase.google.com/docs/ios/setup#initialize_firebase_in_your_app
Test Case '-[Yoga_of_EatingTests.MainViewModelValidationTests test_updateHighlightSleepNotes_withEmptyString_allowsOptional]' passed (0.000 seconds).
2026-05-15 06:37:07.312441+0530 Yoga of Eating[16572:133578] [[FirebaseCore]] 12.7.0 - [FirebaseCore][I-COR000003] The default Firebase app has not yet been configured. Add `FirebaseApp.configure()` to your application initialization. This can be done in in the App Delegate's application(_:didFinishLaunchingWithOptions:)` (or the `@main` struct's initializer in SwiftUI). Read more: https://firebase.google.com/docs/ios/setup#initialize_firebase_in_your_app
Test Case '-[Yoga_of_EatingTests.MainViewModelValidationTests test_updateHighlightSleepNotes_withSuspiciousContent_setsErrorState]' started.
2026-05-15 06:37:07.312901+0530 Yoga of Eating[16572:133578] [[FirebaseCore]] 12.7.0 - [FirebaseCore][I-COR000003] The default Firebase app has not yet been configured. Add `FirebaseApp.configure()` to your application initialization. This can be done in in the App Delegate's application(_:didFinishLaunchingWithOptions:)` (or the `@main` struct's initializer in SwiftUI). Read more: https://firebase.google.com/docs/ios/setup#initialize_firebase_in_your_app
Test Case '-[Yoga_of_EatingTests.MainViewModelValidationTests test_updateHighlightSleepNotes_withSuspiciousContent_setsErrorState]' passed (0.000 seconds).
2026-05-15 06:37:07.312958+0530 Yoga of Eating[16572:133578] [[FirebaseCore]] 12.7.0 - [FirebaseCore][I-COR000003] The default Firebase app has not yet been configured. Add `FirebaseApp.configure()` to your application initialization. This can be done in in the App Delegate's application(_:didFinishLaunchingWithOptions:)` (or the `@main` struct's initializer in SwiftUI). Read more: https://firebase.google.com/docs/ios/setup#initialize_firebase_in_your_app
Test Case '-[Yoga_of_EatingTests.MainViewModelValidationTests test_updateHighlightSleepNotes_withValidInput_clearsErrorState]' started.
2026-05-15 06:37:07.313485+0530 Yoga of Eating[16572:133644] [[FirebaseCore]] 12.7.0 - [FirebaseCore][I-COR000003] The default Firebase app has not yet been configured. Add `FirebaseApp.configure()` to your application initialization. This can be done in in the App Delegate's application(_:didFinishLaunchingWithOptions:)` (or the `@main` struct's initializer in SwiftUI). Read more: https://firebase.google.com/docs/ios/setup#initialize_firebase_in_your_app
2026-05-15 06:37:07.313539+0530 Yoga of Eating[16572:133644] [[FirebaseCore]] 12.7.0 - [FirebaseCore][I-COR000003] The default Firebase app has not yet been configured. Add `FirebaseApp.configure()` to your application initialization. This can be done in in the App Delegate's application(_:didFinishLaunchingWithOptions:)` (or the `@main` struct's initializer in SwiftUI). Read more: https://firebase.google.com/docs/ios/setup#initialize_firebase_in_your_app
Test Case '-[Yoga_of_EatingTests.MainViewModelValidationTests test_updateHighlightSleepNotes_withValidInput_clearsErrorState]' passed (0.000 seconds).
Test Case '-[Yoga_of_EatingTests.MainViewModelValidationTests test_updateMeal_withComparisonOperators_passes]' started.
2026-05-15 06:37:07.314076+0530 Yoga of Eating[16572:133575] [[FirebaseCore]] 12.7.0 - [FirebaseCore][I-COR000003] The default Firebase app has not yet been configured. Add `FirebaseApp.configure()` to your application initialization. This can be done in in the App Delegate's application(_:didFinishLaunchingWithOptions:)` (or the `@main` struct's initializer in SwiftUI). Read more: https://firebase.google.com/docs/ios/setup#initialize_firebase_in_your_app
2026-05-15 06:37:07.314135+0530 Yoga of Eating[16572:133575] [[FirebaseCore]] 12.7.0 - [FirebaseCore][I-COR000003] The default Firebase app has not yet been configured. Add `FirebaseApp.configure()` to your application initialization. This can be done in in the App Delegate's application(_:didFinishLaunchingWithOptions:)` (or the `@main` struct's initializer in SwiftUI). Read more: https://firebase.google.com/docs/ios/setup#initialize_firebase_in_your_app
Test Case '-[Yoga_of_EatingTests.MainViewModelValidationTests test_updateMeal_withComparisonOperators_passes]' passed (0.000 seconds).
Test Case '-[Yoga_of_EatingTests.MainViewModelValidationTests test_updateMeal_withSuspiciousContent_setsErrorState]' started.
2026-05-15 06:37:07.314697+0530 Yoga of Eating[16572:133578] [[FirebaseCore]] 12.7.0 - [FirebaseCore][I-COR000003] The default Firebase app has not yet been configured. Add `FirebaseApp.configure()` to your application initialization. This can be done in in the App Delegate's application(_:didFinishLaunchingWithOptions:)` (or the `@main` struct's initializer in SwiftUI). Read more: https://firebase.google.com/docs/ios/setup#initialize_firebase_in_your_app
2026-05-15 06:37:07.314746+0530 Yoga of Eating[16572:133578] [[FirebaseCore]] 12.7.0 - [FirebaseCore][I-COR000003] The default Firebase app has not yet been configured. Add `FirebaseApp.configure()` to your application initialization. This can be done in in the App Delegate's application(_:didFinishLaunchingWithOptions:)` (or the `@main` struct's initializer in SwiftUI). Read more: https://firebase.google.com/docs/ios/setup#initialize_firebase_in_your_app
Test Case '-[Yoga_of_EatingTests.MainViewModelValidationTests test_updateMeal_withSuspiciousContent_setsErrorState]' passed (0.000 seconds).
Test Case '-[Yoga_of_EatingTests.MainViewModelValidationTests test_updateMeal_withValidInput_succeeds]' started.
2026-05-15 06:37:07.315279+0530 Yoga of Eating[16572:133578] [[FirebaseCore]] 12.7.0 - [FirebaseCore][I-COR000003] The default Firebase app has not yet been configured. Add `FirebaseApp.configure()` to your application initialization. This can be done in in the App Delegate's application(_:didFinishLaunchingWithOptions:)` (or the `@main` struct's initializer in SwiftUI). Read more: https://firebase.google.com/docs/ios/setup#initialize_firebase_in_your_app
2026-05-15 06:37:07.315337+0530 Yoga of Eating[16572:133578] [[FirebaseCore]] 12.7.0 - [FirebaseCore][I-COR000003] The default Firebase app has not yet been configured. Add `FirebaseApp.configure()` to your application initialization. This can be done in in the App Delegate's application(_:didFinishLaunchingWithOptions:)` (or the `@main` struct's initializer in SwiftUI). Read more: https://firebase.google.com/docs/ios/setup#initialize_firebase_in_your_app
Test Case '-[Yoga_of_EatingTests.MainViewModelValidationTests test_updateMeal_withValidInput_succeeds]' passed (0.000 seconds).
Test Case '-[Yoga_of_EatingTests.MainViewModelValidationTests test_updateReflectJournalText_withEmptyString_allowsOptional]' started.
2026-05-15 06:37:07.315885+0530 Yoga of Eating[16572:133578] [[FirebaseCore]] 12.7.0 - [FirebaseCore][I-COR000003] The default Firebase app has not yet been configured. Add `FirebaseApp.configure()` to your application initialization. This can be done in in the App Delegate's application(_:didFinishLaunchingWithOptions:)` (or the `@main` struct's initializer in SwiftUI). Read more: https://firebase.google.com/docs/ios/setup#initialize_firebase_in_your_app
2026-05-15 06:37:07.315948+0530 Yoga of Eating[16572:133578] [[FirebaseCore]] 12.7.0 - [FirebaseCore][I-COR000003] The default Firebase app has not yet been configured. Add `FirebaseApp.configure()` to your application initialization. This can be done in in the App Delegate's application(_:didFinishLaunchingWithOptions:)` (or the `@main` struct's initializer in SwiftUI). Read more: https://firebase.google.com/docs/ios/setup#initialize_firebase_in_your_app
Test Case '-[Yoga_of_EatingTests.MainViewModelValidationTests test_updateReflectJournalText_withEmptyString_allowsOptional]' passed (0.000 seconds).
Test Case '-[Yoga_of_EatingTests.MainViewModelValidationTests test_updateReflectJournalText_withSuspiciousContent_setsErrorState]' started.
2026-05-15 06:37:07.316500+0530 Yoga of Eating[16572:133575] [[FirebaseCore]] 12.7.0 - [FirebaseCore][I-COR000003] The default Firebase app has not yet been configured. Add `FirebaseApp.configure()` to your application initialization. This can be done in in the App Delegate's application(_:didFinishLaunchingWithOptions:)` (or the `@main` struct's initializer in SwiftUI). Read more: https://firebase.google.com/docs/ios/setup#initialize_firebase_in_your_app
2026-05-15 06:37:07.316567+0530 Yoga of Eating[16572:133575] [[FirebaseCore]] 12.7.0 - [FirebaseCore][I-COR000003] The default Firebase app has not yet been configured. Add `FirebaseApp.configure()` to your application initialization. This can be done in in the App Delegate's application(_:didFinishLaunchingWithOptions:)` (or the `@main` struct's initializer in SwiftUI). Read more: https://firebase.google.com/docs/ios/setup#initialize_firebase_in_your_app
Test Case '-[Yoga_of_EatingTests.MainViewModelValidationTests test_updateReflectJournalText_withSuspiciousContent_setsErrorState]' passed (0.000 seconds).
Test Case '-[Yoga_of_EatingTests.MainViewModelValidationTests test_updateReflectJournalText_withValidInput_succeeds]' started.
2026-05-15 06:37:07.317140+0530 Yoga of Eating[16572:133578] [[FirebaseCore]] 12.7.0 - [FirebaseCore][I-COR000003] The default Firebase app has not yet been configured. Add `FirebaseApp.configure()` to your application initialization. This can be done in in the App Delegate's application(_:didFinishLaunchingWithOptions:)` (or the `@main` struct's initializer in SwiftUI). Read more: https://firebase.google.com/docs/ios/setup#initialize_firebase_in_your_app
2026-05-15 06:37:07.317211+0530 Yoga of Eating[16572:133578] [[FirebaseCore]] 12.7.0 - [FirebaseCore][I-COR000003] The default Firebase app has not yet been configured. Add `FirebaseApp.configure()` to your application initialization. This can be done in in the App Delegate's application(_:didFinishLaunchingWithOptions:)` (or the `@main` struct's initializer in SwiftUI). Read more: https://firebase.google.com/docs/ios/setup#initialize_firebase_in_your_app
Test Case '-[Yoga_of_EatingTests.MainViewModelValidationTests test_updateReflectJournalText_withValidInput_succeeds]' passed (0.001 seconds).
Test Case '-[Yoga_of_EatingTests.MainViewModelValidationTests test_userCanClearErrorByDismissingAlert]' started.
2026-05-15 06:37:07.317898+0530 Yoga of Eating[16572:133578] [[FirebaseCore]] 12.7.0 - [FirebaseCore][I-COR000003] The default Firebase app has not yet been configured. Add `FirebaseApp.configure()` to your application initialization. This can be done in in the App Delegate's application(_:didFinishLaunchingWithOptions:)` (or the `@main` struct's initializer in SwiftUI). Read more: https://firebase.google.com/docs/ios/setup#initialize_firebase_in_your_app
2026-05-15 06:37:07.317960+0530 Yoga of Eating[16572:133578] [[FirebaseCore]] 12.7.0 - [FirebaseCore][I-COR000003] The default Firebase app has not yet been configured. Add `FirebaseApp.configure()` to your application initialization. This can be done in in the App Delegate's application(_:didFinishLaunchingWithOptions:)` (or the `@main` struct's initializer in SwiftUI). Read more: https://firebase.google.com/docs/ios/setup#initialize_firebase_in_your_app
Test Case '-[Yoga_of_EatingTests.MainViewModelValidationTests test_userCanClearErrorByDismissingAlert]' passed (0.000 seconds).
Test Case '-[Yoga_of_EatingTests.MainViewModelValidationTests test_validationErrorIsNotAutomaticallyCleared]' started.
2026-05-15 06:37:07.318455+0530 Yoga of Eating[16572:133575] [[FirebaseCore]] 12.7.0 - [FirebaseCore][I-COR000003] The default Firebase app has not yet been configured. Add `FirebaseApp.configure()` to your application initialization. This can be done in in the App Delegate's application(_:didFinishLaunchingWithOptions:)` (or the `@main` struct's initializer in SwiftUI). Read more: https://firebase.google.com/docs/ios/setup#initialize_firebase_in_your_app
Test Case '-[Yoga_of_EatingTests.MainViewModelValidationTests test_validationErrorIsNotAutomaticallyCleared]' passed (0.000 seconds).
Test Suite 'MainViewModelValidationTests' passed at 2026-05-15 06:37:07.319.
	 Executed 17 tests, with 0 failures (0 unexpected) in 0.008 (0.011) seconds
2026-05-15 06:37:07.318571+0530 Yoga of Eating[16572:133575] [[FirebaseCore]] 12.7.0 - [FirebaseCore][I-COR000003] The default Firebase app has not yet been configured. Add `FirebaseApp.configure()` to your application initialization. This can be done in in the App Delegate's application(_:didFinishLaunchingWithOptions:)` (or the `@main` struct's initializer in SwiftUI). Read more: https://firebase.google.com/docs/ios/setup#initialize_firebase_in_your_app
Test Suite 'ManualRestoreTests' started at 2026-05-15 06:37:07.319.
Test Case '-[Yoga_of_EatingTests.ManualRestoreTests test_initialRestoreStatus_isIdle]' started.
Test Case '-[Yoga_of_EatingTests.ManualRestoreTests test_initialRestoreStatus_isIdle]' passed (0.018 seconds).
Test Case '-[Yoga_of_EatingTests.ManualRestoreTests test_performCloudRestore_callsRestoreFromFirebase]' started.
2026-05-15 06:37:07.339969+0530 Yoga of Eating[16572:133548] [Settings.Restore] Manual cloud restore succeeded
Test Case '-[Yoga_of_EatingTests.ManualRestoreTests test_performCloudRestore_callsRestoreFromFirebase]' passed (0.212 seconds).
Test Case '-[Yoga_of_EatingTests.ManualRestoreTests test_performCloudRestore_clearsDeletionFlag_beforeRestore]' started.
2026-05-15 06:37:07.557045+0530 Yoga of Eating[16572:133548] [Settings.Restore] Manual cloud restore succeeded
Test Case '-[Yoga_of_EatingTests.ManualRestoreTests test_performCloudRestore_clearsDeletionFlag_beforeRestore]' passed (0.008 seconds).
Test Case '-[Yoga_of_EatingTests.ManualRestoreTests test_performCloudRestore_onFailure_statusEventuallyReturnsToIdle]' started.
2026-05-15 06:37:07.568054+0530 Yoga of Eating[16572:133548] [Settings.Restore] Manual cloud restore failed: Please sign in to continue.
Test Case '-[Yoga_of_EatingTests.ManualRestoreTests test_performCloudRestore_onFailure_statusEventuallyReturnsToIdle]' passed (3.227 seconds).
Test Case '-[Yoga_of_EatingTests.ManualRestoreTests test_performCloudRestore_onSuccess_statusEventuallyReturnsToIdle]' started.
2026-05-15 06:37:10.792133+0530 Yoga of Eating[16572:133548] [Settings.Restore] Manual cloud restore succeeded
Test Case '-[Yoga_of_EatingTests.ManualRestoreTests test_performCloudRestore_onSuccess_statusEventuallyReturnsToIdle]' passed (2.222 seconds).
Test Case '-[Yoga_of_EatingTests.ManualRestoreTests test_performCloudRestore_whenFlagNotSet_doesNotSetIt]' started.
2026-05-15 06:37:13.015987+0530 Yoga of Eating[16572:133548] [Settings.Restore] Manual cloud restore succeeded
Test Case '-[Yoga_of_EatingTests.ManualRestoreTests test_performCloudRestore_whenFlagNotSet_doesNotSetIt]' passed (0.009 seconds).
Test Case '-[Yoga_of_EatingTests.ManualRestoreTests test_restoreStatusText_error_matchesStrings]' started.
Test Case '-[Yoga_of_EatingTests.ManualRestoreTests test_restoreStatusText_error_matchesStrings]' passed (0.003 seconds).
Test Case '-[Yoga_of_EatingTests.ManualRestoreTests test_restoreStatusText_idle_matchesStrings]' started.
Test Case '-[Yoga_of_EatingTests.ManualRestoreTests test_restoreStatusText_idle_matchesStrings]' passed (0.004 seconds).
Test Case '-[Yoga_of_EatingTests.ManualRestoreTests test_restoreStatusText_restoring_matchesStrings]' started.
Test Case '-[Yoga_of_EatingTests.ManualRestoreTests test_restoreStatusText_restoring_matchesStrings]' passed (0.004 seconds).
Test Case '-[Yoga_of_EatingTests.ManualRestoreTests test_restoreStatusText_success_matchesStrings]' started.
Test Case '-[Yoga_of_EatingTests.ManualRestoreTests test_restoreStatusText_success_matchesStrings]' passed (0.003 seconds).
Test Suite 'ManualRestoreTests' passed at 2026-05-15 06:37:13.033.
	 Executed 10 tests, with 0 failures (0 unexpected) in 5.709 (5.714) seconds
Test Suite 'MealActionButtonVisibilityTests' started at 2026-05-15 06:37:13.033.
Test Case '-[Yoga_of_EatingTests.MealActionButtonVisibilityTests test_doneButton_hiddenWhenFocusedButNoContent]' started.
Test Case '-[Yoga_of_EatingTests.MealActionButtonVisibilityTests test_doneButton_hiddenWhenFocusedButNoContent]' passed (0.001 seconds).
Test Case '-[Yoga_of_EatingTests.MealActionButtonVisibilityTests test_doneButton_hiddenWhenNotFocused]' started.
Test Case '-[Yoga_of_EatingTests.MealActionButtonVisibilityTests test_doneButton_hiddenWhenNotFocused]' passed (0.001 seconds).
Test Case '-[Yoga_of_EatingTests.MealActionButtonVisibilityTests test_doneButton_visibleWhenFocused]' started.
Test Case '-[Yoga_of_EatingTests.MealActionButtonVisibilityTests test_doneButton_visibleWhenFocused]' passed (0.001 seconds).
Test Case '-[Yoga_of_EatingTests.MealActionButtonVisibilityTests test_emptyTextField_noDoneButton]' started.
Test Case '-[Yoga_of_EatingTests.MealActionButtonVisibilityTests test_emptyTextField_noDoneButton]' passed (0.001 seconds).
Test Case '-[Yoga_of_EatingTests.MealActionButtonVisibilityTests test_emptyTextField_stillShowRecentMeals]' started.
Test Case '-[Yoga_of_EatingTests.MealActionButtonVisibilityTests test_emptyTextField_stillShowRecentMeals]' passed (0.001 seconds).
Test Case '-[Yoga_of_EatingTests.MealActionButtonVisibilityTests test_focusGain_hideRecentMealsShowDone]' started.
Test Case '-[Yoga_of_EatingTests.MealActionButtonVisibilityTests test_focusGain_hideRecentMealsShowDone]' passed (0.001 seconds).
Test Case '-[Yoga_of_EatingTests.MealActionButtonVisibilityTests test_focusLoss_hideDoneShowRecentMeals]' started.
Test Case '-[Yoga_of_EatingTests.MealActionButtonVisibilityTests test_focusLoss_hideDoneShowRecentMeals]' passed (0.001 seconds).
Test Case '-[Yoga_of_EatingTests.MealActionButtonVisibilityTests test_neverShowMoreThanTwoButtonsSimultaneously]' started.
Test Case '-[Yoga_of_EatingTests.MealActionButtonVisibilityTests test_neverShowMoreThanTwoButtonsSimultaneously]' passed (0.001 seconds).
Test Case '-[Yoga_of_EatingTests.MealActionButtonVisibilityTests test_recentMealsButton_hiddenWhenFocused]' started.
Test Case '-[Yoga_of_EatingTests.MealActionButtonVisibilityTests test_recentMealsButton_hiddenWhenFocused]' passed (0.000 seconds).
Test Case '-[Yoga_of_EatingTests.MealActionButtonVisibilityTests test_recentMealsButton_visibleWhenNotFocusedAndHasRecents]' started.
Test Case '-[Yoga_of_EatingTests.MealActionButtonVisibilityTests test_recentMealsButton_visibleWhenNotFocusedAndHasRecents]' passed (0.001 seconds).
Test Case '-[Yoga_of_EatingTests.MealActionButtonVisibilityTests test_recentMealsButton_visibleWhenNotFocusedAndNoRecents]' started.
Test Case '-[Yoga_of_EatingTests.MealActionButtonVisibilityTests test_recentMealsButton_visibleWhenNotFocusedAndNoRecents]' passed (0.001 seconds).
Test Case '-[Yoga_of_EatingTests.MealActionButtonVisibilityTests test_timestampButton_alwaysVisible]' started.
Test Case '-[Yoga_of_EatingTests.MealActionButtonVisibilityTests test_timestampButton_alwaysVisible]' passed (0.001 seconds).
Test Suite 'MealActionButtonVisibilityTests' passed at 2026-05-15 06:37:13.044.
	 Executed 12 tests, with 0 failures (0 unexpected) in 0.007 (0.011) seconds
Test Suite 'MealCardVisualFeedbackTests' started at 2026-05-15 06:37:13.044.
Test Case '-[Yoga_of_EatingTests.MealCardVisualFeedbackTests test_feedback_perfectScore_hasGreenTint]' started.
Test Case '-[Yoga_of_EatingTests.MealCardVisualFeedbackTests test_feedback_perfectScore_hasGreenTint]' passed (0.007 seconds).
Test Case '-[Yoga_of_EatingTests.MealCardVisualFeedbackTests test_feedback_zeroScore_hasOrangeTint]' started.
Test Case '-[Yoga_of_EatingTests.MealCardVisualFeedbackTests test_feedback_zeroScore_hasOrangeTint]' passed (0.000 seconds).
Test Case '-[Yoga_of_EatingTests.MealCardVisualFeedbackTests test_mealCard_accentBarCornerRadius_isPositive]' started.
Test Case '-[Yoga_of_EatingTests.MealCardVisualFeedbackTests test_mealCard_accentBarCornerRadius_isPositive]' passed (0.000 seconds).
Test Case '-[Yoga_of_EatingTests.MealCardVisualFeedbackTests test_mealCard_accentBarWidth_matchesTheme]' started.
Test Case '-[Yoga_of_EatingTests.MealCardVisualFeedbackTests test_mealCard_accentBarWidth_matchesTheme]' passed (0.000 seconds).
Test Case '-[Yoga_of_EatingTests.MealCardVisualFeedbackTests test_mealCardBackground_accentBarUsesDisplayColor_breakfast]' started.
Test Case '-[Yoga_of_EatingTests.MealCardVisualFeedbackTests test_mealCardBackground_accentBarUsesDisplayColor_breakfast]' passed (0.001 seconds).
Test Case '-[Yoga_of_EatingTests.MealCardVisualFeedbackTests test_mealCardBackground_accentBarUsesDisplayColor_dinner]' started.
Test Case '-[Yoga_of_EatingTests.MealCardVisualFeedbackTests test_mealCardBackground_accentBarUsesDisplayColor_dinner]' passed (0.000 seconds).
Test Case '-[Yoga_of_EatingTests.MealCardVisualFeedbackTests test_mealCardBackground_accentBarUsesDisplayColor_drinks]' started.
Test Case '-[Yoga_of_EatingTests.MealCardVisualFeedbackTests test_mealCardBackground_accentBarUsesDisplayColor_drinks]' passed (0.000 seconds).
Test Case '-[Yoga_of_EatingTests.MealCardVisualFeedbackTests test_mealCardBackground_accentBarUsesDisplayColor_lunch]' started.
Test Case '-[Yoga_of_EatingTests.MealCardVisualFeedbackTests test_mealCardBackground_accentBarUsesDisplayColor_lunch]' passed (0.000 seconds).
Test Case '-[Yoga_of_EatingTests.MealCardVisualFeedbackTests test_mealCardBackground_accentBarUsesDisplayColor_snacks]' started.
Test Case '-[Yoga_of_EatingTests.MealCardVisualFeedbackTests test_mealCardBackground_accentBarUsesDisplayColor_snacks]' passed (0.000 seconds).
Test Case '-[Yoga_of_EatingTests.MealCardVisualFeedbackTests test_mealCardBackground_cardFillColor_isSemanticBackground]' started.
Test Case '-[Yoga_of_EatingTests.MealCardVisualFeedbackTests test_mealCardBackground_cardFillColor_isSemanticBackground]' passed (0.007 seconds).
Test Case '-[Yoga_of_EatingTests.MealCardVisualFeedbackTests test_readOnlyMealCard_fillColor_isSemanticBackground]' started.
Test Case '-[Yoga_of_EatingTests.MealCardVisualFeedbackTests test_readOnlyMealCard_fillColor_isSemanticBackground]' passed (0.000 seconds).
Test Case '-[Yoga_of_EatingTests.MealCardVisualFeedbackTests test_tintColor_highScore_returnsPositive]' started.
Test Case '-[Yoga_of_EatingTests.MealCardVisualFeedbackTests test_tintColor_highScore_returnsPositive]' passed (0.000 seconds).
Test Case '-[Yoga_of_EatingTests.MealCardVisualFeedbackTests test_tintColor_lowScore_returnsWarning]' started.
Test Case '-[Yoga_of_EatingTests.MealCardVisualFeedbackTests test_tintColor_lowScore_returnsWarning]' passed (0.000 seconds).
Test Case '-[Yoga_of_EatingTests.MealCardVisualFeedbackTests test_tintColor_mediumScore_returnsClear]' started.
Test Case '-[Yoga_of_EatingTests.MealCardVisualFeedbackTests test_tintColor_mediumScore_returnsClear]' passed (0.000 seconds).
Test Case '-[Yoga_of_EatingTests.MealCardVisualFeedbackTests test_tintOpacity_highScore_returnsGreenTint]' started.
Test Case '-[Yoga_of_EatingTests.MealCardVisualFeedbackTests test_tintOpacity_highScore_returnsGreenTint]' passed (0.000 seconds).
Test Case '-[Yoga_of_EatingTests.MealCardVisualFeedbackTests test_tintOpacity_lowScore_returnsOrangeTint]' started.
Test Case '-[Yoga_of_EatingTests.MealCardVisualFeedbackTests test_tintOpacity_lowScore_returnsOrangeTint]' passed (0.000 seconds).
Test Case '-[Yoga_of_EatingTests.MealCardVisualFeedbackTests test_tintOpacity_mediumScore_returnsNoTint]' started.
Test Case '-[Yoga_of_EatingTests.MealCardVisualFeedbackTests test_tintOpacity_mediumScore_returnsNoTint]' passed (0.000 seconds).
Test Suite 'MealCardVisualFeedbackTests' passed at 2026-05-15 06:37:13.068.
	 Executed 17 tests, with 0 failures (0 unexpected) in 0.020 (0.024) seconds
Test Suite 'MealEntryUXTests' started at 2026-05-15 06:37:13.068.
Test Case '-[Yoga_of_EatingTests.MealEntryUXTests test_focusLoss_isNoOp_compilationProof]' started.
Test Case '-[Yoga_of_EatingTests.MealEntryUXTests test_focusLoss_isNoOp_compilationProof]' passed (0.000 seconds).
Test Case '-[Yoga_of_EatingTests.MealEntryUXTests test_handleSubmit_withEmptyRawText_doesNotCallOnUpdate]' started.
Test Case '-[Yoga_of_EatingTests.MealEntryUXTests test_handleSubmit_withEmptyRawText_doesNotCallOnUpdate]' passed (0.000 seconds).
Test Case '-[Yoga_of_EatingTests.MealEntryUXTests test_parseItems_multiline_returnsEachLineAsItem]' started.
Test Case '-[Yoga_of_EatingTests.MealEntryUXTests test_parseItems_multiline_returnsEachLineAsItem]' passed (0.000 seconds).
Test Case '-[Yoga_of_EatingTests.MealEntryUXTests test_parseItems_withBlankLines_filtersEmpty]' started.
Test Case '-[Yoga_of_EatingTests.MealEntryUXTests test_parseItems_withBlankLines_filtersEmpty]' passed (0.000 seconds).
Test Case '-[Yoga_of_EatingTests.MealEntryUXTests test_parseItems_withWhitespaceOnly_returnsEmpty]' started.
Test Case '-[Yoga_of_EatingTests.MealEntryUXTests test_parseItems_withWhitespaceOnly_returnsEmpty]' passed (0.000 seconds).
Test Case '-[Yoga_of_EatingTests.MealEntryUXTests test_recentMealSelection_doesNotCallOnUpdate]' started.
Test Case '-[Yoga_of_EatingTests.MealEntryUXTests test_recentMealSelection_doesNotCallOnUpdate]' passed (0.000 seconds).
Test Suite 'MealEntryUXTests' passed at 2026-05-15 06:37:13.072.
	 Executed 6 tests, with 0 failures (0 unexpected) in 0.003 (0.004) seconds
Test Suite 'MealEstimatedCaloriesTests' started at 2026-05-15 06:37:13.072.
Test Case '-[Yoga_of_EatingTests.MealEstimatedCaloriesTests test_meal_codable_estimatedCalories_decodesFromLegacyJSON_returnsNil]' started.
Test Case '-[Yoga_of_EatingTests.MealEstimatedCaloriesTests test_meal_codable_estimatedCalories_decodesFromLegacyJSON_returnsNil]' passed (0.002 seconds).
Test Case '-[Yoga_of_EatingTests.MealEstimatedCaloriesTests test_meal_codable_estimatedCalories_roundTrips]' started.
Test Case '-[Yoga_of_EatingTests.MealEstimatedCaloriesTests test_meal_codable_estimatedCalories_roundTrips]' passed (0.000 seconds).
Test Case '-[Yoga_of_EatingTests.MealEstimatedCaloriesTests test_meal_estimatedCalories_canBeSetViaInit]' started.
Test Case '-[Yoga_of_EatingTests.MealEstimatedCaloriesTests test_meal_estimatedCalories_canBeSetViaInit]' passed (0.000 seconds).
Test Case '-[Yoga_of_EatingTests.MealEstimatedCaloriesTests test_meal_estimatedCalories_defaultsToNil]' started.
Test Case '-[Yoga_of_EatingTests.MealEstimatedCaloriesTests test_meal_estimatedCalories_defaultsToNil]' passed (0.000 seconds).
Test Suite 'MealEstimatedCaloriesTests' passed at 2026-05-15 06:37:13.076.
	 Executed 4 tests, with 0 failures (0 unexpected) in 0.003 (0.004) seconds
Test Suite 'MealLogicTests' started at 2026-05-15 06:37:13.076.
Test Case '-[Yoga_of_EatingTests.MealLogicTests test_calculateNextState_healthyScore_shrinksScale]' started.
Test Case '-[Yoga_of_EatingTests.MealLogicTests test_calculateNextState_healthyScore_shrinksScale]' passed (0.000 seconds).
Test Case '-[Yoga_of_EatingTests.MealLogicTests test_calculateNextState_neutralScore_driftsToward1]' started.
Test Case '-[Yoga_of_EatingTests.MealLogicTests test_calculateNextState_neutralScore_driftsToward1]' passed (0.000 seconds).
Test Case '-[Yoga_of_EatingTests.MealLogicTests test_calculateNextState_unhealthyScore_growsScale]' started.
Test Case '-[Yoga_of_EatingTests.MealLogicTests test_calculateNextState_unhealthyScore_growsScale]' passed (0.000 seconds).
Test Case '-[Yoga_of_EatingTests.MealLogicTests test_healthScore_forAverageFood_isNeutral]' started.
Test Case '-[Yoga_of_EatingTests.MealLogicTests test_healthScore_forAverageFood_isNeutral]' passed (0.000 seconds).
Test Case '-[Yoga_of_EatingTests.MealLogicTests test_healthScore_forHealthyFood_isHigh]' started.
Test Case '-[Yoga_of_EatingTests.MealLogicTests test_healthScore_forHealthyFood_isHigh]' passed (0.000 seconds).
Test Case '-[Yoga_of_EatingTests.MealLogicTests test_healthScore_forUnhealthyFood_isLow]' started.
Test Case '-[Yoga_of_EatingTests.MealLogicTests test_healthScore_forUnhealthyFood_isLow]' passed (0.000 seconds).
Test Case '-[Yoga_of_EatingTests.MealLogicTests test_multiItem_healthScore_forAllHealthy_isHigh]' started.
Test Case '-[Yoga_of_EatingTests.MealLogicTests test_multiItem_healthScore_forAllHealthy_isHigh]' passed (0.000 seconds).
Test Case '-[Yoga_of_EatingTests.MealLogicTests test_multiItem_healthScore_forEmptyList_isNeutral]' started.
Test Case '-[Yoga_of_EatingTests.MealLogicTests test_multiItem_healthScore_forEmptyList_isNeutral]' passed (0.000 seconds).
Test Case '-[Yoga_of_EatingTests.MealLogicTests test_multiItem_healthScore_isAggregate]' started.
Test Case '-[Yoga_of_EatingTests.MealLogicTests test_multiItem_healthScore_isAggregate]' passed (0.000 seconds).
Test Case '-[Yoga_of_EatingTests.MealLogicTests test_smileyMood_isNeutral_forAverageFood]' started.
Test Case '-[Yoga_of_EatingTests.MealLogicTests test_smileyMood_isNeutral_forAverageFood]' passed (0.000 seconds).
Test Case '-[Yoga_of_EatingTests.MealLogicTests test_smileyScale_bloats_whenHealthScoreIsLow]' started.
Test Case '-[Yoga_of_EatingTests.MealLogicTests test_smileyScale_bloats_whenHealthScoreIsLow]' passed (0.000 seconds).
Test Case '-[Yoga_of_EatingTests.MealLogicTests test_smileyScale_shrinks_whenHealthScoreIsHigh]' started.
Test Case '-[Yoga_of_EatingTests.MealLogicTests test_smileyScale_shrinks_whenHealthScoreIsHigh]' passed (0.000 seconds).
Test Suite 'MealLogicTests' passed at 2026-05-15 06:37:13.082.
	 Executed 12 tests, with 0 failures (0 unexpected) in 0.004 (0.006) seconds
Test Suite 'MealScoreBadgeTests' started at 2026-05-15 06:37:13.083.
Test Case '-[Yoga_of_EatingTests.MealScoreBadgeTests test_badgeColor_betweenHealthyAndExcellent]' started.
Test Case '-[Yoga_of_EatingTests.MealScoreBadgeTests test_badgeColor_betweenHealthyAndExcellent]' passed (0.000 seconds).
Test Case '-[Yoga_of_EatingTests.MealScoreBadgeTests test_badgeColor_exceeds75]' started.
Test Case '-[Yoga_of_EatingTests.MealScoreBadgeTests test_badgeColor_exceeds75]' passed (0.000 seconds).
Test Case '-[Yoga_of_EatingTests.MealScoreBadgeTests test_badgeColor_low]' started.
Test Case '-[Yoga_of_EatingTests.MealScoreBadgeTests test_badgeColor_low]' passed (0.000 seconds).
Test Case '-[Yoga_of_EatingTests.MealScoreBadgeTests test_badgeColor_moderate]' started.
Test Case '-[Yoga_of_EatingTests.MealScoreBadgeTests test_badgeColor_moderate]' passed (0.000 seconds).
Test Case '-[Yoga_of_EatingTests.MealScoreBadgeTests test_badgeColor_nilScore]' started.
Test Case '-[Yoga_of_EatingTests.MealScoreBadgeTests test_badgeColor_nilScore]' passed (0.000 seconds).
Test Case '-[Yoga_of_EatingTests.MealScoreBadgeTests test_badgeVisible_scoreBoundaryAt0_35]' started.
Test Case '-[Yoga_of_EatingTests.MealScoreBadgeTests test_badgeVisible_scoreBoundaryAt0_35]' passed (0.000 seconds).
Test Case '-[Yoga_of_EatingTests.MealScoreBadgeTests test_badgeVisible_scoreBoundaryAt0_55]' started.
Test Case '-[Yoga_of_EatingTests.MealScoreBadgeTests test_badgeVisible_scoreBoundaryAt0_55]' passed (0.000 seconds).
Test Case '-[Yoga_of_EatingTests.MealScoreBadgeTests test_formattedScore_100Percent]' started.
Test Case '-[Yoga_of_EatingTests.MealScoreBadgeTests test_formattedScore_100Percent]' passed (0.000 seconds).
Test Case '-[Yoga_of_EatingTests.MealScoreBadgeTests test_formattedScore_75Percent]' started.
Test Case '-[Yoga_of_EatingTests.MealScoreBadgeTests test_formattedScore_75Percent]' passed (0.000 seconds).
Test Case '-[Yoga_of_EatingTests.MealScoreBadgeTests test_formattedScore_returnsEmptyForNil]' started.
Test Case '-[Yoga_of_EatingTests.MealScoreBadgeTests test_formattedScore_returnsEmptyForNil]' passed (0.000 seconds).
Test Case '-[Yoga_of_EatingTests.MealScoreBadgeTests test_formattedScore_returnsEmptyForZeroScore]' started.
Test Case '-[Yoga_of_EatingTests.MealScoreBadgeTests test_formattedScore_returnsEmptyForZeroScore]' passed (0.000 seconds).
Test Case '-[Yoga_of_EatingTests.MealScoreBadgeTests test_formattedScore_roundsDown]' started.
Test Case '-[Yoga_of_EatingTests.MealScoreBadgeTests test_formattedScore_roundsDown]' passed (0.000 seconds).
Test Case '-[Yoga_of_EatingTests.MealScoreBadgeTests test_formattedScore_singleDigit]' started.
Test Case '-[Yoga_of_EatingTests.MealScoreBadgeTests test_formattedScore_singleDigit]' passed (0.000 seconds).
Test Case '-[Yoga_of_EatingTests.MealScoreBadgeTests test_regression_stubScore_wouldDisplayIfPassedDirectly]' started.
Test Case '-[Yoga_of_EatingTests.MealScoreBadgeTests test_regression_stubScore_wouldDisplayIfPassedDirectly]' passed (0.001 seconds).
Test Case '-[Yoga_of_EatingTests.MealScoreBadgeTests test_regression_unanalyzedMeal_badgeHiddenWhenNilPassed]' started.
Test Case '-[Yoga_of_EatingTests.MealScoreBadgeTests test_regression_unanalyzedMeal_badgeHiddenWhenNilPassed]' passed (0.000 seconds).
Test Case '-[Yoga_of_EatingTests.MealScoreBadgeTests test_shouldDisplay_falseWhenScoreIsNil]' started.
Test Case '-[Yoga_of_EatingTests.MealScoreBadgeTests test_shouldDisplay_falseWhenScoreIsNil]' passed (0.000 seconds).
Test Case '-[Yoga_of_EatingTests.MealScoreBadgeTests test_shouldDisplay_falseWhenScoreIsZero]' started.
Test Case '-[Yoga_of_EatingTests.MealScoreBadgeTests test_shouldDisplay_falseWhenScoreIsZero]' passed (0.000 seconds).
Test Case '-[Yoga_of_EatingTests.MealScoreBadgeTests test_shouldDisplay_trueForHighAIScore]' started.
Test Case '-[Yoga_of_EatingTests.MealScoreBadgeTests test_shouldDisplay_trueForHighAIScore]' passed (0.000 seconds).
Test Case '-[Yoga_of_EatingTests.MealScoreBadgeTests test_shouldDisplay_trueForLowAIScore]' started.
Test Case '-[Yoga_of_EatingTests.MealScoreBadgeTests test_shouldDisplay_trueForLowAIScore]' passed (0.000 seconds).
Test Case '-[Yoga_of_EatingTests.MealScoreBadgeTests test_shouldDisplay_trueWhenScoreIsPositive]' started.
Test Case '-[Yoga_of_EatingTests.MealScoreBadgeTests test_shouldDisplay_trueWhenScoreIsPositive]' passed (0.000 seconds).
Test Suite 'MealScoreBadgeTests' passed at 2026-05-15 06:37:13.093.
	 Executed 20 tests, with 0 failures (0 unexpected) in 0.007 (0.010) seconds
Test Suite 'MealSubmissionViewModelTests' started at 2026-05-15 06:37:13.093.
Test Case '-[Yoga_of_EatingTests.MealSubmissionViewModelTests test_concurrentUpdateMealCalls_triggersAIExactlyOnce]' started.
2026-05-15 06:37:13.093597+0530 Yoga of Eating[16572:133574] [[FirebaseCore]] 12.7.0 - [FirebaseCore][I-COR000003] The default Firebase app has not yet been configured. Add `FirebaseApp.configure()` to your application initialization. This can be done in in the App Delegate's application(_:didFinishLaunchingWithOptions:)` (or the `@main` struct's initializer in SwiftUI). Read more: https://firebase.google.com/docs/ios/setup#initialize_firebase_in_your_app
2026-05-15 06:37:13.097258+0530 Yoga of Eating[16572:133548] [AIAnalysisCoordinator] AI analysis failed (meal redacted for privacy)
Test Case '-[Yoga_of_EatingTests.MealSubmissionViewModelTests test_concurrentUpdateMealCalls_triggersAIExactlyOnce]' passed (0.208 seconds).
Test Case '-[Yoga_of_EatingTests.MealSubmissionViewModelTests test_updateMeal_existingMeal_replacesItemsNotMerges]' started.
2026-05-15 06:37:13.301822+0530 Yoga of Eating[16572:133578] [[FirebaseCore]] 12.7.0 - [FirebaseCore][I-COR000003] The default Firebase app has not yet been configured. Add `FirebaseApp.configure()` to your application initialization. This can be done in in the App Delegate's application(_:didFinishLaunchingWithOptions:)` (or the `@main` struct's initializer in SwiftUI). Read more: https://firebase.google.com/docs/ios/setup#initialize_firebase_in_your_app
Test Case '-[Yoga_of_EatingTests.MealSubmissionViewModelTests test_updateMeal_existingMeal_replacesItemsNotMerges]' passed (0.001 seconds).
Test Case '-[Yoga_of_EatingTests.MealSubmissionViewModelTests test_updateMeal_itemExceeding500Chars_setsValidationError]' started.
2026-05-15 06:37:13.302772+0530 Yoga of Eating[16572:133573] [[FirebaseCore]] 12.7.0 - [FirebaseCore][I-COR000003] The default Firebase app has not yet been configured. Add `FirebaseApp.configure()` to your application initialization. This can be done in in the App Delegate's application(_:didFinishLaunchingWithOptions:)` (or the `@main` struct's initializer in SwiftUI). Read more: https://firebase.google.com/docs/ios/setup#initialize_firebase_in_your_app
Test Case '-[Yoga_of_EatingTests.MealSubmissionViewModelTests test_updateMeal_itemExceeding500Chars_setsValidationError]' passed (0.001 seconds).
Test Case '-[Yoga_of_EatingTests.MealSubmissionViewModelTests test_updateMeal_storesOnlySanitizedItems]' started.
2026-05-15 06:37:13.303498+0530 Yoga of Eating[16572:133573] [[FirebaseCore]] 12.7.0 - [FirebaseCore][I-COR000003] The default Firebase app has not yet been configured. Add `FirebaseApp.configure()` to your application initialization. This can be done in in the App Delegate's application(_:didFinishLaunchingWithOptions:)` (or the `@main` struct's initializer in SwiftUI). Read more: https://firebase.google.com/docs/ios/setup#initialize_firebase_in_your_app
Test Case '-[Yoga_of_EatingTests.MealSubmissionViewModelTests test_updateMeal_storesOnlySanitizedItems]' passed (0.001 seconds).
Test Case '-[Yoga_of_EatingTests.MealSubmissionViewModelTests test_updateMeal_withComparisonOperators_isAccepted]' started.
2026-05-15 06:37:13.304426+0530 Yoga of Eating[16572:133573] [[FirebaseCore]] 12.7.0 - [FirebaseCore][I-COR000003] The default Firebase app has not yet been configured. Add `FirebaseApp.configure()` to your application initialization. This can be done in in the App Delegate's application(_:didFinishLaunchingWithOptions:)` (or the `@main` struct's initializer in SwiftUI). Read more: https://firebase.google.com/docs/ios/setup#initialize_firebase_in_your_app
Test Case '-[Yoga_of_EatingTests.MealSubmissionViewModelTests test_updateMeal_withComparisonOperators_isAccepted]' passed (0.001 seconds).
Test Case '-[Yoga_of_EatingTests.MealSubmissionViewModelTests test_updateMeal_withEmptyItems_onMealWithContent_doesNotOverwriteItems]' started.
2026-05-15 06:37:13.305166+0530 Yoga of Eating[16572:133575] [[FirebaseCore]] 12.7.0 - [FirebaseCore][I-COR000003] The default Firebase app has not yet been configured. Add `FirebaseApp.configure()` to your application initialization. This can be done in in the App Delegate's application(_:didFinishLaunchingWithOptions:)` (or the `@main` struct's initializer in SwiftUI). Read more: https://firebase.google.com/docs/ios/setup#initialize_firebase_in_your_app
Test Case '-[Yoga_of_EatingTests.MealSubmissionViewModelTests test_updateMeal_withEmptyItems_onMealWithContent_doesNotOverwriteItems]' passed (0.000 seconds).
Test Case '-[Yoga_of_EatingTests.MealSubmissionViewModelTests test_updateMeal_withInvalidDescription_setsValidationError]' started.
2026-05-15 06:37:13.305989+0530 Yoga of Eating[16572:133574] [[FirebaseCore]] 12.7.0 - [FirebaseCore][I-COR000003] The default Firebase app has not yet been configured. Add `FirebaseApp.configure()` to your application initialization. This can be done in in the App Delegate's application(_:didFinishLaunchingWithOptions:)` (or the `@main` struct's initializer in SwiftUI). Read more: https://firebase.google.com/docs/ios/setup#initialize_firebase_in_your_app
Test Case '-[Yoga_of_EatingTests.MealSubmissionViewModelTests test_updateMeal_withInvalidDescription_setsValidationError]' passed (0.001 seconds).
Test Case '-[Yoga_of_EatingTests.MealSubmissionViewModelTests test_updateMeal_withValidDescription_callsAI]' started.
2026-05-15 06:37:13.306772+0530 Yoga of Eating[16572:133575] [[FirebaseCore]] 12.7.0 - [FirebaseCore][I-COR000003] The default Firebase app has not yet been configured. Add `FirebaseApp.configure()` to your application initialization. This can be done in in the App Delegate's application(_:didFinishLaunchingWithOptions:)` (or the `@main` struct's initializer in SwiftUI). Read more: https://firebase.google.com/docs/ios/setup#initialize_firebase_in_your_app
Test Case '-[Yoga_of_EatingTests.MealSubmissionViewModelTests test_updateMeal_withValidDescription_callsAI]' passed (0.203 seconds).
Test Case '-[Yoga_of_EatingTests.MealSubmissionViewModelTests test_updateMeal_withValidDescription_savesData]' started.
2026-05-15 06:37:13.510368+0530 Yoga of Eating[16572:133575] [[FirebaseCore]] 12.7.0 - [FirebaseCore][I-COR000003] The default Firebase app has not yet been configured. Add `FirebaseApp.configure()` to your application initialization. This can be done in in the App Delegate's application(_:didFinishLaunchingWithOptions:)` (or the `@main` struct's initializer in SwiftUI). Read more: https://firebase.google.com/docs/ios/setup#initialize_firebase_in_your_app
Test Case '-[Yoga_of_EatingTests.MealSubmissionViewModelTests test_updateMeal_withValidDescription_savesData]' passed (0.001 seconds).
Test Case '-[Yoga_of_EatingTests.MealSubmissionViewModelTests test_updateMeal_withWhitespaceOnlyItems_isNoOp]' started.
2026-05-15 06:37:13.511141+0530 Yoga of Eating[16572:133573] [[FirebaseCore]] 12.7.0 - [FirebaseCore][I-COR000003] The default Firebase app has not yet been configured. Add `FirebaseApp.configure()` to your application initialization. This can be done in in the App Delegate's application(_:didFinishLaunchingWithOptions:)` (or the `@main` struct's initializer in SwiftUI). Read more: https://firebase.google.com/docs/ios/setup#initialize_firebase_in_your_app
Test Case '-[Yoga_of_EatingTests.MealSubmissionViewModelTests test_updateMeal_withWhitespaceOnlyItems_isNoOp]' passed (0.001 seconds).
Test Case '-[Yoga_of_EatingTests.MealSubmissionViewModelTests test_updateMeal_withXSSPayload_doesNotPersistAndSetsAlert]' started.
2026-05-15 06:37:13.511920+0530 Yoga of Eating[16572:133575] [[FirebaseCore]] 12.7.0 - [FirebaseCore][I-COR000003] The default Firebase app has not yet been configured. Add `FirebaseApp.configure()` to your application initialization. This can be done in in the App Delegate's application(_:didFinishLaunchingWithOptions:)` (or the `@main` struct's initializer in SwiftUI). Read more: https://firebase.google.com/docs/ios/setup#initialize_firebase_in_your_app
Test Case '-[Yoga_of_EatingTests.MealSubmissionViewModelTests test_updateMeal_withXSSPayload_doesNotPersistAndSetsAlert]' passed (0.001 seconds).
Test Case '-[Yoga_of_EatingTests.MealSubmissionViewModelTests test_updateMealItems_withSuspiciousContent_doesNotPersist]' started.
2026-05-15 06:37:13.512557+0530 Yoga of Eating[16572:133575] [[FirebaseCore]] 12.7.0 - [FirebaseCore][I-COR000003] The default Firebase app has not yet been configured. Add `FirebaseApp.configure()` to your application initialization. This can be done in in the App Delegate's application(_:didFinishLaunchingWithOptions:)` (or the `@main` struct's initializer in SwiftUI). Read more: https://firebase.google.com/docs/ios/setup#initialize_firebase_in_your_app
Test Case '-[Yoga_of_EatingTests.MealSubmissionViewModelTests test_updateMealItems_withSuspiciousContent_doesNotPersist]' passed (0.000 seconds).
Test Suite 'MealSubmissionViewModelTests' passed at 2026-05-15 06:37:13.513.
	 Executed 12 tests, with 0 failures (0 unexpected) in 0.417 (0.420) seconds
Test Suite 'MealTests' started at 2026-05-15 06:37:13.513.
Test Case '-[Yoga_of_EatingTests.MealTests test_meal_aiInsight_canBeSet]' started.
Test Case '-[Yoga_of_EatingTests.MealTests test_meal_aiInsight_canBeSet]' passed (0.000 seconds).
Test Case '-[Yoga_of_EatingTests.MealTests test_meal_aiInsight_defaultsToNil]' started.
Test Case '-[Yoga_of_EatingTests.MealTests test_meal_aiInsight_defaultsToNil]' passed (0.000 seconds).
Test Case '-[Yoga_of_EatingTests.MealTests test_meal_aiInsight_nilPreserved_afterSerialization]' started.
Test Case '-[Yoga_of_EatingTests.MealTests test_meal_aiInsight_nilPreserved_afterSerialization]' passed (0.000 seconds).
Test Case '-[Yoga_of_EatingTests.MealTests test_meal_aiInsight_serialization_roundtrip]' started.
Test Case '-[Yoga_of_EatingTests.MealTests test_meal_aiInsight_serialization_roundtrip]' passed (0.000 seconds).
Test Case '-[Yoga_of_EatingTests.MealTests test_meal_description_backward_compatibility]' started.
Test Case '-[Yoga_of_EatingTests.MealTests test_meal_description_backward_compatibility]' passed (0.001 seconds).
Test Case '-[Yoga_of_EatingTests.MealTests test_meal_hasAIInsight_computed]' started.
Test Case '-[Yoga_of_EatingTests.MealTests test_meal_hasAIInsight_computed]' passed (0.000 seconds).
Test Case '-[Yoga_of_EatingTests.MealTests test_meal_init_defaults]' started.
Test Case '-[Yoga_of_EatingTests.MealTests test_meal_init_defaults]' passed (0.000 seconds).
Test Case '-[Yoga_of_EatingTests.MealTests test_meal_legacyInit_defaults]' started.
Test Case '-[Yoga_of_EatingTests.MealTests test_meal_legacyInit_defaults]' passed (0.000 seconds).
Test Case '-[Yoga_of_EatingTests.MealTests test_meal_suggestedMealType_breakfast]' started.
Test Case '-[Yoga_of_EatingTests.MealTests test_meal_suggestedMealType_breakfast]' passed (0.000 seconds).
Test Case '-[Yoga_of_EatingTests.MealTests test_meal_suggestedMealType_dinner]' started.
Test Case '-[Yoga_of_EatingTests.MealTests test_meal_suggestedMealType_dinner]' passed (0.000 seconds).
Test Case '-[Yoga_of_EatingTests.MealTests test_meal_suggestedMealType_lunch]' started.
Test Case '-[Yoga_of_EatingTests.MealTests test_meal_suggestedMealType_lunch]' passed (0.000 seconds).
Test Case '-[Yoga_of_EatingTests.MealTests test_meal_suggestedMealType_snacks]' started.
Test Case '-[Yoga_of_EatingTests.MealTests test_meal_suggestedMealType_snacks]' passed (0.000 seconds).
Test Case '-[Yoga_of_EatingTests.MealTests test_meal_timestamp_autoCaptured_onCreation]' started.
Test Case '-[Yoga_of_EatingTests.MealTests test_meal_timestamp_autoCaptured_onCreation]' passed (0.000 seconds).
Test Case '-[Yoga_of_EatingTests.MealTests test_meal_timestamp_customValue_isPreserved]' started.
Test Case '-[Yoga_of_EatingTests.MealTests test_meal_timestamp_customValue_isPreserved]' passed (0.000 seconds).
Test Case '-[Yoga_of_EatingTests.MealTests test_meal_timestamp_differentMeals_haveDifferentTimestamps]' started.
Test Case '-[Yoga_of_EatingTests.MealTests test_meal_timestamp_differentMeals_haveDifferentTimestamps]' passed (0.012 seconds).
Test Case '-[Yoga_of_EatingTests.MealTests test_meal_timestamp_serialization_roundtrip]' started.
Test Case '-[Yoga_of_EatingTests.MealTests test_meal_timestamp_serialization_roundtrip]' passed (0.000 seconds).
Test Case '-[Yoga_of_EatingTests.MealTests test_mealType_displayNames]' started.
Test Case '-[Yoga_of_EatingTests.MealTests test_mealType_displayNames]' passed (0.000 seconds).
Test Case '-[Yoga_of_EatingTests.MealTests test_mergeItems_caseInsensitiveDuplicates_areNotAdded]' started.
Test Case '-[Yoga_of_EatingTests.MealTests test_mergeItems_caseInsensitiveDuplicates_areNotAdded]' passed (0.000 seconds).
Test Case '-[Yoga_of_EatingTests.MealTests test_mergeItems_duplicateItems_areNotAdded]' started.
Test Case '-[Yoga_of_EatingTests.MealTests test_mergeItems_duplicateItems_areNotAdded]' passed (0.000 seconds).
Test Case '-[Yoga_of_EatingTests.MealTests test_mergeItems_emptyExisting_returnsNewItems]' started.
Test Case '-[Yoga_of_EatingTests.MealTests test_mergeItems_emptyExisting_returnsNewItems]' passed (0.000 seconds).
Test Case '-[Yoga_of_EatingTests.MealTests test_mergeItems_existingItems_appendsNewItems]' started.
Test Case '-[Yoga_of_EatingTests.MealTests test_mergeItems_existingItems_appendsNewItems]' passed (0.000 seconds).
Test Case '-[Yoga_of_EatingTests.MealTests test_mergeItems_whitespaceVariants_areNotAdded]' started.
Test Case '-[Yoga_of_EatingTests.MealTests test_mergeItems_whitespaceVariants_areNotAdded]' passed (0.000 seconds).
Test Suite 'MealTests' passed at 2026-05-15 06:37:13.537.
	 Executed 22 tests, with 0 failures (0 unexpected) in 0.020 (0.024) seconds
Test Suite 'MindCheckEntryTests' started at 2026-05-15 06:37:13.537.
Test Case '-[Yoga_of_EatingTests.MindCheckEntryTests test_mindCheckCategory_allCases_hasCorrectCount]' started.
Test Case '-[Yoga_of_EatingTests.MindCheckEntryTests test_mindCheckCategory_allCases_hasCorrectCount]' passed (0.001 seconds).
Test Case '-[Yoga_of_EatingTests.MindCheckEntryTests test_mindCheckCategory_categoriesForContext_evening]' started.
Test Case '-[Yoga_of_EatingTests.MindCheckEntryTests test_mindCheckCategory_categoriesForContext_evening]' passed (0.000 seconds).
Test Case '-[Yoga_of_EatingTests.MindCheckEntryTests test_mindCheckCategory_categoriesForContext_morning]' started.
Test Case '-[Yoga_of_EatingTests.MindCheckEntryTests test_mindCheckCategory_categoriesForContext_morning]' passed (0.000 seconds).
Test Case '-[Yoga_of_EatingTests.MindCheckEntryTests test_mindCheckCategory_context_returnsCorrectContext]' started.
Test Case '-[Yoga_of_EatingTests.MindCheckEntryTests test_mindCheckCategory_context_returnsCorrectContext]' passed (0.000 seconds).
Test Case '-[Yoga_of_EatingTests.MindCheckEntryTests test_mindCheckCategory_displayName_returnsCorrectName]' started.
Test Case '-[Yoga_of_EatingTests.MindCheckEntryTests test_mindCheckCategory_displayName_returnsCorrectName]' passed (0.000 seconds).
Test Case '-[Yoga_of_EatingTests.MindCheckEntryTests test_mindCheckCategory_emoji_returnsCorrectEmoji]' started.
Test Case '-[Yoga_of_EatingTests.MindCheckEntryTests test_mindCheckCategory_emoji_returnsCorrectEmoji]' passed (0.000 seconds).
Test Case '-[Yoga_of_EatingTests.MindCheckEntryTests test_mindCheckCategory_evening_hasExpectedCases]' started.
Test Case '-[Yoga_of_EatingTests.MindCheckEntryTests test_mindCheckCategory_evening_hasExpectedCases]' passed (0.000 seconds).
Test Case '-[Yoga_of_EatingTests.MindCheckEntryTests test_mindCheckCategory_morning_hasExpectedCases]' started.
Test Case '-[Yoga_of_EatingTests.MindCheckEntryTests test_mindCheckCategory_morning_hasExpectedCases]' passed (0.000 seconds).
Test Case '-[Yoga_of_EatingTests.MindCheckEntryTests test_mindCheckContext_hasExpectedCases]' started.
Test Case '-[Yoga_of_EatingTests.MindCheckEntryTests test_mindCheckContext_hasExpectedCases]' passed (0.000 seconds).
Test Case '-[Yoga_of_EatingTests.MindCheckEntryTests test_mindCheckContext_rawValues_areCorrect]' started.
Test Case '-[Yoga_of_EatingTests.MindCheckEntryTests test_mindCheckContext_rawValues_areCorrect]' passed (0.000 seconds).
Test Case '-[Yoga_of_EatingTests.MindCheckEntryTests test_mindCheckEntry_codable_allCategories]' started.
Test Case '-[Yoga_of_EatingTests.MindCheckEntryTests test_mindCheckEntry_codable_allCategories]' passed (0.000 seconds).
Test Case '-[Yoga_of_EatingTests.MindCheckEntryTests test_mindCheckEntry_codable_encodesAndDecodes]' started.
Test Case '-[Yoga_of_EatingTests.MindCheckEntryTests test_mindCheckEntry_codable_encodesAndDecodes]' passed (0.000 seconds).
Test Case '-[Yoga_of_EatingTests.MindCheckEntryTests test_mindCheckEntry_equatable_returnsFalseForDifferentIds]' started.
Test Case '-[Yoga_of_EatingTests.MindCheckEntryTests test_mindCheckEntry_equatable_returnsFalseForDifferentIds]' passed (0.000 seconds).
Test Case '-[Yoga_of_EatingTests.MindCheckEntryTests test_mindCheckEntry_equatable_returnsTrueForIdenticalEntries]' started.
Test Case '-[Yoga_of_EatingTests.MindCheckEntryTests test_mindCheckEntry_equatable_returnsTrueForIdenticalEntries]' passed (0.000 seconds).
Test Case '-[Yoga_of_EatingTests.MindCheckEntryTests test_mindCheckEntry_identifiable_hasUniqueId]' started.
Test Case '-[Yoga_of_EatingTests.MindCheckEntryTests test_mindCheckEntry_identifiable_hasUniqueId]' passed (0.000 seconds).
Test Case '-[Yoga_of_EatingTests.MindCheckEntryTests test_mindCheckEntry_init_setsAllProperties]' started.
Test Case '-[Yoga_of_EatingTests.MindCheckEntryTests test_mindCheckEntry_init_setsAllProperties]' passed (0.000 seconds).
Test Case '-[Yoga_of_EatingTests.MindCheckEntryTests test_mindCheckEntry_withEmptyText_handlesCorrectly]' started.
Test Case '-[Yoga_of_EatingTests.MindCheckEntryTests test_mindCheckEntry_withEmptyText_handlesCorrectly]' passed (0.000 seconds).
Test Case '-[Yoga_of_EatingTests.MindCheckEntryTests test_mindCheckEntry_withLongText_handlesCorrectly]' started.
Test Case '-[Yoga_of_EatingTests.MindCheckEntryTests test_mindCheckEntry_withLongText_handlesCorrectly]' passed (0.000 seconds).
Test Case '-[Yoga_of_EatingTests.MindCheckEntryTests test_mindCheckEntry_withSpecialCharacters_handlesCorrectly]' started.
Test Case '-[Yoga_of_EatingTests.MindCheckEntryTests test_mindCheckEntry_withSpecialCharacters_handlesCorrectly]' passed (0.000 seconds).
Test Suite 'MindCheckEntryTests' passed at 2026-05-15 06:37:13.546.
	 Executed 19 tests, with 0 failures (0 unexpected) in 0.006 (0.009) seconds
Test Suite 'MindCheckServiceTests' started at 2026-05-15 06:37:13.546.
Test Case '-[Yoga_of_EatingTests.MindCheckServiceTests test_getEveningMindCheck_returnsEntriesForToday]' started.
Test Case '-[Yoga_of_EatingTests.MindCheckServiceTests test_getEveningMindCheck_returnsEntriesForToday]' passed (0.000 seconds).
Test Case '-[Yoga_of_EatingTests.MindCheckServiceTests test_getEveningMindCheck_returnsNilWhenNotLogged]' started.
Test Case '-[Yoga_of_EatingTests.MindCheckServiceTests test_getEveningMindCheck_returnsNilWhenNotLogged]' passed (0.000 seconds).
Test Case '-[Yoga_of_EatingTests.MindCheckServiceTests test_getMorningMindCheck_returnsEntriesForToday]' started.
Test Case '-[Yoga_of_EatingTests.MindCheckServiceTests test_getMorningMindCheck_returnsEntriesForToday]' passed (0.000 seconds).
Test Case '-[Yoga_of_EatingTests.MindCheckServiceTests test_getMorningMindCheck_returnsNilWhenNotLogged]' started.
Test Case '-[Yoga_of_EatingTests.MindCheckServiceTests test_getMorningMindCheck_returnsNilWhenNotLogged]' passed (0.000 seconds).
Test Case '-[Yoga_of_EatingTests.MindCheckServiceTests test_hasEveningMindCheckForToday_returnsFalseWhenNotLogged]' started.
Test Case '-[Yoga_of_EatingTests.MindCheckServiceTests test_hasEveningMindCheckForToday_returnsFalseWhenNotLogged]' passed (0.000 seconds).
Test Case '-[Yoga_of_EatingTests.MindCheckServiceTests test_hasEveningMindCheckForToday_returnsTrueWhenLogged]' started.
Test Case '-[Yoga_of_EatingTests.MindCheckServiceTests test_hasEveningMindCheckForToday_returnsTrueWhenLogged]' passed (0.000 seconds).
Test Case '-[Yoga_of_EatingTests.MindCheckServiceTests test_hasMorningMindCheckForToday_returnsFalseWhenNotLogged]' started.
Test Case '-[Yoga_of_EatingTests.MindCheckServiceTests test_hasMorningMindCheckForToday_returnsFalseWhenNotLogged]' passed (0.000 seconds).
Test Case '-[Yoga_of_EatingTests.MindCheckServiceTests test_hasMorningMindCheckForToday_returnsTrueWhenLogged]' started.
Test Case '-[Yoga_of_EatingTests.MindCheckServiceTests test_hasMorningMindCheckForToday_returnsTrueWhenLogged]' passed (0.000 seconds).
Test Case '-[Yoga_of_EatingTests.MindCheckServiceTests test_saveEveningMindCheck_persistsToSnapshot]' started.
Test Case '-[Yoga_of_EatingTests.MindCheckServiceTests test_saveEveningMindCheck_persistsToSnapshot]' passed (0.009 seconds).
Test Case '-[Yoga_of_EatingTests.MindCheckServiceTests test_saveMorningMindCheck_mergesWithExistingSnapshot]' started.
Test Case '-[Yoga_of_EatingTests.MindCheckServiceTests test_saveMorningMindCheck_mergesWithExistingSnapshot]' passed (0.000 seconds).
Test Case '-[Yoga_of_EatingTests.MindCheckServiceTests test_saveMorningMindCheck_persistsToSnapshot]' started.
Test Case '-[Yoga_of_EatingTests.MindCheckServiceTests test_saveMorningMindCheck_persistsToSnapshot]' passed (0.000 seconds).
Test Suite 'MindCheckServiceTests' passed at 2026-05-15 06:37:13.560.
	 Executed 11 tests, with 0 failures (0 unexpected) in 0.013 (0.014) seconds
Test Suite 'NotificationManagerTests' started at 2026-05-15 06:37:13.561.
Test Case '-[Yoga_of_EatingTests.NotificationManagerTests test_scheduleMealReminder_createsRequest]' started.
Test Case '-[Yoga_of_EatingTests.NotificationManagerTests test_scheduleMealReminder_createsRequest]' passed (0.002 seconds).
Test Case '-[Yoga_of_EatingTests.NotificationManagerTests test_scheduleMealReminder_defaultsToEnabled_whenKeyMissing]' started.
Test Case '-[Yoga_of_EatingTests.NotificationManagerTests test_scheduleMealReminder_defaultsToEnabled_whenKeyMissing]' passed (0.002 seconds).
Test Case '-[Yoga_of_EatingTests.NotificationManagerTests test_scheduleMealReminder_doesNotSchedule_whenExplicitlyDisabled]' started.
Test Case '-[Yoga_of_EatingTests.NotificationManagerTests test_scheduleMealReminder_doesNotSchedule_whenExplicitlyDisabled]' passed (0.002 seconds).
Test Case '-[Yoga_of_EatingTests.NotificationManagerTests test_scheduleMorningNudge_createsRequest]' started.
Test Case '-[Yoga_of_EatingTests.NotificationManagerTests test_scheduleMorningNudge_createsRequest]' passed (0.002 seconds).
Test Case '-[Yoga_of_EatingTests.NotificationManagerTests test_scheduleMorningNudge_defaultsToEnabled_whenKeyMissing]' started.
Test Case '-[Yoga_of_EatingTests.NotificationManagerTests test_scheduleMorningNudge_defaultsToEnabled_whenKeyMissing]' passed (0.002 seconds).
Test Case '-[Yoga_of_EatingTests.NotificationManagerTests test_scheduleMorningNudge_doesNotSchedule_whenExplicitlyDisabled]' started.
Test Case '-[Yoga_of_EatingTests.NotificationManagerTests test_scheduleMorningNudge_doesNotSchedule_whenExplicitlyDisabled]' passed (0.002 seconds).
Test Suite 'NotificationManagerTests' passed at 2026-05-15 06:37:13.573.
	 Executed 6 tests, with 0 failures (0 unexpected) in 0.012 (0.013) seconds
Test Suite 'NotificationTimingABTestTests' started at 2026-05-15 06:37:13.573.
Test Case '-[Yoga_of_EatingTests.NotificationTimingABTestTests test_predictWakeTime_boundaryHour23_returnsValue]' started.
Test Case '-[Yoga_of_EatingTests.NotificationTimingABTestTests test_predictWakeTime_boundaryHour23_returnsValue]' passed (0.001 seconds).
Test Case '-[Yoga_of_EatingTests.NotificationTimingABTestTests test_predictWakeTime_invalidHour_returnsDefault]' started.
Test Case '-[Yoga_of_EatingTests.NotificationTimingABTestTests test_predictWakeTime_invalidHour_returnsDefault]' passed (0.001 seconds).
Test Case '-[Yoga_of_EatingTests.NotificationTimingABTestTests test_predictWakeTime_invalidMinute_returnsDefault]' started.
Test Case '-[Yoga_of_EatingTests.NotificationTimingABTestTests test_predictWakeTime_invalidMinute_returnsDefault]' passed (0.001 seconds).
Test Case '-[Yoga_of_EatingTests.NotificationTimingABTestTests test_predictWakeTime_malformedString_returnsDefault]' started.
Test Case '-[Yoga_of_EatingTests.NotificationTimingABTestTests test_predictWakeTime_malformedString_returnsDefault]' passed (0.001 seconds).
Test Case '-[Yoga_of_EatingTests.NotificationTimingABTestTests test_predictWakeTime_noStoredValue_returnsDefault]' started.
Test Case '-[Yoga_of_EatingTests.NotificationTimingABTestTests test_predictWakeTime_noStoredValue_returnsDefault]' passed (0.000 seconds).
Test Case '-[Yoga_of_EatingTests.NotificationTimingABTestTests test_predictWakeTime_validTime_returnsParsedValue]' started.
Test Case '-[Yoga_of_EatingTests.NotificationTimingABTestTests test_predictWakeTime_validTime_returnsParsedValue]' passed (0.001 seconds).
Test Suite 'NotificationTimingABTestTests' passed at 2026-05-15 06:37:13.581.
	 Executed 6 tests, with 0 failures (0 unexpected) in 0.006 (0.008) seconds
Test Suite 'PartialRestoreTests' started at 2026-05-15 06:37:13.581.
Test Case '-[Yoga_of_EatingTests.PartialRestoreTests test_restoreFromFirebase_withPartialCloudData_mergesAllReturnedSnapshots]' started.
2026-05-15 06:37:13.581436+0530 Yoga of Eating[16572:133548] [HistoricalSync] Restore: fetched 2 snapshots for user
Test Case '-[Yoga_of_EatingTests.PartialRestoreTests test_restoreFromFirebase_withPartialCloudData_mergesAllReturnedSnapshots]' passed (0.001 seconds).
Test Suite 'PartialRestoreTests' passed at 2026-05-15 06:37:13.582.
	 Executed 1 test, with 0 failures (0 unexpected) in 0.001 (0.001) seconds
Test Suite 'PatternAnalysisEnrichmentTests' started at 2026-05-15 06:37:13.582.
Test Case '-[Yoga_of_EatingTests.PatternAnalysisEnrichmentTests test_carryOverLoad_confidence_isValidRange]' started.
Test Case '-[Yoga_of_EatingTests.PatternAnalysisEnrichmentTests test_carryOverLoad_confidence_isValidRange]' passed (0.000 seconds).
Test Case '-[Yoga_of_EatingTests.PatternAnalysisEnrichmentTests test_carryOverLoad_doesNotFire_withFewerThanThreeLowDays]' started.
Test Case '-[Yoga_of_EatingTests.PatternAnalysisEnrichmentTests test_carryOverLoad_doesNotFire_withFewerThanThreeLowDays]' passed (0.000 seconds).
Test Case '-[Yoga_of_EatingTests.PatternAnalysisEnrichmentTests test_carryOverLoad_fallsBackToAvgScore_whenNoDimensionsPresent]' started.
Test Case '-[Yoga_of_EatingTests.PatternAnalysisEnrichmentTests test_carryOverLoad_fallsBackToAvgScore_whenNoDimensionsPresent]' passed (0.000 seconds).
Test Case '-[Yoga_of_EatingTests.PatternAnalysisEnrichmentTests test_carryOverLoad_fires_whenThreePlusLowWellbeingDays]' started.
Test Case '-[Yoga_of_EatingTests.PatternAnalysisEnrichmentTests test_carryOverLoad_fires_whenThreePlusLowWellbeingDays]' passed (0.001 seconds).
Test Case '-[Yoga_of_EatingTests.PatternAnalysisEnrichmentTests test_generateCorrelationCards_includesNewCorrelations]' started.
Test Case '-[Yoga_of_EatingTests.PatternAnalysisEnrichmentTests test_generateCorrelationCards_includesNewCorrelations]' passed (0.000 seconds).
Test Case '-[Yoga_of_EatingTests.PatternAnalysisEnrichmentTests test_intentionFollowthrough_confidence_isValidRange]' started.
Test Case '-[Yoga_of_EatingTests.PatternAnalysisEnrichmentTests test_intentionFollowthrough_confidence_isValidRange]' passed (0.000 seconds).
Test Case '-[Yoga_of_EatingTests.PatternAnalysisEnrichmentTests test_intentionFollowthrough_doesNotFire_whenCompletionRateHigh]' started.
Test Case '-[Yoga_of_EatingTests.PatternAnalysisEnrichmentTests test_intentionFollowthrough_doesNotFire_whenCompletionRateHigh]' passed (0.000 seconds).
Test Case '-[Yoga_of_EatingTests.PatternAnalysisEnrichmentTests test_intentionFollowthrough_doesNotFire_withFewerThanMinTodos]' started.
Test Case '-[Yoga_of_EatingTests.PatternAnalysisEnrichmentTests test_intentionFollowthrough_doesNotFire_withFewerThanMinTodos]' passed (0.000 seconds).
Test Case '-[Yoga_of_EatingTests.PatternAnalysisEnrichmentTests test_intentionFollowthrough_fires_whenCompletionRateLow]' started.
Test Case '-[Yoga_of_EatingTests.PatternAnalysisEnrichmentTests test_intentionFollowthrough_fires_whenCompletionRateLow]' passed (0.000 seconds).
Test Case '-[Yoga_of_EatingTests.PatternAnalysisEnrichmentTests test_journalTonePrediction_doesNotFire_whenToneIsPositive]' started.
Test Case '-[Yoga_of_EatingTests.PatternAnalysisEnrichmentTests test_journalTonePrediction_doesNotFire_whenToneIsPositive]' passed (0.000 seconds).
Test Case '-[Yoga_of_EatingTests.PatternAnalysisEnrichmentTests test_journalTonePrediction_doesNotFire_withInsufficientData]' started.
Test Case '-[Yoga_of_EatingTests.PatternAnalysisEnrichmentTests test_journalTonePrediction_doesNotFire_withInsufficientData]' passed (0.000 seconds).
Test Case '-[Yoga_of_EatingTests.PatternAnalysisEnrichmentTests test_journalTonePrediction_fires_whenOverwhelmedPrecedesLowWellbeing]' started.
Test Case '-[Yoga_of_EatingTests.PatternAnalysisEnrichmentTests test_journalTonePrediction_fires_whenOverwhelmedPrecedesLowWellbeing]' passed (0.000 seconds).
Test Case '-[Yoga_of_EatingTests.PatternAnalysisEnrichmentTests test_sleepMismatch_doesNotFire_whenNoSleepRatingPresent]' started.
Test Case '-[Yoga_of_EatingTests.PatternAnalysisEnrichmentTests test_sleepMismatch_doesNotFire_whenNoSleepRatingPresent]' passed (0.000 seconds).
Test Case '-[Yoga_of_EatingTests.PatternAnalysisEnrichmentTests test_sleepMismatch_doesNotFire_whenSleepRatingMatchesCognition]' started.
Test Case '-[Yoga_of_EatingTests.PatternAnalysisEnrichmentTests test_sleepMismatch_doesNotFire_whenSleepRatingMatchesCognition]' passed (0.000 seconds).
Test Case '-[Yoga_of_EatingTests.PatternAnalysisEnrichmentTests test_sleepMismatch_fires_whenGreatSleepRatingButLowClarityDimension]' started.
Test Case '-[Yoga_of_EatingTests.PatternAnalysisEnrichmentTests test_sleepMismatch_fires_whenGreatSleepRatingButLowClarityDimension]' passed (0.000 seconds).
Test Case '-[Yoga_of_EatingTests.PatternAnalysisEnrichmentTests test_sleepRecoveryCarryover_confidence_isValidRange]' started.
Test Case '-[Yoga_of_EatingTests.PatternAnalysisEnrichmentTests test_sleepRecoveryCarryover_confidence_isValidRange]' passed (0.000 seconds).
Test Case '-[Yoga_of_EatingTests.PatternAnalysisEnrichmentTests test_sleepRecoveryCarryover_doesNotFire_whenNoSleepData]' started.
Test Case '-[Yoga_of_EatingTests.PatternAnalysisEnrichmentTests test_sleepRecoveryCarryover_doesNotFire_whenNoSleepData]' passed (0.000 seconds).
Test Case '-[Yoga_of_EatingTests.PatternAnalysisEnrichmentTests test_sleepRecoveryCarryover_doesNotFire_whenOnlyOnePoorNight]' started.
Test Case '-[Yoga_of_EatingTests.PatternAnalysisEnrichmentTests test_sleepRecoveryCarryover_doesNotFire_whenOnlyOnePoorNight]' passed (0.000 seconds).
Test Case '-[Yoga_of_EatingTests.PatternAnalysisEnrichmentTests test_sleepRecoveryCarryover_fires_whenTwoConsecutivePoorSleepNights]' started.
Test Case '-[Yoga_of_EatingTests.PatternAnalysisEnrichmentTests test_sleepRecoveryCarryover_fires_whenTwoConsecutivePoorSleepNights]' passed (0.000 seconds).
Test Suite 'PatternAnalysisEnrichmentTests' passed at 2026-05-15 06:37:13.592.
	 Executed 19 tests, with 0 failures (0 unexpected) in 0.007 (0.010) seconds
Test Suite 'PersistenceServiceTests' started at 2026-05-15 06:37:13.592.
Test Case '-[Yoga_of_EatingTests.PersistenceServiceTests test_appData_mealTimestamp_persistsCorrectly]' started.
Test Case '-[Yoga_of_EatingTests.PersistenceServiceTests test_appData_mealTimestamp_persistsCorrectly]' passed (0.002 seconds).
Test Case '-[Yoga_of_EatingTests.PersistenceServiceTests test_appData_multipleMeals_timestampsPreserved]' started.
Test Case '-[Yoga_of_EatingTests.PersistenceServiceTests test_appData_multipleMeals_timestampsPreserved]' passed (0.000 seconds).
Test Case '-[Yoga_of_EatingTests.PersistenceServiceTests test_appData_serialization_roundtrip]' started.
Test Case '-[Yoga_of_EatingTests.PersistenceServiceTests test_appData_serialization_roundtrip]' passed (0.000 seconds).
Test Case '-[Yoga_of_EatingTests.PersistenceServiceTests test_deleteAll_removesFile]' started.
Test Case '-[Yoga_of_EatingTests.PersistenceServiceTests test_deleteAll_removesFile]' passed (0.001 seconds).
Test Suite 'PersistenceServiceTests' passed at 2026-05-15 06:37:13.596.
	 Executed 4 tests, with 0 failures (0 unexpected) in 0.003 (0.004) seconds
Test Suite 'PersonalizedHapticFeedbackTests' started at 2026-05-15 06:37:13.596.
Test Case '-[Yoga_of_EatingTests.PersonalizedHapticFeedbackTests test_getFeedbackStyle_boundaryHealthy_returnsSoft]' started.
Test Case '-[Yoga_of_EatingTests.PersonalizedHapticFeedbackTests test_getFeedbackStyle_boundaryHealthy_returnsSoft]' passed (0.001 seconds).
Test Case '-[Yoga_of_EatingTests.PersonalizedHapticFeedbackTests test_getFeedbackStyle_boundaryUnhealthy_returnsLight]' started.
Test Case '-[Yoga_of_EatingTests.PersonalizedHapticFeedbackTests test_getFeedbackStyle_boundaryUnhealthy_returnsLight]' passed (0.001 seconds).
Test Case '-[Yoga_of_EatingTests.PersonalizedHapticFeedbackTests test_getFeedbackStyle_consistency_acrossRiskLevels]' started.
Test Case '-[Yoga_of_EatingTests.PersonalizedHapticFeedbackTests test_getFeedbackStyle_consistency_acrossRiskLevels]' passed (0.001 seconds).
Test Case '-[Yoga_of_EatingTests.PersonalizedHapticFeedbackTests test_getFeedbackStyle_healthyMeal_sameForAllRiskLevels]' started.
Test Case '-[Yoga_of_EatingTests.PersonalizedHapticFeedbackTests test_getFeedbackStyle_healthyMeal_sameForAllRiskLevels]' passed (0.001 seconds).
Test Case '-[Yoga_of_EatingTests.PersonalizedHapticFeedbackTests test_getFeedbackStyle_healthyMealHighRisk_returnsSoft]' started.
Test Case '-[Yoga_of_EatingTests.PersonalizedHapticFeedbackTests test_getFeedbackStyle_healthyMealHighRisk_returnsSoft]' passed (0.001 seconds).
Test Case '-[Yoga_of_EatingTests.PersonalizedHapticFeedbackTests test_getFeedbackStyle_healthyMealLowRisk_returnsSoft]' started.
Test Case '-[Yoga_of_EatingTests.PersonalizedHapticFeedbackTests test_getFeedbackStyle_healthyMealLowRisk_returnsSoft]' passed (0.001 seconds).
Test Case '-[Yoga_of_EatingTests.PersonalizedHapticFeedbackTests test_getFeedbackStyle_neutralMeal_returnsLight]' started.
Test Case '-[Yoga_of_EatingTests.PersonalizedHapticFeedbackTests test_getFeedbackStyle_neutralMeal_returnsLight]' passed (0.001 seconds).
Test Case '-[Yoga_of_EatingTests.PersonalizedHapticFeedbackTests test_getFeedbackStyle_perfectScore_returnsSoft]' started.
Test Case '-[Yoga_of_EatingTests.PersonalizedHapticFeedbackTests test_getFeedbackStyle_perfectScore_returnsSoft]' passed (0.001 seconds).
Test Case '-[Yoga_of_EatingTests.PersonalizedHapticFeedbackTests test_getFeedbackStyle_unhealthyMealHighRisk_returnsHeavy]' started.
Test Case '-[Yoga_of_EatingTests.PersonalizedHapticFeedbackTests test_getFeedbackStyle_unhealthyMealHighRisk_returnsHeavy]' passed (0.001 seconds).
Test Case '-[Yoga_of_EatingTests.PersonalizedHapticFeedbackTests test_getFeedbackStyle_unhealthyMealLowRisk_returnsLight]' started.
Test Case '-[Yoga_of_EatingTests.PersonalizedHapticFeedbackTests test_getFeedbackStyle_unhealthyMealLowRisk_returnsLight]' passed (0.001 seconds).
Test Case '-[Yoga_of_EatingTests.PersonalizedHapticFeedbackTests test_getFeedbackStyle_unhealthyMealMediumRisk_returnsMedium]' started.
Test Case '-[Yoga_of_EatingTests.PersonalizedHapticFeedbackTests test_getFeedbackStyle_unhealthyMealMediumRisk_returnsMedium]' passed (0.001 seconds).
Test Case '-[Yoga_of_EatingTests.PersonalizedHapticFeedbackTests test_getFeedbackStyle_worstScoreHighRisk_returnsHeavy]' started.
Test Case '-[Yoga_of_EatingTests.PersonalizedHapticFeedbackTests test_getFeedbackStyle_worstScoreHighRisk_returnsHeavy]' passed (0.001 seconds).
Test Case '-[Yoga_of_EatingTests.PersonalizedHapticFeedbackTests test_playMealFeedbackHaptic_respectsUserPreferences]' started.
Test Case '-[Yoga_of_EatingTests.PersonalizedHapticFeedbackTests test_playMealFeedbackHaptic_respectsUserPreferences]' passed (0.001 seconds).
Test Case '-[Yoga_of_EatingTests.PersonalizedHapticFeedbackTests test_playMealFeedbackHaptic_withHapticsDisabled_doesNotCrash]' started.
Test Case '-[Yoga_of_EatingTests.PersonalizedHapticFeedbackTests test_playMealFeedbackHaptic_withHapticsDisabled_doesNotCrash]' passed (0.001 seconds).
Test Case '-[Yoga_of_EatingTests.PersonalizedHapticFeedbackTests test_playMealFeedbackHaptic_withHealthyMeal_doesNotThrow]' started.
Test Case '-[Yoga_of_EatingTests.PersonalizedHapticFeedbackTests test_playMealFeedbackHaptic_withHealthyMeal_doesNotThrow]' passed (0.001 seconds).
Test Case '-[Yoga_of_EatingTests.PersonalizedHapticFeedbackTests test_playMealFeedbackHaptic_withUnhealthyMealHighRisk_doesNotThrow]' started.
Test Case '-[Yoga_of_EatingTests.PersonalizedHapticFeedbackTests test_playMealFeedbackHaptic_withUnhealthyMealHighRisk_doesNotThrow]' passed (0.001 seconds).
Test Suite 'PersonalizedHapticFeedbackTests' passed at 2026-05-15 06:37:13.611.
	 Executed 16 tests, with 0 failures (0 unexpected) in 0.012 (0.014) seconds
Test Suite 'PersonalizedMealScoringTests' started at 2026-05-15 06:37:13.611.
Test Case '-[Yoga_of_EatingTests.PersonalizedMealScoringTests test_applySensitivity_highRiskUser_significantAdjustment]' started.
Test Case '-[Yoga_of_EatingTests.PersonalizedMealScoringTests test_applySensitivity_highRiskUser_significantAdjustment]' passed (0.000 seconds).
Test Case '-[Yoga_of_EatingTests.PersonalizedMealScoringTests test_applySensitivity_lowRiskUser_minimalAdjustment]' started.
Test Case '-[Yoga_of_EatingTests.PersonalizedMealScoringTests test_applySensitivity_lowRiskUser_minimalAdjustment]' passed (0.000 seconds).
Test Case '-[Yoga_of_EatingTests.PersonalizedMealScoringTests test_calculateHealthScore_emptyList_returnsNeutral]' started.
Test Case '-[Yoga_of_EatingTests.PersonalizedMealScoringTests test_calculateHealthScore_emptyList_returnsNeutral]' passed (0.000 seconds).
Test Case '-[Yoga_of_EatingTests.PersonalizedMealScoringTests test_calculateHealthScore_healthyMeal_returnsHighScore]' started.
Test Case '-[Yoga_of_EatingTests.PersonalizedMealScoringTests test_calculateHealthScore_healthyMeal_returnsHighScore]' passed (0.000 seconds).
Test Case '-[Yoga_of_EatingTests.PersonalizedMealScoringTests test_calculateHealthScore_healthyMealForAtRiskUser_returnsHigherScore]' started.
Test Case '-[Yoga_of_EatingTests.PersonalizedMealScoringTests test_calculateHealthScore_healthyMealForAtRiskUser_returnsHigherScore]' passed (0.000 seconds).
Test Case '-[Yoga_of_EatingTests.PersonalizedMealScoringTests test_calculateHealthScore_missingUserProfile_usesDefaultScoring]' started.
Test Case '-[Yoga_of_EatingTests.PersonalizedMealScoringTests test_calculateHealthScore_missingUserProfile_usesDefaultScoring]' passed (0.000 seconds).
Test Case '-[Yoga_of_EatingTests.PersonalizedMealScoringTests test_calculateHealthScore_multipleItems_averagesCorrectly]' started.
Test Case '-[Yoga_of_EatingTests.PersonalizedMealScoringTests test_calculateHealthScore_multipleItems_averagesCorrectly]' passed (0.000 seconds).
Test Case '-[Yoga_of_EatingTests.PersonalizedMealScoringTests test_calculateHealthScore_neutralMeal_returnsNeutralScore]' started.
Test Case '-[Yoga_of_EatingTests.PersonalizedMealScoringTests test_calculateHealthScore_neutralMeal_returnsNeutralScore]' passed (0.000 seconds).
Test Case '-[Yoga_of_EatingTests.PersonalizedMealScoringTests test_calculateHealthScore_unhealthyMeal_returnsLowScore]' started.
Test Case '-[Yoga_of_EatingTests.PersonalizedMealScoringTests test_calculateHealthScore_unhealthyMeal_returnsLowScore]' passed (0.000 seconds).
Test Case '-[Yoga_of_EatingTests.PersonalizedMealScoringTests test_calculateHealthScore_unhealthyMealForAtRiskUser_returnsLowerScore]' started.
Test Case '-[Yoga_of_EatingTests.PersonalizedMealScoringTests test_calculateHealthScore_unhealthyMealForAtRiskUser_returnsLowerScore]' passed (0.000 seconds).
Test Case '-[Yoga_of_EatingTests.PersonalizedMealScoringTests test_calculateNextState_healthyMealForAtRiskUser_largerShrink]' started.
Test Case '-[Yoga_of_EatingTests.PersonalizedMealScoringTests test_calculateNextState_healthyMealForAtRiskUser_largerShrink]' passed (0.000 seconds).
Test Case '-[Yoga_of_EatingTests.PersonalizedMealScoringTests test_calculateNextState_healthyUserNeutralMeal_standardBehavior]' started.
Test Case '-[Yoga_of_EatingTests.PersonalizedMealScoringTests test_calculateNextState_healthyUserNeutralMeal_standardBehavior]' passed (0.000 seconds).
Test Case '-[Yoga_of_EatingTests.PersonalizedMealScoringTests test_calculateNextState_unhealthyMealForAtRiskUser_largerBloat]' started.
Test Case '-[Yoga_of_EatingTests.PersonalizedMealScoringTests test_calculateNextState_unhealthyMealForAtRiskUser_largerBloat]' passed (0.000 seconds).
Test Case '-[Yoga_of_EatingTests.PersonalizedMealScoringTests test_contextualAdjustment_friedFoodForHighRisk_significantlyWorse]' started.
Test Case '-[Yoga_of_EatingTests.PersonalizedMealScoringTests test_contextualAdjustment_friedFoodForHighRisk_significantlyWorse]' passed (0.000 seconds).
Test Case '-[Yoga_of_EatingTests.PersonalizedMealScoringTests test_contextualAdjustment_friedFoodForLowRisk_moderatePenalty]' started.
Test Case '-[Yoga_of_EatingTests.PersonalizedMealScoringTests test_contextualAdjustment_friedFoodForLowRisk_moderatePenalty]' passed (0.000 seconds).
Test Case '-[Yoga_of_EatingTests.PersonalizedMealScoringTests test_contextualAdjustment_vegetablesForHighRisk_bonusPoints]' started.
Test Case '-[Yoga_of_EatingTests.PersonalizedMealScoringTests test_contextualAdjustment_vegetablesForHighRisk_bonusPoints]' passed (0.000 seconds).
Test Suite 'PersonalizedMealScoringTests' passed at 2026-05-15 06:37:13.618.
	 Executed 16 tests, with 0 failures (0 unexpected) in 0.005 (0.007) seconds
Test Suite 'QuoteServiceTests' started at 2026-05-15 06:37:13.618.
Test Case '-[Yoga_of_EatingTests.QuoteServiceTests test_getDailyQuote_cyclesBackAfter30Days]' started.
Test Case '-[Yoga_of_EatingTests.QuoteServiceTests test_getDailyQuote_cyclesBackAfter30Days]' passed (0.003 seconds).
Test Case '-[Yoga_of_EatingTests.QuoteServiceTests test_getDailyQuote_cyclesThrough30Days]' started.
Test Case '-[Yoga_of_EatingTests.QuoteServiceTests test_getDailyQuote_cyclesThrough30Days]' passed (0.000 seconds).
Test Case '-[Yoga_of_EatingTests.QuoteServiceTests test_getDailyQuote_defaultsToToday]' started.
Test Case '-[Yoga_of_EatingTests.QuoteServiceTests test_getDailyQuote_defaultsToToday]' passed (0.000 seconds).
Test Case '-[Yoga_of_EatingTests.QuoteServiceTests test_getDailyQuote_returnsDifferentQuoteForDifferentDay]' started.
Test Case '-[Yoga_of_EatingTests.QuoteServiceTests test_getDailyQuote_returnsDifferentQuoteForDifferentDay]' passed (0.000 seconds).
Test Case '-[Yoga_of_EatingTests.QuoteServiceTests test_getDailyQuote_returnsSameQuoteForSameDay]' started.
Test Case '-[Yoga_of_EatingTests.QuoteServiceTests test_getDailyQuote_returnsSameQuoteForSameDay]' passed (0.000 seconds).
Test Case '-[Yoga_of_EatingTests.QuoteServiceTests test_mindfulQuote_equality]' started.
Test Case '-[Yoga_of_EatingTests.QuoteServiceTests test_mindfulQuote_equality]' passed (0.000 seconds).
Test Case '-[Yoga_of_EatingTests.QuoteServiceTests test_mindfulQuote_formatted_withAuthor]' started.
Test Case '-[Yoga_of_EatingTests.QuoteServiceTests test_mindfulQuote_formatted_withAuthor]' passed (0.000 seconds).
Test Case '-[Yoga_of_EatingTests.QuoteServiceTests test_mindfulQuote_formatted_withoutAuthor]' started.
Test Case '-[Yoga_of_EatingTests.QuoteServiceTests test_mindfulQuote_formatted_withoutAuthor]' passed (0.000 seconds).
Test Case '-[Yoga_of_EatingTests.QuoteServiceTests test_quotes_allHaveText]' started.
Test Case '-[Yoga_of_EatingTests.QuoteServiceTests test_quotes_allHaveText]' passed (0.000 seconds).
Test Case '-[Yoga_of_EatingTests.QuoteServiceTests test_quotes_fallbackWorksWhenJSONMissing]' started.
Test Case '-[Yoga_of_EatingTests.QuoteServiceTests test_quotes_fallbackWorksWhenJSONMissing]' passed (0.000 seconds).
Test Case '-[Yoga_of_EatingTests.QuoteServiceTests test_quotes_has30Quotes]' started.
Test Case '-[Yoga_of_EatingTests.QuoteServiceTests test_quotes_has30Quotes]' passed (0.000 seconds).
Test Case '-[Yoga_of_EatingTests.QuoteServiceTests test_quotes_loadedFromJSONOrFallback]' started.
Test Case '-[Yoga_of_EatingTests.QuoteServiceTests test_quotes_loadedFromJSONOrFallback]' passed (0.000 seconds).
Test Suite 'QuoteServiceTests' passed at 2026-05-15 06:37:13.627.
	 Executed 12 tests, with 0 failures (0 unexpected) in 0.007 (0.008) seconds
Test Suite 'RecentMealsFeatureTests' started at 2026-05-15 06:37:13.627.
Test Case '-[Yoga_of_EatingTests.RecentMealsFeatureTests test_getRecentUniqueMeals_capsAtEightResults]' started.
2026-05-15 06:37:13.627163+0530 Yoga of Eating[16572:133575] [[FirebaseCore]] 12.7.0 - [FirebaseCore][I-COR000003] The default Firebase app has not yet been configured. Add `FirebaseApp.configure()` to your application initialization. This can be done in in the App Delegate's application(_:didFinishLaunchingWithOptions:)` (or the `@main` struct's initializer in SwiftUI). Read more: https://firebase.google.com/docs/ios/setup#initialize_firebase_in_your_app
Test Case '-[Yoga_of_EatingTests.RecentMealsFeatureTests test_getRecentUniqueMeals_capsAtEightResults]' passed (0.001 seconds).
Test Case '-[Yoga_of_EatingTests.RecentMealsFeatureTests test_getRecentUniqueMeals_deduplicatesIdenticalMeals]' started.
2026-05-15 06:37:13.627833+0530 Yoga of Eating[16572:133574] [[FirebaseCore]] 12.7.0 - [FirebaseCore][I-COR000003] The default Firebase app has not yet been configured. Add `FirebaseApp.configure()` to your application initialization. This can be done in in the App Delegate's application(_:didFinishLaunchingWithOptions:)` (or the `@main` struct's initializer in SwiftUI). Read more: https://firebase.google.com/docs/ios/setup#initialize_firebase_in_your_app
Test Case '-[Yoga_of_EatingTests.RecentMealsFeatureTests test_getRecentUniqueMeals_deduplicatesIdenticalMeals]' passed (0.000 seconds).
Test Case '-[Yoga_of_EatingTests.RecentMealsFeatureTests test_getRecentUniqueMeals_deduplicationIsCaseInsensitive]' started.
2026-05-15 06:37:13.628420+0530 Yoga of Eating[16572:133573] [[FirebaseCore]] 12.7.0 - [FirebaseCore][I-COR000003] The default Firebase app has not yet been configured. Add `FirebaseApp.configure()` to your application initialization. This can be done in in the App Delegate's application(_:didFinishLaunchingWithOptions:)` (or the `@main` struct's initializer in SwiftUI). Read more: https://firebase.google.com/docs/ios/setup#initialize_firebase_in_your_app
Test Case '-[Yoga_of_EatingTests.RecentMealsFeatureTests test_getRecentUniqueMeals_deduplicationIsCaseInsensitive]' passed (0.000 seconds).
Test Case '-[Yoga_of_EatingTests.RecentMealsFeatureTests test_getRecentUniqueMeals_excludesMealsOlderThan3Days]' started.
2026-05-15 06:37:13.628963+0530 Yoga of Eating[16572:133574] [[FirebaseCore]] 12.7.0 - [FirebaseCore][I-COR000003] The default Firebase app has not yet been configured. Add `FirebaseApp.configure()` to your application initialization. This can be done in in the App Delegate's application(_:didFinishLaunchingWithOptions:)` (or the `@main` struct's initializer in SwiftUI). Read more: https://firebase.google.com/docs/ios/setup#initialize_firebase_in_your_app
Test Case '-[Yoga_of_EatingTests.RecentMealsFeatureTests test_getRecentUniqueMeals_excludesMealsOlderThan3Days]' passed (0.000 seconds).
Test Case '-[Yoga_of_EatingTests.RecentMealsFeatureTests test_getRecentUniqueMeals_returnsMealsFromAllThreePastDays]' started.
2026-05-15 06:37:13.629551+0530 Yoga of Eating[16572:133575] [[FirebaseCore]] 12.7.0 - [FirebaseCore][I-COR000003] The default Firebase app has not yet been configured. Add `FirebaseApp.configure()` to your application initialization. This can be done in in the App Delegate's application(_:didFinishLaunchingWithOptions:)` (or the `@main` struct's initializer in SwiftUI). Read more: https://firebase.google.com/docs/ios/setup#initialize_firebase_in_your_app
Test Case '-[Yoga_of_EatingTests.RecentMealsFeatureTests test_getRecentUniqueMeals_returnsMealsFromAllThreePastDays]' passed (0.000 seconds).
Test Case '-[Yoga_of_EatingTests.RecentMealsFeatureTests test_getRecentUniqueMeals_returnsYesterdaysMeals]' started.
Test Case '-[Yoga_of_EatingTests.RecentMealsFeatureTests test_getRecentUniqueMeals_returnsYesterdaysMeals]' passed (0.000 seconds).
2026-05-15 06:37:13.630217+0530 Yoga of Eating[16572:133575] [[FirebaseCore]] 12.7.0 - [FirebaseCore][I-COR000003] The default Firebase app has not yet been configured. Add `FirebaseApp.configure()` to your application initialization. This can be done in in the App Delegate's application(_:didFinishLaunchingWithOptions:)` (or the `@main` struct's initializer in SwiftUI). Read more: https://firebase.google.com/docs/ios/setup#initialize_firebase_in_your_app
Test Case '-[Yoga_of_EatingTests.RecentMealsFeatureTests test_getRecentUniqueMeals_withNoHistoricalData_returnsEmpty]' started.
2026-05-15 06:37:13.630678+0530 Yoga of Eating[16572:133578] [[FirebaseCore]] 12.7.0 - [FirebaseCore][I-COR000003] The default Firebase app has not yet been configured. Add `FirebaseApp.configure()` to your application initialization. This can be done in in the App Delegate's application(_:didFinishLaunchingWithOptions:)` (or the `@main` struct's initializer in SwiftUI). Read more: https://firebase.google.com/docs/ios/setup#initialize_firebase_in_your_app
Test Case '-[Yoga_of_EatingTests.RecentMealsFeatureTests test_getRecentUniqueMeals_withNoHistoricalData_returnsEmpty]' passed (0.000 seconds).
Test Case '-[Yoga_of_EatingTests.RecentMealsFeatureTests test_recentMealsButtonVisibility_falseWhenFocused]' started.
Test Case '-[Yoga_of_EatingTests.RecentMealsFeatureTests test_recentMealsButtonVisibility_falseWhenFocused]' passed (0.000 seconds).
2026-05-15 06:37:13.631246+0530 Yoga of Eating[16572:133578] [[FirebaseCore]] 12.7.0 - [FirebaseCore][I-COR000003] The default Firebase app has not yet been configured. Add `FirebaseApp.configure()` to your application initialization. This can be done in in the App Delegate's application(_:didFinishLaunchingWithOptions:)` (or the `@main` struct's initializer in SwiftUI). Read more: https://firebase.google.com/docs/ios/setup#initialize_firebase_in_your_app
Test Case '-[Yoga_of_EatingTests.RecentMealsFeatureTests test_recentMealsButtonVisibility_trueWhenNotFocused_noData]' started.
Test Case '-[Yoga_of_EatingTests.RecentMealsFeatureTests test_recentMealsButtonVisibility_trueWhenNotFocused_noData]' passed (0.000 seconds).
2026-05-15 06:37:13.631733+0530 Yoga of Eating[16572:133575] [[FirebaseCore]] 12.7.0 - [FirebaseCore][I-COR000003] The default Firebase app has not yet been configured. Add `FirebaseApp.configure()` to your application initialization. This can be done in in the App Delegate's application(_:didFinishLaunchingWithOptions:)` (or the `@main` struct's initializer in SwiftUI). Read more: https://firebase.google.com/docs/ios/setup#initialize_firebase_in_your_app
Test Case '-[Yoga_of_EatingTests.RecentMealsFeatureTests test_recentMealsButtonVisibility_trueWhenNotFocused_withData]' started.
2026-05-15 06:37:13.632184+0530 Yoga of Eating[16572:133575] [[FirebaseCore]] 12.7.0 - [FirebaseCore][I-COR000003] The default Firebase app has not yet been configured. Add `FirebaseApp.configure()` to your application initialization. This can be done in in the App Delegate's application(_:didFinishLaunchingWithOptions:)` (or the `@main` struct's initializer in SwiftUI). Read more: https://firebase.google.com/docs/ios/setup#initialize_firebase_in_your_app
Test Case '-[Yoga_of_EatingTests.RecentMealsFeatureTests test_recentMealsButtonVisibility_trueWhenNotFocused_withData]' passed (0.000 seconds).
Test Suite 'RecentMealsFeatureTests' passed at 2026-05-15 06:37:13.632.
	 Executed 10 tests, with 0 failures (0 unexpected) in 0.004 (0.006) seconds
Test Suite 'RecentMealsSheetViewTests' started at 2026-05-15 06:37:13.633.
Test Case '-[Yoga_of_EatingTests.RecentMealsSheetViewTests test_emptyMeals_viewInitializes]' started.
Test Case '-[Yoga_of_EatingTests.RecentMealsSheetViewTests test_emptyMeals_viewInitializes]' passed (0.010 seconds).
Test Case '-[Yoga_of_EatingTests.RecentMealsSheetViewTests test_onSelectMeal_callbackReceivesMeal]' started.
Test Case '-[Yoga_of_EatingTests.RecentMealsSheetViewTests test_onSelectMeal_callbackReceivesMeal]' passed (0.000 seconds).
Test Case '-[Yoga_of_EatingTests.RecentMealsSheetViewTests test_relativeDateString_threeDaysAgo_returnsDaysAgo]' started.
Test Case '-[Yoga_of_EatingTests.RecentMealsSheetViewTests test_relativeDateString_threeDaysAgo_returnsDaysAgo]' passed (0.000 seconds).
Test Case '-[Yoga_of_EatingTests.RecentMealsSheetViewTests test_relativeDateString_today_returnsToday]' started.
Test Case '-[Yoga_of_EatingTests.RecentMealsSheetViewTests test_relativeDateString_today_returnsToday]' passed (0.000 seconds).
Test Case '-[Yoga_of_EatingTests.RecentMealsSheetViewTests test_relativeDateString_twoDaysAgo_returnsDaysAgo]' started.
Test Case '-[Yoga_of_EatingTests.RecentMealsSheetViewTests test_relativeDateString_twoDaysAgo_returnsDaysAgo]' passed (0.000 seconds).
Test Case '-[Yoga_of_EatingTests.RecentMealsSheetViewTests test_relativeDateString_yesterday_returnsYesterday]' started.
Test Case '-[Yoga_of_EatingTests.RecentMealsSheetViewTests test_relativeDateString_yesterday_returnsYesterday]' passed (0.000 seconds).
Test Suite 'RecentMealsSheetViewTests' passed at 2026-05-15 06:37:13.645.
	 Executed 6 tests, with 0 failures (0 unexpected) in 0.011 (0.012) seconds
Test Suite 'ReflectDataModelTests' started at 2026-05-15 06:37:13.645.
Test Case '-[Yoga_of_EatingTests.ReflectDataModelTests test_defaultInit_hasNoContent]' started.
Test Case '-[Yoga_of_EatingTests.ReflectDataModelTests test_defaultInit_hasNoContent]' passed (0.000 seconds).
Test Case '-[Yoga_of_EatingTests.ReflectDataModelTests test_encodeDecode_nilFieldsRoundTrip]' started.
Test Case '-[Yoga_of_EatingTests.ReflectDataModelTests test_encodeDecode_nilFieldsRoundTrip]' passed (0.000 seconds).
Test Case '-[Yoga_of_EatingTests.ReflectDataModelTests test_encodeDecode_roundTrip]' started.
Test Case '-[Yoga_of_EatingTests.ReflectDataModelTests test_encodeDecode_roundTrip]' passed (0.000 seconds).
Test Case '-[Yoga_of_EatingTests.ReflectDataModelTests test_equatable]' started.
Test Case '-[Yoga_of_EatingTests.ReflectDataModelTests test_equatable]' passed (0.000 seconds).
Test Case '-[Yoga_of_EatingTests.ReflectDataModelTests test_hasContent_falseForWhitespaceOnlyText]' started.
Test Case '-[Yoga_of_EatingTests.ReflectDataModelTests test_hasContent_falseForWhitespaceOnlyText]' passed (0.000 seconds).
Test Case '-[Yoga_of_EatingTests.ReflectDataModelTests test_hasContent_trueWhenFeelingSet]' started.
Test Case '-[Yoga_of_EatingTests.ReflectDataModelTests test_hasContent_trueWhenFeelingSet]' passed (0.000 seconds).
Test Case '-[Yoga_of_EatingTests.ReflectDataModelTests test_hasContent_trueWhenJournalTextSet]' started.
Test Case '-[Yoga_of_EatingTests.ReflectDataModelTests test_hasContent_trueWhenJournalTextSet]' passed (0.000 seconds).
Test Suite 'ReflectDataModelTests' passed at 2026-05-15 06:37:13.648.
	 Executed 7 tests, with 0 failures (0 unexpected) in 0.002 (0.003) seconds
Test Suite 'RetryTests' started at 2026-05-15 06:37:13.648.
Test Case '-[Yoga_of_EatingTests.RetryTests test_restore_authFailure_doesNotRetry]' started.
2026-05-15 06:37:13.649016+0530 Yoga of Eating[16572:133548] [HistoricalSync] Restore attempted without authenticated user
Test Case '-[Yoga_of_EatingTests.RetryTests test_restore_authFailure_doesNotRetry]' passed (0.001 seconds).
Test Case '-[Yoga_of_EatingTests.RetryTests test_restore_failsAfterMaxRetryAttempts]' started.
2026-05-15 06:37:13.651492+0530 Yoga of Eating[16572:133548] [HistoricalSync] Attempt 1/3 failed: Fetch failed (simulated transient). Retrying.
2026-05-15 06:37:13.651621+0530 Yoga of Eating[16572:133548] [HistoricalSync] Attempt 2/3 failed: Fetch failed (simulated transient). Retrying.
2026-05-15 06:37:13.651674+0530 Yoga of Eating[16572:133548] [HistoricalSync] Operation failed after 3 attempts
Test Case '-[Yoga_of_EatingTests.RetryTests test_restore_failsAfterMaxRetryAttempts]' passed (0.002 seconds).
Test Case '-[Yoga_of_EatingTests.RetryTests test_restore_onFirstAttemptSuccess_callsFetchExactlyOnce]' started.
2026-05-15 06:37:13.652435+0530 Yoga of Eating[16572:133548] [HistoricalSync] Restore: fetched 0 snapshots for user
Test Case '-[Yoga_of_EatingTests.RetryTests test_restore_onFirstAttemptSuccess_callsFetchExactlyOnce]' passed (0.000 seconds).
Test Case '-[Yoga_of_EatingTests.RetryTests test_restore_retriesOnTransientFailure_andSucceedsOnSecondAttempt]' started.
2026-05-15 06:37:13.653074+0530 Yoga of Eating[16572:133548] [HistoricalSync] Attempt 1/3 failed: Fetch failed (simulated transient). Retrying.
2026-05-15 06:37:13.653121+0530 Yoga of Eating[16572:133548] [HistoricalSync] Restore: fetched 0 snapshots for user
Test Case '-[Yoga_of_EatingTests.RetryTests test_restore_retriesOnTransientFailure_andSucceedsOnSecondAttempt]' passed (0.001 seconds).
Test Case '-[Yoga_of_EatingTests.RetryTests test_sync_failsAfterMaxRetryAttempts]' started.
2026-05-15 06:37:13.653762+0530 Yoga of Eating[16572:133548] [HistoricalSync] Full sync: 1 snapshots
2026-05-15 06:37:13.653814+0530 Yoga of Eating[16572:133548] [HistoricalSync] Attempt 1/3 failed: Batch upload failed (simulated transient). Retrying.
2026-05-15 06:37:13.653874+0530 Yoga of Eating[16572:133548] [HistoricalSync] Attempt 2/3 failed: Batch upload failed (simulated transient). Retrying.
2026-05-15 06:37:13.653922+0530 Yoga of Eating[16572:133548] [HistoricalSync] Operation failed after 3 attempts
Test Case '-[Yoga_of_EatingTests.RetryTests test_sync_failsAfterMaxRetryAttempts]' passed (0.001 seconds).
Test Case '-[Yoga_of_EatingTests.RetryTests test_sync_retriesOnTransientFailure_andSucceedsOnSecondAttempt]' started.
2026-05-15 06:37:13.654542+0530 Yoga of Eating[16572:133548] [HistoricalSync] Full sync: 1 snapshots
2026-05-15 06:37:13.654573+0530 Yoga of Eating[16572:133548] [HistoricalSync] Attempt 1/3 failed: Batch upload failed (simulated transient). Retrying.
2026-05-15 06:37:13.654645+0530 Yoga of Eating[16572:133548] [HistoricalSync] Sync completed at 2026-05-15 01:07:13 +0000
Test Case '-[Yoga_of_EatingTests.RetryTests test_sync_retriesOnTransientFailure_andSucceedsOnSecondAttempt]' passed (0.001 seconds).
Test Suite 'RetryTests' passed at 2026-05-15 06:37:13.655.
	 Executed 6 tests, with 0 failures (0 unexpected) in 0.006 (0.007) seconds
Test Suite 'ScoreBreakdownSheetTests' started at 2026-05-15 06:37:13.655.
Test Case '-[Yoga_of_EatingTests.ScoreBreakdownSheetTests test_scoreBreakdownViewModel_displayInsight_fallsBackToTemplate]' started.
2026-05-15 06:37:13.655467+0530 Yoga of Eating[16572:133645] [[FirebaseCore]] 12.7.0 - [FirebaseCore][I-COR000003] The default Firebase app has not yet been configured. Add `FirebaseApp.configure()` to your application initialization. This can be done in in the App Delegate's application(_:didFinishLaunchingWithOptions:)` (or the `@main` struct's initializer in SwiftUI). Read more: https://firebase.google.com/docs/ios/setup#initialize_firebase_in_your_app
Test Case '-[Yoga_of_EatingTests.ScoreBreakdownSheetTests test_scoreBreakdownViewModel_displayInsight_fallsBackToTemplate]' passed (0.001 seconds).
Test Case '-[Yoga_of_EatingTests.ScoreBreakdownSheetTests test_scoreBreakdownViewModel_displayInsight_usesAIInsight]' started.
2026-05-15 06:37:13.657020+0530 Yoga of Eating[16572:133575] [[FirebaseCore]] 12.7.0 - [FirebaseCore][I-COR000003] The default Firebase app has not yet been configured. Add `FirebaseApp.configure()` to your application initialization. This can be done in in the App Delegate's application(_:didFinishLaunchingWithOptions:)` (or the `@main` struct's initializer in SwiftUI). Read more: https://firebase.google.com/docs/ios/setup#initialize_firebase_in_your_app
Test Case '-[Yoga_of_EatingTests.ScoreBreakdownSheetTests test_scoreBreakdownViewModel_displayInsight_usesAIInsight]' passed (0.000 seconds).
Test Case '-[Yoga_of_EatingTests.ScoreBreakdownSheetTests test_scoreBreakdownViewModel_formattedScore]' started.
2026-05-15 06:37:13.657495+0530 Yoga of Eating[16572:133575] [[FirebaseCore]] 12.7.0 - [FirebaseCore][I-COR000003] The default Firebase app has not yet been configured. Add `FirebaseApp.configure()` to your application initialization. This can be done in in the App Delegate's application(_:didFinishLaunchingWithOptions:)` (or the `@main` struct's initializer in SwiftUI). Read more: https://firebase.google.com/docs/ios/setup#initialize_firebase_in_your_app
Test Case '-[Yoga_of_EatingTests.ScoreBreakdownSheetTests test_scoreBreakdownViewModel_formattedScore]' passed (0.000 seconds).
Test Case '-[Yoga_of_EatingTests.ScoreBreakdownSheetTests test_scoreBreakdownViewModel_mealDescription]' started.
Test Case '-[Yoga_of_EatingTests.ScoreBreakdownSheetTests test_scoreBreakdownViewModel_mealDescription]' passed (0.000 seconds).
2026-05-15 06:37:13.658031+0530 Yoga of Eating[16572:133575] [[FirebaseCore]] 12.7.0 - [FirebaseCore][I-COR000003] The default Firebase app has not yet been configured. Add `FirebaseApp.configure()` to your application initialization. This can be done in in the App Delegate's application(_:didFinishLaunchingWithOptions:)` (or the `@main` struct's initializer in SwiftUI). Read more: https://firebase.google.com/docs/ios/setup#initialize_firebase_in_your_app
Test Case '-[Yoga_of_EatingTests.ScoreBreakdownSheetTests test_scoreBreakdownViewModel_mealDescription_handlesEmptyItems]' started.
2026-05-15 06:37:13.658473+0530 Yoga of Eating[16572:133575] [[FirebaseCore]] 12.7.0 - [FirebaseCore][I-COR000003] The default Firebase app has not yet been configured. Add `FirebaseApp.configure()` to your application initialization. This can be done in in the App Delegate's application(_:didFinishLaunchingWithOptions:)` (or the `@main` struct's initializer in SwiftUI). Read more: https://firebase.google.com/docs/ios/setup#initialize_firebase_in_your_app
Test Case '-[Yoga_of_EatingTests.ScoreBreakdownSheetTests test_scoreBreakdownViewModel_mealDescription_handlesEmptyItems]' passed (0.000 seconds).
Test Case '-[Yoga_of_EatingTests.ScoreBreakdownSheetTests test_scoreReasoningGenerator_categorizes_excellentScore]' started.
Test Case '-[Yoga_of_EatingTests.ScoreBreakdownSheetTests test_scoreReasoningGenerator_categorizes_excellentScore]' passed (0.000 seconds).
Test Case '-[Yoga_of_EatingTests.ScoreBreakdownSheetTests test_scoreReasoningGenerator_categorizes_goodScore]' started.
Test Case '-[Yoga_of_EatingTests.ScoreBreakdownSheetTests test_scoreReasoningGenerator_categorizes_goodScore]' passed (0.000 seconds).
Test Case '-[Yoga_of_EatingTests.ScoreBreakdownSheetTests test_scoreReasoningGenerator_categorizes_moderateScore]' started.
Test Case '-[Yoga_of_EatingTests.ScoreBreakdownSheetTests test_scoreReasoningGenerator_categorizes_moderateScore]' passed (0.000 seconds).
Test Case '-[Yoga_of_EatingTests.ScoreBreakdownSheetTests test_scoreReasoningGenerator_categorizes_poorScore]' started.
Test Case '-[Yoga_of_EatingTests.ScoreBreakdownSheetTests test_scoreReasoningGenerator_categorizes_poorScore]' passed (0.000 seconds).
Test Case '-[Yoga_of_EatingTests.ScoreBreakdownSheetTests test_scoreReasoningGenerator_generatesReasoning_forHighProteinMeal]' started.
Test Case '-[Yoga_of_EatingTests.ScoreBreakdownSheetTests test_scoreReasoningGenerator_generatesReasoning_forHighProteinMeal]' passed (0.000 seconds).
Test Case '-[Yoga_of_EatingTests.ScoreBreakdownSheetTests test_scoreReasoningGenerator_generatesReasoning_forUnhealthyMeal]' started.
Test Case '-[Yoga_of_EatingTests.ScoreBreakdownSheetTests test_scoreReasoningGenerator_generatesReasoning_forUnhealthyMeal]' passed (0.000 seconds).
Test Case '-[Yoga_of_EatingTests.ScoreBreakdownSheetTests test_scoreReasoningGenerator_includesMealItems_inReasoning]' started.
Test Case '-[Yoga_of_EatingTests.ScoreBreakdownSheetTests test_scoreReasoningGenerator_includesMealItems_inReasoning]' passed (0.000 seconds).
Test Case '-[Yoga_of_EatingTests.ScoreBreakdownSheetTests test_scoreReasoningGenerator_returnsEmptyString_forEmptyMeal]' started.
Test Case '-[Yoga_of_EatingTests.ScoreBreakdownSheetTests test_scoreReasoningGenerator_returnsEmptyString_forEmptyMeal]' passed (0.000 seconds).
Test Case '-[Yoga_of_EatingTests.ScoreBreakdownSheetTests test_scoreReasoningGenerator_returnsEmptyString_whenNotAnalyzed]' started.
Test Case '-[Yoga_of_EatingTests.ScoreBreakdownSheetTests test_scoreReasoningGenerator_returnsEmptyString_whenNotAnalyzed]' passed (0.000 seconds).
Test Suite 'ScoreBreakdownSheetTests' passed at 2026-05-15 06:37:13.663.
	 Executed 14 tests, with 0 failures (0 unexpected) in 0.005 (0.008) seconds
Test Suite 'ScoringThresholdsTests' started at 2026-05-15 06:37:13.663.
Test Case '-[Yoga_of_EatingTests.ScoringThresholdsTests test_allThresholds_areInStandaloneFile]' started.
Test Case '-[Yoga_of_EatingTests.ScoringThresholdsTests test_allThresholds_areInStandaloneFile]' passed (0.000 seconds).
Test Case '-[Yoga_of_EatingTests.ScoringThresholdsTests test_caloriePillApproachingFraction_isExactlySeventyPercent]' started.
Test Case '-[Yoga_of_EatingTests.ScoringThresholdsTests test_caloriePillApproachingFraction_isExactlySeventyPercent]' passed (0.000 seconds).
Test Case '-[Yoga_of_EatingTests.ScoringThresholdsTests test_caloriePillOverFraction_isExactlyNinetyFivePercent]' started.
Test Case '-[Yoga_of_EatingTests.ScoringThresholdsTests test_caloriePillOverFraction_isExactlyNinetyFivePercent]' passed (0.000 seconds).
Test Case '-[Yoga_of_EatingTests.ScoringThresholdsTests test_caloriePillThresholds_approachingIsLessThanOver]' started.
Test Case '-[Yoga_of_EatingTests.ScoringThresholdsTests test_caloriePillThresholds_approachingIsLessThanOver]' passed (0.000 seconds).
Test Case '-[Yoga_of_EatingTests.ScoringThresholdsTests test_caloriePillThresholds_areInValidRange]' started.
Test Case '-[Yoga_of_EatingTests.ScoringThresholdsTests test_caloriePillThresholds_areInValidRange]' passed (0.000 seconds).
Test Case '-[Yoga_of_EatingTests.ScoringThresholdsTests test_foodDebtBadDay_isBetweenUnhealthyAndHealthy]' started.
Test Case '-[Yoga_of_EatingTests.ScoringThresholdsTests test_foodDebtBadDay_isBetweenUnhealthyAndHealthy]' passed (0.000 seconds).
Test Case '-[Yoga_of_EatingTests.ScoringThresholdsTests test_healthyThreshold_isGreaterThanUnhealthyThreshold]' started.
Test Case '-[Yoga_of_EatingTests.ScoringThresholdsTests test_healthyThreshold_isGreaterThanUnhealthyThreshold]' passed (0.000 seconds).
Test Case '-[Yoga_of_EatingTests.ScoringThresholdsTests test_healthyThreshold_isWithinZeroToOne]' started.
Test Case '-[Yoga_of_EatingTests.ScoringThresholdsTests test_healthyThreshold_isWithinZeroToOne]' passed (0.000 seconds).
Test Case '-[Yoga_of_EatingTests.ScoringThresholdsTests test_high_isAboveHealthy]' started.
Test Case '-[Yoga_of_EatingTests.ScoringThresholdsTests test_high_isAboveHealthy]' passed (0.000 seconds).
Test Case '-[Yoga_of_EatingTests.ScoringThresholdsTests test_minimumConsistentDays_isPositive]' started.
Test Case '-[Yoga_of_EatingTests.ScoringThresholdsTests test_minimumConsistentDays_isPositive]' passed (0.000 seconds).
Test Case '-[Yoga_of_EatingTests.ScoringThresholdsTests test_neutral_isExactlyHalf]' started.
Test Case '-[Yoga_of_EatingTests.ScoringThresholdsTests test_neutral_isExactlyHalf]' passed (0.000 seconds).
Test Case '-[Yoga_of_EatingTests.ScoringThresholdsTests test_unhealthyThreshold_isWithinZeroToOne]' started.
Test Case '-[Yoga_of_EatingTests.ScoringThresholdsTests test_unhealthyThreshold_isWithinZeroToOne]' passed (0.000 seconds).
Test Suite 'ScoringThresholdsTests' passed at 2026-05-15 06:37:13.668.
	 Executed 12 tests, with 0 failures (0 unexpected) in 0.004 (0.006) seconds
Test Suite 'SensoryServiceTests' started at 2026-05-15 06:37:13.668.
Test Case '-[Yoga_of_EatingTests.SensoryServiceTests test_playNudge_capturesCorrectStyle_forHeavy]' started.
Test Case '-[Yoga_of_EatingTests.SensoryServiceTests test_playNudge_capturesCorrectStyle_forHeavy]' passed (0.000 seconds).
Test Case '-[Yoga_of_EatingTests.SensoryServiceTests test_playNudge_capturesCorrectStyle_forLight]' started.
Test Case '-[Yoga_of_EatingTests.SensoryServiceTests test_playNudge_capturesCorrectStyle_forLight]' passed (0.000 seconds).
Test Case '-[Yoga_of_EatingTests.SensoryServiceTests test_playNudge_capturesCorrectStyle_forMedium]' started.
Test Case '-[Yoga_of_EatingTests.SensoryServiceTests test_playNudge_capturesCorrectStyle_forMedium]' passed (0.000 seconds).
Test Case '-[Yoga_of_EatingTests.SensoryServiceTests test_playNudge_capturesCorrectStyle_forSoft]' started.
Test Case '-[Yoga_of_EatingTests.SensoryServiceTests test_playNudge_capturesCorrectStyle_forSoft]' passed (0.000 seconds).
Test Case '-[Yoga_of_EatingTests.SensoryServiceTests test_playSound_capturesCorrectName_forChime]' started.
Test Case '-[Yoga_of_EatingTests.SensoryServiceTests test_playSound_capturesCorrectName_forChime]' passed (0.000 seconds).
Test Case '-[Yoga_of_EatingTests.SensoryServiceTests test_playSound_capturesCorrectName_forThump]' started.
Test Case '-[Yoga_of_EatingTests.SensoryServiceTests test_playSound_capturesCorrectName_forThump]' passed (0.000 seconds).
Test Case '-[Yoga_of_EatingTests.SensoryServiceTests test_playSound_capturesCorrectName_forTink]' started.
Test Case '-[Yoga_of_EatingTests.SensoryServiceTests test_playSound_capturesCorrectName_forTink]' passed (0.000 seconds).
Test Case '-[Yoga_of_EatingTests.SensoryServiceTests test_playSound_forSmileyState_selectsCorrectSound_whenScaleAbove1]' started.
Test Case '-[Yoga_of_EatingTests.SensoryServiceTests test_playSound_forSmileyState_selectsCorrectSound_whenScaleAbove1]' passed (0.000 seconds).
Test Case '-[Yoga_of_EatingTests.SensoryServiceTests test_playSound_forSmileyState_selectsCorrectSound_whenScaleBelow1]' started.
Test Case '-[Yoga_of_EatingTests.SensoryServiceTests test_playSound_forSmileyState_selectsCorrectSound_whenScaleBelow1]' passed (0.000 seconds).
Test Case '-[Yoga_of_EatingTests.SensoryServiceTests test_playSound_usesDefaultSound_forUnknownName]' started.
Test Case '-[Yoga_of_EatingTests.SensoryServiceTests test_playSound_usesDefaultSound_forUnknownName]' passed (0.000 seconds).
Test Suite 'SensoryServiceTests' passed at 2026-05-15 06:37:13.673.
	 Executed 10 tests, with 0 failures (0 unexpected) in 0.003 (0.005) seconds
Test Suite 'SettingsHealthInsightsTests' started at 2026-05-15 06:37:13.673.
Test Case '-[Yoga_of_EatingTests.SettingsHealthInsightsTests test_healthData_neverLeavesDevice]' started.
Test Case '-[Yoga_of_EatingTests.SettingsHealthInsightsTests test_healthData_neverLeavesDevice]' passed (0.010 seconds).
Test Case '-[Yoga_of_EatingTests.SettingsHealthInsightsTests test_healthInsights_displayCorrectBMI]' started.
Test Case '-[Yoga_of_EatingTests.SettingsHealthInsightsTests test_healthInsights_displayCorrectBMI]' passed (0.002 seconds).
Test Case '-[Yoga_of_EatingTests.SettingsHealthInsightsTests test_healthInsights_displayCorrectRiskLevel_highRisk]' started.
Test Case '-[Yoga_of_EatingTests.SettingsHealthInsightsTests test_healthInsights_displayCorrectRiskLevel_highRisk]' passed (0.002 seconds).
Test Case '-[Yoga_of_EatingTests.SettingsHealthInsightsTests test_healthInsights_displayCorrectRiskLevel_lowRisk]' started.
Test Case '-[Yoga_of_EatingTests.SettingsHealthInsightsTests test_healthInsights_displayCorrectRiskLevel_lowRisk]' passed (0.002 seconds).
Test Case '-[Yoga_of_EatingTests.SettingsHealthInsightsTests test_healthInsights_displayCorrectRiskLevel_mediumRisk]' started.
Test Case '-[Yoga_of_EatingTests.SettingsHealthInsightsTests test_healthInsights_displayCorrectRiskLevel_mediumRisk]' passed (0.002 seconds).
Test Case '-[Yoga_of_EatingTests.SettingsHealthInsightsTests test_healthInsights_displayCorrectTDEE]' started.
Test Case '-[Yoga_of_EatingTests.SettingsHealthInsightsTests test_healthInsights_displayCorrectTDEE]' passed (0.002 seconds).
Test Case '-[Yoga_of_EatingTests.SettingsHealthInsightsTests test_healthInsights_formatsCorrectly]' started.
Test Case '-[Yoga_of_EatingTests.SettingsHealthInsightsTests test_healthInsights_formatsCorrectly]' passed (0.002 seconds).
Test Case '-[Yoga_of_EatingTests.SettingsHealthInsightsTests test_healthInsights_handlesInvalidAge]' started.
Test Case '-[Yoga_of_EatingTests.SettingsHealthInsightsTests test_healthInsights_handlesInvalidAge]' passed (0.001 seconds).
Test Case '-[Yoga_of_EatingTests.SettingsHealthInsightsTests test_healthInsights_handlesInvalidHeight]' started.
Test Case '-[Yoga_of_EatingTests.SettingsHealthInsightsTests test_healthInsights_handlesInvalidHeight]' passed (0.001 seconds).
Test Case '-[Yoga_of_EatingTests.SettingsHealthInsightsTests test_healthInsights_handlesInvalidWeight]' started.
Test Case '-[Yoga_of_EatingTests.SettingsHealthInsightsTests test_healthInsights_handlesInvalidWeight]' passed (0.001 seconds).
Test Case '-[Yoga_of_EatingTests.SettingsHealthInsightsTests test_healthInsightsSection_showsOnlyWhenEnabled]' started.
Test Case '-[Yoga_of_EatingTests.SettingsHealthInsightsTests test_healthInsightsSection_showsOnlyWhenEnabled]' passed (0.001 seconds).
Test Case '-[Yoga_of_EatingTests.SettingsHealthInsightsTests test_showHealthInsights_defaultsToFalse]' started.
Test Case '-[Yoga_of_EatingTests.SettingsHealthInsightsTests test_showHealthInsights_defaultsToFalse]' passed (0.001 seconds).
Test Case '-[Yoga_of_EatingTests.SettingsHealthInsightsTests test_showHealthInsightsToggle_persistsValue]' started.
Test Case '-[Yoga_of_EatingTests.SettingsHealthInsightsTests test_showHealthInsightsToggle_persistsValue]' passed (0.001 seconds).
Test Suite 'SettingsHealthInsightsTests' passed at 2026-05-15 06:37:13.703.
	 Executed 13 tests, with 0 failures (0 unexpected) in 0.028 (0.030) seconds
Test Suite 'SettingsViewModelTests' started at 2026-05-15 06:37:13.703.
Test Case '-[Yoga_of_EatingTests.SettingsViewModelTests test_settingsViewModel_signInWithGoogle_isCalledThroughViewModel_notDirectly]' started.
Test Case '-[Yoga_of_EatingTests.SettingsViewModelTests test_settingsViewModel_signInWithGoogle_isCalledThroughViewModel_notDirectly]' passed (0.001 seconds).
Test Case '-[Yoga_of_EatingTests.SettingsViewModelTests test_signInWithGoogle_failure_setsAuthError]' started.
2026-05-15 06:37:13.706036+0530 Yoga of Eating[16572:133548] [Settings] Google sign-in failed: Mock Error
Test Case '-[Yoga_of_EatingTests.SettingsViewModelTests test_signInWithGoogle_failure_setsAuthError]' passed (0.001 seconds).
Test Case '-[Yoga_of_EatingTests.SettingsViewModelTests test_signInWithGoogle_success_clearsAuthError]' started.
2026-05-15 06:37:13.707441+0530 Yoga of Eating[16572:133548] [Settings] Google sign-in succeeded
Test Case '-[Yoga_of_EatingTests.SettingsViewModelTests test_signInWithGoogle_success_clearsAuthError]' passed (0.001 seconds).
Test Case '-[Yoga_of_EatingTests.SettingsViewModelTests test_syncWithHealthKit_gender_largeOutOfRangeValue_isClamped]' started.
Test Case '-[Yoga_of_EatingTests.SettingsViewModelTests test_syncWithHealthKit_gender_largeOutOfRangeValue_isClamped]' passed (0.002 seconds).
Test Case '-[Yoga_of_EatingTests.SettingsViewModelTests test_syncWithHealthKit_gender_maxValidValue_isThree]' started.
Test Case '-[Yoga_of_EatingTests.SettingsViewModelTests test_syncWithHealthKit_gender_maxValidValue_isThree]' passed (0.001 seconds).
Test Case '-[Yoga_of_EatingTests.SettingsViewModelTests test_syncWithHealthKit_gender_negativeValue_isClamped]' started.
Test Case '-[Yoga_of_EatingTests.SettingsViewModelTests test_syncWithHealthKit_gender_negativeValue_isClamped]' passed (0.002 seconds).
Test Case '-[Yoga_of_EatingTests.SettingsViewModelTests test_syncWithHealthKit_gender_outOfRangeValue_4_isClamped]' started.
Test Case '-[Yoga_of_EatingTests.SettingsViewModelTests test_syncWithHealthKit_gender_outOfRangeValue_4_isClamped]' passed (0.002 seconds).
Test Case '-[Yoga_of_EatingTests.SettingsViewModelTests test_syncWithHealthKit_gender_validValue_0_isPreserved]' started.
Test Case '-[Yoga_of_EatingTests.SettingsViewModelTests test_syncWithHealthKit_gender_validValue_0_isPreserved]' passed (0.002 seconds).
Test Case '-[Yoga_of_EatingTests.SettingsViewModelTests test_syncWithHealthKit_gender_validValue_1_isPreserved]' started.
Test Case '-[Yoga_of_EatingTests.SettingsViewModelTests test_syncWithHealthKit_gender_validValue_1_isPreserved]' passed (0.002 seconds).
Test Case '-[Yoga_of_EatingTests.SettingsViewModelTests test_syncWithHealthKit_gender_validValue_2_isPreserved]' started.
Test Case '-[Yoga_of_EatingTests.SettingsViewModelTests test_syncWithHealthKit_gender_validValue_2_isPreserved]' passed (0.002 seconds).
Test Suite 'SettingsViewModelTests' passed at 2026-05-15 06:37:13.721.
	 Executed 10 tests, with 0 failures (0 unexpected) in 0.016 (0.018) seconds
Test Suite 'SettingsViewSyncTests' started at 2026-05-15 06:37:13.721.
Test Case '-[Yoga_of_EatingTests.SettingsViewSyncTests test_performSync_callsHistoricalService]' started.
2026-05-15 06:37:13.721811+0530 Yoga of Eating[16572:133548] [HistoricalSync] Full sync: 0 snapshots
2026-05-15 06:37:13.721870+0530 Yoga of Eating[16572:133548] [HistoricalSync] Sync completed at 2026-05-15 01:07:13 +0000
Test Case '-[Yoga_of_EatingTests.SettingsViewSyncTests test_performSync_callsHistoricalService]' passed (0.001 seconds).
Test Case '-[Yoga_of_EatingTests.SettingsViewSyncTests test_performSync_completesSuccessfully_whenNoErrors]' started.
2026-05-15 06:37:13.722536+0530 Yoga of Eating[16572:133548] [HistoricalSync] Full sync: 0 snapshots
2026-05-15 06:37:13.722576+0530 Yoga of Eating[16572:133548] [HistoricalSync] Sync completed at 2026-05-15 01:07:13 +0000
Test Case '-[Yoga_of_EatingTests.SettingsViewSyncTests test_performSync_completesSuccessfully_whenNoErrors]' passed (0.001 seconds).
Test Case '-[Yoga_of_EatingTests.SettingsViewSyncTests test_performSync_handlesAuthenticationError]' started.
2026-05-15 06:37:13.723214+0530 Yoga of Eating[16572:133548] [HistoricalSync] Sync attempted without authenticated user
Test Case '-[Yoga_of_EatingTests.SettingsViewSyncTests test_performSync_handlesAuthenticationError]' passed (0.000 seconds).
Test Case '-[Yoga_of_EatingTests.SettingsViewSyncTests test_performSync_throwsError_whenSyncFails]' started.
2026-05-15 06:37:13.723864+0530 Yoga of Eating[16572:133548] [HistoricalSync] Full sync: 1 snapshots
2026-05-15 06:37:13.723907+0530 Yoga of Eating[16572:133548] [HistoricalSync] Attempt 1/3 failed: Batch upload failed. Retrying.
2026-05-15 06:37:14.745023+0530 Yoga of Eating[16572:133548] [HistoricalSync] Attempt 2/3 failed: Batch upload failed. Retrying.
2026-05-15 06:37:15.759460+0530 Yoga of Eating[16572:133548] [HistoricalSync] Operation failed after 3 attempts
Test Case '-[Yoga_of_EatingTests.SettingsViewSyncTests test_performSync_throwsError_whenSyncFails]' passed (2.037 seconds).
Test Case '-[Yoga_of_EatingTests.SettingsViewSyncTests test_successState_revertsAfterDelay]' started.
2026-05-15 06:37:15.762353+0530 Yoga of Eating[16572:133548] [HistoricalSync] Full sync: 0 snapshots
2026-05-15 06:37:15.762594+0530 Yoga of Eating[16572:133548] [HistoricalSync] Sync completed at 2026-05-15 01:07:15 +0000
Test Case '-[Yoga_of_EatingTests.SettingsViewSyncTests test_successState_revertsAfterDelay]' passed (0.105 seconds).
Test Case '-[Yoga_of_EatingTests.SettingsViewSyncTests test_syncStatus_startsAsIdle]' started.
Test Case '-[Yoga_of_EatingTests.SettingsViewSyncTests test_syncStatus_startsAsIdle]' passed (0.001 seconds).
Test Suite 'SettingsViewSyncTests' passed at 2026-05-15 06:37:15.868.
	 Executed 6 tests, with 0 failures (0 unexpected) in 2.145 (2.147) seconds
Test Suite 'SimplifiedMealEntryTests' started at 2026-05-15 06:37:15.868.
Test Case '-[Yoga_of_EatingTests.SimplifiedMealEntryTests test_checkmarkIcon_hiddenWhenFocusedButEmpty]' started.
Test Case '-[Yoga_of_EatingTests.SimplifiedMealEntryTests test_checkmarkIcon_hiddenWhenFocusedButEmpty]' passed (0.001 seconds).
Test Case '-[Yoga_of_EatingTests.SimplifiedMealEntryTests test_checkmarkIcon_hiddenWhenNotFocused]' started.
Test Case '-[Yoga_of_EatingTests.SimplifiedMealEntryTests test_checkmarkIcon_hiddenWhenNotFocused]' passed (0.001 seconds).
Test Case '-[Yoga_of_EatingTests.SimplifiedMealEntryTests test_checkmarkIcon_visibleWhenFocusedWithContent]' started.
Test Case '-[Yoga_of_EatingTests.SimplifiedMealEntryTests test_checkmarkIcon_visibleWhenFocusedWithContent]' passed (0.001 seconds).
Test Case '-[Yoga_of_EatingTests.SimplifiedMealEntryTests test_emptyField_onlyTimestampShown]' started.
Test Case '-[Yoga_of_EatingTests.SimplifiedMealEntryTests test_emptyField_onlyTimestampShown]' passed (0.001 seconds).
Test Case '-[Yoga_of_EatingTests.SimplifiedMealEntryTests test_focusedEmptyField_onlyTimestampShown]' started.
Test Case '-[Yoga_of_EatingTests.SimplifiedMealEntryTests test_focusedEmptyField_onlyTimestampShown]' passed (0.001 seconds).
Test Case '-[Yoga_of_EatingTests.SimplifiedMealEntryTests test_footerButtonCount_maxTwo]' started.
Test Case '-[Yoga_of_EatingTests.SimplifiedMealEntryTests test_footerButtonCount_maxTwo]' passed (0.001 seconds).
Test Case '-[Yoga_of_EatingTests.SimplifiedMealEntryTests test_noDoneButtonLabel_reducesVisualClutter]' started.
Test Case '-[Yoga_of_EatingTests.SimplifiedMealEntryTests test_noDoneButtonLabel_reducesVisualClutter]' passed (0.001 seconds).
Test Suite 'SimplifiedMealEntryTests' passed at 2026-05-15 06:37:15.877.
	 Executed 7 tests, with 0 failures (0 unexpected) in 0.006 (0.009) seconds
Test Suite 'SleepDataModelTests' started at 2026-05-15 06:37:15.877.
Test Case '-[Yoga_of_EatingTests.SleepDataModelTests test_efficiency_calculatesCorrectly]' started.
Test Case '-[Yoga_of_EatingTests.SleepDataModelTests test_efficiency_calculatesCorrectly]' passed (0.001 seconds).
Test Case '-[Yoga_of_EatingTests.SleepDataModelTests test_efficiency_returnsZeroForZeroTimeInBed]' started.
Test Case '-[Yoga_of_EatingTests.SleepDataModelTests test_efficiency_returnsZeroForZeroTimeInBed]' passed (0.001 seconds).
Test Case '-[Yoga_of_EatingTests.SleepDataModelTests test_formattedDuration_formatsCorrectly]' started.
Test Case '-[Yoga_of_EatingTests.SleepDataModelTests test_formattedDuration_formatsCorrectly]' passed (0.001 seconds).
Test Case '-[Yoga_of_EatingTests.SleepDataModelTests test_sleepQuality_mapsScoreCorrectly]' started.
Test Case '-[Yoga_of_EatingTests.SleepDataModelTests test_sleepQuality_mapsScoreCorrectly]' passed (0.001 seconds).
Test Suite 'SleepDataModelTests' passed at 2026-05-15 06:37:15.882.
	 Executed 4 tests, with 0 failures (0 unexpected) in 0.003 (0.005) seconds
Test Suite 'SleepDataProcessorTests' started at 2026-05-15 06:37:15.882.
Test Case '-[Yoga_of_EatingTests.SleepDataProcessorTests test_calculateSessionDurations_countsOnlyAsleepTime]' started.
Test Case '-[Yoga_of_EatingTests.SleepDataProcessorTests test_calculateSessionDurations_countsOnlyAsleepTime]' passed (0.001 seconds).
Test Case '-[Yoga_of_EatingTests.SleepDataProcessorTests test_calculateSessionDurations_handlesREMAndDeepSleep]' started.
Test Case '-[Yoga_of_EatingTests.SleepDataProcessorTests test_calculateSessionDurations_handlesREMAndDeepSleep]' passed (0.001 seconds).
Test Case '-[Yoga_of_EatingTests.SleepDataProcessorTests test_calculateSleepScore_penalizesLowEfficiency]' started.
Test Case '-[Yoga_of_EatingTests.SleepDataProcessorTests test_calculateSleepScore_penalizesLowEfficiency]' passed (0.000 seconds).
Test Case '-[Yoga_of_EatingTests.SleepDataProcessorTests test_calculateSleepScore_penalizesShortSleep]' started.
Test Case '-[Yoga_of_EatingTests.SleepDataProcessorTests test_calculateSleepScore_penalizesShortSleep]' passed (0.001 seconds).
Test Case '-[Yoga_of_EatingTests.SleepDataProcessorTests test_calculateSleepScore_returns100ForIdealSleep]' started.
Test Case '-[Yoga_of_EatingTests.SleepDataProcessorTests test_calculateSleepScore_returns100ForIdealSleep]' passed (0.001 seconds).
Test Case '-[Yoga_of_EatingTests.SleepDataProcessorTests test_calculateSleepScore_returnsNilForZeroDuration]' started.
Test Case '-[Yoga_of_EatingTests.SleepDataProcessorTests test_calculateSleepScore_returnsNilForZeroDuration]' passed (0.001 seconds).
Test Case '-[Yoga_of_EatingTests.SleepDataProcessorTests test_identifySleepSessions_combinesSamplesWithSmallGaps]' started.
Test Case '-[Yoga_of_EatingTests.SleepDataProcessorTests test_identifySleepSessions_combinesSamplesWithSmallGaps]' passed (0.001 seconds).
Test Case '-[Yoga_of_EatingTests.SleepDataProcessorTests test_identifySleepSessions_returnsEmptyForNoSamples]' started.
Test Case '-[Yoga_of_EatingTests.SleepDataProcessorTests test_identifySleepSessions_returnsEmptyForNoSamples]' passed (0.000 seconds).
Test Case '-[Yoga_of_EatingTests.SleepDataProcessorTests test_identifySleepSessions_separatesSessionsByTwoHourGap]' started.
Test Case '-[Yoga_of_EatingTests.SleepDataProcessorTests test_identifySleepSessions_separatesSessionsByTwoHourGap]' passed (0.000 seconds).
Test Case '-[Yoga_of_EatingTests.SleepDataProcessorTests test_selectPreferredSource_prefersAppleWatch]' started.
Test Case '-[Yoga_of_EatingTests.SleepDataProcessorTests test_selectPreferredSource_prefersAppleWatch]' passed (0.000 seconds).
Test Case '-[Yoga_of_EatingTests.SleepDataProcessorTests test_selectPreferredSource_returnsNilForEmptySources]' started.
Test Case '-[Yoga_of_EatingTests.SleepDataProcessorTests test_selectPreferredSource_returnsNilForEmptySources]' passed (0.000 seconds).
Test Suite 'SleepDataProcessorTests' passed at 2026-05-15 06:37:15.892.
	 Executed 11 tests, with 0 failures (0 unexpected) in 0.006 (0.009) seconds
Test Suite 'SmartDefaultTabTests' started at 2026-05-15 06:37:15.892.
Test Case '-[Yoga_of_EatingTests.SmartDefaultTabTests test_afterNoon_noSleep_returnsEnergise]' started.
Test Case '-[Yoga_of_EatingTests.SmartDefaultTabTests test_afterNoon_noSleep_returnsEnergise]' passed (0.000 seconds).
Test Case '-[Yoga_of_EatingTests.SmartDefaultTabTests test_afterNoon_withSleep_returnsEnergise]' started.
Test Case '-[Yoga_of_EatingTests.SmartDefaultTabTests test_afterNoon_withSleep_returnsEnergise]' passed (0.000 seconds).
Test Case '-[Yoga_of_EatingTests.SmartDefaultTabTests test_atNoon_noSleep_returnsEnergise]' started.
Test Case '-[Yoga_of_EatingTests.SmartDefaultTabTests test_atNoon_noSleep_returnsEnergise]' passed (0.000 seconds).
Test Case '-[Yoga_of_EatingTests.SmartDefaultTabTests test_beforeNoon_noSleep_returnsHighlight]' started.
Test Case '-[Yoga_of_EatingTests.SmartDefaultTabTests test_beforeNoon_noSleep_returnsHighlight]' passed (0.000 seconds).
Test Case '-[Yoga_of_EatingTests.SmartDefaultTabTests test_beforeNoon_withSleep_returnsEnergise]' started.
Test Case '-[Yoga_of_EatingTests.SmartDefaultTabTests test_beforeNoon_withSleep_returnsEnergise]' passed (0.000 seconds).
Test Case '-[Yoga_of_EatingTests.SmartDefaultTabTests test_elevenAM_noSleep_returnsHighlight]' started.
Test Case '-[Yoga_of_EatingTests.SmartDefaultTabTests test_elevenAM_noSleep_returnsHighlight]' passed (0.000 seconds).
Test Case '-[Yoga_of_EatingTests.SmartDefaultTabTests test_midnight_noSleep_returnsHighlight]' started.
Test Case '-[Yoga_of_EatingTests.SmartDefaultTabTests test_midnight_noSleep_returnsHighlight]' passed (0.000 seconds).
Test Suite 'SmartDefaultTabTests' passed at 2026-05-15 06:37:15.897.
	 Executed 7 tests, with 0 failures (0 unexpected) in 0.003 (0.005) seconds
Test Suite 'SmileyViewTests' started at 2026-05-15 06:37:15.897.
Test Case '-[Yoga_of_EatingTests.SmileyViewTests test_emojiForMood_returnsCorrectEmoji]' started.
Test Case '-[Yoga_of_EatingTests.SmileyViewTests test_emojiForMood_returnsCorrectEmoji]' passed (0.000 seconds).
Test Case '-[Yoga_of_EatingTests.SmileyViewTests test_smileyPulse_activatesWhenTodayEmpty]' started.
Test Case '-[Yoga_of_EatingTests.SmileyViewTests test_smileyPulse_activatesWhenTodayEmpty]' passed (0.000 seconds).
Test Case '-[Yoga_of_EatingTests.SmileyViewTests test_smileyPulse_deactivatesAfterFirstMeal]' started.
Test Case '-[Yoga_of_EatingTests.SmileyViewTests test_smileyPulse_deactivatesAfterFirstMeal]' passed (0.000 seconds).
Test Case '-[Yoga_of_EatingTests.SmileyViewTests test_smileyPulse_neverActivatesOnHistoricalDays]' started.
Test Case '-[Yoga_of_EatingTests.SmileyViewTests test_smileyPulse_neverActivatesOnHistoricalDays]' passed (0.000 seconds).
Test Suite 'SmileyViewTests' passed at 2026-05-15 06:37:15.899.
	 Executed 4 tests, with 0 failures (0 unexpected) in 0.002 (0.003) seconds
Test Suite 'SnapshotPayloadBuilderTests' started at 2026-05-15 06:37:15.900.
Test Case '-[Yoga_of_EatingTests.SnapshotPayloadBuilderTests test_buildPayload_includesAppleSleepData_whenPresent]' started.
Test Case '-[Yoga_of_EatingTests.SnapshotPayloadBuilderTests test_buildPayload_includesAppleSleepData_whenPresent]' passed (0.002 seconds).
Test Case '-[Yoga_of_EatingTests.SnapshotPayloadBuilderTests test_buildPayload_includesDayName_healthScore_isToday]' started.
Test Case '-[Yoga_of_EatingTests.SnapshotPayloadBuilderTests test_buildPayload_includesDayName_healthScore_isToday]' passed (0.001 seconds).
Test Case '-[Yoga_of_EatingTests.SnapshotPayloadBuilderTests test_buildPayload_includesMeals_whenPresent]' started.
Test Case '-[Yoga_of_EatingTests.SnapshotPayloadBuilderTests test_buildPayload_includesMeals_whenPresent]' passed (0.002 seconds).
Test Case '-[Yoga_of_EatingTests.SnapshotPayloadBuilderTests test_buildPayload_includesMorningMindCheck_whenPresent]' started.
Test Case '-[Yoga_of_EatingTests.SnapshotPayloadBuilderTests test_buildPayload_includesMorningMindCheck_whenPresent]' passed (0.001 seconds).
Test Case '-[Yoga_of_EatingTests.SnapshotPayloadBuilderTests test_buildPayload_includesSleepQuality_whenReflectionPresent]' started.
Test Case '-[Yoga_of_EatingTests.SnapshotPayloadBuilderTests test_buildPayload_includesSleepQuality_whenReflectionPresent]' passed (0.000 seconds).
Test Case '-[Yoga_of_EatingTests.SnapshotPayloadBuilderTests test_buildPayload_mealItems_areIncluded_forServerAnalysis]' started.
Test Case '-[Yoga_of_EatingTests.SnapshotPayloadBuilderTests test_buildPayload_mealItems_areIncluded_forServerAnalysis]' passed (0.002 seconds).
Test Case '-[Yoga_of_EatingTests.SnapshotPayloadBuilderTests test_buildPayload_multipleSnapshots_isToday_onlyForMatchingDate]' started.
Test Case '-[Yoga_of_EatingTests.SnapshotPayloadBuilderTests test_buildPayload_multipleSnapshots_isToday_onlyForMatchingDate]' passed (0.000 seconds).
Test Case '-[Yoga_of_EatingTests.SnapshotPayloadBuilderTests test_buildPayload_omitsMeals_whenEmpty]' started.
Test Case '-[Yoga_of_EatingTests.SnapshotPayloadBuilderTests test_buildPayload_omitsMeals_whenEmpty]' passed (0.000 seconds).
Test Case '-[Yoga_of_EatingTests.SnapshotPayloadBuilderTests test_mindCheckEntryPayload_includesTextAndCategory]' started.
Test Case '-[Yoga_of_EatingTests.SnapshotPayloadBuilderTests test_mindCheckEntryPayload_includesTextAndCategory]' passed (0.000 seconds).
Test Case '-[Yoga_of_EatingTests.SnapshotPayloadBuilderTests test_mindCheckEntryPayload_nonTodo_omitsIsAccomplished]' started.
Test Case '-[Yoga_of_EatingTests.SnapshotPayloadBuilderTests test_mindCheckEntryPayload_nonTodo_omitsIsAccomplished]' passed (0.000 seconds).
Test Case '-[Yoga_of_EatingTests.SnapshotPayloadBuilderTests test_mindCheckEntryPayload_todo_includesIsAccomplished]' started.
Test Case '-[Yoga_of_EatingTests.SnapshotPayloadBuilderTests test_mindCheckEntryPayload_todo_includesIsAccomplished]' passed (0.000 seconds).
Test Suite 'SnapshotPayloadBuilderTests' passed at 2026-05-15 06:37:15.911.
	 Executed 11 tests, with 0 failures (0 unexpected) in 0.009 (0.012) seconds
Test Suite 'SnapshotTotalCaloriesTests' started at 2026-05-15 06:37:15.911.
Test Case '-[Yoga_of_EatingTests.SnapshotTotalCaloriesTests test_dailySmileySnapshot_codable_totalCalories_decodesFromLegacyJSON_returnsNil]' started.
Test Case '-[Yoga_of_EatingTests.SnapshotTotalCaloriesTests test_dailySmileySnapshot_codable_totalCalories_decodesFromLegacyJSON_returnsNil]' passed (0.000 seconds).
Test Case '-[Yoga_of_EatingTests.SnapshotTotalCaloriesTests test_dailySmileySnapshot_codable_totalCalories_roundTrips]' started.
Test Case '-[Yoga_of_EatingTests.SnapshotTotalCaloriesTests test_dailySmileySnapshot_codable_totalCalories_roundTrips]' passed (0.000 seconds).
Test Case '-[Yoga_of_EatingTests.SnapshotTotalCaloriesTests test_dailySmileySnapshot_totalCalories_canBeSetViaInit]' started.
Test Case '-[Yoga_of_EatingTests.SnapshotTotalCaloriesTests test_dailySmileySnapshot_totalCalories_canBeSetViaInit]' passed (0.000 seconds).
Test Case '-[Yoga_of_EatingTests.SnapshotTotalCaloriesTests test_dailySmileySnapshot_totalCalories_defaultsToNil]' started.
Test Case '-[Yoga_of_EatingTests.SnapshotTotalCaloriesTests test_dailySmileySnapshot_totalCalories_defaultsToNil]' passed (0.000 seconds).
Test Case '-[Yoga_of_EatingTests.SnapshotTotalCaloriesTests test_dailySmileySnapshot_withTotalCalories_builder_preservesOtherFields]' started.
Test Case '-[Yoga_of_EatingTests.SnapshotTotalCaloriesTests test_dailySmileySnapshot_withTotalCalories_builder_preservesOtherFields]' passed (0.000 seconds).
Test Case '-[Yoga_of_EatingTests.SnapshotTotalCaloriesTests test_dailySmileySnapshot_withTotalCalories_builder_setsValue]' started.
Test Case '-[Yoga_of_EatingTests.SnapshotTotalCaloriesTests test_dailySmileySnapshot_withTotalCalories_builder_setsValue]' passed (0.000 seconds).
Test Suite 'SnapshotTotalCaloriesTests' passed at 2026-05-15 06:37:15.915.
	 Executed 6 tests, with 0 failures (0 unexpected) in 0.002 (0.004) seconds
Test Suite 'SynthesisSchedulerTests' started at 2026-05-15 06:37:15.915.
Test Case '-[Yoga_of_EatingTests.SynthesisSchedulerTests test_schedule_allNonSleepTriggers_respectDebounce]' started.
Test Case '-[Yoga_of_EatingTests.SynthesisSchedulerTests test_schedule_allNonSleepTriggers_respectDebounce]' passed (0.061 seconds).
Test Case '-[Yoga_of_EatingTests.SynthesisSchedulerTests test_schedule_differentTriggersInWindow_lastTriggerWins]' started.
Test Case '-[Yoga_of_EatingTests.SynthesisSchedulerTests test_schedule_differentTriggersInWindow_lastTriggerWins]' passed (0.013 seconds).
Test Case '-[Yoga_of_EatingTests.SynthesisSchedulerTests test_schedule_newTrigger_cancelsPreviousPendingTask]' started.
Test Case '-[Yoga_of_EatingTests.SynthesisSchedulerTests test_schedule_newTrigger_cancelsPreviousPendingTask]' passed (0.011 seconds).
Test Case '-[Yoga_of_EatingTests.SynthesisSchedulerTests test_schedule_rapidTriggersInDebounceWindow_produceSingleCall]' started.
Test Case '-[Yoga_of_EatingTests.SynthesisSchedulerTests test_schedule_rapidTriggersInDebounceWindow_produceSingleCall]' passed (0.014 seconds).
Test Case '-[Yoga_of_EatingTests.SynthesisSchedulerTests test_schedule_sleepLogged_alwaysFiresRegardlessOfPendingTask]' started.
Test Case '-[Yoga_of_EatingTests.SynthesisSchedulerTests test_schedule_sleepLogged_alwaysFiresRegardlessOfPendingTask]' passed (0.013 seconds).
Test Case '-[Yoga_of_EatingTests.SynthesisSchedulerTests test_schedule_sleepLogged_bypassesDebounce]' started.
Test Case '-[Yoga_of_EatingTests.SynthesisSchedulerTests test_schedule_sleepLogged_bypassesDebounce]' passed (0.013 seconds).
Test Case '-[Yoga_of_EatingTests.SynthesisSchedulerTests test_schedule_triggerAfterDebounceWindow_producesTwoSeparateCalls]' started.
Test Case '-[Yoga_of_EatingTests.SynthesisSchedulerTests test_schedule_triggerAfterDebounceWindow_producesTwoSeparateCalls]' passed (0.025 seconds).
Test Suite 'SynthesisSchedulerTests' passed at 2026-05-15 06:37:16.068.
	 Executed 7 tests, with 0 failures (0 unexpected) in 0.150 (0.153) seconds
Test Suite 'TabViewDataIsolationTests' started at 2026-05-15 06:37:16.068.
Test Case '-[Yoga_of_EatingTests.TabViewDataIsolationTests test_highlightViewContract_dateMatchesToday_whenViewingToday]' started.
2026-05-15 06:37:16.069080+0530 Yoga of Eating[16572:133578] [[FirebaseCore]] 12.7.0 - [FirebaseCore][I-COR000003] The default Firebase app has not yet been configured. Add `FirebaseApp.configure()` to your application initialization. This can be done in in the App Delegate's application(_:didFinishLaunchingWithOptions:)` (or the `@main` struct's initializer in SwiftUI). Read more: https://firebase.google.com/docs/ios/setup#initialize_firebase_in_your_app
2026-05-15 06:37:16.069220+0530 Yoga of Eating[16572:133578] [[FirebaseCore]] 12.7.0 - [FirebaseCore][I-COR000003] The default Firebase app has not yet been configured. Add `FirebaseApp.configure()` to your application initialization. This can be done in in the App Delegate's application(_:didFinishLaunchingWithOptions:)` (or the `@main` struct's initializer in SwiftUI). Read more: https://firebase.google.com/docs/ios/setup#initialize_firebase_in_your_app
Test Case '-[Yoga_of_EatingTests.TabViewDataIsolationTests test_highlightViewContract_dateMatchesToday_whenViewingToday]' passed (0.001 seconds).
Test Case '-[Yoga_of_EatingTests.TabViewDataIsolationTests test_highlightViewContract_dateMatchesYesterday_afterNavigation]' started.
2026-05-15 06:37:16.070790+0530 Yoga of Eating[16572:133574] [[FirebaseCore]] 12.7.0 - [FirebaseCore][I-COR000003] The default Firebase app has not yet been configured. Add `FirebaseApp.configure()` to your application initialization. This can be done in in the App Delegate's application(_:didFinishLaunchingWithOptions:)` (or the `@main` struct's initializer in SwiftUI). Read more: https://firebase.google.com/docs/ios/setup#initialize_firebase_in_your_app
2026-05-15 06:37:16.070927+0530 Yoga of Eating[16572:133574] [[FirebaseCore]] 12.7.0 - [FirebaseCore][I-COR000003] The default Firebase app has not yet been configured. Add `FirebaseApp.configure()` to your application initialization. This can be done in in the App Delegate's application(_:didFinishLaunchingWithOptions:)` (or the `@main` struct's initializer in SwiftUI). Read more: https://firebase.google.com/docs/ios/setup#initialize_firebase_in_your_app
Test Case '-[Yoga_of_EatingTests.TabViewDataIsolationTests test_highlightViewContract_dateMatchesYesterday_afterNavigation]' passed (0.001 seconds).
Test Case '-[Yoga_of_EatingTests.TabViewDataIsolationTests test_highlightViewContract_sameContentDifferentDate_isNotEqual]' started.
2026-05-15 06:37:16.072133+0530 Yoga of Eating[16572:133578] [[FirebaseCore]] 12.7.0 - [FirebaseCore][I-COR000003] The default Firebase app has not yet been configured. Add `FirebaseApp.configure()` to your application initialization. This can be done in in the App Delegate's application(_:didFinishLaunchingWithOptions:)` (or the `@main` struct's initializer in SwiftUI). Read more: https://firebase.google.com/docs/ios/setup#initialize_firebase_in_your_app
2026-05-15 06:37:16.072230+0530 Yoga of Eating[16572:133578] [[FirebaseCore]] 12.7.0 - [FirebaseCore][I-COR000003] The default Firebase app has not yet been configured. Add `FirebaseApp.configure()` to your application initialization. This can be done in in the App Delegate's application(_:didFinishLaunchingWithOptions:)` (or the `@main` struct's initializer in SwiftUI). Read more: https://firebase.google.com/docs/ios/setup#initialize_firebase_in_your_app
Test Case '-[Yoga_of_EatingTests.TabViewDataIsolationTests test_highlightViewContract_sameContentDifferentDate_isNotEqual]' passed (0.001 seconds).
Test Case '-[Yoga_of_EatingTests.TabViewDataIsolationTests test_highlightViewContract_sameContentSameDate_isEqual]' started.
2026-05-15 06:37:16.073439+0530 Yoga of Eating[16572:133578] [[FirebaseCore]] 12.7.0 - [FirebaseCore][I-COR000003] The default Firebase app has not yet been configured. Add `FirebaseApp.configure()` to your application initialization. This can be done in in the App Delegate's application(_:didFinishLaunchingWithOptions:)` (or the `@main` struct's initializer in SwiftUI). Read more: https://firebase.google.com/docs/ios/setup#initialize_firebase_in_your_app
2026-05-15 06:37:16.073526+0530 Yoga of Eating[16572:133578] [[FirebaseCore]] 12.7.0 - [FirebaseCore][I-COR000003] The default Firebase app has not yet been configured. Add `FirebaseApp.configure()` to your application initialization. This can be done in in the App Delegate's application(_:didFinishLaunchingWithOptions:)` (or the `@main` struct's initializer in SwiftUI). Read more: https://firebase.google.com/docs/ios/setup#initialize_firebase_in_your_app
Test Case '-[Yoga_of_EatingTests.TabViewDataIsolationTests test_highlightViewContract_sameContentSameDate_isEqual]' passed (0.001 seconds).
Test Case '-[Yoga_of_EatingTests.TabViewDataIsolationTests test_highlightViewData_cannotAccessMeals]' started.
2026-05-15 06:37:16.074676+0530 Yoga of Eating[16572:133578] [[FirebaseCore]] 12.7.0 - [FirebaseCore][I-COR000003] The default Firebase app has not yet been configured. Add `FirebaseApp.configure()` to your application initialization. This can be done in in the App Delegate's application(_:didFinishLaunchingWithOptions:)` (or the `@main` struct's initializer in SwiftUI). Read more: https://firebase.google.com/docs/ios/setup#initialize_firebase_in_your_app
2026-05-15 06:37:16.074758+0530 Yoga of Eating[16572:133578] [[FirebaseCore]] 12.7.0 - [FirebaseCore][I-COR000003] The default Firebase app has not yet been configured. Add `FirebaseApp.configure()` to your application initialization. This can be done in in the App Delegate's application(_:didFinishLaunchingWithOptions:)` (or the `@main` struct's initializer in SwiftUI). Read more: https://firebase.google.com/docs/ios/setup#initialize_firebase_in_your_app
Test Case '-[Yoga_of_EatingTests.TabViewDataIsolationTests test_highlightViewData_cannotAccessMeals]' passed (0.001 seconds).
Test Case '-[Yoga_of_EatingTests.TabViewDataIsolationTests test_highlightViewData_cannotAccessSmileyState]' started.
2026-05-15 06:37:16.076133+0530 Yoga of Eating[16572:133578] [[FirebaseCore]] 12.7.0 - [FirebaseCore][I-COR000003] The default Firebase app has not yet been configured. Add `FirebaseApp.configure()` to your application initialization. This can be done in in the App Delegate's application(_:didFinishLaunchingWithOptions:)` (or the `@main` struct's initializer in SwiftUI). Read more: https://firebase.google.com/docs/ios/setup#initialize_firebase_in_your_app
2026-05-15 06:37:16.076226+0530 Yoga of Eating[16572:133578] [[FirebaseCore]] 12.7.0 - [FirebaseCore][I-COR000003] The default Firebase app has not yet been configured. Add `FirebaseApp.configure()` to your application initialization. This can be done in in the App Delegate's application(_:didFinishLaunchingWithOptions:)` (or the `@main` struct's initializer in SwiftUI). Read more: https://firebase.google.com/docs/ios/setup#initialize_firebase_in_your_app
Test Case '-[Yoga_of_EatingTests.TabViewDataIsolationTests test_highlightViewData_cannotAccessSmileyState]' passed (0.001 seconds).
Test Case '-[Yoga_of_EatingTests.TabViewDataIsolationTests test_highlightViewData_defaultsToEmpty]' started.
2026-05-15 06:37:16.077515+0530 Yoga of Eating[16572:133575] [[FirebaseCore]] 12.7.0 - [FirebaseCore][I-COR000003] The default Firebase app has not yet been configured. Add `FirebaseApp.configure()` to your application initialization. This can be done in in the App Delegate's application(_:didFinishLaunchingWithOptions:)` (or the `@main` struct's initializer in SwiftUI). Read more: https://firebase.google.com/docs/ios/setup#initialize_firebase_in_your_app
2026-05-15 06:37:16.077611+0530 Yoga of Eating[16572:133575] [[FirebaseCore]] 12.7.0 - [FirebaseCore][I-COR000003] The default Firebase app has not yet been configured. Add `FirebaseApp.configure()` to your application initialization. This can be done in in the App Delegate's application(_:didFinishLaunchingWithOptions:)` (or the `@main` struct's initializer in SwiftUI). Read more: https://firebase.google.com/docs/ios/setup#initialize_firebase_in_your_app
Test Case '-[Yoga_of_EatingTests.TabViewDataIsolationTests test_highlightViewData_defaultsToEmpty]' passed (0.001 seconds).
Test Case '-[Yoga_of_EatingTests.TabViewDataIsolationTests test_highlightViewData_reflectsSavedHighlightData]' started.
2026-05-15 06:37:16.078891+0530 Yoga of Eating[16572:133645] [[FirebaseCore]] 12.7.0 - [FirebaseCore][I-COR000003] The default Firebase app has not yet been configured. Add `FirebaseApp.configure()` to your application initialization. This can be done in in the App Delegate's application(_:didFinishLaunchingWithOptions:)` (or the `@main` struct's initializer in SwiftUI). Read more: https://firebase.google.com/docs/ios/setup#initialize_firebase_in_your_app
2026-05-15 06:37:16.079027+0530 Yoga of Eating[16572:133645] [[FirebaseCore]] 12.7.0 - [FirebaseCore][I-COR000003] The default Firebase app has not yet been configured. Add `FirebaseApp.configure()` to your application initialization. This can be done in in the App Delegate's application(_:didFinishLaunchingWithOptions:)` (or the `@main` struct's initializer in SwiftUI). Read more: https://firebase.google.com/docs/ios/setup#initialize_firebase_in_your_app
Test Case '-[Yoga_of_EatingTests.TabViewDataIsolationTests test_highlightViewData_reflectsSavedHighlightData]' passed (0.001 seconds).
Test Case '-[Yoga_of_EatingTests.TabViewDataIsolationTests test_highlightViewData_showsHistoricalData]' started.
2026-05-15 06:37:16.080976+0530 Yoga of Eating[16572:133645] [[FirebaseCore]] 12.7.0 - [FirebaseCore][I-COR000003] The default Firebase app has not yet been configured. Add `FirebaseApp.configure()` to your application initialization. This can be done in in the App Delegate's application(_:didFinishLaunchingWithOptions:)` (or the `@main` struct's initializer in SwiftUI). Read more: https://firebase.google.com/docs/ios/setup#initialize_firebase_in_your_app
2026-05-15 06:37:16.081121+0530 Yoga of Eating[16572:133645] [[FirebaseCore]] 12.7.0 - [FirebaseCore][I-COR000003] The default Firebase app has not yet been configured. Add `FirebaseApp.configure()` to your application initialization. This can be done in in the App Delegate's application(_:didFinishLaunchingWithOptions:)` (or the `@main` struct's initializer in SwiftUI). Read more: https://firebase.google.com/docs/ios/setup#initialize_firebase_in_your_app
Test Case '-[Yoga_of_EatingTests.TabViewDataIsolationTests test_highlightViewData_showsHistoricalData]' passed (0.001 seconds).
Test Case '-[Yoga_of_EatingTests.TabViewDataIsolationTests test_reflectViewContract_dateMatchesToday_whenViewingToday]' started.
2026-05-15 06:37:16.082489+0530 Yoga of Eating[16572:133575] [[FirebaseCore]] 12.7.0 - [FirebaseCore][I-COR000003] The default Firebase app has not yet been configured. Add `FirebaseApp.configure()` to your application initialization. This can be done in in the App Delegate's application(_:didFinishLaunchingWithOptions:)` (or the `@main` struct's initializer in SwiftUI). Read more: https://firebase.google.com/docs/ios/setup#initialize_firebase_in_your_app
2026-05-15 06:37:16.082572+0530 Yoga of Eating[16572:133575] [[FirebaseCore]] 12.7.0 - [FirebaseCore][I-COR000003] The default Firebase app has not yet been configured. Add `FirebaseApp.configure()` to your application initialization. This can be done in in the App Delegate's application(_:didFinishLaunchingWithOptions:)` (or the `@main` struct's initializer in SwiftUI). Read more: https://firebase.google.com/docs/ios/setup#initialize_firebase_in_your_app
Test Case '-[Yoga_of_EatingTests.TabViewDataIsolationTests test_reflectViewContract_dateMatchesToday_whenViewingToday]' passed (0.001 seconds).
Test Case '-[Yoga_of_EatingTests.TabViewDataIsolationTests test_reflectViewContract_dateMatchesYesterday_afterNavigation]' started.
2026-05-15 06:37:16.083722+0530 Yoga of Eating[16572:133574] [[FirebaseCore]] 12.7.0 - [FirebaseCore][I-COR000003] The default Firebase app has not yet been configured. Add `FirebaseApp.configure()` to your application initialization. This can be done in in the App Delegate's application(_:didFinishLaunchingWithOptions:)` (or the `@main` struct's initializer in SwiftUI). Read more: https://firebase.google.com/docs/ios/setup#initialize_firebase_in_your_app
2026-05-15 06:37:16.083809+0530 Yoga of Eating[16572:133574] [[FirebaseCore]] 12.7.0 - [FirebaseCore][I-COR000003] The default Firebase app has not yet been configured. Add `FirebaseApp.configure()` to your application initialization. This can be done in in the App Delegate's application(_:didFinishLaunchingWithOptions:)` (or the `@main` struct's initializer in SwiftUI). Read more: https://firebase.google.com/docs/ios/setup#initialize_firebase_in_your_app
Test Case '-[Yoga_of_EatingTests.TabViewDataIsolationTests test_reflectViewContract_dateMatchesYesterday_afterNavigation]' passed (0.001 seconds).
Test Case '-[Yoga_of_EatingTests.TabViewDataIsolationTests test_reflectViewContract_sameContentDifferentDate_isNotEqual]' started.
2026-05-15 06:37:16.084918+0530 Yoga of Eating[16572:133574] [[FirebaseCore]] 12.7.0 - [FirebaseCore][I-COR000003] The default Firebase app has not yet been configured. Add `FirebaseApp.configure()` to your application initialization. This can be done in in the App Delegate's application(_:didFinishLaunchingWithOptions:)` (or the `@main` struct's initializer in SwiftUI). Read more: https://firebase.google.com/docs/ios/setup#initialize_firebase_in_your_app
2026-05-15 06:37:16.085003+0530 Yoga of Eating[16572:133574] [[FirebaseCore]] 12.7.0 - [FirebaseCore][I-COR000003] The default Firebase app has not yet been configured. Add `FirebaseApp.configure()` to your application initialization. This can be done in in the App Delegate's application(_:didFinishLaunchingWithOptions:)` (or the `@main` struct's initializer in SwiftUI). Read more: https://firebase.google.com/docs/ios/setup#initialize_firebase_in_your_app
Test Case '-[Yoga_of_EatingTests.TabViewDataIsolationTests test_reflectViewContract_sameContentDifferentDate_isNotEqual]' passed (0.001 seconds).
Test Case '-[Yoga_of_EatingTests.TabViewDataIsolationTests test_reflectViewContract_sameContentSameDate_isEqual]' started.
2026-05-15 06:37:16.085859+0530 Yoga of Eating[16572:133645] [[FirebaseCore]] 12.7.0 - [FirebaseCore][I-COR000003] The default Firebase app has not yet been configured. Add `FirebaseApp.configure()` to your application initialization. This can be done in in the App Delegate's application(_:didFinishLaunchingWithOptions:)` (or the `@main` struct's initializer in SwiftUI). Read more: https://firebase.google.com/docs/ios/setup#initialize_firebase_in_your_app
2026-05-15 06:37:16.086022+0530 Yoga of Eating[16572:133645] [[FirebaseCore]] 12.7.0 - [FirebaseCore][I-COR000003] The default Firebase app has not yet been configured. Add `FirebaseApp.configure()` to your application initialization. This can be done in in the App Delegate's application(_:didFinishLaunchingWithOptions:)` (or the `@main` struct's initializer in SwiftUI). Read more: https://firebase.google.com/docs/ios/setup#initialize_firebase_in_your_app
Test Case '-[Yoga_of_EatingTests.TabViewDataIsolationTests test_reflectViewContract_sameContentSameDate_isEqual]' passed (0.001 seconds).
Test Case '-[Yoga_of_EatingTests.TabViewDataIsolationTests test_reflectViewData_cannotAccessMeals]' started.
2026-05-15 06:37:16.086662+0530 Yoga of Eating[16572:133575] [[FirebaseCore]] 12.7.0 - [FirebaseCore][I-COR000003] The default Firebase app has not yet been configured. Add `FirebaseApp.configure()` to your application initialization. This can be done in in the App Delegate's application(_:didFinishLaunchingWithOptions:)` (or the `@main` struct's initializer in SwiftUI). Read more: https://firebase.google.com/docs/ios/setup#initialize_firebase_in_your_app
Test Case '-[Yoga_of_EatingTests.TabViewDataIsolationTests test_reflectViewData_cannotAccessMeals]' passed (0.001 seconds).
2026-05-15 06:37:16.086760+0530 Yoga of Eating[16572:133575] [[FirebaseCore]] 12.7.0 - [FirebaseCore][I-COR000003] The default Firebase app has not yet been configured. Add `FirebaseApp.configure()` to your application initialization. This can be done in in the App Delegate's application(_:didFinishLaunchingWithOptions:)` (or the `@main` struct's initializer in SwiftUI). Read more: https://firebase.google.com/docs/ios/setup#initialize_firebase_in_your_app
Test Case '-[Yoga_of_EatingTests.TabViewDataIsolationTests test_reflectViewData_cannotAccessSmileyState]' started.
2026-05-15 06:37:16.087563+0530 Yoga of Eating[16572:133574] [[FirebaseCore]] 12.7.0 - [FirebaseCore][I-COR000003] The default Firebase app has not yet been configured. Add `FirebaseApp.configure()` to your application initialization. This can be done in in the App Delegate's application(_:didFinishLaunchingWithOptions:)` (or the `@main` struct's initializer in SwiftUI). Read more: https://firebase.google.com/docs/ios/setup#initialize_firebase_in_your_app
Test Case '-[Yoga_of_EatingTests.TabViewDataIsolationTests test_reflectViewData_cannotAccessSmileyState]' passed (0.001 seconds).
2026-05-15 06:37:16.087727+0530 Yoga of Eating[16572:133574] [[FirebaseCore]] 12.7.0 - [FirebaseCore][I-COR000003] The default Firebase app has not yet been configured. Add `FirebaseApp.configure()` to your application initialization. This can be done in in the App Delegate's application(_:didFinishLaunchingWithOptions:)` (or the `@main` struct's initializer in SwiftUI). Read more: https://firebase.google.com/doTest Case '-[Yoga_of_EatingTests.TabViewDataIsolationTests test_reflectViewData_defaultsToEmpty]' started.
cs/ios/setup#initialize_firebase_in_your_app
2026-05-15 06:37:16.088505+0530 Yoga of Eating[16572:133574] [[FirebaseCore]] 12.7.0 - [FirebaseCore][I-COR000003] The default Firebase app has not yet been configured. Add `FirebaseApp.configure()` to your application initialization. This can be done in in the App Delegate's application(_:didFinishLaunchingWithOptions:)` (or the `@main` struct's initializer in SwiftUI). Read more: https://firebase.google.com/docs/ios/setup#initialize_firebase_in_your_app
2026-05-15 06:37:16.088621+0530 Yoga of Eating[16572:133574] [[FirebaseCore]] 12.7.0 - [FirebaseCore][I-COR000003] The default Firebase app has not yet been configured. Add `FirebaseApp.configure()` to your application initialization. This can be done in in the App Delegate's application(_:didFinishLaunchingWithOptions:)` (or the `@main` struct's initializer in SwiftUI). Read more: https://firebase.google.com/docs/ios/setup#initialize_firebase_in_your_app
Test Case '-[Yoga_of_EatingTests.TabViewDataIsolationTests test_reflectViewData_defaultsToEmpty]' passed (0.001 seconds).
Test Case '-[Yoga_of_EatingTests.TabViewDataIsolationTests test_reflectViewData_includesMorningTodosFromHighlight]' started.
2026-05-15 06:37:16.089620+0530 Yoga of Eating[16572:133578] [[FirebaseCore]] 12.7.0 - [FirebaseCore][I-COR000003] The default Firebase app has not yet been configured. Add `FirebaseApp.configure()` to your application initialization. This can be done in in the App Delegate's application(_:didFinishLaunchingWithOptions:)` (or the `@main` struct's initializer in SwiftUI). Read more: https://firebase.google.com/docs/ios/setup#initialize_firebase_in_your_app
2026-05-15 06:37:16.089713+0530 Yoga of Eating[16572:133578] [[FirebaseCore]] 12.7.0 - [FirebaseCore][I-COR000003] The default Firebase app has not yet been configured. Add `FirebaseApp.configure()` to your application initialization. This can be done in in the App Delegate's application(_:didFinishLaunchingWithOptions:)` (or the `@main` struct's initializer in SwiftUI). Read more: https://firebase.google.com/docs/ios/setup#initialize_firebase_in_your_app
Test Case '-[Yoga_of_EatingTests.TabViewDataIsolationTests test_reflectViewData_includesMorningTodosFromHighlight]' passed (0.001 seconds).
Test Case '-[Yoga_of_EatingTests.TabViewDataIsolationTests test_reflectViewData_reflectsSavedReflectData]' started.
2026-05-15 06:37:16.090586+0530 Yoga of Eating[16572:133578] [[FirebaseCore]] 12.7.0 - [FirebaseCore][I-COR000003] The default Firebase app has not yet been configured. Add `FirebaseApp.configure()` to your application initialization. This can be done in in the App Delegate's application(_:didFinishLaunchingWithOptions:)` (or the `@main` struct's initializer in SwiftUI). Read more: https://firebase.google.com/docs/ios/setup#initialize_firebase_in_your_app
2026-05-15 06:37:16.090646+0530 Yoga of Eating[16572:133578] [[FirebaseCore]] 12.7.0 - [FirebaseCore][I-COR000003] The default Firebase app has not yet been configured. Add `FirebaseApp.configure()` to your application initialization. This can be done in in the App Delegate's application(_:didFinishLaunchingWithOptions:)` (or the `@main` struct's initializer in SwiftUI). Read more: https://firebase.google.com/docs/ios/setup#initialize_firebase_in_your_app
Test Case '-[Yoga_of_EatingTests.TabViewDataIsolationTests test_reflectViewData_reflectsSavedReflectData]' passed (0.001 seconds).
Test Case '-[Yoga_of_EatingTests.TabViewDataIsolationTests test_tabData_syncWithSelectedDate]' started.
2026-05-15 06:37:16.091419+0530 Yoga of Eating[16572:133578] [[FirebaseCore]] 12.7.0 - [FirebaseCore][I-COR000003] The default Firebase app has not yet been configured. Add `FirebaseApp.configure()` to your application initialization. This can be done in in the App Delegate's application(_:didFinishLaunchingWithOptions:)` (or the `@main` struct's initializer in SwiftUI). Read more: https://firebase.google.com/docs/ios/setup#initialize_firebase_in_your_app
2026-05-15 06:37:16.091499+0530 Yoga of Eating[16572:133578] [[FirebaseCore]] 12.7.0 - [FirebaseCore][I-COR000003] The default Firebase app has not yet been configured. Add `FirebaseApp.configure()` to your application initialization. This can be done in in the App Delegate's application(_:didFinishLaunchingWithOptions:)` (or the `@main` struct's initializer in SwiftUI). Read more: https://firebase.google.com/docs/ios/setup#initialize_firebase_in_your_app
Test Case '-[Yoga_of_EatingTests.TabViewDataIsolationTests test_tabData_syncWithSelectedDate]' passed (0.001 seconds).
Test Suite 'TabViewDataIsolationTests' passed at 2026-05-15 06:37:16.092.
	 Executed 19 tests, with 0 failures (0 unexpected) in 0.017 (0.024) seconds
Test Suite 'TextEntryBehaviourTests' started at 2026-05-15 06:37:16.092.
Test Case '-[Yoga_of_EatingTests.TextEntryBehaviourTests test_highlightViewContract_sleepNotesChange_dateIdentityPreserved]' started.
2026-05-15 06:37:16.092637+0530 Yoga of Eating[16572:133578] [[FirebaseCore]] 12.7.0 - [FirebaseCore][I-COR000003] The default Firebase app has not yet been configured. Add `FirebaseApp.configure()` to your application initialization. This can be done in in the App Delegate's application(_:didFinishLaunchingWithOptions:)` (or the `@main` struct's initializer in SwiftUI). Read more: https://firebase.google.com/docs/ios/setup#initialize_firebase_in_your_app
Test Case '-[Yoga_of_EatingTests.TextEntryBehaviourTests test_highlightViewContract_sleepNotesChange_dateIdentityPreserved]' passed (0.001 seconds).
Test Case '-[Yoga_of_EatingTests.TextEntryBehaviourTests test_highlightViewData_date_changesOnDateNavigation]' started.
2026-05-15 06:37:16.093610+0530 Yoga of Eating[16572:133578] [[FirebaseCore]] 12.7.0 - [FirebaseCore][I-COR000003] The default Firebase app has not yet been configured. Add `FirebaseApp.configure()` to your application initialization. This can be done in in the App Delegate's application(_:didFinishLaunchingWithOptions:)` (or the `@main` struct's initializer in SwiftUI). Read more: https://firebase.google.com/docs/ios/setup#initialize_firebase_in_your_app
Test Case '-[Yoga_of_EatingTests.TextEntryBehaviourTests test_highlightViewData_date_changesOnDateNavigation]' passed (0.001 seconds).
Test Case '-[Yoga_of_EatingTests.TextEntryBehaviourTests test_highlightViewData_date_unchangedWhenMorningThoughtsUpdated]' started.
2026-05-15 06:37:16.094439+0530 Yoga of Eating[16572:133573] [[FirebaseCore]] 12.7.0 - [FirebaseCore][I-COR000003] The default Firebase app has not yet been configured. Add `FirebaseApp.configure()` to your application initialization. This can be done in in the App Delegate's application(_:didFinishLaunchingWithOptions:)` (or the `@main` struct's initializer in SwiftUI). Read more: https://firebase.google.com/docs/ios/setup#initialize_firebase_in_your_app
Test Case '-[Yoga_of_EatingTests.TextEntryBehaviourTests test_highlightViewData_date_unchangedWhenMorningThoughtsUpdated]' passed (0.001 seconds).
Test Case '-[Yoga_of_EatingTests.TextEntryBehaviourTests test_highlightViewData_date_unchangedWhenSleepNotesUpdated]' started.
2026-05-15 06:37:16.095483+0530 Yoga of Eating[16572:133575] [[FirebaseCore]] 12.7.0 - [FirebaseCore][I-COR000003] The default Firebase app has not yet been configured. Add `FirebaseApp.configure()` to your application initialization. This can be done in in the App Delegate's application(_:didFinishLaunchingWithOptions:)` (or the `@main` struct's initializer in SwiftUI). Read more: https://firebase.google.com/docs/ios/setup#initialize_firebase_in_your_app
Test Case '-[Yoga_of_EatingTests.TextEntryBehaviourTests test_highlightViewData_date_unchangedWhenSleepNotesUpdated]' passed (0.001 seconds).
Test Case '-[Yoga_of_EatingTests.TextEntryBehaviourTests test_highlightViewData_date_unchangedWhenSleepQualityUpdated]' started.
2026-05-15 06:37:16.096499+0530 Yoga of Eating[16572:133578] [[FirebaseCore]] 12.7.0 - [FirebaseCore][I-COR000003] The default Firebase app has not yet been configured. Add `FirebaseApp.configure()` to your application initialization. This can be done in in the App Delegate's application(_:didFinishLaunchingWithOptions:)` (or the `@main` struct's initializer in SwiftUI). Read more: https://firebase.google.com/docs/ios/setup#initialize_firebase_in_your_app
Test Case '-[Yoga_of_EatingTests.TextEntryBehaviourTests test_highlightViewData_date_unchangedWhenSleepQualityUpdated]' passed (0.001 seconds).
Test Case '-[Yoga_of_EatingTests.TextEntryBehaviourTests test_highlightViewData_date_unchangedWhenTodoAdded]' started.
2026-05-15 06:37:16.097324+0530 Yoga of Eating[16572:133575] [[FirebaseCore]] 12.7.0 - [FirebaseCore][I-COR000003] The default Firebase app has not yet been configured. Add `FirebaseApp.configure()` to your application initialization. This can be done in in the App Delegate's application(_:didFinishLaunchingWithOptions:)` (or the `@main` struct's initializer in SwiftUI). Read more: https://firebase.google.com/docs/ios/setup#initialize_firebase_in_your_app
Test Case '-[Yoga_of_EatingTests.TextEntryBehaviourTests test_highlightViewData_date_unchangedWhenTodoAdded]' passed (0.001 seconds).
Test Case '-[Yoga_of_EatingTests.TextEntryBehaviourTests test_reflectViewData_date_changesOnDateNavigation]' started.
2026-05-15 06:37:16.098082+0530 Yoga of Eating[16572:133573] [[FirebaseCore]] 12.7.0 - [FirebaseCore][I-COR000003] The default Firebase app has not yet been configured. Add `FirebaseApp.configure()` to your application initialization. This can be done in in the App Delegate's application(_:didFinishLaunchingWithOptions:)` (or the `@main` struct's initializer in SwiftUI). Read more: https://firebase.google.com/docs/ios/setup#initialize_firebase_in_your_app
Test Case '-[Yoga_of_EatingTests.TextEntryBehaviourTests test_reflectViewData_date_changesOnDateNavigation]' passed (0.000 seconds).
Test Case '-[Yoga_of_EatingTests.TextEntryBehaviourTests test_reflectViewData_date_unchangedWhenFeelingUpdated]' started.
2026-05-15 06:37:16.098818+0530 Yoga of Eating[16572:133574] [[FirebaseCore]] 12.7.0 - [FirebaseCore][I-COR000003] The default Firebase app has not yet been configured. Add `FirebaseApp.configure()` to your application initialization. This can be done in in the App Delegate's application(_:didFinishLaunchingWithOptions:)` (or the `@main` struct's initializer in SwiftUI). Read more: https://firebase.google.com/docs/ios/setup#initialize_firebase_in_your_app
Test Case '-[Yoga_of_EatingTests.TextEntryBehaviourTests test_reflectViewData_date_unchangedWhenFeelingUpdated]' passed (0.001 seconds).
Test Case '-[Yoga_of_EatingTests.TextEntryBehaviourTests test_reflectViewData_date_unchangedWhenJournalTextUpdated]' started.
2026-05-15 06:37:16.099571+0530 Yoga of Eating[16572:133575] [[FirebaseCore]] 12.7.0 - [FirebaseCore][I-COR000003] The default Firebase app has not yet been configured. Add `FirebaseApp.configure()` to your application initialization. This can be done in in the App Delegate's application(_:didFinishLaunchingWithOptions:)` (or the `@main` struct's initializer in SwiftUI). Read more: https://firebase.google.com/docs/ios/setup#initialize_firebase_in_your_app
Test Case '-[Yoga_of_EatingTests.TextEntryBehaviourTests test_reflectViewData_date_unchangedWhenJournalTextUpdated]' passed (0.001 seconds).
Test Case '-[Yoga_of_EatingTests.TextEntryBehaviourTests test_updateHighlightMorningThoughts_exactLimit_persists]' started.
2026-05-15 06:37:16.100394+0530 Yoga of Eating[16572:133574] [[FirebaseCore]] 12.7.0 - [FirebaseCore][I-COR000003] The default Firebase app has not yet been configured. Add `FirebaseApp.configure()` to your application initialization. This can be done in in the App Delegate's application(_:didFinishLaunchingWithOptions:)` (or the `@main` struct's initializer in SwiftUI). Read more: https://firebase.google.com/docs/ios/setup#initialize_firebase_in_your_app
Test Case '-[Yoga_of_EatingTests.TextEntryBehaviourTests test_updateHighlightMorningThoughts_exactLimit_persists]' passed (0.003 seconds).
Test Case '-[Yoga_of_EatingTests.TextEntryBehaviourTests test_updateHighlightMorningThoughts_overLimit_isTruncated]' started.
2026-05-15 06:37:16.104124+0530 Yoga of Eating[16572:133573] [[FirebaseCore]] 12.7.0 - [FirebaseCore][I-COR000003] The default Firebase app has not yet been configured. Add `FirebaseApp.configure()` to your application initialization. This can be done in in the App Delegate's application(_:didFinishLaunchingWithOptions:)` (or the `@main` struct's initializer in SwiftUI). Read more: https://firebase.google.com/docs/ios/setup#initialize_firebase_in_your_app
Test Case '-[Yoga_of_EatingTests.TextEntryBehaviourTests test_updateHighlightMorningThoughts_overLimit_isTruncated]' passed (0.004 seconds).
Test Case '-[Yoga_of_EatingTests.TextEntryBehaviourTests test_updateHighlightSleepNotes_empty_storesNil]' started.
2026-05-15 06:37:16.107897+0530 Yoga of Eating[16572:133575] [[FirebaseCore]] 12.7.0 - [FirebaseCore][I-COR000003] The default Firebase app has not yet been configured. Add `FirebaseApp.configure()` to your application initialization. This can be done in in the App Delegate's application(_:didFinishLaunchingWithOptions:)` (or the `@main` struct's initializer in SwiftUI). Read more: https://firebase.google.com/docs/ios/setup#initialize_firebase_in_your_app
Test Case '-[Yoga_of_EatingTests.TextEntryBehaviourTests test_updateHighlightSleepNotes_empty_storesNil]' passed (0.000 seconds).
Test Case '-[Yoga_of_EatingTests.TextEntryBehaviourTests test_updateHighlightSleepNotes_exactLimit_persists]' started.
2026-05-15 06:37:16.108536+0530 Yoga of Eating[16572:133575] [[FirebaseCore]] 12.7.0 - [FirebaseCore][I-COR000003] The default Firebase app has not yet been configured. Add `FirebaseApp.configure()` to your application initialization. This can be done in in the App Delegate's application(_:didFinishLaunchingWithOptions:)` (or the `@main` struct's initializer in SwiftUI). Read more: https://firebase.google.com/docs/ios/setup#initialize_firebase_in_your_app
Test Case '-[Yoga_of_EatingTests.TextEntryBehaviourTests test_updateHighlightSleepNotes_exactLimit_persists]' passed (0.001 seconds).
Test Case '-[Yoga_of_EatingTests.TextEntryBehaviourTests test_updateHighlightSleepNotes_overLimit_isTruncated]' started.
2026-05-15 06:37:16.109889+0530 Yoga of Eating[16572:133578] [[FirebaseCore]] 12.7.0 - [FirebaseCore][I-COR000003] The default Firebase app has not yet been configured. Add `FirebaseApp.configure()` to your application initialization. This can be done in in the App Delegate's application(_:didFinishLaunchingWithOptions:)` (or the `@main` struct's initializer in SwiftUI). Read more: https://firebase.google.com/docs/ios/setup#initialize_firebase_in_your_app
Test Case '-[Yoga_of_EatingTests.TextEntryBehaviourTests test_updateHighlightSleepNotes_overLimit_isTruncated]' passed (0.001 seconds).
Test Case '-[Yoga_of_EatingTests.TextEntryBehaviourTests test_updateReflectJournalText_empty_storesNil]' started.
2026-05-15 06:37:16.111313+0530 Yoga of Eating[16572:133574] [[FirebaseCore]] 12.7.0 - [FirebaseCore][I-COR000003] The default Firebase app has not yet been configured. Add `FirebaseApp.configure()` to your application initialization. This can be done in in the App Delegate's application(_:didFinishLaunchingWithOptions:)` (or the `@main` struct's initializer in SwiftUI). Read more: https://firebase.google.com/docs/ios/setup#initialize_firebase_in_your_app
Test Case '-[Yoga_of_EatingTests.TextEntryBehaviourTests test_updateReflectJournalText_empty_storesNil]' passed (0.000 seconds).
Test Case '-[Yoga_of_EatingTests.TextEntryBehaviourTests test_updateReflectJournalText_exactLimit_persists]' started.
2026-05-15 06:37:16.111991+0530 Yoga of Eating[16572:133575] [[FirebaseCore]] 12.7.0 - [FirebaseCore][I-COR000003] The default Firebase app has not yet been configured. Add `FirebaseApp.configure()` to your application initialization. This can be done in in the App Delegate's application(_:didFinishLaunchingWithOptions:)` (or the `@main` struct's initializer in SwiftUI). Read more: https://firebase.google.com/docs/ios/setup#initialize_firebase_in_your_app
Test Case '-[Yoga_of_EatingTests.TextEntryBehaviourTests test_updateReflectJournalText_exactLimit_persists]' passed (0.003 seconds).
Test Case '-[Yoga_of_EatingTests.TextEntryBehaviourTests test_updateReflectJournalText_overLimit_isTruncated]' started.
2026-05-15 06:37:16.115515+0530 Yoga of Eating[16572:133574] [[FirebaseCore]] 12.7.0 - [FirebaseCore][I-COR000003] The default Firebase app has not yet been configured. Add `FirebaseApp.configure()` to your application initialization. This can be done in in the App Delegate's application(_:didFinishLaunchingWithOptions:)` (or the `@main` struct's initializer in SwiftUI). Read more: https://firebase.google.com/docs/ios/setup#initialize_firebase_in_your_app
Test Case '-[Yoga_of_EatingTests.TextEntryBehaviourTests test_updateReflectJournalText_overLimit_isTruncated]' passed (0.003 seconds).
Test Suite 'TextEntryBehaviourTests' passed at 2026-05-15 06:37:16.119.
	 Executed 17 tests, with 0 failures (0 unexpected) in 0.023 (0.027) seconds
Test Suite 'TextEntryConstantsTests' started at 2026-05-15 06:37:16.119.
Test Case '-[Yoga_of_EatingTests.TextEntryConstantsTests test_maxCharacters_is1000]' started.
Test Case '-[Yoga_of_EatingTests.TextEntryConstantsTests test_maxCharacters_is1000]' passed (0.000 seconds).
Test Case '-[Yoga_of_EatingTests.TextEntryConstantsTests test_maxCharacters_isPositive]' started.
Test Case '-[Yoga_of_EatingTests.TextEntryConstantsTests test_maxCharacters_isPositive]' passed (0.000 seconds).
Test Case '-[Yoga_of_EatingTests.TextEntryConstantsTests test_textEntryDebounce_ssotIsTimingConstants_andIs500ms]' started.
Test Case '-[Yoga_of_EatingTests.TextEntryConstantsTests test_textEntryDebounce_ssotIsTimingConstants_andIs500ms]' passed (0.000 seconds).
Test Suite 'TextEntryConstantsTests' passed at 2026-05-15 06:37:16.121.
	 Executed 3 tests, with 0 failures (0 unexpected) in 0.001 (0.002) seconds
Test Suite 'TextSignalExtractorTests' started at 2026-05-15 06:37:16.121.
Test Case '-[Yoga_of_EatingTests.TextSignalExtractorTests test_achievedKeyword_returnsAgentive]' started.
Test Case '-[Yoga_of_EatingTests.TextSignalExtractorTests test_achievedKeyword_returnsAgentive]' passed (0.001 seconds).
Test Case '-[Yoga_of_EatingTests.TextSignalExtractorTests test_anxiousKeyword_returnsStressed]' started.
Test Case '-[Yoga_of_EatingTests.TextSignalExtractorTests test_anxiousKeyword_returnsStressed]' passed (0.000 seconds).
Test Case '-[Yoga_of_EatingTests.TextSignalExtractorTests test_clarityScore_emptyText_returnsHalf]' started.
Test Case '-[Yoga_of_EatingTests.TextSignalExtractorTests test_clarityScore_emptyText_returnsHalf]' passed (0.000 seconds).
Test Case '-[Yoga_of_EatingTests.TextSignalExtractorTests test_clarityScore_overwhelmedText_isLowerThanClearText]' started.
Test Case '-[Yoga_of_EatingTests.TextSignalExtractorTests test_clarityScore_overwhelmedText_isLowerThanClearText]' passed (0.000 seconds).
Test Case '-[Yoga_of_EatingTests.TextSignalExtractorTests test_clarityScore_returnsValueBetweenZeroAndOne]' started.
Test Case '-[Yoga_of_EatingTests.TextSignalExtractorTests test_clarityScore_returnsValueBetweenZeroAndOne]' passed (0.000 seconds).
Test Case '-[Yoga_of_EatingTests.TextSignalExtractorTests test_clearKeyword_returnsClear]' started.
Test Case '-[Yoga_of_EatingTests.TextSignalExtractorTests test_clearKeyword_returnsClear]' passed (0.000 seconds).
Test Case '-[Yoga_of_EatingTests.TextSignalExtractorTests test_committedKeyword_returnsAgentive]' started.
Test Case '-[Yoga_of_EatingTests.TextSignalExtractorTests test_committedKeyword_returnsAgentive]' passed (0.000 seconds).
Test Case '-[Yoga_of_EatingTests.TextSignalExtractorTests test_emptyString_returnsNeutral]' started.
Test Case '-[Yoga_of_EatingTests.TextSignalExtractorTests test_emptyString_returnsNeutral]' passed (0.000 seconds).
Test Case '-[Yoga_of_EatingTests.TextSignalExtractorTests test_extractorConformsToProtocol]' started.
Test Case '-[Yoga_of_EatingTests.TextSignalExtractorTests test_extractorConformsToProtocol]' passed (0.000 seconds).
Test Case '-[Yoga_of_EatingTests.TextSignalExtractorTests test_focusedKeyword_returnsClear]' started.
Test Case '-[Yoga_of_EatingTests.TextSignalExtractorTests test_focusedKeyword_returnsClear]' passed (0.000 seconds).
Test Case '-[Yoga_of_EatingTests.TextSignalExtractorTests test_gentleKeyword_returnsSelfCompassionate]' started.
Test Case '-[Yoga_of_EatingTests.TextSignalExtractorTests test_gentleKeyword_returnsSelfCompassionate]' passed (0.000 seconds).
Test Case '-[Yoga_of_EatingTests.TextSignalExtractorTests test_gratefulKeyword_returnsGrateful]' started.
Test Case '-[Yoga_of_EatingTests.TextSignalExtractorTests test_gratefulKeyword_returnsGrateful]' passed (0.000 seconds).
Test Case '-[Yoga_of_EatingTests.TextSignalExtractorTests test_mixedText_canProduceMultipleSignals]' started.
Test Case '-[Yoga_of_EatingTests.TextSignalExtractorTests test_mixedText_canProduceMultipleSignals]' passed (0.000 seconds).
Test Case '-[Yoga_of_EatingTests.TextSignalExtractorTests test_noKeywords_returnsNeutral]' started.
Test Case '-[Yoga_of_EatingTests.TextSignalExtractorTests test_noKeywords_returnsNeutral]' passed (0.000 seconds).
Test Case '-[Yoga_of_EatingTests.TextSignalExtractorTests test_overwhelmedKeyword_returnsOverwhelmed]' started.
Test Case '-[Yoga_of_EatingTests.TextSignalExtractorTests test_overwhelmedKeyword_returnsOverwhelmed]' passed (0.000 seconds).
Test Case '-[Yoga_of_EatingTests.TextSignalExtractorTests test_selfCareKeyword_returnsSelfCompassionate]' started.
Test Case '-[Yoga_of_EatingTests.TextSignalExtractorTests test_selfCareKeyword_returnsSelfCompassionate]' passed (0.000 seconds).
Test Case '-[Yoga_of_EatingTests.TextSignalExtractorTests test_sentimentScore_negativeText_isBelow_positiveText]' started.
Test Case '-[Yoga_of_EatingTests.TextSignalExtractorTests test_sentimentScore_negativeText_isBelow_positiveText]' passed (0.000 seconds).
Test Case '-[Yoga_of_EatingTests.TextSignalExtractorTests test_sentimentScore_returnsValueBetweenZeroAndOne]' started.
Test Case '-[Yoga_of_EatingTests.TextSignalExtractorTests test_sentimentScore_returnsValueBetweenZeroAndOne]' passed (0.000 seconds).
Test Case '-[Yoga_of_EatingTests.TextSignalExtractorTests test_stressedKeyword_returnsStressed]' started.
Test Case '-[Yoga_of_EatingTests.TextSignalExtractorTests test_stressedKeyword_returnsStressed]' passed (0.000 seconds).
Test Case '-[Yoga_of_EatingTests.TextSignalExtractorTests test_thankfulKeyword_returnsGrateful]' started.
Test Case '-[Yoga_of_EatingTests.TextSignalExtractorTests test_thankfulKeyword_returnsGrateful]' passed (0.000 seconds).
Test Case '-[Yoga_of_EatingTests.TextSignalExtractorTests test_tooMuchKeyword_returnsOverwhelmed]' started.
Test Case '-[Yoga_of_EatingTests.TextSignalExtractorTests test_tooMuchKeyword_returnsOverwhelmed]' passed (0.000 seconds).
Test Case '-[Yoga_of_EatingTests.TextSignalExtractorTests test_uppercaseKeyword_isRecognised]' started.
Test Case '-[Yoga_of_EatingTests.TextSignalExtractorTests test_uppercaseKeyword_isRecognised]' passed (0.000 seconds).
Test Case '-[Yoga_of_EatingTests.TextSignalExtractorTests test_whitespaceOnly_returnsNeutral]' started.
Test Case '-[Yoga_of_EatingTests.TextSignalExtractorTests test_whitespaceOnly_returnsNeutral]' passed (0.000 seconds).
Test Suite 'TextSignalExtractorTests' passed at 2026-05-15 06:37:16.135.
	 Executed 23 tests, with 0 failures (0 unexpected) in 0.009 (0.014) seconds
Test Suite 'TextSignalTests' started at 2026-05-15 06:37:16.135.
Test Case '-[Yoga_of_EatingTests.TextSignalTests test_agentive_exists]' started.
Test Case '-[Yoga_of_EatingTests.TextSignalTests test_agentive_exists]' passed (0.000 seconds).
Test Case '-[Yoga_of_EatingTests.TextSignalTests test_allCases_haveNonEmptyDisplayName]' started.
Test Case '-[Yoga_of_EatingTests.TextSignalTests test_allCases_haveNonEmptyDisplayName]' passed (0.000 seconds).
Test Case '-[Yoga_of_EatingTests.TextSignalTests test_arrayOfSignals_codableRoundTrip]' started.
Test Case '-[Yoga_of_EatingTests.TextSignalTests test_arrayOfSignals_codableRoundTrip]' passed (0.000 seconds).
Test Case '-[Yoga_of_EatingTests.TextSignalTests test_clear_exists]' started.
Test Case '-[Yoga_of_EatingTests.TextSignalTests test_clear_exists]' passed (0.000 seconds).
Test Case '-[Yoga_of_EatingTests.TextSignalTests test_codableRoundTrip_allCases]' started.
Test Case '-[Yoga_of_EatingTests.TextSignalTests test_codableRoundTrip_allCases]' passed (0.001 seconds).
Test Case '-[Yoga_of_EatingTests.TextSignalTests test_grateful_exists]' started.
Test Case '-[Yoga_of_EatingTests.TextSignalTests test_grateful_exists]' passed (0.000 seconds).
Test Case '-[Yoga_of_EatingTests.TextSignalTests test_hasAtLeastSevenCases]' started.
Test Case '-[Yoga_of_EatingTests.TextSignalTests test_hasAtLeastSevenCases]' passed (0.000 seconds).
Test Case '-[Yoga_of_EatingTests.TextSignalTests test_mealUpdated_trigger_exists]' started.
Test Case '-[Yoga_of_EatingTests.TextSignalTests test_mealUpdated_trigger_exists]' passed (0.004 seconds).
Test Case '-[Yoga_of_EatingTests.TextSignalTests test_neutral_exists]' started.
Test Case '-[Yoga_of_EatingTests.TextSignalTests test_neutral_exists]' passed (0.000 seconds).
Test Case '-[Yoga_of_EatingTests.TextSignalTests test_overwhelmed_exists]' started.
Test Case '-[Yoga_of_EatingTests.TextSignalTests test_overwhelmed_exists]' passed (0.000 seconds).
Test Case '-[Yoga_of_EatingTests.TextSignalTests test_rawValues_areDistinct]' started.
Test Case '-[Yoga_of_EatingTests.TextSignalTests test_rawValues_areDistinct]' passed (0.000 seconds).
Test Case '-[Yoga_of_EatingTests.TextSignalTests test_selfCompassionate_exists]' started.
Test Case '-[Yoga_of_EatingTests.TextSignalTests test_selfCompassionate_exists]' passed (0.000 seconds).
Test Case '-[Yoga_of_EatingTests.TextSignalTests test_sleepLogged_trigger_exists]' started.
Test Case '-[Yoga_of_EatingTests.TextSignalTests test_sleepLogged_trigger_exists]' passed (0.000 seconds).
Test Case '-[Yoga_of_EatingTests.TextSignalTests test_stressed_exists]' started.
Test Case '-[Yoga_of_EatingTests.TextSignalTests test_stressed_exists]' passed (0.000 seconds).
Test Case '-[Yoga_of_EatingTests.TextSignalTests test_synthesisTrigger_codableRoundTrip]' started.
Test Case '-[Yoga_of_EatingTests.TextSignalTests test_synthesisTrigger_codableRoundTrip]' passed (0.000 seconds).
Test Case '-[Yoga_of_EatingTests.TextSignalTests test_synthesisTrigger_hasAtLeastSixCases]' started.
Test Case '-[Yoga_of_EatingTests.TextSignalTests test_synthesisTrigger_hasAtLeastSixCases]' passed (0.000 seconds).
Test Case '-[Yoga_of_EatingTests.TextSignalTests test_synthesisTrigger_rawValues_areDistinct]' started.
Test Case '-[Yoga_of_EatingTests.TextSignalTests test_synthesisTrigger_rawValues_areDistinct]' passed (0.000 seconds).
Test Suite 'TextSignalTests' passed at 2026-05-15 06:37:16.148.
	 Executed 17 tests, with 0 failures (0 unexpected) in 0.010 (0.013) seconds
Test Suite 'ThemeTests' started at 2026-05-15 06:37:16.148.
Test Case '-[Yoga_of_EatingTests.ThemeTests test_animation_standardDuration_isPositive]' started.
Test Case '-[Yoga_of_EatingTests.ThemeTests test_animation_standardDuration_isPositive]' passed (0.000 seconds).
Test Case '-[Yoga_of_EatingTests.ThemeTests test_animation_standardDuration_isReasonable]' started.
Test Case '-[Yoga_of_EatingTests.ThemeTests test_animation_standardDuration_isReasonable]' passed (0.000 seconds).
Test Case '-[Yoga_of_EatingTests.ThemeTests test_background_glowBlurRadius_isDefined]' started.
Test Case '-[Yoga_of_EatingTests.ThemeTests test_background_glowBlurRadius_isDefined]' passed (0.000 seconds).
Test Case '-[Yoga_of_EatingTests.ThemeTests test_background_glowOpacity_isDefined]' started.
Test Case '-[Yoga_of_EatingTests.ThemeTests test_background_glowOpacity_isDefined]' passed (0.000 seconds).
Test Case '-[Yoga_of_EatingTests.ThemeTests test_background_glowSize_isDefined]' started.
Test Case '-[Yoga_of_EatingTests.ThemeTests test_background_glowSize_isDefined]' passed (0.000 seconds).
Test Case '-[Yoga_of_EatingTests.ThemeTests test_caloriePill_fillColors_areDefined]' started.
Test Case '-[Yoga_of_EatingTests.ThemeTests test_caloriePill_fillColors_areDefined]' passed (0.002 seconds).
Test Case '-[Yoga_of_EatingTests.ThemeTests test_caloriePill_geometry_arePositive]' started.
Test Case '-[Yoga_of_EatingTests.ThemeTests test_caloriePill_geometry_arePositive]' passed (0.000 seconds).
Test Case '-[Yoga_of_EatingTests.ThemeTests test_caloriePill_pillBackground_isDefined]' started.
Test Case '-[Yoga_of_EatingTests.ThemeTests test_caloriePill_pillBackground_isDefined]' passed (0.000 seconds).
Test Case '-[Yoga_of_EatingTests.ThemeTests test_caloriePill_textPrimary_isDefined]' started.
Test Case '-[Yoga_of_EatingTests.ThemeTests test_caloriePill_textPrimary_isDefined]' passed (0.000 seconds).
Test Case '-[Yoga_of_EatingTests.ThemeTests test_caloriePill_thresholds_areInValidRange]' started.
Test Case '-[Yoga_of_EatingTests.ThemeTests test_caloriePill_thresholds_areInValidRange]' passed (0.000 seconds).
Test Case '-[Yoga_of_EatingTests.ThemeTests test_dateContext_morningHourThreshold_isTen]' started.
Test Case '-[Yoga_of_EatingTests.ThemeTests test_dateContext_morningHourThreshold_isTen]' passed (0.000 seconds).
Test Case '-[Yoga_of_EatingTests.ThemeTests test_layout_bottomScrollBuffer_isPinned]' started.
Test Case '-[Yoga_of_EatingTests.ThemeTests test_layout_bottomScrollBuffer_isPinned]' passed (0.000 seconds).
Test Case '-[Yoga_of_EatingTests.ThemeTests test_mealCardBorder_hasConsistentWidth]' started.
Test Case '-[Yoga_of_EatingTests.ThemeTests test_mealCardBorder_hasConsistentWidth]' passed (0.000 seconds).
Test Case '-[Yoga_of_EatingTests.ThemeTests test_mealCardBorder_usesSemanticColor]' started.
Test Case '-[Yoga_of_EatingTests.ThemeTests test_mealCardBorder_usesSemanticColor]' passed (0.000 seconds).
Test Case '-[Yoga_of_EatingTests.ThemeTests test_scoreBadge_usesSemanticColors]' started.
Test Case '-[Yoga_of_EatingTests.ThemeTests test_scoreBadge_usesSemanticColors]' passed (0.000 seconds).
Test Case '-[Yoga_of_EatingTests.ThemeTests test_scoreBreakdownSheet_usesSystemBackgrounds]' started.
Test Case '-[Yoga_of_EatingTests.ThemeTests test_scoreBreakdownSheet_usesSystemBackgrounds]' passed (0.000 seconds).
Test Case '-[Yoga_of_EatingTests.ThemeTests test_scoreCategory_colors_areDefined]' started.
Test Case '-[Yoga_of_EatingTests.ThemeTests test_scoreCategory_colors_areDefined]' passed (0.000 seconds).
Test Case '-[Yoga_of_EatingTests.ThemeTests test_theme_backgroundColors_exist]' started.
Test Case '-[Yoga_of_EatingTests.ThemeTests test_theme_backgroundColors_exist]' passed (0.000 seconds).
Test Case '-[Yoga_of_EatingTests.ThemeTests test_theme_cornerRadius_values]' started.
Test Case '-[Yoga_of_EatingTests.ThemeTests test_theme_cornerRadius_values]' passed (0.000 seconds).
Test Case '-[Yoga_of_EatingTests.ThemeTests test_theme_spacing_values]' started.
Test Case '-[Yoga_of_EatingTests.ThemeTests test_theme_spacing_values]' passed (0.000 seconds).
Test Case '-[Yoga_of_EatingTests.ThemeTests test_timeline_fastingDefaultColor_isDefined]' started.
Test Case '-[Yoga_of_EatingTests.ThemeTests test_timeline_fastingDefaultColor_isDefined]' passed (0.000 seconds).
Test Case '-[Yoga_of_EatingTests.ThemeTests test_timeline_fastingSignificantColor_isDefined]' started.
Test Case '-[Yoga_of_EatingTests.ThemeTests test_timeline_fastingSignificantColor_isDefined]' passed (0.000 seconds).
Test Case '-[Yoga_of_EatingTests.ThemeTests test_timeline_spineOpacity_isCorrectValue]' started.
Test Case '-[Yoga_of_EatingTests.ThemeTests test_timeline_spineOpacity_isCorrectValue]' passed (0.000 seconds).
Test Case '-[Yoga_of_EatingTests.ThemeTests test_timeline_spineOpacity_isInValidRange]' started.
Test Case '-[Yoga_of_EatingTests.ThemeTests test_timeline_spineOpacity_isInValidRange]' passed (0.000 seconds).
Test Case '-[Yoga_of_EatingTests.ThemeTests test_timeline_spineWidth_isCorrectValue]' started.
Test Case '-[Yoga_of_EatingTests.ThemeTests test_timeline_spineWidth_isCorrectValue]' passed (0.000 seconds).
Test Case '-[Yoga_of_EatingTests.ThemeTests test_timeline_spineWidth_isPositive]' started.
Test Case '-[Yoga_of_EatingTests.ThemeTests test_timeline_spineWidth_isPositive]' passed (0.000 seconds).
Test Suite 'ThemeTests' passed at 2026-05-15 06:37:16.162.
	 Executed 26 tests, with 0 failures (0 unexpected) in 0.010 (0.014) seconds
Test Suite 'TimePickerSheetViewTests' started at 2026-05-15 06:37:16.162.
Test Case '-[Yoga_of_EatingTests.TimePickerSheetViewTests test_onCancelCallback_canBeSet]' started.
Test Case '-[Yoga_of_EatingTests.TimePickerSheetViewTests test_onCancelCallback_canBeSet]' passed (0.000 seconds).
Test Case '-[Yoga_of_EatingTests.TimePickerSheetViewTests test_onSaveCallback_canBeSet]' started.
Test Case '-[Yoga_of_EatingTests.TimePickerSheetViewTests test_onSaveCallback_canBeSet]' passed (0.000 seconds).
Test Case '-[Yoga_of_EatingTests.TimePickerSheetViewTests test_viewInitializes_withPastDate]' started.
Test Case '-[Yoga_of_EatingTests.TimePickerSheetViewTests test_viewInitializes_withPastDate]' passed (0.017 seconds).
Test Case '-[Yoga_of_EatingTests.TimePickerSheetViewTests test_viewInitializes_withValidDate]' started.
Test Case '-[Yoga_of_EatingTests.TimePickerSheetViewTests test_viewInitializes_withValidDate]' passed (0.000 seconds).
Test Suite 'TimePickerSheetViewTests' passed at 2026-05-15 06:37:16.181.
	 Executed 4 tests, with 0 failures (0 unexpected) in 0.018 (0.019) seconds
Test Suite 'TimingConstantsTests' started at 2026-05-15 06:37:16.181.
Test Case '-[Yoga_of_EatingTests.TimingConstantsTests test_dayResetPollIntervalNanoseconds_isAtLeastTenSeconds]' started.
Test Case '-[Yoga_of_EatingTests.TimingConstantsTests test_dayResetPollIntervalNanoseconds_isAtLeastTenSeconds]' passed (0.000 seconds).
Test Case '-[Yoga_of_EatingTests.TimingConstantsTests test_dayResetPollIntervalNanoseconds_isPositive]' started.
Test Case '-[Yoga_of_EatingTests.TimingConstantsTests test_dayResetPollIntervalNanoseconds_isPositive]' passed (0.000 seconds).
Test Case '-[Yoga_of_EatingTests.TimingConstantsTests test_dayResetPollIntervalNanoseconds_isUnderFiveMinutes]' started.
Test Case '-[Yoga_of_EatingTests.TimingConstantsTests test_dayResetPollIntervalNanoseconds_isUnderFiveMinutes]' passed (0.000 seconds).
Test Case '-[Yoga_of_EatingTests.TimingConstantsTests test_syncErrorDisplayNanoseconds_isGreaterThanSuccessDisplay]' started.
Test Case '-[Yoga_of_EatingTests.TimingConstantsTests test_syncErrorDisplayNanoseconds_isGreaterThanSuccessDisplay]' passed (0.000 seconds).
Test Case '-[Yoga_of_EatingTests.TimingConstantsTests test_syncMaxRetryAttempts_isAtLeastOne]' started.
Test Case '-[Yoga_of_EatingTests.TimingConstantsTests test_syncMaxRetryAttempts_isAtLeastOne]' passed (0.000 seconds).
Test Case '-[Yoga_of_EatingTests.TimingConstantsTests test_syncRetryDelayNanoseconds_isPositive]' started.
Test Case '-[Yoga_of_EatingTests.TimingConstantsTests test_syncRetryDelayNanoseconds_isPositive]' passed (0.000 seconds).
Test Case '-[Yoga_of_EatingTests.TimingConstantsTests test_syncSuccessDisplayNanoseconds_isPositive]' started.
Test Case '-[Yoga_of_EatingTests.TimingConstantsTests test_syncSuccessDisplayNanoseconds_isPositive]' passed (0.000 seconds).
Test Case '-[Yoga_of_EatingTests.TimingConstantsTests test_textEntryDebounce_is500ms]' started.
Test Case '-[Yoga_of_EatingTests.TimingConstantsTests test_textEntryDebounce_is500ms]' passed (0.000 seconds).
Test Case '-[Yoga_of_EatingTests.TimingConstantsTests test_textEntryDebounce_isReasonableForUX]' started.
Test Case '-[Yoga_of_EatingTests.TimingConstantsTests test_textEntryDebounce_isReasonableForUX]' passed (0.000 seconds).
Test Suite 'TimingConstantsTests' passed at 2026-05-15 06:37:16.186.
	 Executed 9 tests, with 0 failures (0 unexpected) in 0.003 (0.004) seconds
Test Suite 'TodoCarryOverTests' started at 2026-05-15 06:37:16.186.
Test Case '-[Yoga_of_EatingTests.TodoCarryOverTests test_carriedOverCount_clampedAt365]' started.
Test Case '-[Yoga_of_EatingTests.TodoCarryOverTests test_carriedOverCount_clampedAt365]' passed (0.000 seconds).
Test Case '-[Yoga_of_EatingTests.TodoCarryOverTests test_carriedOverCount_clampedAtZeroForNegative]' started.
Test Case '-[Yoga_of_EatingTests.TodoCarryOverTests test_carriedOverCount_clampedAtZeroForNegative]' passed (0.000 seconds).
Test Case '-[Yoga_of_EatingTests.TodoCarryOverTests test_carriedOverCount_incrementsEachDayCarried]' started.
Test Case '-[Yoga_of_EatingTests.TodoCarryOverTests test_carriedOverCount_incrementsEachDayCarried]' passed (0.000 seconds).
Test Case '-[Yoga_of_EatingTests.TodoCarryOverTests test_carriedOverCount_isZeroForFreshTodo]' started.
Test Case '-[Yoga_of_EatingTests.TodoCarryOverTests test_carriedOverCount_isZeroForFreshTodo]' passed (0.000 seconds).
Test Case '-[Yoga_of_EatingTests.TodoCarryOverTests test_incompleteTodosForCarryOver_doesNotCarryCompletedTodos]' started.
Test Case '-[Yoga_of_EatingTests.TodoCarryOverTests test_incompleteTodosForCarryOver_doesNotCarryCompletedTodos]' passed (0.001 seconds).
Test Case '-[Yoga_of_EatingTests.TodoCarryOverTests test_incompleteTodosForCarryOver_doesNotCarryExplicitlyMarkedFalse]' started.
Test Case '-[Yoga_of_EatingTests.TodoCarryOverTests test_incompleteTodosForCarryOver_doesNotCarryExplicitlyMarkedFalse]' passed (0.000 seconds).
Test Case '-[Yoga_of_EatingTests.TodoCarryOverTests test_incompleteTodosForCarryOver_emptyWhenNoHighlightData]' started.
Test Case '-[Yoga_of_EatingTests.TodoCarryOverTests test_incompleteTodosForCarryOver_emptyWhenNoHighlightData]' passed (0.000 seconds).
Test Case '-[Yoga_of_EatingTests.TodoCarryOverTests test_incompleteTodosForCarryOver_emptyWhenNoSnapshot]' started.
Test Case '-[Yoga_of_EatingTests.TodoCarryOverTests test_incompleteTodosForCarryOver_emptyWhenNoSnapshot]' passed (0.000 seconds).
Test Case '-[Yoga_of_EatingTests.TodoCarryOverTests test_incompleteTodosForCarryOver_incrementsCarriedOverCount]' started.
Test Case '-[Yoga_of_EatingTests.TodoCarryOverTests test_incompleteTodosForCarryOver_incrementsCarriedOverCount]' passed (0.000 seconds).
Test Case '-[Yoga_of_EatingTests.TodoCarryOverTests test_incompleteTodosForCarryOver_returnsOnlyIncompleteTodos]' started.
Test Case '-[Yoga_of_EatingTests.TodoCarryOverTests test_incompleteTodosForCarryOver_returnsOnlyIncompleteTodos]' passed (0.000 seconds).
Test Case '-[Yoga_of_EatingTests.TodoCarryOverTests test_mindCheckEntry_codableRoundTrip_withCarriedOverCount]' started.
Test Case '-[Yoga_of_EatingTests.TodoCarryOverTests test_mindCheckEntry_codableRoundTrip_withCarriedOverCount]' passed (0.000 seconds).
Test Case '-[Yoga_of_EatingTests.TodoCarryOverTests test_mindCheckEntry_decodesLegacyJSON_withoutCarriedOverCount_defaultsToZero]' started.
Test Case '-[Yoga_of_EatingTests.TodoCarryOverTests test_mindCheckEntry_decodesLegacyJSON_withoutCarriedOverCount_defaultsToZero]' passed (0.000 seconds).
Test Case '-[Yoga_of_EatingTests.TodoCarryOverTests test_resetDay_doesNotCreateHighlightDataWhenNoIncompleteTodos]' started.
2026-05-15 06:37:16.192101+0530 Yoga of Eating[16572:133574] [[FirebaseCore]] 12.7.0 - [FirebaseCore][I-COR000003] The default Firebase app has not yet been configured. Add `FirebaseApp.configure()` to your application initialization. This can be done in in the App Delegate's application(_:didFinishLaunchingWithOptions:)` (or the `@main` struct's initializer in SwiftUI). Read more: https://firebase.google.com/docs/ios/setup#initialize_firebase_in_your_app
Test Case '-[Yoga_of_EatingTests.TodoCarryOverTests test_resetDay_doesNotCreateHighlightDataWhenNoIncompleteTodos]' passed (0.000 seconds).
2026-05-15 06:37:16.192223+0530 Yoga of Eating[16572:133574] [[FirebaseCore]] 12.7.0 - [FirebaseCore][I-COR000003] The default Firebase app has not yet been configured. Add `FirebaseApp.configure()` to your application initialization. This can be done in in the App Delegate's application(_:didFinishLaunchingWithOptions:)` (or the `@main` struct's initializer in SwiftUI). Read more: https://firebase.google.com/docs/ios/setup#initialize_firebase_in_your_app
Test Case '-[Yoga_of_EatingTests.TodoCarryOverTests test_resetDay_mergesCarriedTodosWithExistingHighlightData]' started.
2026-05-15 06:37:16.192651+0530 Yoga of Eating[16572:133574] [[FirebaseCore]] 12.7.0 - [FirebaseCore][I-COR000003] The default Firebase app has not yet been configured. Add `FirebaseApp.configure()` to your application initialization. This can be done in in the App Delegate's application(_:didFinishLaunchingWithOptions:)` (or the `@main` struct's initializer in SwiftUI). Read more: https://firebase.google.com/docs/ios/setup#initialize_firebase_in_your_app
2026-05-15 06:37:16.192728+0530 Yoga of Eating[16572:133574] [[FirebaseCore]] 12.7.0 - [FirebaseCore][I-COR000003] The default Firebase app has not yet been configured. Add `FirebaseApp.configure()` to your application initialization. This can be done in in the App Delegate's application(_:didFinishLaunchingWithOptions:)` (or the `@main` struct's initializer in SwiftUI). Read more: https://firebase.google.com/docs/ios/setup#initialize_firebase_in_your_app
Test Case '-[Yoga_of_EatingTests.TodoCarryOverTests test_resetDay_mergesCarriedTodosWithExistingHighlightData]' passed (0.000 seconds).
Test Case '-[Yoga_of_EatingTests.TodoCarryOverTests test_resetDay_populatesTodaySnapshotWithCarriedTodos]' started.
2026-05-15 06:37:16.193290+0530 Yoga of Eating[16572:133575] [[FirebaseCore]] 12.7.0 - [FirebaseCore][I-COR000003] The default Firebase app has not yet been configured. Add `FirebaseApp.configure()` to your application initialization. This can be done in in the App Delegate's application(_:didFinishLaunchingWithOptions:)` (or the `@main` struct's initializer in SwiftUI). Read more: https://firebase.google.com/docs/ios/setup#initialize_firebase_in_your_app
2026-05-15 06:37:16.193361+0530 Yoga of Eating[16572:133575] [[FirebaseCore]] 12.7.0 - [FirebaseCore][I-COR000003] The default Firebase app has not yet been configured. Add `FirebaseApp.configure()` to your application initialization. This can be done in in the App Delegate's application(_:didFinishLaunchingWithOptions:)` (or the `@main` struct's initializer in SwiftUI). Read more: https://firebase.google.com/docs/ios/setup#initialize_firebase_in_your_app
Test Case '-[Yoga_of_EatingTests.TodoCarryOverTests test_resetDay_populatesTodaySnapshotWithCarriedTodos]' passed (0.004 seconds).
Test Suite 'TodoCarryOverTests' passed at 2026-05-15 06:37:16.197.
	 Executed 15 tests, with 0 failures (0 unexpected) in 0.009 (0.011) seconds
Test Suite 'WellbeingBreakdownSheetTests' started at 2026-05-15 06:37:16.197.
Test Case '-[Yoga_of_EatingTests.WellbeingBreakdownSheetTests test_handleSmileyLongPress_noDataNoSheets]' started.
2026-05-15 06:37:16.197724+0530 Yoga of Eating[16572:133578] [[FirebaseCore]] 12.7.0 - [FirebaseCore][I-COR000003] The default Firebase app has not yet been configured. Add `FirebaseApp.configure()` to your application initialization. This can be done in in the App Delegate's application(_:didFinishLaunchingWithOptions:)` (or the `@main` struct's initializer in SwiftUI). Read more: https://firebase.google.com/docs/ios/setup#initialize_firebase_in_your_app
Test Case '-[Yoga_of_EatingTests.WellbeingBreakdownSheetTests test_handleSmileyLongPress_noDataNoSheets]' passed (0.000 seconds).
Test Case '-[Yoga_of_EatingTests.WellbeingBreakdownSheetTests test_handleSmileyLongPress_withBreakdownContract_opensBreakdownSheet]' started.
2026-05-15 06:37:16.198328+0530 Yoga of Eating[16572:133573] [[FirebaseCore]] 12.7.0 - [FirebaseCore][I-COR000003] The default Firebase app has not yet been configured. Add `FirebaseApp.configure()` to your application initialization. This can be done in in the App Delegate's application(_:didFinishLaunchingWithOptions:)` (or the `@main` struct's initializer in SwiftUI). Read more: https://firebase.google.com/docs/ios/setup#initialize_firebase_in_your_app
Test Case '-[Yoga_of_EatingTests.WellbeingBreakdownSheetTests test_handleSmileyLongPress_withBreakdownContract_opensBreakdownSheet]' passed (0.000 seconds).
Test Case '-[Yoga_of_EatingTests.WellbeingBreakdownSheetTests test_wellbeingBreakdownContract_containsCausalNarrative]' started.
2026-05-15 06:37:16.198927+0530 Yoga of Eating[16572:133573] [[FirebaseCore]] 12.7.0 - [FirebaseCore][I-COR000003] The default Firebase app has not yet been configured. Add `FirebaseApp.configure()` to your application initialization. This can be done in in the App Delegate's application(_:didFinishLaunchingWithOptions:)` (or the `@main` struct's initializer in SwiftUI). Read more: https://firebase.google.com/docs/ios/setup#initialize_firebase_in_your_app
Test Case '-[Yoga_of_EatingTests.WellbeingBreakdownSheetTests test_wellbeingBreakdownContract_containsCausalNarrative]' passed (0.000 seconds).
Test Case '-[Yoga_of_EatingTests.WellbeingBreakdownSheetTests test_wellbeingBreakdownContract_containsDimensions]' started.
2026-05-15 06:37:16.199499+0530 Yoga of Eating[16572:133578] [[FirebaseCore]] 12.7.0 - [FirebaseCore][I-COR000003] The default Firebase app has not yet been configured. Add `FirebaseApp.configure()` to your application initialization. This can be done in in the App Delegate's application(_:didFinishLaunchingWithOptions:)` (or the `@main` struct's initializer in SwiftUI). Read more: https://firebase.google.com/docs/ios/setup#initialize_firebase_in_your_app
Test Case '-[Yoga_of_EatingTests.WellbeingBreakdownSheetTests test_wellbeingBreakdownContract_containsDimensions]' passed (0.004 seconds).
Test Case '-[Yoga_of_EatingTests.WellbeingBreakdownSheetTests test_wellbeingBreakdownContract_containsDominantDimension]' started.
2026-05-15 06:37:16.203407+0530 Yoga of Eating[16572:133578] [[FirebaseCore]] 12.7.0 - [FirebaseCore][I-COR000003] The default Firebase app has not yet been configured. Add `FirebaseApp.configure()` to your application initialization. This can be done in in the App Delegate's application(_:didFinishLaunchingWithOptions:)` (or the `@main` struct's initializer in SwiftUI). Read more: https://firebase.google.com/docs/ios/setup#initialize_firebase_in_your_app
Test Case '-[Yoga_of_EatingTests.WellbeingBreakdownSheetTests test_wellbeingBreakdownContract_containsDominantDimension]' passed (0.003 seconds).
Test Case '-[Yoga_of_EatingTests.WellbeingBreakdownSheetTests test_wellbeingBreakdownContract_isNilWhenNoMeals]' started.
2026-05-15 06:37:16.207060+0530 Yoga of Eating[16572:133645] [[FirebaseCore]] 12.7.0 - [FirebaseCore][I-COR000003] The default Firebase app has not yet been configured. Add `FirebaseApp.configure()` to your application initialization. This can be done in in the App Delegate's application(_:didFinishLaunchingWithOptions:)` (or the `@main` struct's initializer in SwiftUI). Read more: https://firebase.google.com/docs/ios/setup#initialize_firebase_in_your_app
Test Case '-[Yoga_of_EatingTests.WellbeingBreakdownSheetTests test_wellbeingBreakdownContract_isNilWhenNoMeals]' passed (0.000 seconds).
Test Case '-[Yoga_of_EatingTests.WellbeingBreakdownSheetTests test_wellbeingBreakdownContract_isNilWhenNotViewingToday]' started.
2026-05-15 06:37:16.207576+0530 Yoga of Eating[16572:133645] [[FirebaseCore]] 12.7.0 - [FirebaseCore][I-COR000003] The default Firebase app has not yet been configured. Add `FirebaseApp.configure()` to your application initialization. This can be done in in the App Delegate's application(_:didFinishLaunchingWithOptions:)` (or the `@main` struct's initializer in SwiftUI). Read more: https://firebase.google.com/docs/ios/setup#initialize_firebase_in_your_app
Test Case '-[Yoga_of_EatingTests.WellbeingBreakdownSheetTests test_wellbeingBreakdownContract_isNilWhenNotViewingToday]' passed (0.000 seconds).
Test Case '-[Yoga_of_EatingTests.WellbeingBreakdownSheetTests test_wellbeingBreakdownContract_isNotNilWithMealsToday]' started.
2026-05-15 06:37:16.208067+0530 Yoga of Eating[16572:133645] [[FirebaseCore]] 12.7.0 - [FirebaseCore][I-COR000003] The default Firebase app has not yet been configured. Add `FirebaseApp.configure()` to your application initialization. This can be done in in the App Delegate's application(_:didFinishLaunchingWithOptions:)` (or the `@main` struct's initializer in SwiftUI). Read more: https://firebase.google.com/docs/ios/setup#initialize_firebase_in_your_app
Test Case '-[Yoga_of_EatingTests.WellbeingBreakdownSheetTests test_wellbeingBreakdownContract_isNotNilWithMealsToday]' passed (0.003 seconds).
Test Case '-[Yoga_of_EatingTests.WellbeingBreakdownSheetTests test_wellbeingBreakdownContract_weakDimensionsAllBelowNeutralThreshold]' started.
2026-05-15 06:37:16.211726+0530 Yoga of Eating[16572:133575] [[FirebaseCore]] 12.7.0 - [FirebaseCore][I-COR000003] The default Firebase app has not yet been configured. Add `FirebaseApp.configure()` to your application initialization. This can be done in in the App Delegate's application(_:didFinishLaunchingWithOptions:)` (or the `@main` struct's initializer in SwiftUI). Read more: https://firebase.google.com/docs/ios/setup#initialize_firebase_in_your_app
Test Case '-[Yoga_of_EatingTests.WellbeingBreakdownSheetTests test_wellbeingBreakdownContract_weakDimensionsAllBelowNeutralThreshold]' passed (0.001 seconds).
Test Case '-[Yoga_of_EatingTests.WellbeingBreakdownSheetTests test_wellbeingBreakdownContract_weakDimensionsAtMostTwo]' started.
2026-05-15 06:37:16.212391+0530 Yoga of Eating[16572:133578] [[FirebaseCore]] 12.7.0 - [FirebaseCore][I-COR000003] The default Firebase app has not yet been configured. Add `FirebaseApp.configure()` to your application initialization. This can be done in in the App Delegate's application(_:didFinishLaunchingWithOptions:)` (or the `@main` struct's initializer in SwiftUI). Read more: https://firebase.google.com/docs/ios/setup#initialize_firebase_in_your_app
Test Case '-[Yoga_of_EatingTests.WellbeingBreakdownSheetTests test_wellbeingBreakdownContract_weakDimensionsAtMostTwo]' passed (0.000 seconds).
Test Case '-[Yoga_of_EatingTests.WellbeingBreakdownSheetTests test_wellbeingBreakdownSheetContract_equatable]' started.
2026-05-15 06:37:16.212949+0530 Yoga of Eating[16572:133645] [[FirebaseCore]] 12.7.0 - [FirebaseCore][I-COR000003] The default Firebase app has not yet been configured. Add `FirebaseApp.configure()` to your application initialization. This can be done in in the App Delegate's application(_:didFinishLaunchingWithOptions:)` (or the `@main` struct's initializer in SwiftUI). Read more: https://firebase.google.com/docs/ios/setup#initialize_firebase_in_your_app
Test Case '-[Yoga_of_EatingTests.WellbeingBreakdownSheetTests test_wellbeingBreakdownSheetContract_equatable]' passed (0.000 seconds).
Test Case '-[Yoga_of_EatingTests.WellbeingBreakdownSheetTests test_wellbeingBreakdownSheetContract_isValueType]' started.
2026-05-15 06:37:16.213414+0530 Yoga of Eating[16572:133645] [[FirebaseCore]] 12.7.0 - [FirebaseCore][I-COR000003] The default Firebase app has not yet been configured. Add `FirebaseApp.configure()` to your application initialization. This can be done in in the App Delegate's application(_:didFinishLaunchingWithOptions:)` (or the `@main` struct's initializer in SwiftUI). Read more: https://firebase.google.com/docs/ios/setup#initialize_firebase_in_your_app
Test Case '-[Yoga_of_EatingTests.WellbeingBreakdownSheetTests test_wellbeingBreakdownSheetContract_isValueType]' passed (0.000 seconds).
Test Suite 'WellbeingBreakdownSheetTests' passed at 2026-05-15 06:37:16.214.
	 Executed 12 tests, with 0 failures (0 unexpected) in 0.014 (0.016) seconds
Test Suite 'WellbeingDimensionsTests' started at 2026-05-15 06:37:16.214.
Test Case '-[Yoga_of_EatingTests.WellbeingDimensionsTests test_codableRoundTrip_preservesAllDimensions]' started.
Test Case '-[Yoga_of_EatingTests.WellbeingDimensionsTests test_codableRoundTrip_preservesAllDimensions]' passed (0.001 seconds).
Test Case '-[Yoga_of_EatingTests.WellbeingDimensionsTests test_dimensions_clampAboveOne_onInit]' started.
Test Case '-[Yoga_of_EatingTests.WellbeingDimensionsTests test_dimensions_clampAboveOne_onInit]' passed (0.000 seconds).
Test Case '-[Yoga_of_EatingTests.WellbeingDimensionsTests test_dimensions_clampBelowZero_onInit]' started.
Test Case '-[Yoga_of_EatingTests.WellbeingDimensionsTests test_dimensions_clampBelowZero_onInit]' passed (0.000 seconds).
Test Case '-[Yoga_of_EatingTests.WellbeingDimensionsTests test_equatable_differentValues_areNotEqual]' started.
Test Case '-[Yoga_of_EatingTests.WellbeingDimensionsTests test_equatable_differentValues_areNotEqual]' passed (0.000 seconds).
Test Case '-[Yoga_of_EatingTests.WellbeingDimensionsTests test_equatable_sameValues_areEqual]' started.
Test Case '-[Yoga_of_EatingTests.WellbeingDimensionsTests test_equatable_sameValues_areEqual]' passed (0.000 seconds).
Test Case '-[Yoga_of_EatingTests.WellbeingDimensionsTests test_neutral_hasAllPointFive]' started.
Test Case '-[Yoga_of_EatingTests.WellbeingDimensionsTests test_neutral_hasAllPointFive]' passed (0.000 seconds).
Test Case '-[Yoga_of_EatingTests.WellbeingDimensionsTests test_neutral_overall_isPointFive]' started.
Test Case '-[Yoga_of_EatingTests.WellbeingDimensionsTests test_neutral_overall_isPointFive]' passed (0.000 seconds).
Test Case '-[Yoga_of_EatingTests.WellbeingDimensionsTests test_overall_allOne_isOne]' started.
Test Case '-[Yoga_of_EatingTests.WellbeingDimensionsTests test_overall_allOne_isOne]' passed (0.000 seconds).
Test Case '-[Yoga_of_EatingTests.WellbeingDimensionsTests test_overall_allZero_isZero]' started.
Test Case '-[Yoga_of_EatingTests.WellbeingDimensionsTests test_overall_allZero_isZero]' passed (0.000 seconds).
Test Case '-[Yoga_of_EatingTests.WellbeingDimensionsTests test_overall_isAverageOfFourDimensions]' started.
Test Case '-[Yoga_of_EatingTests.WellbeingDimensionsTests test_overall_isAverageOfFourDimensions]' passed (0.000 seconds).
Test Case '-[Yoga_of_EatingTests.WellbeingDimensionsTests test_wellbeingDimension_allCases_haveDisplayName]' started.
Test Case '-[Yoga_of_EatingTests.WellbeingDimensionsTests test_wellbeingDimension_allCases_haveDisplayName]' passed (0.000 seconds).
Test Case '-[Yoga_of_EatingTests.WellbeingDimensionsTests test_wellbeingDimension_codableRoundTrip]' started.
Test Case '-[Yoga_of_EatingTests.WellbeingDimensionsTests test_wellbeingDimension_codableRoundTrip]' passed (0.000 seconds).
Test Case '-[Yoga_of_EatingTests.WellbeingDimensionsTests test_wellbeingDimension_rawValues_areDistinct]' started.
Test Case '-[Yoga_of_EatingTests.WellbeingDimensionsTests test_wellbeingDimension_rawValues_areDistinct]' passed (0.000 seconds).
Test Suite 'WellbeingDimensionsTests' passed at 2026-05-15 06:37:16.221.
	 Executed 13 tests, with 0 failures (0 unexpected) in 0.005 (0.007) seconds
Test Suite 'YearlyCalendarViewModelTests' started at 2026-05-15 06:37:16.221.
Test Case '-[Yoga_of_EatingTests.YearlyCalendarViewModelTests test_allCells_includesPlaceholdersForWeekdayAlignment]' started.
Test Case '-[Yoga_of_EatingTests.YearlyCalendarViewModelTests test_allCells_includesPlaceholdersForWeekdayAlignment]' passed (0.002 seconds).
Test Case '-[Yoga_of_EatingTests.YearlyCalendarViewModelTests test_allCells_jan1AppearsInCorrectWeekdayColumn_2023]' started.
Test Case '-[Yoga_of_EatingTests.YearlyCalendarViewModelTests test_allCells_jan1AppearsInCorrectWeekdayColumn_2023]' passed (0.001 seconds).
Test Case '-[Yoga_of_EatingTests.YearlyCalendarViewModelTests test_allCells_jan1AppearsInCorrectWeekdayColumn_2024]' started.
Test Case '-[Yoga_of_EatingTests.YearlyCalendarViewModelTests test_allCells_jan1AppearsInCorrectWeekdayColumn_2024]' passed (0.001 seconds).
Test Case '-[Yoga_of_EatingTests.YearlyCalendarViewModelTests test_allCells_jan1AppearsInCorrectWeekdayColumn_2026]' started.
Test Case '-[Yoga_of_EatingTests.YearlyCalendarViewModelTests test_allCells_jan1AppearsInCorrectWeekdayColumn_2026]' passed (0.001 seconds).
Test Case '-[Yoga_of_EatingTests.YearlyCalendarViewModelTests test_allCells_totalCountIncludesPlaceholders]' started.
Test Case '-[Yoga_of_EatingTests.YearlyCalendarViewModelTests test_allCells_totalCountIncludesPlaceholders]' passed (0.001 seconds).
Test Case '-[Yoga_of_EatingTests.YearlyCalendarViewModelTests test_allDates_excludesPlaceholders]' started.
Test Case '-[Yoga_of_EatingTests.YearlyCalendarViewModelTests test_allDates_excludesPlaceholders]' passed (0.001 seconds).
Test Case '-[Yoga_of_EatingTests.YearlyCalendarViewModelTests test_changingYear_refetchesSnapshots]' started.
Test Case '-[Yoga_of_EatingTests.YearlyCalendarViewModelTests test_changingYear_refetchesSnapshots]' passed (0.001 seconds).
Test Case '-[Yoga_of_EatingTests.YearlyCalendarViewModelTests test_currentDay_appearsInCorrectColumn]' started.
Test Case '-[Yoga_of_EatingTests.YearlyCalendarViewModelTests test_currentDay_appearsInCorrectColumn]' passed (0.001 seconds).
Test Case '-[Yoga_of_EatingTests.YearlyCalendarViewModelTests test_fetchSnapshots_updatesSnapshots]' started.
Test Case '-[Yoga_of_EatingTests.YearlyCalendarViewModelTests test_fetchSnapshots_updatesSnapshots]' passed (0.001 seconds).
Test Case '-[Yoga_of_EatingTests.YearlyCalendarViewModelTests test_initialLayout_hasDefaultConfiguration]' started.
Test Case '-[Yoga_of_EatingTests.YearlyCalendarViewModelTests test_initialLayout_hasDefaultConfiguration]' passed (0.001 seconds).
Test Case '-[Yoga_of_EatingTests.YearlyCalendarViewModelTests test_initialState_isCurrentYear]' started.
Test Case '-[Yoga_of_EatingTests.YearlyCalendarViewModelTests test_initialState_isCurrentYear]' passed (0.001 seconds).
Test Case '-[Yoga_of_EatingTests.YearlyCalendarViewModelTests test_monthLabelOffsets_calculatedCorrectly]' started.
Test Case '-[Yoga_of_EatingTests.YearlyCalendarViewModelTests test_monthLabelOffsets_calculatedCorrectly]' passed (0.001 seconds).
Test Case '-[Yoga_of_EatingTests.YearlyCalendarViewModelTests test_selectingSnapshot_updatesSelectedSnapshot]' started.
Test Case '-[Yoga_of_EatingTests.YearlyCalendarViewModelTests test_selectingSnapshot_updatesSelectedSnapshot]' passed (0.001 seconds).
Test Case '-[Yoga_of_EatingTests.YearlyCalendarViewModelTests test_updateLayout_calculatesAppropiateCellSize]' started.
Test Case '-[Yoga_of_EatingTests.YearlyCalendarViewModelTests test_updateLayout_calculatesAppropiateCellSize]' passed (0.001 seconds).
Test Case '-[Yoga_of_EatingTests.YearlyCalendarViewModelTests test_updateLayout_forLandscape_setsHorizontalDirection]' started.
Test Case '-[Yoga_of_EatingTests.YearlyCalendarViewModelTests test_updateLayout_forLandscape_setsHorizontalDirection]' passed (0.001 seconds).
Test Case '-[Yoga_of_EatingTests.YearlyCalendarViewModelTests test_updateLayout_forPortrait_setsVerticalDirection]' started.
Test Case '-[Yoga_of_EatingTests.YearlyCalendarViewModelTests test_updateLayout_forPortrait_setsVerticalDirection]' passed (0.001 seconds).
Test Case '-[Yoga_of_EatingTests.YearlyCalendarViewModelTests test_updateLayout_onlyUpdatesWhenMeaningfulChange]' started.
Test Case '-[Yoga_of_EatingTests.YearlyCalendarViewModelTests test_updateLayout_onlyUpdatesWhenMeaningfulChange]' passed (0.001 seconds).
Test Case '-[Yoga_of_EatingTests.YearlyCalendarViewModelTests test_yearDates_hasCorrectCountAndStart]' started.
Test Case '-[Yoga_of_EatingTests.YearlyCalendarViewModelTests test_yearDates_hasCorrectCountAndStart]' passed (0.001 seconds).
Test Suite 'YearlyCalendarViewModelTests' passed at 2026-05-15 06:37:16.241.
	 Executed 18 tests, with 0 failures (0 unexpected) in 0.017 (0.020) seconds
Test Suite 'Yoga_of_EatingTests' started at 2026-05-15 06:37:16.241.
Test Case '-[Yoga_of_EatingTests.Yoga_of_EatingTests testExample]' started.
Test Case '-[Yoga_of_EatingTests.Yoga_of_EatingTests testExample]' passed (0.000 seconds).
Test Case '-[Yoga_of_EatingTests.Yoga_of_EatingTests testPerformanceExample]' started.
2026-05-15 06:37:16.243842+0530 Yoga of Eating[16572:133548] [Reflection] Failed to fetch HealthKit sleep data: Authorization not determined
2026-05-15 06:37:16.243980+0530 Yoga of Eating[16572:133548] [Reflection] Failed to fetch HealthKit sleep data: Authorization not determined
2026-05-15 06:37:16.244144+0530 Yoga of Eating[16572:133548] [Reflection] Failed to fetch HealthKit sleep data: Authorization not determined
2026-05-15 06:37:16.244313+0530 Yoga of Eating[16572:133548] [Reflection] Failed to fetch HealthKit sleep data: Authorization not determined
2026-05-15 06:37:16.245523+0530 Yoga of Eating[16572:133548] [Reflection] Failed to fetch HealthKit sleep data: Authorization not determined
2026-05-15 06:37:16.245644+0530 Yoga of Eating[16572:133548] [Reflection] Failed to fetch HealthKit sleep data: Authorization not determined
2026-05-15 06:37:16.245811+0530 Yoga of Eating[16572:133548] [Reflection] Failed to fetch HealthKit sleep data: Authorization not determined
2026-05-15 06:37:16.246062+0530 Yoga of Eating[16572:133548] [Reflection] Failed to fetch HealthKit sleep data: Authorization not determined
2026-05-15 06:37:16.246390+0530 Yoga of Eating[16572:133548] [Reflection] Failed to fetch HealthKit sleep data: Authorization not determined
2026-05-15 06:37:16.246640+0530 Yoga of Eating[16572:133548] [Reflection] Failed to fetch HealthKit sleep data: Authorization not determined
2026-05-15 06:37:16.246853+0530 Yoga of Eating[16572:133548] [Reflection] Failed to fetch HealthKit sleep data: Authorization not determined
2026-05-15 06:37:16.247018+0530 Yoga of Eating[16572:133548] [Reflection] Failed to fetch HealthKit sleep data: Authorization not determined
/Users/sunil/Downloads/YogaofEating/Yoga of EatingTests/Yoga_of_EatingTests.swift:44: Test Case '-[Yoga_of_EatingTests.Yoga_of_EatingTests testPerformanceExample]' measured [Time, seconds] average: 0.000, relative standard deviation: 157.919%, values: [0.000075, 0.000038, 0.000005, 0.000004, 0.000004, 0.000004, 0.000004, 0.000004, 0.000003, 0.000004], performanceMetricID:com.apple.XCTPerformanceMetric_WallClockTime, baselineName: "", baselineAverage: , polarity: prefers smaller, maxPercentRegression: 10.000%, maxPercentRelativeStandardDeviation: 10.000%, maxRegression: 0.100, maxStandardDeviation: 0.100
Test Case '-[Yoga_of_EatingTests.Yoga_of_EatingTests testPerformanceExample]' passed (0.317 seconds).
Test Suite 'Yoga_of_EatingTests' passed at 2026-05-15 06:37:16.559.
	 Executed 2 tests, with 0 failures (0 unexpected) in 0.317 (0.317) seconds
Test Suite 'Yoga of EatingTests.xctest' passed at 2026-05-15 06:37:16.559.
	 Executed 671 tests, with 0 failures (0 unexpected) in 9.687 (9.831) seconds
Test Suite 'Selected tests' passed at 2026-05-15 06:37:16.559.
	 Executed 671 tests, with 0 failures (0 unexpected) in 9.687 (9.832) seconds
2026-05-15 06:37:17.734744+0530 Yoga of Eating[16581:133868] [[FirebaseCore]] 12.7.0 - [FirebaseCore][I-COR000003] The default Firebase app has not yet been configured. Add `FirebaseApp.configure()` to your application initialization. This can be done in in the App Delegate's application(_:didFinishLaunchingWithOptions:)` (or the `@main` struct's initializer in SwiftUI). Read more: https://firebase.google.com/docs/ios/setup#initialize_firebase_in_your_app
2026-05-15 06:37:17.735463+0530 Yoga of Eating[16581:133868] [[FirebaseCore]] 12.7.0 - [FirebaseCore][I-COR000003] The default Firebase app has not yet been configured. Add `FirebaseApp.configure()` to your application initialization. This can be done in in the App Delegate's application(_:didFinishLaunchingWithOptions:)` (or the `@main` struct's initializer in SwiftUI). Read more: https://firebase.google.com/docs/ios/setup#initialize_firebase_in_your_app
2026-05-15 06:37:17.740739+0530 Yoga of Eating[16581:133866] [[FirebaseCore]] 12.7.0 - [FirebaseCore][I-COR000003] The default Firebase app has not yet been configured. Add `FirebaseApp.configure()` to your application initialization. This can be done in in the App Delegate's application(_:didFinishLaunchingWithOptions:)` (or the `@main` struct's initializer in SwiftUI). Read more: https://firebase.google.com/docs/ios/setup#initialize_firebase_in_your_app
2026-05-15 06:37:17.741760+0530 Yoga of Eating[16581:133866] [[FirebaseCore]] 12.7.0 - [FirebaseCore][I-COR000003] The default Firebase app has not yet been configured. Add `FirebaseApp.configure()` to your application initialization. This can be done in in the App Delegate's application(_:didFinishLaunchingWithOptions:)` (or the `@main` struct's initializer in SwiftUI). Read more: https://firebase.google.com/docs/ios/setup#initialize_firebase_in_your_app
2026-05-15 06:37:17.820619+0530 Yoga of Eating[16581:133871] [[FirebaseCore]] 12.7.0 - [FirebaseCore][I-COR000003] The default Firebase app has not yet been configured. Add `FirebaseApp.configure()` to your application initialization. This can be done in in the App Delegate's application(_:didFinishLaunchingWithOptions:)` (or the `@main` struct's initializer in SwiftUI). Read more: https://firebase.google.com/docs/ios/setup#initialize_firebase_in_your_app
2026-05-15 06:37:17.823791+0530 Yoga of Eating[16581:133859] [Auth] No previous session to restore: We couldn't restore your session. Please sign in again.
2026-05-15 06:37:17.824195+0530 Yoga of Eating[16581:133859] [HistoricalSync] Sync attempted without authenticated user
2026-05-15 06:37:17.895299+0530 Yoga of Eating[16581:133872] [ActivityData] Energy query failed: Authorization not determined
2026-05-15 06:37:17.895377+0530 Yoga of Eating[16581:133872] [ActivityData] Energy query failed: Authorization not determined
2026-05-15 06:37:17.895521+0530 Yoga of Eating[16581:133859] [MainViewModel.Lifecycle] Activity data refreshed
Test Suite 'All tests' started at 2026-05-15 06:37:17.908.
Test Suite 'Yoga of EatingTests.xctest' started at 2026-05-15 06:37:17.908.
Test Suite 'AIAnalysisCoordinatorTests' started at 2026-05-15 06:37:17.908.
Test Case '-[Yoga_of_EatingTests.AIAnalysisCoordinatorTests test_analyzeIfNeeded_cancelsStaleTask_beforeStartingNew]' started.
2026-05-15 06:37:17.910058+0530 Yoga of Eating[16581:133859] [AIAnalysisCoordinator] AI analysis failed (meal redacted for privacy)
Test Case '-[Yoga_of_EatingTests.AIAnalysisCoordinatorTests test_analyzeIfNeeded_cancelsStaleTask_beforeStartingNew]' passed (0.002 seconds).
Test Case '-[Yoga_of_EatingTests.AIAnalysisCoordinatorTests test_analyzeIfNeeded_tracksTaskForMeal]' started.
Test Case '-[Yoga_of_EatingTests.AIAnalysisCoordinatorTests test_analyzeIfNeeded_tracksTaskForMeal]' passed (0.007 seconds).
Test Case '-[Yoga_of_EatingTests.AIAnalysisCoordinatorTests test_cancelAnalysis_cancelsInFlightTask]' started.
2026-05-15 06:37:17.918063+0530 Yoga of Eating[16581:133859] [AIAnalysisCoordinator] AI analysis failed (meal redacted for privacy)
Test Case '-[Yoga_of_EatingTests.AIAnalysisCoordinatorTests test_cancelAnalysis_cancelsInFlightTask]' passed (0.001 seconds).
Test Case '-[Yoga_of_EatingTests.AIAnalysisCoordinatorTests test_onMealScoreUpdated_isCalledAfterAnalysisCompletes]' started.
Test Case '-[Yoga_of_EatingTests.AIAnalysisCoordinatorTests test_onMealScoreUpdated_isCalledAfterAnalysisCompletes]' passed (0.202 seconds).
Test Case '-[Yoga_of_EatingTests.AIAnalysisCoordinatorTests test_onMealScoreUpdated_isCalledOnMainActor]' started.
Test Case '-[Yoga_of_EatingTests.AIAnalysisCoordinatorTests test_onMealScoreUpdated_isCalledOnMainActor]' passed (0.214 seconds).
Test Suite 'AIAnalysisCoordinatorTests' passed at 2026-05-15 06:37:18.336.
	 Executed 5 tests, with 0 failures (0 unexpected) in 0.425 (0.427) seconds
Test Suite 'AIAnalysisIntegrationTests' started at 2026-05-15 06:37:18.336.
Test Case '-[Yoga_of_EatingTests.AIAnalysisIntegrationTests test_aiFailure_allowsRetryOnNextDone]' started.
2026-05-15 06:37:18.338033+0530 Yoga of Eating[16581:133866] [[FirebaseCore]] 12.7.0 - [FirebaseCore][I-COR000003] The default Firebase app has not yet been configured. Add `FirebaseApp.configure()` to your application initialization. This can be done in in the App Delegate's application(_:didFinishLaunchingWithOptions:)` (or the `@main` struct's initializer in SwiftUI). Read more: https://firebase.google.com/docs/ios/setup#initialize_firebase_in_your_app
2026-05-15 06:37:18.351374+0530 Yoga of Eating[16581:133859] [AIAnalysisCoordinator] AI analysis failed (meal redacted for privacy)
Test Case '-[Yoga_of_EatingTests.AIAnalysisIntegrationTests test_aiFailure_allowsRetryOnNextDone]' passed (0.221 seconds).
Test Case '-[Yoga_of_EatingTests.AIAnalysisIntegrationTests test_aiFailure_doesNotMarkMealAsAnalyzed]' started.
2026-05-15 06:37:18.558919+0530 Yoga of Eating[16581:133868] [[FirebaseCore]] 12.7.0 - [FirebaseCore][I-COR000003] The default Firebase app has not yet been configured. Add `FirebaseApp.configure()` to your application initialization. This can be done in in the App Delegate's application(_:didFinishLaunchingWithOptions:)` (or the `@main` struct's initializer in SwiftUI). Read more: https://firebase.google.com/docs/ios/setup#initialize_firebase_in_your_app
2026-05-15 06:37:18.559562+0530 Yoga of Eating[16581:133859] [AIAnalysis] AI analysis failed (meal redacted for privacy)
Test Case '-[Yoga_of_EatingTests.AIAnalysisIntegrationTests test_aiFailure_doesNotMarkMealAsAnalyzed]' passed (0.002 seconds).
Test Case '-[Yoga_of_EatingTests.AIAnalysisIntegrationTests test_aiFailure_preservesLocalScore]' started.
2026-05-15 06:37:18.561793+0530 Yoga of Eating[16581:133868] [[FirebaseCore]] 12.7.0 - [FirebaseCore][I-COR000003] The default Firebase app has not yet been configured. Add `FirebaseApp.configure()` to your application initialization. This can be done in in the App Delegate's application(_:didFinishLaunchingWithOptions:)` (or the `@main` struct's initializer in SwiftUI). Read more: https://firebase.google.com/docs/ios/setup#initialize_firebase_in_your_app
2026-05-15 06:37:18.562605+0530 Yoga of Eating[16581:133859] [AIAnalysis] AI analysis failed (meal redacted for privacy)
Test Case '-[Yoga_of_EatingTests.AIAnalysisIntegrationTests test_aiFailure_preservesLocalScore]' passed (0.003 seconds).
Test Case '-[Yoga_of_EatingTests.AIAnalysisIntegrationTests test_concurrentDoneTaps_onlyCallAIOnce]' started.
2026-05-15 06:37:18.564590+0530 Yoga of Eating[16581:133871] [[FirebaseCore]] 12.7.0 - [FirebaseCore][I-COR000003] The default Firebase app has not yet been configured. Add `FirebaseApp.configure()` to your application initialization. This can be done in in the App Delegate's application(_:didFinishLaunchingWithOptions:)` (or the `@main` struct's initializer in SwiftUI). Read more: https://firebase.google.com/docs/ios/setup#initialize_firebase_in_your_app
Test Case '-[Yoga_of_EatingTests.AIAnalysisIntegrationTests test_concurrentDoneTaps_onlyCallAIOnce]' passed (0.002 seconds).
Test Case '-[Yoga_of_EatingTests.AIAnalysisIntegrationTests test_contentChange_resetsAIFlag_andRetriggers]' started.
2026-05-15 06:37:18.566501+0530 Yoga of Eating[16581:133871] [[FirebaseCore]] 12.7.0 - [FirebaseCore][I-COR000003] The default Firebase app has not yet been configured. Add `FirebaseApp.configure()` to your application initialization. This can be done in in the App Delegate's application(_:didFinishLaunchingWithOptions:)` (or the `@main` struct's initializer in SwiftUI). Read more: https://firebase.google.com/docs/ios/setup#initialize_firebase_in_your_app
Test Case '-[Yoga_of_EatingTests.AIAnalysisIntegrationTests test_contentChange_resetsAIFlag_andRetriggers]' passed (0.204 seconds).
Test Case '-[Yoga_of_EatingTests.AIAnalysisIntegrationTests test_defaultInit_logicServiceIsAIAnalysisProvider]' started.
2026-05-15 06:37:18.772466+0530 Yoga of Eating[16581:133866] [[FirebaseCore]] 12.7.0 - [FirebaseCore][I-COR000003] The default Firebase app has not yet been configured. Add `FirebaseApp.configure()` to your application initialization. This can be done in in the App Delegate's application(_:didFinishLaunchingWithOptions:)` (or the `@main` struct's initializer in SwiftUI). Read more: https://firebase.google.com/docs/ios/setup#initialize_firebase_in_your_app
2026-05-15 06:37:18.772915+0530 Yoga of Eating[16581:133866] [[FirebaseCore]] 12.7.0 - [FirebaseCore][I-COR000003] The default Firebase app has not yet been configured. Add `FirebaseApp.configure()` to your application initialization. This can be done in in the App Delegate's application(_:didFinishLaunchingWithOptions:)` (or the `@main` struct's initializer in SwiftUI). Read more: https://firebase.google.com/docs/ios/setup#initialize_firebase_in_your_app
2026-05-15 06:37:18.773046+0530 Yoga of Eating[16581:133866] [[FirebaseCore]] 12.7.0 - [FirebaseCore][I-COR000003] The default Firebase app has not yet been configured. Add `FirebaseApp.configure()` to your application initialization. This can be done in in the App Delegate's application(_:didFinishLaunchingWithOptions:)` (or the `@main` struct's initializer in SwiftUI). Read more: https://firebase.google.com/docs/ios/setup#initialize_firebase_in_your_app
Test Case '-[Yoga_of_EatingTests.AIAnalysisIntegrationTests test_defaultInit_logicServiceIsAIAnalysisProvider]' passed (0.009 seconds).
Test Case '-[Yoga_of_EatingTests.AIAnalysisIntegrationTests test_defaultInit_performDeepAnalysis_reachesAIProvider]' started.
2026-05-15 06:37:18.781973+0530 Yoga of Eating[16581:133866] [[FirebaseCore]] 12.7.0 - [FirebaseCore][I-COR000003] The default Firebase app has not yet been configured. Add `FirebaseApp.configure()` to your application initialization. This can be done in in the App Delegate's application(_:didFinishLaunchingWithOptions:)` (or the `@main` struct's initializer in SwiftUI). Read more: https://firebase.google.com/docs/ios/setup#initialize_firebase_in_your_app
2026-05-15 06:37:18.782552+0530 Yoga of Eating[16581:133866] [[FirebaseCore]] 12.7.0 - [FirebaseCore][I-COR000003] The default Firebase app has not yet been configured. Add `FirebaseApp.configure()` to your application initialization. This can be done in in the App Delegate's application(_:didFinishLaunchingWithOptions:)` (or the `@main` struct's initializer in SwiftUI). Read more: https://firebase.google.com/docs/ios/setup#initialize_firebase_in_your_app
Test Case '-[Yoga_of_EatingTests.AIAnalysisIntegrationTests test_defaultInit_performDeepAnalysis_reachesAIProvider]' passed (0.003 seconds).
Test Case '-[Yoga_of_EatingTests.AIAnalysisIntegrationTests test_multiMeal_smileyReflectsAverageAiScore]' started.
2026-05-15 06:37:18.784818+0530 Yoga of Eating[16581:133866] [[FirebaseCore]] 12.7.0 - [FirebaseCore][I-COR000003] The default Firebase app has not yet been configured. Add `FirebaseApp.configure()` to your application initialization. This can be done in in the App Delegate's application(_:didFinishLaunchingWithOptions:)` (or the `@main` struct's initializer in SwiftUI). Read more: https://firebase.google.com/docs/ios/setup#initialize_firebase_in_your_app
Test Case '-[Yoga_of_EatingTests.AIAnalysisIntegrationTests test_multiMeal_smileyReflectsAverageAiScore]' passed (0.002 seconds).
Test Case '-[Yoga_of_EatingTests.AIAnalysisIntegrationTests test_pipeline_aiScore_savedToPersistence]' started.
2026-05-15 06:37:18.788025+0530 Yoga of Eating[16581:133869] [[FirebaseCore]] 12.7.0 - [FirebaseCore][I-COR000003] The default Firebase app has not yet been configured. Add `FirebaseApp.configure()` to your application initialization. This can be done in in the App Delegate's application(_:didFinishLaunchingWithOptions:)` (or the `@main` struct's initializer in SwiftUI). Read more: https://firebase.google.com/docs/ios/setup#initialize_firebase_in_your_app
Test Case '-[Yoga_of_EatingTests.AIAnalysisIntegrationTests test_pipeline_aiScore_savedToPersistence]' passed (0.002 seconds).
Test Case '-[Yoga_of_EatingTests.AIAnalysisIntegrationTests test_pipeline_checkmark_triggersAIScore]' started.
2026-05-15 06:37:18.790413+0530 Yoga of Eating[16581:133866] [[FirebaseCore]] 12.7.0 - [FirebaseCore][I-COR000003] The default Firebase app has not yet been configured. Add `FirebaseApp.configure()` to your application initialization. This can be done in in the App Delegate's application(_:didFinishLaunchingWithOptions:)` (or the `@main` struct's initializer in SwiftUI). Read more: https://firebase.google.com/docs/ios/setup#initialize_firebase_in_your_app
Test Case '-[Yoga_of_EatingTests.AIAnalysisIntegrationTests test_pipeline_checkmark_triggersAIScore]' passed (0.207 seconds).
Test Case '-[Yoga_of_EatingTests.AIAnalysisIntegrationTests test_secondDoneAfterAiComplete_doesNotRetrigger_whenContentUnchanged]' started.
2026-05-15 06:37:18.998351+0530 Yoga of Eating[16581:133868] [[FirebaseCore]] 12.7.0 - [FirebaseCore][I-COR000003] The default Firebase app has not yet been configured. Add `FirebaseApp.configure()` to your application initialization. This can be done in in the App Delegate's application(_:didFinishLaunchingWithOptions:)` (or the `@main` struct's initializer in SwiftUI). Read more: https://firebase.google.com/docs/ios/setup#initialize_firebase_in_your_app
Test Case '-[Yoga_of_EatingTests.AIAnalysisIntegrationTests test_secondDoneAfterAiComplete_doesNotRetrigger_whenContentUnchanged]' passed (0.407 seconds).
Test Case '-[Yoga_of_EatingTests.AIAnalysisIntegrationTests test_singleHighScoreMeal_setsSerenemood]' started.
2026-05-15 06:37:19.405510+0530 Yoga of Eating[16581:133871] [[FirebaseCore]] 12.7.0 - [FirebaseCore][I-COR000003] The default Firebase app has not yet been configured. Add `FirebaseApp.configure()` to your application initialization. This can be done in in the App Delegate's application(_:didFinishLaunchingWithOptions:)` (or the `@main` struct's initializer in SwiftUI). Read more: https://firebase.google.com/docs/ios/setup#initialize_firebase_in_your_app
Test Case '-[Yoga_of_EatingTests.AIAnalysisIntegrationTests test_singleHighScoreMeal_setsSerenemood]' passed (0.003 seconds).
Test Case '-[Yoga_of_EatingTests.AIAnalysisIntegrationTests test_singleLowScoreMeal_setsOverwhelmedMood]' started.
2026-05-15 06:37:19.408590+0530 Yoga of Eating[16581:133871] [[FirebaseCore]] 12.7.0 - [FirebaseCore][I-COR000003] The default Firebase app has not yet been configured. Add `FirebaseApp.configure()` to your application initialization. This can be done in in the App Delegate's application(_:didFinishLaunchingWithOptions:)` (or the `@main` struct's initializer in SwiftUI). Read more: https://firebase.google.com/docs/ios/setup#initialize_firebase_in_your_app
Test Case '-[Yoga_of_EatingTests.AIAnalysisIntegrationTests test_singleLowScoreMeal_setsOverwhelmedMood]' passed (0.003 seconds).
Test Case '-[Yoga_of_EatingTests.AIAnalysisIntegrationTests test_whitespaceOnlyChange_doesNotRetrigger]' started.
2026-05-15 06:37:19.411852+0530 Yoga of Eating[16581:133871] [[FirebaseCore]] 12.7.0 - [FirebaseCore][I-COR000003] The default Firebase app has not yet been configured. Add `FirebaseApp.configure()` to your application initialization. This can be done in in the App Delegate's application(_:didFinishLaunchingWithOptions:)` (or the `@main` struct's initializer in SwiftUI). Read more: https://firebase.google.com/docs/ios/setup#initialize_firebase_in_your_app
Test Case '-[Yoga_of_EatingTests.AIAnalysisIntegrationTests test_whitespaceOnlyChange_doesNotRetrigger]' passed (0.408 seconds).
Test Suite 'AIAnalysisIntegrationTests' passed at 2026-05-15 06:37:19.819.
	 Executed 14 tests, with 0 failures (0 unexpected) in 1.475 (1.483) seconds
Test Suite 'AILogicServiceParseResponseTests' started at 2026-05-15 06:37:19.819.
Test Case '-[Yoga_of_EatingTests.AILogicServiceParseResponseTests test_parseResponse_doubleNSNumber_extractsEstimatedCalories]' started.
Test Case '-[Yoga_of_EatingTests.AILogicServiceParseResponseTests test_parseResponse_doubleNSNumber_extractsEstimatedCalories]' passed (0.001 seconds).
Test Case '-[Yoga_of_EatingTests.AILogicServiceParseResponseTests test_parseResponse_emptyDict_returnsDefaults]' started.
Test Case '-[Yoga_of_EatingTests.AILogicServiceParseResponseTests test_parseResponse_emptyDict_returnsDefaults]' passed (0.001 seconds).
Test Case '-[Yoga_of_EatingTests.AILogicServiceParseResponseTests test_parseResponse_healthScore_usesNSNumberBridge]' started.
Test Case '-[Yoga_of_EatingTests.AILogicServiceParseResponseTests test_parseResponse_healthScore_usesNSNumberBridge]' passed (0.001 seconds).
Test Case '-[Yoga_of_EatingTests.AILogicServiceParseResponseTests test_parseResponse_intNSNumber_extractsEstimatedCalories]' started.
Test Case '-[Yoga_of_EatingTests.AILogicServiceParseResponseTests test_parseResponse_intNSNumber_extractsEstimatedCalories]' passed (0.001 seconds).
Test Case '-[Yoga_of_EatingTests.AILogicServiceParseResponseTests test_parseResponse_missingEstimatedCalories_returnsNil]' started.
Test Case '-[Yoga_of_EatingTests.AILogicServiceParseResponseTests test_parseResponse_missingEstimatedCalories_returnsNil]' passed (0.001 seconds).
Test Case '-[Yoga_of_EatingTests.AILogicServiceParseResponseTests test_parseResponse_nullEstimatedCalories_returnsNil]' started.
Test Case '-[Yoga_of_EatingTests.AILogicServiceParseResponseTests test_parseResponse_nullEstimatedCalories_returnsNil]' passed (0.011 seconds).
Test Case '-[Yoga_of_EatingTests.AILogicServiceParseResponseTests test_parseResponse_unknownMood_fallsBackToNeutral]' started.
Test Case '-[Yoga_of_EatingTests.AILogicServiceParseResponseTests test_parseResponse_unknownMood_fallsBackToNeutral]' passed (0.001 seconds).
Test Suite 'AILogicServiceParseResponseTests' passed at 2026-05-15 06:37:19.839.
	 Executed 7 tests, with 0 failures (0 unexpected) in 0.017 (0.020) seconds
Test Suite 'AILogicServiceTests' started at 2026-05-15 06:37:19.840.
Test Case '-[Yoga_of_EatingTests.AILogicServiceTests test_aiLogicService_conformsToAIAnalysisProvider]' started.
2026-05-15 06:37:19.840365+0530 Yoga of Eating[16581:133866] [[FirebaseCore]] 12.7.0 - [FirebaseCore][I-COR000003] The default Firebase app has not yet been configured. Add `FirebaseApp.configure()` to your application initialization. This can be done in in the App Delegate's application(_:didFinishLaunchingWithOptions:)` (or the `@main` struct's initializer in SwiftUI). Read more: https://firebase.google.com/docs/ios/setup#initialize_firebase_in_your_app
Test Case '-[Yoga_of_EatingTests.AILogicServiceTests test_aiLogicService_conformsToAIAnalysisProvider]' passed (0.004 seconds).
Test Case '-[Yoga_of_EatingTests.AILogicServiceTests test_aiLogicService_conformsToMealInsightProvider]' started.
2026-05-15 06:37:19.844261+0530 Yoga of Eating[16581:133868] [[FirebaseCore]] 12.7.0 - [FirebaseCore][I-COR000003] The default Firebase app has not yet been configured. Add `FirebaseApp.configure()` to your application initialization. This can be done in in the App Delegate's application(_:didFinishLaunchingWithOptions:)` (or the `@main` struct's initializer in SwiftUI). Read more: https://firebase.google.com/docs/ios/setup#initialize_firebase_in_your_app
Test Case '-[Yoga_of_EatingTests.AILogicServiceTests test_aiLogicService_conformsToMealInsightProvider]' passed (0.005 seconds).
Test Case '-[Yoga_of_EatingTests.AILogicServiceTests test_analyzeMealQuality_doesNotThrow_whenFunctionsNil]' started.
2026-05-15 06:37:19.849597+0530 Yoga of Eating[16581:133868] [[FirebaseCore]] 12.7.0 - [FirebaseCore][I-COR000003] The default Firebase app has not yet been configured. Add `FirebaseApp.configure()` to your application initialization. This can be done in in the App Delegate's application(_:didFinishLaunchingWithOptions:)` (or the `@main` struct's initializer in SwiftUI). Read more: https://firebase.google.com/docs/ios/setup#initialize_firebase_in_your_app
2026-05-15 06:37:19.849721+0530 Yoga of Eating[16581:133859] [AILogicService] Firebase Functions not available — returning defaults
Test Case '-[Yoga_of_EatingTests.AILogicServiceTests test_analyzeMealQuality_doesNotThrow_whenFunctionsNil]' passed (0.001 seconds).
Test Case '-[Yoga_of_EatingTests.AILogicServiceTests test_analyzeMealQuality_returnsFallback_whenFunctionsNil]' started.
2026-05-15 06:37:19.851102+0530 Yoga of Eating[16581:133871] [[FirebaseCore]] 12.7.0 - [FirebaseCore][I-COR000003] The default Firebase app has not yet been configured. Add `FirebaseApp.configure()` to your application initialization. This can be done in in the App Delegate's application(_:didFinishLaunchingWithOptions:)` (or the `@main` struct's initializer in SwiftUI). Read more: https://firebase.google.com/docs/ios/setup#initialize_firebase_in_your_app
2026-05-15 06:37:19.851160+0530 Yoga of Eating[16581:133859] [AILogicService] Firebase Functions not available — returning defaults
Test Case '-[Yoga_of_EatingTests.AILogicServiceTests test_analyzeMealQuality_returnsFallback_whenFunctionsNil]' passed (0.001 seconds).
Test Case '-[Yoga_of_EatingTests.AILogicServiceTests test_calculateHealthScore_array_returnsHalf]' started.
2026-05-15 06:37:19.852460+0530 Yoga of Eating[16581:133867] [[FirebaseCore]] 12.7.0 - [FirebaseCore][I-COR000003] The default Firebase app has not yet been configured. Add `FirebaseApp.configure()` to your application initialization. This can be done in in the App Delegate's application(_:didFinishLaunchingWithOptions:)` (or the `@main` struct's initializer in SwiftUI). Read more: https://firebase.google.com/docs/ios/setup#initialize_firebase_in_your_app
Test Case '-[Yoga_of_EatingTests.AILogicServiceTests test_calculateHealthScore_array_returnsHalf]' passed (0.001 seconds).
Test Case '-[Yoga_of_EatingTests.AILogicServiceTests test_calculateHealthScore_emptyArray_returnsHalf]' started.
2026-05-15 06:37:19.853344+0530 Yoga of Eating[16581:133868] [[FirebaseCore]] 12.7.0 - [FirebaseCore][I-COR000003] The default Firebase app has not yet been configured. Add `FirebaseApp.configure()` to your application initialization. This can be done in in the App Delegate's application(_:didFinishLaunchingWithOptions:)` (or the `@main` struct's initializer in SwiftUI). Read more: https://firebase.google.com/docs/ios/setup#initialize_firebase_in_your_app
Test Case '-[Yoga_of_EatingTests.AILogicServiceTests test_calculateHealthScore_emptyArray_returnsHalf]' passed (0.001 seconds).
Test Case '-[Yoga_of_EatingTests.AILogicServiceTests test_calculateHealthScore_emptyString_returnsHalf]' started.
2026-05-15 06:37:19.854081+0530 Yoga of Eating[16581:133868] [[FirebaseCore]] 12.7.0 - [FirebaseCore][I-COR000003] The default Firebase app has not yet been configured. Add `FirebaseApp.configure()` to your application initialization. This can be done in in the App Delegate's application(_:didFinishLaunchingWithOptions:)` (or the `@main` struct's initializer in SwiftUI). Read more: https://firebase.google.com/docs/ios/setup#initialize_firebase_in_your_app
Test Case '-[Yoga_of_EatingTests.AILogicServiceTests test_calculateHealthScore_emptyString_returnsHalf]' passed (0.001 seconds).
Test Case '-[Yoga_of_EatingTests.AILogicServiceTests test_calculateHealthScore_string_returnsHalf]' started.
2026-05-15 06:37:19.854891+0530 Yoga of Eating[16581:133866] [[FirebaseCore]] 12.7.0 - [FirebaseCore][I-COR000003] The default Firebase app has not yet been configured. Add `FirebaseApp.configure()` to your application initialization. This can be done in in the App Delegate's application(_:didFinishLaunchingWithOptions:)` (or the `@main` struct's initializer in SwiftUI). Read more: https://firebase.google.com/docs/ios/setup#initialize_firebase_in_your_app
Test Case '-[Yoga_of_EatingTests.AILogicServiceTests test_calculateHealthScore_string_returnsHalf]' passed (0.001 seconds).
Test Case '-[Yoga_of_EatingTests.AILogicServiceTests test_calculateNextState_clampsScaleAtMax]' started.
Test Case '-[Yoga_of_EatingTests.AILogicServiceTests test_calculateNextState_clampsScaleAtMax]' passed (0.000 seconds).
2026-05-15 06:37:19.855684+0530 Yoga of Eating[16581:133866] [[FirebaseCore]] 12.7.0 - [FirebaseCore][I-COR000003] The default Firebase app has not yet been configured. Add `FirebaseApp.configure()` to your application initialization. This can be done in in the App Delegate's application(_:didFinishLaunchingWithOptions:)` (or the `@main` struct's initializer in SwiftUI). Read more: https://firebase.google.com/docs/ios/setup#initialize_firebase_in_your_app
Test Case '-[Yoga_of_EatingTests.AILogicServiceTests test_calculateNextState_clampsScaleAtMin]' started.
2026-05-15 06:37:19.856514+0530 Yoga of Eating[16581:133871] [[FirebaseCore]] 12.7.0 - [FirebaseCore][I-COR000003] The default Firebase app has not yet been configured. Add `FirebaseApp.configure()` to your application initialization. This can be done in in the App Delegate's application(_:didFinishLaunchingWithOptions:)` (or the `@main` struct's initializer in SwiftUI). Read more: https://firebase.google.com/docs/ios/setup#initialize_firebase_in_your_app
Test Case '-[Yoga_of_EatingTests.AILogicServiceTests test_calculateNextState_clampsScaleAtMin]' passed (0.001 seconds).
Test Case '-[Yoga_of_EatingTests.AILogicServiceTests test_calculateNextState_healthyScore_shrinksSmiley]' started.
2026-05-15 06:37:19.857311+0530 Yoga of Eating[16581:133871] [[FirebaseCore]] 12.7.0 - [FirebaseCore][I-COR000003] The default Firebase app has not yet been configured. Add `FirebaseApp.configure()` to your application initialization. This can be done in in the App Delegate's application(_:didFinishLaunchingWithOptions:)` (or the `@main` struct's initializer in SwiftUI). Read more: https://firebase.google.com/docs/ios/setup#initialize_firebase_in_your_app
Test Case '-[Yoga_of_EatingTests.AILogicServiceTests test_calculateNextState_healthyScore_shrinksSmiley]' passed (0.000 seconds).
Test Case '-[Yoga_of_EatingTests.AILogicServiceTests test_calculateNextState_neutralScore_keepsNeutralMood]' started.
2026-05-15 06:37:19.858023+0530 Yoga of Eating[16581:133867] [[FirebaseCore]] 12.7.0 - [FirebaseCore][I-COR000003] The default Firebase app has not yet been configured. Add `FirebaseApp.configure()` to your application initialization. This can be done in in the App Delegate's application(_:didFinishLaunchingWithOptions:)` (or the `@main` struct's initializer in SwiftUI). Read more: https://firebase.google.com/docs/ios/setup#initialize_firebase_in_your_app
Test Case '-[Yoga_of_EatingTests.AILogicServiceTests test_calculateNextState_neutralScore_keepsNeutralMood]' passed (0.001 seconds).
Test Case '-[Yoga_of_EatingTests.AILogicServiceTests test_calculateNextState_unhealthyScore_growsSmiley]' started.
2026-05-15 06:37:19.858810+0530 Yoga of Eating[16581:133868] [[FirebaseCore]] 12.7.0 - [FirebaseCore][I-COR000003] The default Firebase app has not yet been configured. Add `FirebaseApp.configure()` to your application initialization. This can be done in in the App Delegate's application(_:didFinishLaunchingWithOptions:)` (or the `@main` struct's initializer in SwiftUI). Read more: https://firebase.google.com/docs/ios/setup#initialize_firebase_in_your_app
Test Case '-[Yoga_of_EatingTests.AILogicServiceTests test_calculateNextState_unhealthyScore_growsSmiley]' passed (0.001 seconds).
Test Case '-[Yoga_of_EatingTests.AILogicServiceTests test_getDetailedInsight_doesNotThrow_whenFunctionsNil]' started.
2026-05-15 06:37:19.859544+0530 Yoga of Eating[16581:133871] [[FirebaseCore]] 12.7.0 - [FirebaseCore][I-COR000003] The default Firebase app has not yet been configured. Add `FirebaseApp.configure()` to your application initialization. This can be done in in the App Delegate's application(_:didFinishLaunchingWithOptions:)` (or the `@main` struct's initializer in SwiftUI). Read more: https://firebase.google.com/docs/ios/setup#initialize_firebase_in_your_app
2026-05-15 06:37:19.859606+0530 Yoga of Eating[16581:133859] [AILogicService] Firebase Functions not available — returning fallback insight
Test Case '-[Yoga_of_EatingTests.AILogicServiceTests test_getDetailedInsight_doesNotThrow_whenFunctionsNil]' passed (0.001 seconds).
Test Case '-[Yoga_of_EatingTests.AILogicServiceTests test_getDetailedInsight_returnsFallback_whenFunctionsNil]' started.
2026-05-15 06:37:19.860661+0530 Yoga of Eating[16581:133866] [[FirebaseCore]] 12.7.0 - [FirebaseCore][I-COR000003] The default Firebase app has not yet been configured. Add `FirebaseApp.configure()` to your application initialization. This can be done in in the App Delegate's application(_:didFinishLaunchingWithOptions:)` (or the `@main` struct's initializer in SwiftUI). Read more: https://firebase.google.com/docs/ios/setup#initialize_firebase_in_your_app
2026-05-15 06:37:19.860688+0530 Yoga of Eating[16581:133859] [AILogicService] Firebase Functions not available — returning fallback insight
Test Case '-[Yoga_of_EatingTests.AILogicServiceTests test_getDetailedInsight_returnsFallback_whenFunctionsNil]' passed (0.001 seconds).
Test Case '-[Yoga_of_EatingTests.AILogicServiceTests test_smileyMood_init_isCaseInsensitive]' started.
2026-05-15 06:37:19.861590+0530 Yoga of Eating[16581:133867] [[FirebaseCore]] 12.7.0 - [FirebaseCore][I-COR000003] The default Firebase app has not yet been configured. Add `FirebaseApp.configure()` to your application initialization. This can be done in in the App Delegate's application(_:didFinishLaunchingWithOptions:)` (or the `@main` struct's initializer in SwiftUI). Read more: https://firebase.google.com/docs/ios/setup#initialize_firebase_in_your_app
Test Case '-[Yoga_of_EatingTests.AILogicServiceTests test_smileyMood_init_isCaseInsensitive]' passed (0.000 seconds).
Test Case '-[Yoga_of_EatingTests.AILogicServiceTests test_smileyMood_init_parsesNeutral]' started.
2026-05-15 06:37:19.862177+0530 Yoga of Eating[16581:133866] [[FirebaseCore]] 12.7.0 - [FirebaseCore][I-COR000003] The default Firebase app has not yet been configured. Add `FirebaseApp.configure()` to your application initialization. This can be done in in the App Delegate's application(_:didFinishLaunchingWithOptions:)` (or the `@main` struct's initializer in SwiftUI). Read more: https://firebase.google.com/docs/ios/setup#initialize_firebase_in_your_app
Test Case '-[Yoga_of_EatingTests.AILogicServiceTests test_smileyMood_init_parsesNeutral]' passed (0.000 seconds).
Test Case '-[Yoga_of_EatingTests.AILogicServiceTests test_smileyMood_init_parsesOverwhelmed]' started.
2026-05-15 06:37:19.862821+0530 Yoga of Eating[16581:133867] [[FirebaseCore]] 12.7.0 - [FirebaseCore][I-COR000003] The default Firebase app has not yet been configured. Add `FirebaseApp.configure()` to your application initialization. This can be done in in the App Delegate's application(_:didFinishLaunchingWithOptions:)` (or the `@main` struct's initializer in SwiftUI). Read more: https://firebase.google.com/docs/ios/setup#initialize_firebase_in_your_app
Test Case '-[Yoga_of_EatingTests.AILogicServiceTests test_smileyMood_init_parsesOverwhelmed]' passed (0.000 seconds).
Test Case '-[Yoga_of_EatingTests.AILogicServiceTests test_smileyMood_init_parsesSerene]' started.
2026-05-15 06:37:19.863384+0530 Yoga of Eating[16581:133866] [[FirebaseCore]] 12.7.0 - [FirebaseCore][I-COR000003] The default Firebase app has not yet been configured. Add `FirebaseApp.configure()` to your application initialization. This can be done in in the App Delegate's application(_:didFinishLaunchingWithOptions:)` (or the `@main` struct's initializer in SwiftUI). Read more: https://firebase.google.com/docs/ios/setup#initialize_firebase_in_your_app
Test Case '-[Yoga_of_EatingTests.AILogicServiceTests test_smileyMood_init_parsesSerene]' passed (0.000 seconds).
Test Case '-[Yoga_of_EatingTests.AILogicServiceTests test_smileyMood_init_returnsNil_forUnknownValue]' started.
2026-05-15 06:37:19.864063+0530 Yoga of Eating[16581:133867] [[FirebaseCore]] 12.7.0 - [FirebaseCore][I-COR000003] The default Firebase app has not yet been configured. Add `FirebaseApp.configure()` to your application initialization. This can be done in in the App Delegate's application(_:didFinishLaunchingWithOptions:)` (or the `@main` struct's initializer in SwiftUI). Read more: https://firebase.google.com/docs/ios/setup#initialize_firebase_in_your_app
Test Case '-[Yoga_of_EatingTests.AILogicServiceTests test_smileyMood_init_returnsNil_forUnknownValue]' passed (0.000 seconds).
Test Suite 'AILogicServiceTests' passed at 2026-05-15 06:37:19.864.
	 Executed 20 tests, with 0 failures (0 unexpected) in 0.019 (0.025) seconds
Test Suite 'AppErrorTests' started at 2026-05-15 06:37:19.864.
Test Case '-[Yoga_of_EatingTests.AppErrorTests test_allCases_haveNonNilFailureReason]' started.
Test Case '-[Yoga_of_EatingTests.AppErrorTests test_allCases_haveNonNilFailureReason]' passed (0.006 seconds).
Test Case '-[Yoga_of_EatingTests.AppErrorTests test_analysisTimeout_hasNonEmptyErrorDescription]' started.
Test Case '-[Yoga_of_EatingTests.AppErrorTests test_analysisTimeout_hasNonEmptyErrorDescription]' passed (0.001 seconds).
Test Case '-[Yoga_of_EatingTests.AppErrorTests test_analysisUnavailable_hasNonEmptyErrorDescription]' started.
Test Case '-[Yoga_of_EatingTests.AppErrorTests test_analysisUnavailable_hasNonEmptyErrorDescription]' passed (0.000 seconds).
Test Case '-[Yoga_of_EatingTests.AppErrorTests test_appError_conformsToLocalizedError]' started.
Test Case '-[Yoga_of_EatingTests.AppErrorTests test_appError_conformsToLocalizedError]' passed (0.000 seconds).
Test Case '-[Yoga_of_EatingTests.AppErrorTests test_authProviderFailed_hasNonEmptyErrorDescription]' started.
Test Case '-[Yoga_of_EatingTests.AppErrorTests test_authProviderFailed_hasNonEmptyErrorDescription]' passed (0.000 seconds).
Test Case '-[Yoga_of_EatingTests.AppErrorTests test_authRequired_errorDescriptionContainsNoInternalDetails]' started.
Test Case '-[Yoga_of_EatingTests.AppErrorTests test_authRequired_errorDescriptionContainsNoInternalDetails]' passed (0.000 seconds).
Test Case '-[Yoga_of_EatingTests.AppErrorTests test_authRequired_hasNonEmptyErrorDescription]' started.
Test Case '-[Yoga_of_EatingTests.AppErrorTests test_authRequired_hasNonEmptyErrorDescription]' passed (0.000 seconds).
Test Case '-[Yoga_of_EatingTests.AppErrorTests test_authRequired_isDistinctFromAnalysisUnavailable]' started.
Test Case '-[Yoga_of_EatingTests.AppErrorTests test_authRequired_isDistinctFromAnalysisUnavailable]' passed (0.000 seconds).
Test Case '-[Yoga_of_EatingTests.AppErrorTests test_authRequired_isDistinctFromSyncSerializationFailed]' started.
Test Case '-[Yoga_of_EatingTests.AppErrorTests test_authRequired_isDistinctFromSyncSerializationFailed]' passed (0.000 seconds).
Test Case '-[Yoga_of_EatingTests.AppErrorTests test_healthKitUnavailable_hasNonEmptyErrorDescription]' started.
Test Case '-[Yoga_of_EatingTests.AppErrorTests test_healthKitUnavailable_hasNonEmptyErrorDescription]' passed (0.000 seconds).
Test Case '-[Yoga_of_EatingTests.AppErrorTests test_sessionRestoreFailed_errorDescriptionContainsNoInternalDetails]' started.
Test Case '-[Yoga_of_EatingTests.AppErrorTests test_sessionRestoreFailed_errorDescriptionContainsNoInternalDetails]' passed (0.000 seconds).
Test Case '-[Yoga_of_EatingTests.AppErrorTests test_sessionRestoreFailed_hasNonEmptyErrorDescription]' started.
Test Case '-[Yoga_of_EatingTests.AppErrorTests test_sessionRestoreFailed_hasNonEmptyErrorDescription]' passed (0.000 seconds).
Test Case '-[Yoga_of_EatingTests.AppErrorTests test_syncAuthRequired_hasNonEmptyErrorDescription]' started.
Test Case '-[Yoga_of_EatingTests.AppErrorTests test_syncAuthRequired_hasNonEmptyErrorDescription]' passed (0.000 seconds).
Test Case '-[Yoga_of_EatingTests.AppErrorTests test_syncSerializationFailed_hasNonEmptyErrorDescription]' started.
Test Case '-[Yoga_of_EatingTests.AppErrorTests test_syncSerializationFailed_hasNonEmptyErrorDescription]' passed (0.000 seconds).
Test Case '-[Yoga_of_EatingTests.AppErrorTests test_syncUploadFailed_hasNonEmptyErrorDescription]' started.
Test Case '-[Yoga_of_EatingTests.AppErrorTests test_syncUploadFailed_hasNonEmptyErrorDescription]' passed (0.000 seconds).
Test Suite 'AppErrorTests' passed at 2026-05-15 06:37:19.879.
	 Executed 15 tests, with 0 failures (0 unexpected) in 0.012 (0.015) seconds
Test Suite 'ArchiveRegressionTests' started at 2026-05-15 06:37:19.879.
Test Case '-[Yoga_of_EatingTests.ArchiveRegressionTests test_archiveCurrentDay_allMealsAnalyzed_setsTotalCalories]' started.
Test Case '-[Yoga_of_EatingTests.ArchiveRegressionTests test_archiveCurrentDay_allMealsAnalyzed_setsTotalCalories]' passed (0.001 seconds).
Test Case '-[Yoga_of_EatingTests.ArchiveRegressionTests test_archiveCurrentDay_fastingDay_zeroCaloriesStored]' started.
Test Case '-[Yoga_of_EatingTests.ArchiveRegressionTests test_archiveCurrentDay_fastingDay_zeroCaloriesStored]' passed (0.000 seconds).
Test Case '-[Yoga_of_EatingTests.ArchiveRegressionTests test_archiveCurrentDay_multipleRearchives_neverDropsUserData]' started.
Test Case '-[Yoga_of_EatingTests.ArchiveRegressionTests test_archiveCurrentDay_multipleRearchives_neverDropsUserData]' passed (0.000 seconds).
Test Case '-[Yoga_of_EatingTests.ArchiveRegressionTests test_archiveCurrentDay_noAICalories_doesNotOverwriteExistingTotal]' started.
Test Case '-[Yoga_of_EatingTests.ArchiveRegressionTests test_archiveCurrentDay_noAICalories_doesNotOverwriteExistingTotal]' passed (0.000 seconds).
Test Case '-[Yoga_of_EatingTests.ArchiveRegressionTests test_archiveCurrentDay_preservesEveningMindCheck]' started.
Test Case '-[Yoga_of_EatingTests.ArchiveRegressionTests test_archiveCurrentDay_preservesEveningMindCheck]' passed (0.014 seconds).
Test Case '-[Yoga_of_EatingTests.ArchiveRegressionTests test_archiveCurrentDay_preservesExistingReflection]' started.
Test Case '-[Yoga_of_EatingTests.ArchiveRegressionTests test_archiveCurrentDay_preservesExistingReflection]' passed (0.000 seconds).
Test Case '-[Yoga_of_EatingTests.ArchiveRegressionTests test_archiveCurrentDay_preservesHighlightData]' started.
Test Case '-[Yoga_of_EatingTests.ArchiveRegressionTests test_archiveCurrentDay_preservesHighlightData]' passed (0.000 seconds).
Test Case '-[Yoga_of_EatingTests.ArchiveRegressionTests test_archiveCurrentDay_preservesMorningMindCheck]' started.
Test Case '-[Yoga_of_EatingTests.ArchiveRegressionTests test_archiveCurrentDay_preservesMorningMindCheck]' passed (0.000 seconds).
Test Case '-[Yoga_of_EatingTests.ArchiveRegressionTests test_archiveCurrentDay_preservesReflectData]' started.
Test Case '-[Yoga_of_EatingTests.ArchiveRegressionTests test_archiveCurrentDay_preservesReflectData]' passed (0.000 seconds).
Test Case '-[Yoga_of_EatingTests.ArchiveRegressionTests test_archiveCurrentDay_someAICalories_storesPartialSumWithFlag]' started.
Test Case '-[Yoga_of_EatingTests.ArchiveRegressionTests test_archiveCurrentDay_someAICalories_storesPartialSumWithFlag]' passed (0.000 seconds).
Test Suite 'ArchiveRegressionTests' passed at 2026-05-15 06:37:19.899.
	 Executed 10 tests, with 0 failures (0 unexpected) in 0.018 (0.020) seconds
Test Suite 'AuthAwareRestoreTests' started at 2026-05-15 06:37:19.899.
Test Case '-[Yoga_of_EatingTests.AuthAwareRestoreTests test_loadData_updatesLastSignedInUID_afterSuccessfulLoad]' started.
2026-05-15 06:37:19.900319+0530 Yoga of Eating[16581:133871] [[FirebaseCore]] 12.7.0 - [FirebaseCore][I-COR000003] The default Firebase app has not yet been configured. Add `FirebaseApp.configure()` to your application initialization. This can be done in in the App Delegate's application(_:didFinishLaunchingWithOptions:)` (or the `@main` struct's initializer in SwiftUI). Read more: https://firebase.google.com/docs/ios/setup#initialize_firebase_in_your_app
2026-05-15 06:37:19.900429+0530 Yoga of Eating[16581:133871] [[FirebaseCore]] 12.7.0 - [FirebaseCore][I-COR000003] The default Firebase app has not yet been configured. Add `FirebaseApp.configure()` to your application initialization. This can be done in in the App Delegate's application(_:didFinishLaunchingWithOptions:)` (or the `@main` struct's initializer in SwiftUI). Read more: https://firebase.google.com/docs/ios/setup#initialize_firebase_in_your_app
Test Case '-[Yoga_of_EatingTests.AuthAwareRestoreTests test_loadData_updatesLastSignedInUID_afterSuccessfulLoad]' passed (0.011 seconds).
Test Case '-[Yoga_of_EatingTests.AuthAwareRestoreTests test_loadData_whenNoPersistenceFile_andSignedIn_triggersCloudRestore]' started.
2026-05-15 06:37:19.911091+0530 Yoga of Eating[16581:133871] [[FirebaseCore]] 12.7.0 - [FirebaseCore][I-COR000003] The default Firebase app has not yet been configured. Add `FirebaseApp.configure()` to your application initialization. This can be done in in the App Delegate's application(_:didFinishLaunchingWithOptions:)` (or the `@main` struct's initializer in SwiftUI). Read more: https://firebase.google.com/docs/ios/setup#initialize_firebase_in_your_app
2026-05-15 06:37:19.911202+0530 Yoga of Eating[16581:133871] [[FirebaseCore]] 12.7.0 - [FirebaseCore][I-COR000003] The default Firebase app has not yet been configured. Add `FirebaseApp.configure()` to your application initialization. This can be done in in the App Delegate's application(_:didFinishLaunchingWithOptions:)` (or the `@main` struct's initializer in SwiftUI). Read more: https://firebase.google.com/docs/ios/setup#initialize_firebase_in_your_app
2026-05-15 06:37:19.912588+0530 Yoga of Eating[16581:133869] [ActivityData] Energy query failed: Authorization not determined
2026-05-15 06:37:19.912888+0530 Yoga of Eating[16581:133867] [ActivityData] Energy query failed: Authorization not determined
2026-05-15 06:37:19.912952+0530 Yoga of Eating[16581:133859] [MainViewModel.Lifecycle] Activity data refreshed
Test Case '-[Yoga_of_EatingTests.AuthAwareRestoreTests test_loadData_whenNoPersistenceFile_andSignedIn_triggersCloudRestore]' passed (0.207 seconds).
Test Case '-[Yoga_of_EatingTests.AuthAwareRestoreTests test_loadData_whenUIDDiffers_clearsHistoricalDataBeforeRestore]' started.
2026-05-15 06:37:20.120069+0530 Yoga of Eating[16581:133866] [[FirebaseCore]] 12.7.0 - [FirebaseCore][I-COR000003] The default Firebase app has not yet been configured. Add `FirebaseApp.configure()` to your application initialization. This can be done in in the App Delegate's application(_:didFinishLaunchingWithOptions:)` (or the `@main` struct's initializer in SwiftUI). Read more: https://firebase.google.com/docs/ios/setup#initialize_firebase_in_your_app
2026-05-15 06:37:20.120214+0530 Yoga of Eating[16581:133866] [[FirebaseCore]] 12.7.0 - [FirebaseCore][I-COR000003] The default Firebase app has not yet been configured. Add `FirebaseApp.configure()` to your application initialization. This can be done in in the App Delegate's application(_:didFinishLaunchingWithOptions:)` (or the `@main` struct's initializer in SwiftUI). Read more: https://firebase.google.com/docs/ios/setup#initialize_firebase_in_your_app
Test Case '-[Yoga_of_EatingTests.AuthAwareRestoreTests test_loadData_whenUIDDiffers_clearsHistoricalDataBeforeRestore]' passed (0.209 seconds).
Test Case '-[Yoga_of_EatingTests.AuthAwareRestoreTests test_loadData_whenUIDDiffers_triggersCloudRestoreForNewAccount]' started.
2026-05-15 06:37:20.329103+0530 Yoga of Eating[16581:133866] [[FirebaseCore]] 12.7.0 - [FirebaseCore][I-COR000003] The default Firebase app has not yet been configured. Add `FirebaseApp.configure()` to your application initialization. This can be done in in the App Delegate's application(_:didFinishLaunchingWithOptions:)` (or the `@main` struct's initializer in SwiftUI). Read more: https://firebase.google.com/docs/ios/setup#initialize_firebase_in_your_app
2026-05-15 06:37:20.329256+0530 Yoga of Eating[16581:133866] [[FirebaseCore]] 12.7.0 - [FirebaseCore][I-COR000003] The default Firebase app has not yet been configured. Add `FirebaseApp.configure()` to your application initialization. This can be done in in the App Delegate's application(_:didFinishLaunchingWithOptions:)` (or the `@main` struct's initializer in SwiftUI). Read more: https://firebase.google.com/docs/ios/setup#initialize_firebase_in_your_app
Test Case '-[Yoga_of_EatingTests.AuthAwareRestoreTests test_loadData_whenUIDDiffers_triggersCloudRestoreForNewAccount]' passed (0.210 seconds).
Test Case '-[Yoga_of_EatingTests.AuthAwareRestoreTests test_loadData_whenUIDSame_doesNotClearData]' started.
2026-05-15 06:37:20.539249+0530 Yoga of Eating[16581:133869] [[FirebaseCore]] 12.7.0 - [FirebaseCore][I-COR000003] The default Firebase app has not yet been configured. Add `FirebaseApp.configure()` to your application initialization. This can be done in in the App Delegate's application(_:didFinishLaunchingWithOptions:)` (or the `@main` struct's initializer in SwiftUI). Read more: https://firebase.google.com/docs/ios/setup#initialize_firebase_in_your_app
2026-05-15 06:37:20.539393+0530 Yoga of Eating[16581:133869] [[FirebaseCore]] 12.7.0 - [FirebaseCore][I-COR000003] The default Firebase app has not yet been configured. Add `FirebaseApp.configure()` to your application initialization. This can be done in in the App Delegate's application(_:didFinishLaunchingWithOptions:)` (or the `@main` struct's initializer in SwiftUI). Read more: https://firebase.google.com/docs/ios/setup#initialize_firebase_in_your_app
Test Case '-[Yoga_of_EatingTests.AuthAwareRestoreTests test_loadData_whenUIDSame_doesNotClearData]' passed (0.005 seconds).
Test Case '-[Yoga_of_EatingTests.AuthAwareRestoreTests test_loadData_whenUIDSame_doesNotTriggerCloudRestore]' started.
2026-05-15 06:37:20.544792+0530 Yoga of Eating[16581:133871] [[FirebaseCore]] 12.7.0 - [FirebaseCore][I-COR000003] The default Firebase app has not yet been configured. Add `FirebaseApp.configure()` to your application initialization. This can be done in in the App Delegate's application(_:didFinishLaunchingWithOptions:)` (or the `@main` struct's initializer in SwiftUI). Read more: https://firebase.google.com/docs/ios/setup#initialize_firebase_in_your_app
2026-05-15 06:37:20.544943+0530 Yoga of Eating[16581:133871] [[FirebaseCore]] 12.7.0 - [FirebaseCore][I-COR000003] The default Firebase app has not yet been configured. Add `FirebaseApp.configure()` to your application initialization. This can be done in in the App Delegate's application(_:didFinishLaunchingWithOptions:)` (or the `@main` struct's initializer in SwiftUI). Read more: https://firebase.google.com/docs/ios/setup#initialize_firebase_in_your_app
Test Case '-[Yoga_of_EatingTests.AuthAwareRestoreTests test_loadData_whenUIDSame_doesNotTriggerCloudRestore]' passed (0.006 seconds).
Test Case '-[Yoga_of_EatingTests.AuthAwareRestoreTests test_triggerCloudRestore_updatesLastSignedInUID_afterSuccessfulRestore]' started.
2026-05-15 06:37:20.550244+0530 Yoga of Eating[16581:133869] [[FirebaseCore]] 12.7.0 - [FirebaseCore][I-COR000003] The default Firebase app has not yet been configured. Add `FirebaseApp.configure()` to your application initialization. This can be done in in the App Delegate's application(_:didFinishLaunchingWithOptions:)` (or the `@main` struct's initializer in SwiftUI). Read more: https://firebase.google.com/docs/ios/setup#initialize_firebase_in_your_app
2026-05-15 06:37:20.550394+0530 Yoga of Eating[16581:133869] [[FirebaseCore]] 12.7.0 - [FirebaseCore][I-COR000003] The default Firebase app has not yet been configured. Add `FirebaseApp.configure()` to your application initialization. This can be done in in the App Delegate's application(_:didFinishLaunchingWithOptions:)` (or the `@main` struct's initializer in SwiftUI). Read more: https://firebase.google.com/docs/ios/setup#initialize_firebase_in_your_app
2026-05-15 06:37:20.553627+0530 Yoga of Eating[16581:133866] [ActivityData] Energy query failed: Authorization not determined
2026-05-15 06:37:20.554700+0530 Yoga of Eating[16581:133869] [ActivityData] Energy query failed: Authorization not determined
2026-05-15 06:37:20.554892+0530 Yoga of Eating[16581:133859] [MainViewModel.Lifecycle] Activity data refreshed
Test Case '-[Yoga_of_EatingTests.AuthAwareRestoreTests test_triggerCloudRestore_updatesLastSignedInUID_afterSuccessfulRestore]' passed (0.212 seconds).
Test Suite 'AuthAwareRestoreTests' passed at 2026-05-15 06:37:20.762.
	 Executed 7 tests, with 0 failures (0 unexpected) in 0.859 (0.863) seconds
Test Suite 'AuthServiceTests' started at 2026-05-15 06:37:20.762.
Test Case '-[Yoga_of_EatingTests.AuthServiceTests test_authStateChangeListener_updatesCurrentUser]' started.
Test Case '-[Yoga_of_EatingTests.AuthServiceTests test_authStateChangeListener_updatesCurrentUser]' passed (0.001 seconds).
Test Case '-[Yoga_of_EatingTests.AuthServiceTests test_initialization_restoresPreviousSession]' started.
2026-05-15 06:37:20.765496+0530 Yoga of Eating[16581:133859] [Auth] Previous session restored successfully
2026-05-15 06:37:20.765676+0530 Yoga of Eating[16581:133859] [Auth] Previous session restored successfully
2026-05-15 06:37:20.765821+0530 Yoga of Eating[16581:133859] [Auth] Previous session restored successfully
Test Case '-[Yoga_of_EatingTests.AuthServiceTests test_initialization_restoresPreviousSession]' passed (0.056 seconds).
Test Case '-[Yoga_of_EatingTests.AuthServiceTests test_initialState_reflectsProviderUser]' started.
Test Case '-[Yoga_of_EatingTests.AuthServiceTests test_initialState_reflectsProviderUser]' passed (0.001 seconds).
Test Case '-[Yoga_of_EatingTests.AuthServiceTests test_signInWithGoogle_updatesCurrentUser]' started.
2026-05-15 06:37:20.823366+0530 Yoga of Eating[16581:133859] [Auth] Previous session restored successfully
2026-05-15 06:37:20.823553+0530 Yoga of Eating[16581:133859] [Auth] Previous session restored successfully
2026-05-15 06:37:20.823631+0530 Yoga of Eating[16581:133859] [Auth] Previous session restored successfully
Test Case '-[Yoga_of_EatingTests.AuthServiceTests test_signInWithGoogle_updatesCurrentUser]' passed (0.022 seconds).
Test Case '-[Yoga_of_EatingTests.AuthServiceTests test_signOut_clearsCurrentUser]' started.
Test Case '-[Yoga_of_EatingTests.AuthServiceTests test_signOut_clearsCurrentUser]' passed (0.001 seconds).
Test Suite 'AuthServiceTests' passed at 2026-05-15 06:37:20.846.
	 Executed 5 tests, with 0 failures (0 unexpected) in 0.081 (0.084) seconds
Test Suite 'AutoSyncTests' started at 2026-05-15 06:37:20.846.
Test Case '-[Yoga_of_EatingTests.AutoSyncTests test_deleteAllData_thenLoadData_doesNotTriggerCloudRestore]' started.
2026-05-15 06:37:20.847473+0530 Yoga of Eating[16581:133859] [Auth] Previous session restored successfully
2026-05-15 06:37:20.847656+0530 Yoga of Eating[16581:133867] [[FirebaseCore]] 12.7.0 - [FirebaseCore][I-COR000003] The default Firebase app has not yet been configured. Add `FirebaseApp.configure()` to your application initialization. This can be done in in the App Delegate's application(_:didFinishLaunchingWithOptions:)` (or the `@main` struct's initializer in SwiftUI). Read more: https://firebase.google.com/docs/ios/setup#initialize_firebase_in_your_app
2026-05-15 06:37:20.847815+0530 Yoga of Eating[16581:133867] [[FirebaseCore]] 12.7.0 - [FirebaseCore][I-COR000003] The default Firebase app has not yet been configured. Add `FirebaseApp.configure()` to your application initialization. This can be done in in the App Delegate's application(_:didFinishLaunchingWithOptions:)` (or the `@main` struct's initializer in SwiftUI). Read more: https://firebase.google.com/docs/ios/setup#initialize_firebase_in_your_app
Test Case '-[Yoga_of_EatingTests.AutoSyncTests test_deleteAllData_thenLoadData_doesNotTriggerCloudRestore]' passed (0.008 seconds).
Test Case '-[Yoga_of_EatingTests.AutoSyncTests test_loadData_whenLocalFileExists_doesNotTriggerCloudRestore]' started.
2026-05-15 06:37:20.855641+0530 Yoga of Eating[16581:133867] [[FirebaseCore]] 12.7.0 - [FirebaseCore][I-COR000003] The default Firebase app has not yet been configured. Add `FirebaseApp.configure()` to your application initialization. This can be done in in the App Delegate's application(_:didFinishLaunchingWithOptions:)` (or the `@main` struct's initializer in SwiftUI). Read more: https://firebase.google.com/docs/ios/setup#initialize_firebase_in_your_app
2026-05-15 06:37:20.855795+0530 Yoga of Eating[16581:133867] [[FirebaseCore]] 12.7.0 - [FirebaseCore][I-COR000003] The default Firebase app has not yet been configured. Add `FirebaseApp.configure()` to your application initialization. This can be done in in the App Delegate's application(_:didFinishLaunchingWithOptions:)` (or the `@main` struct's initializer in SwiftUI). Read more: https://firebase.google.com/docs/ios/setup#initialize_firebase_in_your_app
2026-05-15 06:37:20.859830+0530 Yoga of Eating[16581:133866] [ActivityData] Energy query failed: Authorization not determined
2026-05-15 06:37:20.860013+0530 Yoga of Eating[16581:133866] [ActivityData] Energy query failed: Authorization not determined
2026-05-15 06:37:20.860127+0530 Yoga of Eating[16581:133859] [MainViewModel.Lifecycle] Activity data refreshed
Test Case '-[Yoga_of_EatingTests.AutoSyncTests test_loadData_whenLocalFileExists_doesNotTriggerCloudRestore]' passed (0.213 seconds).
Test Case '-[Yoga_of_EatingTests.AutoSyncTests test_loadData_whenNoPersistenceFile_triggersCloudRestore]' started.
2026-05-15 06:37:21.069315+0530 Yoga of Eating[16581:133866] [[FirebaseCore]] 12.7.0 - [FirebaseCore][I-COR000003] The default Firebase app has not yet been configured. Add `FirebaseApp.configure()` to your application initialization. This can be done in in the App Delegate's application(_:didFinishLaunchingWithOptions:)` (or the `@main` struct's initializer in SwiftUI). Read more: https://firebase.google.com/docs/ios/setup#initialize_firebase_in_your_app
2026-05-15 06:37:21.069569+0530 Yoga of Eating[16581:133866] [[FirebaseCore]] 12.7.0 - [FirebaseCore][I-COR000003] The default Firebase app has not yet been configured. Add `FirebaseApp.configure()` to your application initialization. This can be done in in the App Delegate's application(_:didFinishLaunchingWithOptions:)` (or the `@main` struct's initializer in SwiftUI). Read more: https://firebase.google.com/docs/ios/setup#initialize_firebase_in_your_app
2026-05-15 06:37:21.073976+0530 Yoga of Eating[16581:133866] [ActivityData] Energy query failed: Authorization not determined
2026-05-15 06:37:21.074292+0530 Yoga of Eating[16581:133871] [ActivityData] Energy query failed: Authorization not determined
2026-05-15 06:37:21.074485+0530 Yoga of Eating[16581:133859] [MainViewModel.Lifecycle] Activity data refreshed
Test Case '-[Yoga_of_EatingTests.AutoSyncTests test_loadData_whenNoPersistenceFile_triggersCloudRestore]' passed (0.210 seconds).
Test Case '-[Yoga_of_EatingTests.AutoSyncTests test_resetDay_mealsAreClearedSynchronously_independentOfSync]' started.
2026-05-15 06:37:21.279499+0530 Yoga of Eating[16581:133871] [[FirebaseCore]] 12.7.0 - [FirebaseCore][I-COR000003] The default Firebase app has not yet been configured. Add `FirebaseApp.configure()` to your application initialization. This can be done in in the App Delegate's application(_:didFinishLaunchingWithOptions:)` (or the `@main` struct's initializer in SwiftUI). Read more: https://firebase.google.com/docs/ios/setup#initialize_firebase_in_your_app
2026-05-15 06:37:21.279671+0530 Yoga of Eating[16581:133871] [[FirebaseCore]] 12.7.0 - [FirebaseCore][I-COR000003] The default Firebase app has not yet been configured. Add `FirebaseApp.configure()` to your application initialization. This can be done in in the App Delegate's application(_:didFinishLaunchingWithOptions:)` (or the `@main` struct's initializer in SwiftUI). Read more: https://firebase.google.com/docs/ios/setup#initialize_firebase_in_your_app
Test Case '-[Yoga_of_EatingTests.AutoSyncTests test_resetDay_mealsAreClearedSynchronously_independentOfSync]' passed (0.003 seconds).
Test Case '-[Yoga_of_EatingTests.AutoSyncTests test_resetDay_syncCalledOncePerReset]' started.
2026-05-15 06:37:21.283142+0530 Yoga of Eating[16581:133869] [[FirebaseCore]] 12.7.0 - [FirebaseCore][I-COR000003] The default Firebase app has not yet been configured. Add `FirebaseApp.configure()` to your application initialization. This can be done in in the App Delegate's application(_:didFinishLaunchingWithOptions:)` (or the `@main` struct's initializer in SwiftUI). Read more: https://firebase.google.com/docs/ios/setup#initialize_firebase_in_your_app
2026-05-15 06:37:21.283306+0530 Yoga of Eating[16581:133869] [[FirebaseCore]] 12.7.0 - [FirebaseCore][I-COR000003] The default Firebase app has not yet been configured. Add `FirebaseApp.configure()` to your application initialization. This can be done in in the App Delegate's application(_:didFinishLaunchingWithOptions:)` (or the `@main` struct's initializer in SwiftUI). Read more: https://firebase.google.com/docs/ios/setup#initialize_firebase_in_your_app
Test Case '-[Yoga_of_EatingTests.AutoSyncTests test_resetDay_syncCalledOncePerReset]' passed (0.205 seconds).
Test Case '-[Yoga_of_EatingTests.AutoSyncTests test_resetDay_syncFailureIsIgnored_appDoesNotCrash]' started.
2026-05-15 06:37:21.488907+0530 Yoga of Eating[16581:133866] [[FirebaseCore]] 12.7.0 - [FirebaseCore][I-COR000003] The default Firebase app has not yet been configured. Add `FirebaseApp.configure()` to your application initialization. This can be done in in the App Delegate's application(_:didFinishLaunchingWithOptions:)` (or the `@main` struct's initializer in SwiftUI). Read more: https://firebase.google.com/docs/ios/setup#initialize_firebase_in_your_app
2026-05-15 06:37:21.489044+0530 Yoga of Eating[16581:133866] [[FirebaseCore]] 12.7.0 - [FirebaseCore][I-COR000003] The default Firebase app has not yet been configured. Add `FirebaseApp.configure()` to your application initialization. This can be done in in the App Delegate's application(_:didFinishLaunchingWithOptions:)` (or the `@main` struct's initializer in SwiftUI). Read more: https://firebase.google.com/docs/ios/setup#initialize_firebase_in_your_app
Test Case '-[Yoga_of_EatingTests.AutoSyncTests test_resetDay_syncFailureIsIgnored_appDoesNotCrash]' passed (0.207 seconds).
Test Case '-[Yoga_of_EatingTests.AutoSyncTests test_resetDay_triggersFirebaseSync]' started.
2026-05-15 06:37:21.695772+0530 Yoga of Eating[16581:133871] [[FirebaseCore]] 12.7.0 - [FirebaseCore][I-COR000003] The default Firebase app has not yet been configured. Add `FirebaseApp.configure()` to your application initialization. This can be done in in the App Delegate's application(_:didFinishLaunchingWithOptions:)` (or the `@main` struct's initializer in SwiftUI). Read more: https://firebase.google.com/docs/ios/setup#initialize_firebase_in_your_app
2026-05-15 06:37:21.695941+0530 Yoga of Eating[16581:133871] [[FirebaseCore]] 12.7.0 - [FirebaseCore][I-COR000003] The default Firebase app has not yet been configured. Add `FirebaseApp.configure()` to your application initialization. This can be done in in the App Delegate's application(_:didFinishLaunchingWithOptions:)` (or the `@main` struct's initializer in SwiftUI). Read more: https://firebase.google.com/docs/ios/setup#initialize_firebase_in_your_app
Test Case '-[Yoga_of_EatingTests.AutoSyncTests test_resetDay_triggersFirebaseSync]' passed (0.208 seconds).
Test Suite 'AutoSyncTests' passed at 2026-05-15 06:37:21.903.
	 Executed 7 tests, with 0 failures (0 unexpected) in 1.053 (1.057) seconds
Test Suite 'BlankTextRegressionTests' started at 2026-05-15 06:37:21.904.
Test Case '-[Yoga_of_EatingTests.BlankTextRegressionTests test_concurrentMealUpdates_eachMealRetainsItsOwnItems]' started.
2026-05-15 06:37:21.905089+0530 Yoga of Eating[16581:133869] [[FirebaseCore]] 12.7.0 - [FirebaseCore][I-COR000003] The default Firebase app has not yet been configured. Add `FirebaseApp.configure()` to your application initialization. This can be done in in the App Delegate's application(_:didFinishLaunchingWithOptions:)` (or the `@main` struct's initializer in SwiftUI). Read more: https://firebase.google.com/docs/ios/setup#initialize_firebase_in_your_app
Test Case '-[Yoga_of_EatingTests.BlankTextRegressionTests test_concurrentMealUpdates_eachMealRetainsItsOwnItems]' passed (0.210 seconds).
Test Case '-[Yoga_of_EatingTests.BlankTextRegressionTests test_isFocused_remainsUnaffected_duringConcurrentMealUpdates]' started.
2026-05-15 06:37:22.115800+0530 Yoga of Eating[16581:133866] [[FirebaseCore]] 12.7.0 - [FirebaseCore][I-COR000003] The default Firebase app has not yet been configured. Add `FirebaseApp.configure()` to your application initialization. This can be done in in the App Delegate's application(_:didFinishLaunchingWithOptions:)` (or the `@main` struct's initializer in SwiftUI). Read more: https://firebase.google.com/docs/ios/setup#initialize_firebase_in_your_app
2026-05-15 06:37:22.116445+0530 Yoga of Eating[16581:133859] [AIAnalysisCoordinator] AI analysis failed (meal redacted for privacy)
Test Case '-[Yoga_of_EatingTests.BlankTextRegressionTests test_isFocused_remainsUnaffected_duringConcurrentMealUpdates]' passed (0.206 seconds).
Test Case '-[Yoga_of_EatingTests.BlankTextRegressionTests test_submission_aiAnalysisCompletion_doesNotClearMealItems]' started.
2026-05-15 06:37:22.322478+0530 Yoga of Eating[16581:133866] [[FirebaseCore]] 12.7.0 - [FirebaseCore][I-COR000003] The default Firebase app has not yet been configured. Add `FirebaseApp.configure()` to your application initialization. This can be done in in the App Delegate's application(_:didFinishLaunchingWithOptions:)` (or the `@main` struct's initializer in SwiftUI). Read more: https://firebase.google.com/docs/ios/setup#initialize_firebase_in_your_app
Test Case '-[Yoga_of_EatingTests.BlankTextRegressionTests test_submission_aiAnalysisCompletion_doesNotClearMealItems]' passed (0.105 seconds).
Test Case '-[Yoga_of_EatingTests.BlankTextRegressionTests test_submission_aiCompletion_itemsRetainSubmittedValue]' started.
2026-05-15 06:37:22.428298+0530 Yoga of Eating[16581:133866] [[FirebaseCore]] 12.7.0 - [FirebaseCore][I-COR000003] The default Firebase app has not yet been configured. Add `FirebaseApp.configure()` to your application initialization. This can be done in in the App Delegate's application(_:didFinishLaunchingWithOptions:)` (or the `@main` struct's initializer in SwiftUI). Read more: https://firebase.google.com/docs/ios/setup#initialize_firebase_in_your_app
Test Case '-[Yoga_of_EatingTests.BlankTextRegressionTests test_submission_aiCompletion_itemsRetainSubmittedValue]' passed (0.105 seconds).
Test Suite 'BlankTextRegressionTests' passed at 2026-05-15 06:37:22.533.
	 Executed 4 tests, with 0 failures (0 unexpected) in 0.627 (0.629) seconds
Test Suite 'BriefingCardEnrichmentTests' started at 2026-05-15 06:37:22.533.
Test Case '-[Yoga_of_EatingTests.BriefingCardEnrichmentTests test_briefingWeakDimensions_atMostTwoDimensions]' started.
2026-05-15 06:37:22.534324+0530 Yoga of Eating[16581:133869] [[FirebaseCore]] 12.7.0 - [FirebaseCore][I-COR000003] The default Firebase app has not yet been configured. Add `FirebaseApp.configure()` to your application initialization. This can be done in in the App Delegate's application(_:didFinishLaunchingWithOptions:)` (or the `@main` struct's initializer in SwiftUI). Read more: https://firebase.google.com/docs/ios/setup#initialize_firebase_in_your_app
Test Case '-[Yoga_of_EatingTests.BriefingCardEnrichmentTests test_briefingWeakDimensions_atMostTwoDimensions]' passed (0.002 seconds).
Test Case '-[Yoga_of_EatingTests.BriefingCardEnrichmentTests test_briefingWeakDimensions_isEmptyWhenViewingPastDay]' started.
2026-05-15 06:37:22.536135+0530 Yoga of Eating[16581:133869] [[FirebaseCore]] 12.7.0 - [FirebaseCore][I-COR000003] The default Firebase app has not yet been configured. Add `FirebaseApp.configure()` to your application initialization. This can be done in in the App Delegate's application(_:didFinishLaunchingWithOptions:)` (or the `@main` struct's initializer in SwiftUI). Read more: https://firebase.google.com/docs/ios/setup#initialize_firebase_in_your_app
Test Case '-[Yoga_of_EatingTests.BriefingCardEnrichmentTests test_briefingWeakDimensions_isEmptyWhenViewingPastDay]' passed (0.001 seconds).
Test Case '-[Yoga_of_EatingTests.BriefingCardEnrichmentTests test_briefingWeakDimensions_isEmptyWithNoMeals]' started.
2026-05-15 06:37:22.537529+0530 Yoga of Eating[16581:133866] [[FirebaseCore]] 12.7.0 - [FirebaseCore][I-COR000003] The default Firebase app has not yet been configured. Add `FirebaseApp.configure()` to your application initialization. This can be done in in the App Delegate's application(_:didFinishLaunchingWithOptions:)` (or the `@main` struct's initializer in SwiftUI). Read more: https://firebase.google.com/docs/ios/setup#initialize_firebase_in_your_app
Test Case '-[Yoga_of_EatingTests.BriefingCardEnrichmentTests test_briefingWeakDimensions_isEmptyWithNoMeals]' passed (0.001 seconds).
Test Case '-[Yoga_of_EatingTests.BriefingCardEnrichmentTests test_briefingWeakDimensions_matchesWeakDimsFromBreakdownContract]' started.
2026-05-15 06:37:22.538912+0530 Yoga of Eating[16581:133871] [[FirebaseCore]] 12.7.0 - [FirebaseCore][I-COR000003] The default Firebase app has not yet been configured. Add `FirebaseApp.configure()` to your application initialization. This can be done in in the App Delegate's application(_:didFinishLaunchingWithOptions:)` (or the `@main` struct's initializer in SwiftUI). Read more: https://firebase.google.com/docs/ios/setup#initialize_firebase_in_your_app
Test Case '-[Yoga_of_EatingTests.BriefingCardEnrichmentTests test_briefingWeakDimensions_matchesWeakDimsFromBreakdownContract]' passed (0.001 seconds).
Test Case '-[Yoga_of_EatingTests.BriefingCardEnrichmentTests test_morningBriefingCard_acceptsWeakDimensions]' started.
2026-05-15 06:37:22.540542+0530 Yoga of Eating[16581:133869] [[FirebaseCore]] 12.7.0 - [FirebaseCore][I-COR000003] The default Firebase app has not yet been configured. Add `FirebaseApp.configure()` to your application initialization. This can be done in in the App Delegate's application(_:didFinishLaunchingWithOptions:)` (or the `@main` struct's initializer in SwiftUI). Read more: https://firebase.google.com/docs/ios/setup#initialize_firebase_in_your_app
Test Case '-[Yoga_of_EatingTests.BriefingCardEnrichmentTests test_morningBriefingCard_acceptsWeakDimensions]' passed (0.026 seconds).
Test Case '-[Yoga_of_EatingTests.BriefingCardEnrichmentTests test_morningBriefingCard_defaultWeakDimensionsIsEmpty]' started.
2026-05-15 06:37:22.566593+0530 Yoga of Eating[16581:133869] [[FirebaseCore]] 12.7.0 - [FirebaseCore][I-COR000003] The default Firebase app has not yet been configured. Add `FirebaseApp.configure()` to your application initialization. This can be done in in the App Delegate's application(_:didFinishLaunchingWithOptions:)` (or the `@main` struct's initializer in SwiftUI). Read more: https://firebase.google.com/docs/ios/setup#initialize_firebase_in_your_app
Test Case '-[Yoga_of_EatingTests.BriefingCardEnrichmentTests test_morningBriefingCard_defaultWeakDimensionsIsEmpty]' passed (0.001 seconds).
Test Case '-[Yoga_of_EatingTests.BriefingCardEnrichmentTests test_wellbeingBreakdownContract_noDuplicateWeakDimensions]' started.
2026-05-15 06:37:22.567676+0530 Yoga of Eating[16581:133871] [[FirebaseCore]] 12.7.0 - [FirebaseCore][I-COR000003] The default Firebase app has not yet been configured. Add `FirebaseApp.configure()` to your application initialization. This can be done in in the App Delegate's application(_:didFinishLaunchingWithOptions:)` (or the `@main` struct's initializer in SwiftUI). Read more: https://firebase.google.com/docs/ios/setup#initialize_firebase_in_your_app
Test Case '-[Yoga_of_EatingTests.BriefingCardEnrichmentTests test_wellbeingBreakdownContract_noDuplicateWeakDimensions]' passed (0.001 seconds).
Test Case '-[Yoga_of_EatingTests.BriefingCardEnrichmentTests test_wellbeingBreakdownContract_weakDimensionLabelsMatchDimensions]' started.
2026-05-15 06:37:22.568977+0530 Yoga of Eating[16581:133866] [[FirebaseCore]] 12.7.0 - [FirebaseCore][I-COR000003] The default Firebase app has not yet been configured. Add `FirebaseApp.configure()` to your application initialization. This can be done in in the App Delegate's application(_:didFinishLaunchingWithOptions:)` (or the `@main` struct's initializer in SwiftUI). Read more: https://firebase.google.com/docs/ios/setup#initialize_firebase_in_your_app
Test Case '-[Yoga_of_EatingTests.BriefingCardEnrichmentTests test_wellbeingBreakdownContract_weakDimensionLabelsMatchDimensions]' passed (0.001 seconds).
Test Suite 'BriefingCardEnrichmentTests' passed at 2026-05-15 06:37:22.569.
	 Executed 8 tests, with 0 failures (0 unexpected) in 0.033 (0.036) seconds
Test Suite 'BriefingGenerationTests' started at 2026-05-15 06:37:22.570.
Test Case '-[Yoga_of_EatingTests.BriefingGenerationTests test_generateBriefing_cardsClamped_0to1]' started.
2026-05-15 06:37:22.570439+0530 Yoga of Eating[16581:133871] [[FirebaseCore]] 12.7.0 - [FirebaseCore][I-COR000003] The default Firebase app has not yet been configured. Add `FirebaseApp.configure()` to your application initialization. This can be done in in the App Delegate's application(_:didFinishLaunchingWithOptions:)` (or the `@main` struct's initializer in SwiftUI). Read more: https://firebase.google.com/docs/ios/setup#initialize_firebase_in_your_app
2026-05-15 06:37:22.571394+0530 Yoga of Eating[16581:133859] [InsightLifecycle] Local briefing fallback stored for 2026-05-15 01:07:22 +0000
Test Case '-[Yoga_of_EatingTests.BriefingGenerationTests test_generateBriefing_cardsClamped_0to1]' passed (0.002 seconds).
Test Case '-[Yoga_of_EatingTests.BriefingGenerationTests test_generateBriefing_confidenceIsValid]' started.
2026-05-15 06:37:22.572511+0530 Yoga of Eating[16581:133866] [[FirebaseCore]] 12.7.0 - [FirebaseCore][I-COR000003] The default Firebase app has not yet been configured. Add `FirebaseApp.configure()` to your application initialization. This can be done in in the App Delegate's application(_:didFinishLaunchingWithOptions:)` (or the `@main` struct's initializer in SwiftUI). Read more: https://firebase.google.com/docs/ios/setup#initialize_firebase_in_your_app
2026-05-15 06:37:22.572916+0530 Yoga of Eating[16581:133859] [InsightLifecycle] Local briefing fallback stored for 2026-05-15 01:07:22 +0000
Test Case '-[Yoga_of_EatingTests.BriefingGenerationTests test_generateBriefing_confidenceIsValid]' passed (0.001 seconds).
Test Case '-[Yoga_of_EatingTests.BriefingGenerationTests test_generateBriefing_fallsBackToLocal_whenNoFirebase]' started.
2026-05-15 06:37:22.574012+0530 Yoga of Eating[16581:133869] [[FirebaseCore]] 12.7.0 - [FirebaseCore][I-COR000003] The default Firebase app has not yet been configured. Add `FirebaseApp.configure()` to your application initialization. This can be done in in the App Delegate's application(_:didFinishLaunchingWithOptions:)` (or the `@main` struct's initializer in SwiftUI). Read more: https://firebase.google.com/docs/ios/setup#initialize_firebase_in_your_app
2026-05-15 06:37:22.574313+0530 Yoga of Eating[16581:133859] [InsightLifecycle] Local briefing fallback stored for 2026-05-15 01:07:22 +0000
Test Case '-[Yoga_of_EatingTests.BriefingGenerationTests test_generateBriefing_fallsBackToLocal_whenNoFirebase]' passed (0.024 seconds).
Test Case '-[Yoga_of_EatingTests.BriefingGenerationTests test_generateBriefing_includesWeeklyTrend_withEnoughData]' started.
2026-05-15 06:37:22.598371+0530 Yoga of Eating[16581:133871] [[FirebaseCore]] 12.7.0 - [FirebaseCore][I-COR000003] The default Firebase app has not yet been configured. Add `FirebaseApp.configure()` to your application initialization. This can be done in in the App Delegate's application(_:didFinishLaunchingWithOptions:)` (or the `@main` struct's initializer in SwiftUI). Read more: https://firebase.google.com/docs/ios/setup#initialize_firebase_in_your_app
2026-05-15 06:37:22.598704+0530 Yoga of Eating[16581:133859] [InsightLifecycle] Local briefing fallback stored for 2026-05-15 01:07:22 +0000
Test Case '-[Yoga_of_EatingTests.BriefingGenerationTests test_generateBriefing_includesWeeklyTrend_withEnoughData]' passed (0.001 seconds).
Test Case '-[Yoga_of_EatingTests.BriefingGenerationTests test_generateBriefing_localFallback_hasHeadline]' started.
2026-05-15 06:37:22.599558+0530 Yoga of Eating[16581:133866] [[FirebaseCore]] 12.7.0 - [FirebaseCore][I-COR000003] The default Firebase app has not yet been configured. Add `FirebaseApp.configure()` to your application initialization. This can be done in in the App Delegate's application(_:didFinishLaunchingWithOptions:)` (or the `@main` struct's initializer in SwiftUI). Read more: https://firebase.google.com/docs/ios/setup#initialize_firebase_in_your_app
2026-05-15 06:37:22.599792+0530 Yoga of Eating[16581:133859] [InsightLifecycle] Local briefing fallback stored for 2026-05-15 01:07:22 +0000
Test Case '-[Yoga_of_EatingTests.BriefingGenerationTests test_generateBriefing_localFallback_hasHeadline]' passed (0.001 seconds).
Test Case '-[Yoga_of_EatingTests.BriefingGenerationTests test_generateBriefing_localFallback_hasNudge]' started.
2026-05-15 06:37:22.600596+0530 Yoga of Eating[16581:133869] [[FirebaseCore]] 12.7.0 - [FirebaseCore][I-COR000003] The default Firebase app has not yet been configured. Add `FirebaseApp.configure()` to your application initialization. This can be done in in the App Delegate's application(_:didFinishLaunchingWithOptions:)` (or the `@main` struct's initializer in SwiftUI). Read more: https://firebase.google.com/docs/ios/setup#initialize_firebase_in_your_app
2026-05-15 06:37:22.600774+0530 Yoga of Eating[16581:133859] [InsightLifecycle] Local briefing fallback stored for 2026-05-15 01:07:22 +0000
Test Case '-[Yoga_of_EatingTests.BriefingGenerationTests test_generateBriefing_localFallback_hasNudge]' passed (0.001 seconds).
Test Case '-[Yoga_of_EatingTests.BriefingGenerationTests test_generateBriefing_localFallback_isNotViewed]' started.
2026-05-15 06:37:22.601454+0530 Yoga of Eating[16581:133867] [[FirebaseCore]] 12.7.0 - [FirebaseCore][I-COR000003] The default Firebase app has not yet been configured. Add `FirebaseApp.configure()` to your application initialization. This can be done in in the App Delegate's application(_:didFinishLaunchingWithOptions:)` (or the `@main` struct's initializer in SwiftUI). Read more: https://firebase.google.com/docs/ios/setup#initialize_firebase_in_your_app
2026-05-15 06:37:22.601710+0530 Yoga of Eating[16581:133859] [InsightLifecycle] Local briefing fallback stored for 2026-05-15 01:07:22 +0000
Test Case '-[Yoga_of_EatingTests.BriefingGenerationTests test_generateBriefing_localFallback_isNotViewed]' passed (0.001 seconds).
Test Case '-[Yoga_of_EatingTests.BriefingGenerationTests test_generateBriefing_localFallback_setsDate]' started.
2026-05-15 06:37:22.602369+0530 Yoga of Eating[16581:133869] [[FirebaseCore]] 12.7.0 - [FirebaseCore][I-COR000003] The default Firebase app has not yet been configured. Add `FirebaseApp.configure()` to your application initialization. This can be done in in the App Delegate's application(_:didFinishLaunchingWithOptions:)` (or the `@main` struct's initializer in SwiftUI). Read more: https://firebase.google.com/docs/ios/setup#initialize_firebase_in_your_app
2026-05-15 06:37:22.602570+0530 Yoga of Eating[16581:133859] [InsightLifecycle] Local briefing fallback stored for 2026-05-15 01:07:22 +0000
Test Case '-[Yoga_of_EatingTests.BriefingGenerationTests test_generateBriefing_localFallback_setsDate]' passed (0.001 seconds).
Test Case '-[Yoga_of_EatingTests.BriefingGenerationTests test_generateBriefing_persistsViaUpdateInsight]' started.
2026-05-15 06:37:22.603275+0530 Yoga of Eating[16581:133871] [[FirebaseCore]] 12.7.0 - [FirebaseCore][I-COR000003] The default Firebase app has not yet been configured. Add `FirebaseApp.configure()` to your application initialization. This can be done in in the App Delegate's application(_:didFinishLaunchingWithOptions:)` (or the `@main` struct's initializer in SwiftUI). Read more: https://firebase.google.com/docs/ios/setup#initialize_firebase_in_your_app
2026-05-15 06:37:22.603436+0530 Yoga of Eating[16581:133859] [InsightLifecycle] Local briefing fallback stored for 2026-05-15 01:07:22 +0000
Test Case '-[Yoga_of_EatingTests.BriefingGenerationTests test_generateBriefing_persistsViaUpdateInsight]' passed (0.001 seconds).
Test Case '-[Yoga_of_EatingTests.BriefingGenerationTests test_generateBriefing_returnsNil_whenNoData]' started.
2026-05-15 06:37:22.604120+0530 Yoga of Eating[16581:133869] [[FirebaseCore]] 12.7.0 - [FirebaseCore][I-COR000003] The default Firebase app has not yet been configured. Add `FirebaseApp.configure()` to your application initialization. This can be done in in the App Delegate's application(_:didFinishLaunchingWithOptions:)` (or the `@main` struct's initializer in SwiftUI). Read more: https://firebase.google.com/docs/ios/setup#initialize_firebase_in_your_app
Test Case '-[Yoga_of_EatingTests.BriefingGenerationTests test_generateBriefing_returnsNil_whenNoData]' passed (0.001 seconds).
Test Case '-[Yoga_of_EatingTests.BriefingGenerationTests test_generateBriefing_returnsNil_withInsufficientData]' started.
2026-05-15 06:37:22.604951+0530 Yoga of Eating[16581:133867] [[FirebaseCore]] 12.7.0 - [FirebaseCore][I-COR000003] The default Firebase app has not yet been configured. Add `FirebaseApp.configure()` to your application initialization. This can be done in in the App Delegate's application(_:didFinishLaunchingWithOptions:)` (or the `@main` struct's initializer in SwiftUI). Read more: https://firebase.google.com/docs/ios/setup#initialize_firebase_in_your_app
Test Case '-[Yoga_of_EatingTests.BriefingGenerationTests test_generateBriefing_returnsNil_withInsufficientData]' passed (0.001 seconds).
Test Case '-[Yoga_of_EatingTests.BriefingGenerationTests test_generateBriefing_weeklyTrend_daysLogged_matchesData]' started.
2026-05-15 06:37:22.605712+0530 Yoga of Eating[16581:133871] [[FirebaseCore]] 12.7.0 - [FirebaseCore][I-COR000003] The default Firebase app has not yet been configured. Add `FirebaseApp.configure()` to your application initialization. This can be done in in the App Delegate's application(_:didFinishLaunchingWithOptions:)` (or the `@main` struct's initializer in SwiftUI). Read more: https://firebase.google.com/docs/ios/setup#initialize_firebase_in_your_app
2026-05-15 06:37:22.605970+0530 Yoga of Eating[16581:133859] [InsightLifecycle] Local briefing fallback stored for 2026-05-15 01:07:22 +0000
Test Case '-[Yoga_of_EatingTests.BriefingGenerationTests test_generateBriefing_weeklyTrend_daysLogged_matchesData]' passed (0.001 seconds).
Test Suite 'BriefingGenerationTests' passed at 2026-05-15 06:37:22.606.
	 Executed 12 tests, with 0 failures (0 unexpected) in 0.034 (0.037) seconds
Test Suite 'BriefingRemediationTests' started at 2026-05-15 06:37:22.607.
Test Case '-[Yoga_of_EatingTests.BriefingRemediationTests test_briefingNotificationId_isStable]' started.
Test Case '-[Yoga_of_EatingTests.BriefingRemediationTests test_briefingNotificationId_isStable]' passed (0.000 seconds).
Test Case '-[Yoga_of_EatingTests.BriefingRemediationTests test_dismissInsight_setsIsViewedTrue]' started.
Test Case '-[Yoga_of_EatingTests.BriefingRemediationTests test_dismissInsight_setsIsViewedTrue]' passed (0.000 seconds).
Test Case '-[Yoga_of_EatingTests.BriefingRemediationTests test_loadData_hydratesCurrentInsightFromSnapshot]' started.
Test Case '-[Yoga_of_EatingTests.BriefingRemediationTests test_loadData_hydratesCurrentInsightFromSnapshot]' passed (0.010 seconds).
Test Case '-[Yoga_of_EatingTests.BriefingRemediationTests test_markBriefingViewed_persistsViaHistoricalService]' started.
Test Case '-[Yoga_of_EatingTests.BriefingRemediationTests test_markBriefingViewed_persistsViaHistoricalService]' passed (0.001 seconds).
Test Case '-[Yoga_of_EatingTests.BriefingRemediationTests test_markBriefingViewed_setsIsViewedTrue]' started.
Test Case '-[Yoga_of_EatingTests.BriefingRemediationTests test_markBriefingViewed_setsIsViewedTrue]' passed (0.000 seconds).
Test Case '-[Yoga_of_EatingTests.BriefingRemediationTests test_predictWakeTime_parsesValidStoredTime]' started.
Test Case '-[Yoga_of_EatingTests.BriefingRemediationTests test_predictWakeTime_parsesValidStoredTime]' passed (0.002 seconds).
Test Case '-[Yoga_of_EatingTests.BriefingRemediationTests test_predictWakeTime_returnsDefaultForInvalid]' started.
Test Case '-[Yoga_of_EatingTests.BriefingRemediationTests test_predictWakeTime_returnsDefaultForInvalid]' passed (0.001 seconds).
Test Case '-[Yoga_of_EatingTests.BriefingRemediationTests test_triggerInsightGeneration_skipsWhenInsightAlreadyExistsForToday]' started.
Test Case '-[Yoga_of_EatingTests.BriefingRemediationTests test_triggerInsightGeneration_skipsWhenInsightAlreadyExistsForToday]' passed (0.001 seconds).
Test Suite 'BriefingRemediationTests' passed at 2026-05-15 06:37:22.623.
	 Executed 8 tests, with 0 failures (0 unexpected) in 0.015 (0.017) seconds
Test Suite 'BuilderTests' started at 2026-05-15 06:37:22.623.
Test Case '-[Yoga_of_EatingTests.BuilderTests test_dailyInsight_hasExpectedDefaults]' started.
Test Case '-[Yoga_of_EatingTests.BuilderTests test_dailyInsight_hasExpectedDefaults]' passed (0.000 seconds).
Test Case '-[Yoga_of_EatingTests.BuilderTests test_dailyInsight_markAsViewed_setsFlag]' started.
Test Case '-[Yoga_of_EatingTests.BuilderTests test_dailyInsight_markAsViewed_setsFlag]' passed (0.000 seconds).
Test Case '-[Yoga_of_EatingTests.BuilderTests test_dailyInsight_producesUniqueIDs]' started.
Test Case '-[Yoga_of_EatingTests.BuilderTests test_dailyInsight_producesUniqueIDs]' passed (0.000 seconds).
Test Case '-[Yoga_of_EatingTests.BuilderTests test_healthProfileBuilder_build_hasExpectedDefaults]' started.
Test Case '-[Yoga_of_EatingTests.BuilderTests test_healthProfileBuilder_build_hasExpectedDefaults]' passed (0.000 seconds).
Test Case '-[Yoga_of_EatingTests.BuilderTests test_healthProfileBuilder_withAge_setsAge]' started.
Test Case '-[Yoga_of_EatingTests.BuilderTests test_healthProfileBuilder_withAge_setsAge]' passed (0.000 seconds).
Test Case '-[Yoga_of_EatingTests.BuilderTests test_healthProfileBuilder_withBMI_setsBMIAndCategory]' started.
Test Case '-[Yoga_of_EatingTests.BuilderTests test_healthProfileBuilder_withBMI_setsBMIAndCategory]' passed (0.000 seconds).
Test Case '-[Yoga_of_EatingTests.BuilderTests test_healthProfileBuilder_withRiskLevel_setsRiskLevel]' started.
Test Case '-[Yoga_of_EatingTests.BuilderTests test_healthProfileBuilder_withRiskLevel_setsRiskLevel]' passed (0.000 seconds).
Test Case '-[Yoga_of_EatingTests.BuilderTests test_mealBuilder_analyzed_setsIsAIAnalyzed]' started.
Test Case '-[Yoga_of_EatingTests.BuilderTests test_mealBuilder_analyzed_setsIsAIAnalyzed]' passed (0.000 seconds).
Test Case '-[Yoga_of_EatingTests.BuilderTests test_mealBuilder_build_hasExpectedDefaults]' started.
Test Case '-[Yoga_of_EatingTests.BuilderTests test_mealBuilder_build_hasExpectedDefaults]' passed (0.000 seconds).
Test Case '-[Yoga_of_EatingTests.BuilderTests test_mealBuilder_build_producesUniqueIDs]' started.
Test Case '-[Yoga_of_EatingTests.BuilderTests test_mealBuilder_build_producesUniqueIDs]' passed (0.000 seconds).
Test Case '-[Yoga_of_EatingTests.BuilderTests test_mealBuilder_chaining_combinesAllProperties]' started.
Test Case '-[Yoga_of_EatingTests.BuilderTests test_mealBuilder_chaining_combinesAllProperties]' passed (0.000 seconds).
Test Case '-[Yoga_of_EatingTests.BuilderTests test_mealBuilder_migration_matchesInlineConstruction]' started.
Test Case '-[Yoga_of_EatingTests.BuilderTests test_mealBuilder_migration_matchesInlineConstruction]' passed (0.000 seconds).
Test Case '-[Yoga_of_EatingTests.BuilderTests test_mealBuilder_withInsight_setsAIInsight]' started.
Test Case '-[Yoga_of_EatingTests.BuilderTests test_mealBuilder_withInsight_setsAIInsight]' passed (0.000 seconds).
Test Case '-[Yoga_of_EatingTests.BuilderTests test_mealBuilder_withItems_setsItems]' started.
Test Case '-[Yoga_of_EatingTests.BuilderTests test_mealBuilder_withItems_setsItems]' passed (0.000 seconds).
Test Case '-[Yoga_of_EatingTests.BuilderTests test_mealBuilder_withMealType_setsMealType]' started.
Test Case '-[Yoga_of_EatingTests.BuilderTests test_mealBuilder_withMealType_setsMealType]' passed (0.000 seconds).
Test Case '-[Yoga_of_EatingTests.BuilderTests test_mealBuilder_withScore_setsHealthScore]' started.
Test Case '-[Yoga_of_EatingTests.BuilderTests test_mealBuilder_withScore_setsHealthScore]' passed (0.000 seconds).
Test Case '-[Yoga_of_EatingTests.BuilderTests test_mindCheckEntryBuilder_accomplished_setsIsAccomplished]' started.
Test Case '-[Yoga_of_EatingTests.BuilderTests test_mindCheckEntryBuilder_accomplished_setsIsAccomplished]' passed (0.000 seconds).
Test Case '-[Yoga_of_EatingTests.BuilderTests test_mindCheckEntryBuilder_build_hasExpectedDefaults]' started.
Test Case '-[Yoga_of_EatingTests.BuilderTests test_mindCheckEntryBuilder_build_hasExpectedDefaults]' passed (0.000 seconds).
Test Case '-[Yoga_of_EatingTests.BuilderTests test_mindCheckEntryBuilder_build_producesUniqueIDs]' started.
Test Case '-[Yoga_of_EatingTests.BuilderTests test_mindCheckEntryBuilder_build_producesUniqueIDs]' passed (0.000 seconds).
Test Case '-[Yoga_of_EatingTests.BuilderTests test_mindCheckEntryBuilder_withCategory_setsCategory]' started.
Test Case '-[Yoga_of_EatingTests.BuilderTests test_mindCheckEntryBuilder_withCategory_setsCategory]' passed (0.000 seconds).
Test Case '-[Yoga_of_EatingTests.BuilderTests test_mindCheckEntryBuilder_withText_setsText]' started.
Test Case '-[Yoga_of_EatingTests.BuilderTests test_mindCheckEntryBuilder_withText_setsText]' passed (0.000 seconds).
Test Case '-[Yoga_of_EatingTests.BuilderTests test_snapshotBuilder_build_hasExpectedDefaults]' started.
Test Case '-[Yoga_of_EatingTests.BuilderTests test_snapshotBuilder_build_hasExpectedDefaults]' passed (0.000 seconds).
Test Case '-[Yoga_of_EatingTests.BuilderTests test_snapshotBuilder_build_producesUniqueIDs]' started.
Test Case '-[Yoga_of_EatingTests.BuilderTests test_snapshotBuilder_build_producesUniqueIDs]' passed (0.000 seconds).
Test Case '-[Yoga_of_EatingTests.BuilderTests test_snapshotBuilder_withDate_normalizesToMidnight]' started.
Test Case '-[Yoga_of_EatingTests.BuilderTests test_snapshotBuilder_withDate_normalizesToMidnight]' passed (0.000 seconds).
Test Case '-[Yoga_of_EatingTests.BuilderTests test_snapshotBuilder_withDaysAgo_setsCorrectDate]' started.
Test Case '-[Yoga_of_EatingTests.BuilderTests test_snapshotBuilder_withDaysAgo_setsCorrectDate]' passed (0.000 seconds).
Test Case '-[Yoga_of_EatingTests.BuilderTests test_snapshotBuilder_withInsight_setsInsight]' started.
Test Case '-[Yoga_of_EatingTests.BuilderTests test_snapshotBuilder_withInsight_setsInsight]' passed (0.000 seconds).
Test Case '-[Yoga_of_EatingTests.BuilderTests test_snapshotBuilder_withMeals_setsMeals]' started.
Test Case '-[Yoga_of_EatingTests.BuilderTests test_snapshotBuilder_withMeals_setsMeals]' passed (0.000 seconds).
Test Case '-[Yoga_of_EatingTests.BuilderTests test_snapshotBuilder_withSmileyState_setSmileyState]' started.
Test Case '-[Yoga_of_EatingTests.BuilderTests test_snapshotBuilder_withSmileyState_setSmileyState]' passed (0.000 seconds).
Test Suite 'BuilderTests' passed at 2026-05-15 06:37:22.637.
	 Executed 28 tests, with 0 failures (0 unexpected) in 0.009 (0.014) seconds
Test Suite 'CalorieDetailDataTests' started at 2026-05-15 06:37:22.637.
Test Case '-[Yoga_of_EatingTests.CalorieDetailDataTests test_calorieDetailData_activityBreakdown_showsBasalAndActive]' started.
Test Case '-[Yoga_of_EatingTests.CalorieDetailDataTests test_calorieDetailData_activityBreakdown_showsBasalAndActive]' passed (0.000 seconds).
Test Case '-[Yoga_of_EatingTests.CalorieDetailDataTests test_calorieDetailData_activityNilByDefault]' started.
Test Case '-[Yoga_of_EatingTests.CalorieDetailDataTests test_calorieDetailData_activityNilByDefault]' passed (0.000 seconds).
Test Case '-[Yoga_of_EatingTests.CalorieDetailDataTests test_calorieDetailData_perMealBreakdown_excludesMealsWithoutCalories]' started.
Test Case '-[Yoga_of_EatingTests.CalorieDetailDataTests test_calorieDetailData_perMealBreakdown_excludesMealsWithoutCalories]' passed (0.000 seconds).
Test Case '-[Yoga_of_EatingTests.CalorieDetailDataTests test_calorieDetailData_perMealBreakdown_matchesMeals]' started.
Test Case '-[Yoga_of_EatingTests.CalorieDetailDataTests test_calorieDetailData_perMealBreakdown_matchesMeals]' passed (0.000 seconds).
Test Case '-[Yoga_of_EatingTests.CalorieDetailDataTests test_calorieDetailData_remainingCalories_nilWhenTDEENil]' started.
Test Case '-[Yoga_of_EatingTests.CalorieDetailDataTests test_calorieDetailData_remainingCalories_nilWhenTDEENil]' passed (0.000 seconds).
Test Case '-[Yoga_of_EatingTests.CalorieDetailDataTests test_calorieDetailData_remainingCalories_tdeeMinusConsumed]' started.
Test Case '-[Yoga_of_EatingTests.CalorieDetailDataTests test_calorieDetailData_remainingCalories_tdeeMinusConsumed]' passed (0.000 seconds).
Test Suite 'CalorieDetailDataTests' passed at 2026-05-15 06:37:22.640.
	 Executed 6 tests, with 0 failures (0 unexpected) in 0.002 (0.003) seconds
Test Suite 'CaloriePillIntegrationTests' started at 2026-05-15 06:37:22.640.
Test Case '-[Yoga_of_EatingTests.CaloriePillIntegrationTests test_integration_aiReturnsNilCalories_consumedStaysZero]' started.
2026-05-15 06:37:22.641024+0530 Yoga of Eating[16581:133871] [[FirebaseCore]] 12.7.0 - [FirebaseCore][I-COR000003] The default Firebase app has not yet been configured. Add `FirebaseApp.configure()` to your application initialization. This can be done in in the App Delegate's application(_:didFinishLaunchingWithOptions:)` (or the `@main` struct's initializer in SwiftUI). Read more: https://firebase.google.com/docs/ios/setup#initialize_firebase_in_your_app
Test Case '-[Yoga_of_EatingTests.CaloriePillIntegrationTests test_integration_aiReturnsNilCalories_consumedStaysZero]' passed (0.003 seconds).
Test Case '-[Yoga_of_EatingTests.CaloriePillIntegrationTests test_integration_mealAnalyzed_pillDataConsumed_reflectsEstimatedCalories]' started.
2026-05-15 06:37:22.645690+0530 Yoga of Eating[16581:133868] [[FirebaseCore]] 12.7.0 - [FirebaseCore][I-COR000003] The default Firebase app has not yet been configured. Add `FirebaseApp.configure()` to your application initialization. This can be done in in the App Delegate's application(_:didFinishLaunchingWithOptions:)` (or the `@main` struct's initializer in SwiftUI). Read more: https://firebase.google.com/docs/ios/setup#initialize_firebase_in_your_app
Test Case '-[Yoga_of_EatingTests.CaloriePillIntegrationTests test_integration_mealAnalyzed_pillDataConsumed_reflectsEstimatedCalories]' passed (0.003 seconds).
Test Case '-[Yoga_of_EatingTests.CaloriePillIntegrationTests test_integration_mealAnalyzed_pillIsVisible_whenConsumedPositive]' started.
2026-05-15 06:37:22.646871+0530 Yoga of Eating[16581:133869] [[FirebaseCore]] 12.7.0 - [FirebaseCore][I-COR000003] The default Firebase app has not yet been configured. Add `FirebaseApp.configure()` to your application initialization. This can be done in in the App Delegate's application(_:didFinishLaunchingWithOptions:)` (or the `@main` struct's initializer in SwiftUI). Read more: https://firebase.google.com/docs/ios/setup#initialize_firebase_in_your_app
Test Case '-[Yoga_of_EatingTests.CaloriePillIntegrationTests test_integration_mealAnalyzed_pillIsVisible_whenConsumedPositive]' passed (0.001 seconds).
Test Case '-[Yoga_of_EatingTests.CaloriePillIntegrationTests test_integration_multipleMeals_consumed_sumsBothEstimates]' started.
2026-05-15 06:37:22.647795+0530 Yoga of Eating[16581:133868] [[FirebaseCore]] 12.7.0 - [FirebaseCore][I-COR000003] The default Firebase app has not yet been configured. Add `FirebaseApp.configure()` to your application initialization. This can be done in in the App Delegate's application(_:didFinishLaunchingWithOptions:)` (or the `@main` struct's initializer in SwiftUI). Read more: https://firebase.google.com/docs/ios/setup#initialize_firebase_in_your_app
Test Case '-[Yoga_of_EatingTests.CaloriePillIntegrationTests test_integration_multipleMeals_consumed_sumsBothEstimates]' passed (0.001 seconds).
Test Suite 'CaloriePillIntegrationTests' passed at 2026-05-15 06:37:22.648.
	 Executed 4 tests, with 0 failures (0 unexpected) in 0.007 (0.008) seconds
Test Suite 'CaloriePillTests' started at 2026-05-15 06:37:22.648.
Test Case '-[Yoga_of_EatingTests.CaloriePillTests test_caloriePillData_equality_differentConsumed_notEqual]' started.
Test Case '-[Yoga_of_EatingTests.CaloriePillTests test_caloriePillData_equality_differentConsumed_notEqual]' passed (0.000 seconds).
Test Case '-[Yoga_of_EatingTests.CaloriePillTests test_caloriePillData_equality_sameValues]' started.
Test Case '-[Yoga_of_EatingTests.CaloriePillTests test_caloriePillData_equality_sameValues]' passed (0.000 seconds).
Test Case '-[Yoga_of_EatingTests.CaloriePillTests test_caloriePillData_fillColor_amberAt85Percent]' started.
Test Case '-[Yoga_of_EatingTests.CaloriePillTests test_caloriePillData_fillColor_amberAt85Percent]' passed (0.000 seconds).
Test Case '-[Yoga_of_EatingTests.CaloriePillTests test_caloriePillData_fillColor_amberAtExactly70Percent]' started.
Test Case '-[Yoga_of_EatingTests.CaloriePillTests test_caloriePillData_fillColor_amberAtExactly70Percent]' passed (0.000 seconds).
Test Case '-[Yoga_of_EatingTests.CaloriePillTests test_caloriePillData_fillColor_coralWhenOver100Percent]' started.
Test Case '-[Yoga_of_EatingTests.CaloriePillTests test_caloriePillData_fillColor_coralWhenOver100Percent]' passed (0.000 seconds).
Test Case '-[Yoga_of_EatingTests.CaloriePillTests test_caloriePillData_fillColor_greenBelow70Percent]' started.
Test Case '-[Yoga_of_EatingTests.CaloriePillTests test_caloriePillData_fillColor_greenBelow70Percent]' passed (0.000 seconds).
Test Case '-[Yoga_of_EatingTests.CaloriePillTests test_caloriePillData_fillColor_onTrackWhenTDEENil]' started.
Test Case '-[Yoga_of_EatingTests.CaloriePillTests test_caloriePillData_fillColor_onTrackWhenTDEENil]' passed (0.000 seconds).
Test Case '-[Yoga_of_EatingTests.CaloriePillTests test_caloriePillData_formattedConsumed_usesLocaleGroupingSeparator]' started.
Test Case '-[Yoga_of_EatingTests.CaloriePillTests test_caloriePillData_formattedConsumed_usesLocaleGroupingSeparator]' passed (0.000 seconds).
Test Case '-[Yoga_of_EatingTests.CaloriePillTests test_caloriePillData_formattedRemaining_nilWhenTDEENil]' started.
Test Case '-[Yoga_of_EatingTests.CaloriePillTests test_caloriePillData_formattedRemaining_nilWhenTDEENil]' passed (0.000 seconds).
Test Case '-[Yoga_of_EatingTests.CaloriePillTests test_caloriePillData_formattedRemaining_nonNilWhenTDEEPresent]' started.
Test Case '-[Yoga_of_EatingTests.CaloriePillTests test_caloriePillData_formattedRemaining_nonNilWhenTDEEPresent]' passed (0.000 seconds).
Test Case '-[Yoga_of_EatingTests.CaloriePillTests test_caloriePillData_formattedTDEE_nonNilWhenTDEEPresent]' started.
Test Case '-[Yoga_of_EatingTests.CaloriePillTests test_caloriePillData_formattedTDEE_nonNilWhenTDEEPresent]' passed (0.000 seconds).
Test Case '-[Yoga_of_EatingTests.CaloriePillTests test_caloriePillData_formattedTDEE_returnsNilWhenTDEENil]' started.
Test Case '-[Yoga_of_EatingTests.CaloriePillTests test_caloriePillData_formattedTDEE_returnsNilWhenTDEENil]' passed (0.000 seconds).
Test Case '-[Yoga_of_EatingTests.CaloriePillTests test_caloriePillData_init_setsConsumedAndTDEE]' started.
Test Case '-[Yoga_of_EatingTests.CaloriePillTests test_caloriePillData_init_setsConsumedAndTDEE]' passed (0.000 seconds).
Test Case '-[Yoga_of_EatingTests.CaloriePillTests test_caloriePillData_isPartialFalse_formattedConsumedNoTilde]' started.
Test Case '-[Yoga_of_EatingTests.CaloriePillTests test_caloriePillData_isPartialFalse_formattedConsumedNoTilde]' passed (0.000 seconds).
Test Case '-[Yoga_of_EatingTests.CaloriePillTests test_caloriePillData_isPartialTrue_formattedConsumedHasTilde]' started.
Test Case '-[Yoga_of_EatingTests.CaloriePillTests test_caloriePillData_isPartialTrue_formattedConsumedHasTilde]' passed (0.000 seconds).
Test Case '-[Yoga_of_EatingTests.CaloriePillTests test_caloriePillData_isVisible_falseWhenConsumedZeroAndTDEENil]' started.
Test Case '-[Yoga_of_EatingTests.CaloriePillTests test_caloriePillData_isVisible_falseWhenConsumedZeroAndTDEENil]' passed (0.000 seconds).
Test Case '-[Yoga_of_EatingTests.CaloriePillTests test_caloriePillData_isVisible_trueWhenBothPresent]' started.
Test Case '-[Yoga_of_EatingTests.CaloriePillTests test_caloriePillData_isVisible_trueWhenBothPresent]' passed (0.000 seconds).
Test Case '-[Yoga_of_EatingTests.CaloriePillTests test_caloriePillData_isVisible_trueWhenConsumedPositiveAndTDEENil]' started.
Test Case '-[Yoga_of_EatingTests.CaloriePillTests test_caloriePillData_isVisible_trueWhenConsumedPositiveAndTDEENil]' passed (0.000 seconds).
Test Case '-[Yoga_of_EatingTests.CaloriePillTests test_caloriePillData_isVisible_trueWhenConsumedZeroButTDEEKnown]' started.
Test Case '-[Yoga_of_EatingTests.CaloriePillTests test_caloriePillData_isVisible_trueWhenConsumedZeroButTDEEKnown]' passed (0.000 seconds).
Test Case '-[Yoga_of_EatingTests.CaloriePillTests test_caloriePillData_progressFraction_clampedAt1WhenOverGoal]' started.
Test Case '-[Yoga_of_EatingTests.CaloriePillTests test_caloriePillData_progressFraction_clampedAt1WhenOverGoal]' passed (0.000 seconds).
Test Case '-[Yoga_of_EatingTests.CaloriePillTests test_caloriePillData_progressFraction_correctRatio]' started.
Test Case '-[Yoga_of_EatingTests.CaloriePillTests test_caloriePillData_progressFraction_correctRatio]' passed (0.000 seconds).
Test Case '-[Yoga_of_EatingTests.CaloriePillTests test_caloriePillData_progressFraction_zeroWhenConsumedZero]' started.
Test Case '-[Yoga_of_EatingTests.CaloriePillTests test_caloriePillData_progressFraction_zeroWhenConsumedZero]' passed (0.000 seconds).
Test Case '-[Yoga_of_EatingTests.CaloriePillTests test_caloriePillData_progressFraction_zeroWhenTDEENil]' started.
Test Case '-[Yoga_of_EatingTests.CaloriePillTests test_caloriePillData_progressFraction_zeroWhenTDEENil]' passed (0.000 seconds).
Test Case '-[Yoga_of_EatingTests.CaloriePillTests test_caloriePillData_remaining_negativeWhenOverGoal]' started.
Test Case '-[Yoga_of_EatingTests.CaloriePillTests test_caloriePillData_remaining_negativeWhenOverGoal]' passed (0.000 seconds).
Test Case '-[Yoga_of_EatingTests.CaloriePillTests test_caloriePillData_remaining_nilWhenTDEENil]' started.
Test Case '-[Yoga_of_EatingTests.CaloriePillTests test_caloriePillData_remaining_nilWhenTDEENil]' passed (0.000 seconds).
Test Case '-[Yoga_of_EatingTests.CaloriePillTests test_caloriePillData_remaining_tdeeMinusConsumed]' started.
Test Case '-[Yoga_of_EatingTests.CaloriePillTests test_caloriePillData_remaining_tdeeMinusConsumed]' passed (0.000 seconds).
Test Suite 'CaloriePillTests' passed at 2026-05-15 06:37:22.661.
	 Executed 26 tests, with 0 failures (0 unexpected) in 0.009 (0.013) seconds
Test Suite 'CaloriePillViewModelTests' started at 2026-05-15 06:37:22.661.
Test Case '-[Yoga_of_EatingTests.CaloriePillViewModelTests test_calorieDetailData_perMealBreakdown_matchesMeals]' started.
2026-05-15 06:37:22.662332+0530 Yoga of Eating[16581:133867] [[FirebaseCore]] 12.7.0 - [FirebaseCore][I-COR000003] The default Firebase app has not yet been configured. Add `FirebaseApp.configure()` to your application initialization. This can be done in in the App Delegate's application(_:didFinishLaunchingWithOptions:)` (or the `@main` struct's initializer in SwiftUI). Read more: https://firebase.google.com/docs/ios/setup#initialize_firebase_in_your_app
Test Case '-[Yoga_of_EatingTests.CaloriePillViewModelTests test_calorieDetailData_perMealBreakdown_matchesMeals]' passed (0.001 seconds).
2026-05-15 06:37:22.662469+0530 Yoga of Eating[16581:133867] [[FirebaseCore]] 12.7.0 - [FirebaseCore][I-COR000003] The default Firebase app has not yet been configured. Add `FirebaseApp.configure()` to your application initialization. This can be done in in the App Delegate's application(_:didFinishLaunchingWithOptions:)` (or the `@main` struct's initializer in SwiftUI). Read more: https://firebase.google.com/docs/ios/setup#initialize_firebase_in_your_app
Test Case '-[Yoga_of_EatingTests.CaloriePillViewModelTests test_calorieDetailData_remainingCalories_nilWhenNoProfile]' started.
2026-05-15 06:37:22.663131+0530 Yoga of Eating[16581:133867] [[FirebaseCore]] 12.7.0 - [FirebaseCore][I-COR000003] The default Firebase app has not yet been configured. Add `FirebaseApp.configure()` to your application initialization. This can be done in in the App Delegate's application(_:didFinishLaunchingWithOptions:)` (or the `@main` struct's initializer in SwiftUI). Read more: https://firebase.google.com/docs/ios/setup#initialize_firebase_in_your_app
2026-05-15 06:37:22.663214+0530 Yoga of Eating[16581:133867] [[FirebaseCore]] 12.7.0 - [FirebaseCore][I-COR000003] The default Firebase app has not yet been configured. Add `FirebaseApp.configure()` to your application initialization. This can be done in in the App Delegate's application(_:didFinishLaunchingWithOptions:)` (or the `@main` struct's initializer in SwiftUI). Read more: https://firebase.google.com/docs/ios/setup#initialize_firebase_in_your_app
Test Case '-[Yoga_of_EatingTests.CaloriePillViewModelTests test_calorieDetailData_remainingCalories_nilWhenNoProfile]' passed (0.001 seconds).
Test Case '-[Yoga_of_EatingTests.CaloriePillViewModelTests test_caloriePillData_isNonOptional]' started.
2026-05-15 06:37:22.663912+0530 Yoga of Eating[16581:133872] [[FirebaseCore]] 12.7.0 - [FirebaseCore][I-COR000003] The default Firebase app has not yet been configured. Add `FirebaseApp.configure()` to your application initialization. This can be done in in the App Delegate's application(_:didFinishLaunchingWithOptions:)` (or the `@main` struct's initializer in SwiftUI). Read more: https://firebase.google.com/docs/ios/setup#initialize_firebase_in_your_app
2026-05-15 06:37:22.663986+0530 Yoga of Eating[16581:133872] [[FirebaseCore]] 12.7.0 - [FirebaseCore][I-COR000003] The default Firebase app has not yet been configured. Add `FirebaseApp.configure()` to your application initialization. This can be done in in the App Delegate's application(_:didFinishLaunchingWithOptions:)` (or the `@main` struct's initializer in SwiftUI). Read more: https://firebase.google.com/docs/ios/setup#initialize_firebase_in_your_app
Test Case '-[Yoga_of_EatingTests.CaloriePillViewModelTests test_caloriePillData_isNonOptional]' passed (0.005 seconds).
Test Case '-[Yoga_of_EatingTests.CaloriePillViewModelTests test_caloriePillData_noProfile_noMeals_returnsNilData]' started.
2026-05-15 06:37:22.669175+0530 Yoga of Eating[16581:133872] [[FirebaseCore]] 12.7.0 - [FirebaseCore][I-COR000003] The default Firebase app has not yet been configured. Add `FirebaseApp.configure()` to your application initialization. This can be done in in the App Delegate's application(_:didFinishLaunchingWithOptions:)` (or the `@main` struct's initializer in SwiftUI). Read more: https://firebase.google.com/docs/ios/setup#initialize_firebase_in_your_app
Test Case '-[Yoga_of_EatingTests.CaloriePillViewModelTests test_caloriePillData_noProfile_noMeals_returnsNilData]' passed (0.001 seconds).
2026-05-15 06:37:22.669276+0530 Yoga of Eating[16581:133872] [[FirebaseCore]] 12.7.0 - [FirebaseCore][I-COR000003] The default Firebase app has not yet been configured. Add `FirebaseApp.configure()` to your application initialization. This can be done in in the App Delegate's application(_:didFinishLaunchingWithOptions:)` (or the `@main` struct's initializer in SwiftUI). Read more: https://firebase.google.com/docs/ios/setup#initialize_firebase_in_your_app
Test Case '-[Yoga_of_EatingTests.CaloriePillViewModelTests test_caloriePillData_noProfile_withMeals_showsConsumedOnlyNilTDEE]' started.
2026-05-15 06:37:22.669875+0530 Yoga of Eating[16581:133871] [[FirebaseCore]] 12.7.0 - [FirebaseCore][I-COR000003] The default Firebase app has not yet been configured. Add `FirebaseApp.configure()` to your application initialization. This can be done in in the App Delegate's application(_:didFinishLaunchingWithOptions:)` (or the `@main` struct's initializer in SwiftUI). Read more: https://firebase.google.com/docs/ios/setup#initialize_firebase_in_your_app
Test Case '-[Yoga_of_EatingTests.CaloriePillViewModelTests test_caloriePillData_noProfile_withMeals_showsConsumedOnlyNilTDEE]' passed (0.000 seconds).
2026-05-15 06:37:22.669966+0530 Yoga of Eating[16581:133871] [[FirebaseCore]] 12.7.0 - [FirebaseCore][I-COR000003] The default Firebase app has not yet been configured. Add `FirebaseApp.configure()` to your application initialization. This can be done in in the App Delegate's application(_:didFinishLaunchingWithOptions:)` (or the `@main` struct's initializer in SwiftUI). Read more: https://firebase.google.com/docs/ios/setup#initialize_firebase_in_your_app
Test Case '-[Yoga_of_EatingTests.CaloriePillViewModelTests test_caloriePillData_tdeeFallback_profileStaticTDEEWhenNoHealthKit]' started.
2026-05-15 06:37:22.670592+0530 Yoga of Eating[16581:133872] [[FirebaseCore]] 12.7.0 - [FirebaseCore][I-COR000003] The default Firebase app has not yet been configured. Add `FirebaseApp.configure()` to your application initialization. This can be done in in the App Delegate's application(_:didFinishLaunchingWithOptions:)` (or the `@main` struct's initializer in SwiftUI). Read more: https://firebase.google.com/docs/ios/setup#initialize_firebase_in_your_app
2026-05-15 06:37:22.670690+0530 Yoga of Eating[16581:133872] [[FirebaseCore]] 12.7.0 - [FirebaseCore][I-COR000003] The default Firebase app has not yet been configured. Add `FirebaseApp.configure()` to your application initialization. This can be done in in the App Delegate's application(_:didFinishLaunchingWithOptions:)` (or the `@main` struct's initializer in SwiftUI). Read more: https://firebase.google.com/docs/ios/setup#initialize_firebase_in_your_app
Test Case '-[Yoga_of_EatingTests.CaloriePillViewModelTests test_caloriePillData_tdeeFallback_profileStaticTDEEWhenNoHealthKit]' passed (0.001 seconds).
Test Case '-[Yoga_of_EatingTests.CaloriePillViewModelTests test_caloriePillData_tdeeFromHealthKit_basalPlusActive]' started.
2026-05-15 06:37:22.671437+0530 Yoga of Eating[16581:133868] [[FirebaseCore]] 12.7.0 - [FirebaseCore][I-COR000003] The default Firebase app has not yet been configured. Add `FirebaseApp.configure()` to your application initialization. This can be done in in the App Delegate's application(_:didFinishLaunchingWithOptions:)` (or the `@main` struct's initializer in SwiftUI). Read more: https://firebase.google.com/docs/ios/setup#initialize_firebase_in_your_app
2026-05-15 06:37:22.671523+0530 Yoga of Eating[16581:133868] [[FirebaseCore]] 12.7.0 - [FirebaseCore][I-COR000003] The default Firebase app has not yet been configured. Add `FirebaseApp.configure()` to your application initialization. This can be done in in the App Delegate's application(_:didFinishLaunchingWithOptions:)` (or the `@main` struct's initializer in SwiftUI). Read more: https://firebase.google.com/docs/ios/setup#initialize_firebase_in_your_app
Test Case '-[Yoga_of_EatingTests.CaloriePillViewModelTests test_caloriePillData_tdeeFromHealthKit_basalPlusActive]' passed (0.001 seconds).
Test Case '-[Yoga_of_EatingTests.CaloriePillViewModelTests test_caloriePillData_tdeeHybrid_profileBMRPlusActiveWhenBasalMissing]' started.
2026-05-15 06:37:22.672214+0530 Yoga of Eating[16581:133866] [[FirebaseCore]] 12.7.0 - [FirebaseCore][I-COR000003] The default Firebase app has not yet been configured. Add `FirebaseApp.configure()` to your application initialization. This can be done in in the App Delegate's application(_:didFinishLaunchingWithOptions:)` (or the `@main` struct's initializer in SwiftUI). Read more: https://firebase.google.com/docs/ios/setup#initialize_firebase_in_your_app
2026-05-15 06:37:22.672288+0530 Yoga of Eating[16581:133866] [[FirebaseCore]] 12.7.0 - [FirebaseCore][I-COR000003] The default Firebase app has not yet been configured. Add `FirebaseApp.configure()` to your application initialization. This can be done in in the App Delegate's application(_:didFinishLaunchingWithOptions:)` (or the `@main` struct's initializer in SwiftUI). Read more: https://firebase.google.com/docs/ios/setup#initialize_firebase_in_your_app
Test Case '-[Yoga_of_EatingTests.CaloriePillViewModelTests test_caloriePillData_tdeeHybrid_profileBMRPlusActiveWhenBasalMissing]' passed (0.001 seconds).
Test Case '-[Yoga_of_EatingTests.CaloriePillViewModelTests test_caloriePillData_tdeeNil_whenNoProfileAndNoHealthKit]' started.
2026-05-15 06:37:22.672933+0530 Yoga of Eating[16581:133872] [[FirebaseCore]] 12.7.0 - [FirebaseCore][I-COR000003] The default Firebase app has not yet been configured. Add `FirebaseApp.configure()` to your application initialization. This can be done in in the App Delegate's application(_:didFinishLaunchingWithOptions:)` (or the `@main` struct's initializer in SwiftUI). Read more: https://firebase.google.com/docs/ios/setup#initialize_firebase_in_your_app
2026-05-15 06:37:22.673001+0530 Yoga of Eating[16581:133872] [[FirebaseCore]] 12.7.0 - [FirebaseCore][I-COR000003] The default Firebase app has not yet been configured. Add `FirebaseApp.configure()` to your application initialization. This can be done in in the App Delegate's application(_:didFinishLaunchingWithOptions:)` (or the `@main` struct's initializer in SwiftUI). Read more: https://firebase.google.com/docs/ios/setup#initialize_firebase_in_your_app
Test Case '-[Yoga_of_EatingTests.CaloriePillViewModelTests test_caloriePillData_tdeeNil_whenNoProfileAndNoHealthKit]' passed (0.001 seconds).
Test Case '-[Yoga_of_EatingTests.CaloriePillViewModelTests test_caloriePillData_tdeeRoundedToInt]' started.
2026-05-15 06:37:22.673693+0530 Yoga of Eating[16581:133866] [[FirebaseCore]] 12.7.0 - [FirebaseCore][I-COR000003] The default Firebase app has not yet been configured. Add `FirebaseApp.configure()` to your application initialization. This can be done in in the App Delegate's application(_:didFinishLaunchingWithOptions:)` (or the `@main` struct's initializer in SwiftUI). Read more: https://firebase.google.com/docs/ios/setup#initialize_firebase_in_your_app
Test Case '-[Yoga_of_EatingTests.CaloriePillViewModelTests test_caloriePillData_tdeeRoundedToInt]' passed (0.000 seconds).
2026-05-15 06:37:22.673753+0530 Yoga of Eating[16581:133866] [[FirebaseCore]] 12.7.0 - [FirebaseCore][I-COR000003] The default Firebase app has not yet been configured. Add `FirebaseApp.configure()` to your application initialization. This can be done in in the App Delegate's application(_:didFinishLaunchingWithOptions:)` (or the `@main` struct's initializer in SwiftUI). Read more: https://firebase.google.com/docs/ios/setup#initialize_firebase_in_your_app
Test Case '-[Yoga_of_EatingTests.CaloriePillViewModelTests test_caloriePillData_withProfile_ignoresNilCalorieMeals]' started.
2026-05-15 06:37:22.674279+0530 Yoga of Eating[16581:133872] [[FirebaseCore]] 12.7.0 - [FirebaseCore][I-COR000003] The default Firebase app has not yet been configured. Add `FirebaseApp.configure()` to your application initialization. This can be done in in the App Delegate's application(_:didFinishLaunchingWithOptions:)` (or the `@main` struct's initializer in SwiftUI). Read more: https://firebase.google.com/docs/ios/setup#initialize_firebase_in_your_app
Test Case '-[Yoga_of_EatingTests.CaloriePillViewModelTests test_caloriePillData_withProfile_ignoresNilCalorieMeals]' passed (0.000 seconds).
2026-05-15 06:37:22.674344+0530 Yoga of Eating[16581:133872] [[FirebaseCore]] 12.7.0 - [FirebaseCore][I-COR000003] The default Firebase app has not yet been configured. Add `FirebaseApp.configure()` to your application initialization. This can be done in in the App Delegate's application(_:didFinishLaunchingWithOptions:)` (or the `@main` struct's initializer in SwiftUI). Read more: https://firebase.google.com/docs/ios/setup#initialize_firebase_in_your_app
Test Case '-[Yoga_of_EatingTests.CaloriePillViewModelTests test_caloriePillData_withProfile_noMeals_showsZeroConsumedWithTDEE]' started.
2026-05-15 06:37:22.674915+0530 Yoga of Eating[16581:133868] [[FirebaseCore]] 12.7.0 - [FirebaseCore][I-COR000003] The default Firebase app has not yet been configured. Add `FirebaseApp.configure()` to your application initialization. This can be done in in the App Delegate's application(_:didFinishLaunchingWithOptions:)` (or the `@main` struct's initializer in SwiftUI). Read more: https://firebase.google.com/docs/ios/setup#initialize_firebase_in_your_app
Test Case '-[Yoga_of_EatingTests.CaloriePillViewModelTests test_caloriePillData_withProfile_noMeals_showsZeroConsumedWithTDEE]' passed (0.000 seconds).
2026-05-15 06:37:22.674977+0530 Yoga of Eating[16581:133868] [[FirebaseCore]] 12.7.0 - [FirebaseCore][I-COR000003] The default Firebase app has not yet been configured. Add `FirebaseApp.configure()` to your application initialization. This can be done in in the App Delegate's application(_:didFinishLaunchingWithOptions:)` (or the `@main` struct's initializer in SwiftUI). Read more: https://firebase.google.com/docs/ios/setup#initialize_firebase_in_your_app
Test Case '-[Yoga_of_EatingTests.CaloriePillViewModelTests test_caloriePillData_withProfile_withMeals_sumsMealCalories]' started.
2026-05-15 06:37:22.675457+0530 Yoga of Eating[16581:133868] [[FirebaseCore]] 12.7.0 - [FirebaseCore][I-COR000003] The default Firebase app has not yet been configured. Add `FirebaseApp.configure()` to your application initialization. This can be done in in the App Delegate's application(_:didFinishLaunchingWithOptions:)` (or the `@main` struct's initializer in SwiftUI). Read more: https://firebase.google.com/docs/ios/setup#initialize_firebase_in_your_app
Test Case '-[Yoga_of_EatingTests.CaloriePillViewModelTests test_caloriePillData_withProfile_withMeals_sumsMealCalories]' passed (0.000 seconds).
2026-05-15 06:37:22.675522+0530 Yoga of Eating[16581:133868] [[FirebaseCore]] 12.7.0 - [FirebaseCore][I-COR000003] The default Firebase app has not yet been configured. Add `FirebaseApp.configure()` to your application initialization. This can be done in in the App Delegate's application(_:didFinishLaunchingWithOptions:)` (or the `@main` struct's initializer in SwiftUI). Read more: https://firebase.google.com/docs/ios/setup#initialize_firebase_in_your_app
Test Case '-[Yoga_of_EatingTests.CaloriePillViewModelTests test_historicalCaloriePillData_noProfile_snapshotWithCalories_tdeeIsNil]' started.
2026-05-15 06:37:22.676066+0530 Yoga of Eating[16581:133866] [[FirebaseCore]] 12.7.0 - [FirebaseCore][I-COR000003] The default Firebase app has not yet been configured. Add `FirebaseApp.configure()` to your application initialization. This can be done in in the App Delegate's application(_:didFinishLaunchingWithOptions:)` (or the `@main` struct's initializer in SwiftUI). Read more: https://firebase.google.com/docs/ios/setup#initialize_firebase_in_your_app
Test Case '-[Yoga_of_EatingTests.CaloriePillViewModelTests test_historicalCaloriePillData_noProfile_snapshotWithCalories_tdeeIsNil]' passed (0.000 seconds).
2026-05-15 06:37:22.676134+0530 Yoga of Eating[16581:133866] [[FirebaseCore]] 12.7.0 - [FirebaseCore][I-COR000003] The default Firebase app has not yet been configured. Add `FirebaseApp.configure()` to your application initialization. This can be done in in the App Delegate's application(_:didFinishLaunchingWithOptions:)` (or the `@main` struct's initializer in SwiftUI). Read more: https://firebase.google.com/docs/ios/setup#initialize_firebase_in_your_app
Test Case '-[Yoga_of_EatingTests.CaloriePillViewModelTests test_historicalCaloriePillData_noSnapshot_returnsNil]' started.
2026-05-15 06:37:22.676614+0530 Yoga of Eating[16581:133872] [[FirebaseCore]] 12.7.0 - [FirebaseCore][I-COR000003] The default Firebase app has not yet been configured. Add `FirebaseApp.configure()` to your application initialization. This can be done in in the App Delegate's application(_:didFinishLaunchingWithOptions:)` (or the `@main` struct's initializer in SwiftUI). Read more: https://firebase.google.com/docs/ios/setup#initialize_firebase_in_your_app
Test Case '-[Yoga_of_EatingTests.CaloriePillViewModelTests test_historicalCaloriePillData_noSnapshot_returnsNil]' passed (0.000 seconds).
2026-05-15 06:37:22.676677+0530 Yoga of Eating[16581:133872] [[FirebaseCore]] 12.7.0 - [FirebaseCore][I-COR000003] The default Firebase app has not yet been configured. Add `FirebaseApp.configure()` to your application initialization. This can be done in in the App Delegate's application(_:didFinishLaunchingWithOptions:)` (or the `@main` struct's initializer in SwiftUI). Read more: https://firebase.google.com/docs/ios/setup#initialize_firebase_in_your_app
Test Case '-[Yoga_of_EatingTests.CaloriePillViewModelTests test_historicalCaloriePillData_snapshotWithCalories_returnsData]' started.
2026-05-15 06:37:22.677135+0530 Yoga of Eating[16581:133868] [[FirebaseCore]] 12.7.0 - [FirebaseCore][I-COR000003] The default Firebase app has not yet been configured. Add `FirebaseApp.configure()` to your application initialization. This can be done in in the App Delegate's application(_:didFinishLaunchingWithOptions:)` (or the `@main` struct's initializer in SwiftUI). Read more: https://firebase.google.com/docs/ios/setup#initialize_firebase_in_your_app
2026-05-15 06:37:22.677207+0530 Yoga of Eating[16581:133868] [[FirebaseCore]] 12.7.0 - [FirebaseCore][I-COR000003] The default Firebase app has not yet been configured. Add `FirebaseApp.configure()` to your application initialization. This can be done in in the App Delegate's application(_:didFinishLaunchingWithOptions:)` (or the `@main` struct's initializer in SwiftUI). Read more: https://firebase.google.com/docs/ios/setup#initialize_firebase_in_your_app
Test Case '-[Yoga_of_EatingTests.CaloriePillViewModelTests test_historicalCaloriePillData_snapshotWithCalories_returnsData]' passed (0.000 seconds).
Test Case '-[Yoga_of_EatingTests.CaloriePillViewModelTests test_historicalCaloriePillData_snapshotWithNoCalories_returnsNil]' started.
Test Case '-[Yoga_of_EatingTests.CaloriePillViewModelTests test_historicalCaloriePillData_snapshotWithNoCalories_returnsNil]' passed (0.000 seconds).
2026-05-15 06:37:22.677727+0530 Yoga of Eating[16581:133871] [[FirebaseCore]] 12.7.0 - [FirebaseCore][I-COR000003] The default Firebase app has not yet been configured. Add `FirebaseApp.configure()` to your application initialization. This can be done in in the App Delegate's application(_:didFinishLaunchingWithOptions:)` (or the `@main` struct's initializer in SwiftUI). Read more: https://firebase.google.com/docs/ios/setup#initialize_firebase_in_your_app
2026-05-15 06:37:22.677905+0530 Yoga of Eating[16581:133871] [[FirebaseCore]] 12.7.0 - [FirebaseCore][I-COR000003] The default Firebase app has not yet been configured. Add `FirebaseApp.configure()` to your application initialization. This can be done in in the App Delegate's application(_:didFinishLaunchingWithOptions:)` (or the `@main` struct's initializer in SwiftUI). Read more: https://firebase.google.com/docs/ios/setup#initialize_firebase_in_your_app
Test Case '-[Yoga_of_EatingTests.CaloriePillViewModelTests test_integration_mealAnalyzed_pillDataUpdates]' started.
Test Case '-[Yoga_of_EatingTests.CaloriePillViewModelTests test_integration_mealAnalyzed_pillDataUpdates]' passed (0.000 seconds).
2026-05-15 06:37:22.678369+0530 Yoga of Eating[16581:133872] [[FirebaseCore]] 12.7.0 - [FirebaseCore][I-COR000003] The default Firebase app has not yet been configured. Add `FirebaseApp.configure()` to your application initialization. This can be done in in the App Delegate's application(_:didFinishLaunchingWithOptions:)` (or the `@main` struct's initializer in SwiftUI). Read more: https://firebase.google.com/docs/ios/setup#initialize_firebase_in_your_app
2026-05-15 06:37:22.678518+0530 Yoga of Eating[16581:133872] [[FirebaseCore]] 12.7.0 - [FirebaseCore][I-COR000003] The default Firebase app has not yet been configured. Add `FirebaseApp.configure()` to your application initialization. This can be done in in the App Delegate's application(_:didFinishLaunchingWithOptions:)` (or the `@main` struct's initializer in SwiftUI). Read more: https://firebase.google.com/docs/ios/setup#initialize_firebase_in_your_app
Test Case '-[Yoga_of_EatingTests.CaloriePillViewModelTests test_integration_snapshotPreservesTotalCalories]' started.
2026-05-15 06:37:22.678949+0530 Yoga of Eating[16581:133867] [[FirebaseCore]] 12.7.0 - [FirebaseCore][I-COR000003] The default Firebase app has not yet been configured. Add `FirebaseApp.configure()` to your application initialization. This can be done in in the App Delegate's application(_:didFinishLaunchingWithOptions:)` (or the `@main` struct's initializer in SwiftUI). Read more: https://firebase.google.com/docs/ios/setup#initialize_firebase_in_your_app
2026-05-15 06:37:22.679015+0530 Yoga of Eating[16581:133867] [[FirebaseCore]] 12.7.0 - [FirebaseCore][I-COR000003] The default Firebase app has not yet been configured. Add `FirebaseApp.configure()` to your application initialization. This can be done in in the App Delegate's application(_:didFinishLaunchingWithOptions:)` (or the `@main` struct's initializer in SwiftUI). Read more: https://firebase.google.com/docs/ios/setup#initialize_firebase_in_your_app
Test Case '-[Yoga_of_EatingTests.CaloriePillViewModelTests test_integration_snapshotPreservesTotalCalories]' passed (0.001 seconds).
Test Case '-[Yoga_of_EatingTests.CaloriePillViewModelTests test_loadData_callsActivityDataRefresh]' started.
2026-05-15 06:37:22.679640+0530 Yoga of Eating[16581:133867] [[FirebaseCore]] 12.7.0 - [FirebaseCore][I-COR000003] The default Firebase app has not yet been configured. Add `FirebaseApp.configure()` to your application initialization. This can be done in in the App Delegate's application(_:didFinishLaunchingWithOptions:)` (or the `@main` struct's initializer in SwiftUI). Read more: https://firebase.google.com/docs/ios/setup#initialize_firebase_in_your_app
2026-05-15 06:37:22.679702+0530 Yoga of Eating[16581:133867] [[FirebaseCore]] 12.7.0 - [FirebaseCore][I-COR000003] The default Firebase app has not yet been configured. Add `FirebaseApp.configure()` to your application initialization. This can be done in in the App Delegate's application(_:didFinishLaunchingWithOptions:)` (or the `@main` struct's initializer in SwiftUI). Read more: https://firebase.google.com/docs/ios/setup#initialize_firebase_in_your_app
Test Case '-[Yoga_of_EatingTests.CaloriePillViewModelTests test_loadData_callsActivityDataRefresh]' passed (0.002 seconds).
Test Case '-[Yoga_of_EatingTests.CaloriePillViewModelTests test_mainViewModel_loadTodayActivityData_updatesPublishedProperties]' started.
2026-05-15 06:37:22.682056+0530 Yoga of Eating[16581:133867] [[FirebaseCore]] 12.7.0 - [FirebaseCore][I-COR000003] The default Firebase app has not yet been configured. Add `FirebaseApp.configure()` to your application initialization. This can be done in in the App Delegate's application(_:didFinishLaunchingWithOptions:)` (or the `@main` struct's initializer in SwiftUI). Read more: https://firebase.google.com/docs/ios/setup#initialize_firebase_in_your_app
2026-05-15 06:37:22.682138+0530 Yoga of Eating[16581:133867] [[FirebaseCore]] 12.7.0 - [FirebaseCore][I-COR000003] The default Firebase app has not yet been configured. Add `FirebaseApp.configure()` to your application initialization. This can be done in in the App Delegate's application(_:didFinishLaunchingWithOptions:)` (or the `@main` struct's initializer in SwiftUI). Read more: https://firebase.google.com/docs/ios/setup#initialize_firebase_in_your_app
Test Case '-[Yoga_of_EatingTests.CaloriePillViewModelTests test_mainViewModel_loadTodayActivityData_updatesPublishedProperties]' passed (0.001 seconds).
Test Case '-[Yoga_of_EatingTests.CaloriePillViewModelTests test_refreshActivityDataIfNeeded_cooldown_doesNotRefetchWithinWindow]' started.
2026-05-15 06:37:22.682867+0530 Yoga of Eating[16581:133867] [[FirebaseCore]] 12.7.0 - [FirebaseCore][I-COR000003] The default Firebase app has not yet been configured. Add `FirebaseApp.configure()` to your application initialization. This can be done in in the App Delegate's application(_:didFinishLaunchingWithOptions:)` (or the `@main` struct's initializer in SwiftUI). Read more: https://firebase.google.com/docs/ios/setup#initialize_firebase_in_your_app
2026-05-15 06:37:22.682943+0530 Yoga of Eating[16581:133867] [[FirebaseCore]] 12.7.0 - [FirebaseCore][I-COR000003] The default Firebase app has not yet been configured. Add `FirebaseApp.configure()` to your application initialization. This can be done in in the App Delegate's application(_:didFinishLaunchingWithOptions:)` (or the `@main` struct's initializer in SwiftUI). Read more: https://firebase.google.com/docs/ios/setup#initialize_firebase_in_your_app
Test Case '-[Yoga_of_EatingTests.CaloriePillViewModelTests test_refreshActivityDataIfNeeded_cooldown_doesNotRefetchWithinWindow]' passed (0.001 seconds).
Test Case '-[Yoga_of_EatingTests.CaloriePillViewModelTests test_refreshActivityDataIfNeeded_setsLastFetchDate_onFirstCall]' started.
2026-05-15 06:37:22.683567+0530 Yoga of Eating[16581:133871] [[FirebaseCore]] 12.7.0 - [FirebaseCore][I-COR000003] The default Firebase app has not yet been configured. Add `FirebaseApp.configure()` to your application initialization. This can be done in in the App Delegate's application(_:didFinishLaunchingWithOptions:)` (or the `@main` struct's initializer in SwiftUI). Read more: https://firebase.google.com/docs/ios/setup#initialize_firebase_in_your_app
Test Case '-[Yoga_of_EatingTests.CaloriePillViewModelTests test_refreshActivityDataIfNeeded_setsLastFetchDate_onFirstCall]' passed (0.000 seconds).
Test Suite 'CaloriePillViewModelTests' passed at 2026-05-15 06:37:22.684.
	 Executed 23 tests, with 0 failures (0 unexpected) in 0.019 (0.023) seconds
2026-05-15 06:37:22.683634+0530 Yoga of Eating[16581:133871] [[FirebaseCore]] 12.7.0 - [FirebaseCore][I-COR000003] The default Firebase app has not yet been configured. Add `FirebaseApp.configure()` to your application initialization. This can be done in in the App Delegate's application(_:didFinishLaunchingWithOptions:)` (or the `@main` struct's initializer in SwiftUI). Read more: https://firebase.google.com/docs/ios/setup#initialize_firebase_in_your_app
Test Suite 'CaloriePillWidthTests' started at 2026-05-15 06:37:22.684.
Test Case '-[Yoga_of_EatingTests.CaloriePillWidthTests test_caloriePillMaxWidth_isDefinedAndReasonable]' started.
Test Case '-[Yoga_of_EatingTests.CaloriePillWidthTests test_caloriePillMaxWidth_isDefinedAndReasonable]' passed (0.000 seconds).
Test Suite 'CaloriePillWidthTests' passed at 2026-05-15 06:37:22.684.
	 Executed 1 test, with 0 failures (0 unexpected) in 0.000 (0.001) seconds
Test Suite 'ClockSkewTests' started at 2026-05-15 06:37:22.685.
Test Case '-[Yoga_of_EatingTests.ClockSkewTests test_sync_whenLastSyncDateIsInFuture_performsFullSync]' started.
2026-05-15 06:37:22.685098+0530 Yoga of Eating[16581:133859] [HistoricalSync] Full sync: 3 snapshots
2026-05-15 06:37:22.685186+0530 Yoga of Eating[16581:133859] [HistoricalSync] Sync completed at 2026-05-15 01:07:22 +0000
Test Case '-[Yoga_of_EatingTests.ClockSkewTests test_sync_whenLastSyncDateIsInFuture_performsFullSync]' passed (0.001 seconds).
Test Case '-[Yoga_of_EatingTests.ClockSkewTests test_sync_whenLastSyncDateIsInPast_performsDeltaSync]' started.
2026-05-15 06:37:22.685884+0530 Yoga of Eating[16581:133859] [HistoricalSync] Delta sync: 1 snapshots since 2026-05-14 01:07:22 +0000
2026-05-15 06:37:22.685936+0530 Yoga of Eating[16581:133859] [HistoricalSync] Sync completed at 2026-05-15 01:07:22 +0000
Test Case '-[Yoga_of_EatingTests.ClockSkewTests test_sync_whenLastSyncDateIsInPast_performsDeltaSync]' passed (0.001 seconds).
Test Suite 'ClockSkewTests' passed at 2026-05-15 06:37:22.686.
	 Executed 2 tests, with 0 failures (0 unexpected) in 0.001 (0.002) seconds
Test Suite 'CollectionExtensionTests' started at 2026-05-15 06:37:22.686.
Test Case '-[Yoga_of_EatingTests.CollectionExtensionTests test_average_emptyCollection_returnsNil]' started.
Test Case '-[Yoga_of_EatingTests.CollectionExtensionTests test_average_emptyCollection_returnsNil]' passed (0.000 seconds).
Test Case '-[Yoga_of_EatingTests.CollectionExtensionTests test_average_multipleElements_returnsCorrectMean]' started.
Test Case '-[Yoga_of_EatingTests.CollectionExtensionTests test_average_multipleElements_returnsCorrectMean]' passed (0.000 seconds).
Test Case '-[Yoga_of_EatingTests.CollectionExtensionTests test_average_singleElement_returnsElement]' started.
Test Case '-[Yoga_of_EatingTests.CollectionExtensionTests test_average_singleElement_returnsElement]' passed (0.000 seconds).
Test Suite 'CollectionExtensionTests' passed at 2026-05-15 06:37:22.688.
	 Executed 3 tests, with 0 failures (0 unexpected) in 0.001 (0.002) seconds
Test Suite 'ConcurrencyFlagTests' started at 2026-05-15 06:37:22.688.
Test Case '-[Yoga_of_EatingTests.ConcurrencyFlagTests test_isRestoreInProgress_isFalseInitially]' started.
Test Case '-[Yoga_of_EatingTests.ConcurrencyFlagTests test_isRestoreInProgress_isFalseInitially]' passed (0.000 seconds).
Test Case '-[Yoga_of_EatingTests.ConcurrencyFlagTests test_isSyncInProgress_isFalseInitially]' started.
Test Case '-[Yoga_of_EatingTests.ConcurrencyFlagTests test_isSyncInProgress_isFalseInitially]' passed (0.000 seconds).
Test Case '-[Yoga_of_EatingTests.ConcurrencyFlagTests test_restoreFromFirebase_clearsFlag_onFailure]' started.
2026-05-15 06:37:22.691958+0530 Yoga of Eating[16581:133859] [HistoricalSync] Attempt 1/3 failed: Fetch failed. Retrying.
2026-05-15 06:37:23.708640+0530 Yoga of Eating[16581:133859] [HistoricalSync] Attempt 2/3 failed: Fetch failed. Retrying.
2026-05-15 06:37:24.723190+0530 Yoga of Eating[16581:133859] [HistoricalSync] Operation failed after 3 attempts
Test Case '-[Yoga_of_EatingTests.ConcurrencyFlagTests test_restoreFromFirebase_clearsFlag_onFailure]' passed (2.035 seconds).
Test Case '-[Yoga_of_EatingTests.ConcurrencyFlagTests test_restoreFromFirebase_clearsFlag_onSuccess]' started.
2026-05-15 06:37:24.726059+0530 Yoga of Eating[16581:133859] [HistoricalSync] Restore: fetched 1 snapshots for user
Test Case '-[Yoga_of_EatingTests.ConcurrencyFlagTests test_restoreFromFirebase_clearsFlag_onSuccess]' passed (0.002 seconds).
Test Case '-[Yoga_of_EatingTests.ConcurrencyFlagTests test_restoreFromFirebase_whenAlreadyInProgress_isNoOp]' started.
2026-05-15 06:37:24.930808+0530 Yoga of Eating[16581:133859] [HistoricalSync] Restore: fetched 0 snapshots for user
Test Case '-[Yoga_of_EatingTests.ConcurrencyFlagTests test_restoreFromFirebase_whenAlreadyInProgress_isNoOp]' passed (0.205 seconds).
Test Case '-[Yoga_of_EatingTests.ConcurrencyFlagTests test_syncToFirebase_whenRestoreInProgress_doesNotUpload]' started.
2026-05-15 06:37:25.136083+0530 Yoga of Eating[16581:133859] [HistoricalSync] Restore: fetched 0 snapshots for user
Test Case '-[Yoga_of_EatingTests.ConcurrencyFlagTests test_syncToFirebase_whenRestoreInProgress_doesNotUpload]' passed (0.205 seconds).
Test Suite 'ConcurrencyFlagTests' passed at 2026-05-15 06:37:25.138.
	 Executed 6 tests, with 0 failures (0 unexpected) in 2.447 (2.450) seconds
Test Suite 'ConcurrencyTests' started at 2026-05-15 06:37:25.138.
Test Case '-[Yoga_of_EatingTests.ConcurrencyTests test_insightTask_isCancelledBeforeCompletion_withSlowLifecycleService]' started.
2026-05-15 06:37:25.139610+0530 Yoga of Eating[16581:133866] [[FirebaseCore]] 12.7.0 - [FirebaseCore][I-COR000003] The default Firebase app has not yet been configured. Add `FirebaseApp.configure()` to your application initialization. This can be done in in the App Delegate's application(_:didFinishLaunchingWithOptions:)` (or the `@main` struct's initializer in SwiftUI). Read more: https://firebase.google.com/docs/ios/setup#initialize_firebase_in_your_app
Test Case '-[Yoga_of_EatingTests.ConcurrencyTests test_insightTask_isCancelledBeforeCompletion_withSlowLifecycleService]' passed (0.002 seconds).
Test Case '-[Yoga_of_EatingTests.ConcurrencyTests test_insightTask_isCancelledOnRequest]' started.
2026-05-15 06:37:25.143815+0530 Yoga of Eating[16581:133871] [[FirebaseCore]] 12.7.0 - [FirebaseCore][I-COR000003] The default Firebase app has not yet been configured. Add `FirebaseApp.configure()` to your application initialization. This can be done in in the App Delegate's application(_:didFinishLaunchingWithOptions:)` (or the `@main` struct's initializer in SwiftUI). Read more: https://firebase.google.com/docs/ios/setup#initialize_firebase_in_your_app
Test Case '-[Yoga_of_EatingTests.ConcurrencyTests test_insightTask_isCancelledOnRequest]' passed (0.003 seconds).
2026-05-15 06:37:25.144376+0530 Yoga of Eating[16581:133871] [[FirebaseCore]] 12.7.0 - [FirebaseCore][I-COR000003] The default Firebase app has not yet been configured. Add `FirebaseApp.configure()` to your application initialization. This can be done in in the App Delegate's application(_:didFinishLaunchingWithOptions:)` (or the `@main` struct's initializer in SwiftUI). Read more: https://firebase.google.com/docs/ios/setup#initialize_firebase_in_your_app
Test Case '-[Yoga_of_EatingTests.ConcurrencyTests test_insightTask_isStoredDuringGeneration]' started.
2026-05-15 06:37:25.146322+0530 Yoga of Eating[16581:133859] [Reflection] Failed to fetch HealthKit sleep data: Authorization not determined
2026-05-15 06:37:25.147763+0530 Yoga of Eating[16581:133866] [[FirebaseCore]] 12.7.0 - [FirebaseCore][I-COR000003] The default Firebase app has not yet been configured. Add `FirebaseApp.configure()` to your application initialization. This can be done in in the App Delegate's application(_:didFinishLaunchingWithOptions:)` (or the `@main` struct's initializer in SwiftUI). Read more: https://firebase.google.com/docs/ios/setup#initialize_firebase_in_your_app
2026-05-15 06:37:25.148060+0530 Yoga of Eating[16581:133866] [[FirebaseCore]] 12.7.0 - [FirebaseCore][I-COR000003] The default Firebase app has not yet been configured. Add `FirebaseApp.configure()` to your application initialization. This can be done in in the App Delegate's application(_:didFinishLaunchingWithOptions:)` (or the `@main` struct's initializer in SwiftUI). Read more: https://firebase.google.com/docs/ios/setup#initialize_firebase_in_your_app
Test Case '-[Yoga_of_EatingTests.ConcurrencyTests test_insightTask_isStoredDuringGeneration]' passed (0.004 seconds).
Test Case '-[Yoga_of_EatingTests.ConcurrencyTests test_resetMonitorTask_isCancelledAfterDeinit]' started.
2026-05-15 06:37:25.150347+0530 Yoga of Eating[16581:133859] [Reflection] Failed to fetch HealthKit sleep data: Authorization not determined
2026-05-15 06:37:25.150679+0530 Yoga of Eating[16581:133859] [Reflection] Failed to fetch HealthKit sleep data: Authorization not determined
2026-05-15 06:37:25.151424+0530 Yoga of Eating[16581:133867] [[FirebaseCore]] 12.7.0 - [FirebaseCore][I-COR000003] The default Firebase app has not yet been configured. Add `FirebaseApp.configure()` to your application initialization. This can be done in in the App Delegate's application(_:didFinishLaunchingWithOptions:)` (or the `@main` struct's initializer in SwiftUI). Read more: https://firebase.google.com/docs/ios/setup#initialize_firebase_in_your_app
2026-05-15 06:37:25.151510+0530 Yoga of Eating[16581:133867] [[FirebaseCore]] 12.7.0 - [FirebaseCore][I-COR000003] The default Firebase app has not yet been configured. Add `FirebaseApp.configure()` to your application initialization. This can be done in in the App Delegate's application(_:didFinishLaunchingWithOptions:)` (or the `@main` struct's initializer in SwiftUI). Read more: https://firebase.google.com/docs/ios/setup#initialize_firebase_in_your_app
Test Case '-[Yoga_of_EatingTests.ConcurrencyTests test_resetMonitorTask_isCancelledAfterDeinit]' passed (0.003 seconds).
Test Case '-[Yoga_of_EatingTests.ConcurrencyTests test_setupResetMonitoring_storesTask]' started.
2026-05-15 06:37:25.153095+0530 Yoga of Eating[16581:133868] [[FirebaseCore]] 12.7.0 - [FirebaseCore][I-COR000003] The default Firebase app has not yet been configured. Add `FirebaseApp.configure()` to your application initialization. This can be done in in the App Delegate's application(_:didFinishLaunchingWithOptions:)` (or the `@main` struct's initializer in SwiftUI). Read more: https://firebase.google.com/docs/ios/setup#initialize_firebase_in_your_app
2026-05-15 06:37:25.153241+0530 Yoga of Eating[16581:133868] [[FirebaseCore]] 12.7.0 - [FirebaseCore][I-COR000003] The default Firebase app has not yet been configured. Add `FirebaseApp.configure()` to your application initialization. This can be done in in the App Delegate's application(_:didFinishLaunchingWithOptions:)` (or the `@main` struct's initializer in SwiftUI). Read more: https://firebase.google.com/docs/ios/setup#initialize_firebase_in_your_app
Test Case '-[Yoga_of_EatingTests.ConcurrencyTests test_setupResetMonitoring_storesTask]' passed (0.001 seconds).
Test Case '-[Yoga_of_EatingTests.ConcurrencyTests test_sleepBadgeTask_isNilBeforeFetch]' started.
2026-05-15 06:37:25.155477+0530 Yoga of Eating[16581:133868] [[FirebaseCore]] 12.7.0 - [FirebaseCore][I-COR000003] The default Firebase app has not yet been configured. Add `FirebaseApp.configure()` to your application initialization. This can be done in in the App Delegate's application(_:didFinishLaunchingWithOptions:)` (or the `@main` struct's initializer in SwiftUI). Read more: https://firebase.google.com/docs/ios/setup#initialize_firebase_in_your_app
2026-05-15 06:37:25.155604+0530 Yoga of Eating[16581:133868] [[FirebaseCore]] 12.7.0 - [FirebaseCore][I-COR000003] The default Firebase app has not yet been configured. Add `FirebaseApp.configure()` to your application initialization. This can be done in in the App Delegate's application(_:didFinishLaunchingWithOptions:)` (or the `@main` struct's initializer in SwiftUI). Read more: https://firebase.google.com/docs/ios/setup#initialize_firebase_in_your_app
Test Case '-[Yoga_of_EatingTests.ConcurrencyTests test_sleepBadgeTask_isNilBeforeFetch]' passed (0.001 seconds).
Test Suite 'ConcurrencyTests' passed at 2026-05-15 06:37:25.156.
	 Executed 6 tests, with 0 failures (0 unexpected) in 0.015 (0.018) seconds
Test Suite 'ConcurrentAnalysisTests' started at 2026-05-15 06:37:25.156.
Test Case '-[Yoga_of_EatingTests.ConcurrentAnalysisTests test_coordinatorTask_clearedAfterAnalysisCompletes]' started.
2026-05-15 06:37:25.157322+0530 Yoga of Eating[16581:133859] [Reflection] Failed to fetch HealthKit sleep data: Authorization not determined
2026-05-15 06:37:25.157801+0530 Yoga of Eating[16581:133859] [Reflection] Failed to fetch HealthKit sleep data: Authorization not determined
2026-05-15 06:37:25.158011+0530 Yoga of Eating[16581:133859] [Reflection] Failed to fetch HealthKit sleep data: Authorization not determined
2026-05-15 06:37:25.158178+0530 Yoga of Eating[16581:133866] [[FirebaseCore]] 12.7.0 - [FirebaseCore][I-COR000003] The default Firebase app has not yet been configured. Add `FirebaseApp.configure()` to your application initialization. This can be done in in the App Delegate's application(_:didFinishLaunchingWithOptions:)` (or the `@main` struct's initializer in SwiftUI). Read more: https://firebase.google.com/docs/ios/setup#initialize_firebase_in_your_app
2026-05-15 06:37:25.161361+0530 Yoga of Eating[16581:133859] [Reflection] Failed to fetch HealthKit sleep data: Authorization not determined
2026-05-15 06:37:25.161743+0530 Yoga of Eating[16581:133859] [Reflection] Failed to fetch HealthKit sleep data: Authorization not determined
2026-05-15 06:37:25.163262+0530 Yoga of Eating[16581:133859] [Reflection] Failed to fetch HealthKit sleep data: Authorization not determined
Test Case '-[Yoga_of_EatingTests.ConcurrentAnalysisTests test_coordinatorTask_clearedAfterAnalysisCompletes]' passed (0.320 seconds).
Test Case '-[Yoga_of_EatingTests.ConcurrentAnalysisTests test_updateMeal_contentChanged_cancelsExistingTaskBeforeStartingNew]' started.
2026-05-15 06:37:25.478922+0530 Yoga of Eating[16581:133866] [[FirebaseCore]] 12.7.0 - [FirebaseCore][I-COR000003] The default Firebase app has not yet been configured. Add `FirebaseApp.configure()` to your application initialization. This can be done in in the App Delegate's application(_:didFinishLaunchingWithOptions:)` (or the `@main` struct's initializer in SwiftUI). Read more: https://firebase.google.com/docs/ios/setup#initialize_firebase_in_your_app
2026-05-15 06:37:25.479499+0530 Yoga of Eating[16581:133859] [AIAnalysisCoordinator] AI analysis failed (meal redacted for privacy)
Test Case '-[Yoga_of_EatingTests.ConcurrentAnalysisTests test_updateMeal_contentChanged_cancelsExistingTaskBeforeStartingNew]' passed (0.015 seconds).
Test Case '-[Yoga_of_EatingTests.ConcurrentAnalysisTests test_updateMeal_contentChanged_storesTaskInCoordinator]' started.
2026-05-15 06:37:25.494300+0530 Yoga of Eating[16581:133868] [[FirebaseCore]] 12.7.0 - [FirebaseCore][I-COR000003] The default Firebase app has not yet been configured. Add `FirebaseApp.configure()` to your application initialization. This can be done in in the App Delegate's application(_:didFinishLaunchingWithOptions:)` (or the `@main` struct's initializer in SwiftUI). Read more: https://firebase.google.com/docs/ios/setup#initialize_firebase_in_your_app
Test Case '-[Yoga_of_EatingTests.ConcurrentAnalysisTests test_updateMeal_contentChanged_storesTaskInCoordinator]' passed (0.002 seconds).
Test Case '-[Yoga_of_EatingTests.ConcurrentAnalysisTests test_updateMeal_needsAIAnalysis_cancelsExistingTaskBeforeStartingNew]' started.
2026-05-15 06:37:25.496933+0530 Yoga of Eating[16581:133867] [[FirebaseCore]] 12.7.0 - [FirebaseCore][I-COR000003] The default Firebase app has not yet been configured. Add `FirebaseApp.configure()` to your application initialization. This can be done in in the App Delegate's application(_:didFinishLaunchingWithOptions:)` (or the `@main` struct's initializer in SwiftUI). Read more: https://firebase.google.com/docs/ios/setup#initialize_firebase_in_your_app
2026-05-15 06:37:25.812311+0530 Yoga of Eating[16581:133859] [AIAnalysisCoordinator] AI analysis failed (meal redacted for privacy)
Test Case '-[Yoga_of_EatingTests.ConcurrentAnalysisTests test_updateMeal_needsAIAnalysis_cancelsExistingTaskBeforeStartingNew]' passed (0.329 seconds).
Test Case '-[Yoga_of_EatingTests.ConcurrentAnalysisTests test_updateMeal_needsAIAnalysis_storesTaskInCoordinator]' started.
2026-05-15 06:37:25.825345+0530 Yoga of Eating[16581:133868] [[FirebaseCore]] 12.7.0 - [FirebaseCore][I-COR000003] The default Firebase app has not yet been configured. Add `FirebaseApp.configure()` to your application initialization. This can be done in in the App Delegate's application(_:didFinishLaunchingWithOptions:)` (or the `@main` struct's initializer in SwiftUI). Read more: https://firebase.google.com/docs/ios/setup#initialize_firebase_in_your_app
Test Case '-[Yoga_of_EatingTests.ConcurrentAnalysisTests test_updateMeal_needsAIAnalysis_storesTaskInCoordinator]' passed (0.306 seconds).
Test Case '-[Yoga_of_EatingTests.ConcurrentAnalysisTests test_updateMealItems_cancelsExistingTaskBeforeStartingNew]' started.
2026-05-15 06:37:26.132018+0530 Yoga of Eating[16581:133871] [[FirebaseCore]] 12.7.0 - [FirebaseCore][I-COR000003] The default Firebase app has not yet been configured. Add `FirebaseApp.configure()` to your application initialization. This can be done in in the App Delegate's application(_:didFinishLaunchingWithOptions:)` (or the `@main` struct's initializer in SwiftUI). Read more: https://firebase.google.com/docs/ios/setup#initialize_firebase_in_your_app
2026-05-15 06:37:26.132524+0530 Yoga of Eating[16581:133859] [AIAnalysisCoordinator] AI analysis failed (meal redacted for privacy)
Test Case '-[Yoga_of_EatingTests.ConcurrentAnalysisTests test_updateMealItems_cancelsExistingTaskBeforeStartingNew]' passed (0.014 seconds).
Test Case '-[Yoga_of_EatingTests.ConcurrentAnalysisTests test_updateMealItems_rapidUpdates_onlyOneAnalysisRunsAtATime]' started.
2026-05-15 06:37:26.147379+0530 Yoga of Eating[16581:133868] [[FirebaseCore]] 12.7.0 - [FirebaseCore][I-COR000003] The default Firebase app has not yet been configured. Add `FirebaseApp.configure()` to your application initialization. This can be done in in the App Delegate's application(_:didFinishLaunchingWithOptions:)` (or the `@main` struct's initializer in SwiftUI). Read more: https://firebase.google.com/docs/ios/setup#initialize_firebase_in_your_app
2026-05-15 06:37:26.148038+0530 Yoga of Eating[16581:133859] [AIAnalysisCoordinator] AI analysis failed (meal redacted for privacy)
2026-05-15 06:37:26.148194+0530 Yoga of Eating[16581:133859] [AIAnalysisCoordinator] AI analysis failed (meal redacted for privacy)
Test Case '-[Yoga_of_EatingTests.ConcurrentAnalysisTests test_updateMealItems_rapidUpdates_onlyOneAnalysisRunsAtATime]' passed (0.207 seconds).
Test Case '-[Yoga_of_EatingTests.ConcurrentAnalysisTests test_updateMealItems_storesTaskInCoordinator]' started.
2026-05-15 06:37:26.355053+0530 Yoga of Eating[16581:133866] [[FirebaseCore]] 12.7.0 - [FirebaseCore][I-COR000003] The default Firebase app has not yet been configured. Add `FirebaseApp.configure()` to your application initialization. This can be done in in the App Delegate's application(_:didFinishLaunchingWithOptions:)` (or the `@main` struct's initializer in SwiftUI). Read more: https://firebase.google.com/docs/ios/setup#initialize_firebase_in_your_app
Test Case '-[Yoga_of_EatingTests.ConcurrentAnalysisTests test_updateMealItems_storesTaskInCoordinator]' passed (0.002 seconds).
Test Suite 'ConcurrentAnalysisTests' passed at 2026-05-15 06:37:26.357.
	 Executed 8 tests, with 0 failures (0 unexpected) in 1.196 (1.200) seconds
Test Suite 'DailyInsightModelTests' started at 2026-05-15 06:37:26.357.
Test Case '-[Yoga_of_EatingTests.DailyInsightModelTests test_dailyInsight_confidence_clampedToOne_whenAbove]' started.
Test Case '-[Yoga_of_EatingTests.DailyInsightModelTests test_dailyInsight_confidence_clampedToOne_whenAbove]' passed (0.001 seconds).
Test Case '-[Yoga_of_EatingTests.DailyInsightModelTests test_dailyInsight_confidence_clampedToZero_whenBelow]' started.
Test Case '-[Yoga_of_EatingTests.DailyInsightModelTests test_dailyInsight_confidence_clampedToZero_whenBelow]' passed (0.001 seconds).
Test Case '-[Yoga_of_EatingTests.DailyInsightModelTests test_dailyInsight_confidence_preserved_whenInRange]' started.
Test Case '-[Yoga_of_EatingTests.DailyInsightModelTests test_dailyInsight_confidence_preserved_whenInRange]' passed (0.001 seconds).
Test Case '-[Yoga_of_EatingTests.DailyInsightModelTests test_dailyInsight_equalToItself]' started.
Test Case '-[Yoga_of_EatingTests.DailyInsightModelTests test_dailyInsight_equalToItself]' passed (0.001 seconds).
Test Case '-[Yoga_of_EatingTests.DailyInsightModelTests test_dailyInsight_hasCorrelations_falseWhenEmpty]' started.
Test Case '-[Yoga_of_EatingTests.DailyInsightModelTests test_dailyInsight_hasCorrelations_falseWhenEmpty]' passed (0.001 seconds).
Test Case '-[Yoga_of_EatingTests.DailyInsightModelTests test_dailyInsight_hasCorrelations_trueWhenNonEmpty]' started.
Test Case '-[Yoga_of_EatingTests.DailyInsightModelTests test_dailyInsight_hasCorrelations_trueWhenNonEmpty]' passed (0.001 seconds).
Test Case '-[Yoga_of_EatingTests.DailyInsightModelTests test_dailyInsight_hasRequiredFields]' started.
Test Case '-[Yoga_of_EatingTests.DailyInsightModelTests test_dailyInsight_hasRequiredFields]' passed (0.001 seconds).
Test Case '-[Yoga_of_EatingTests.DailyInsightModelTests test_dailyInsight_markAsViewed_isIdempotent]' started.
Test Case '-[Yoga_of_EatingTests.DailyInsightModelTests test_dailyInsight_markAsViewed_isIdempotent]' passed (0.001 seconds).
Test Case '-[Yoga_of_EatingTests.DailyInsightModelTests test_dailyInsight_markAsViewed_setsFlag]' started.
Test Case '-[Yoga_of_EatingTests.DailyInsightModelTests test_dailyInsight_markAsViewed_setsFlag]' passed (0.001 seconds).
Test Case '-[Yoga_of_EatingTests.DailyInsightModelTests test_dailyInsight_notEqualWhenIdDiffers]' started.
Test Case '-[Yoga_of_EatingTests.DailyInsightModelTests test_dailyInsight_notEqualWhenIdDiffers]' passed (0.001 seconds).
Test Case '-[Yoga_of_EatingTests.DailyInsightModelTests test_dailyInsight_topCorrelation_nilWhenNoCards]' started.
Test Case '-[Yoga_of_EatingTests.DailyInsightModelTests test_dailyInsight_topCorrelation_nilWhenNoCards]' passed (0.001 seconds).
Test Case '-[Yoga_of_EatingTests.DailyInsightModelTests test_dailyInsight_topCorrelation_returnsHighestConfidence]' started.
Test Case '-[Yoga_of_EatingTests.DailyInsightModelTests test_dailyInsight_topCorrelation_returnsHighestConfidence]' passed (0.001 seconds).
Test Suite 'DailyInsightModelTests' passed at 2026-05-15 06:37:26.372.
	 Executed 12 tests, with 0 failures (0 unexpected) in 0.010 (0.015) seconds
Test Suite 'DailyInsightPersistenceRoundTripTests' started at 2026-05-15 06:37:26.372.
Test Case '-[Yoga_of_EatingTests.DailyInsightPersistenceRoundTripTests test_decode_withExtraUnknownKeys_doesNotThrow]' started.
Test Case '-[Yoga_of_EatingTests.DailyInsightPersistenceRoundTripTests test_decode_withExtraUnknownKeys_doesNotThrow]' passed (0.011 seconds).
Test Case '-[Yoga_of_EatingTests.DailyInsightPersistenceRoundTripTests test_encode_decode_roundTrip_preservesAllFields]' started.
Test Case '-[Yoga_of_EatingTests.DailyInsightPersistenceRoundTripTests test_encode_decode_roundTrip_preservesAllFields]' passed (0.001 seconds).
Test Case '-[Yoga_of_EatingTests.DailyInsightPersistenceRoundTripTests test_encode_decode_roundTrip_withNilOptionals_usesDefaults]' started.
Test Case '-[Yoga_of_EatingTests.DailyInsightPersistenceRoundTripTests test_encode_decode_roundTrip_withNilOptionals_usesDefaults]' passed (0.001 seconds).
Test Suite 'DailyInsightPersistenceRoundTripTests' passed at 2026-05-15 06:37:26.385.
	 Executed 3 tests, with 0 failures (0 unexpected) in 0.012 (0.014) seconds
Test Suite 'DailyReflectionTests' started at 2026-05-15 06:37:26.386.
Test Case '-[Yoga_of_EatingTests.DailyReflectionTests test_allFeelingCases_encodeAndDecode]' started.
Test Case '-[Yoga_of_EatingTests.DailyReflectionTests test_allFeelingCases_encodeAndDecode]' passed (0.003 seconds).
Test Case '-[Yoga_of_EatingTests.DailyReflectionTests test_allSleepQualityCases_encodeAndDecode]' started.
Test Case '-[Yoga_of_EatingTests.DailyReflectionTests test_allSleepQualityCases_encodeAndDecode]' passed (0.001 seconds).
Test Case '-[Yoga_of_EatingTests.DailyReflectionTests test_codable_backwardCompatibility_withoutNewTimestampFields]' started.
Test Case '-[Yoga_of_EatingTests.DailyReflectionTests test_codable_backwardCompatibility_withoutNewTimestampFields]' passed (0.001 seconds).
Test Case '-[Yoga_of_EatingTests.DailyReflectionTests test_codable_decodesLegacyData_withoutOptionalFields]' started.
Test Case '-[Yoga_of_EatingTests.DailyReflectionTests test_codable_decodesLegacyData_withoutOptionalFields]' passed (0.001 seconds).
Test Case '-[Yoga_of_EatingTests.DailyReflectionTests test_codable_encodesAndDecodes_withAllProperties]' started.
Test Case '-[Yoga_of_EatingTests.DailyReflectionTests test_codable_encodesAndDecodes_withAllProperties]' passed (0.001 seconds).
Test Case '-[Yoga_of_EatingTests.DailyReflectionTests test_codable_encodesAndDecodes_withNilOptionals]' started.
Test Case '-[Yoga_of_EatingTests.DailyReflectionTests test_codable_encodesAndDecodes_withNilOptionals]' passed (0.001 seconds).
Test Case '-[Yoga_of_EatingTests.DailyReflectionTests test_codable_encodesAndDecodes_withSeparateTimestamps]' started.
Test Case '-[Yoga_of_EatingTests.DailyReflectionTests test_codable_encodesAndDecodes_withSeparateTimestamps]' passed (0.001 seconds).
Test Case '-[Yoga_of_EatingTests.DailyReflectionTests test_equatable_returnsFalseForDifferentFeelings]' started.
Test Case '-[Yoga_of_EatingTests.DailyReflectionTests test_equatable_returnsFalseForDifferentFeelings]' passed (0.000 seconds).
Test Case '-[Yoga_of_EatingTests.DailyReflectionTests test_equatable_returnsTrueForIdenticalReflections]' started.
Test Case '-[Yoga_of_EatingTests.DailyReflectionTests test_equatable_returnsTrueForIdenticalReflections]' passed (0.000 seconds).
Test Case '-[Yoga_of_EatingTests.DailyReflectionTests test_hasFeelingLogged_returnsFalseWhenNoFeeling]' started.
Test Case '-[Yoga_of_EatingTests.DailyReflectionTests test_hasFeelingLogged_returnsFalseWhenNoFeeling]' passed (0.000 seconds).
Test Case '-[Yoga_of_EatingTests.DailyReflectionTests test_hasFeelingLogged_returnsTrueWhenFeelingExists]' started.
Test Case '-[Yoga_of_EatingTests.DailyReflectionTests test_hasFeelingLogged_returnsTrueWhenFeelingExists]' passed (0.000 seconds).
Test Case '-[Yoga_of_EatingTests.DailyReflectionTests test_hasSleepLogged_returnsFalseWhenNoSleepQuality]' started.
Test Case '-[Yoga_of_EatingTests.DailyReflectionTests test_hasSleepLogged_returnsFalseWhenNoSleepQuality]' passed (0.001 seconds).
Test Case '-[Yoga_of_EatingTests.DailyReflectionTests test_hasSleepLogged_returnsTrueWhenSleepQualityExists]' started.
Test Case '-[Yoga_of_EatingTests.DailyReflectionTests test_hasSleepLogged_returnsTrueWhenSleepQualityExists]' passed (0.000 seconds).
Test Case '-[Yoga_of_EatingTests.DailyReflectionTests test_init_withAllParameters_setsPropertiesCorrectly]' started.
Test Case '-[Yoga_of_EatingTests.DailyReflectionTests test_init_withAllParameters_setsPropertiesCorrectly]' passed (0.001 seconds).
Test Case '-[Yoga_of_EatingTests.DailyReflectionTests test_init_withEmptyNote_treatsAsEmptyString]' started.
Test Case '-[Yoga_of_EatingTests.DailyReflectionTests test_init_withEmptyNote_treatsAsEmptyString]' passed (0.000 seconds).
Test Case '-[Yoga_of_EatingTests.DailyReflectionTests test_init_withMinimalParameters_setsDefaults]' started.
Test Case '-[Yoga_of_EatingTests.DailyReflectionTests test_init_withMinimalParameters_setsDefaults]' passed (0.000 seconds).
Test Case '-[Yoga_of_EatingTests.DailyReflectionTests test_init_withNilOptionals_acceptsNilValues]' started.
Test Case '-[Yoga_of_EatingTests.DailyReflectionTests test_init_withNilOptionals_acceptsNilValues]' passed (0.000 seconds).
Test Case '-[Yoga_of_EatingTests.DailyReflectionTests test_init_withOnlyFeeling_setsFeelingLoggedAt]' started.
Test Case '-[Yoga_of_EatingTests.DailyReflectionTests test_init_withOnlyFeeling_setsFeelingLoggedAt]' passed (0.000 seconds).
Test Case '-[Yoga_of_EatingTests.DailyReflectionTests test_init_withOnlySleepQuality_setsSleepLoggedAt]' started.
Test Case '-[Yoga_of_EatingTests.DailyReflectionTests test_init_withOnlySleepQuality_setsSleepLoggedAt]' passed (0.000 seconds).
Test Case '-[Yoga_of_EatingTests.DailyReflectionTests test_init_withSeparateTimestamps_setsPropertiesCorrectly]' started.
Test Case '-[Yoga_of_EatingTests.DailyReflectionTests test_init_withSeparateTimestamps_setsPropertiesCorrectly]' passed (0.000 seconds).
Test Case '-[Yoga_of_EatingTests.DailyReflectionTests test_mergeReflections_combinesSleepAndFeeling]' started.
Test Case '-[Yoga_of_EatingTests.DailyReflectionTests test_mergeReflections_combinesSleepAndFeeling]' passed (0.000 seconds).
Test Case '-[Yoga_of_EatingTests.DailyReflectionTests test_reflection_withSpecialCharactersInNote_handlesCorrectly]' started.
Test Case '-[Yoga_of_EatingTests.DailyReflectionTests test_reflection_withSpecialCharactersInNote_handlesCorrectly]' passed (0.000 seconds).
Test Case '-[Yoga_of_EatingTests.DailyReflectionTests test_reflection_withVeryLongNote_handlesCorrectly]' started.
Test Case '-[Yoga_of_EatingTests.DailyReflectionTests test_reflection_withVeryLongNote_handlesCorrectly]' passed (0.000 seconds).
Test Case '-[Yoga_of_EatingTests.DailyReflectionTests test_reflectionFeeling_codable_encodesAndDecodes]' started.
Test Case '-[Yoga_of_EatingTests.DailyReflectionTests test_reflectionFeeling_codable_encodesAndDecodes]' passed (0.000 seconds).
Test Case '-[Yoga_of_EatingTests.DailyReflectionTests test_reflectionFeeling_displayName_returnsCorrectName]' started.
Test Case '-[Yoga_of_EatingTests.DailyReflectionTests test_reflectionFeeling_displayName_returnsCorrectName]' passed (0.000 seconds).
Test Case '-[Yoga_of_EatingTests.DailyReflectionTests test_reflectionFeeling_emoji_returnsCorrectEmoji]' started.
Test Case '-[Yoga_of_EatingTests.DailyReflectionTests test_reflectionFeeling_emoji_returnsCorrectEmoji]' passed (0.000 seconds).
Test Case '-[Yoga_of_EatingTests.DailyReflectionTests test_reflectionFeeling_hasAllExpectedCases]' started.
Test Case '-[Yoga_of_EatingTests.DailyReflectionTests test_reflectionFeeling_hasAllExpectedCases]' passed (0.000 seconds).
Test Case '-[Yoga_of_EatingTests.DailyReflectionTests test_reflectionFeeling_rawValues_areCorrect]' started.
Test Case '-[Yoga_of_EatingTests.DailyReflectionTests test_reflectionFeeling_rawValues_areCorrect]' passed (0.000 seconds).
Test Case '-[Yoga_of_EatingTests.DailyReflectionTests test_sleepQuality_codable_encodesAndDecodes]' started.
Test Case '-[Yoga_of_EatingTests.DailyReflectionTests test_sleepQuality_codable_encodesAndDecodes]' passed (0.000 seconds).
Test Case '-[Yoga_of_EatingTests.DailyReflectionTests test_sleepQuality_displayName_returnsCorrectName]' started.
Test Case '-[Yoga_of_EatingTests.DailyReflectionTests test_sleepQuality_displayName_returnsCorrectName]' passed (0.000 seconds).
Test Case '-[Yoga_of_EatingTests.DailyReflectionTests test_sleepQuality_emoji_returnsCorrectEmoji]' started.
Test Case '-[Yoga_of_EatingTests.DailyReflectionTests test_sleepQuality_emoji_returnsCorrectEmoji]' passed (0.000 seconds).
Test Case '-[Yoga_of_EatingTests.DailyReflectionTests test_sleepQuality_hasAllExpectedCases]' started.
Test Case '-[Yoga_of_EatingTests.DailyReflectionTests test_sleepQuality_hasAllExpectedCases]' passed (0.000 seconds).
Test Case '-[Yoga_of_EatingTests.DailyReflectionTests test_sleepQuality_rawValues_areCorrect]' started.
Test Case '-[Yoga_of_EatingTests.DailyReflectionTests test_sleepQuality_rawValues_areCorrect]' passed (0.000 seconds).
Test Case '-[Yoga_of_EatingTests.DailyReflectionTests test_snapshot_reflectionIsOptional_defaultsToNil]' started.
Test Case '-[Yoga_of_EatingTests.DailyReflectionTests test_snapshot_reflectionIsOptional_defaultsToNil]' passed (0.000 seconds).
Test Case '-[Yoga_of_EatingTests.DailyReflectionTests test_snapshot_withoutReflection_decodesWithNilReflection]' started.
Test Case '-[Yoga_of_EatingTests.DailyReflectionTests test_snapshot_withoutReflection_decodesWithNilReflection]' passed (0.000 seconds).
Test Case '-[Yoga_of_EatingTests.DailyReflectionTests test_snapshot_withReflection_encodesAndDecodes]' started.
Test Case '-[Yoga_of_EatingTests.DailyReflectionTests test_snapshot_withReflection_encodesAndDecodes]' passed (0.013 seconds).
Test Case '-[Yoga_of_EatingTests.DailyReflectionTests test_updateFeeling_createsNewReflectionWithFeeling]' started.
Test Case '-[Yoga_of_EatingTests.DailyReflectionTests test_updateFeeling_createsNewReflectionWithFeeling]' passed (0.000 seconds).
Test Case '-[Yoga_of_EatingTests.DailyReflectionTests test_updateSleepQuality_createsNewReflectionWithSleep]' started.
Test Case '-[Yoga_of_EatingTests.DailyReflectionTests test_updateSleepQuality_createsNewReflectionWithSleep]' passed (0.000 seconds).
Test Suite 'DailyReflectionTests' passed at 2026-05-15 06:37:26.425.
	 Executed 38 tests, with 0 failures (0 unexpected) in 0.031 (0.039) seconds
Test Suite 'DailySmileySnapshotTests' started at 2026-05-15 06:37:26.425.
Test Case '-[Yoga_of_EatingTests.DailySmileySnapshotTests test_averageHealthScore_calculatedCorrectly_withMultipleMeals]' started.
Test Case '-[Yoga_of_EatingTests.DailySmileySnapshotTests test_averageHealthScore_calculatedCorrectly_withMultipleMeals]' passed (0.001 seconds).
Test Case '-[Yoga_of_EatingTests.DailySmileySnapshotTests test_codable_encodesAndDecodes_successfully]' started.
Test Case '-[Yoga_of_EatingTests.DailySmileySnapshotTests test_codable_encodesAndDecodes_successfully]' passed (0.000 seconds).
Test Case '-[Yoga_of_EatingTests.DailySmileySnapshotTests test_codable_preserves_allProperties]' started.
Test Case '-[Yoga_of_EatingTests.DailySmileySnapshotTests test_codable_preserves_allProperties]' passed (0.000 seconds).
Test Case '-[Yoga_of_EatingTests.DailySmileySnapshotTests test_displayState_dimmedOpacity_whenEmpty]' started.
Test Case '-[Yoga_of_EatingTests.DailySmileySnapshotTests test_displayState_dimmedOpacity_whenEmpty]' passed (0.000 seconds).
Test Case '-[Yoga_of_EatingTests.DailySmileySnapshotTests test_displayState_returnsActualState_whenNotEmpty]' started.
Test Case '-[Yoga_of_EatingTests.DailySmileySnapshotTests test_displayState_returnsActualState_whenNotEmpty]' passed (0.000 seconds).
Test Case '-[Yoga_of_EatingTests.DailySmileySnapshotTests test_displayState_returnsNeutral_whenEmpty]' started.
Test Case '-[Yoga_of_EatingTests.DailySmileySnapshotTests test_displayState_returnsNeutral_whenEmpty]' passed (0.000 seconds).
Test Case '-[Yoga_of_EatingTests.DailySmileySnapshotTests test_id_isUnique_forDifferentSnapshots]' started.
Test Case '-[Yoga_of_EatingTests.DailySmileySnapshotTests test_id_isUnique_forDifferentSnapshots]' passed (0.000 seconds).
Test Case '-[Yoga_of_EatingTests.DailySmileySnapshotTests test_init_normalizes_dateToMidnight]' started.
Test Case '-[Yoga_of_EatingTests.DailySmileySnapshotTests test_init_normalizes_dateToMidnight]' passed (0.000 seconds).
Test Case '-[Yoga_of_EatingTests.DailySmileySnapshotTests test_init_setsAllProperties_correctly]' started.
Test Case '-[Yoga_of_EatingTests.DailySmileySnapshotTests test_init_setsAllProperties_correctly]' passed (0.002 seconds).
Test Case '-[Yoga_of_EatingTests.DailySmileySnapshotTests test_isEmpty_returnsFalse_whenHasMeals]' started.
Test Case '-[Yoga_of_EatingTests.DailySmileySnapshotTests test_isEmpty_returnsFalse_whenHasMeals]' passed (0.000 seconds).
Test Case '-[Yoga_of_EatingTests.DailySmileySnapshotTests test_isEmpty_returnsTrue_whenNoMeals]' started.
Test Case '-[Yoga_of_EatingTests.DailySmileySnapshotTests test_isEmpty_returnsTrue_whenNoMeals]' passed (0.000 seconds).
Test Case '-[Yoga_of_EatingTests.DailySmileySnapshotTests test_mealCount_matchesArray_count]' started.
Test Case '-[Yoga_of_EatingTests.DailySmileySnapshotTests test_mealCount_matchesArray_count]' passed (0.000 seconds).
Test Case '-[Yoga_of_EatingTests.DailySmileySnapshotTests test_snapshot_hasEveningMindCheck_returnsFalseWhenEmpty]' started.
Test Case '-[Yoga_of_EatingTests.DailySmileySnapshotTests test_snapshot_hasEveningMindCheck_returnsFalseWhenEmpty]' passed (0.000 seconds).
Test Case '-[Yoga_of_EatingTests.DailySmileySnapshotTests test_snapshot_hasEveningMindCheck_returnsFalseWhenNil]' started.
Test Case '-[Yoga_of_EatingTests.DailySmileySnapshotTests test_snapshot_hasEveningMindCheck_returnsFalseWhenNil]' passed (0.000 seconds).
Test Case '-[Yoga_of_EatingTests.DailySmileySnapshotTests test_snapshot_hasEveningMindCheck_returnsTrueWhenPresent]' started.
Test Case '-[Yoga_of_EatingTests.DailySmileySnapshotTests test_snapshot_hasEveningMindCheck_returnsTrueWhenPresent]' passed (0.000 seconds).
Test Case '-[Yoga_of_EatingTests.DailySmileySnapshotTests test_snapshot_hasInsight_returnsFalseWhenNil]' started.
Test Case '-[Yoga_of_EatingTests.DailySmileySnapshotTests test_snapshot_hasInsight_returnsFalseWhenNil]' passed (0.000 seconds).
Test Case '-[Yoga_of_EatingTests.DailySmileySnapshotTests test_snapshot_hasInsight_returnsTrueWhenPresent]' started.
Test Case '-[Yoga_of_EatingTests.DailySmileySnapshotTests test_snapshot_hasInsight_returnsTrueWhenPresent]' passed (0.000 seconds).
Test Case '-[Yoga_of_EatingTests.DailySmileySnapshotTests test_snapshot_hasMorningMindCheck_returnsFalseWhenEmpty]' started.
Test Case '-[Yoga_of_EatingTests.DailySmileySnapshotTests test_snapshot_hasMorningMindCheck_returnsFalseWhenEmpty]' passed (0.000 seconds).
Test Case '-[Yoga_of_EatingTests.DailySmileySnapshotTests test_snapshot_hasMorningMindCheck_returnsFalseWhenNil]' started.
Test Case '-[Yoga_of_EatingTests.DailySmileySnapshotTests test_snapshot_hasMorningMindCheck_returnsFalseWhenNil]' passed (0.000 seconds).
Test Case '-[Yoga_of_EatingTests.DailySmileySnapshotTests test_snapshot_hasMorningMindCheck_returnsTrueWhenPresent]' started.
Test Case '-[Yoga_of_EatingTests.DailySmileySnapshotTests test_snapshot_hasMorningMindCheck_returnsTrueWhenPresent]' passed (0.000 seconds).
Test Case '-[Yoga_of_EatingTests.DailySmileySnapshotTests test_snapshot_legacyData_decodesWithNilInsight]' started.
Test Case '-[Yoga_of_EatingTests.DailySmileySnapshotTests test_snapshot_legacyData_decodesWithNilInsight]' passed (0.000 seconds).
Test Case '-[Yoga_of_EatingTests.DailySmileySnapshotTests test_snapshot_legacyData_decodesWithNilMindChecks]' started.
Test Case '-[Yoga_of_EatingTests.DailySmileySnapshotTests test_snapshot_legacyData_decodesWithNilMindChecks]' passed (0.000 seconds).
Test Case '-[Yoga_of_EatingTests.DailySmileySnapshotTests test_snapshot_withBothMindChecks_encodesAndDecodes]' started.
Test Case '-[Yoga_of_EatingTests.DailySmileySnapshotTests test_snapshot_withBothMindChecks_encodesAndDecodes]' passed (0.000 seconds).
Test Case '-[Yoga_of_EatingTests.DailySmileySnapshotTests test_snapshot_withEveningMindCheck_encodesAndDecodes]' started.
Test Case '-[Yoga_of_EatingTests.DailySmileySnapshotTests test_snapshot_withEveningMindCheck_encodesAndDecodes]' passed (0.000 seconds).
Test Case '-[Yoga_of_EatingTests.DailySmileySnapshotTests test_snapshot_withInsight_createsUpdatedCopy]' started.
Test Case '-[Yoga_of_EatingTests.DailySmileySnapshotTests test_snapshot_withInsight_createsUpdatedCopy]' passed (0.000 seconds).
Test Case '-[Yoga_of_EatingTests.DailySmileySnapshotTests test_snapshot_withInsight_encodesAndDecodes]' started.
Test Case '-[Yoga_of_EatingTests.DailySmileySnapshotTests test_snapshot_withInsight_encodesAndDecodes]' passed (0.000 seconds).
Test Case '-[Yoga_of_EatingTests.DailySmileySnapshotTests test_snapshot_withMorningMindCheck_encodesAndDecodes]' started.
Test Case '-[Yoga_of_EatingTests.DailySmileySnapshotTests test_snapshot_withMorningMindCheck_encodesAndDecodes]' passed (0.000 seconds).
Test Suite 'DailySmileySnapshotTests' passed at 2026-05-15 06:37:26.440.
	 Executed 27 tests, with 0 failures (0 unexpected) in 0.011 (0.015) seconds
Test Suite 'DailySmileySnapshotWellbeingTests' started at 2026-05-15 06:37:26.440.
Test Case '-[Yoga_of_EatingTests.DailySmileySnapshotWellbeingTests test_codableRoundTrip_withBothFields_preservesAll]' started.
Test Case '-[Yoga_of_EatingTests.DailySmileySnapshotWellbeingTests test_codableRoundTrip_withBothFields_preservesAll]' passed (0.000 seconds).
Test Case '-[Yoga_of_EatingTests.DailySmileySnapshotWellbeingTests test_codableRoundTrip_withTextSignals]' started.
Test Case '-[Yoga_of_EatingTests.DailySmileySnapshotWellbeingTests test_codableRoundTrip_withTextSignals]' passed (0.000 seconds).
Test Case '-[Yoga_of_EatingTests.DailySmileySnapshotWellbeingTests test_codableRoundTrip_withWellbeingDimensions]' started.
Test Case '-[Yoga_of_EatingTests.DailySmileySnapshotWellbeingTests test_codableRoundTrip_withWellbeingDimensions]' passed (0.000 seconds).
Test Case '-[Yoga_of_EatingTests.DailySmileySnapshotWellbeingTests test_decodesFromLegacyJSON_nilFieldsDoNotCrash]' started.
Test Case '-[Yoga_of_EatingTests.DailySmileySnapshotWellbeingTests test_decodesFromLegacyJSON_nilFieldsDoNotCrash]' passed (0.000 seconds).
Test Case '-[Yoga_of_EatingTests.DailySmileySnapshotWellbeingTests test_decodesFromLegacyJSON_withoutWellbeingFields]' started.
Test Case '-[Yoga_of_EatingTests.DailySmileySnapshotWellbeingTests test_decodesFromLegacyJSON_withoutWellbeingFields]' passed (0.000 seconds).
Test Case '-[Yoga_of_EatingTests.DailySmileySnapshotWellbeingTests test_withTextSignals_doesNotMutateOriginal]' started.
Test Case '-[Yoga_of_EatingTests.DailySmileySnapshotWellbeingTests test_withTextSignals_doesNotMutateOriginal]' passed (0.000 seconds).
Test Case '-[Yoga_of_EatingTests.DailySmileySnapshotWellbeingTests test_withTextSignals_emptyArray_isPersisted]' started.
Test Case '-[Yoga_of_EatingTests.DailySmileySnapshotWellbeingTests test_withTextSignals_emptyArray_isPersisted]' passed (0.000 seconds).
Test Case '-[Yoga_of_EatingTests.DailySmileySnapshotWellbeingTests test_withTextSignals_returnsNewCopyWithSignals]' started.
Test Case '-[Yoga_of_EatingTests.DailySmileySnapshotWellbeingTests test_withTextSignals_returnsNewCopyWithSignals]' passed (0.000 seconds).
Test Case '-[Yoga_of_EatingTests.DailySmileySnapshotWellbeingTests test_withWellbeingDimensions_doesNotMutateOriginal]' started.
Test Case '-[Yoga_of_EatingTests.DailySmileySnapshotWellbeingTests test_withWellbeingDimensions_doesNotMutateOriginal]' passed (0.000 seconds).
Test Case '-[Yoga_of_EatingTests.DailySmileySnapshotWellbeingTests test_withWellbeingDimensions_preservesExistingFields]' started.
Test Case '-[Yoga_of_EatingTests.DailySmileySnapshotWellbeingTests test_withWellbeingDimensions_preservesExistingFields]' passed (0.000 seconds).
Test Case '-[Yoga_of_EatingTests.DailySmileySnapshotWellbeingTests test_withWellbeingDimensions_returnsNewCopyWithDimensions]' started.
Test Case '-[Yoga_of_EatingTests.DailySmileySnapshotWellbeingTests test_withWellbeingDimensions_returnsNewCopyWithDimensions]' passed (0.000 seconds).
Test Suite 'DailySmileySnapshotWellbeingTests' passed at 2026-05-15 06:37:26.445.
	 Executed 11 tests, with 0 failures (0 unexpected) in 0.004 (0.005) seconds
Test Suite 'DailySynthesisEngineTests' started at 2026-05-15 06:37:26.446.
Test Case '-[Yoga_of_EatingTests.DailySynthesisEngineTests test_allDimensions_clampedToZeroOne]' started.
Test Case '-[Yoga_of_EatingTests.DailySynthesisEngineTests test_allDimensions_clampedToZeroOne]' passed (0.000 seconds).
Test Case '-[Yoga_of_EatingTests.DailySynthesisEngineTests test_borderlineLowScore_producesThoughtful]' started.
Test Case '-[Yoga_of_EatingTests.DailySynthesisEngineTests test_borderlineLowScore_producesThoughtful]' passed (0.000 seconds).
Test Case '-[Yoga_of_EatingTests.DailySynthesisEngineTests test_causalNarrative_isNonEmpty]' started.
Test Case '-[Yoga_of_EatingTests.DailySynthesisEngineTests test_causalNarrative_isNonEmpty]' passed (0.000 seconds).
Test Case '-[Yoga_of_EatingTests.DailySynthesisEngineTests test_completedTodos_raisesBehavioralMomentum]' started.
Test Case '-[Yoga_of_EatingTests.DailySynthesisEngineTests test_completedTodos_raisesBehavioralMomentum]' passed (0.000 seconds).
Test Case '-[Yoga_of_EatingTests.DailySynthesisEngineTests test_dominantDimension_isCognitive_whenSleepDominates]' started.
Test Case '-[Yoga_of_EatingTests.DailySynthesisEngineTests test_dominantDimension_isCognitive_whenSleepDominates]' passed (0.000 seconds).
Test Case '-[Yoga_of_EatingTests.DailySynthesisEngineTests test_dominantDimension_isPhysical_whenOnlyMealsPresent]' started.
Test Case '-[Yoga_of_EatingTests.DailySynthesisEngineTests test_dominantDimension_isPhysical_whenOnlyMealsPresent]' passed (0.000 seconds).
Test Case '-[Yoga_of_EatingTests.DailySynthesisEngineTests test_greatSleep_withModerateMeals_raisesOverall_comparedToMealsAlone]' started.
Test Case '-[Yoga_of_EatingTests.DailySynthesisEngineTests test_greatSleep_withModerateMeals_raisesOverall_comparedToMealsAlone]' passed (0.000 seconds).
Test Case '-[Yoga_of_EatingTests.DailySynthesisEngineTests test_mealsOnly_highScore_producesSerene]' started.
Test Case '-[Yoga_of_EatingTests.DailySynthesisEngineTests test_mealsOnly_highScore_producesSerene]' passed (0.000 seconds).
Test Case '-[Yoga_of_EatingTests.DailySynthesisEngineTests test_mealsOnly_lowScore_producesOverwhelmed]' started.
Test Case '-[Yoga_of_EatingTests.DailySynthesisEngineTests test_mealsOnly_lowScore_producesOverwhelmed]' passed (0.000 seconds).
Test Case '-[Yoga_of_EatingTests.DailySynthesisEngineTests test_mealsOnly_midScore_producesNeutral]' started.
Test Case '-[Yoga_of_EatingTests.DailySynthesisEngineTests test_mealsOnly_midScore_producesNeutral]' passed (0.000 seconds).
Test Case '-[Yoga_of_EatingTests.DailySynthesisEngineTests test_mealsOnly_physicalLoad_equalsAvgMealScore]' started.
Test Case '-[Yoga_of_EatingTests.DailySynthesisEngineTests test_mealsOnly_physicalLoad_equalsAvgMealScore]' passed (0.000 seconds).
Test Case '-[Yoga_of_EatingTests.DailySynthesisEngineTests test_negativeFeeling_lowersEmotionalTone]' started.
Test Case '-[Yoga_of_EatingTests.DailySynthesisEngineTests test_negativeFeeling_lowersEmotionalTone]' passed (0.000 seconds).
Test Case '-[Yoga_of_EatingTests.DailySynthesisEngineTests test_noData_overall_isNeutral]' started.
Test Case '-[Yoga_of_EatingTests.DailySynthesisEngineTests test_noData_overall_isNeutral]' passed (0.000 seconds).
Test Case '-[Yoga_of_EatingTests.DailySynthesisEngineTests test_poorSleep_withGoodMeals_lowersOverall_comparedToMealsAlone]' started.
Test Case '-[Yoga_of_EatingTests.DailySynthesisEngineTests test_poorSleep_withGoodMeals_lowersOverall_comparedToMealsAlone]' passed (0.000 seconds).
Test Case '-[Yoga_of_EatingTests.DailySynthesisEngineTests test_positiveFeeling_raisesEmotionalTone]' started.
Test Case '-[Yoga_of_EatingTests.DailySynthesisEngineTests test_positiveFeeling_raisesEmotionalTone]' passed (0.000 seconds).
Test Case '-[Yoga_of_EatingTests.DailySynthesisEngineTests test_uncompletedTodos_lowersBehavioralMomentum]' started.
Test Case '-[Yoga_of_EatingTests.DailySynthesisEngineTests test_uncompletedTodos_lowersBehavioralMomentum]' passed (0.000 seconds).
Test Suite 'DailySynthesisEngineTests' passed at 2026-05-15 06:37:26.453.
	 Executed 16 tests, with 0 failures (0 unexpected) in 0.005 (0.007) seconds
Test Suite 'DailySynthesisIntegrationTests' started at 2026-05-15 06:37:26.453.
Test Case '-[Yoga_of_EatingTests.DailySynthesisIntegrationTests test_emptyMeals_smileyBecomes_neutral]' started.
2026-05-15 06:37:26.453336+0530 Yoga of Eating[16581:133872] [[FirebaseCore]] 12.7.0 - [FirebaseCore][I-COR000003] The default Firebase app has not yet been configured. Add `FirebaseApp.configure()` to your application initialization. This can be done in in the App Delegate's application(_:didFinishLaunchingWithOptions:)` (or the `@main` struct's initializer in SwiftUI). Read more: https://firebase.google.com/docs/ios/setup#initialize_firebase_in_your_app
Test Case '-[Yoga_of_EatingTests.DailySynthesisIntegrationTests test_emptyMeals_smileyBecomes_neutral]' passed (0.000 seconds).
Test Case '-[Yoga_of_EatingTests.DailySynthesisIntegrationTests test_highMealScore_poorSleep_smileyIsLowerThanMealsAlone]' started.
2026-05-15 06:37:26.453943+0530 Yoga of Eating[16581:133872] [[FirebaseCore]] 12.7.0 - [FirebaseCore][I-COR000003] The default Firebase app has not yet been configured. Add `FirebaseApp.configure()` to your application initialization. This can be done in in the App Delegate's application(_:didFinishLaunchingWithOptions:)` (or the `@main` struct's initializer in SwiftUI). Read more: https://firebase.google.com/docs/ios/setup#initialize_firebase_in_your_app
Test Case '-[Yoga_of_EatingTests.DailySynthesisIntegrationTests test_highMealScore_poorSleep_smileyIsLowerThanMealsAlone]' passed (0.000 seconds).
Test Case '-[Yoga_of_EatingTests.DailySynthesisIntegrationTests test_highScoredMeal_smileyBecomes_serene]' started.
2026-05-15 06:37:26.454512+0530 Yoga of Eating[16581:133872] [[FirebaseCore]] 12.7.0 - [FirebaseCore][I-COR000003] The default Firebase app has not yet been configured. Add `FirebaseApp.configure()` to your application initialization. This can be done in in the App Delegate's application(_:didFinishLaunchingWithOptions:)` (or the `@main` struct's initializer in SwiftUI). Read more: https://firebase.google.com/docs/ios/setup#initialize_firebase_in_your_app
Test Case '-[Yoga_of_EatingTests.DailySynthesisIntegrationTests test_highScoredMeal_smileyBecomes_serene]' passed (0.000 seconds).
Test Case '-[Yoga_of_EatingTests.DailySynthesisIntegrationTests test_lowScoredMeal_smileyBecomes_overwhelmed]' started.
2026-05-15 06:37:26.455124+0530 Yoga of Eating[16581:133866] [[FirebaseCore]] 12.7.0 - [FirebaseCore][I-COR000003] The default Firebase app has not yet been configured. Add `FirebaseApp.configure()` to your application initialization. This can be done in in the App Delegate's application(_:didFinishLaunchingWithOptions:)` (or the `@main` struct's initializer in SwiftUI). Read more: https://firebase.google.com/docs/ios/setup#initialize_firebase_in_your_app
Test Case '-[Yoga_of_EatingTests.DailySynthesisIntegrationTests test_lowScoredMeal_smileyBecomes_overwhelmed]' passed (0.000 seconds).
Test Case '-[Yoga_of_EatingTests.DailySynthesisIntegrationTests test_midScoreMeal_smileyBecomes_neutral]' started.
2026-05-15 06:37:26.455774+0530 Yoga of Eating[16581:133871] [[FirebaseCore]] 12.7.0 - [FirebaseCore][I-COR000003] The default Firebase app has not yet been configured. Add `FirebaseApp.configure()` to your application initialization. This can be done in in the App Delegate's application(_:didFinishLaunchingWithOptions:)` (or the `@main` struct's initializer in SwiftUI). Read more: https://firebase.google.com/docs/ios/setup#initialize_firebase_in_your_app
Test Case '-[Yoga_of_EatingTests.DailySynthesisIntegrationTests test_midScoreMeal_smileyBecomes_neutral]' passed (0.000 seconds).
Test Case '-[Yoga_of_EatingTests.DailySynthesisIntegrationTests test_multiMeal_averageScore_drivesOverall]' started.
2026-05-15 06:37:26.456278+0530 Yoga of Eating[16581:133867] [[FirebaseCore]] 12.7.0 - [FirebaseCore][I-COR000003] The default Firebase app has not yet been configured. Add `FirebaseApp.configure()` to your application initialization. This can be done in in the App Delegate's application(_:didFinishLaunchingWithOptions:)` (or the `@main` struct's initializer in SwiftUI). Read more: https://firebase.google.com/docs/ios/setup#initialize_firebase_in_your_app
Test Case '-[Yoga_of_EatingTests.DailySynthesisIntegrationTests test_multiMeal_averageScore_drivesOverall]' passed (0.000 seconds).
Test Case '-[Yoga_of_EatingTests.DailySynthesisIntegrationTests test_synthesisEngine_isUsed_notLegacyCalculateNextState]' started.
2026-05-15 06:37:26.456750+0530 Yoga of Eating[16581:133868] [[FirebaseCore]] 12.7.0 - [FirebaseCore][I-COR000003] The default Firebase app has not yet been configured. Add `FirebaseApp.configure()` to your application initialization. This can be done in in the App Delegate's application(_:didFinishLaunchingWithOptions:)` (or the `@main` struct's initializer in SwiftUI). Read more: https://firebase.google.com/docs/ios/setup#initialize_firebase_in_your_app
Test Case '-[Yoga_of_EatingTests.DailySynthesisIntegrationTests test_synthesisEngine_isUsed_notLegacyCalculateNextState]' passed (0.000 seconds).
Test Suite 'DailySynthesisIntegrationTests' passed at 2026-05-15 06:37:26.457.
	 Executed 7 tests, with 0 failures (0 unexpected) in 0.003 (0.004) seconds
Test Suite 'DateContextSubtextTests' started at 2026-05-15 06:37:26.457.
Test Case '-[Yoga_of_EatingTests.DateContextSubtextTests test_dateContextProvider_afterTenAM_noSleep_noMeals_returnsNil]' started.
2026-05-15 06:37:26.457409+0530 Yoga of Eating[16581:133868] [[FirebaseCore]] 12.7.0 - [FirebaseCore][I-COR000003] The default Firebase app has not yet been configured. Add `FirebaseApp.configure()` to your application initialization. This can be done in in the App Delegate's application(_:didFinishLaunchingWithOptions:)` (or the `@main` struct's initializer in SwiftUI). Read more: https://firebase.google.com/docs/ios/setup#initialize_firebase_in_your_app
Test Case '-[Yoga_of_EatingTests.DateContextSubtextTests test_dateContextProvider_afterTenAM_noSleep_noMeals_returnsNil]' passed (0.000 seconds).
Test Case '-[Yoga_of_EatingTests.DateContextSubtextTests test_dateContextProvider_afterTenAM_noSleep_withMeals_returnsMealsSoFar]' started.
2026-05-15 06:37:26.457864+0530 Yoga of Eating[16581:133867] [[FirebaseCore]] 12.7.0 - [FirebaseCore][I-COR000003] The default Firebase app has not yet been configured. Add `FirebaseApp.configure()` to your application initialization. This can be done in in the App Delegate's application(_:didFinishLaunchingWithOptions:)` (or the `@main` struct's initializer in SwiftUI). Read more: https://firebase.google.com/docs/ios/setup#initialize_firebase_in_your_app
Test Case '-[Yoga_of_EatingTests.DateContextSubtextTests test_dateContextProvider_afterTenAM_noSleep_withMeals_returnsMealsSoFar]' passed (0.000 seconds).
Test Case '-[Yoga_of_EatingTests.DateContextSubtextTests test_dateContextProvider_beforeTenAM_noSleep_noMeals_goodMorning]' started.
2026-05-15 06:37:26.458375+0530 Yoga of Eating[16581:133867] [[FirebaseCore]] 12.7.0 - [FirebaseCore][I-COR000003] The default Firebase app has not yet been configured. Add `FirebaseApp.configure()` to your application initialization. This can be done in in the App Delegate's application(_:didFinishLaunchingWithOptions:)` (or the `@main` struct's initializer in SwiftUI). Read more: https://firebase.google.com/docs/ios/setup#initialize_firebase_in_your_app
Test Case '-[Yoga_of_EatingTests.DateContextSubtextTests test_dateContextProvider_beforeTenAM_noSleep_noMeals_goodMorning]' passed (0.000 seconds).
Test Case '-[Yoga_of_EatingTests.DateContextSubtextTests test_dateContextProvider_exactlyAtMorningThreshold_noMeals_returnsNil]' started.
2026-05-15 06:37:26.458851+0530 Yoga of Eating[16581:133866] [[FirebaseCore]] 12.7.0 - [FirebaseCore][I-COR000003] The default Firebase app has not yet been configured. Add `FirebaseApp.configure()` to your application initialization. This can be done in in the App Delegate's application(_:didFinishLaunchingWithOptions:)` (or the `@main` struct's initializer in SwiftUI). Read more: https://firebase.google.com/docs/ios/setup#initialize_firebase_in_your_app
Test Case '-[Yoga_of_EatingTests.DateContextSubtextTests test_dateContextProvider_exactlyAtMorningThreshold_noMeals_returnsNil]' passed (0.000 seconds).
Test Case '-[Yoga_of_EatingTests.DateContextSubtextTests test_dateContextProvider_historicalDay_returnsDaysAgo]' started.
2026-05-15 06:37:26.459331+0530 Yoga of Eating[16581:133872] [[FirebaseCore]] 12.7.0 - [FirebaseCore][I-COR000003] The default Firebase app has not yet been configured. Add `FirebaseApp.configure()` to your application initialization. This can be done in in the App Delegate's application(_:didFinishLaunchingWithOptions:)` (or the `@main` struct's initializer in SwiftUI). Read more: https://firebase.google.com/docs/ios/setup#initialize_firebase_in_your_app
Test Case '-[Yoga_of_EatingTests.DateContextSubtextTests test_dateContextProvider_historicalDay_returnsDaysAgo]' passed (0.000 seconds).
Test Case '-[Yoga_of_EatingTests.DateContextSubtextTests test_dateContextProvider_historicalDay_zeroDaysAgo_returnsNil]' started.
2026-05-15 06:37:26.459767+0530 Yoga of Eating[16581:133867] [[FirebaseCore]] 12.7.0 - [FirebaseCore][I-COR000003] The default Firebase app has not yet been configured. Add `FirebaseApp.configure()` to your application initialization. This can be done in in the App Delegate's application(_:didFinishLaunchingWithOptions:)` (or the `@main` struct's initializer in SwiftUI). Read more: https://firebase.google.com/docs/ios/setup#initialize_firebase_in_your_app
Test Case '-[Yoga_of_EatingTests.DateContextSubtextTests test_dateContextProvider_historicalDay_zeroDaysAgo_returnsNil]' passed (0.000 seconds).
Test Case '-[Yoga_of_EatingTests.DateContextSubtextTests test_dateContextProvider_oneBeforeMorningThreshold_noMeals_returnsGoodMorning]' started.
2026-05-15 06:37:26.460252+0530 Yoga of Eating[16581:133867] [[FirebaseCore]] 12.7.0 - [FirebaseCore][I-COR000003] The default Firebase app has not yet been configured. Add `FirebaseApp.configure()` to your application initialization. This can be done in in the App Delegate's application(_:didFinishLaunchingWithOptions:)` (or the `@main` struct's initializer in SwiftUI). Read more: https://firebase.google.com/docs/ios/setup#initialize_firebase_in_your_app
Test Case '-[Yoga_of_EatingTests.DateContextSubtextTests test_dateContextProvider_oneBeforeMorningThreshold_noMeals_returnsGoodMorning]' passed (0.000 seconds).
Test Case '-[Yoga_of_EatingTests.DateContextSubtextTests test_dateContextProvider_sleepLogged_returnsSleep]' started.
2026-05-15 06:37:26.460713+0530 Yoga of Eating[16581:133872] [[FirebaseCore]] 12.7.0 - [FirebaseCore][I-COR000003] The default Firebase app has not yet been configured. Add `FirebaseApp.configure()` to your application initialization. This can be done in in the App Delegate's application(_:didFinishLaunchingWithOptions:)` (or the `@main` struct's initializer in SwiftUI). Read more: https://firebase.google.com/docs/ios/setup#initialize_firebase_in_your_app
Test Case '-[Yoga_of_EatingTests.DateContextSubtextTests test_dateContextProvider_sleepLogged_returnsSleep]' passed (0.000 seconds).
Test Case '-[Yoga_of_EatingTests.DateContextSubtextTests test_dateContextSubtext_historicalDay_returnsDaysAgo]' started.
2026-05-15 06:37:26.461235+0530 Yoga of Eating[16581:133867] [[FirebaseCore]] 12.7.0 - [FirebaseCore][I-COR000003] The default Firebase app has not yet been configured. Add `FirebaseApp.configure()` to your application initialization. This can be done in in the App Delegate's application(_:didFinishLaunchingWithOptions:)` (or the `@main` struct's initializer in SwiftUI). Read more: https://firebase.google.com/docs/ios/setup#initialize_firebase_in_your_app
Test Case '-[Yoga_of_EatingTests.DateContextSubtextTests test_dateContextSubtext_historicalDay_returnsDaysAgo]' passed (0.000 seconds).
Test Case '-[Yoga_of_EatingTests.DateContextSubtextTests test_dateContextSubtext_sleepLogged_containsSleptPrefix]' started.
2026-05-15 06:37:26.461744+0530 Yoga of Eating[16581:133868] [[FirebaseCore]] 12.7.0 - [FirebaseCore][I-COR000003] The default Firebase app has not yet been configured. Add `FirebaseApp.configure()` to your application initialization. This can be done in in the App Delegate's application(_:didFinishLaunchingWithOptions:)` (or the `@main` struct's initializer in SwiftUI). Read more: https://firebase.google.com/docs/ios/setup#initialize_firebase_in_your_app
Test Case '-[Yoga_of_EatingTests.DateContextSubtextTests test_dateContextSubtext_sleepLogged_containsSleptPrefix]' passed (0.000 seconds).
Test Case '-[Yoga_of_EatingTests.DateContextSubtextTests test_dateContextSubtext_sleepLogged_good_returnsCorrectString]' started.
2026-05-15 06:37:26.462245+0530 Yoga of Eating[16581:133867] [[FirebaseCore]] 12.7.0 - [FirebaseCore][I-COR000003] The default Firebase app has not yet been configured. Add `FirebaseApp.configure()` to your application initialization. This can be done in in the App Delegate's application(_:didFinishLaunchingWithOptions:)` (or the `@main` struct's initializer in SwiftUI). Read more: https://firebase.google.com/docs/ios/setup#initialize_firebase_in_your_app
Test Case '-[Yoga_of_EatingTests.DateContextSubtextTests test_dateContextSubtext_sleepLogged_good_returnsCorrectString]' passed (0.000 seconds).
Test Case '-[Yoga_of_EatingTests.DateContextSubtextTests test_dateContextSubtext_sleepLogged_poor_returnsCorrectString]' started.
2026-05-15 06:37:26.462755+0530 Yoga of Eating[16581:133872] [[FirebaseCore]] 12.7.0 - [FirebaseCore][I-COR000003] The default Firebase app has not yet been configured. Add `FirebaseApp.configure()` to your application initialization. This can be done in in the App Delegate's application(_:didFinishLaunchingWithOptions:)` (or the `@main` struct's initializer in SwiftUI). Read more: https://firebase.google.com/docs/ios/setup#initialize_firebase_in_your_app
Test Case '-[Yoga_of_EatingTests.DateContextSubtextTests test_dateContextSubtext_sleepLogged_poor_returnsCorrectString]' passed (0.000 seconds).
Test Case '-[Yoga_of_EatingTests.DateContextSubtextTests test_dateContextSubtext_todayBeforeTenAM_noSleep_returnsGoodMorning]' started.
2026-05-15 06:37:26.463260+0530 Yoga of Eating[16581:133872] [[FirebaseCore]] 12.7.0 - [FirebaseCore][I-COR000003] The default Firebase app has not yet been configured. Add `FirebaseApp.configure()` to your application initialization. This can be done in in the App Delegate's application(_:didFinishLaunchingWithOptions:)` (or the `@main` struct's initializer in SwiftUI). Read more: https://firebase.google.com/docs/ios/setup#initialize_firebase_in_your_app
Test Case '-[Yoga_of_EatingTests.DateContextSubtextTests test_dateContextSubtext_todayBeforeTenAM_noSleep_returnsGoodMorning]' passed (0.000 seconds).
Test Case '-[Yoga_of_EatingTests.DateContextSubtextTests test_dateContextSubtext_todayWithNoConditionsMet_typeIsOptionalString]' started.
2026-05-15 06:37:26.463810+0530 Yoga of Eating[16581:133872] [[FirebaseCore]] 12.7.0 - [FirebaseCore][I-COR000003] The default Firebase app has not yet been configured. Add `FirebaseApp.configure()` to your application initialization. This can be done in in the App Delegate's application(_:didFinishLaunchingWithOptions:)` (or the `@main` struct's initializer in SwiftUI). Read more: https://firebase.google.com/docs/ios/setup#initialize_firebase_in_your_app
Test Case '-[Yoga_of_EatingTests.DateContextSubtextTests test_dateContextSubtext_todayWithNoConditionsMet_typeIsOptionalString]' passed (0.000 seconds).
Test Case '-[Yoga_of_EatingTests.DateContextSubtextTests test_dateContextSubtext_withMeals_mealsSoFarStringIsCorrect]' started.
2026-05-15 06:37:26.464325+0530 Yoga of Eating[16581:133872] [[FirebaseCore]] 12.7.0 - [FirebaseCore][I-COR000003] The default Firebase app has not yet been configured. Add `FirebaseApp.configure()` to your application initialization. This can be done in in the App Delegate's application(_:didFinishLaunchingWithOptions:)` (or the `@main` struct's initializer in SwiftUI). Read more: https://firebase.google.com/docs/ios/setup#initialize_firebase_in_your_app
Test Case '-[Yoga_of_EatingTests.DateContextSubtextTests test_dateContextSubtext_withMeals_mealsSoFarStringIsCorrect]' passed (0.000 seconds).
Test Case '-[Yoga_of_EatingTests.DateContextSubtextTests test_dateContextSubtext_withOneMeal_mealsSoFarUseSingular]' started.
2026-05-15 06:37:26.464787+0530 Yoga of Eating[16581:133868] [[FirebaseCore]] 12.7.0 - [FirebaseCore][I-COR000003] The default Firebase app has not yet been configured. Add `FirebaseApp.configure()` to your application initialization. This can be done in in the App Delegate's application(_:didFinishLaunchingWithOptions:)` (or the `@main` struct's initializer in SwiftUI). Read more: https://firebase.google.com/docs/ios/setup#initialize_firebase_in_your_app
Test Case '-[Yoga_of_EatingTests.DateContextSubtextTests test_dateContextSubtext_withOneMeal_mealsSoFarUseSingular]' passed (0.000 seconds).
Test Case '-[Yoga_of_EatingTests.DateContextSubtextTests test_dateHeaderStrings_backToToday_isNotEmpty]' started.
2026-05-15 06:37:26.465246+0530 Yoga of Eating[16581:133868] [[FirebaseCore]] 12.7.0 - [FirebaseCore][I-COR000003] The default Firebase app has not yet been configured. Add `FirebaseApp.configure()` to your application initialization. This can be done in in the App Delegate's application(_:didFinishLaunchingWithOptions:)` (or the `@main` struct's initializer in SwiftUI). Read more: https://firebase.google.com/docs/ios/setup#initialize_firebase_in_your_app
Test Case '-[Yoga_of_EatingTests.DateContextSubtextTests test_dateHeaderStrings_backToToday_isNotEmpty]' passed (0.000 seconds).
Test Case '-[Yoga_of_EatingTests.DateContextSubtextTests test_dateHeaderStrings_backToToday_matchesExpected]' started.
Test Case '-[Yoga_of_EatingTests.DateContextSubtextTests test_dateHeaderStrings_backToToday_matchesExpected]' passed (0.000 seconds).
2026-05-15 06:37:26.465760+0530 Yoga of Eating[16581:133872] [[FirebaseCore]] 12.7.0 - [FirebaseCore][I-COR000003] The default Firebase app has not yet been configured. Add `FirebaseApp.configure()` to your application initialization. This can be done in in the App Delegate's application(_:didFinishLaunchingWithOptions:)` (or the `@main` struct's initializer in SwiftUI). Read more: https://firebase.google.com/docs/ios/setup#initialize_firebase_in_your_app
Test Case '-[Yoga_of_EatingTests.DateContextSubtextTests test_dateHeaderStrings_daysAgo_plural]' started.
2026-05-15 06:37:26.466250+0530 Yoga of Eating[16581:133866] [[FirebaseCore]] 12.7.0 - [FirebaseCore][I-COR000003] The default Firebase app has not yet been configured. Add `FirebaseApp.configure()` to your application initialization. This can be done in in the App Delegate's application(_:didFinishLaunchingWithOptions:)` (or the `@main` struct's initializer in SwiftUI). Read more: https://firebase.google.com/docs/ios/setup#initialize_firebase_in_your_app
Test Case '-[Yoga_of_EatingTests.DateContextSubtextTests test_dateHeaderStrings_daysAgo_plural]' passed (0.000 seconds).
Test Case '-[Yoga_of_EatingTests.DateContextSubtextTests test_dateHeaderStrings_daysAgo_singular]' started.
2026-05-15 06:37:26.466787+0530 Yoga of Eating[16581:133866] [[FirebaseCore]] 12.7.0 - [FirebaseCore][I-COR000003] The default Firebase app has not yet been configured. Add `FirebaseApp.configure()` to your application initialization. This can be done in in the App Delegate's application(_:didFinishLaunchingWithOptions:)` (or the `@main` struct's initializer in SwiftUI). Read more: https://firebase.google.com/docs/ios/setup#initialize_firebase_in_your_app
Test Case '-[Yoga_of_EatingTests.DateContextSubtextTests test_dateHeaderStrings_daysAgo_singular]' passed (0.000 seconds).
Test Case '-[Yoga_of_EatingTests.DateContextSubtextTests test_dateHeaderStrings_goodMorning_isNotEmpty]' started.
2026-05-15 06:37:26.467255+0530 Yoga of Eating[16581:133871] [[FirebaseCore]] 12.7.0 - [FirebaseCore][I-COR000003] The default Firebase app has not yet been configured. Add `FirebaseApp.configure()` to your application initialization. This can be done in in the App Delegate's application(_:didFinishLaunchingWithOptions:)` (or the `@main` struct's initializer in SwiftUI). Read more: https://firebase.google.com/docs/ios/setup#initialize_firebase_in_your_app
Test Case '-[Yoga_of_EatingTests.DateContextSubtextTests test_dateHeaderStrings_goodMorning_isNotEmpty]' passed (0.000 seconds).
Test Case '-[Yoga_of_EatingTests.DateContextSubtextTests test_dateHeaderStrings_mealsSoFar_plural]' started.
2026-05-15 06:37:26.467718+0530 Yoga of Eating[16581:133868] [[FirebaseCore]] 12.7.0 - [FirebaseCore][I-COR000003] The default Firebase app has not yet been configured. Add `FirebaseApp.configure()` to your application initialization. This can be done in in the App Delegate's application(_:didFinishLaunchingWithOptions:)` (or the `@main` struct's initializer in SwiftUI). Read more: https://firebase.google.com/docs/ios/setup#initialize_firebase_in_your_app
Test Case '-[Yoga_of_EatingTests.DateContextSubtextTests test_dateHeaderStrings_mealsSoFar_plural]' passed (0.000 seconds).
Test Case '-[Yoga_of_EatingTests.DateContextSubtextTests test_dateHeaderStrings_mealsSoFar_singular]' started.
2026-05-15 06:37:26.468202+0530 Yoga of Eating[16581:133868] [[FirebaseCore]] 12.7.0 - [FirebaseCore][I-COR000003] The default Firebase app has not yet been configured. Add `FirebaseApp.configure()` to your application initialization. This can be done in in the App Delegate's application(_:didFinishLaunchingWithOptions:)` (or the `@main` struct's initializer in SwiftUI). Read more: https://firebase.google.com/docs/ios/setup#initialize_firebase_in_your_app
Test Case '-[Yoga_of_EatingTests.DateContextSubtextTests test_dateHeaderStrings_mealsSoFar_singular]' passed (0.000 seconds).
Test Case '-[Yoga_of_EatingTests.DateContextSubtextTests test_dateHeaderStrings_sleptQuality_includesQuality]' started.
Test Case '-[Yoga_of_EatingTests.DateContextSubtextTests test_dateHeaderStrings_sleptQuality_includesQuality]' passed (0.000 seconds).
2026-05-15 06:37:26.468652+0530 Yoga of Eating[16581:133868] [[FirebaseCore]] 12.7.0 - [FirebaseCore][I-COR000003] The default Firebase app has not yet been configured. Add `FirebaseApp.configure()` to your application initialization. This can be done in in the App Delegate's application(_:didFinishLaunchingWithOptions:)` (or the `@main` struct's initializer in SwiftUI). Read more: https://firebase.google.com/docs/ios/setup#initialize_firebase_in_your_app
Test Suite 'DateContextSubtextTests' passed at 2026-05-15 06:37:26.469.
	 Executed 24 tests, with 0 failures (0 unexpected) in 0.008 (0.012) seconds
Test Suite 'DateNavigationBannerTests' started at 2026-05-15 06:37:26.469.
Test Case '-[Yoga_of_EatingTests.DateNavigationBannerTests test_canNavigateToNextDay_falseWhenViewingToday]' started.
2026-05-15 06:37:26.469290+0530 Yoga of Eating[16581:133872] [[FirebaseCore]] 12.7.0 - [FirebaseCore][I-COR000003] The default Firebase app has not yet been configured. Add `FirebaseApp.configure()` to your application initialization. This can be done in in the App Delegate's application(_:didFinishLaunchingWithOptions:)` (or the `@main` struct's initializer in SwiftUI). Read more: https://firebase.google.com/docs/ios/setup#initialize_firebase_in_your_app
Test Case '-[Yoga_of_EatingTests.DateNavigationBannerTests test_canNavigateToNextDay_falseWhenViewingToday]' passed (0.000 seconds).
Test Case '-[Yoga_of_EatingTests.DateNavigationBannerTests test_canNavigateToPreviousDay_falseWhenAtMaxDaysBack]' started.
2026-05-15 06:37:26.469791+0530 Yoga of Eating[16581:133866] [[FirebaseCore]] 12.7.0 - [FirebaseCore][I-COR000003] The default Firebase app has not yet been configured. Add `FirebaseApp.configure()` to your application initialization. This can be done in in the App Delegate's application(_:didFinishLaunchingWithOptions:)` (or the `@main` struct's initializer in SwiftUI). Read more: https://firebase.google.com/docs/ios/setup#initialize_firebase_in_your_app
Test Case '-[Yoga_of_EatingTests.DateNavigationBannerTests test_canNavigateToPreviousDay_falseWhenAtMaxDaysBack]' passed (0.001 seconds).
Test Case '-[Yoga_of_EatingTests.DateNavigationBannerTests test_canNavigateToPreviousDay_trueOnInit]' started.
2026-05-15 06:37:26.470519+0530 Yoga of Eating[16581:133867] [[FirebaseCore]] 12.7.0 - [FirebaseCore][I-COR000003] The default Firebase app has not yet been configured. Add `FirebaseApp.configure()` to your application initialization. This can be done in in the App Delegate's application(_:didFinishLaunchingWithOptions:)` (or the `@main` struct's initializer in SwiftUI). Read more: https://firebase.google.com/docs/ios/setup#initialize_firebase_in_your_app
Test Case '-[Yoga_of_EatingTests.DateNavigationBannerTests test_canNavigateToPreviousDay_trueOnInit]' passed (0.000 seconds).
Test Case '-[Yoga_of_EatingTests.DateNavigationBannerTests test_formattedSelectedDate_changesOnNavigation]' started.
2026-05-15 06:37:26.470994+0530 Yoga of Eating[16581:133872] [[FirebaseCore]] 12.7.0 - [FirebaseCore][I-COR000003] The default Firebase app has not yet been configured. Add `FirebaseApp.configure()` to your application initialization. This can be done in in the App Delegate's application(_:didFinishLaunchingWithOptions:)` (or the `@main` struct's initializer in SwiftUI). Read more: https://firebase.google.com/docs/ios/setup#initialize_firebase_in_your_app
Test Case '-[Yoga_of_EatingTests.DateNavigationBannerTests test_formattedSelectedDate_changesOnNavigation]' passed (0.000 seconds).
Test Case '-[Yoga_of_EatingTests.DateNavigationBannerTests test_formattedSelectedDate_isNonEmpty]' started.
2026-05-15 06:37:26.471665+0530 Yoga of Eating[16581:133866] [[FirebaseCore]] 12.7.0 - [FirebaseCore][I-COR000003] The default Firebase app has not yet been configured. Add `FirebaseApp.configure()` to your application initialization. This can be done in in the App Delegate's application(_:didFinishLaunchingWithOptions:)` (or the `@main` struct's initializer in SwiftUI). Read more: https://firebase.google.com/docs/ios/setup#initialize_firebase_in_your_app
Test Case '-[Yoga_of_EatingTests.DateNavigationBannerTests test_formattedSelectedDate_isNonEmpty]' passed (0.000 seconds).
Test Case '-[Yoga_of_EatingTests.DateNavigationBannerTests test_isViewingToday_trueOnInit]' started.
2026-05-15 06:37:26.472185+0530 Yoga of Eating[16581:133872] [[FirebaseCore]] 12.7.0 - [FirebaseCore][I-COR000003] The default Firebase app has not yet been configured. Add `FirebaseApp.configure()` to your application initialization. This can be done in in the App Delegate's application(_:didFinishLaunchingWithOptions:)` (or the `@main` struct's initializer in SwiftUI). Read more: https://firebase.google.com/docs/ios/setup#initialize_firebase_in_your_app
Test Case '-[Yoga_of_EatingTests.DateNavigationBannerTests test_isViewingToday_trueOnInit]' passed (0.000 seconds).
Test Case '-[Yoga_of_EatingTests.DateNavigationBannerTests test_navigateToPreviousDay_canNavigateToNextDay]' started.
2026-05-15 06:37:26.472706+0530 Yoga of Eating[16581:133868] [[FirebaseCore]] 12.7.0 - [FirebaseCore][I-COR000003] The default Firebase app has not yet been configured. Add `FirebaseApp.configure()` to your application initialization. This can be done in in the App Delegate's application(_:didFinishLaunchingWithOptions:)` (or the `@main` struct's initializer in SwiftUI). Read more: https://firebase.google.com/docs/ios/setup#initialize_firebase_in_your_app
Test Case '-[Yoga_of_EatingTests.DateNavigationBannerTests test_navigateToPreviousDay_canNavigateToNextDay]' passed (0.000 seconds).
Test Case '-[Yoga_of_EatingTests.DateNavigationBannerTests test_navigateToPreviousDay_isNoLongerViewingToday]' started.
2026-05-15 06:37:26.473210+0530 Yoga of Eating[16581:133869] [[FirebaseCore]] 12.7.0 - [FirebaseCore][I-COR000003] The default Firebase app has not yet been configured. Add `FirebaseApp.configure()` to your application initialization. This can be done in in the App Delegate's application(_:didFinishLaunchingWithOptions:)` (or the `@main` struct's initializer in SwiftUI). Read more: https://firebase.google.com/docs/ios/setup#initialize_firebase_in_your_app
Test Case '-[Yoga_of_EatingTests.DateNavigationBannerTests test_navigateToPreviousDay_isNoLongerViewingToday]' passed (0.000 seconds).
Test Case '-[Yoga_of_EatingTests.DateNavigationBannerTests test_navigateToPreviousDay_selectedDateIsYesterday]' started.
2026-05-15 06:37:26.473722+0530 Yoga of Eating[16581:133868] [[FirebaseCore]] 12.7.0 - [FirebaseCore][I-COR000003] The default Firebase app has not yet been configured. Add `FirebaseApp.configure()` to your application initialization. This can be done in in the App Delegate's application(_:didFinishLaunchingWithOptions:)` (or the `@main` struct's initializer in SwiftUI). Read more: https://firebase.google.com/docs/ios/setup#initialize_firebase_in_your_app
Test Case '-[Yoga_of_EatingTests.DateNavigationBannerTests test_navigateToPreviousDay_selectedDateIsYesterday]' passed (0.000 seconds).
Test Case '-[Yoga_of_EatingTests.DateNavigationBannerTests test_navigateToToday_disablesNextDayArrow]' started.
2026-05-15 06:37:26.474181+0530 Yoga of Eating[16581:133869] [[FirebaseCore]] 12.7.0 - [FirebaseCore][I-COR000003] The default Firebase app has not yet been configured. Add `FirebaseApp.configure()` to your application initialization. This can be done in in the App Delegate's application(_:didFinishLaunchingWithOptions:)` (or the `@main` struct's initializer in SwiftUI). Read more: https://firebase.google.com/docs/ios/setup#initialize_firebase_in_your_app
Test Case '-[Yoga_of_EatingTests.DateNavigationBannerTests test_navigateToToday_disablesNextDayArrow]' passed (0.000 seconds).
Test Case '-[Yoga_of_EatingTests.DateNavigationBannerTests test_navigateToToday_resetsViewingToday]' started.
2026-05-15 06:37:26.474692+0530 Yoga of Eating[16581:133869] [[FirebaseCore]] 12.7.0 - [FirebaseCore][I-COR000003] The default Firebase app has not yet been configured. Add `FirebaseApp.configure()` to your application initialization. This can be done in in the App Delegate's application(_:didFinishLaunchingWithOptions:)` (or the `@main` struct's initializer in SwiftUI). Read more: https://firebase.google.com/docs/ios/setup#initialize_firebase_in_your_app
Test Case '-[Yoga_of_EatingTests.DateNavigationBannerTests test_navigateToToday_resetsViewingToday]' passed (0.000 seconds).
Test Suite 'DateNavigationBannerTests' passed at 2026-05-15 06:37:26.475.
	 Executed 11 tests, with 0 failures (0 unexpected) in 0.004 (0.006) seconds
Test Suite 'DayNavigationTests' started at 2026-05-15 06:37:26.475.
Test Case '-[Yoga_of_EatingTests.DayNavigationTests test_canNavigateToNextDay_returnsFalse_whenOnToday]' started.
2026-05-15 06:37:26.475338+0530 Yoga of Eating[16581:133869] [[FirebaseCore]] 12.7.0 - [FirebaseCore][I-COR000003] The default Firebase app has not yet been configured. Add `FirebaseApp.configure()` to your application initialization. This can be done in in the App Delegate's application(_:didFinishLaunchingWithOptions:)` (or the `@main` struct's initializer in SwiftUI). Read more: https://firebase.google.com/docs/ios/setup#initialize_firebase_in_your_app
Test Case '-[Yoga_of_EatingTests.DayNavigationTests test_canNavigateToNextDay_returnsFalse_whenOnToday]' passed (0.000 seconds).
Test Case '-[Yoga_of_EatingTests.DayNavigationTests test_canNavigateToNextDay_returnsTrue_whenViewingPastDay]' started.
2026-05-15 06:37:26.475865+0530 Yoga of Eating[16581:133866] [[FirebaseCore]] 12.7.0 - [FirebaseCore][I-COR000003] The default Firebase app has not yet been configured. Add `FirebaseApp.configure()` to your application initialization. This can be done in in the App Delegate's application(_:didFinishLaunchingWithOptions:)` (or the `@main` struct's initializer in SwiftUI). Read more: https://firebase.google.com/docs/ios/setup#initialize_firebase_in_your_app
Test Case '-[Yoga_of_EatingTests.DayNavigationTests test_canNavigateToNextDay_returnsTrue_whenViewingPastDay]' passed (0.000 seconds).
Test Case '-[Yoga_of_EatingTests.DayNavigationTests test_canNavigateToPreviousDay_returnsTrue_whenWithinBounds]' started.
2026-05-15 06:37:26.476325+0530 Yoga of Eating[16581:133872] [[FirebaseCore]] 12.7.0 - [FirebaseCore][I-COR000003] The default Firebase app has not yet been configured. Add `FirebaseApp.configure()` to your application initialization. This can be done in in the App Delegate's application(_:didFinishLaunchingWithOptions:)` (or the `@main` struct's initializer in SwiftUI). Read more: https://firebase.google.com/docs/ios/setup#initialize_firebase_in_your_app
Test Case '-[Yoga_of_EatingTests.DayNavigationTests test_canNavigateToPreviousDay_returnsTrue_whenWithinBounds]' passed (0.000 seconds).
Test Case '-[Yoga_of_EatingTests.DayNavigationTests test_formattedSelectedDate_returnsCorrectFormat]' started.
2026-05-15 06:37:26.476808+0530 Yoga of Eating[16581:133866] [[FirebaseCore]] 12.7.0 - [FirebaseCore][I-COR000003] The default Firebase app has not yet been configured. Add `FirebaseApp.configure()` to your application initialization. This can be done in in the App Delegate's application(_:didFinishLaunchingWithOptions:)` (or the `@main` struct's initializer in SwiftUI). Read more: https://firebase.google.com/docs/ios/setup#initialize_firebase_in_your_app
Test Case '-[Yoga_of_EatingTests.DayNavigationTests test_formattedSelectedDate_returnsCorrectFormat]' passed (0.001 seconds).
Test Case '-[Yoga_of_EatingTests.DayNavigationTests test_isViewingToday_returnsFalseWhenViewingPastDay]' started.
2026-05-15 06:37:26.477561+0530 Yoga of Eating[16581:133869] [[FirebaseCore]] 12.7.0 - [FirebaseCore][I-COR000003] The default Firebase app has not yet been configured. Add `FirebaseApp.configure()` to your application initialization. This can be done in in the App Delegate's application(_:didFinishLaunchingWithOptions:)` (or the `@main` struct's initializer in SwiftUI). Read more: https://firebase.google.com/docs/ios/setup#initialize_firebase_in_your_app
Test Case '-[Yoga_of_EatingTests.DayNavigationTests test_isViewingToday_returnsFalseWhenViewingPastDay]' passed (0.000 seconds).
Test Case '-[Yoga_of_EatingTests.DayNavigationTests test_isViewingToday_returnsTrueByDefault]' started.
2026-05-15 06:37:26.478097+0530 Yoga of Eating[16581:133866] [[FirebaseCore]] 12.7.0 - [FirebaseCore][I-COR000003] The default Firebase app has not yet been configured. Add `FirebaseApp.configure()` to your application initialization. This can be done in in the App Delegate's application(_:didFinishLaunchingWithOptions:)` (or the `@main` struct's initializer in SwiftUI). Read more: https://firebase.google.com/docs/ios/setup#initialize_firebase_in_your_app
Test Case '-[Yoga_of_EatingTests.DayNavigationTests test_isViewingToday_returnsTrueByDefault]' passed (0.000 seconds).
Test Case '-[Yoga_of_EatingTests.DayNavigationTests test_maxDaysBack_defaultsTo30]' started.
2026-05-15 06:37:26.478588+0530 Yoga of Eating[16581:133867] [[FirebaseCore]] 12.7.0 - [FirebaseCore][I-COR000003] The default Firebase app has not yet been configured. Add `FirebaseApp.configure()` to your application initialization. This can be done in in the App Delegate's application(_:didFinishLaunchingWithOptions:)` (or the `@main` struct's initializer in SwiftUI). Read more: https://firebase.google.com/docs/ios/setup#initialize_firebase_in_your_app
Test Case '-[Yoga_of_EatingTests.DayNavigationTests test_maxDaysBack_defaultsTo30]' passed (0.000 seconds).
Test Case '-[Yoga_of_EatingTests.DayNavigationTests test_mealsForSelectedDate_returnsEmptyArray_whenNoHistoricalData]' started.
2026-05-15 06:37:26.479093+0530 Yoga of Eating[16581:133868] [[FirebaseCore]] 12.7.0 - [FirebaseCore][I-COR000003] The default Firebase app has not yet been configured. Add `FirebaseApp.configure()` to your application initialization. This can be done in in the App Delegate's application(_:didFinishLaunchingWithOptions:)` (or the `@main` struct's initializer in SwiftUI). Read more: https://firebase.google.com/docs/ios/setup#initialize_firebase_in_your_app
Test Case '-[Yoga_of_EatingTests.DayNavigationTests test_mealsForSelectedDate_returnsEmptyArray_whenNoHistoricalData]' passed (0.000 seconds).
Test Case '-[Yoga_of_EatingTests.DayNavigationTests test_mealsForSelectedDate_returnsHistoricalMeals_whenViewingPastDay]' started.
2026-05-15 06:37:26.479613+0530 Yoga of Eating[16581:133872] [[FirebaseCore]] 12.7.0 - [FirebaseCore][I-COR000003] The default Firebase app has not yet been configured. Add `FirebaseApp.configure()` to your application initialization. This can be done in in the App Delegate's application(_:didFinishLaunchingWithOptions:)` (or the `@main` struct's initializer in SwiftUI). Read more: https://firebase.google.com/docs/ios/setup#initialize_firebase_in_your_app
Test Case '-[Yoga_of_EatingTests.DayNavigationTests test_mealsForSelectedDate_returnsHistoricalMeals_whenViewingPastDay]' passed (0.000 seconds).
Test Case '-[Yoga_of_EatingTests.DayNavigationTests test_mealsForSelectedDate_returnsTodaysMeals_whenViewingToday]' started.
2026-05-15 06:37:26.480221+0530 Yoga of Eating[16581:133872] [[FirebaseCore]] 12.7.0 - [FirebaseCore][I-COR000003] The default Firebase app has not yet been configured. Add `FirebaseApp.configure()` to your application initialization. This can be done in in the App Delegate's application(_:didFinishLaunchingWithOptions:)` (or the `@main` struct's initializer in SwiftUI). Read more: https://firebase.google.com/docs/ios/setup#initialize_firebase_in_your_app
Test Case '-[Yoga_of_EatingTests.DayNavigationTests test_mealsForSelectedDate_returnsTodaysMeals_whenViewingToday]' passed (0.000 seconds).
Test Case '-[Yoga_of_EatingTests.DayNavigationTests test_navigateToDate_cannotNavigateToFuture]' started.
2026-05-15 06:37:26.480687+0530 Yoga of Eating[16581:133872] [[FirebaseCore]] 12.7.0 - [FirebaseCore][I-COR000003] The default Firebase app has not yet been configured. Add `FirebaseApp.configure()` to your application initialization. This can be done in in the App Delegate's application(_:didFinishLaunchingWithOptions:)` (or the `@main` struct's initializer in SwiftUI). Read more: https://firebase.google.com/docs/ios/setup#initialize_firebase_in_your_app
Test Case '-[Yoga_of_EatingTests.DayNavigationTests test_navigateToDate_cannotNavigateToFuture]' passed (0.000 seconds).
Test Case '-[Yoga_of_EatingTests.DayNavigationTests test_navigateToDate_updatesSelectedDate]' started.
2026-05-15 06:37:26.481213+0530 Yoga of Eating[16581:133868] [[FirebaseCore]] 12.7.0 - [FirebaseCore][I-COR000003] The default Firebase app has not yet been configured. Add `FirebaseApp.configure()` to your application initialization. This can be done in in the App Delegate's application(_:didFinishLaunchingWithOptions:)` (or the `@main` struct's initializer in SwiftUI). Read more: https://firebase.google.com/docs/ios/setup#initialize_firebase_in_your_app
Test Case '-[Yoga_of_EatingTests.DayNavigationTests test_navigateToDate_updatesSelectedDate]' passed (0.000 seconds).
Test Case '-[Yoga_of_EatingTests.DayNavigationTests test_navigateToIndex_clampsToValidRange]' started.
2026-05-15 06:37:26.481762+0530 Yoga of Eating[16581:133868] [[FirebaseCore]] 12.7.0 - [FirebaseCore][I-COR000003] The default Firebase app has not yet been configured. Add `FirebaseApp.configure()` to your application initialization. This can be done in in the App Delegate's application(_:didFinishLaunchingWithOptions:)` (or the `@main` struct's initializer in SwiftUI). Read more: https://firebase.google.com/docs/ios/setup#initialize_firebase_in_your_app
Test Case '-[Yoga_of_EatingTests.DayNavigationTests test_navigateToIndex_clampsToValidRange]' passed (0.000 seconds).
Test Case '-[Yoga_of_EatingTests.DayNavigationTests test_navigateToIndex_respectsMaxDaysBack]' started.
2026-05-15 06:37:26.482270+0530 Yoga of Eating[16581:133872] [[FirebaseCore]] 12.7.0 - [FirebaseCore][I-COR000003] The default Firebase app has not yet been configured. Add `FirebaseApp.configure()` to your application initialization. This can be done in in the App Delegate's application(_:didFinishLaunchingWithOptions:)` (or the `@main` struct's initializer in SwiftUI). Read more: https://firebase.google.com/docs/ios/setup#initialize_firebase_in_your_app
Test Case '-[Yoga_of_EatingTests.DayNavigationTests test_navigateToIndex_respectsMaxDaysBack]' passed (0.000 seconds).
Test Case '-[Yoga_of_EatingTests.DayNavigationTests test_navigateToIndex_updatesSelectedDate]' started.
2026-05-15 06:37:26.482730+0530 Yoga of Eating[16581:133867] [[FirebaseCore]] 12.7.0 - [FirebaseCore][I-COR000003] The default Firebase app has not yet been configured. Add `FirebaseApp.configure()` to your application initialization. This can be done in in the App Delegate's application(_:didFinishLaunchingWithOptions:)` (or the `@main` struct's initializer in SwiftUI). Read more: https://firebase.google.com/docs/ios/setup#initialize_firebase_in_your_app
Test Case '-[Yoga_of_EatingTests.DayNavigationTests test_navigateToIndex_updatesSelectedDate]' passed (0.000 seconds).
Test Case '-[Yoga_of_EatingTests.DayNavigationTests test_navigateToNextDay_doesNotExceedToday]' started.
2026-05-15 06:37:26.483161+0530 Yoga of Eating[16581:133867] [[FirebaseCore]] 12.7.0 - [FirebaseCore][I-COR000003] The default Firebase app has not yet been configured. Add `FirebaseApp.configure()` to your application initialization. This can be done in in the App Delegate's application(_:didFinishLaunchingWithOptions:)` (or the `@main` struct's initializer in SwiftUI). Read more: https://firebase.google.com/docs/ios/setup#initialize_firebase_in_your_app
Test Case '-[Yoga_of_EatingTests.DayNavigationTests test_navigateToNextDay_doesNotExceedToday]' passed (0.000 seconds).
Test Case '-[Yoga_of_EatingTests.DayNavigationTests test_navigateToNextDay_movesForwardOneDay]' started.
2026-05-15 06:37:26.483587+0530 Yoga of Eating[16581:133868] [[FirebaseCore]] 12.7.0 - [FirebaseCore][I-COR000003] The default Firebase app has not yet been configured. Add `FirebaseApp.configure()` to your application initialization. This can be done in in the App Delegate's application(_:didFinishLaunchingWithOptions:)` (or the `@main` struct's initializer in SwiftUI). Read more: https://firebase.google.com/docs/ios/setup#initialize_firebase_in_your_app
Test Case '-[Yoga_of_EatingTests.DayNavigationTests test_navigateToNextDay_movesForwardOneDay]' passed (0.000 seconds).
Test Case '-[Yoga_of_EatingTests.DayNavigationTests test_navigateToPreviousDay_movesBackOneDay]' started.
2026-05-15 06:37:26.484104+0530 Yoga of Eating[16581:133869] [[FirebaseCore]] 12.7.0 - [FirebaseCore][I-COR000003] The default Firebase app has not yet been configured. Add `FirebaseApp.configure()` to your application initialization. This can be done in in the App Delegate's application(_:didFinishLaunchingWithOptions:)` (or the `@main` struct's initializer in SwiftUI). Read more: https://firebase.google.com/docs/ios/setup#initialize_firebase_in_your_app
Test Case '-[Yoga_of_EatingTests.DayNavigationTests test_navigateToPreviousDay_movesBackOneDay]' passed (0.000 seconds).
Test Case '-[Yoga_of_EatingTests.DayNavigationTests test_navigateToToday_returnsToCurrentDay]' started.
2026-05-15 06:37:26.484540+0530 Yoga of Eating[16581:133868] [[FirebaseCore]] 12.7.0 - [FirebaseCore][I-COR000003] The default Firebase app has not yet been configured. Add `FirebaseApp.configure()` to your application initialization. This can be done in in the App Delegate's application(_:didFinishLaunchingWithOptions:)` (or the `@main` struct's initializer in SwiftUI). Read more: https://firebase.google.com/docs/ios/setup#initialize_firebase_in_your_app
Test Case '-[Yoga_of_EatingTests.DayNavigationTests test_navigateToToday_returnsToCurrentDay]' passed (0.000 seconds).
Test Case '-[Yoga_of_EatingTests.DayNavigationTests test_selectedDate_defaultsToToday]' started.
2026-05-15 06:37:26.485016+0530 Yoga of Eating[16581:133868] [[FirebaseCore]] 12.7.0 - [FirebaseCore][I-COR000003] The default Firebase app has not yet been configured. Add `FirebaseApp.configure()` to your application initialization. This can be done in in the App Delegate's application(_:didFinishLaunchingWithOptions:)` (or the `@main` struct's initializer in SwiftUI). Read more: https://firebase.google.com/docs/ios/setup#initialize_firebase_in_your_app
Test Case '-[Yoga_of_EatingTests.DayNavigationTests test_selectedDate_defaultsToToday]' passed (0.000 seconds).
Test Case '-[Yoga_of_EatingTests.DayNavigationTests test_selectedDayIndex_returnsCorrectValue_forPastDays]' started.
2026-05-15 06:37:26.485517+0530 Yoga of Eating[16581:133869] [[FirebaseCore]] 12.7.0 - [FirebaseCore][I-COR000003] The default Firebase app has not yet been configured. Add `FirebaseApp.configure()` to your application initialization. This can be done in in the App Delegate's application(_:didFinishLaunchingWithOptions:)` (or the `@main` struct's initializer in SwiftUI). Read more: https://firebase.google.com/docs/ios/setup#initialize_firebase_in_your_app
Test Case '-[Yoga_of_EatingTests.DayNavigationTests test_selectedDayIndex_returnsCorrectValue_forPastDays]' passed (0.000 seconds).
Test Case '-[Yoga_of_EatingTests.DayNavigationTests test_selectedDayIndex_returnsZero_forToday]' started.
2026-05-15 06:37:26.485999+0530 Yoga of Eating[16581:133866] [[FirebaseCore]] 12.7.0 - [FirebaseCore][I-COR000003] The default Firebase app has not yet been configured. Add `FirebaseApp.configure()` to your application initialization. This can be done in in the App Delegate's application(_:didFinishLaunchingWithOptions:)` (or the `@main` struct's initializer in SwiftUI). Read more: https://firebase.google.com/docs/ios/setup#initialize_firebase_in_your_app
Test Case '-[Yoga_of_EatingTests.DayNavigationTests test_selectedDayIndex_returnsZero_forToday]' passed (0.000 seconds).
Test Case '-[Yoga_of_EatingTests.DayNavigationTests test_snapshotForSelectedDate_returnsNil_forTodayWithoutArchive]' started.
2026-05-15 06:37:26.486480+0530 Yoga of Eating[16581:133869] [[FirebaseCore]] 12.7.0 - [FirebaseCore][I-COR000003] The default Firebase app has not yet been configured. Add `FirebaseApp.configure()` to your application initialization. This can be done in in the App Delegate's application(_:didFinishLaunchingWithOptions:)` (or the `@main` struct's initializer in SwiftUI). Read more: https://firebase.google.com/docs/ios/setup#initialize_firebase_in_your_app
Test Case '-[Yoga_of_EatingTests.DayNavigationTests test_snapshotForSelectedDate_returnsNil_forTodayWithoutArchive]' passed (0.000 seconds).
Test Case '-[Yoga_of_EatingTests.DayNavigationTests test_snapshotForSelectedDate_returnsSnapshot_forHistoricalDay]' started.
2026-05-15 06:37:26.487077+0530 Yoga of Eating[16581:133872] [[FirebaseCore]] 12.7.0 - [FirebaseCore][I-COR000003] The default Firebase app has not yet been configured. Add `FirebaseApp.configure()` to your application initialization. This can be done in in the App Delegate's application(_:didFinishLaunchingWithOptions:)` (or the `@main` struct's initializer in SwiftUI). Read more: https://firebase.google.com/docs/ios/setup#initialize_firebase_in_your_app
Test Case '-[Yoga_of_EatingTests.DayNavigationTests test_snapshotForSelectedDate_returnsSnapshot_forHistoricalDay]' passed (0.014 seconds).
Test Suite 'DayNavigationTests' passed at 2026-05-15 06:37:26.501.
	 Executed 24 tests, with 0 failures (0 unexpected) in 0.022 (0.026) seconds
Test Suite 'DaySummaryTests' started at 2026-05-15 06:37:26.501.
Test Case '-[Yoga_of_EatingTests.DaySummaryTests test_averageHealthScoreToday_boundaryScores_returnsCorrectAverage]' started.
2026-05-15 06:37:26.501530+0530 Yoga of Eating[16581:133869] [[FirebaseCore]] 12.7.0 - [FirebaseCore][I-COR000003] The default Firebase app has not yet been configured. Add `FirebaseApp.configure()` to your application initialization. This can be done in in the App Delegate's application(_:didFinishLaunchingWithOptions:)` (or the `@main` struct's initializer in SwiftUI). Read more: https://firebase.google.com/docs/ios/setup#initialize_firebase_in_your_app
Test Case '-[Yoga_of_EatingTests.DaySummaryTests test_averageHealthScoreToday_boundaryScores_returnsCorrectAverage]' passed (0.000 seconds).
Test Case '-[Yoga_of_EatingTests.DaySummaryTests test_averageHealthScoreToday_noMeals_returnsNil]' started.
2026-05-15 06:37:26.502082+0530 Yoga of Eating[16581:133872] [[FirebaseCore]] 12.7.0 - [FirebaseCore][I-COR000003] The default Firebase app has not yet been configured. Add `FirebaseApp.configure()` to your application initialization. This can be done in in the App Delegate's application(_:didFinishLaunchingWithOptions:)` (or the `@main` struct's initializer in SwiftUI). Read more: https://firebase.google.com/docs/ios/setup#initialize_firebase_in_your_app
Test Case '-[Yoga_of_EatingTests.DaySummaryTests test_averageHealthScoreToday_noMeals_returnsNil]' passed (0.000 seconds).
Test Case '-[Yoga_of_EatingTests.DaySummaryTests test_averageHealthScoreToday_oneMeal_returnsNil]' started.
2026-05-15 06:37:26.502683+0530 Yoga of Eating[16581:133869] [[FirebaseCore]] 12.7.0 - [FirebaseCore][I-COR000003] The default Firebase app has not yet been configured. Add `FirebaseApp.configure()` to your application initialization. This can be done in in the App Delegate's application(_:didFinishLaunchingWithOptions:)` (or the `@main` struct's initializer in SwiftUI). Read more: https://firebase.google.com/docs/ios/setup#initialize_firebase_in_your_app
Test Case '-[Yoga_of_EatingTests.DaySummaryTests test_averageHealthScoreToday_oneMeal_returnsNil]' passed (0.000 seconds).
Test Case '-[Yoga_of_EatingTests.DaySummaryTests test_averageHealthScoreToday_threeMeals_returnsCorrectAverage]' started.
2026-05-15 06:37:26.503179+0530 Yoga of Eating[16581:133866] [[FirebaseCore]] 12.7.0 - [FirebaseCore][I-COR000003] The default Firebase app has not yet been configured. Add `FirebaseApp.configure()` to your application initialization. This can be done in in the App Delegate's application(_:didFinishLaunchingWithOptions:)` (or the `@main` struct's initializer in SwiftUI). Read more: https://firebase.google.com/docs/ios/setup#initialize_firebase_in_your_app
Test Case '-[Yoga_of_EatingTests.DaySummaryTests test_averageHealthScoreToday_threeMeals_returnsCorrectAverage]' passed (0.000 seconds).
Test Case '-[Yoga_of_EatingTests.DaySummaryTests test_averageHealthScoreToday_twoMeals_returnsAverage]' started.
2026-05-15 06:37:26.503692+0530 Yoga of Eating[16581:133872] [[FirebaseCore]] 12.7.0 - [FirebaseCore][I-COR000003] The default Firebase app has not yet been configured. Add `FirebaseApp.configure()` to your application initialization. This can be done in in the App Delegate's application(_:didFinishLaunchingWithOptions:)` (or the `@main` struct's initializer in SwiftUI). Read more: https://firebase.google.com/docs/ios/setup#initialize_firebase_in_your_app
Test Case '-[Yoga_of_EatingTests.DaySummaryTests test_averageHealthScoreToday_twoMeals_returnsAverage]' passed (0.000 seconds).
Test Case '-[Yoga_of_EatingTests.DaySummaryTests test_daySummary_includesMealCount]' started.
Test Case '-[Yoga_of_EatingTests.DaySummaryTests test_daySummary_includesMealCount]' passed (0.000 seconds).
Test Case '-[Yoga_of_EatingTests.DaySummaryTests test_daySummary_includesScore]' started.
Test Case '-[Yoga_of_EatingTests.DaySummaryTests test_daySummary_includesScore]' passed (0.000 seconds).
Test Case '-[Yoga_of_EatingTests.DaySummaryTests test_daySummary_isNotEmpty]' started.
Test Case '-[Yoga_of_EatingTests.DaySummaryTests test_daySummary_isNotEmpty]' passed (0.000 seconds).
Test Case '-[Yoga_of_EatingTests.DaySummaryTests test_daySummary_multipleMeals_usesPlural]' started.
Test Case '-[Yoga_of_EatingTests.DaySummaryTests test_daySummary_multipleMeals_usesPlural]' passed (0.000 seconds).
Test Case '-[Yoga_of_EatingTests.DaySummaryTests test_daySummary_singleMeal_usesSingular]' started.
Test Case '-[Yoga_of_EatingTests.DaySummaryTests test_daySummary_singleMeal_usesSingular]' passed (0.000 seconds).
Test Suite 'DaySummaryTests' passed at 2026-05-15 06:37:26.506.
	 Executed 10 tests, with 0 failures (0 unexpected) in 0.004 (0.005) seconds
Test Suite 'DayTimelineEmptyStateTests' started at 2026-05-15 06:37:26.506.
Test Case '-[Yoga_of_EatingTests.DayTimelineEmptyStateTests test_animation_breathingPulse_isDefined]' started.
Test Case '-[Yoga_of_EatingTests.DayTimelineEmptyStateTests test_animation_breathingPulse_isDefined]' passed (0.016 seconds).
Test Case '-[Yoga_of_EatingTests.DayTimelineEmptyStateTests test_animation_breathingScale_isAboveOne]' started.
Test Case '-[Yoga_of_EatingTests.DayTimelineEmptyStateTests test_animation_breathingScale_isAboveOne]' passed (0.000 seconds).
Test Case '-[Yoga_of_EatingTests.DayTimelineEmptyStateTests test_animation_breathingScale_isWithinSafeRange]' started.
Test Case '-[Yoga_of_EatingTests.DayTimelineEmptyStateTests test_animation_breathingScale_isWithinSafeRange]' passed (0.000 seconds).
Test Case '-[Yoga_of_EatingTests.DayTimelineEmptyStateTests test_shouldPulse_historicalDayWithMeals_returnsFalse]' started.
Test Case '-[Yoga_of_EatingTests.DayTimelineEmptyStateTests test_shouldPulse_historicalDayWithMeals_returnsFalse]' passed (0.000 seconds).
Test Case '-[Yoga_of_EatingTests.DayTimelineEmptyStateTests test_shouldPulse_historicalDayWithNoMeals_returnsFalse]' started.
Test Case '-[Yoga_of_EatingTests.DayTimelineEmptyStateTests test_shouldPulse_historicalDayWithNoMeals_returnsFalse]' passed (0.000 seconds).
Test Case '-[Yoga_of_EatingTests.DayTimelineEmptyStateTests test_shouldPulse_todayWithMultipleMeals_returnsFalse]' started.
Test Case '-[Yoga_of_EatingTests.DayTimelineEmptyStateTests test_shouldPulse_todayWithMultipleMeals_returnsFalse]' passed (0.000 seconds).
Test Case '-[Yoga_of_EatingTests.DayTimelineEmptyStateTests test_shouldPulse_todayWithNoMeals_returnsTrue]' started.
Test Case '-[Yoga_of_EatingTests.DayTimelineEmptyStateTests test_shouldPulse_todayWithNoMeals_returnsTrue]' passed (0.000 seconds).
Test Case '-[Yoga_of_EatingTests.DayTimelineEmptyStateTests test_shouldPulse_todayWithOneMeal_returnsFalse]' started.
Test Case '-[Yoga_of_EatingTests.DayTimelineEmptyStateTests test_shouldPulse_todayWithOneMeal_returnsFalse]' passed (0.000 seconds).
Test Case '-[Yoga_of_EatingTests.DayTimelineEmptyStateTests test_shouldShowEmptyStateGreeting_historicalDay_returnsFalse]' started.
Test Case '-[Yoga_of_EatingTests.DayTimelineEmptyStateTests test_shouldShowEmptyStateGreeting_historicalDay_returnsFalse]' passed (0.000 seconds).
Test Case '-[Yoga_of_EatingTests.DayTimelineEmptyStateTests test_shouldShowEmptyStateGreeting_todayNoMeals_returnsTrue]' started.
Test Case '-[Yoga_of_EatingTests.DayTimelineEmptyStateTests test_shouldShowEmptyStateGreeting_todayNoMeals_returnsTrue]' passed (0.000 seconds).
Test Case '-[Yoga_of_EatingTests.DayTimelineEmptyStateTests test_shouldShowEmptyStateGreeting_todayWithMeal_returnsFalse]' started.
Test Case '-[Yoga_of_EatingTests.DayTimelineEmptyStateTests test_shouldShowEmptyStateGreeting_todayWithMeal_returnsFalse]' passed (0.000 seconds).
Test Case '-[Yoga_of_EatingTests.DayTimelineEmptyStateTests test_shouldShowQuote_historicalDay_alwaysTrue]' started.
Test Case '-[Yoga_of_EatingTests.DayTimelineEmptyStateTests test_shouldShowQuote_historicalDay_alwaysTrue]' passed (0.000 seconds).
Test Case '-[Yoga_of_EatingTests.DayTimelineEmptyStateTests test_shouldShowQuote_todayNoMeals_returnsFalse]' started.
Test Case '-[Yoga_of_EatingTests.DayTimelineEmptyStateTests test_shouldShowQuote_todayNoMeals_returnsFalse]' passed (0.000 seconds).
Test Case '-[Yoga_of_EatingTests.DayTimelineEmptyStateTests test_shouldShowQuote_todayWithMeals_returnsTrue]' started.
Test Case '-[Yoga_of_EatingTests.DayTimelineEmptyStateTests test_shouldShowQuote_todayWithMeals_returnsTrue]' passed (0.000 seconds).
Test Case '-[Yoga_of_EatingTests.DayTimelineEmptyStateTests test_strings_emptyStateGreeting_isNotEmpty]' started.
Test Case '-[Yoga_of_EatingTests.DayTimelineEmptyStateTests test_strings_emptyStateGreeting_isNotEmpty]' passed (0.000 seconds).
Test Case '-[Yoga_of_EatingTests.DayTimelineEmptyStateTests test_strings_emptyStateGreeting_matchesExpected]' started.
Test Case '-[Yoga_of_EatingTests.DayTimelineEmptyStateTests test_strings_emptyStateGreeting_matchesExpected]' passed (0.000 seconds).
Test Case '-[Yoga_of_EatingTests.DayTimelineEmptyStateTests test_strings_quoteAccessibility_isNotEmpty]' started.
Test Case '-[Yoga_of_EatingTests.DayTimelineEmptyStateTests test_strings_quoteAccessibility_isNotEmpty]' passed (0.000 seconds).
Test Case '-[Yoga_of_EatingTests.DayTimelineEmptyStateTests test_strings_tapToLog_isNotEmpty]' started.
Test Case '-[Yoga_of_EatingTests.DayTimelineEmptyStateTests test_strings_tapToLog_isNotEmpty]' passed (0.000 seconds).
Test Case '-[Yoga_of_EatingTests.DayTimelineEmptyStateTests test_strings_tapToLogWithInsight_containsTapToLog]' started.
Test Case '-[Yoga_of_EatingTests.DayTimelineEmptyStateTests test_strings_tapToLogWithInsight_containsTapToLog]' passed (0.000 seconds).
Test Case '-[Yoga_of_EatingTests.DayTimelineEmptyStateTests test_strings_tapToLogWithInsight_isNotEmpty]' started.
Test Case '-[Yoga_of_EatingTests.DayTimelineEmptyStateTests test_strings_tapToLogWithInsight_isNotEmpty]' passed (0.000 seconds).
Test Suite 'DayTimelineEmptyStateTests' passed at 2026-05-15 06:37:26.532.
	 Executed 20 tests, with 0 failures (0 unexpected) in 0.022 (0.025) seconds
Test Suite 'DeleteAllDataFlagTests' started at 2026-05-15 06:37:26.532.
Test Case '-[Yoga_of_EatingTests.DeleteAllDataFlagTests test_deleteAllData_setsFlagBeforeClearingPersistence]' started.
2026-05-15 06:37:26.532173+0530 Yoga of Eating[16581:133867] [[FirebaseCore]] 12.7.0 - [FirebaseCore][I-COR000003] The default Firebase app has not yet been configured. Add `FirebaseApp.configure()` to your application initialization. This can be done in in the App Delegate's application(_:didFinishLaunchingWithOptions:)` (or the `@main` struct's initializer in SwiftUI). Read more: https://firebase.google.com/docs/ios/setup#initialize_firebase_in_your_app
2026-05-15 06:37:26.532271+0530 Yoga of Eating[16581:133867] [[FirebaseCore]] 12.7.0 - [FirebaseCore][I-COR000003] The default Firebase app has not yet been configured. Add `FirebaseApp.configure()` to your application initialization. This can be done in in the App Delegate's application(_:didFinishLaunchingWithOptions:)` (or the `@main` struct's initializer in SwiftUI). Read more: https://firebase.google.com/docs/ios/setup#initialize_firebase_in_your_app
Test Case '-[Yoga_of_EatingTests.DeleteAllDataFlagTests test_deleteAllData_setsFlagBeforeClearingPersistence]' passed (0.003 seconds).
Test Case '-[Yoga_of_EatingTests.DeleteAllDataFlagTests test_deleteAllData_setsHasDeletedAllDataFlag]' started.
2026-05-15 06:37:26.535550+0530 Yoga of Eating[16581:133866] [[FirebaseCore]] 12.7.0 - [FirebaseCore][I-COR000003] The default Firebase app has not yet been configured. Add `FirebaseApp.configure()` to your application initialization. This can be done in in the App Delegate's application(_:didFinishLaunchingWithOptions:)` (or the `@main` struct's initializer in SwiftUI). Read more: https://firebase.google.com/docs/ios/setup#initialize_firebase_in_your_app
2026-05-15 06:37:26.535719+0530 Yoga of Eating[16581:133866] [[FirebaseCore]] 12.7.0 - [FirebaseCore][I-COR000003] The default Firebase app has not yet been configured. Add `FirebaseApp.configure()` to your application initialization. This can be done in in the App Delegate's application(_:didFinishLaunchingWithOptions:)` (or the `@main` struct's initializer in SwiftUI). Read more: https://firebase.google.com/docs/ios/setup#initialize_firebase_in_your_app
Test Case '-[Yoga_of_EatingTests.DeleteAllDataFlagTests test_deleteAllData_setsHasDeletedAllDataFlag]' passed (0.003 seconds).
Test Case '-[Yoga_of_EatingTests.DeleteAllDataFlagTests test_loadData_onAccountSwitch_clearsDeletionFlagBeforeRestore]' started.
2026-05-15 06:37:26.539882+0530 Yoga of Eating[16581:133872] [[FirebaseCore]] 12.7.0 - [FirebaseCore][I-COR000003] The default Firebase app has not yet been configured. Add `FirebaseApp.configure()` to your application initialization. This can be done in in the App Delegate's application(_:didFinishLaunchingWithOptions:)` (or the `@main` struct's initializer in SwiftUI). Read more: https://firebase.google.com/docs/ios/setup#initialize_firebase_in_your_app
2026-05-15 06:37:26.539974+0530 Yoga of Eating[16581:133872] [[FirebaseCore]] 12.7.0 - [FirebaseCore][I-COR000003] The default Firebase app has not yet been configured. Add `FirebaseApp.configure()` to your application initialization. This can be done in in the App Delegate's application(_:didFinishLaunchingWithOptions:)` (or the `@main` struct's initializer in SwiftUI). Read more: https://firebase.google.com/docs/ios/setup#initialize_firebase_in_your_app
Test Case '-[Yoga_of_EatingTests.DeleteAllDataFlagTests test_loadData_onAccountSwitch_clearsDeletionFlagBeforeRestore]' passed (0.003 seconds).
Test Case '-[Yoga_of_EatingTests.DeleteAllDataFlagTests test_triggerCloudRestore_whenDeletionFlagIsNotSet_proceedsWithRestore]' started.
2026-05-15 06:37:26.541876+0530 Yoga of Eating[16581:133869] [[FirebaseCore]] 12.7.0 - [FirebaseCore][I-COR000003] The default Firebase app has not yet been configured. Add `FirebaseApp.configure()` to your application initialization. This can be done in in the App Delegate's application(_:didFinishLaunchingWithOptions:)` (or the `@main` struct's initializer in SwiftUI). Read more: https://firebase.google.com/docs/ios/setup#initialize_firebase_in_your_app
2026-05-15 06:37:26.542086+0530 Yoga of Eating[16581:133869] [[FirebaseCore]] 12.7.0 - [FirebaseCore][I-COR000003] The default Firebase app has not yet been configured. Add `FirebaseApp.configure()` to your application initialization. This can be done in in the App Delegate's application(_:didFinishLaunchingWithOptions:)` (or the `@main` struct's initializer in SwiftUI). Read more: https://firebase.google.com/docs/ios/setup#initialize_firebase_in_your_app
2026-05-15 06:37:26.641981+0530 Yoga of Eating[16581:133866] Could not get attrs using token.pid for connection com.apple.xpc.anonymous.0x10d18a440.peer[15846].0x10cf45c80, pid -1: 144: Requestor lacks required entitlement
Test Case '-[Yoga_of_EatingTests.DeleteAllDataFlagTests test_triggerCloudRestore_whenDeletionFlagIsNotSet_proceedsWithRestore]' passed (0.202 seconds).
Test Case '-[Yoga_of_EatingTests.DeleteAllDataFlagTests test_triggerCloudRestore_whenDeletionFlagIsSet_doesNotRestore]' started.
2026-05-15 06:37:26.745982+0530 Yoga of Eating[16581:133869] [[FirebaseCore]] 12.7.0 - [FirebaseCore][I-COR000003] The default Firebase app has not yet been configured. Add `FirebaseApp.configure()` to your application initialization. This can be done in in the App Delegate's application(_:didFinishLaunchingWithOptions:)` (or the `@main` struct's initializer in SwiftUI). Read more: https://firebase.google.com/docs/ios/setup#initialize_firebase_in_your_app
2026-05-15 06:37:26.746080+0530 Yoga of Eating[16581:133869] [[FirebaseCore]] 12.7.0 - [FirebaseCore][I-COR000003] The default Firebase app has not yet been configured. Add `FirebaseApp.configure()` to your application initialization. This can be done in in the App Delegate's application(_:didFinishLaunchingWithOptions:)` (or the `@main` struct's initializer in SwiftUI). Read more: https://firebase.google.com/docs/ios/setup#initialize_firebase_in_your_app
2026-05-15 06:37:26.754021+0530 Yoga of Eating[16581:133859] [MainViewModel.Lifecycle] Cloud restore skipped — user has explicitly deleted all data on this device.
Test Case '-[Yoga_of_EatingTests.DeleteAllDataFlagTests test_triggerCloudRestore_whenDeletionFlagIsSet_doesNotRestore]' passed (0.011 seconds).
Test Suite 'DeleteAllDataFlagTests' passed at 2026-05-15 06:37:26.755.
	 Executed 5 tests, with 0 failures (0 unexpected) in 0.222 (0.223) seconds
Test Suite 'FastingBadgeViewTests' started at 2026-05-15 06:37:26.755.
Test Case '-[Yoga_of_EatingTests.FastingBadgeViewTests test_fastingBadgeView_shortPeriod_borderColorIsDefault]' started.
Test Case '-[Yoga_of_EatingTests.FastingBadgeViewTests test_fastingBadgeView_shortPeriod_borderColorIsDefault]' passed (0.000 seconds).
Test Case '-[Yoga_of_EatingTests.FastingBadgeViewTests test_fastingBadgeView_shortPeriod_hasZeroGlow]' started.
Test Case '-[Yoga_of_EatingTests.FastingBadgeViewTests test_fastingBadgeView_shortPeriod_hasZeroGlow]' passed (0.000 seconds).
Test Case '-[Yoga_of_EatingTests.FastingBadgeViewTests test_fastingBadgeView_significantPeriod_borderColorIsGreen]' started.
Test Case '-[Yoga_of_EatingTests.FastingBadgeViewTests test_fastingBadgeView_significantPeriod_borderColorIsGreen]' passed (0.000 seconds).
Test Case '-[Yoga_of_EatingTests.FastingBadgeViewTests test_fastingBadgeView_significantPeriod_hasNonZeroGlow]' started.
Test Case '-[Yoga_of_EatingTests.FastingBadgeViewTests test_fastingBadgeView_significantPeriod_hasNonZeroGlow]' passed (0.000 seconds).
Test Case '-[Yoga_of_EatingTests.FastingBadgeViewTests test_fastingPeriod_endBeforeStart_durationIsZero]' started.
Test Case '-[Yoga_of_EatingTests.FastingBadgeViewTests test_fastingPeriod_endBeforeStart_durationIsZero]' passed (0.000 seconds).
Test Case '-[Yoga_of_EatingTests.FastingBadgeViewTests test_fastingPeriod_endBeforeStart_formattedDurationIsZeroMinutes]' started.
Test Case '-[Yoga_of_EatingTests.FastingBadgeViewTests test_fastingPeriod_endBeforeStart_formattedDurationIsZeroMinutes]' passed (0.000 seconds).
Test Case '-[Yoga_of_EatingTests.FastingBadgeViewTests test_fastingPeriod_endBeforeStart_isNotSignificant]' started.
Test Case '-[Yoga_of_EatingTests.FastingBadgeViewTests test_fastingPeriod_endBeforeStart_isNotSignificant]' passed (0.000 seconds).
Test Case '-[Yoga_of_EatingTests.FastingBadgeViewTests test_fastingPeriod_formattedDuration_belowThirtyMinutes_omitsMinutes]' started.
Test Case '-[Yoga_of_EatingTests.FastingBadgeViewTests test_fastingPeriod_formattedDuration_belowThirtyMinutes_omitsMinutes]' passed (0.000 seconds).
Test Case '-[Yoga_of_EatingTests.FastingBadgeViewTests test_fastingPeriod_formattedDuration_subHour_21min]' started.
Test Case '-[Yoga_of_EatingTests.FastingBadgeViewTests test_fastingPeriod_formattedDuration_subHour_21min]' passed (0.000 seconds).
Test Case '-[Yoga_of_EatingTests.FastingBadgeViewTests test_fastingPeriod_formattedDuration_subHour_showsMinutesOnly]' started.
Test Case '-[Yoga_of_EatingTests.FastingBadgeViewTests test_fastingPeriod_formattedDuration_subHour_showsMinutesOnly]' passed (0.000 seconds).
Test Case '-[Yoga_of_EatingTests.FastingBadgeViewTests test_fastingPeriod_formattedDuration_wholeHours_noMinutes]' started.
Test Case '-[Yoga_of_EatingTests.FastingBadgeViewTests test_fastingPeriod_formattedDuration_wholeHours_noMinutes]' passed (0.001 seconds).
Test Case '-[Yoga_of_EatingTests.FastingBadgeViewTests test_fastingPeriod_formattedDuration_withMinutes_showsMinutes]' started.
Test Case '-[Yoga_of_EatingTests.FastingBadgeViewTests test_fastingPeriod_formattedDuration_withMinutes_showsMinutes]' passed (0.000 seconds).
Test Case '-[Yoga_of_EatingTests.FastingBadgeViewTests test_fastingPeriod_glowIntensity_aboveZeroForSignificantPeriod]' started.
Test Case '-[Yoga_of_EatingTests.FastingBadgeViewTests test_fastingPeriod_glowIntensity_aboveZeroForSignificantPeriod]' passed (0.000 seconds).
Test Case '-[Yoga_of_EatingTests.FastingBadgeViewTests test_fastingPeriod_glowIntensity_clampedToValidRange]' started.
Test Case '-[Yoga_of_EatingTests.FastingBadgeViewTests test_fastingPeriod_glowIntensity_clampedToValidRange]' passed (0.000 seconds).
Test Case '-[Yoga_of_EatingTests.FastingBadgeViewTests test_fastingPeriod_glowIntensity_minimumAtThreshold]' started.
Test Case '-[Yoga_of_EatingTests.FastingBadgeViewTests test_fastingPeriod_glowIntensity_minimumAtThreshold]' passed (0.000 seconds).
Test Case '-[Yoga_of_EatingTests.FastingBadgeViewTests test_fastingPeriod_glowIntensity_zeroForShortPeriod]' started.
Test Case '-[Yoga_of_EatingTests.FastingBadgeViewTests test_fastingPeriod_glowIntensity_zeroForShortPeriod]' passed (0.000 seconds).
Test Case '-[Yoga_of_EatingTests.FastingBadgeViewTests test_fastingPeriod_isSignificant_falseForElevenHours]' started.
Test Case '-[Yoga_of_EatingTests.FastingBadgeViewTests test_fastingPeriod_isSignificant_falseForElevenHours]' passed (0.000 seconds).
Test Case '-[Yoga_of_EatingTests.FastingBadgeViewTests test_fastingPeriod_isSignificant_falseForShortPeriod]' started.
Test Case '-[Yoga_of_EatingTests.FastingBadgeViewTests test_fastingPeriod_isSignificant_falseForShortPeriod]' passed (0.000 seconds).
Test Case '-[Yoga_of_EatingTests.FastingBadgeViewTests test_fastingPeriod_isSignificant_trueAtThreshold]' started.
Test Case '-[Yoga_of_EatingTests.FastingBadgeViewTests test_fastingPeriod_isSignificant_trueAtThreshold]' passed (0.000 seconds).
Test Case '-[Yoga_of_EatingTests.FastingBadgeViewTests test_fastingPeriod_isSignificant_trueForLongPeriod]' started.
Test Case '-[Yoga_of_EatingTests.FastingBadgeViewTests test_fastingPeriod_isSignificant_trueForLongPeriod]' passed (0.000 seconds).
Test Case '-[Yoga_of_EatingTests.FastingBadgeViewTests test_fastingPeriod_zeroDuration_hasZeroGlow]' started.
Test Case '-[Yoga_of_EatingTests.FastingBadgeViewTests test_fastingPeriod_zeroDuration_hasZeroGlow]' passed (0.000 seconds).
Test Suite 'FastingBadgeViewTests' passed at 2026-05-15 06:37:26.766.
	 Executed 21 tests, with 0 failures (0 unexpected) in 0.007 (0.011) seconds
Test Suite 'FastingConstantsTests' started at 2026-05-15 06:37:26.766.
Test Case '-[Yoga_of_EatingTests.FastingConstantsTests test_secondsPerHour_equalsSixtySecondsPerMinute]' started.
Test Case '-[Yoga_of_EatingTests.FastingConstantsTests test_secondsPerHour_equalsSixtySecondsPerMinute]' passed (0.000 seconds).
Test Case '-[Yoga_of_EatingTests.FastingConstantsTests test_secondsPerHour_isExactly3600]' started.
Test Case '-[Yoga_of_EatingTests.FastingConstantsTests test_secondsPerHour_isExactly3600]' passed (0.000 seconds).
Test Case '-[Yoga_of_EatingTests.FastingConstantsTests test_secondsPerHour_isPositive]' started.
Test Case '-[Yoga_of_EatingTests.FastingConstantsTests test_secondsPerHour_isPositive]' passed (0.000 seconds).
Test Case '-[Yoga_of_EatingTests.FastingConstantsTests test_secondsPerMinute_isExactly60]' started.
Test Case '-[Yoga_of_EatingTests.FastingConstantsTests test_secondsPerMinute_isExactly60]' passed (0.000 seconds).
Test Case '-[Yoga_of_EatingTests.FastingConstantsTests test_secondsPerMinute_isPositive]' started.
Test Case '-[Yoga_of_EatingTests.FastingConstantsTests test_secondsPerMinute_isPositive]' passed (0.000 seconds).
Test Case '-[Yoga_of_EatingTests.FastingConstantsTests test_significanceHoursThreshold_isExactlyTwelve]' started.
Test Case '-[Yoga_of_EatingTests.FastingConstantsTests test_significanceHoursThreshold_isExactlyTwelve]' passed (0.000 seconds).
Test Case '-[Yoga_of_EatingTests.FastingConstantsTests test_significanceHoursThreshold_isPositive]' started.
Test Case '-[Yoga_of_EatingTests.FastingConstantsTests test_significanceHoursThreshold_isPositive]' passed (0.000 seconds).
Test Case '-[Yoga_of_EatingTests.FastingConstantsTests test_significanceHoursThreshold_isReasonable]' started.
Test Case '-[Yoga_of_EatingTests.FastingConstantsTests test_significanceHoursThreshold_isReasonable]' passed (0.000 seconds).
Test Suite 'FastingConstantsTests' passed at 2026-05-15 06:37:26.770.
	 Executed 8 tests, with 0 failures (0 unexpected) in 0.003 (0.004) seconds
Test Suite 'FastingLogicServiceTests' started at 2026-05-15 06:37:26.770.
Test Case '-[Yoga_of_EatingTests.FastingLogicServiceTests test_calculateFastingPeriods_emptyMeals_returnsEmpty]' started.
Test Case '-[Yoga_of_EatingTests.FastingLogicServiceTests test_calculateFastingPeriods_emptyMeals_returnsEmpty]' passed (0.000 seconds).
Test Case '-[Yoga_of_EatingTests.FastingLogicServiceTests test_calculateFastingPeriods_multipleMeals_returnsCorrectPeriods]' started.
Test Case '-[Yoga_of_EatingTests.FastingLogicServiceTests test_calculateFastingPeriods_multipleMeals_returnsCorrectPeriods]' passed (0.000 seconds).
Test Case '-[Yoga_of_EatingTests.FastingLogicServiceTests test_calculateFastingPeriods_singleMeal_returnsEmpty]' started.
Test Case '-[Yoga_of_EatingTests.FastingLogicServiceTests test_calculateFastingPeriods_singleMeal_returnsEmpty]' passed (0.000 seconds).
Test Case '-[Yoga_of_EatingTests.FastingLogicServiceTests test_calculateFastingPeriods_twoMeals_returnsOnePeriod]' started.
Test Case '-[Yoga_of_EatingTests.FastingLogicServiceTests test_calculateFastingPeriods_twoMeals_returnsOnePeriod]' passed (0.000 seconds).
Test Case '-[Yoga_of_EatingTests.FastingLogicServiceTests test_calculateFastingPeriods_unsortedMeals_sortsCorrectly]' started.
Test Case '-[Yoga_of_EatingTests.FastingLogicServiceTests test_calculateFastingPeriods_unsortedMeals_sortsCorrectly]' passed (0.001 seconds).
Test Case '-[Yoga_of_EatingTests.FastingLogicServiceTests test_calculateSpacing_increasesWithDuration]' started.
Test Case '-[Yoga_of_EatingTests.FastingLogicServiceTests test_calculateSpacing_increasesWithDuration]' passed (0.000 seconds).
Test Case '-[Yoga_of_EatingTests.FastingLogicServiceTests test_calculateSpacing_minimumSpacing]' started.
Test Case '-[Yoga_of_EatingTests.FastingLogicServiceTests test_calculateSpacing_minimumSpacing]' passed (0.000 seconds).
Test Case '-[Yoga_of_EatingTests.FastingLogicServiceTests test_fastingPeriod_duration_calculatedCorrectly]' started.
Test Case '-[Yoga_of_EatingTests.FastingLogicServiceTests test_fastingPeriod_duration_calculatedCorrectly]' passed (0.000 seconds).
Test Case '-[Yoga_of_EatingTests.FastingLogicServiceTests test_fastingPeriod_formattedDuration_hoursOnly]' started.
Test Case '-[Yoga_of_EatingTests.FastingLogicServiceTests test_fastingPeriod_formattedDuration_hoursOnly]' passed (0.000 seconds).
Test Case '-[Yoga_of_EatingTests.FastingLogicServiceTests test_fastingPeriod_formattedDuration_ignoresSmallMinutes]' started.
Test Case '-[Yoga_of_EatingTests.FastingLogicServiceTests test_fastingPeriod_formattedDuration_ignoresSmallMinutes]' passed (0.000 seconds).
Test Case '-[Yoga_of_EatingTests.FastingLogicServiceTests test_fastingPeriod_formattedDuration_roundsDownMinutes]' started.
Test Case '-[Yoga_of_EatingTests.FastingLogicServiceTests test_fastingPeriod_formattedDuration_roundsDownMinutes]' passed (0.000 seconds).
Test Case '-[Yoga_of_EatingTests.FastingLogicServiceTests test_fastingPeriod_formattedDuration_subHour_showsMinutesOnly]' started.
Test Case '-[Yoga_of_EatingTests.FastingLogicServiceTests test_fastingPeriod_formattedDuration_subHour_showsMinutesOnly]' passed (0.000 seconds).
Test Case '-[Yoga_of_EatingTests.FastingLogicServiceTests test_fastingPeriod_formattedDuration_withMinutes]' started.
Test Case '-[Yoga_of_EatingTests.FastingLogicServiceTests test_fastingPeriod_formattedDuration_withMinutes]' passed (0.000 seconds).
Test Case '-[Yoga_of_EatingTests.FastingLogicServiceTests test_fastingPeriod_glowIntensity_increasesWithDuration]' started.
Test Case '-[Yoga_of_EatingTests.FastingLogicServiceTests test_fastingPeriod_glowIntensity_increasesWithDuration]' passed (0.000 seconds).
Test Case '-[Yoga_of_EatingTests.FastingLogicServiceTests test_fastingPeriod_glowIntensity_zeroUnder12Hours]' started.
Test Case '-[Yoga_of_EatingTests.FastingLogicServiceTests test_fastingPeriod_glowIntensity_zeroUnder12Hours]' passed (0.000 seconds).
Test Case '-[Yoga_of_EatingTests.FastingLogicServiceTests test_fastingPeriod_isSignificant_false_under12Hours]' started.
Test Case '-[Yoga_of_EatingTests.FastingLogicServiceTests test_fastingPeriod_isSignificant_false_under12Hours]' passed (0.000 seconds).
Test Case '-[Yoga_of_EatingTests.FastingLogicServiceTests test_fastingPeriod_isSignificant_true_for12Hours]' started.
Test Case '-[Yoga_of_EatingTests.FastingLogicServiceTests test_fastingPeriod_isSignificant_true_for12Hours]' passed (0.000 seconds).
Test Case '-[Yoga_of_EatingTests.FastingLogicServiceTests test_shouldShowBadge_false_belowFiveMinutes]' started.
Test Case '-[Yoga_of_EatingTests.FastingLogicServiceTests test_shouldShowBadge_false_belowFiveMinutes]' passed (0.000 seconds).
Test Case '-[Yoga_of_EatingTests.FastingLogicServiceTests test_shouldShowBadge_true_for1HourOrMore]' started.
Test Case '-[Yoga_of_EatingTests.FastingLogicServiceTests test_shouldShowBadge_true_for1HourOrMore]' passed (0.000 seconds).
Test Case '-[Yoga_of_EatingTests.FastingLogicServiceTests test_shouldShowBadge_true_underOneHour_showsShortGaps]' started.
Test Case '-[Yoga_of_EatingTests.FastingLogicServiceTests test_shouldShowBadge_true_underOneHour_showsShortGaps]' passed (0.000 seconds).
Test Suite 'FastingLogicServiceTests' passed at 2026-05-15 06:37:26.780.
	 Executed 20 tests, with 0 failures (0 unexpected) in 0.007 (0.010) seconds
Test Suite 'FirebaseRestoreIntegrationTests' started at 2026-05-15 06:37:26.780.
Test Case '-[Yoga_of_EatingTests.FirebaseRestoreIntegrationTests test_restoreFromFirebase_populatesHistoricalDataFromCloud]' started.
2026-05-15 06:37:26.782174+0530 Yoga of Eating[16581:133859] [HistoricalSync] Restore: fetched 2 snapshots for user
Test Case '-[Yoga_of_EatingTests.FirebaseRestoreIntegrationTests test_restoreFromFirebase_populatesHistoricalDataFromCloud]' passed (0.003 seconds).
Test Case '-[Yoga_of_EatingTests.FirebaseRestoreIntegrationTests test_restoreFromFirebase_preservesExistingLocalSnapshots]' started.
2026-05-15 06:37:26.783115+0530 Yoga of Eating[16581:133859] [HistoricalSync] Restore: fetched 1 snapshots for user
Test Case '-[Yoga_of_EatingTests.FirebaseRestoreIntegrationTests test_restoreFromFirebase_preservesExistingLocalSnapshots]' passed (0.001 seconds).
Test Case '-[Yoga_of_EatingTests.FirebaseRestoreIntegrationTests test_restoreFromFirebase_savesToDisk_afterSuccessfulRestore]' started.
2026-05-15 06:37:26.783805+0530 Yoga of Eating[16581:133859] [HistoricalSync] Restore: fetched 1 snapshots for user
Test Case '-[Yoga_of_EatingTests.FirebaseRestoreIntegrationTests test_restoreFromFirebase_savesToDisk_afterSuccessfulRestore]' passed (0.000 seconds).
Test Case '-[Yoga_of_EatingTests.FirebaseRestoreIntegrationTests test_restoreFromFirebase_whenCloudIsEmpty_doesNotSaveToDisk]' started.
2026-05-15 06:37:26.784454+0530 Yoga of Eating[16581:133859] [HistoricalSync] Restore: fetched 0 snapshots for user
Test Case '-[Yoga_of_EatingTests.FirebaseRestoreIntegrationTests test_restoreFromFirebase_whenCloudIsEmpty_doesNotSaveToDisk]' passed (0.000 seconds).
Test Case '-[Yoga_of_EatingTests.FirebaseRestoreIntegrationTests test_restoreFromFirebase_whenCloudIsEmpty_historicalDataRemainsEmpty]' started.
2026-05-15 06:37:26.785053+0530 Yoga of Eating[16581:133859] [HistoricalSync] Restore: fetched 0 snapshots for user
Test Case '-[Yoga_of_EatingTests.FirebaseRestoreIntegrationTests test_restoreFromFirebase_whenCloudIsEmpty_historicalDataRemainsEmpty]' passed (0.000 seconds).
Test Case '-[Yoga_of_EatingTests.FirebaseRestoreIntegrationTests test_restoreFromFirebase_whenNotAuthenticated_throwsSyncAuthRequired]' started.
2026-05-15 06:37:26.785734+0530 Yoga of Eating[16581:133859] [HistoricalSync] Restore attempted without authenticated user
Test Case '-[Yoga_of_EatingTests.FirebaseRestoreIntegrationTests test_restoreFromFirebase_whenNotAuthenticated_throwsSyncAuthRequired]' passed (0.002 seconds).
Test Case '-[Yoga_of_EatingTests.FirebaseRestoreIntegrationTests test_restoreFromFirebase_whenSomeDocumentsCorrupted_stillMergesValidSnapshots]' started.
2026-05-15 06:37:26.787644+0530 Yoga of Eating[16581:133859] [HistoricalSync] Restore: fetched 2 snapshots for user
Test Case '-[Yoga_of_EatingTests.FirebaseRestoreIntegrationTests test_restoreFromFirebase_whenSomeDocumentsCorrupted_stillMergesValidSnapshots]' passed (0.001 seconds).
Test Case '-[Yoga_of_EatingTests.FirebaseRestoreIntegrationTests test_restoreFromFirebase_whenSomeDocumentsCorrupted_throwsRestorePartialData]' started.
2026-05-15 06:37:26.788324+0530 Yoga of Eating[16581:133859] [HistoricalSync] Restore: fetched 2 snapshots for user
Test Case '-[Yoga_of_EatingTests.FirebaseRestoreIntegrationTests test_restoreFromFirebase_whenSomeDocumentsCorrupted_throwsRestorePartialData]' passed (0.001 seconds).
Test Suite 'FirebaseRestoreIntegrationTests' passed at 2026-05-15 06:37:26.789.
	 Executed 8 tests, with 0 failures (0 unexpected) in 0.007 (0.009) seconds
Test Suite 'FoodDebtTests' started at 2026-05-15 06:37:26.789.
Test Case '-[Yoga_of_EatingTests.FoodDebtTests test_foodDebtState_noHistoricalData_returnsNeutral]' started.
Test Case '-[Yoga_of_EatingTests.FoodDebtTests test_foodDebtState_noHistoricalData_returnsNeutral]' passed (0.001 seconds).
Test Case '-[Yoga_of_EatingTests.FoodDebtTests test_foodDebtState_oneBadDay_returnsNeutral]' started.
Test Case '-[Yoga_of_EatingTests.FoodDebtTests test_foodDebtState_oneBadDay_returnsNeutral]' passed (0.000 seconds).
Test Case '-[Yoga_of_EatingTests.FoodDebtTests test_foodDebtState_twoBadDays_returnsConcerned]' started.
Test Case '-[Yoga_of_EatingTests.FoodDebtTests test_foodDebtState_twoBadDays_returnsConcerned]' passed (0.000 seconds).
Test Case '-[Yoga_of_EatingTests.FoodDebtTests test_foodDebtState_twoBadDaysAtThreshold_returnsNeutral]' started.
Test Case '-[Yoga_of_EatingTests.FoodDebtTests test_foodDebtState_twoBadDaysAtThreshold_returnsNeutral]' passed (0.000 seconds).
Test Case '-[Yoga_of_EatingTests.FoodDebtTests test_foodDebtState_twoBadDaysOneWithNoMeals_returnsNeutral]' started.
Test Case '-[Yoga_of_EatingTests.FoodDebtTests test_foodDebtState_twoBadDaysOneWithNoMeals_returnsNeutral]' passed (0.000 seconds).
Test Case '-[Yoga_of_EatingTests.FoodDebtTests test_patternAnalyzer_foodDebt_cardGeneratedForTwoBadDays]' started.
Test Case '-[Yoga_of_EatingTests.FoodDebtTests test_patternAnalyzer_foodDebt_cardGeneratedForTwoBadDays]' passed (0.000 seconds).
Test Case '-[Yoga_of_EatingTests.FoodDebtTests test_patternAnalyzer_foodDebt_cardNotGeneratedForNonConsecutiveDays]' started.
Test Case '-[Yoga_of_EatingTests.FoodDebtTests test_patternAnalyzer_foodDebt_cardNotGeneratedForNonConsecutiveDays]' passed (0.000 seconds).
Test Case '-[Yoga_of_EatingTests.FoodDebtTests test_patternAnalyzer_foodDebt_cardNotGeneratedForOneBadDay]' started.
Test Case '-[Yoga_of_EatingTests.FoodDebtTests test_patternAnalyzer_foodDebt_cardNotGeneratedForOneBadDay]' passed (0.000 seconds).
Test Case '-[Yoga_of_EatingTests.FoodDebtTests test_patternAnalyzer_foodDebt_cardNotGeneratedWithNoMeals]' started.
Test Case '-[Yoga_of_EatingTests.FoodDebtTests test_patternAnalyzer_foodDebt_cardNotGeneratedWithNoMeals]' passed (0.000 seconds).
Test Case '-[Yoga_of_EatingTests.FoodDebtTests test_patternAnalyzer_foodDebt_confidenceScalesWithSeverity]' started.
Test Case '-[Yoga_of_EatingTests.FoodDebtTests test_patternAnalyzer_foodDebt_confidenceScalesWithSeverity]' passed (0.000 seconds).
Test Case '-[Yoga_of_EatingTests.FoodDebtTests test_patternAnalyzer_generateCorrelationCards_includesFoodDebtWhenTriggered]' started.
Test Case '-[Yoga_of_EatingTests.FoodDebtTests test_patternAnalyzer_generateCorrelationCards_includesFoodDebtWhenTriggered]' passed (0.000 seconds).
Test Case '-[Yoga_of_EatingTests.FoodDebtTests test_resetDay_oneBadDay_smileyNeutral]' started.
2026-05-15 06:37:26.795843+0530 Yoga of Eating[16581:133868] [[FirebaseCore]] 12.7.0 - [FirebaseCore][I-COR000003] The default Firebase app has not yet been configured. Add `FirebaseApp.configure()` to your application initialization. This can be done in in the App Delegate's application(_:didFinishLaunchingWithOptions:)` (or the `@main` struct's initializer in SwiftUI). Read more: https://firebase.google.com/docs/ios/setup#initialize_firebase_in_your_app
2026-05-15 06:37:26.795937+0530 Yoga of Eating[16581:133868] [[FirebaseCore]] 12.7.0 - [FirebaseCore][I-COR000003] The default Firebase app has not yet been configured. Add `FirebaseApp.configure()` to your application initialization. This can be done in in the App Delegate's application(_:didFinishLaunchingWithOptions:)` (or the `@main` struct's initializer in SwiftUI). Read more: https://firebase.google.com/docs/ios/setup#initialize_firebase_in_your_app
Test Case '-[Yoga_of_EatingTests.FoodDebtTests test_resetDay_oneBadDay_smileyNeutral]' passed (0.002 seconds).
Test Case '-[Yoga_of_EatingTests.FoodDebtTests test_resetDay_twoBadDays_smileyConcerned]' started.
2026-05-15 06:37:26.797431+0530 Yoga of Eating[16581:133868] [[FirebaseCore]] 12.7.0 - [FirebaseCore][I-COR000003] The default Firebase app has not yet been configured. Add `FirebaseApp.configure()` to your application initialization. This can be done in in the App Delegate's application(_:didFinishLaunchingWithOptions:)` (or the `@main` struct's initializer in SwiftUI). Read more: https://firebase.google.com/docs/ios/setup#initialize_firebase_in_your_app
Test Case '-[Yoga_of_EatingTests.FoodDebtTests test_resetDay_twoBadDays_smileyConcerned]' passed (0.000 seconds).
2026-05-15 06:37:26.797536+0530 Yoga of Eating[16581:133868] [[FirebaseCore]] 12.7.0 - [FirebaseCore][I-COR000003] The default Firebase app has not yet been configured. Add `FirebaseApp.configure()` to your application initialization. This can be done in in the App Delegate's application(_:didFinishLaunchingWithOptions:)` (or the `@main` struct's initializer in SwiftUI). Read more: https://firebase.google.com/docs/ios/setup#initialize_firebase_in_your_app
Test Case '-[Yoga_of_EatingTests.FoodDebtTests test_smileyMood_concerned_codableRoundTrip]' started.
Test Case '-[Yoga_of_EatingTests.FoodDebtTests test_smileyMood_concerned_codableRoundTrip]' passed (0.000 seconds).
Test Case '-[Yoga_of_EatingTests.FoodDebtTests test_smileyState_concerned_staticProperty_hasConcernedMood]' started.
Test Case '-[Yoga_of_EatingTests.FoodDebtTests test_smileyState_concerned_staticProperty_hasConcernedMood]' passed (0.000 seconds).
Test Suite 'FoodDebtTests' passed at 2026-05-15 06:37:26.799.
	 Executed 15 tests, with 0 failures (0 unexpected) in 0.008 (0.010) seconds
Test Suite 'HealthProfileServiceTests' started at 2026-05-15 06:37:26.799.
Test Case '-[Yoga_of_EatingTests.HealthProfileServiceTests test_calculateBMI_imperialUnits_returnsCorrectValue]' started.
Test Case '-[Yoga_of_EatingTests.HealthProfileServiceTests test_calculateBMI_imperialUnits_returnsCorrectValue]' passed (0.001 seconds).
Test Case '-[Yoga_of_EatingTests.HealthProfileServiceTests test_calculateBMI_metricUnits_returnsCorrectValue]' started.
Test Case '-[Yoga_of_EatingTests.HealthProfileServiceTests test_calculateBMI_metricUnits_returnsCorrectValue]' passed (0.000 seconds).
Test Case '-[Yoga_of_EatingTests.HealthProfileServiceTests test_calculateBMI_negativeValues_returnsZero]' started.
Test Case '-[Yoga_of_EatingTests.HealthProfileServiceTests test_calculateBMI_negativeValues_returnsZero]' passed (0.000 seconds).
Test Case '-[Yoga_of_EatingTests.HealthProfileServiceTests test_calculateBMI_zeroHeight_returnsZero]' started.
Test Case '-[Yoga_of_EatingTests.HealthProfileServiceTests test_calculateBMI_zeroHeight_returnsZero]' passed (0.000 seconds).
Test Case '-[Yoga_of_EatingTests.HealthProfileServiceTests test_calculateBMI_zeroWeight_returnsZero]' started.
Test Case '-[Yoga_of_EatingTests.HealthProfileServiceTests test_calculateBMI_zeroWeight_returnsZero]' passed (0.000 seconds).
Test Case '-[Yoga_of_EatingTests.HealthProfileServiceTests test_calculateBMR_femaleMetric_returnsCorrectValue]' started.
Test Case '-[Yoga_of_EatingTests.HealthProfileServiceTests test_calculateBMR_femaleMetric_returnsCorrectValue]' passed (0.001 seconds).
Test Case '-[Yoga_of_EatingTests.HealthProfileServiceTests test_calculateBMR_imperialUnits_convertsCorrectly]' started.
Test Case '-[Yoga_of_EatingTests.HealthProfileServiceTests test_calculateBMR_imperialUnits_convertsCorrectly]' passed (0.000 seconds).
Test Case '-[Yoga_of_EatingTests.HealthProfileServiceTests test_calculateBMR_maleMetric_returnsCorrectValue]' started.
Test Case '-[Yoga_of_EatingTests.HealthProfileServiceTests test_calculateBMR_maleMetric_returnsCorrectValue]' passed (0.000 seconds).
Test Case '-[Yoga_of_EatingTests.HealthProfileServiceTests test_calculateBMR_unspecifiedGender_usesDefaultFormula]' started.
Test Case '-[Yoga_of_EatingTests.HealthProfileServiceTests test_calculateBMR_unspecifiedGender_usesDefaultFormula]' passed (0.000 seconds).
Test Case '-[Yoga_of_EatingTests.HealthProfileServiceTests test_calculateTDEE_defaultActivity_usesSedentary]' started.
Test Case '-[Yoga_of_EatingTests.HealthProfileServiceTests test_calculateTDEE_defaultActivity_usesSedentary]' passed (0.000 seconds).
Test Case '-[Yoga_of_EatingTests.HealthProfileServiceTests test_calculateTDEE_sedentaryActivity_returnsCorrectValue]' started.
Test Case '-[Yoga_of_EatingTests.HealthProfileServiceTests test_calculateTDEE_sedentaryActivity_returnsCorrectValue]' passed (0.000 seconds).
Test Case '-[Yoga_of_EatingTests.HealthProfileServiceTests test_getBMICategory_borderlineNormalOverweight_returnsCorrectCategory]' started.
Test Case '-[Yoga_of_EatingTests.HealthProfileServiceTests test_getBMICategory_borderlineNormalOverweight_returnsCorrectCategory]' passed (0.000 seconds).
Test Case '-[Yoga_of_EatingTests.HealthProfileServiceTests test_getBMICategory_normal_returnsCorrectCategory]' started.
Test Case '-[Yoga_of_EatingTests.HealthProfileServiceTests test_getBMICategory_normal_returnsCorrectCategory]' passed (0.000 seconds).
Test Case '-[Yoga_of_EatingTests.HealthProfileServiceTests test_getBMICategory_obese_returnsCorrectCategory]' started.
Test Case '-[Yoga_of_EatingTests.HealthProfileServiceTests test_getBMICategory_obese_returnsCorrectCategory]' passed (0.000 seconds).
Test Case '-[Yoga_of_EatingTests.HealthProfileServiceTests test_getBMICategory_overweight_returnsCorrectCategory]' started.
Test Case '-[Yoga_of_EatingTests.HealthProfileServiceTests test_getBMICategory_overweight_returnsCorrectCategory]' passed (0.000 seconds).
Test Case '-[Yoga_of_EatingTests.HealthProfileServiceTests test_getBMICategory_underweight_returnsCorrectCategory]' started.
Test Case '-[Yoga_of_EatingTests.HealthProfileServiceTests test_getBMICategory_underweight_returnsCorrectCategory]' passed (0.000 seconds).
Test Case '-[Yoga_of_EatingTests.HealthProfileServiceTests test_getHealthRiskLevel_healthyProfile_returnsLow]' started.
Test Case '-[Yoga_of_EatingTests.HealthProfileServiceTests test_getHealthRiskLevel_healthyProfile_returnsLow]' passed (0.000 seconds).
Test Case '-[Yoga_of_EatingTests.HealthProfileServiceTests test_getHealthRiskLevel_normalVeryOld_returnsMedium]' started.
Test Case '-[Yoga_of_EatingTests.HealthProfileServiceTests test_getHealthRiskLevel_normalVeryOld_returnsMedium]' passed (0.000 seconds).
Test Case '-[Yoga_of_EatingTests.HealthProfileServiceTests test_getHealthRiskLevel_obese_returnsHigh]' started.
Test Case '-[Yoga_of_EatingTests.HealthProfileServiceTests test_getHealthRiskLevel_obese_returnsHigh]' passed (0.000 seconds).
Test Case '-[Yoga_of_EatingTests.HealthProfileServiceTests test_getHealthRiskLevel_overweightOlder_returnsHigh]' started.
Test Case '-[Yoga_of_EatingTests.HealthProfileServiceTests test_getHealthRiskLevel_overweightOlder_returnsHigh]' passed (0.000 seconds).
Test Case '-[Yoga_of_EatingTests.HealthProfileServiceTests test_getHealthRiskLevel_overweightYoung_returnsMedium]' started.
Test Case '-[Yoga_of_EatingTests.HealthProfileServiceTests test_getHealthRiskLevel_overweightYoung_returnsMedium]' passed (0.000 seconds).
Test Case '-[Yoga_of_EatingTests.HealthProfileServiceTests test_getSensitivityMultiplier_extremelyObeseVeryOld_clampedToMax]' started.
Test Case '-[Yoga_of_EatingTests.HealthProfileServiceTests test_getSensitivityMultiplier_extremelyObeseVeryOld_clampedToMax]' passed (0.000 seconds).
Test Case '-[Yoga_of_EatingTests.HealthProfileServiceTests test_getSensitivityMultiplier_healthyYoung_returnsBaseValue]' started.
Test Case '-[Yoga_of_EatingTests.HealthProfileServiceTests test_getSensitivityMultiplier_healthyYoung_returnsBaseValue]' passed (0.000 seconds).
Test Case '-[Yoga_of_EatingTests.HealthProfileServiceTests test_getSensitivityMultiplier_obeseOlder_returnsHighSensitivity]' started.
Test Case '-[Yoga_of_EatingTests.HealthProfileServiceTests test_getSensitivityMultiplier_obeseOlder_returnsHighSensitivity]' passed (0.000 seconds).
Test Case '-[Yoga_of_EatingTests.HealthProfileServiceTests test_getSensitivityMultiplier_overweightMiddleAge_returnsIncreasedValue]' started.
Test Case '-[Yoga_of_EatingTests.HealthProfileServiceTests test_getSensitivityMultiplier_overweightMiddleAge_returnsIncreasedValue]' passed (0.000 seconds).
Test Case '-[Yoga_of_EatingTests.HealthProfileServiceTests test_getSensitivityMultiplier_underweight_clampedToMin]' started.
Test Case '-[Yoga_of_EatingTests.HealthProfileServiceTests test_getSensitivityMultiplier_underweight_clampedToMin]' passed (0.000 seconds).
Test Case '-[Yoga_of_EatingTests.HealthProfileServiceTests test_getUserHealthProfile_imperialUnits_convertsCorrectly]' started.
Test Case '-[Yoga_of_EatingTests.HealthProfileServiceTests test_getUserHealthProfile_imperialUnits_convertsCorrectly]' passed (0.015 seconds).
Test Case '-[Yoga_of_EatingTests.HealthProfileServiceTests test_getUserHealthProfile_invalidStringValues_returnsNil]' started.
Test Case '-[Yoga_of_EatingTests.HealthProfileServiceTests test_getUserHealthProfile_invalidStringValues_returnsNil]' passed (0.002 seconds).
Test Case '-[Yoga_of_EatingTests.HealthProfileServiceTests test_getUserHealthProfile_missingAge_returnsNil]' started.
Test Case '-[Yoga_of_EatingTests.HealthProfileServiceTests test_getUserHealthProfile_missingAge_returnsNil]' passed (0.001 seconds).
Test Case '-[Yoga_of_EatingTests.HealthProfileServiceTests test_getUserHealthProfile_missingHeight_returnsNil]' started.
Test Case '-[Yoga_of_EatingTests.HealthProfileServiceTests test_getUserHealthProfile_missingHeight_returnsNil]' passed (0.001 seconds).
Test Case '-[Yoga_of_EatingTests.HealthProfileServiceTests test_getUserHealthProfile_missingWeight_returnsNil]' started.
Test Case '-[Yoga_of_EatingTests.HealthProfileServiceTests test_getUserHealthProfile_missingWeight_returnsNil]' passed (0.001 seconds).
Test Case '-[Yoga_of_EatingTests.HealthProfileServiceTests test_getUserHealthProfile_validData_returnsProfile]' started.
Test Case '-[Yoga_of_EatingTests.HealthProfileServiceTests test_getUserHealthProfile_validData_returnsProfile]' passed (0.002 seconds).
Test Case '-[Yoga_of_EatingTests.HealthProfileServiceTests test_getUserHealthProfile_zeroValues_returnsNil]' started.
Test Case '-[Yoga_of_EatingTests.HealthProfileServiceTests test_getUserHealthProfile_zeroValues_returnsNil]' passed (0.002 seconds).
Test Suite 'HealthProfileServiceTests' passed at 2026-05-15 06:37:26.837.
	 Executed 33 tests, with 0 failures (0 unexpected) in 0.033 (0.038) seconds
Test Suite 'HeatmapLayoutConfigurationTests' started at 2026-05-15 06:37:26.837.
Test Case '-[Yoga_of_EatingTests.HeatmapLayoutConfigurationTests test_cellSize_foriPad]' started.
Test Case '-[Yoga_of_EatingTests.HeatmapLayoutConfigurationTests test_cellSize_foriPad]' passed (0.000 seconds).
Test Case '-[Yoga_of_EatingTests.HeatmapLayoutConfigurationTests test_cellSize_foriPhone15ProMax]' started.
Test Case '-[Yoga_of_EatingTests.HeatmapLayoutConfigurationTests test_cellSize_foriPhone15ProMax]' passed (0.000 seconds).
Test Case '-[Yoga_of_EatingTests.HeatmapLayoutConfigurationTests test_cellSize_foriPhoneSE]' started.
Test Case '-[Yoga_of_EatingTests.HeatmapLayoutConfigurationTests test_cellSize_foriPhoneSE]' passed (0.000 seconds).
Test Case '-[Yoga_of_EatingTests.HeatmapLayoutConfigurationTests test_cellSize_inLandscape_calculatesFittingWeeksHorizontally]' started.
Test Case '-[Yoga_of_EatingTests.HeatmapLayoutConfigurationTests test_cellSize_inLandscape_calculatesFittingWeeksHorizontally]' passed (0.000 seconds).
Test Case '-[Yoga_of_EatingTests.HeatmapLayoutConfigurationTests test_cellSize_inPortrait_calculatesFittingSevenColumns]' started.
Test Case '-[Yoga_of_EatingTests.HeatmapLayoutConfigurationTests test_cellSize_inPortrait_calculatesFittingSevenColumns]' passed (0.000 seconds).
Test Case '-[Yoga_of_EatingTests.HeatmapLayoutConfigurationTests test_cellSize_neverGoesBelowMinimum]' started.
Test Case '-[Yoga_of_EatingTests.HeatmapLayoutConfigurationTests test_cellSize_neverGoesBelowMinimum]' passed (0.000 seconds).
Test Case '-[Yoga_of_EatingTests.HeatmapLayoutConfigurationTests test_cornerRadius_isProportionalToCellSize]' started.
Test Case '-[Yoga_of_EatingTests.HeatmapLayoutConfigurationTests test_cornerRadius_isProportionalToCellSize]' passed (0.000 seconds).
Test Case '-[Yoga_of_EatingTests.HeatmapLayoutConfigurationTests test_gridDirection_isHorizontalInLandscape]' started.
Test Case '-[Yoga_of_EatingTests.HeatmapLayoutConfigurationTests test_gridDirection_isHorizontalInLandscape]' passed (0.000 seconds).
Test Case '-[Yoga_of_EatingTests.HeatmapLayoutConfigurationTests test_gridDirection_isVerticalInPortrait]' started.
Test Case '-[Yoga_of_EatingTests.HeatmapLayoutConfigurationTests test_gridDirection_isVerticalInPortrait]' passed (0.000 seconds).
Test Case '-[Yoga_of_EatingTests.HeatmapLayoutConfigurationTests test_minimumCellSize_is32Points]' started.
Test Case '-[Yoga_of_EatingTests.HeatmapLayoutConfigurationTests test_minimumCellSize_is32Points]' passed (0.000 seconds).
Test Case '-[Yoga_of_EatingTests.HeatmapLayoutConfigurationTests test_spacing_isProportionalToCellSize]' started.
Test Case '-[Yoga_of_EatingTests.HeatmapLayoutConfigurationTests test_spacing_isProportionalToCellSize]' passed (0.000 seconds).
Test Case '-[Yoga_of_EatingTests.HeatmapLayoutConfigurationTests test_totalGridHeight_inPortrait]' started.
Test Case '-[Yoga_of_EatingTests.HeatmapLayoutConfigurationTests test_totalGridHeight_inPortrait]' passed (0.000 seconds).
Test Case '-[Yoga_of_EatingTests.HeatmapLayoutConfigurationTests test_totalGridWidth_inPortrait]' started.
Test Case '-[Yoga_of_EatingTests.HeatmapLayoutConfigurationTests test_totalGridWidth_inPortrait]' passed (0.000 seconds).
Test Suite 'HeatmapLayoutConfigurationTests' passed at 2026-05-15 06:37:26.843.
	 Executed 13 tests, with 0 failures (0 unexpected) in 0.004 (0.006) seconds
Test Suite 'HighlightDataModelTests' started at 2026-05-15 06:37:26.844.
Test Case '-[Yoga_of_EatingTests.HighlightDataModelTests test_defaultInit_hasNoContent]' started.
Test Case '-[Yoga_of_EatingTests.HighlightDataModelTests test_defaultInit_hasNoContent]' passed (0.000 seconds).
Test Case '-[Yoga_of_EatingTests.HighlightDataModelTests test_encodeDecode_nilFieldsRoundTrip]' started.
Test Case '-[Yoga_of_EatingTests.HighlightDataModelTests test_encodeDecode_nilFieldsRoundTrip]' passed (0.000 seconds).
Test Case '-[Yoga_of_EatingTests.HighlightDataModelTests test_encodeDecode_roundTrip]' started.
Test Case '-[Yoga_of_EatingTests.HighlightDataModelTests test_encodeDecode_roundTrip]' passed (0.000 seconds).
Test Case '-[Yoga_of_EatingTests.HighlightDataModelTests test_equatable]' started.
Test Case '-[Yoga_of_EatingTests.HighlightDataModelTests test_equatable]' passed (0.000 seconds).
Test Case '-[Yoga_of_EatingTests.HighlightDataModelTests test_hasContent_falseForWhitespaceOnlyNotes]' started.
Test Case '-[Yoga_of_EatingTests.HighlightDataModelTests test_hasContent_falseForWhitespaceOnlyNotes]' passed (0.000 seconds).
Test Case '-[Yoga_of_EatingTests.HighlightDataModelTests test_hasContent_trueWhenMorningThoughtsSet]' started.
Test Case '-[Yoga_of_EatingTests.HighlightDataModelTests test_hasContent_trueWhenMorningThoughtsSet]' passed (0.000 seconds).
Test Case '-[Yoga_of_EatingTests.HighlightDataModelTests test_hasContent_trueWhenSleepNotesSet]' started.
Test Case '-[Yoga_of_EatingTests.HighlightDataModelTests test_hasContent_trueWhenSleepNotesSet]' passed (0.000 seconds).
Test Case '-[Yoga_of_EatingTests.HighlightDataModelTests test_hasContent_trueWhenSleepQualitySet]' started.
Test Case '-[Yoga_of_EatingTests.HighlightDataModelTests test_hasContent_trueWhenSleepQualitySet]' passed (0.000 seconds).
Test Case '-[Yoga_of_EatingTests.HighlightDataModelTests test_hasContent_trueWhenTodosExist]' started.
Test Case '-[Yoga_of_EatingTests.HighlightDataModelTests test_hasContent_trueWhenTodosExist]' passed (0.000 seconds).
Test Suite 'HighlightDataModelTests' passed at 2026-05-15 06:37:26.848.
	 Executed 9 tests, with 0 failures (0 unexpected) in 0.003 (0.004) seconds
Test Suite 'HighlightReflectTextEntryIntegrationTests' started at 2026-05-15 06:37:26.848.
Test Case '-[Yoga_of_EatingTests.HighlightReflectTextEntryIntegrationTests test_contractDate_stableUnderRapidSameDayMutations]' started.
2026-05-15 06:37:26.848475+0530 Yoga of Eating[16581:133867] [[FirebaseCore]] 12.7.0 - [FirebaseCore][I-COR000003] The default Firebase app has not yet been configured. Add `FirebaseApp.configure()` to your application initialization. This can be done in in the App Delegate's application(_:didFinishLaunchingWithOptions:)` (or the `@main` struct's initializer in SwiftUI). Read more: https://firebase.google.com/docs/ios/setup#initialize_firebase_in_your_app
Test Case '-[Yoga_of_EatingTests.HighlightReflectTextEntryIntegrationTests test_contractDate_stableUnderRapidSameDayMutations]' passed (0.011 seconds).
Test Case '-[Yoga_of_EatingTests.HighlightReflectTextEntryIntegrationTests test_feelingUpdate_doesNotAlterJournalTextInContract]' started.
2026-05-15 06:37:26.859262+0530 Yoga of Eating[16581:133867] [[FirebaseCore]] 12.7.0 - [FirebaseCore][I-COR000003] The default Firebase app has not yet been configured. Add `FirebaseApp.configure()` to your application initialization. This can be done in in the App Delegate's application(_:didFinishLaunchingWithOptions:)` (or the `@main` struct's initializer in SwiftUI). Read more: https://firebase.google.com/docs/ios/setup#initialize_firebase_in_your_app
Test Case '-[Yoga_of_EatingTests.HighlightReflectTextEntryIntegrationTests test_feelingUpdate_doesNotAlterJournalTextInContract]' passed (0.001 seconds).
Test Case '-[Yoga_of_EatingTests.HighlightReflectTextEntryIntegrationTests test_highlightSleepNotes_independentPerDay]' started.
2026-05-15 06:37:26.860020+0530 Yoga of Eating[16581:133867] [[FirebaseCore]] 12.7.0 - [FirebaseCore][I-COR000003] The default Firebase app has not yet been configured. Add `FirebaseApp.configure()` to your application initialization. This can be done in in the App Delegate's application(_:didFinishLaunchingWithOptions:)` (or the `@main` struct's initializer in SwiftUI). Read more: https://firebase.google.com/docs/ios/setup#initialize_firebase_in_your_app
Test Case '-[Yoga_of_EatingTests.HighlightReflectTextEntryIntegrationTests test_highlightSleepNotes_independentPerDay]' passed (0.000 seconds).
Test Case '-[Yoga_of_EatingTests.HighlightReflectTextEntryIntegrationTests test_journalText_emptyString_savesNil]' started.
2026-05-15 06:37:26.860703+0530 Yoga of Eating[16581:133867] [[FirebaseCore]] 12.7.0 - [FirebaseCore][I-COR000003] The default Firebase app has not yet been configured. Add `FirebaseApp.configure()` to your application initialization. This can be done in in the App Delegate's application(_:didFinishLaunchingWithOptions:)` (or the `@main` struct's initializer in SwiftUI). Read more: https://firebase.google.com/docs/ios/setup#initialize_firebase_in_your_app
Test Case '-[Yoga_of_EatingTests.HighlightReflectTextEntryIntegrationTests test_journalText_emptyString_savesNil]' passed (0.000 seconds).
Test Case '-[Yoga_of_EatingTests.HighlightReflectTextEntryIntegrationTests test_journalText_savedAndRestoredCorrectly]' started.
2026-05-15 06:37:26.861277+0530 Yoga of Eating[16581:133869] [[FirebaseCore]] 12.7.0 - [FirebaseCore][I-COR000003] The default Firebase app has not yet been configured. Add `FirebaseApp.configure()` to your application initialization. This can be done in in the App Delegate's application(_:didFinishLaunchingWithOptions:)` (or the `@main` struct's initializer in SwiftUI). Read more: https://firebase.google.com/docs/ios/setup#initialize_firebase_in_your_app
Test Case '-[Yoga_of_EatingTests.HighlightReflectTextEntryIntegrationTests test_journalText_savedAndRestoredCorrectly]' passed (0.001 seconds).
Test Case '-[Yoga_of_EatingTests.HighlightReflectTextEntryIntegrationTests test_journalText_savedToday_notVisibleYesterday]' started.
2026-05-15 06:37:26.861993+0530 Yoga of Eating[16581:133868] [[FirebaseCore]] 12.7.0 - [FirebaseCore][I-COR000003] The default Firebase app has not yet been configured. Add `FirebaseApp.configure()` to your application initialization. This can be done in in the App Delegate's application(_:didFinishLaunchingWithOptions:)` (or the `@main` struct's initializer in SwiftUI). Read more: https://firebase.google.com/docs/ios/setup#initialize_firebase_in_your_app
Test Case '-[Yoga_of_EatingTests.HighlightReflectTextEntryIntegrationTests test_journalText_savedToday_notVisibleYesterday]' passed (0.000 seconds).
Test Case '-[Yoga_of_EatingTests.HighlightReflectTextEntryIntegrationTests test_journalText_savedToday_restoredAfterNavigationAndReturn]' started.
2026-05-15 06:37:26.862533+0530 Yoga of Eating[16581:133868] [[FirebaseCore]] 12.7.0 - [FirebaseCore][I-COR000003] The default Firebase app has not yet been configured. Add `FirebaseApp.configure()` to your application initialization. This can be done in in the App Delegate's application(_:didFinishLaunchingWithOptions:)` (or the `@main` struct's initializer in SwiftUI). Read more: https://firebase.google.com/docs/ios/setup#initialize_firebase_in_your_app
Test Case '-[Yoga_of_EatingTests.HighlightReflectTextEntryIntegrationTests test_journalText_savedToday_restoredAfterNavigationAndReturn]' passed (0.000 seconds).
Test Case '-[Yoga_of_EatingTests.HighlightReflectTextEntryIntegrationTests test_journalText_tooLong_notSaved]' started.
2026-05-15 06:37:26.863168+0530 Yoga of Eating[16581:133871] [[FirebaseCore]] 12.7.0 - [FirebaseCore][I-COR000003] The default Firebase app has not yet been configured. Add `FirebaseApp.configure()` to your application initialization. This can be done in in the App Delegate's application(_:didFinishLaunchingWithOptions:)` (or the `@main` struct's initializer in SwiftUI). Read more: https://firebase.google.com/docs/ios/setup#initialize_firebase_in_your_app
Test Case '-[Yoga_of_EatingTests.HighlightReflectTextEntryIntegrationTests test_journalText_tooLong_notSaved]' passed (0.002 seconds).
Test Case '-[Yoga_of_EatingTests.HighlightReflectTextEntryIntegrationTests test_morningThoughts_savedAndRestoredCorrectly]' started.
2026-05-15 06:37:26.865625+0530 Yoga of Eating[16581:133868] [[FirebaseCore]] 12.7.0 - [FirebaseCore][I-COR000003] The default Firebase app has not yet been configured. Add `FirebaseApp.configure()` to your application initialization. This can be done in in the App Delegate's application(_:didFinishLaunchingWithOptions:)` (or the `@main` struct's initializer in SwiftUI). Read more: https://firebase.google.com/docs/ios/setup#initialize_firebase_in_your_app
Test Case '-[Yoga_of_EatingTests.HighlightReflectTextEntryIntegrationTests test_morningThoughts_savedAndRestoredCorrectly]' passed (0.000 seconds).
Test Case '-[Yoga_of_EatingTests.HighlightReflectTextEntryIntegrationTests test_morningThoughts_savedToday_notVisibleYesterday]' started.
2026-05-15 06:37:26.866215+0530 Yoga of Eating[16581:133871] [[FirebaseCore]] 12.7.0 - [FirebaseCore][I-COR000003] The default Firebase app has not yet been configured. Add `FirebaseApp.configure()` to your application initialization. This can be done in in the App Delegate's application(_:didFinishLaunchingWithOptions:)` (or the `@main` struct's initializer in SwiftUI). Read more: https://firebase.google.com/docs/ios/setup#initialize_firebase_in_your_app
Test Case '-[Yoga_of_EatingTests.HighlightReflectTextEntryIntegrationTests test_morningThoughts_savedToday_notVisibleYesterday]' passed (0.000 seconds).
Test Case '-[Yoga_of_EatingTests.HighlightReflectTextEntryIntegrationTests test_morningThoughts_savedToday_restoredAfterNavigationAndReturn]' started.
2026-05-15 06:37:26.866737+0530 Yoga of Eating[16581:133871] [[FirebaseCore]] 12.7.0 - [FirebaseCore][I-COR000003] The default Firebase app has not yet been configured. Add `FirebaseApp.configure()` to your application initialization. This can be done in in the App Delegate's application(_:didFinishLaunchingWithOptions:)` (or the `@main` struct's initializer in SwiftUI). Read more: https://firebase.google.com/docs/ios/setup#initialize_firebase_in_your_app
Test Case '-[Yoga_of_EatingTests.HighlightReflectTextEntryIntegrationTests test_morningThoughts_savedToday_restoredAfterNavigationAndReturn]' passed (0.000 seconds).
Test Case '-[Yoga_of_EatingTests.HighlightReflectTextEntryIntegrationTests test_morningThoughts_tooLong_notSaved]' started.
2026-05-15 06:37:26.867464+0530 Yoga of Eating[16581:133869] [[FirebaseCore]] 12.7.0 - [FirebaseCore][I-COR000003] The default Firebase app has not yet been configured. Add `FirebaseApp.configure()` to your application initialization. This can be done in in the App Delegate's application(_:didFinishLaunchingWithOptions:)` (or the `@main` struct's initializer in SwiftUI). Read more: https://firebase.google.com/docs/ios/setup#initialize_firebase_in_your_app
Test Case '-[Yoga_of_EatingTests.HighlightReflectTextEntryIntegrationTests test_morningThoughts_tooLong_notSaved]' passed (0.002 seconds).
Test Case '-[Yoga_of_EatingTests.HighlightReflectTextEntryIntegrationTests test_reflectContractDate_stableUnderRapidSameDayMutations]' started.
2026-05-15 06:37:26.870092+0530 Yoga of Eating[16581:133871] [[FirebaseCore]] 12.7.0 - [FirebaseCore][I-COR000003] The default Firebase app has not yet been configured. Add `FirebaseApp.configure()` to your application initialization. This can be done in in the App Delegate's application(_:didFinishLaunchingWithOptions:)` (or the `@main` struct's initializer in SwiftUI). Read more: https://firebase.google.com/docs/ios/setup#initialize_firebase_in_your_app
Test Case '-[Yoga_of_EatingTests.HighlightReflectTextEntryIntegrationTests test_reflectContractDate_stableUnderRapidSameDayMutations]' passed (0.001 seconds).
Test Case '-[Yoga_of_EatingTests.HighlightReflectTextEntryIntegrationTests test_reflectJournal_independentPerDay]' started.
2026-05-15 06:37:26.870879+0530 Yoga of Eating[16581:133869] [[FirebaseCore]] 12.7.0 - [FirebaseCore][I-COR000003] The default Firebase app has not yet been configured. Add `FirebaseApp.configure()` to your application initialization. This can be done in in the App Delegate's application(_:didFinishLaunchingWithOptions:)` (or the `@main` struct's initializer in SwiftUI). Read more: https://firebase.google.com/docs/ios/setup#initialize_firebase_in_your_app
Test Case '-[Yoga_of_EatingTests.HighlightReflectTextEntryIntegrationTests test_reflectJournal_independentPerDay]' passed (0.001 seconds).
Test Case '-[Yoga_of_EatingTests.HighlightReflectTextEntryIntegrationTests test_sleepNotes_contractReflectsSavedValue_afterSave]' started.
2026-05-15 06:37:26.871556+0530 Yoga of Eating[16581:133867] [[FirebaseCore]] 12.7.0 - [FirebaseCore][I-COR000003] The default Firebase app has not yet been configured. Add `FirebaseApp.configure()` to your application initialization. This can be done in in the App Delegate's application(_:didFinishLaunchingWithOptions:)` (or the `@main` struct's initializer in SwiftUI). Read more: https://firebase.google.com/docs/ios/setup#initialize_firebase_in_your_app
Test Case '-[Yoga_of_EatingTests.HighlightReflectTextEntryIntegrationTests test_sleepNotes_contractReflectsSavedValue_afterSave]' passed (0.000 seconds).
Test Case '-[Yoga_of_EatingTests.HighlightReflectTextEntryIntegrationTests test_sleepNotes_emptyString_savesNil]' started.
2026-05-15 06:37:26.872153+0530 Yoga of Eating[16581:133867] [[FirebaseCore]] 12.7.0 - [FirebaseCore][I-COR000003] The default Firebase app has not yet been configured. Add `FirebaseApp.configure()` to your application initialization. This can be done in in the App Delegate's application(_:didFinishLaunchingWithOptions:)` (or the `@main` struct's initializer in SwiftUI). Read more: https://firebase.google.com/docs/ios/setup#initialize_firebase_in_your_app
Test Case '-[Yoga_of_EatingTests.HighlightReflectTextEntryIntegrationTests test_sleepNotes_emptyString_savesNil]' passed (0.000 seconds).
Test Case '-[Yoga_of_EatingTests.HighlightReflectTextEntryIntegrationTests test_sleepNotes_savedAndRestoredCorrectly]' started.
2026-05-15 06:37:26.872805+0530 Yoga of Eating[16581:133868] [[FirebaseCore]] 12.7.0 - [FirebaseCore][I-COR000003] The default Firebase app has not yet been configured. Add `FirebaseApp.configure()` to your application initialization. This can be done in in the App Delegate's application(_:didFinishLaunchingWithOptions:)` (or the `@main` struct's initializer in SwiftUI). Read more: https://firebase.google.com/docs/ios/setup#initialize_firebase_in_your_app
Test Case '-[Yoga_of_EatingTests.HighlightReflectTextEntryIntegrationTests test_sleepNotes_savedAndRestoredCorrectly]' passed (0.000 seconds).
Test Case '-[Yoga_of_EatingTests.HighlightReflectTextEntryIntegrationTests test_sleepNotes_savedToday_notVisibleYesterday]' started.
2026-05-15 06:37:26.873371+0530 Yoga of Eating[16581:133868] [[FirebaseCore]] 12.7.0 - [FirebaseCore][I-COR000003] The default Firebase app has not yet been configured. Add `FirebaseApp.configure()` to your application initialization. This can be done in in the App Delegate's application(_:didFinishLaunchingWithOptions:)` (or the `@main` struct's initializer in SwiftUI). Read more: https://firebase.google.com/docs/ios/setup#initialize_firebase_in_your_app
Test Case '-[Yoga_of_EatingTests.HighlightReflectTextEntryIntegrationTests test_sleepNotes_savedToday_notVisibleYesterday]' passed (0.000 seconds).
Test Case '-[Yoga_of_EatingTests.HighlightReflectTextEntryIntegrationTests test_sleepNotes_savedToday_restoredAfterNavigationAndReturn]' started.
2026-05-15 06:37:26.874021+0530 Yoga of Eating[16581:133868] [[FirebaseCore]] 12.7.0 - [FirebaseCore][I-COR000003] The default Firebase app has not yet been configured. Add `FirebaseApp.configure()` to your application initialization. This can be done in in the App Delegate's application(_:didFinishLaunchingWithOptions:)` (or the `@main` struct's initializer in SwiftUI). Read more: https://firebase.google.com/docs/ios/setup#initialize_firebase_in_your_app
Test Case '-[Yoga_of_EatingTests.HighlightReflectTextEntryIntegrationTests test_sleepNotes_savedToday_restoredAfterNavigationAndReturn]' passed (0.000 seconds).
Test Case '-[Yoga_of_EatingTests.HighlightReflectTextEntryIntegrationTests test_sleepNotes_tooLong_notSaved]' started.
2026-05-15 06:37:26.874594+0530 Yoga of Eating[16581:133867] [[FirebaseCore]] 12.7.0 - [FirebaseCore][I-COR000003] The default Firebase app has not yet been configured. Add `FirebaseApp.configure()` to your application initialization. This can be done in in the App Delegate's application(_:didFinishLaunchingWithOptions:)` (or the `@main` struct's initializer in SwiftUI). Read more: https://firebase.google.com/docs/ios/setup#initialize_firebase_in_your_app
Test Case '-[Yoga_of_EatingTests.HighlightReflectTextEntryIntegrationTests test_sleepNotes_tooLong_notSaved]' passed (0.001 seconds).
Test Case '-[Yoga_of_EatingTests.HighlightReflectTextEntryIntegrationTests test_sleepQualityUpdate_doesNotAlterSleepNotesInContract]' started.
Test Case '-[Yoga_of_EatingTests.HighlightReflectTextEntryIntegrationTests test_sleepQualityUpdate_doesNotAlterSleepNotesInContract]' passed (0.000 seconds).
2026-05-15 06:37:26.876048+0530 Yoga of Eating[16581:133869] [[FirebaseCore]] 12.7.0 - [FirebaseCore][I-COR000003] The default Firebase app has not yet been configured. Add `FirebaseApp.configure()` to your application initialization. This can be done in in the App Delegate's application(_:didFinishLaunchingWithOptions:)` (or the `@main` struct's initializer in SwiftUI). Read more: https://firebase.google.com/docs/ios/setup#initialize_firebase_in_your_app
Test Case '-[Yoga_of_EatingTests.HighlightReflectTextEntryIntegrationTests test_todoAddition_doesNotAlterMorningThoughtsInContract]' started.
2026-05-15 06:37:26.876393+0530 Yoga of Eating[16581:133867] [[FirebaseCore]] 12.7.0 - [FirebaseCore][I-COR000003] The default Firebase app has not yet been configured. Add `FirebaseApp.configure()` to your application initialization. This can be done in in the App Delegate's application(_:didFinishLaunchingWithOptions:)` (or the `@main` struct's initializer in SwiftUI). Read more: https://firebase.google.com/docs/ios/setup#initialize_firebase_in_your_app
Test Case '-[Yoga_of_EatingTests.HighlightReflectTextEntryIntegrationTests test_todoAddition_doesNotAlterMorningThoughtsInContract]' passed (0.000 seconds).
Test Suite 'HighlightReflectTextEntryIntegrationTests' passed at 2026-05-15 06:37:26.877.
	 Executed 22 tests, with 0 failures (0 unexpected) in 0.025 (0.029) seconds
Test Suite 'HistoricalDataInsightStorageTests' started at 2026-05-15 06:37:26.877.
Test Case '-[Yoga_of_EatingTests.HistoricalDataInsightStorageTests test_protocol_updateInsight_signatureAcceptsDailyInsight]' started.
Test Case '-[Yoga_of_EatingTests.HistoricalDataInsightStorageTests test_protocol_updateInsight_signatureAcceptsDailyInsight]' passed (0.000 seconds).
Test Case '-[Yoga_of_EatingTests.HistoricalDataInsightStorageTests test_snapshot_insightField_isUnifiedDailyInsight]' started.
Test Case '-[Yoga_of_EatingTests.HistoricalDataInsightStorageTests test_snapshot_insightField_isUnifiedDailyInsight]' passed (0.011 seconds).
Test Case '-[Yoga_of_EatingTests.HistoricalDataInsightStorageTests test_snapshot_noBriefingField_afterPhase2]' started.
Test Case '-[Yoga_of_EatingTests.HistoricalDataInsightStorageTests test_snapshot_noBriefingField_afterPhase2]' passed (0.000 seconds).
Test Case '-[Yoga_of_EatingTests.HistoricalDataInsightStorageTests test_updateInsight_acceptsUnifiedDailyInsight]' started.
Test Case '-[Yoga_of_EatingTests.HistoricalDataInsightStorageTests test_updateInsight_acceptsUnifiedDailyInsight]' passed (0.000 seconds).
Test Case '-[Yoga_of_EatingTests.HistoricalDataInsightStorageTests test_updateInsight_differentDates_storedSeparately]' started.
Test Case '-[Yoga_of_EatingTests.HistoricalDataInsightStorageTests test_updateInsight_differentDates_storedSeparately]' passed (0.000 seconds).
Test Case '-[Yoga_of_EatingTests.HistoricalDataInsightStorageTests test_updateInsight_overwritesPreviousInsight]' started.
Test Case '-[Yoga_of_EatingTests.HistoricalDataInsightStorageTests test_updateInsight_overwritesPreviousInsight]' passed (0.000 seconds).
Test Case '-[Yoga_of_EatingTests.HistoricalDataInsightStorageTests test_updateInsight_persists_retrievableFromSnapshot]' started.
Test Case '-[Yoga_of_EatingTests.HistoricalDataInsightStorageTests test_updateInsight_persists_retrievableFromSnapshot]' passed (0.000 seconds).
Test Suite 'HistoricalDataInsightStorageTests' passed at 2026-05-15 06:37:26.891.
	 Executed 7 tests, with 0 failures (0 unexpected) in 0.013 (0.014) seconds
Test Suite 'HistoricalDataServiceTests' started at 2026-05-15 06:37:26.891.
Test Case '-[Yoga_of_EatingTests.HistoricalDataServiceTests test_archiveCurrentDay_calculates_averageHealthScore]' started.
Test Case '-[Yoga_of_EatingTests.HistoricalDataServiceTests test_archiveCurrentDay_calculates_averageHealthScore]' passed (0.001 seconds).
Test Case '-[Yoga_of_EatingTests.HistoricalDataServiceTests test_archiveCurrentDay_callsPersistence_save]' started.
Test Case '-[Yoga_of_EatingTests.HistoricalDataServiceTests test_archiveCurrentDay_callsPersistence_save]' passed (0.020 seconds).
Test Case '-[Yoga_of_EatingTests.HistoricalDataServiceTests test_archiveCurrentDay_creates_newSnapshot]' started.
Test Case '-[Yoga_of_EatingTests.HistoricalDataServiceTests test_archiveCurrentDay_creates_newSnapshot]' passed (0.000 seconds).
Test Case '-[Yoga_of_EatingTests.HistoricalDataServiceTests test_archiveCurrentDay_doesNotDuplicate_sameDay]' started.
Test Case '-[Yoga_of_EatingTests.HistoricalDataServiceTests test_archiveCurrentDay_doesNotDuplicate_sameDay]' passed (0.000 seconds).
Test Case '-[Yoga_of_EatingTests.HistoricalDataServiceTests test_archiveCurrentDay_handles_emptyMealList]' started.
Test Case '-[Yoga_of_EatingTests.HistoricalDataServiceTests test_archiveCurrentDay_handles_emptyMealList]' passed (0.000 seconds).
Test Case '-[Yoga_of_EatingTests.HistoricalDataServiceTests test_archiveCurrentDay_handles_midnightEdgeCase]' started.
Test Case '-[Yoga_of_EatingTests.HistoricalDataServiceTests test_archiveCurrentDay_handles_midnightEdgeCase]' passed (0.000 seconds).
Test Case '-[Yoga_of_EatingTests.HistoricalDataServiceTests test_archiveCurrentDay_normalizes_dateToMidnight]' started.
Test Case '-[Yoga_of_EatingTests.HistoricalDataServiceTests test_archiveCurrentDay_normalizes_dateToMidnight]' passed (0.000 seconds).
Test Case '-[Yoga_of_EatingTests.HistoricalDataServiceTests test_archiveCurrentDay_preservesExistingReflection]' started.
Test Case '-[Yoga_of_EatingTests.HistoricalDataServiceTests test_archiveCurrentDay_preservesExistingReflection]' passed (0.010 seconds).
Test Case '-[Yoga_of_EatingTests.HistoricalDataServiceTests test_archiveCurrentDay_saves_allMeals]' started.
Test Case '-[Yoga_of_EatingTests.HistoricalDataServiceTests test_archiveCurrentDay_saves_allMeals]' passed (0.000 seconds).
Test Case '-[Yoga_of_EatingTests.HistoricalDataServiceTests test_archiveCurrentDay_saves_smileyState]' started.
Test Case '-[Yoga_of_EatingTests.HistoricalDataServiceTests test_archiveCurrentDay_saves_smileyState]' passed (0.000 seconds).
Test Case '-[Yoga_of_EatingTests.HistoricalDataServiceTests test_getSnapshot_returnsCorrect_forDate]' started.
Test Case '-[Yoga_of_EatingTests.HistoricalDataServiceTests test_getSnapshot_returnsCorrect_forDate]' passed (0.000 seconds).
Test Case '-[Yoga_of_EatingTests.HistoricalDataServiceTests test_getSnapshot_returnsNil_whenNotFound]' started.
Test Case '-[Yoga_of_EatingTests.HistoricalDataServiceTests test_getSnapshot_returnsNil_whenNotFound]' passed (0.000 seconds).
Test Case '-[Yoga_of_EatingTests.HistoricalDataServiceTests test_getYearSnapshots_generates_365Days_forRegularYear]' started.
Test Case '-[Yoga_of_EatingTests.HistoricalDataServiceTests test_getYearSnapshots_generates_365Days_forRegularYear]' passed (0.000 seconds).
Test Case '-[Yoga_of_EatingTests.HistoricalDataServiceTests test_getYearSnapshots_generates_366Days_forLeapYear]' started.
Test Case '-[Yoga_of_EatingTests.HistoricalDataServiceTests test_getYearSnapshots_generates_366Days_forLeapYear]' passed (0.000 seconds).
Test Case '-[Yoga_of_EatingTests.HistoricalDataServiceTests test_getYearSnapshots_returns_emptyArray_whenNoData]' started.
Test Case '-[Yoga_of_EatingTests.HistoricalDataServiceTests test_getYearSnapshots_returns_emptyArray_whenNoData]' passed (0.000 seconds).
Test Case '-[Yoga_of_EatingTests.HistoricalDataServiceTests test_getYearSnapshots_returns_onlySpecifiedYear]' started.
Test Case '-[Yoga_of_EatingTests.HistoricalDataServiceTests test_getYearSnapshots_returns_onlySpecifiedYear]' passed (0.000 seconds).
Test Case '-[Yoga_of_EatingTests.HistoricalDataServiceTests test_legacySnapshot_loadsWithNilReflection]' started.
Test Case '-[Yoga_of_EatingTests.HistoricalDataServiceTests test_legacySnapshot_loadsWithNilReflection]' passed (0.000 seconds).
Test Case '-[Yoga_of_EatingTests.HistoricalDataServiceTests test_saveHistoricalData_callsPersistence_save]' started.
Test Case '-[Yoga_of_EatingTests.HistoricalDataServiceTests test_saveHistoricalData_callsPersistence_save]' passed (0.000 seconds).
Test Case '-[Yoga_of_EatingTests.HistoricalDataServiceTests test_snapshot_withReflection_persistsCorrectly]' started.
Test Case '-[Yoga_of_EatingTests.HistoricalDataServiceTests test_snapshot_withReflection_persistsCorrectly]' passed (0.000 seconds).
Test Case '-[Yoga_of_EatingTests.HistoricalDataServiceTests test_syncToFirebase_throws_notImplementedYet]' started.
2026-05-15 06:37:26.931230+0530 Yoga of Eating[16581:133859] [HistoricalSync] Sync attempted without authenticated user
Test Case '-[Yoga_of_EatingTests.HistoricalDataServiceTests test_syncToFirebase_throws_notImplementedYet]' passed (0.001 seconds).
Test Case '-[Yoga_of_EatingTests.HistoricalDataServiceTests test_updateReflection_addsReflection_toExistingSnapshot]' started.
Test Case '-[Yoga_of_EatingTests.HistoricalDataServiceTests test_updateReflection_addsReflection_toExistingSnapshot]' passed (0.000 seconds).
Test Case '-[Yoga_of_EatingTests.HistoricalDataServiceTests test_updateReflection_callsPersistence_save]' started.
Test Case '-[Yoga_of_EatingTests.HistoricalDataServiceTests test_updateReflection_callsPersistence_save]' passed (0.000 seconds).
Test Case '-[Yoga_of_EatingTests.HistoricalDataServiceTests test_updateReflection_createsSnapshot_ifNotExists]' started.
Test Case '-[Yoga_of_EatingTests.HistoricalDataServiceTests test_updateReflection_createsSnapshot_ifNotExists]' passed (0.000 seconds).
Test Case '-[Yoga_of_EatingTests.HistoricalDataServiceTests test_updateReflection_preservesExistingMeals]' started.
Test Case '-[Yoga_of_EatingTests.HistoricalDataServiceTests test_updateReflection_preservesExistingMeals]' passed (0.000 seconds).
Test Case '-[Yoga_of_EatingTests.HistoricalDataServiceTests test_updateReflection_replacesExisting_reflection]' started.
Test Case '-[Yoga_of_EatingTests.HistoricalDataServiceTests test_updateReflection_replacesExisting_reflection]' passed (0.000 seconds).
Test Suite 'HistoricalDataServiceTests' passed at 2026-05-15 06:37:26.934.
	 Executed 25 tests, with 0 failures (0 unexpected) in 0.039 (0.043) seconds
Test Suite 'HistoricalDataSyncTests' started at 2026-05-15 06:37:26.934.
Test Case '-[Yoga_of_EatingTests.HistoricalDataSyncTests test_syncToFirebase_batchUploadError_propagatesThrow]' started.
2026-05-15 06:37:26.935428+0530 Yoga of Eating[16581:133859] [HistoricalSync] Full sync: 1 snapshots
2026-05-15 06:37:26.937553+0530 Yoga of Eating[16581:133859] [HistoricalSync] Attempt 1/3 failed: Batch upload failed. Retrying.
2026-05-15 06:37:26.937658+0530 Yoga of Eating[16581:133859] [Reflection] Failed to fetch HealthKit sleep data: Authorization not determined
2026-05-15 06:37:26.937862+0530 Yoga of Eating[16581:133859] [Reflection] Failed to fetch HealthKit sleep data: Authorization not determined
2026-05-15 06:37:26.938464+0530 Yoga of Eating[16581:133859] [Reflection] Failed to fetch HealthKit sleep data: Authorization not determined
2026-05-15 06:37:26.938594+0530 Yoga of Eating[16581:133859] [Reflection] Failed to fetch HealthKit sleep data: Authorization not determined
2026-05-15 06:37:26.939142+0530 Yoga of Eating[16581:133859] [Reflection] Failed to fetch HealthKit sleep data: Authorization not determined
2026-05-15 06:37:26.939239+0530 Yoga of Eating[16581:133859] [Reflection] Failed to fetch HealthKit sleep data: Authorization not determined
2026-05-15 06:37:27.948004+0530 Yoga of Eating[16581:133859] [HistoricalSync] Attempt 2/3 failed: Batch upload failed. Retrying.
2026-05-15 06:37:28.959010+0530 Yoga of Eating[16581:133859] [HistoricalSync] Operation failed after 3 attempts
Test Case '-[Yoga_of_EatingTests.HistoricalDataSyncTests test_syncToFirebase_batchUploadError_propagatesThrow]' passed (2.026 seconds).
Test Case '-[Yoga_of_EatingTests.HistoricalDataSyncTests test_syncToFirebase_callsUpload_forAllSnapshots]' started.
2026-05-15 06:37:28.962272+0530 Yoga of Eating[16581:133859] [HistoricalSync] Full sync: 2 snapshots
2026-05-15 06:37:28.962529+0530 Yoga of Eating[16581:133859] [HistoricalSync] Sync completed at 2026-05-15 01:07:28 +0000
Test Case '-[Yoga_of_EatingTests.HistoricalDataSyncTests test_syncToFirebase_callsUpload_forAllSnapshots]' passed (0.003 seconds).
Test Case '-[Yoga_of_EatingTests.HistoricalDataSyncTests test_syncToFirebase_chunksLargeSnapshotSets_into500PerBatch]' started.
2026-05-15 06:37:29.193186+0530 Yoga of Eating[16581:133859] [HistoricalSync] Full sync: 501 snapshots
2026-05-15 06:37:29.193365+0530 Yoga of Eating[16581:133859] [HistoricalSync] Sync completed at 2026-05-15 01:07:29 +0000
Test Case '-[Yoga_of_EatingTests.HistoricalDataSyncTests test_syncToFirebase_chunksLargeSnapshotSets_into500PerBatch]' passed (0.229 seconds).
Test Case '-[Yoga_of_EatingTests.HistoricalDataSyncTests test_syncToFirebase_handlesUploadError]' started.
2026-05-15 06:37:29.194470+0530 Yoga of Eating[16581:133859] [HistoricalSync] Full sync: 1 snapshots
2026-05-15 06:37:29.194542+0530 Yoga of Eating[16581:133859] [HistoricalSync] Attempt 1/3 failed: Batch upload failed. Retrying.
2026-05-15 06:37:30.213599+0530 Yoga of Eating[16581:133859] [HistoricalSync] Attempt 2/3 failed: Batch upload failed. Retrying.
2026-05-15 06:37:31.228090+0530 Yoga of Eating[16581:133859] [HistoricalSync] Operation failed after 3 attempts
Test Case '-[Yoga_of_EatingTests.HistoricalDataSyncTests test_syncToFirebase_handlesUploadError]' passed (2.036 seconds).
Test Case '-[Yoga_of_EatingTests.HistoricalDataSyncTests test_syncToFirebase_onSuccess_updatesLastSyncDate]' started.
2026-05-15 06:37:31.231257+0530 Yoga of Eating[16581:133859] [HistoricalSync] Full sync: 1 snapshots
2026-05-15 06:37:31.231487+0530 Yoga of Eating[16581:133859] [HistoricalSync] Sync completed at 2026-05-15 01:07:31 +0000
Test Case '-[Yoga_of_EatingTests.HistoricalDataSyncTests test_syncToFirebase_onSuccess_updatesLastSyncDate]' passed (0.008 seconds).
Test Case '-[Yoga_of_EatingTests.HistoricalDataSyncTests test_syncToFirebase_throwsError_whenNotAuthenticated]' started.
2026-05-15 06:37:31.239615+0530 Yoga of Eating[16581:133859] [HistoricalSync] Sync attempted without authenticated user
Test Case '-[Yoga_of_EatingTests.HistoricalDataSyncTests test_syncToFirebase_throwsError_whenNotAuthenticated]' passed (0.002 seconds).
Test Case '-[Yoga_of_EatingTests.HistoricalDataSyncTests test_syncToFirebase_usesBatchUpload_notIndividualUploads]' started.
2026-05-15 06:37:31.241709+0530 Yoga of Eating[16581:133859] [HistoricalSync] Full sync: 1 snapshots
2026-05-15 06:37:31.241869+0530 Yoga of Eating[16581:133859] [HistoricalSync] Sync completed at 2026-05-15 01:07:31 +0000
Test Case '-[Yoga_of_EatingTests.HistoricalDataSyncTests test_syncToFirebase_usesBatchUpload_notIndividualUploads]' passed (0.002 seconds).
Test Case '-[Yoga_of_EatingTests.HistoricalDataSyncTests test_syncToFirebase_withLastSyncDate_onlyUploadsSnapshotsOnOrAfterSyncDate]' started.
2026-05-15 06:37:31.243776+0530 Yoga of Eating[16581:133859] [HistoricalSync] Delta sync: 1 snapshots since 2024-01-14 18:30:00 +0000
2026-05-15 06:37:31.243921+0530 Yoga of Eating[16581:133859] [HistoricalSync] Sync completed at 2026-05-15 01:07:31 +0000
Test Case '-[Yoga_of_EatingTests.HistoricalDataSyncTests test_syncToFirebase_withLastSyncDate_onlyUploadsSnapshotsOnOrAfterSyncDate]' passed (0.002 seconds).
Test Case '-[Yoga_of_EatingTests.HistoricalDataSyncTests test_syncToFirebase_withNilLastSyncDate_uploadsAllSnapshots]' started.
2026-05-15 06:37:31.245793+0530 Yoga of Eating[16581:133859] [HistoricalSync] Full sync: 2 snapshots
2026-05-15 06:37:31.246081+0530 Yoga of Eating[16581:133859] [HistoricalSync] Sync completed at 2026-05-15 01:07:31 +0000
Test Case '-[Yoga_of_EatingTests.HistoricalDataSyncTests test_syncToFirebase_withNilLastSyncDate_uploadsAllSnapshots]' passed (0.002 seconds).
Test Suite 'HistoricalDataSyncTests' passed at 2026-05-15 06:37:31.247.
	 Executed 9 tests, with 0 failures (0 unexpected) in 4.308 (4.313) seconds
Test Suite 'HistoricalDataTests' started at 2026-05-15 06:37:31.248.
Test Case '-[Yoga_of_EatingTests.HistoricalDataTests test_addSnapshot_addsNew_whenDateNotExists]' started.
Test Case '-[Yoga_of_EatingTests.HistoricalDataTests test_addSnapshot_addsNew_whenDateNotExists]' passed (0.001 seconds).
Test Case '-[Yoga_of_EatingTests.HistoricalDataTests test_addSnapshot_maintains_sortOrder_descendingByDate]' started.
Test Case '-[Yoga_of_EatingTests.HistoricalDataTests test_addSnapshot_maintains_sortOrder_descendingByDate]' passed (0.001 seconds).
Test Case '-[Yoga_of_EatingTests.HistoricalDataTests test_addSnapshot_preserves_otherSnapshots]' started.
Test Case '-[Yoga_of_EatingTests.HistoricalDataTests test_addSnapshot_preserves_otherSnapshots]' passed (0.001 seconds).
Test Case '-[Yoga_of_EatingTests.HistoricalDataTests test_addSnapshot_updates_whenDateExists]' started.
Test Case '-[Yoga_of_EatingTests.HistoricalDataTests test_addSnapshot_updates_whenDateExists]' passed (0.001 seconds).
Test Case '-[Yoga_of_EatingTests.HistoricalDataTests test_codable_encodesAndDecodes_successfully]' started.
Test Case '-[Yoga_of_EatingTests.HistoricalDataTests test_codable_encodesAndDecodes_successfully]' passed (0.001 seconds).
Test Case '-[Yoga_of_EatingTests.HistoricalDataTests test_codable_preserves_allSnapshots]' started.
Test Case '-[Yoga_of_EatingTests.HistoricalDataTests test_codable_preserves_allSnapshots]' passed (0.001 seconds).
Test Case '-[Yoga_of_EatingTests.HistoricalDataTests test_init_createsEmpty_dailySnapshots]' started.
Test Case '-[Yoga_of_EatingTests.HistoricalDataTests test_init_createsEmpty_dailySnapshots]' passed (0.001 seconds).
Test Case '-[Yoga_of_EatingTests.HistoricalDataTests test_init_setsNil_lastSyncDate]' started.
Test Case '-[Yoga_of_EatingTests.HistoricalDataTests test_init_setsNil_lastSyncDate]' passed (0.001 seconds).
Test Case '-[Yoga_of_EatingTests.HistoricalDataTests test_largeDataset_100Snapshots_performsWell]' started.
/Users/sunil/Downloads/YogaofEating/Yoga of EatingTests/HistoricalDataTests.swift:315: Test Case '-[Yoga_of_EatingTests.HistoricalDataTests test_largeDataset_100Snapshots_performsWell]' measured [Time, seconds] average: 0.019, relative standard deviation: 23.526%, values: [0.018210, 0.031657, 0.021265, 0.018221, 0.016921, 0.016746, 0.016722, 0.016619, 0.016533, 0.016588], performanceMetricID:com.apple.XCTPerformanceMetric_WallClockTime, baselineName: "", baselineAverage: , polarity: prefers smaller, maxPercentRegression: 10.000%, maxPercentRelativeStandardDeviation: 10.000%, maxRegression: 0.100, maxStandardDeviation: 0.100
Test Case '-[Yoga_of_EatingTests.HistoricalDataTests test_largeDataset_100Snapshots_performsWell]' passed (0.468 seconds).
Test Case '-[Yoga_of_EatingTests.HistoricalDataTests test_multipleSnapshots_differentDays_storedCorrectly]' started.
Test Case '-[Yoga_of_EatingTests.HistoricalDataTests test_multipleSnapshots_differentDays_storedCorrectly]' passed (0.001 seconds).
Test Case '-[Yoga_of_EatingTests.HistoricalDataTests test_snapshotForDate_returnsCorrect_snapshot]' started.
Test Case '-[Yoga_of_EatingTests.HistoricalDataTests test_snapshotForDate_returnsCorrect_snapshot]' passed (0.011 seconds).
Test Case '-[Yoga_of_EatingTests.HistoricalDataTests test_snapshotForDate_returnsNil_whenNotFound]' started.
Test Case '-[Yoga_of_EatingTests.HistoricalDataTests test_snapshotForDate_returnsNil_whenNotFound]' passed (0.001 seconds).
Test Case '-[Yoga_of_EatingTests.HistoricalDataTests test_snapshotsInRange_excludes_outsideRange]' started.
Test Case '-[Yoga_of_EatingTests.HistoricalDataTests test_snapshotsInRange_excludes_outsideRange]' passed (0.000 seconds).
Test Case '-[Yoga_of_EatingTests.HistoricalDataTests test_snapshotsInRange_returnsAll_withinRange]' started.
Test Case '-[Yoga_of_EatingTests.HistoricalDataTests test_snapshotsInRange_returnsAll_withinRange]' passed (0.000 seconds).
Test Case '-[Yoga_of_EatingTests.HistoricalDataTests test_snapshotsInRange_returnsEmpty_whenNoMatches]' started.
Test Case '-[Yoga_of_EatingTests.HistoricalDataTests test_snapshotsInRange_returnsEmpty_whenNoMatches]' passed (0.000 seconds).
Test Suite 'HistoricalDataTests' passed at 2026-05-15 06:37:31.740.
	 Executed 15 tests, with 0 failures (0 unexpected) in 0.488 (0.493) seconds
Test Suite 'HistoricalSyncRestoreTests' started at 2026-05-15 06:37:31.740.
Test Case '-[Yoga_of_EatingTests.HistoricalSyncRestoreTests test_restore_passesThroughUploadError]' started.
2026-05-15 06:37:31.741589+0530 Yoga of Eating[16581:133859] [HistoricalSync] Attempt 1/3 failed: Fetch failed. Retrying.
2026-05-15 06:37:32.757149+0530 Yoga of Eating[16581:133859] [HistoricalSync] Attempt 2/3 failed: Fetch failed. Retrying.
2026-05-15 06:37:33.775668+0530 Yoga of Eating[16581:133859] [HistoricalSync] Operation failed after 3 attempts
Test Case '-[Yoga_of_EatingTests.HistoricalSyncRestoreTests test_restore_passesThroughUploadError]' passed (2.036 seconds).
Test Case '-[Yoga_of_EatingTests.HistoricalSyncRestoreTests test_restore_returnsEmptyArray_whenCloudHasNoData]' started.
2026-05-15 06:37:33.776992+0530 Yoga of Eating[16581:133859] [HistoricalSync] Restore: fetched 0 snapshots for user
Test Case '-[Yoga_of_EatingTests.HistoricalSyncRestoreTests test_restore_returnsEmptyArray_whenCloudHasNoData]' passed (0.001 seconds).
Test Case '-[Yoga_of_EatingTests.HistoricalSyncRestoreTests test_restore_returnsSnapshots_whenAuthenticated]' started.
2026-05-15 06:37:33.778164+0530 Yoga of Eating[16581:133859] [HistoricalSync] Restore: fetched 1 snapshots for user
Test Case '-[Yoga_of_EatingTests.HistoricalSyncRestoreTests test_restore_returnsSnapshots_whenAuthenticated]' passed (0.001 seconds).
Test Case '-[Yoga_of_EatingTests.HistoricalSyncRestoreTests test_restore_throwsSyncAuthRequired_whenNoUser]' started.
2026-05-15 06:37:33.779126+0530 Yoga of Eating[16581:133859] [HistoricalSync] Restore attempted without authenticated user
Test Case '-[Yoga_of_EatingTests.HistoricalSyncRestoreTests test_restore_throwsSyncAuthRequired_whenNoUser]' passed (0.002 seconds).
Test Suite 'HistoricalSyncRestoreTests' passed at 2026-05-15 06:37:33.781.
	 Executed 4 tests, with 0 failures (0 unexpected) in 2.039 (2.040) seconds
Test Suite 'HistoricalSyncServiceTests' started at 2026-05-15 06:37:33.781.
Test Case '-[Yoga_of_EatingTests.HistoricalSyncServiceTests test_sync_callsOnSyncCompleted_afterSuccessfulUpload]' started.
2026-05-15 06:37:33.782031+0530 Yoga of Eating[16581:133859] [HistoricalSync] Full sync: 1 snapshots
2026-05-15 06:37:33.782103+0530 Yoga of Eating[16581:133859] [HistoricalSync] Sync completed at 2026-05-15 01:07:33 +0000
Test Case '-[Yoga_of_EatingTests.HistoricalSyncServiceTests test_sync_callsOnSyncCompleted_afterSuccessfulUpload]' passed (0.002 seconds).
Test Case '-[Yoga_of_EatingTests.HistoricalSyncServiceTests test_sync_doesNotCallOnSyncCompleted_whenUploadFails]' started.
2026-05-15 06:37:33.784060+0530 Yoga of Eating[16581:133859] [HistoricalSync] Full sync: 1 snapshots
2026-05-15 06:37:33.784123+0530 Yoga of Eating[16581:133859] [HistoricalSync] Attempt 1/3 failed: Batch upload failed. Retrying.
2026-05-15 06:37:34.800373+0530 Yoga of Eating[16581:133859] [HistoricalSync] Attempt 2/3 failed: Batch upload failed. Retrying.
2026-05-15 06:37:35.801270+0530 Yoga of Eating[16581:133859] [HistoricalSync] Operation failed after 3 attempts
Test Case '-[Yoga_of_EatingTests.HistoricalSyncServiceTests test_sync_doesNotCallOnSyncCompleted_whenUploadFails]' passed (2.019 seconds).
Test Case '-[Yoga_of_EatingTests.HistoricalSyncServiceTests test_sync_throwsSyncAuthRequired_whenNoUser]' started.
2026-05-15 06:37:35.804545+0530 Yoga of Eating[16581:133859] [HistoricalSync] Sync attempted without authenticated user
Test Case '-[Yoga_of_EatingTests.HistoricalSyncServiceTests test_sync_throwsSyncAuthRequired_whenNoUser]' passed (0.002 seconds).
Test Case '-[Yoga_of_EatingTests.HistoricalSyncServiceTests test_sync_uploadsAllSnapshots_whenNoLastSyncDate]' started.
2026-05-15 06:37:35.806883+0530 Yoga of Eating[16581:133859] [HistoricalSync] Full sync: 2 snapshots
2026-05-15 06:37:35.807120+0530 Yoga of Eating[16581:133859] [HistoricalSync] Sync completed at 2026-05-15 01:07:35 +0000
Test Case '-[Yoga_of_EatingTests.HistoricalSyncServiceTests test_sync_uploadsAllSnapshots_whenNoLastSyncDate]' passed (0.002 seconds).
Test Case '-[Yoga_of_EatingTests.HistoricalSyncServiceTests test_sync_uploadsOnlyRecentSnapshots_whenLastSyncDateSet]' started.
2026-05-15 06:37:35.809688+0530 Yoga of Eating[16581:133859] [HistoricalSync] Delta sync: 1 snapshots since 2026-05-12 01:07:35 +0000
2026-05-15 06:37:35.809925+0530 Yoga of Eating[16581:133859] [HistoricalSync] Sync completed at 2026-05-15 01:07:35 +0000
Test Case '-[Yoga_of_EatingTests.HistoricalSyncServiceTests test_sync_uploadsOnlyRecentSnapshots_whenLastSyncDateSet]' passed (0.002 seconds).
Test Suite 'HistoricalSyncServiceTests' passed at 2026-05-15 06:37:35.811.
	 Executed 5 tests, with 0 failures (0 unexpected) in 2.028 (2.030) seconds
Test Suite 'InputValidationTests' started at 2026-05-15 06:37:35.812.
Test Case '-[Yoga_of_EatingTests.InputValidationTests test_caseInsensitiveSqlPatternDetection]' started.
Test Case '-[Yoga_of_EatingTests.InputValidationTests test_caseInsensitiveSqlPatternDetection]' passed (0.004 seconds).
Test Case '-[Yoga_of_EatingTests.InputValidationTests test_caseInsensitiveSqlPatternWithMixedCase]' started.
Test Case '-[Yoga_of_EatingTests.InputValidationTests test_caseInsensitiveSqlPatternWithMixedCase]' passed (0.001 seconds).
Test Case '-[Yoga_of_EatingTests.InputValidationTests test_comparisonOperatorGreaterThanWithNumber]' started.
Test Case '-[Yoga_of_EatingTests.InputValidationTests test_comparisonOperatorGreaterThanWithNumber]' passed (0.001 seconds).
Test Case '-[Yoga_of_EatingTests.InputValidationTests test_comparisonOperatorInContext]' started.
Test Case '-[Yoga_of_EatingTests.InputValidationTests test_comparisonOperatorInContext]' passed (0.001 seconds).
Test Case '-[Yoga_of_EatingTests.InputValidationTests test_comparisonOperatorLessThanWithNumber]' started.
Test Case '-[Yoga_of_EatingTests.InputValidationTests test_comparisonOperatorLessThanWithNumber]' passed (0.001 seconds).
Test Case '-[Yoga_of_EatingTests.InputValidationTests test_emptyStringError_describesMissingInput]' started.
Test Case '-[Yoga_of_EatingTests.InputValidationTests test_emptyStringError_describesMissingInput]' passed (0.001 seconds).
Test Case '-[Yoga_of_EatingTests.InputValidationTests test_htmlIframeTagIsDetected]' started.
Test Case '-[Yoga_of_EatingTests.InputValidationTests test_htmlIframeTagIsDetected]' passed (0.001 seconds).
Test Case '-[Yoga_of_EatingTests.InputValidationTests test_htmlImgTagIsDetected]' started.
Test Case '-[Yoga_of_EatingTests.InputValidationTests test_htmlImgTagIsDetected]' passed (0.001 seconds).
Test Case '-[Yoga_of_EatingTests.InputValidationTests test_htmlScriptTagIsStillDetected]' started.
Test Case '-[Yoga_of_EatingTests.InputValidationTests test_htmlScriptTagIsStillDetected]' passed (0.001 seconds).
Test Case '-[Yoga_of_EatingTests.InputValidationTests test_journalEntry_commandInjectionIsDetected]' started.
Test Case '-[Yoga_of_EatingTests.InputValidationTests test_journalEntry_commandInjectionIsDetected]' passed (0.001 seconds).
Test Case '-[Yoga_of_EatingTests.InputValidationTests test_journalEntry_emptyStringIsRejected]' started.
Test Case '-[Yoga_of_EatingTests.InputValidationTests test_journalEntry_emptyStringIsRejected]' passed (0.001 seconds).
Test Case '-[Yoga_of_EatingTests.InputValidationTests test_journalEntry_exceedingMaxLengthIsRejected]' started.
Test Case '-[Yoga_of_EatingTests.InputValidationTests test_journalEntry_exceedingMaxLengthIsRejected]' passed (0.001 seconds).
Test Case '-[Yoga_of_EatingTests.InputValidationTests test_journalEntry_sqlInjectionIsDetected]' started.
Test Case '-[Yoga_of_EatingTests.InputValidationTests test_journalEntry_sqlInjectionIsDetected]' passed (0.001 seconds).
Test Case '-[Yoga_of_EatingTests.InputValidationTests test_journalEntry_validInputPasses]' started.
Test Case '-[Yoga_of_EatingTests.InputValidationTests test_journalEntry_validInputPasses]' passed (0.001 seconds).
Test Case '-[Yoga_of_EatingTests.InputValidationTests test_journalEntry_whitespaceIsTrimmed]' started.
Test Case '-[Yoga_of_EatingTests.InputValidationTests test_journalEntry_whitespaceIsTrimmed]' passed (0.001 seconds).
Test Case '-[Yoga_of_EatingTests.InputValidationTests test_journalEntry_whitespaceOnlyIsRejected]' started.
Test Case '-[Yoga_of_EatingTests.InputValidationTests test_journalEntry_whitespaceOnlyIsRejected]' passed (0.000 seconds).
Test Case '-[Yoga_of_EatingTests.InputValidationTests test_lengthError_describesLimitExceeded]' started.
Test Case '-[Yoga_of_EatingTests.InputValidationTests test_lengthError_describesLimitExceeded]' passed (0.001 seconds).
Test Case '-[Yoga_of_EatingTests.InputValidationTests test_mealDescription_carriageReturn_isStripped]' started.
Test Case '-[Yoga_of_EatingTests.InputValidationTests test_mealDescription_carriageReturn_isStripped]' passed (0.001 seconds).
Test Case '-[Yoga_of_EatingTests.InputValidationTests test_mealDescription_commandSubstitutionBracesIsDetected]' started.
Test Case '-[Yoga_of_EatingTests.InputValidationTests test_mealDescription_commandSubstitutionBracesIsDetected]' passed (0.001 seconds).
Test Case '-[Yoga_of_EatingTests.InputValidationTests test_mealDescription_commandSubstitutionIsDetected]' started.
Test Case '-[Yoga_of_EatingTests.InputValidationTests test_mealDescription_commandSubstitutionIsDetected]' passed (0.001 seconds).
Test Case '-[Yoga_of_EatingTests.InputValidationTests test_mealDescription_controlCharactersAreRemoved]' started.
Test Case '-[Yoga_of_EatingTests.InputValidationTests test_mealDescription_controlCharactersAreRemoved]' passed (0.000 seconds).
Test Case '-[Yoga_of_EatingTests.InputValidationTests test_mealDescription_deleteFromInjectionIsDetected]' started.
Test Case '-[Yoga_of_EatingTests.InputValidationTests test_mealDescription_deleteFromInjectionIsDetected]' passed (0.000 seconds).
Test Case '-[Yoga_of_EatingTests.InputValidationTests test_mealDescription_deleteFromNaturalSentenceIsValid]' started.
Test Case '-[Yoga_of_EatingTests.InputValidationTests test_mealDescription_deleteFromNaturalSentenceIsValid]' passed (0.000 seconds).
Test Case '-[Yoga_of_EatingTests.InputValidationTests test_mealDescription_emptyStringIsRejected]' started.
Test Case '-[Yoga_of_EatingTests.InputValidationTests test_mealDescription_emptyStringIsRejected]' passed (0.000 seconds).
Test Case '-[Yoga_of_EatingTests.InputValidationTests test_mealDescription_evalCallInjectionIsStillBlocked]' started.
Test Case '-[Yoga_of_EatingTests.InputValidationTests test_mealDescription_evalCallInjectionIsStillBlocked]' passed (0.001 seconds).
Test Case '-[Yoga_of_EatingTests.InputValidationTests test_mealDescription_evalIsDetected]' started.
Test Case '-[Yoga_of_EatingTests.InputValidationTests test_mealDescription_evalIsDetected]' passed (0.000 seconds).
Test Case '-[Yoga_of_EatingTests.InputValidationTests test_mealDescription_evaluatedIsValid]' started.
Test Case '-[Yoga_of_EatingTests.InputValidationTests test_mealDescription_evaluatedIsValid]' passed (0.000 seconds).
Test Case '-[Yoga_of_EatingTests.InputValidationTests test_mealDescription_exactlyAtMaxLengthPasses]' started.
Test Case '-[Yoga_of_EatingTests.InputValidationTests test_mealDescription_exactlyAtMaxLengthPasses]' passed (0.001 seconds).
Test Case '-[Yoga_of_EatingTests.InputValidationTests test_mealDescription_exceedingMaxLengthIsRejected]' started.
Test Case '-[Yoga_of_EatingTests.InputValidationTests test_mealDescription_exceedingMaxLengthIsRejected]' passed (0.000 seconds).
Test Case '-[Yoga_of_EatingTests.InputValidationTests test_mealDescription_execIsDetected]' started.
Test Case '-[Yoga_of_EatingTests.InputValidationTests test_mealDescription_execIsDetected]' passed (0.001 seconds).
Test Case '-[Yoga_of_EatingTests.InputValidationTests test_mealDescription_executiveLunchIsValid]' started.
Test Case '-[Yoga_of_EatingTests.InputValidationTests test_mealDescription_executiveLunchIsValid]' passed (0.000 seconds).
Test Case '-[Yoga_of_EatingTests.InputValidationTests test_mealDescription_insertIntoInjectionIsDetected]' started.
Test Case '-[Yoga_of_EatingTests.InputValidationTests test_mealDescription_insertIntoInjectionIsDetected]' passed (0.000 seconds).
Test Case '-[Yoga_of_EatingTests.InputValidationTests test_mealDescription_nullByteIsRemoved]' started.
Test Case '-[Yoga_of_EatingTests.InputValidationTests test_mealDescription_nullByteIsRemoved]' passed (0.000 seconds).
Test Case '-[Yoga_of_EatingTests.InputValidationTests test_mealDescription_realCodeExecInjectionIsStillBlocked]' started.
Test Case '-[Yoga_of_EatingTests.InputValidationTests test_mealDescription_realCodeExecInjectionIsStillBlocked]' passed (0.000 seconds).
Test Case '-[Yoga_of_EatingTests.InputValidationTests test_mealDescription_realSqlDropTableIsStillBlocked]' started.
Test Case '-[Yoga_of_EatingTests.InputValidationTests test_mealDescription_realSqlDropTableIsStillBlocked]' passed (0.000 seconds).
Test Case '-[Yoga_of_EatingTests.InputValidationTests test_mealDescription_shellScriptIsDetected]' started.
Test Case '-[Yoga_of_EatingTests.InputValidationTests test_mealDescription_shellScriptIsDetected]' passed (0.001 seconds).
Test Case '-[Yoga_of_EatingTests.InputValidationTests test_mealDescription_sqlInjectionIsDetected]' started.
Test Case '-[Yoga_of_EatingTests.InputValidationTests test_mealDescription_sqlInjectionIsDetected]' passed (0.000 seconds).
Test Case '-[Yoga_of_EatingTests.InputValidationTests test_mealDescription_systematicFastingIsValid]' started.
Test Case '-[Yoga_of_EatingTests.InputValidationTests test_mealDescription_systematicFastingIsValid]' passed (0.000 seconds).
Test Case '-[Yoga_of_EatingTests.InputValidationTests test_mealDescription_tabCharacter_isStripped]' started.
Test Case '-[Yoga_of_EatingTests.InputValidationTests test_mealDescription_tabCharacter_isStripped]' passed (0.000 seconds).
Test Case '-[Yoga_of_EatingTests.InputValidationTests test_mealDescription_validInputPasses]' started.
Test Case '-[Yoga_of_EatingTests.InputValidationTests test_mealDescription_validInputPasses]' passed (0.000 seconds).
Test Case '-[Yoga_of_EatingTests.InputValidationTests test_mealDescription_whitespaceIsTrimmed]' started.
Test Case '-[Yoga_of_EatingTests.InputValidationTests test_mealDescription_whitespaceIsTrimmed]' passed (0.000 seconds).
Test Case '-[Yoga_of_EatingTests.InputValidationTests test_mealDescription_whitespaceOnlyIsRejected]' started.
Test Case '-[Yoga_of_EatingTests.InputValidationTests test_mealDescription_whitespaceOnlyIsRejected]' passed (0.000 seconds).
Test Case '-[Yoga_of_EatingTests.InputValidationTests test_mealDescription_xssJavaScriptProtocolIsDetected]' started.
Test Case '-[Yoga_of_EatingTests.InputValidationTests test_mealDescription_xssJavaScriptProtocolIsDetected]' passed (0.000 seconds).
Test Case '-[Yoga_of_EatingTests.InputValidationTests test_mealDescription_xssScriptTagIsDetected]' started.
Test Case '-[Yoga_of_EatingTests.InputValidationTests test_mealDescription_xssScriptTagIsDetected]' passed (0.000 seconds).
Test Case '-[Yoga_of_EatingTests.InputValidationTests test_morningThoughts_emptyStringPasses]' started.
Test Case '-[Yoga_of_EatingTests.InputValidationTests test_morningThoughts_emptyStringPasses]' passed (0.000 seconds).
Test Case '-[Yoga_of_EatingTests.InputValidationTests test_morningThoughts_exceedingMaxLengthIsRejected]' started.
Test Case '-[Yoga_of_EatingTests.InputValidationTests test_morningThoughts_exceedingMaxLengthIsRejected]' passed (0.000 seconds).
Test Case '-[Yoga_of_EatingTests.InputValidationTests test_morningThoughts_validInputPasses]' started.
Test Case '-[Yoga_of_EatingTests.InputValidationTests test_morningThoughts_validInputPasses]' passed (0.000 seconds).
Test Case '-[Yoga_of_EatingTests.InputValidationTests test_morningThoughts_whitespaceIsTrimmed]' started.
Test Case '-[Yoga_of_EatingTests.InputValidationTests test_morningThoughts_whitespaceIsTrimmed]' passed (0.000 seconds).
Test Case '-[Yoga_of_EatingTests.InputValidationTests test_morningThoughts_whitespaceOnlyBecomesEmpty]' started.
Test Case '-[Yoga_of_EatingTests.InputValidationTests test_morningThoughts_whitespaceOnlyBecomesEmpty]' passed (0.000 seconds).
Test Case '-[Yoga_of_EatingTests.InputValidationTests test_multipleControlCharactersAreRemoved]' started.
Test Case '-[Yoga_of_EatingTests.InputValidationTests test_multipleControlCharactersAreRemoved]' passed (0.000 seconds).
Test Case '-[Yoga_of_EatingTests.InputValidationTests test_onclickEventHandlerIsDetected]' started.
Test Case '-[Yoga_of_EatingTests.InputValidationTests test_onclickEventHandlerIsDetected]' passed (0.000 seconds).
Test Case '-[Yoga_of_EatingTests.InputValidationTests test_onmouseoverEventHandlerIsDetected]' started.
Test Case '-[Yoga_of_EatingTests.InputValidationTests test_onmouseoverEventHandlerIsDetected]' passed (0.000 seconds).
Test Case '-[Yoga_of_EatingTests.InputValidationTests test_sanitizeMealItems_stripsTabsFromItems]' started.
Test Case '-[Yoga_of_EatingTests.InputValidationTests test_sanitizeMealItems_stripsTabsFromItems]' passed (0.000 seconds).
Test Case '-[Yoga_of_EatingTests.InputValidationTests test_sleepNotes_emptyStringPasses]' started.
Test Case '-[Yoga_of_EatingTests.InputValidationTests test_sleepNotes_emptyStringPasses]' passed (0.000 seconds).
Test Case '-[Yoga_of_EatingTests.InputValidationTests test_sleepNotes_exceedingMaxLengthIsRejected]' started.
Test Case '-[Yoga_of_EatingTests.InputValidationTests test_sleepNotes_exceedingMaxLengthIsRejected]' passed (0.000 seconds).
Test Case '-[Yoga_of_EatingTests.InputValidationTests test_sleepNotes_sqlInjectionIsDetected]' started.
Test Case '-[Yoga_of_EatingTests.InputValidationTests test_sleepNotes_sqlInjectionIsDetected]' passed (0.000 seconds).
Test Case '-[Yoga_of_EatingTests.InputValidationTests test_sleepNotes_validInputPasses]' started.
Test Case '-[Yoga_of_EatingTests.InputValidationTests test_sleepNotes_validInputPasses]' passed (0.000 seconds).
Test Case '-[Yoga_of_EatingTests.InputValidationTests test_sleepNotes_whitespaceIsTrimmed]' started.
Test Case '-[Yoga_of_EatingTests.InputValidationTests test_sleepNotes_whitespaceIsTrimmed]' passed (0.000 seconds).
Test Case '-[Yoga_of_EatingTests.InputValidationTests test_sleepNotes_whitespaceOnlyBecomesEmpty]' started.
Test Case '-[Yoga_of_EatingTests.InputValidationTests test_sleepNotes_whitespaceOnlyBecomesEmpty]' passed (0.000 seconds).
Test Case '-[Yoga_of_EatingTests.InputValidationTests test_suspiciousPatternError_describesMaliciousContent]' started.
Test Case '-[Yoga_of_EatingTests.InputValidationTests test_suspiciousPatternError_describesMaliciousContent]' passed (0.000 seconds).
Test Case '-[Yoga_of_EatingTests.InputValidationTests test_todoItem_emptyStringIsRejected]' started.
Test Case '-[Yoga_of_EatingTests.InputValidationTests test_todoItem_emptyStringIsRejected]' passed (0.000 seconds).
Test Case '-[Yoga_of_EatingTests.InputValidationTests test_todoItem_exceedingMaxLengthIsRejected]' started.
Test Case '-[Yoga_of_EatingTests.InputValidationTests test_todoItem_exceedingMaxLengthIsRejected]' passed (0.000 seconds).
Test Case '-[Yoga_of_EatingTests.InputValidationTests test_todoItem_shortValidInputPasses]' started.
Test Case '-[Yoga_of_EatingTests.InputValidationTests test_todoItem_shortValidInputPasses]' passed (0.000 seconds).
Test Case '-[Yoga_of_EatingTests.InputValidationTests test_todoItem_sqlInjectionIsDetected]' started.
Test Case '-[Yoga_of_EatingTests.InputValidationTests test_todoItem_sqlInjectionIsDetected]' passed (0.000 seconds).
Test Case '-[Yoga_of_EatingTests.InputValidationTests test_todoItem_validInputPasses]' started.
Test Case '-[Yoga_of_EatingTests.InputValidationTests test_todoItem_validInputPasses]' passed (0.000 seconds).
Test Case '-[Yoga_of_EatingTests.InputValidationTests test_todoItem_whitespaceIsTrimmed]' started.
Test Case '-[Yoga_of_EatingTests.InputValidationTests test_todoItem_whitespaceIsTrimmed]' passed (0.000 seconds).
Test Case '-[Yoga_of_EatingTests.InputValidationTests test_todoItem_whitespaceOnlyIsRejected]' started.
Test Case '-[Yoga_of_EatingTests.InputValidationTests test_todoItem_whitespaceOnlyIsRejected]' passed (0.000 seconds).
Test Case '-[Yoga_of_EatingTests.InputValidationTests test_validInputWithEmojis]' started.
Test Case '-[Yoga_of_EatingTests.InputValidationTests test_validInputWithEmojis]' passed (0.000 seconds).
Test Case '-[Yoga_of_EatingTests.InputValidationTests test_validInputWithNewlines]' started.
Test Case '-[Yoga_of_EatingTests.InputValidationTests test_validInputWithNewlines]' passed (0.000 seconds).
Test Case '-[Yoga_of_EatingTests.InputValidationTests test_validInputWithNumbers]' started.
Test Case '-[Yoga_of_EatingTests.InputValidationTests test_validInputWithNumbers]' passed (0.000 seconds).
Test Case '-[Yoga_of_EatingTests.InputValidationTests test_validInputWithSpecialCharacters]' started.
Test Case '-[Yoga_of_EatingTests.InputValidationTests test_validInputWithSpecialCharacters]' passed (0.000 seconds).
Test Suite 'InputValidationTests' passed at 2026-05-15 06:37:35.866.
	 Executed 71 tests, with 0 failures (0 unexpected) in 0.038 (0.054) seconds
Test Suite 'InsightCardTests' started at 2026-05-15 06:37:35.866.
Test Case '-[Yoga_of_EatingTests.InsightCardTests test_correlationCategory_allCases_haveNonEmptyIcons]' started.
Test Case '-[Yoga_of_EatingTests.InsightCardTests test_correlationCategory_allCases_haveNonEmptyIcons]' passed (0.000 seconds).
Test Case '-[Yoga_of_EatingTests.InsightCardTests test_correlationCategory_foodToMood_hasIcon]' started.
Test Case '-[Yoga_of_EatingTests.InsightCardTests test_correlationCategory_foodToMood_hasIcon]' passed (0.000 seconds).
Test Case '-[Yoga_of_EatingTests.InsightCardTests test_correlationCategory_foodToSleep_hasIcon]' started.
Test Case '-[Yoga_of_EatingTests.InsightCardTests test_correlationCategory_foodToSleep_hasIcon]' passed (0.000 seconds).
Test Case '-[Yoga_of_EatingTests.InsightCardTests test_dailyInsight_dominantInsight_isNonEmpty]' started.
Test Case '-[Yoga_of_EatingTests.InsightCardTests test_dailyInsight_dominantInsight_isNonEmpty]' passed (0.000 seconds).
Test Case '-[Yoga_of_EatingTests.InsightCardTests test_dailyInsight_hasValidConfidence]' started.
Test Case '-[Yoga_of_EatingTests.InsightCardTests test_dailyInsight_hasValidConfidence]' passed (0.000 seconds).
Test Case '-[Yoga_of_EatingTests.InsightCardTests test_dailyInsight_headline_isNonEmpty]' started.
Test Case '-[Yoga_of_EatingTests.InsightCardTests test_dailyInsight_headline_isNonEmpty]' passed (0.000 seconds).
Test Case '-[Yoga_of_EatingTests.InsightCardTests test_dailyInsight_isViewed_defaultsFalse]' started.
Test Case '-[Yoga_of_EatingTests.InsightCardTests test_dailyInsight_isViewed_defaultsFalse]' passed (0.000 seconds).
Test Case '-[Yoga_of_EatingTests.InsightCardTests test_dailyInsight_markAsViewed_updatesFlag]' started.
Test Case '-[Yoga_of_EatingTests.InsightCardTests test_dailyInsight_markAsViewed_updatesFlag]' passed (0.000 seconds).
Test Suite 'InsightCardTests' passed at 2026-05-15 06:37:35.870.
	 Executed 8 tests, with 0 failures (0 unexpected) in 0.003 (0.004) seconds
Test Suite 'InsightConsolidationRegressionTests' started at 2026-05-15 06:37:35.871.
Test Case '-[Yoga_of_EatingTests.InsightConsolidationRegressionTests test_dailyInsight_codable_roundTrip]' started.
Test Case '-[Yoga_of_EatingTests.InsightConsolidationRegressionTests test_dailyInsight_codable_roundTrip]' passed (0.000 seconds).
Test Case '-[Yoga_of_EatingTests.InsightConsolidationRegressionTests test_dailyInsight_hasCorrelationCards]' started.
Test Case '-[Yoga_of_EatingTests.InsightConsolidationRegressionTests test_dailyInsight_hasCorrelationCards]' passed (0.000 seconds).
Test Case '-[Yoga_of_EatingTests.InsightConsolidationRegressionTests test_dailyInsight_hasDimensions]' started.
Test Case '-[Yoga_of_EatingTests.InsightConsolidationRegressionTests test_dailyInsight_hasDimensions]' passed (0.000 seconds).
Test Case '-[Yoga_of_EatingTests.InsightConsolidationRegressionTests test_dailyInsight_hasHeadline_and_dominantInsight]' started.
Test Case '-[Yoga_of_EatingTests.InsightConsolidationRegressionTests test_dailyInsight_hasHeadline_and_dominantInsight]' passed (0.000 seconds).
Test Case '-[Yoga_of_EatingTests.InsightConsolidationRegressionTests test_dailyInsight_hasNudge]' started.
Test Case '-[Yoga_of_EatingTests.InsightConsolidationRegressionTests test_dailyInsight_hasNudge]' passed (0.000 seconds).
Test Case '-[Yoga_of_EatingTests.InsightConsolidationRegressionTests test_historicalDataService_updateInsight_acceptsDailyInsight]' started.
Test Case '-[Yoga_of_EatingTests.InsightConsolidationRegressionTests test_historicalDataService_updateInsight_acceptsDailyInsight]' passed (0.002 seconds).
Test Case '-[Yoga_of_EatingTests.InsightConsolidationRegressionTests test_insightLifecycleService_generateBriefing_returnsDailyInsight]' started.
2026-05-15 06:37:35.875920+0530 Yoga of Eating[16581:133877] [[FirebaseCore]] 12.7.0 - [FirebaseCore][I-COR000003] The default Firebase app has not yet been configured. Add `FirebaseApp.configure()` to your application initialization. This can be done in in the App Delegate's application(_:didFinishLaunchingWithOptions:)` (or the `@main` struct's initializer in SwiftUI). Read more: https://firebase.google.com/docs/ios/setup#initialize_firebase_in_your_app
Test Case '-[Yoga_of_EatingTests.InsightConsolidationRegressionTests test_insightLifecycleService_generateBriefing_returnsDailyInsight]' passed (0.001 seconds).
Test Case '-[Yoga_of_EatingTests.InsightConsolidationRegressionTests test_insightLifecycleService_generateEnrichedInsight_returnsDailyInsight]' started.
2026-05-15 06:37:35.876680+0530 Yoga of Eating[16581:133871] [[FirebaseCore]] 12.7.0 - [FirebaseCore][I-COR000003] The default Firebase app has not yet been configured. Add `FirebaseApp.configure()` to your application initialization. This can be done in in the App Delegate's application(_:didFinishLaunchingWithOptions:)` (or the `@main` struct's initializer in SwiftUI). Read more: https://firebase.google.com/docs/ios/setup#initialize_firebase_in_your_app
2026-05-15 06:37:35.876780+0530 Yoga of Eating[16581:133859] [InsightLifecycle] Enriched insight generated for 2026-05-15 01:07:35 +0000
Test Case '-[Yoga_of_EatingTests.InsightConsolidationRegressionTests test_insightLifecycleService_generateEnrichedInsight_returnsDailyInsight]' passed (0.025 seconds).
Test Case '-[Yoga_of_EatingTests.InsightConsolidationRegressionTests test_mainViewModel_currentInsight_isUnifiedType]' started.
2026-05-15 06:37:35.902474+0530 Yoga of Eating[16581:133877] [[FirebaseCore]] 12.7.0 - [FirebaseCore][I-COR000003] The default Firebase app has not yet been configured. Add `FirebaseApp.configure()` to your application initialization. This can be done in in the App Delegate's application(_:didFinishLaunchingWithOptions:)` (or the `@main` struct's initializer in SwiftUI). Read more: https://firebase.google.com/docs/ios/setup#initialize_firebase_in_your_app
2026-05-15 06:37:35.902624+0530 Yoga of Eating[16581:133877] [[FirebaseCore]] 12.7.0 - [FirebaseCore][I-COR000003] The default Firebase app has not yet been configured. Add `FirebaseApp.configure()` to your application initialization. This can be done in in the App Delegate's application(_:didFinishLaunchingWithOptions:)` (or the `@main` struct's initializer in SwiftUI). Read more: https://firebase.google.com/docs/ios/setup#initialize_firebase_in_your_app
Test Case '-[Yoga_of_EatingTests.InsightConsolidationRegressionTests test_mainViewModel_currentInsight_isUnifiedType]' passed (0.005 seconds).
Test Case '-[Yoga_of_EatingTests.InsightConsolidationRegressionTests test_mainViewModel_hasNoSeparateBriefingProperty]' started.
2026-05-15 06:37:35.908102+0530 Yoga of Eating[16581:133866] [[FirebaseCore]] 12.7.0 - [FirebaseCore][I-COR000003] The default Firebase app has not yet been configured. Add `FirebaseApp.configure()` to your application initialization. This can be done in in the App Delegate's application(_:didFinishLaunchingWithOptions:)` (or the `@main` struct's initializer in SwiftUI). Read more: https://firebase.google.com/docs/ios/setup#initialize_firebase_in_your_app
2026-05-15 06:37:35.908234+0530 Yoga of Eating[16581:133866] [[FirebaseCore]] 12.7.0 - [FirebaseCore][I-COR000003] The default Firebase app has not yet been configured. Add `FirebaseApp.configure()` to your application initialization. This can be done in in the App Delegate's application(_:didFinishLaunchingWithOptions:)` (or the `@main` struct's initializer in SwiftUI). Read more: https://firebase.google.com/docs/ios/setup#initialize_firebase_in_your_app
Test Case '-[Yoga_of_EatingTests.InsightConsolidationRegressionTests test_mainViewModel_hasNoSeparateBriefingProperty]' passed (0.006 seconds).
Test Case '-[Yoga_of_EatingTests.InsightConsolidationRegressionTests test_snapshot_hasOneInsightField]' started.
Test Case '-[Yoga_of_EatingTests.InsightConsolidationRegressionTests test_snapshot_hasOneInsightField]' passed (0.001 seconds).
Test Case '-[Yoga_of_EatingTests.InsightConsolidationRegressionTests test_snapshotPayloadBuilder_produces_validPayload]' started.
Test Case '-[Yoga_of_EatingTests.InsightConsolidationRegressionTests test_snapshotPayloadBuilder_produces_validPayload]' passed (0.001 seconds).
Test Suite 'InsightConsolidationRegressionTests' passed at 2026-05-15 06:37:35.915.
	 Executed 12 tests, with 0 failures (0 unexpected) in 0.042 (0.045) seconds
Test Suite 'InsightLifecycleIntegrationTests' started at 2026-05-15 06:37:35.915.
Test Case '-[Yoga_of_EatingTests.InsightLifecycleIntegrationTests test_enrichedInsight_codableRoundTrip]' started.
2026-05-15 06:37:35.915671+0530 Yoga of Eating[16581:134052] [[FirebaseCore]] 12.7.0 - [FirebaseCore][I-COR000003] The default Firebase app has not yet been configured. Add `FirebaseApp.configure()` to your application initialization. This can be done in in the App Delegate's application(_:didFinishLaunchingWithOptions:)` (or the `@main` struct's initializer in SwiftUI). Read more: https://firebase.google.com/docs/ios/setup#initialize_firebase_in_your_app
2026-05-15 06:37:35.915814+0530 Yoga of Eating[16581:134052] [[FirebaseCore]] 12.7.0 - [FirebaseCore][I-COR000003] The default Firebase app has not yet been configured. Add `FirebaseApp.configure()` to your application initialization. This can be done in in the App Delegate's application(_:didFinishLaunchingWithOptions:)` (or the `@main` struct's initializer in SwiftUI). Read more: https://firebase.google.com/docs/ios/setup#initialize_firebase_in_your_app
Test Case '-[Yoga_of_EatingTests.InsightLifecycleIntegrationTests test_enrichedInsight_codableRoundTrip]' passed (0.010 seconds).
Test Case '-[Yoga_of_EatingTests.InsightLifecycleIntegrationTests test_enrichedInsight_isNil_byDefault_onLegacySnapshot]' started.
Test Case '-[Yoga_of_EatingTests.InsightLifecycleIntegrationTests test_enrichedInsight_isNil_byDefault_onLegacySnapshot]' passed (0.001 seconds).
2026-05-15 06:37:35.926257+0530 Yoga of Eating[16581:133877] [[FirebaseCore]] 12.7.0 - [FirebaseCore][I-COR000003] The default Firebase app has not yet been configured. Add `FirebaseApp.configure()` to your application initialization. This can be done in in the App Delegate's application(_:didFinishLaunchingWithOptions:)` (or the `@main` struct's initializer in SwiftUI). Read more: https://firebase.google.com/docs/ios/setup#initialize_firebase_in_your_app
Test Case '-[Yoga_of_EatingTests.InsightLifecycleIntegrationTests test_legacyJSONWithoutEnrichedInsight_decodesSuccessfully]' started.
2026-05-15 06:37:35.926905+0530 Yoga of Eating[16581:133877] [[FirebaseCore]] 12.7.0 - [FirebaseCore][I-COR000003] The default Firebase app has not yet been configured. Add `FirebaseApp.configure()` to your application initialization. This can be done in in the App Delegate's application(_:didFinishLaunchingWithOptions:)` (or the `@main` struct's initializer in SwiftUI). Read more: https://firebase.google.com/docs/ios/setup#initialize_firebase_in_your_app
2026-05-15 06:37:35.927018+0530 Yoga of Eating[16581:133877] [[FirebaseCore]] 12.7.0 - [FirebaseCore][I-COR000003] The default Firebase app has not yet been configured. Add `FirebaseApp.configure()` to your application initialization. This can be done in in the App Delegate's application(_:didFinishLaunchingWithOptions:)` (or the `@main` struct's initializer in SwiftUI). Read more: https://firebase.google.com/docs/ios/setup#initialize_firebase_in_your_app
2026-05-15 06:37:35.927298+0530 Yoga of Eating[16581:133877] [[FirebaseCore]] 12.7.0 - [FirebaseCore][I-COR000003] The default Firebase app has not yet been configured. Add `FirebaseApp.configure()` to your application initialization. This can be done in in the App Delegate's application(_:didFinishLaunchingWithOptions:)` (or the `@main` struct's initializer in SwiftUI). Read more: https://firebase.google.com/docs/ios/setup#initialize_firebase_in_your_app
Test Case '-[Yoga_of_EatingTests.InsightLifecycleIntegrationTests test_legacyJSONWithoutEnrichedInsight_decodesSuccessfully]' passed (0.003 seconds).
Test Case '-[Yoga_of_EatingTests.InsightLifecycleIntegrationTests test_snapshot_lastWithInsightWins]' started.
2026-05-15 06:37:35.929772+0530 Yoga of Eating[16581:133877] [[FirebaseCore]] 12.7.0 - [FirebaseCore][I-COR000003] The default Firebase app has not yet been configured. Add `FirebaseApp.configure()` to your application initialization. This can be done in in the App Delegate's application(_:didFinishLaunchingWithOptions:)` (or the `@main` struct's initializer in SwiftUI). Read more: https://firebase.google.com/docs/ios/setup#initialize_firebase_in_your_app
Test Case '-[Yoga_of_EatingTests.InsightLifecycleIntegrationTests test_snapshot_lastWithInsightWins]' passed (0.001 seconds).
2026-05-15 06:37:35.930022+0530 Yoga of Eating[16581:133877] [[FirebaseCore]] 12.7.0 - [FirebaseCore][I-COR000003] The default Firebase app has not yet been configured. Add `FirebaseApp.configure()` to your application initialization. This can be done in in the App Delegate's application(_:didFinishLaunchingWithOptions:)` (or the `@main` struct's initializer in SwiftUI). Read more: https://firebase.google.com/docs/ios/setup#initialize_firebase_in_your_app
Test Case '-[Yoga_of_EatingTests.InsightLifecycleIntegrationTests test_updateEnrichedInsight_storesInSnapshot]' started.
2026-05-15 06:37:35.930520+0530 Yoga of Eating[16581:133872] [[FirebaseCore]] 12.7.0 - [FirebaseCore][I-COR000003] The default Firebase app has not yet been configured. Add `FirebaseApp.configure()` to your application initialization. This can be done in in the App Delegate's application(_:didFinishLaunchingWithOptions:)` (or the `@main` struct's initializer in SwiftUI). Read more: https://firebase.google.com/docs/ios/setup#initialize_firebase_in_your_app
2026-05-15 06:37:35.930593+0530 Yoga of Eating[16581:133872] [[FirebaseCore]] 12.7.0 - [FirebaseCore][I-COR000003] The default Firebase app has not yet been configured. Add `FirebaseApp.configure()` to your application initialization. This can be done in in the App Delegate's application(_:didFinishLaunchingWithOptions:)` (or the `@main` struct's initializer in SwiftUI). Read more: https://firebase.google.com/docs/ios/setup#initialize_firebase_in_your_app
Test Case '-[Yoga_of_EatingTests.InsightLifecycleIntegrationTests test_updateEnrichedInsight_storesInSnapshot]' passed (0.012 seconds).
Test Case '-[Yoga_of_EatingTests.InsightLifecycleIntegrationTests test_updateInsight_overwritesPreviousInsight]' started.
2026-05-15 06:37:35.942746+0530 Yoga of Eating[16581:133872] [[FirebaseCore]] 12.7.0 - [FirebaseCore][I-COR000003] The default Firebase app has not yet been configured. Add `FirebaseApp.configure()` to your application initialization. This can be done in in the App Delegate's application(_:didFinishLaunchingWithOptions:)` (or the `@main` struct's initializer in SwiftUI). Read more: https://firebase.google.com/docs/ios/setup#initialize_firebase_in_your_app
2026-05-15 06:37:35.942863+0530 Yoga of Eating[16581:133872] [[FirebaseCore]] 12.7.0 - [FirebaseCore][I-COR000003] The default Firebase app has not yet been configured. Add `FirebaseApp.configure()` to your application initialization. This can be done in in the App Delegate's application(_:didFinishLaunchingWithOptions:)` (or the `@main` struct's initializer in SwiftUI). Read more: https://firebase.google.com/docs/ios/setup#initialize_firebase_in_your_app
Test Case '-[Yoga_of_EatingTests.InsightLifecycleIntegrationTests test_updateInsight_overwritesPreviousInsight]' passed (0.001 seconds).
Test Suite 'InsightLifecycleIntegrationTests' passed at 2026-05-15 06:37:35.943.
	 Executed 6 tests, with 0 failures (0 unexpected) in 0.027 (0.028) seconds
Test Suite 'InsightLifecycleServiceGenerationTests' started at 2026-05-15 06:37:35.943.
Test Case '-[Yoga_of_EatingTests.InsightLifecycleServiceGenerationTests test_generateBriefing_highScoringSnapshots_headlineReflectsProgress]' started.
2026-05-15 06:37:35.943829+0530 Yoga of Eating[16581:134052] [[FirebaseCore]] 12.7.0 - [FirebaseCore][I-COR000003] The default Firebase app has not yet been configured. Add `FirebaseApp.configure()` to your application initialization. This can be done in in the App Delegate's application(_:didFinishLaunchingWithOptions:)` (or the `@main` struct's initializer in SwiftUI). Read more: https://firebase.google.com/docs/ios/setup#initialize_firebase_in_your_app
2026-05-15 06:37:35.944228+0530 Yoga of Eating[16581:133859] [InsightLifecycle] Local briefing fallback stored for 2026-05-15 01:07:35 +0000
Test Case '-[Yoga_of_EatingTests.InsightLifecycleServiceGenerationTests test_generateBriefing_highScoringSnapshots_headlineReflectsProgress]' passed (0.001 seconds).
Test Case '-[Yoga_of_EatingTests.InsightLifecycleServiceGenerationTests test_generateBriefing_localFallback_confidenceIsValid]' started.
2026-05-15 06:37:35.945047+0530 Yoga of Eating[16581:133872] [[FirebaseCore]] 12.7.0 - [FirebaseCore][I-COR000003] The default Firebase app has not yet been configured. Add `FirebaseApp.configure()` to your application initialization. This can be done in in the App Delegate's application(_:didFinishLaunchingWithOptions:)` (or the `@main` struct's initializer in SwiftUI). Read more: https://firebase.google.com/docs/ios/setup#initialize_firebase_in_your_app
2026-05-15 06:37:35.945242+0530 Yoga of Eating[16581:133859] [InsightLifecycle] Local briefing fallback stored for 2026-05-15 01:07:35 +0000
Test Case '-[Yoga_of_EatingTests.InsightLifecycleServiceGenerationTests test_generateBriefing_localFallback_confidenceIsValid]' passed (0.001 seconds).
Test Case '-[Yoga_of_EatingTests.InsightLifecycleServiceGenerationTests test_generateBriefing_localFallback_headlineIsNonEmpty]' started.
2026-05-15 06:37:35.945901+0530 Yoga of Eating[16581:133872] [[FirebaseCore]] 12.7.0 - [FirebaseCore][I-COR000003] The default Firebase app has not yet been configured. Add `FirebaseApp.configure()` to your application initialization. This can be done in in the App Delegate's application(_:didFinishLaunchingWithOptions:)` (or the `@main` struct's initializer in SwiftUI). Read more: https://firebase.google.com/docs/ios/setup#initialize_firebase_in_your_app
2026-05-15 06:37:35.946034+0530 Yoga of Eating[16581:133859] [InsightLifecycle] Local briefing fallback stored for 2026-05-15 01:07:35 +0000
Test Case '-[Yoga_of_EatingTests.InsightLifecycleServiceGenerationTests test_generateBriefing_localFallback_headlineIsNonEmpty]' passed (0.001 seconds).
Test Case '-[Yoga_of_EatingTests.InsightLifecycleServiceGenerationTests test_generateBriefing_localFallback_nudgeSuggestionIsNonEmpty]' started.
2026-05-15 06:37:35.946735+0530 Yoga of Eating[16581:134052] [[FirebaseCore]] 12.7.0 - [FirebaseCore][I-COR000003] The default Firebase app has not yet been configured. Add `FirebaseApp.configure()` to your application initialization. This can be done in in the App Delegate's application(_:didFinishLaunchingWithOptions:)` (or the `@main` struct's initializer in SwiftUI). Read more: https://firebase.google.com/docs/ios/setup#initialize_firebase_in_your_app
2026-05-15 06:37:35.946816+0530 Yoga of Eating[16581:133859] [InsightLifecycle] Local briefing fallback stored for 2026-05-15 01:07:35 +0000
Test Case '-[Yoga_of_EatingTests.InsightLifecycleServiceGenerationTests test_generateBriefing_localFallback_nudgeSuggestionIsNonEmpty]' passed (0.001 seconds).
Test Case '-[Yoga_of_EatingTests.InsightLifecycleServiceGenerationTests test_generateBriefing_persistedInsight_retrievableFromSnapshot]' started.
2026-05-15 06:37:35.947513+0530 Yoga of Eating[16581:133877] [[FirebaseCore]] 12.7.0 - [FirebaseCore][I-COR000003] The default Firebase app has not yet been configured. Add `FirebaseApp.configure()` to your application initialization. This can be done in in the App Delegate's application(_:didFinishLaunchingWithOptions:)` (or the `@main` struct's initializer in SwiftUI). Read more: https://firebase.google.com/docs/ios/setup#initialize_firebase_in_your_app
2026-05-15 06:37:35.947631+0530 Yoga of Eating[16581:133859] [InsightLifecycle] Local briefing fallback stored for 2026-05-14 18:30:00 +0000
Test Case '-[Yoga_of_EatingTests.InsightLifecycleServiceGenerationTests test_generateBriefing_persistedInsight_retrievableFromSnapshot]' passed (0.001 seconds).
Test Case '-[Yoga_of_EatingTests.InsightLifecycleServiceGenerationTests test_generateBriefing_persistsViaUpdateInsight]' started.
2026-05-15 06:37:35.948389+0530 Yoga of Eating[16581:133877] [[FirebaseCore]] 12.7.0 - [FirebaseCore][I-COR000003] The default Firebase app has not yet been configured. Add `FirebaseApp.configure()` to your application initialization. This can be done in in the App Delegate's application(_:didFinishLaunchingWithOptions:)` (or the `@main` struct's initializer in SwiftUI). Read more: https://firebase.google.com/docs/ios/setup#initialize_firebase_in_your_app
2026-05-15 06:37:35.948458+0530 Yoga of Eating[16581:133859] [InsightLifecycle] Local briefing fallback stored for 2026-05-15 01:07:35 +0000
Test Case '-[Yoga_of_EatingTests.InsightLifecycleServiceGenerationTests test_generateBriefing_persistsViaUpdateInsight]' passed (0.001 seconds).
Test Case '-[Yoga_of_EatingTests.InsightLifecycleServiceGenerationTests test_generateBriefing_returnsInsight_withTwoOrMoreSnapshots]' started.
2026-05-15 06:37:35.949174+0530 Yoga of Eating[16581:133877] [[FirebaseCore]] 12.7.0 - [FirebaseCore][I-COR000003] The default Firebase app has not yet been configured. Add `FirebaseApp.configure()` to your application initialization. This can be done in in the App Delegate's application(_:didFinishLaunchingWithOptions:)` (or the `@main` struct's initializer in SwiftUI). Read more: https://firebase.google.com/docs/ios/setup#initialize_firebase_in_your_app
2026-05-15 06:37:35.949297+0530 Yoga of Eating[16581:133859] [InsightLifecycle] Local briefing fallback stored for 2026-05-15 01:07:35 +0000
Test Case '-[Yoga_of_EatingTests.InsightLifecycleServiceGenerationTests test_generateBriefing_returnsInsight_withTwoOrMoreSnapshots]' passed (0.001 seconds).
Test Case '-[Yoga_of_EatingTests.InsightLifecycleServiceGenerationTests test_generateBriefing_returnsNil_whenFewerThanTwoSnapshots]' started.
2026-05-15 06:37:35.950050+0530 Yoga of Eating[16581:133871] [[FirebaseCore]] 12.7.0 - [FirebaseCore][I-COR000003] The default Firebase app has not yet been configured. Add `FirebaseApp.configure()` to your application initialization. This can be done in in the App Delegate's application(_:didFinishLaunchingWithOptions:)` (or the `@main` struct's initializer in SwiftUI). Read more: https://firebase.google.com/docs/ios/setup#initialize_firebase_in_your_app
Test Case '-[Yoga_of_EatingTests.InsightLifecycleServiceGenerationTests test_generateBriefing_returnsNil_whenFewerThanTwoSnapshots]' passed (0.001 seconds).
Test Case '-[Yoga_of_EatingTests.InsightLifecycleServiceGenerationTests test_generateBriefing_returnsUnifiedDailyInsight_notLegacyType]' started.
2026-05-15 06:37:35.950647+0530 Yoga of Eating[16581:133872] [[FirebaseCore]] 12.7.0 - [FirebaseCore][I-COR000003] The default Firebase app has not yet been configured. Add `FirebaseApp.configure()` to your application initialization. This can be done in in the App Delegate's application(_:didFinishLaunchingWithOptions:)` (or the `@main` struct's initializer in SwiftUI). Read more: https://firebase.google.com/docs/ios/setup#initialize_firebase_in_your_app
2026-05-15 06:37:35.950773+0530 Yoga of Eating[16581:133859] [InsightLifecycle] Local briefing fallback stored for 2026-05-15 01:07:35 +0000
Test Case '-[Yoga_of_EatingTests.InsightLifecycleServiceGenerationTests test_generateBriefing_returnsUnifiedDailyInsight_notLegacyType]' passed (0.001 seconds).
Test Case '-[Yoga_of_EatingTests.InsightLifecycleServiceGenerationTests test_insightLifecycleService_hasNoBriefingServiceDependency]' started.
2026-05-15 06:37:35.951540+0530 Yoga of Eating[16581:134053] [[FirebaseCore]] 12.7.0 - [FirebaseCore][I-COR000003] The default Firebase app has not yet been configured. Add `FirebaseApp.configure()` to your application initialization. This can be done in in the App Delegate's application(_:didFinishLaunchingWithOptions:)` (or the `@main` struct's initializer in SwiftUI). Read more: https://firebase.google.com/docs/ios/setup#initialize_firebase_in_your_app
2026-05-15 06:37:35.951614+0530 Yoga of Eating[16581:134053] [[FirebaseCore]] 12.7.0 - [FirebaseCore][I-COR000003] The default Firebase app has not yet been configured. Add `FirebaseApp.configure()` to your application initialization. This can be done in in the App Delegate's application(_:didFinishLaunchingWithOptions:)` (or the `@main` struct's initializer in SwiftUI). Read more: https://firebase.google.com/docs/ios/setup#initialize_firebase_in_your_app
Test Case '-[Yoga_of_EatingTests.InsightLifecycleServiceGenerationTests test_insightLifecycleService_hasNoBriefingServiceDependency]' passed (0.005 seconds).
Test Suite 'InsightLifecycleServiceGenerationTests' passed at 2026-05-15 06:37:35.957.
	 Executed 10 tests, with 0 failures (0 unexpected) in 0.011 (0.013) seconds
Test Suite 'InsightLifecycleTests' started at 2026-05-15 06:37:35.957.
Test Case '-[Yoga_of_EatingTests.InsightLifecycleTests test_generateEnrichedInsight_callsUpdateEnrichedInsightOnHistoricalService]' started.
2026-05-15 06:37:35.957257+0530 Yoga of Eating[16581:134053] [[FirebaseCore]] 12.7.0 - [FirebaseCore][I-COR000003] The default Firebase app has not yet been configured. Add `FirebaseApp.configure()` to your application initialization. This can be done in in the App Delegate's application(_:didFinishLaunchingWithOptions:)` (or the `@main` struct's initializer in SwiftUI). Read more: https://firebase.google.com/docs/ios/setup#initialize_firebase_in_your_app
2026-05-15 06:37:35.957642+0530 Yoga of Eating[16581:133859] [InsightLifecycle] Enriched insight generated for 2026-05-15 01:07:35 +0000
Test Case '-[Yoga_of_EatingTests.InsightLifecycleTests test_generateEnrichedInsight_callsUpdateEnrichedInsightOnHistoricalService]' passed (0.001 seconds).
Test Case '-[Yoga_of_EatingTests.InsightLifecycleTests test_generateEnrichedInsight_causalExplanationIsNonEmpty]' started.
2026-05-15 06:37:35.958513+0530 Yoga of Eating[16581:133871] [[FirebaseCore]] 12.7.0 - [FirebaseCore][I-COR000003] The default Firebase app has not yet been configured. Add `FirebaseApp.configure()` to your application initialization. This can be done in in the App Delegate's application(_:didFinishLaunchingWithOptions:)` (or the `@main` struct's initializer in SwiftUI). Read more: https://firebase.google.com/docs/ios/setup#initialize_firebase_in_your_app
2026-05-15 06:37:35.958558+0530 Yoga of Eating[16581:133859] [InsightLifecycle] Enriched insight generated for 2026-05-15 01:07:35 +0000
Test Case '-[Yoga_of_EatingTests.InsightLifecycleTests test_generateEnrichedInsight_causalExplanationIsNonEmpty]' passed (0.001 seconds).
Test Case '-[Yoga_of_EatingTests.InsightLifecycleTests test_generateEnrichedInsight_confidenceInValidRange]' started.
2026-05-15 06:37:35.959397+0530 Yoga of Eating[16581:133859] [InsightLifecycle] Enriched insight generated for 2026-05-15 01:07:35 +0000
2026-05-15 06:37:35.959351+0530 Yoga of Eating[16581:133866] [[FirebaseCore]] 12.7.0 - [FirebaseCore][I-COR000003] The default Firebase app has not yet been configured. Add `FirebaseApp.configure()` to your application initialization. This can be done in in the App Delegate's application(_:didFinishLaunchingWithOptions:)` (or the `@main` struct's initializer in SwiftUI). Read more: https://firebase.google.com/docs/ios/setup#initialize_firebase_in_your_app
Test Case '-[Yoga_of_EatingTests.InsightLifecycleTests test_generateEnrichedInsight_confidenceInValidRange]' passed (0.001 seconds).
Test Case '-[Yoga_of_EatingTests.InsightLifecycleTests test_generateEnrichedInsight_dimensionsMatchSynthesis]' started.
2026-05-15 06:37:35.960129+0530 Yoga of Eating[16581:134052] [[FirebaseCore]] 12.7.0 - [FirebaseCore][I-COR000003] The default Firebase app has not yet been configured. Add `FirebaseApp.configure()` to your application initialization. This can be done in in the App Delegate's application(_:didFinishLaunchingWithOptions:)` (or the `@main` struct's initializer in SwiftUI). Read more: https://firebase.google.com/docs/ios/setup#initialize_firebase_in_your_app
2026-05-15 06:37:35.960161+0530 Yoga of Eating[16581:133859] [InsightLifecycle] Enriched insight generated for 2026-05-15 01:07:35 +0000
Test Case '-[Yoga_of_EatingTests.InsightLifecycleTests test_generateEnrichedInsight_dimensionsMatchSynthesis]' passed (0.001 seconds).
Test Case '-[Yoga_of_EatingTests.InsightLifecycleTests test_generateEnrichedInsight_hasCorrelationCards]' started.
2026-05-15 06:37:35.960908+0530 Yoga of Eating[16581:134053] [[FirebaseCore]] 12.7.0 - [FirebaseCore][I-COR000003] The default Firebase app has not yet been configured. Add `FirebaseApp.configure()` to your application initialization. This can be done in in the App Delegate's application(_:didFinishLaunchingWithOptions:)` (or the `@main` struct's initializer in SwiftUI). Read more: https://firebase.google.com/docs/ios/setup#initialize_firebase_in_your_app
2026-05-15 06:37:35.960947+0530 Yoga of Eating[16581:133859] [InsightLifecycle] Enriched insight generated for 2026-05-15 01:07:35 +0000
Test Case '-[Yoga_of_EatingTests.InsightLifecycleTests test_generateEnrichedInsight_hasCorrelationCards]' passed (0.002 seconds).
Test Case '-[Yoga_of_EatingTests.InsightLifecycleTests test_generateEnrichedInsight_headlineIsNonEmpty]' started.
2026-05-15 06:37:35.962933+0530 Yoga of Eating[16581:133871] [[FirebaseCore]] 12.7.0 - [FirebaseCore][I-COR000003] The default Firebase app has not yet been configured. Add `FirebaseApp.configure()` to your application initialization. This can be done in in the App Delegate's application(_:didFinishLaunchingWithOptions:)` (or the `@main` struct's initializer in SwiftUI). Read more: https://firebase.google.com/docs/ios/setup#initialize_firebase_in_your_app
2026-05-15 06:37:35.963059+0530 Yoga of Eating[16581:133859] [InsightLifecycle] Enriched insight generated for 2026-05-15 01:07:35 +0000
Test Case '-[Yoga_of_EatingTests.InsightLifecycleTests test_generateEnrichedInsight_headlineIsNonEmpty]' passed (0.001 seconds).
Test Case '-[Yoga_of_EatingTests.InsightLifecycleTests test_generateEnrichedInsight_overwritesPreviousInsight]' started.
2026-05-15 06:37:35.963793+0530 Yoga of Eating[16581:134053] [[FirebaseCore]] 12.7.0 - [FirebaseCore][I-COR000003] The default Firebase app has not yet been configured. Add `FirebaseApp.configure()` to your application initialization. This can be done in in the App Delegate's application(_:didFinishLaunchingWithOptions:)` (or the `@main` struct's initializer in SwiftUI). Read more: https://firebase.google.com/docs/ios/setup#initialize_firebase_in_your_app
2026-05-15 06:37:35.963880+0530 Yoga of Eating[16581:133859] [InsightLifecycle] Enriched insight generated for 2026-05-15 01:07:35 +0000
Test Case '-[Yoga_of_EatingTests.InsightLifecycleTests test_generateEnrichedInsight_overwritesPreviousInsight]' passed (0.001 seconds).
Test Case '-[Yoga_of_EatingTests.InsightLifecycleTests test_generateEnrichedInsight_persistsToSnapshotViaHistoricalService]' started.
2026-05-15 06:37:35.964693+0530 Yoga of Eating[16581:133872] [[FirebaseCore]] 12.7.0 - [FirebaseCore][I-COR000003] The default Firebase app has not yet been configured. Add `FirebaseApp.configure()` to your application initialization. This can be done in in the App Delegate's application(_:didFinishLaunchingWithOptions:)` (or the `@main` struct's initializer in SwiftUI). Read more: https://firebase.google.com/docs/ios/setup#initialize_firebase_in_your_app
2026-05-15 06:37:35.964751+0530 Yoga of Eating[16581:133859] [InsightLifecycle] Enriched insight generated for 2026-05-15 01:07:35 +0000
Test Case '-[Yoga_of_EatingTests.InsightLifecycleTests test_generateEnrichedInsight_persistsToSnapshotViaHistoricalService]' passed (0.001 seconds).
Test Case '-[Yoga_of_EatingTests.InsightLifecycleTests test_generateEnrichedInsight_returnsNil_withInsufficientSnapshots]' started.
2026-05-15 06:37:35.965473+0530 Yoga of Eating[16581:134052] [[FirebaseCore]] 12.7.0 - [FirebaseCore][I-COR000003] The default Firebase app has not yet been configured. Add `FirebaseApp.configure()` to your application initialization. This can be done in in the App Delegate's application(_:didFinishLaunchingWithOptions:)` (or the `@main` struct's initializer in SwiftUI). Read more: https://firebase.google.com/docs/ios/setup#initialize_firebase_in_your_app
Test Case '-[Yoga_of_EatingTests.InsightLifecycleTests test_generateEnrichedInsight_returnsNil_withInsufficientSnapshots]' passed (0.001 seconds).
Test Case '-[Yoga_of_EatingTests.InsightLifecycleTests test_generateEnrichedInsight_returnsNonNil_withValidInput]' started.
2026-05-15 06:37:35.966155+0530 Yoga of Eating[16581:133871] [[FirebaseCore]] 12.7.0 - [FirebaseCore][I-COR000003] The default Firebase app has not yet been configured. Add `FirebaseApp.configure()` to your application initialization. This can be done in in the App Delegate's application(_:didFinishLaunchingWithOptions:)` (or the `@main` struct's initializer in SwiftUI). Read more: https://firebase.google.com/docs/ios/setup#initialize_firebase_in_your_app
2026-05-15 06:37:35.966192+0530 Yoga of Eating[16581:133859] [InsightLifecycle] Enriched insight generated for 2026-05-15 01:07:35 +0000
Test Case '-[Yoga_of_EatingTests.InsightLifecycleTests test_generateEnrichedInsight_returnsNonNil_withValidInput]' passed (0.001 seconds).
Test Case '-[Yoga_of_EatingTests.InsightLifecycleTests test_generateEnrichedInsight_textSignalsFromSynthesis]' started.
2026-05-15 06:37:35.966982+0530 Yoga of Eating[16581:133859] [InsightLifecycle] Enriched insight generated for 2026-05-15 01:07:35 +0000
2026-05-15 06:37:35.966982+0530 Yoga of Eating[16581:133871] [[FirebaseCore]] 12.7.0 - [FirebaseCore][I-COR000003] The default Firebase app has not yet been configured. Add `FirebaseApp.configure()` to your application initialization. This can be done in in the App Delegate's application(_:didFinishLaunchingWithOptions:)` (or the `@main` struct's initializer in SwiftUI). Read more: https://firebase.google.com/docs/ios/setup#initialize_firebase_in_your_app
Test Case '-[Yoga_of_EatingTests.InsightLifecycleTests test_generateEnrichedInsight_textSignalsFromSynthesis]' passed (0.001 seconds).
Test Case '-[Yoga_of_EatingTests.InsightLifecycleTests test_serviceConformsToInsightLifecycling]' started.
Test Case '-[Yoga_of_EatingTests.InsightLifecycleTests test_serviceConformsToInsightLifecycling]' passed (0.000 seconds).
2026-05-15 06:37:35.967642+0530 Yoga of Eating[16581:133871] [[FirebaseCore]] 12.7.0 - [FirebaseCore][I-COR000003] The default Firebase app has not yet been configured. Add `FirebaseApp.configure()` to your application initialization. This can be done in in the App Delegate's application(_:didFinishLaunchingWithOptions:)` (or the `@main` struct's initializer in SwiftUI). Read more: https://firebase.google.com/docs/ios/setup#initialize_firebase_in_your_app
Test Suite 'InsightLifecycleTests' passed at 2026-05-15 06:37:35.968.
	 Executed 12 tests, with 0 failures (0 unexpected) in 0.009 (0.011) seconds
2026-05-15 06:37:35.967873+0530 Yoga of Eating[16581:133871] [[FirebaseCore]] 12.7.0 - [FirebaseCore][I-COR000003] The default Firebase app has not yet been configured. Add `FirebaseApp.configure()` to your application initialization. This can be done in in the App Delegate's application(_:didFinishLaunchingWithOptions:)` (or the `@main` struct's initializer in SwiftUI). Read more: https://firebase.google.com/docs/ios/setup#initialize_firebase_in_your_app
Test Suite 'InsightPeekabooTests' started at 2026-05-15 06:37:35.968.
Test Case '-[Yoga_of_EatingTests.InsightPeekabooTests test_insight_isAvailable_whenDominantInsightNotEmpty]' started.
Test Case '-[Yoga_of_EatingTests.InsightPeekabooTests test_insight_isAvailable_whenDominantInsightNotEmpty]' passed (0.000 seconds).
Test Case '-[Yoga_of_EatingTests.InsightPeekabooTests test_insight_isNotAvailable_whenNil]' started.
Test Case '-[Yoga_of_EatingTests.InsightPeekabooTests test_insight_isNotAvailable_whenNil]' passed (0.000 seconds).
Test Case '-[Yoga_of_EatingTests.InsightPeekabooTests test_insight_strings_exist]' started.
Test Case '-[Yoga_of_EatingTests.InsightPeekabooTests test_insight_strings_exist]' passed (0.000 seconds).
Test Case '-[Yoga_of_EatingTests.InsightPeekabooTests test_insight_unreadIndicator_tracksViewedState]' started.
Test Case '-[Yoga_of_EatingTests.InsightPeekabooTests test_insight_unreadIndicator_tracksViewedState]' passed (0.000 seconds).
Test Case '-[Yoga_of_EatingTests.InsightPeekabooTests test_insightBottomSheet_dismissMarksAsRead]' started.
Test Case '-[Yoga_of_EatingTests.InsightPeekabooTests test_insightBottomSheet_dismissMarksAsRead]' passed (0.000 seconds).
Test Case '-[Yoga_of_EatingTests.InsightPeekabooTests test_insightBottomSheet_displaysUnifiedDailyInsight]' started.
Test Case '-[Yoga_of_EatingTests.InsightPeekabooTests test_insightBottomSheet_displaysUnifiedDailyInsight]' passed (0.000 seconds).
Test Case '-[Yoga_of_EatingTests.InsightPeekabooTests test_viewModel_hasUnreadInsight_defaultsFalse]' started.
2026-05-15 06:37:35.971810+0530 Yoga of Eating[16581:134052] [[FirebaseCore]] 12.7.0 - [FirebaseCore][I-COR000003] The default Firebase app has not yet been configured. Add `FirebaseApp.configTest Case '-[Yoga_of_EatingTests.InsightPeekabooTests test_viewModel_hasUnreadInsight_defaultsFalse]' passed (0.001 seconds).
ure()` to your application initialization. This can be done in in the App Delegate's application(_:didFinishLaunchingWithOptions:)` (or the `@main` struct's initializer in SwiftUI). Read more: https://firebase.google.com/docs/ios/setup#initialize_firebase_in_your_app
Test Case '-[Yoga_of_EatingTests.InsightPeekabooTests test_viewModel_showInsightSheet_defaultsFalse]' started.
2026-05-15 06:37:35.972486+0530 Yoga of Eating[16581:134052] [[FirebaseCore]] 12.7.0 - [FirebaseCore][I-COR000003] The default Firebase app has not yet been configured. Add `FirebaseApp.configure()` to your application initialization. This can be done in in the App Delegate's application(_:didFinishLaunchingWithOptions:)` (or the `@main` struct's initializer in SwiftUI). Read more: https://firebase.google.com/docs/ios/setup#initialize_firebase_in_your_app
Test Case '-[Yoga_of_EatingTests.InsightPeekabooTests test_viewModel_showInsightSheet_defaultsFalse]' passed (0.000 seconds).
2026-05-15 06:37:35.972571+0530 Yoga of Eating[16581:134052] [[FirebaseCore]] 12.7.0 - [FirebaseCore][I-COR000003] The default Firebase app has not yet been configured. Add `FirebaseApp.configure()` to your application initialization. This can be done in in the App Delegate's application(_:didFinishLaunchingWithOptions:)` (or the `@main` struct's initializer in SwiftUI). Read more: https://firebase.google.com/docs/ios/setup#initialize_firebase_in_your_app
Test Case '-[Yoga_of_EatingTests.InsightPeekabooTests test_viewModel_toggleInsightSheet_changesState]' started.
2026-05-15 06:37:35.972974+0530 Yoga of Eating[16581:134052] [[FirebaseCore]] 12.7.0 - [FirebaseCore][I-COR000003] The default Firebase app has not yet been configured. Add `FirebaseApp.configure()` to your application initialization. This can be done in in the App Delegate's applicationTest Case '-[Yoga_of_EatingTests.InsightPeekabooTests test_viewModel_toggleInsightSheet_changesState]' passed (0.000 seconds).
(_:didFinishLaunchingWithOptions:)` (or the `@main` struct's initializer in SwiftUI). Read more: https://firebase.google.com/docs/ios/setup#initialize_firebase_in_your_app
Test Suite 'InsightPeekabooTests' passed at 2026-05-15 06:37:35.974.
	 Executed 9 tests, with 0 failures (0 unexpected) in 0.004 (0.006) seconds
2026-05-15 06:37:35.974057+0530 Yoga of Eating[16581:134052] [[FirebaseCore]] 12.7.0 - [FirebaseCore][I-COR000003] The default Firebase app has not yet been configured. Add `FirebaseApp.configure()` to your application initialization. This can be done in in the App Delegate's application(_:didFinishLaunchingWithOptions:)` (or the `@main` struct's initializer in SwiftUI). Read more: https://firebase.google.com/docs/ios/setup#initialize_firebase_in_your_app
Test Suite 'InsightReferenceTests' started at 2026-05-15 06:37:35.974.
2026-05-15 06:37:35.974201+0530 Yoga of Eating[16581:134052] [[FirebaseCore]] 12.7.0 - [FirebaseCore][I-COR000003] The default Firebase app has not yet been configured. Add `FirebaseApp.configure()` to your application initialization. This can be done in in the App Delegate's application(_:didFinishLaunchingWithOptions:)` (or the `@main` struct's initializer in SwiftUI). Read more: https://firebase.google.com/docs/ios/setup#initialize_firebase_in_your_app
Test Case '-[Yoga_of_EatingTests.InsightReferenceTests test_insightReference_encodesDateAndDescription]' started.
Test Case '-[Yoga_of_EatingTests.InsightReferenceTests test_insightReference_encodesDateAndDescription]' passed (0.002 seconds).
Test Case '-[Yoga_of_EatingTests.InsightReferenceTests test_insightReference_equatable]' started.
Test Case '-[Yoga_of_EatingTests.InsightReferenceTests test_insightReference_equatable]' passed (0.000 seconds).
Test Case '-[Yoga_of_EatingTests.InsightReferenceTests test_insightReference_formatsDateCorrectly]' started.
Test Case '-[Yoga_of_EatingTests.InsightReferenceTests test_insightReference_formatsDateCorrectly]' passed (0.000 seconds).
Test Case '-[Yoga_of_EatingTests.InsightReferenceTests test_insightReference_initialization]' started.
Test Case '-[Yoga_of_EatingTests.InsightReferenceTests test_insightReference_initialization]' passed (0.000 seconds).
Test Case '-[Yoga_of_EatingTests.InsightReferenceTests test_referenceCategory_allCasesExist]' started.
Test Case '-[Yoga_of_EatingTests.InsightReferenceTests test_referenceCategory_allCasesExist]' passed (0.000 seconds).
Test Case '-[Yoga_of_EatingTests.InsightReferenceTests test_referenceCategory_hasDisplayName]' started.
Test Case '-[Yoga_of_EatingTests.InsightReferenceTests test_referenceCategory_hasDisplayName]' passed (0.000 seconds).
Test Suite 'InsightReferenceTests' passed at 2026-05-15 06:37:35.979.
	 Executed 6 tests, with 0 failures (0 unexpected) in 0.004 (0.005) seconds
Test Suite 'InsightServiceTests' started at 2026-05-15 06:37:35.979.
Test Case '-[Yoga_of_EatingTests.InsightServiceTests test_insightLifecycleService_generatesLocalBriefing_independently]' started.
2026-05-15 06:37:35.979584+0530 Yoga of Eating[16581:133871] [[FirebaseCore]] 12.7.0 - [FirebaseCore][I-COR000003] The default Firebase app has not yet been configured. Add `FirebaseApp.configure()` to your application initialization. This can be done in in the App Delegate's application(_:didFinishLaunchingWithOptions:)` (or the `@main` struct's initializer in SwiftUI). Read more: https://firebase.google.com/docs/ios/setup#initialize_firebase_in_your_app
2026-05-15 06:37:35.979666+0530 Yoga of Eating[16581:133859] [InsightLifecycle] Local briefing fallback stored for 2026-05-15 01:07:35 +0000
Test Case '-[Yoga_of_EatingTests.InsightServiceTests test_insightLifecycleService_generatesLocalBriefing_independently]' passed (0.001 seconds).
Test Case '-[Yoga_of_EatingTests.InsightServiceTests test_insightLifecycleService_returnsNil_whenInsufficientData]' started.
2026-05-15 06:37:35.980428+0530 Yoga of Eating[16581:133871] [[FirebaseCore]] 12.7.0 - [FirebaseCore][I-COR000003] The default Firebase app has not yet been configured. Add `FirebaseApp.configure()` to your application initialization. This can be done in in the App Delegate's application(_:didFinishLaunchingWithOptions:)` (or the `@main` struct's initializer in SwiftUI). Read more: https://firebase.google.com/docs/ios/setup#initialize_firebase_in_your_app
Test Case '-[Yoga_of_EatingTests.InsightServiceTests test_insightLifecycleService_returnsNil_whenInsufficientData]' passed (0.000 seconds).
Test Case '-[Yoga_of_EatingTests.InsightServiceTests test_patternAnalysisEngine_generateCorrelationCards_producesValidOutput]' started.
Test Case '-[Yoga_of_EatingTests.InsightServiceTests test_patternAnalysisEngine_generateCorrelationCards_producesValidOutput]' passed (0.000 seconds).
Test Suite 'InsightServiceTests' passed at 2026-05-15 06:37:35.981.
	 Executed 3 tests, with 0 failures (0 unexpected) in 0.002 (0.002) seconds
Test Suite 'InsightStorageMigrationTests' started at 2026-05-15 06:37:35.981.
Test Case '-[Yoga_of_EatingTests.InsightStorageMigrationTests test_decode_bothNewAndEnrichedPresent_newInsightWins]' started.
Test Case '-[Yoga_of_EatingTests.InsightStorageMigrationTests test_decode_bothNewAndEnrichedPresent_newInsightWins]' passed (0.001 seconds).
Test Case '-[Yoga_of_EatingTests.InsightStorageMigrationTests test_decode_enrichedWinsOverBriefingWhenBothPresent]' started.
Test Case '-[Yoga_of_EatingTests.InsightStorageMigrationTests test_decode_enrichedWinsOverBriefingWhenBothPresent]' passed (0.001 seconds).
Test Case '-[Yoga_of_EatingTests.InsightStorageMigrationTests test_decode_legacyBriefingKey_migratesIntoInsight]' started.
Test Case '-[Yoga_of_EatingTests.InsightStorageMigrationTests test_decode_legacyBriefingKey_migratesIntoInsight]' passed (0.002 seconds).
Test Case '-[Yoga_of_EatingTests.InsightStorageMigrationTests test_decode_legacyEnrichedInsightKey_migratesIntoInsight]' started.
Test Case '-[Yoga_of_EatingTests.InsightStorageMigrationTests test_decode_legacyEnrichedInsightKey_migratesIntoInsight]' passed (0.001 seconds).
Test Case '-[Yoga_of_EatingTests.InsightStorageMigrationTests test_decode_newFormat_insightKey_loadsCorrectly]' started.
Test Case '-[Yoga_of_EatingTests.InsightStorageMigrationTests test_decode_newFormat_insightKey_loadsCorrectly]' passed (0.000 seconds).
Test Case '-[Yoga_of_EatingTests.InsightStorageMigrationTests test_decode_noInsightData_insightIsNil]' started.
Test Case '-[Yoga_of_EatingTests.InsightStorageMigrationTests test_decode_noInsightData_insightIsNil]' passed (0.000 seconds).
Test Case '-[Yoga_of_EatingTests.InsightStorageMigrationTests test_roundTrip_encodeDecode_preservesInsight]' started.
Test Case '-[Yoga_of_EatingTests.InsightStorageMigrationTests test_roundTrip_encodeDecode_preservesInsight]' passed (0.000 seconds).
Test Suite 'InsightStorageMigrationTests' passed at 2026-05-15 06:37:35.988.
	 Executed 7 tests, with 0 failures (0 unexpected) in 0.005 (0.007) seconds
Test Suite 'InsightTriggerTests' started at 2026-05-15 06:37:35.988.
Test Case '-[Yoga_of_EatingTests.InsightTriggerTests test_currentInsight_makesInsightAvailable]' started.
2026-05-15 06:37:35.990001+0530 Yoga of Eating[16581:133859] [Reflection] Failed to fetch HealthKit sleep data: Authorization not determined
2026-05-15 06:37:35.990139+0530 Yoga of Eating[16581:133859] [Reflection] Failed to fetch HealthKit sleep data: Authorization not determined
2026-05-15 06:37:35.990800+0530 Yoga of Eating[16581:133859] [Reflection] Failed to fetch HealthKit sleep data: Authorization not determined
2026-05-15 06:37:35.990968+0530 Yoga of Eating[16581:133859] [Reflection] Failed to fetch HealthKit sleep data: Authorization not determined
2026-05-15 06:37:35.991451+0530 Yoga of Eating[16581:133859] [Reflection] Failed to fetch HealthKit sleep data: Authorization not determined
FirebaseAuth/Auth.swift:155: Fatal error: The default FirebaseApp instance must be configured before the default Auth instance can be initialized. One way to ensure this is to call `FirebaseApp.configure()` in the App Delegate's `application(_:didFinishLaunchingWithOptions:)` (or the `@main` struct's initializer in SwiftUI).
2026-05-15 06:37:35.991555+0530 Yoga of Eating[16581:133859] FirebaseAuth/Auth.swift:155: Fatal error: The default FirebaseApp instance must be configured before the default Auth instance can be initialized. One way to ensure this is to call `FirebaseApp.configure()` in the App Delegate's `application(_:didFinishLaunchingWithOptions:)` (or the `@main` struct's initializer in SwiftUI).
2026-05-15 06:37:58.226644+0530 Yoga of Eating[16621:134665] [[FirebaseCore]] 12.7.0 - [FirebaseCore][I-COR000003] The default Firebase app has not yet been configured. Add `FirebaseApp.configure()` to your application initialization. This can be done in in the App Delegate's application(_:didFinishLaunchingWithOptions:)` (or the `@main` struct's initializer in SwiftUI). Read more: https://firebase.google.com/docs/ios/setup#initialize_firebase_in_your_app
2026-05-15 06:37:58.227511+0530 Yoga of Eating[16621:134665] [[FirebaseCore]] 12.7.0 - [FirebaseCore][I-COR000003] The default Firebase app has not yet been configured. Add `FirebaseApp.configure()` to your application initialization. This can be done in in the App Delegate's application(_:didFinishLaunchingWithOptions:)` (or the `@main` struct's initializer in SwiftUI). Read more: https://firebase.google.com/docs/ios/setup#initialize_firebase_in_your_app
2026-05-15 06:37:58.232012+0530 Yoga of Eating[16621:134660] [[FirebaseCore]] 12.7.0 - [FirebaseCore][I-COR000003] The default Firebase app has not yet been configured. Add `FirebaseApp.configure()` to your application initialization. This can be done in in the App Delegate's application(_:didFinishLaunchingWithOptions:)` (or the `@main` struct's initializer in SwiftUI). Read more: https://firebase.google.com/docs/ios/setup#initialize_firebase_in_your_app
2026-05-15 06:37:58.233076+0530 Yoga of Eating[16621:134660] [[FirebaseCore]] 12.7.0 - [FirebaseCore][I-COR000003] The default Firebase app has not yet been configured. Add `FirebaseApp.configure()` to your application initialization. This can be done in in the App Delegate's application(_:didFinishLaunchingWithOptions:)` (or the `@main` struct's initializer in SwiftUI). Read more: https://firebase.google.com/docs/ios/setup#initialize_firebase_in_your_app
2026-05-15 06:37:58.312249+0530 Yoga of Eating[16621:134668] [[FirebaseCore]] 12.7.0 - [FirebaseCore][I-COR000003] The default Firebase app has not yet been configured. Add `FirebaseApp.configure()` to your application initialization. This can be done in in the App Delegate's application(_:didFinishLaunchingWithOptions:)` (or the `@main` struct's initializer in SwiftUI). Read more: https://firebase.google.com/docs/ios/setup#initialize_firebase_in_your_app
2026-05-15 06:37:58.315268+0530 Yoga of Eating[16621:134629] [Auth] No previous session to restore: We couldn't restore your session. Please sign in again.
2026-05-15 06:37:58.315664+0530 Yoga of Eating[16621:134629] [HistoricalSync] Sync attempted without authenticated user
2026-05-15 06:37:58.351183+0530 Yoga of Eating[16621:134665] [ActivityData] Energy query failed: Authorization not determined
2026-05-15 06:37:58.351237+0530 Yoga of Eating[16621:134665] [ActivityData] Energy query failed: Authorization not determined
2026-05-15 06:37:58.367090+0530 Yoga of Eating[16621:134660] Could not get attrs using token.pid for connection com.apple.xpc.anonymous.0x10809e940.peer[15846].0x104f36280, pid -1: 144: Requestor lacks required entitlement

Restarting after unexpected exit, crash, or test timeout; summary will include totals from previous launches.

2026-05-15 06:37:58.442978+0530 Yoga of Eating[16621:134629] [MainViewModel.Lifecycle] Activity data refreshed
Test Suite 'Selected tests' started at 2026-05-15 06:37:58.463.
Test Suite 'Yoga of EatingTests.xctest' started at 2026-05-15 06:37:58.463.
Test Suite 'InsightTriggerTests' started at 2026-05-15 06:37:58.464.
Test Case '-[Yoga_of_EatingTests.InsightTriggerTests test_handleSmileyLongPress_whenInsightAvailable_showsInsightSheet]' started.
2026-05-15 06:37:58.487311+0530 Yoga of Eating[16621:134629] [plugin] AddInstanceForFactory: No factory registered for id <CFUUID 0x10d2e8a60> F8BB1C28-BAE8-11D6-9C31-00039315CD46
Test Case '-[Yoga_of_EatingTests.InsightTriggerTests test_handleSmileyLongPress_whenInsightAvailable_showsInsightSheet]' passed (0.035 seconds).
Test Case '-[Yoga_of_EatingTests.InsightTriggerTests test_handleSmileyLongPress_whenNoInsight_doesNotShowSheet]' started.
Test Case '-[Yoga_of_EatingTests.InsightTriggerTests test_handleSmileyLongPress_whenNoInsight_doesNotShowSheet]' passed (0.000 seconds).
Test Case '-[Yoga_of_EatingTests.InsightTriggerTests test_mainViewModel_defaultsToRealInsightLifecycleService]' started.
2026-05-15 06:37:58.500236+0530 Yoga of Eating[16621:134665] [[FirebaseCore]] 12.7.0 - [FirebaseCore][I-COR000003] The default Firebase app has not yet been configured. Add `FirebaseApp.configure()` to your application initialization. This can be done in in the App Delegate's application(_:didFinishLaunchingWithOptions:)` (or the `@main` struct's initializer in SwiftUI). Read more: https://firebase.google.com/docs/ios/setup#initialize_firebase_in_your_app
Test Case '-[Yoga_of_EatingTests.InsightTriggerTests test_mainViewModel_defaultsToRealInsightLifecycleService]' passed (0.004 seconds).
Test Case '-[Yoga_of_EatingTests.InsightTriggerTests test_mainViewModel_hasInsightLifecycleService]' started.
Test Case '-[Yoga_of_EatingTests.InsightTriggerTests test_mainViewModel_hasInsightLifecycleService]' passed (0.005 seconds).
Test Case '-[Yoga_of_EatingTests.InsightTriggerTests test_newDay_clearsCurrentInsight]' started.
Test Case '-[Yoga_of_EatingTests.InsightTriggerTests test_newDay_clearsCurrentInsight]' passed (0.001 seconds).
Test Case '-[Yoga_of_EatingTests.InsightTriggerTests test_newInsight_hasUnreadIndicator]' started.
2026-05-15 06:37:58.565455+0530 Yoga of Eating[16621:134629] [Reflection] Failed to fetch HealthKit sleep data: Authorization not determined
2026-05-15 06:37:58.565695+0530 Yoga of Eating[16621:134629] [Reflection] Failed to fetch HealthKit sleep data: Authorization not determined
2026-05-15 06:37:58.566684+0530 Yoga of Eating[16621:134629] [Reflection] Failed to fetch HealthKit sleep data: Authorization not determined
2026-05-15 06:37:58.566836+0530 Yoga of Eating[16621:134629] [Reflection] Failed to fetch HealthKit sleep data: Authorization not determined
2026-05-15 06:37:58.567661+0530 Yoga of Eating[16621:134629] [Reflection] Failed to fetch HealthKit sleep data: Authorization not determined
FirebaseAuth/Auth.swift:155: Fatal error: The default FirebaseApp instance must be configured before the default Auth instance can be initialized. One way to ensure this is to call `FirebaseApp.configure()` in the App Delegate's `application(_:didFinishLaunchingWithOptions:)` (or the `@main` struct's initializer in SwiftUI).
2026-05-15 06:37:58.567772+0530 Yoga of Eating[16621:134629] FirebaseAuth/Auth.swift:155: Fatal error: The default FirebaseApp instance must be configured before the default Auth instance can be initialized. One way to ensure this is to call `FirebaseApp.configure()` in the App Delegate's `application(_:didFinishLaunchingWithOptions:)` (or the `@main` struct's initializer in SwiftUI).
2026-05-15 06:38:20.806802+0530 Yoga of Eating[16674:135248] [[FirebaseCore]] 12.7.0 - [FirebaseCore][I-COR000003] The default Firebase app has not yet been configured. Add `FirebaseApp.configure()` to your application initialization. This can be done in in the App Delegate's application(_:didFinishLaunchingWithOptions:)` (or the `@main` struct's initializer in SwiftUI). Read more: https://firebase.google.com/docs/ios/setup#initialize_firebase_in_your_app
2026-05-15 06:38:20.807579+0530 Yoga of Eating[16674:135248] [[FirebaseCore]] 12.7.0 - [FirebaseCore][I-COR000003] The default Firebase app has not yet been configured. Add `FirebaseApp.configure()` to your application initialization. This can be done in in the App Delegate's application(_:didFinishLaunchingWithOptions:)` (or the `@main` struct's initializer in SwiftUI). Read more: https://firebase.google.com/docs/ios/setup#initialize_firebase_in_your_app
2026-05-15 06:38:20.812057+0530 Yoga of Eating[16674:135245] [[FirebaseCore]] 12.7.0 - [FirebaseCore][I-COR000003] The default Firebase app has not yet been configured. Add `FirebaseApp.configure()` to your application initialization. This can be done in in the App Delegate's application(_:didFinishLaunchingWithOptions:)` (or the `@main` struct's initializer in SwiftUI). Read more: https://firebase.google.com/docs/ios/setup#initialize_firebase_in_your_app
2026-05-15 06:38:20.813614+0530 Yoga of Eating[16674:135245] [[FirebaseCore]] 12.7.0 - [FirebaseCore][I-COR000003] The default Firebase app has not yet been configured. Add `FirebaseApp.configure()` to your application initialization. This can be done in in the App Delegate's application(_:didFinishLaunchingWithOptions:)` (or the `@main` struct's initializer in SwiftUI). Read more: https://firebase.google.com/docs/ios/setup#initialize_firebase_in_your_app
2026-05-15 06:38:20.894828+0530 Yoga of Eating[16674:135248] [[FirebaseCore]] 12.7.0 - [FirebaseCore][I-COR000003] The default Firebase app has not yet been configured. Add `FirebaseApp.configure()` to your application initialization. This can be done in in the App Delegate's application(_:didFinishLaunchingWithOptions:)` (or the `@main` struct's initializer in SwiftUI). Read more: https://firebase.google.com/docs/ios/setup#initialize_firebase_in_your_app
2026-05-15 06:38:20.898983+0530 Yoga of Eating[16674:135201] [Auth] No previous session to restore: We couldn't restore your session. Please sign in again.
2026-05-15 06:38:20.932646+0530 Yoga of Eating[16674:135248] [ActivityData] Energy query failed: Authorization not determined
2026-05-15 06:38:20.932737+0530 Yoga of Eating[16674:135245] [ActivityData] Energy query failed: Authorization not determined

Restarting after unexpected exit, crash, or test timeout; summary will include totals from previous launches.

2026-05-15 06:38:21.011805+0530 Yoga of Eating[16674:135201] [MainViewModel.Lifecycle] Activity data refreshed
2026-05-15 06:38:21.027008+0530 Yoga of Eating[16674:135251] Could not get attrs using token.pid for connection com.apple.xpc.anonymous.0x10e681cc0.peer[15846].0x10e455c80, pid -1: 144: Requestor lacks required entitlement
Test Suite 'Selected tests' started at 2026-05-15 06:38:21.046.
Test Suite 'Yoga of EatingTests.xctest' started at 2026-05-15 06:38:21.046.
Test Suite 'InsightTriggerTests' started at 2026-05-15 06:38:21.047.
Test Case '-[Yoga_of_EatingTests.InsightTriggerTests test_saveSleepQuality_assignsGeneratedInsight_toCurrentInsight]' started.
2026-05-15 06:38:21.073336+0530 Yoga of Eating[16674:135201] [Reflection] Failed to fetch HealthKit sleep data: Authorization not determined
2026-05-15 06:38:21.073514+0530 Yoga of Eating[16674:135201] [Reflection] Failed to fetch HealthKit sleep data: Authorization not determined
2026-05-15 06:38:21.074127+0530 Yoga of Eating[16674:135201] [Reflection] Failed to fetch HealthKit sleep data: Authorization not determined
2026-05-15 06:38:21.074262+0530 Yoga of Eating[16674:135201] [Reflection] Failed to fetch HealthKit sleep data: Authorization not determined
2026-05-15 06:38:21.074768+0530 Yoga of Eating[16674:135201] [Reflection] Failed to fetch HealthKit sleep data: Authorization not determined
FirebaseAuth/Auth.swift:155: Fatal error: The default FirebaseApp instance must be configured before the default Auth instance can be initialized. One way to ensure this is to call `FirebaseApp.configure()` in the App Delegate's `application(_:didFinishLaunchingWithOptions:)` (or the `@main` struct's initializer in SwiftUI).
2026-05-15 06:38:21.074961+0530 Yoga of Eating[16674:135201] FirebaseAuth/Auth.swift:155: Fatal error: The default FirebaseApp instance must be configured before the default Auth instance can be initialized. One way to ensure this is to call `FirebaseApp.configure()` in the App Delegate's `application(_:didFinishLaunchingWithOptions:)` (or the `@main` struct's initializer in SwiftUI).
2026-05-15 06:38:43.294944+0530 Yoga of Eating[16706:135669] [[FirebaseCore]] 12.7.0 - [FirebaseCore][I-COR000003] The default Firebase app has not yet been configured. Add `FirebaseApp.configure()` to your application initialization. This can be done in in the App Delegate's application(_:didFinishLaunchingWithOptions:)` (or the `@main` struct's initializer in SwiftUI). Read more: https://firebase.google.com/docs/ios/setup#initialize_firebase_in_your_app
2026-05-15 06:38:43.295649+0530 Yoga of Eating[16706:135669] [[FirebaseCore]] 12.7.0 - [FirebaseCore][I-COR000003] The default Firebase app has not yet been configured. Add `FirebaseApp.configure()` to your application initialization. This can be done in in the App Delegate's application(_:didFinishLaunchingWithOptions:)` (or the `@main` struct's initializer in SwiftUI). Read more: https://firebase.google.com/docs/ios/setup#initialize_firebase_in_your_app
2026-05-15 06:38:43.299606+0530 Yoga of Eating[16706:135673] [[FirebaseCore]] 12.7.0 - [FirebaseCore][I-COR000003] The default Firebase app has not yet been configured. Add `FirebaseApp.configure()` to your application initialization. This can be done in in the App Delegate's application(_:didFinishLaunchingWithOptions:)` (or the `@main` struct's initializer in SwiftUI). Read more: https://firebase.google.com/docs/ios/setup#initialize_firebase_in_your_app
2026-05-15 06:38:43.300157+0530 Yoga of Eating[16706:135673] [[FirebaseCore]] 12.7.0 - [FirebaseCore][I-COR000003] The default Firebase app has not yet been configured. Add `FirebaseApp.configure()` to your application initialization. This can be done in in the App Delegate's application(_:didFinishLaunchingWithOptions:)` (or the `@main` struct's initializer in SwiftUI). Read more: https://firebase.google.com/docs/ios/setup#initialize_firebase_in_your_app
2026-05-15 06:38:43.370975+0530 Yoga of Eating[16706:135668] [[FirebaseCore]] 12.7.0 - [FirebaseCore][I-COR000003] The default Firebase app has not yet been configured. Add `FirebaseApp.configure()` to your application initialization. This can be done in in the App Delegate's application(_:didFinishLaunchingWithOptions:)` (or the `@main` struct's initializer in SwiftUI). Read more: https://firebase.google.com/docs/ios/setup#initialize_firebase_in_your_app
2026-05-15 06:38:43.373904+0530 Yoga of Eating[16706:135633] [Auth] No previous session to restore: We couldn't restore your session. Please sign in again.
2026-05-15 06:38:43.407936+0530 Yoga of Eating[16706:135667] [ActivityData] Energy query failed: Authorization not determined
2026-05-15 06:38:43.408000+0530 Yoga of Eating[16706:135667] [ActivityData] Energy query failed: Authorization not determined

Restarting after unexpected exit, crash, or test timeout; summary will include totals from previous launches.

2026-05-15 06:38:43.483475+0530 Yoga of Eating[16706:135633] [MainViewModel.Lifecycle] Activity data refreshed
2026-05-15 06:38:43.498065+0530 Yoga of Eating[16706:135667] Could not get attrs using token.pid for connection com.apple.xpc.anonymous.0x10fe76300.peer[15846].0x10fc3dc80, pid -1: 144: Requestor lacks required entitlement
Test Suite 'Selected tests' started at 2026-05-15 06:38:43.518.
Test Suite 'Yoga of EatingTests.xctest' started at 2026-05-15 06:38:43.518.
Test Suite 'InsightTriggerTests' started at 2026-05-15 06:38:43.518.
Test Case '-[Yoga_of_EatingTests.InsightTriggerTests test_saveSleepQuality_doesNotRegenerateInsight_ifAlreadyExists]' started.
2026-05-15 06:38:43.545620+0530 Yoga of Eating[16706:135633] [Reflection] Failed to fetch HealthKit sleep data: Authorization not determined
2026-05-15 06:38:43.546320+0530 Yoga of Eating[16706:135633] [Reflection] Failed to fetch HealthKit sleep data: Authorization not determined
2026-05-15 06:38:43.546861+0530 Yoga of Eating[16706:135633] [Reflection] Failed to fetch HealthKit sleep data: Authorization not determined
Test Case '-[Yoga_of_EatingTests.InsightTriggerTests test_saveSleepQuality_doesNotRegenerateInsight_ifAlreadyExists]' passed (0.123 seconds).
Test Case '-[Yoga_of_EatingTests.InsightTriggerTests test_saveSleepQuality_triggersInsightGeneration]' started.
2026-05-15 06:38:43.643037+0530 Yoga of Eating[16706:135633] [Reflection] Failed to fetch HealthKit sleep data: Authorization not determined
2026-05-15 06:38:43.643168+0530 Yoga of Eating[16706:135633] [Reflection] Failed to fetch HealthKit sleep data: Authorization not determined
2026-05-15 06:38:43.643999+0530 Yoga of Eating[16706:135633] [Reflection] Failed to fetch HealthKit sleep data: Authorization not determined
2026-05-15 06:38:43.644140+0530 Yoga of Eating[16706:135633] [Reflection] Failed to fetch HealthKit sleep data: Authorization not determined
2026-05-15 06:38:43.644651+0530 Yoga of Eating[16706:135633] [Reflection] Failed to fetch HealthKit sleep data: Authorization not determined
FirebaseAuth/Auth.swift:155: Fatal error: The default FirebaseApp instance must be configured before the default Auth instance can be initialized. One way to ensure this is to call `FirebaseApp.configure()` in the App Delegate's `application(_:didFinishLaunchingWithOptions:)` (or the `@main` struct's initializer in SwiftUI).
2026-05-15 06:38:43.644756+0530 Yoga of Eating[16706:135633] FirebaseAuth/Auth.swift:155: Fatal error: The default FirebaseApp instance must be configured before the default Auth instance can be initialized. One way to ensure this is to call `FirebaseApp.configure()` in the App Delegate's `application(_:didFinishLaunchingWithOptions:)` (or the `@main` struct's initializer in SwiftUI).
2026-05-15 06:39:05.888955+0530 Yoga of Eating[16765:136131] [[FirebaseCore]] 12.7.0 - [FirebaseCore][I-COR000003] The default Firebase app has not yet been configured. Add `FirebaseApp.configure()` to your application initialization. This can be done in in the App Delegate's application(_:didFinishLaunchingWithOptions:)` (or the `@main` struct's initializer in SwiftUI). Read more: https://firebase.google.com/docs/ios/setup#initialize_firebase_in_your_app
2026-05-15 06:39:05.889748+0530 Yoga of Eating[16765:136131] [[FirebaseCore]] 12.7.0 - [FirebaseCore][I-COR000003] The default Firebase app has not yet been configured. Add `FirebaseApp.configure()` to your application initialization. This can be done in in the App Delegate's application(_:didFinishLaunchingWithOptions:)` (or the `@main` struct's initializer in SwiftUI). Read more: https://firebase.google.com/docs/ios/setup#initialize_firebase_in_your_app
2026-05-15 06:39:05.894845+0530 Yoga of Eating[16765:136131] [[FirebaseCore]] 12.7.0 - [FirebaseCore][I-COR000003] The default Firebase app has not yet been configured. Add `FirebaseApp.configure()` to your application initialization. This can be done in in the App Delegate's application(_:didFinishLaunchingWithOptions:)` (or the `@main` struct's initializer in SwiftUI). Read more: https://firebase.google.com/docs/ios/setup#initialize_firebase_in_your_app
2026-05-15 06:39:05.895506+0530 Yoga of Eating[16765:136129] [[FirebaseCore]] 12.7.0 - [FirebaseCore][I-COR000003] The default Firebase app has not yet been configured. Add `FirebaseApp.configure()` to your application initialization. This can be done in in the App Delegate's application(_:didFinishLaunchingWithOptions:)` (or the `@main` struct's initializer in SwiftUI). Read more: https://firebase.google.com/docs/ios/setup#initialize_firebase_in_your_app
2026-05-15 06:39:05.970793+0530 Yoga of Eating[16765:136127] [[FirebaseCore]] 12.7.0 - [FirebaseCore][I-COR000003] The default Firebase app has not yet been configured. Add `FirebaseApp.configure()` to your application initialization. This can be done in in the App Delegate's application(_:didFinishLaunchingWithOptions:)` (or the `@main` struct's initializer in SwiftUI). Read more: https://firebase.google.com/docs/ios/setup#initialize_firebase_in_your_app
2026-05-15 06:39:05.973757+0530 Yoga of Eating[16765:136084] [Auth] No previous session to restore: We couldn't restore your session. Please sign in again.
2026-05-15 06:39:06.009010+0530 Yoga of Eating[16765:136126] [ActivityData] Energy query failed: Authorization not determined
2026-05-15 06:39:06.009088+0530 Yoga of Eating[16765:136126] [ActivityData] Energy query failed: Authorization not determined

Restarting after unexpected exit, crash, or test timeout; summary will include totals from previous launches.

2026-05-15 06:39:06.085598+0530 Yoga of Eating[16765:136084] [MainViewModel.Lifecycle] Activity data refreshed
2026-05-15 06:39:06.100860+0530 Yoga of Eating[16765:136128] Could not get attrs using token.pid for connection com.apple.xpc.anonymous.0x110671cc0.peer[15846].0x110445c80, pid -1: 144: Requestor lacks required entitlement
Test Suite 'Selected tests' started at 2026-05-15 06:39:06.120.
Test Suite 'Yoga of EatingTests.xctest' started at 2026-05-15 06:39:06.120.
Test Suite 'InsightTriggerTests' started at 2026-05-15 06:39:06.120.
Test Case '-[Yoga_of_EatingTests.InsightTriggerTests test_smileyTap_stillCreatesNewMeal]' started.
Test Case '-[Yoga_of_EatingTests.InsightTriggerTests test_smileyTap_stillCreatesNewMeal]' passed (0.007 seconds).
Test Suite 'InsightTriggerTests' passed at 2026-05-15 06:39:06.129.
	 Executed 1 test, with 0 failures (0 unexpected) in 0.007 (0.008) seconds
Test Suite 'JournalBlockViewTests' started at 2026-05-15 06:39:06.129.
Test Case '-[Yoga_of_EatingTests.JournalBlockViewTests test_aiAnalysisUpdate_doesNotResetMealItems]' started.
2026-05-15 06:39:06.129173+0530 Yoga of Eating[16765:136139] [[FirebaseCore]] 12.7.0 - [FirebaseCore][I-COR000003] The default Firebase app has not yet been configured. Add `FirebaseApp.configure()` to your application initialization. This can be done in in the App Delegate's application(_:didFinishLaunchingWithOptions:)` (or the `@main` struct's initializer in SwiftUI). Read more: https://firebase.google.com/docs/ios/setup#initialize_firebase_in_your_app
Test Case '-[Yoga_of_EatingTests.JournalBlockViewTests test_aiAnalysisUpdate_doesNotResetMealItems]' passed (0.002 seconds).
Test Case '-[Yoga_of_EatingTests.JournalBlockViewTests test_checkmarkButton_visibleWhenFocusedWithContent]' started.
2026-05-15 06:39:06.131175+0530 Yoga of Eating[16765:136131] [[FirebaseCore]] 12.7.0 - [FirebaseCore][I-COR000003] The default Firebase app has not yet been configured. Add `FirebaseApp.configure()` to your application initialization. This can be done in in the App Delegate's application(_:didFinishLaunchingWithOptions:)` (or the `@main` struct's initializer in SwiftUI). Read more: https://firebase.google.com/docs/ios/setup#initialize_firebase_in_your_app
Test Case '-[Yoga_of_EatingTests.JournalBlockViewTests test_checkmarkButton_visibleWhenFocusedWithContent]' passed (0.000 seconds).
Test Case '-[Yoga_of_EatingTests.JournalBlockViewTests test_mealItems_notResetAfterSmileyStateChange]' started.
2026-05-15 06:39:06.131765+0530 Yoga of Eating[16765:136127] [[FirebaseCore]] 12.7.0 - [FirebaseCore][I-COR000003] The default Firebase app has not yet been configured. Add `FirebaseApp.configure()` to your application initialization. This can be done in in the App Delegate's application(_:didFinishLaunchingWithOptions:)` (or the `@main` struct's initializer in SwiftUI). Read more: https://firebase.google.com/docs/ios/setup#initialize_firebase_in_your_app
Test Case '-[Yoga_of_EatingTests.JournalBlockViewTests test_mealItems_notResetAfterSmileyStateChange]' passed (0.000 seconds).
Test Case '-[Yoga_of_EatingTests.JournalBlockViewTests test_mealItemsSynced_betweenMemoryAndPersistence]' started.
2026-05-15 06:39:06.132341+0530 Yoga of Eating[16765:136131] [[FirebaseCore]] 12.7.0 - [FirebaseCore][I-COR000003] The default Firebase app has not yet been configured. Add `FirebaseApp.configure()` to your application initialization. This can be done in in the App Delegate's application(_:didFinishLaunchingWithOptions:)` (or the `@main` struct's initializer in SwiftUI). Read more: https://firebase.google.com/docs/ios/setup#initialize_firebase_in_your_app
Test Case '-[Yoga_of_EatingTests.JournalBlockViewTests test_mealItemsSynced_betweenMemoryAndPersistence]' passed (0.000 seconds).
Test Case '-[Yoga_of_EatingTests.JournalBlockViewTests test_multipleAIAnalyses_preserveMealItems]' started.
Test Case '-[Yoga_of_EatingTests.JournalBlockViewTests test_multipleAIAnalyses_preserveMealItems]' passed (0.001 seconds).
Test Case '-[Yoga_of_EatingTests.JournalBlockViewTests test_rapidMealUpdates_preserveLatestItems]' started.
Test Case '-[Yoga_of_EatingTests.JournalBlockViewTests test_rapidMealUpdates_preserveLatestItems]' passed (0.001 seconds).
Test Case '-[Yoga_of_EatingTests.JournalBlockViewTests test_updateMeal_preservesItems_whenSmileyStateChanges]' started.
Test Case '-[Yoga_of_EatingTests.JournalBlockViewTests test_updateMeal_preservesItems_whenSmileyStateChanges]' passed (0.000 seconds).
Test Suite 'JournalBlockViewTests' passed at 2026-05-15 06:39:06.135.
	 Executed 7 tests, with 0 failures (0 unexpected) in 0.005 (0.006) seconds
Test Suite 'MainViewModelAIAnalysisTests' started at 2026-05-15 06:39:06.135.
Test Case '-[Yoga_of_EatingTests.MainViewModelAIAnalysisTests test_contentMeaningfullyChanged_detectsRealChanges]' started.
2026-05-15 06:39:06.134830+0530 Yoga of Eating[16765:136127] [[FirebaseCore]] 12.7.0 - [FirebaseCore][I-COR000003] The default Firebase app has not yet been configured. Add `FirebaseApp.configure()` to your application initialization. This can be done in in the App Delegate's application(_:didFinishLaunchingWithOptions:)` (or the `@main` struct's initializer in SwiftUI). Read more: https://firebase.google.com/docs/ios/setup#initialize_firebase_in_your_app
2026-05-15 06:39:06.135334+0530 Yoga of Eating[16765:136127] [[FirebaseCore]] 12.7.0 - [FirebaseCore][I-COR000003] The default Firebase app has not yet been configured. Add `FirebaseApp.configure()` to your application initialization. This can be done in in the App Delegate's application(_:didFinishLaunchingWithOptions:)` (or the `@main` struct's initializer in SwiftUI). Read more: https://firebase.google.com/docs/ios/setup#initialize_firebase_in_your_app
2026-05-15 06:39:06.135498+0530 Yoga of Eating[16765:136127] [[FirebaseCore]] 12.7.0 - [FirebaseCore][I-COR000003] The default Firebase app has not yet been configured. Add `FirebaseApp.configure()` to your application initialization. This can be done in in the App Delegate's application(_:didFinishLaunchingWithOptions:)` (or the `@main` struct's initializer in SwiftUI). Read more: https://firebase.google.com/docs/ios/setup#initialize_firebase_in_your_app
2026-05-15 06:39:06.135556+0530 Yoga of Eating[16765:136127] [[FirebaseCore]] 12.7.0 - [FirebaseCore][I-COR000003] The default Firebase app has not yet been configured. Add `FirebaseApp.configure()` to your application initialization. This can be done in in the App Delegate's application(_:didFinishLaunchingWithOptions:)` (or the `@main` struct's initializer in SwiftUI). Read more: https://firebase.google.com/docs/ios/setup#initialize_firebase_in_your_app
Test Case '-[Yoga_of_EatingTests.MainViewModelAIAnalysisTests test_contentMeaningfullyChanged_detectsRealChanges]' passed (0.003 seconds).
Test Case '-[Yoga_of_EatingTests.MainViewModelAIAnalysisTests test_defaultMainViewModel_aiAnalysisGuardPasses]' started.
2026-05-15 06:39:06.138972+0530 Yoga of Eating[16765:136127] [[FirebaseCore]] 12.7.0 - [FirebaseCore][I-COR000003] The default Firebase app has not yet been configured. Add `FirebaseApp.configure()` to your application initialization. This can be done in in the App Delegate's application(_:didFinishLaunchingWithOptions:)` (or the `@main` struct's initializer in SwiftUI). Read more: https://firebase.google.com/docs/ios/setup#initialize_firebase_in_your_app
2026-05-15 06:39:06.142030+0530 Yoga of Eating[16765:136084] [AIAnalysisCoordinator] AI analysis failed (meal redacted for privacy)
2026-05-15 06:39:06.142178+0530 Yoga of Eating[16765:136084] [AIAnalysisCoordinator] AI analysis failed (meal redacted for privacy)
2026-05-15 06:39:06.142251+0530 Yoga of Eating[16765:136084] [AIAnalysisCoordinator] AI analysis failed (meal redacted for privacy)
2026-05-15 06:39:06.153867+0530 Yoga of Eating[16765:136084] [HistoricalSync] Restore attempted without authenticated user
2026-05-15 06:39:06.154303+0530 Yoga of Eating[16765:136131] [[FirebaseCore]] 12.7.0 - [FirebaseCore][I-COR000003] The default Firebase app has not yet been configured. Add `FirebaseApp.configure()` to your application initialization. This can be done in in the App Delegate's application(_:didFinishLaunchingWithOptions:)` (or the `@main` struct's initializer in SwiftUI). Read more: https://firebase.google.com/docs/ios/setup#initialize_firebase_in_your_app
Test Case '-[Yoga_of_EatingTests.MainViewModelAIAnalysisTests test_defaultMainViewModel_aiAnalysisGuardPasses]' passed (0.017 seconds).
Test Case '-[Yoga_of_EatingTests.MainViewModelAIAnalysisTests test_defaultMainViewModel_usesAIAnalysisProvider]' started.
2026-05-15 06:39:06.156428+0530 Yoga of Eating[16765:136129] [[FirebaseCore]] 12.7.0 - [FirebaseCore][I-COR000003] The default Firebase app has not yet been configured. Add `FirebaseApp.configure()` to your application initialization. This can be done in in the App Delegate's application(_:didFinishLaunchingWithOptions:)` (or the `@main` struct's initializer in SwiftUI). Read more: https://firebase.google.com/docs/ios/setup#initialize_firebase_in_your_app
2026-05-15 06:39:06.157104+0530 Yoga of Eating[16765:136129] [[FirebaseCore]] 12.7.0 - [FirebaseCore][I-COR000003] The default Firebase app has not yet been configured. Add `FirebaseApp.configure()` to your application initialization. This can be done in in the App Delegate's application(_:didFinishLaunchingWithOptions:)` (or the `@main` struct's initializer in SwiftUI). Read more: https://firebase.google.com/docs/ios/setup#initialize_firebase_in_your_app
2026-05-15 06:39:06.158158+0530 Yoga of Eating[16765:136129] [[FirebaseCore]] 12.7.0 - [FirebaseCore][I-COR000003] The default Firebase app has not yet been configured. Add `FirebaseApp.configure()` to your application initialization. This can be done in in the App Delegate's application(_:didFinishLaunchingWithOptions:)` (or the `@main` struct's initializer in SwiftUI). Read more: https://firebase.google.com/docs/ios/setup#initialize_firebase_in_your_app
Test Case '-[Yoga_of_EatingTests.MainViewModelAIAnalysisTests test_defaultMainViewModel_usesAIAnalysisProvider]' passed (0.003 seconds).
Test Case '-[Yoga_of_EatingTests.MainViewModelAIAnalysisTests test_isAIAnalyzed_persistsAfterSave]' started.
2026-05-15 06:39:06.159242+0530 Yoga of Eating[16765:136131] [[FirebaseCore]] 12.7.0 - [FirebaseCore][I-COR000003] The default Firebase app has not yet been configured. Add `FirebaseApp.configure()` to your application initialization. This can be done in in the App Delegate's application(_:didFinishLaunchingWithOptions:)` (or the `@main` struct's initializer in SwiftUI). Read more: https://firebase.google.com/docs/ios/setup#initialize_firebase_in_your_app
2026-05-15 06:39:06.164243+0530 Yoga of Eating[16765:136131] [ActivityData] Energy query failed: Authorization not determined
2026-05-15 06:39:06.164329+0530 Yoga of Eating[16765:136131] [ActivityData] Energy query failed: Authorization not determined
2026-05-15 06:39:06.169222+0530 Yoga of Eating[16765:136084] [HistoricalSync] Restore attempted without authenticated user
Test Case '-[Yoga_of_EatingTests.MainViewModelAIAnalysisTests test_isAIAnalyzed_persistsAfterSave]' passed (0.011 seconds).
Test Case '-[Yoga_of_EatingTests.MainViewModelAIAnalysisTests test_newMeal_isAIAnalyzed_defaultsFalse]' started.
2026-05-15 06:39:06.170462+0530 Yoga of Eating[16765:136127] [[FirebaseCore]] 12.7.0 - [FirebaseCore][I-COR000003] The default Firebase app has not yet been configured. Add `FirebaseApp.configure()` to your application initialization. This can be done in in the App Delegate's application(_:didFinishLaunchingWithOptions:)` (or the `@main` struct's initializer in SwiftUI). Read more: https://firebase.google.com/docs/ios/setup#initialize_firebase_in_your_app
Test Case '-[Yoga_of_EatingTests.MainViewModelAIAnalysisTests test_newMeal_isAIAnalyzed_defaultsFalse]' passed (0.001 seconds).
Test Case '-[Yoga_of_EatingTests.MainViewModelAIAnalysisTests test_normalizeContent_removesWhitespace]' started.
2026-05-15 06:39:06.171120+0530 Yoga of Eating[16765:136128] [[FirebaseCore]] 12.7.0 - [FirebaseCore][I-COR000003] The default Firebase app has not yet been configured. Add `FirebaseApp.configure()` to your application initialization. This can be done in in the App Delegate's application(_:didFinishLaunchingWithOptions:)` (or the `@main` struct's initializer in SwiftUI). Read more: https://firebase.google.com/docs/ios/setup#initialize_firebase_in_your_app
Test Case '-[Yoga_of_EatingTests.MainViewModelAIAnalysisTests test_normalizeContent_removesWhitespace]' passed (0.000 seconds).
Test Case '-[Yoga_of_EatingTests.MainViewModelAIAnalysisTests test_performDeepAnalysis_allowsSequentialRequestsAfterCompletion]' started.
2026-05-15 06:39:06.171849+0530 Yoga of Eating[16765:136139] [[FirebaseCore]] 12.7.0 - [FirebaseCore][I-COR000003] The default Firebase app has not yet been configured. Add `FirebaseApp.configure()` to your application initialization. This can be done in in the App Delegate's application(_:didFinishLaunchingWithOptions:)` (or the `@main` struct's initializer in SwiftUI). Read more: https://firebase.google.com/docs/ios/setup#initialize_firebase_in_your_app
2026-05-15 06:39:06.203763+0530 Yoga of Eating[16765:136084] [HistoricalSync] Restore attempted without authenticated user
Test Case '-[Yoga_of_EatingTests.MainViewModelAIAnalysisTests test_performDeepAnalysis_allowsSequentialRequestsAfterCompletion]' passed (0.033 seconds).
2026-05-15 06:39:06.204523+0530 Yoga of Eating[16765:136131] [ActivityData] Energy query failed: Authorization not determined
Test Case '-[Yoga_of_EatingTests.MainViewModelAIAnalysisTests test_performDeepAnalysis_analyzesUnanalyzedMeal]' started.
2026-05-15 06:39:06.204641+0530 Yoga of Eating[16765:136127] [ActivityData] Energy query failed: Authorization not determined
2026-05-15 06:39:06.204914+0530 Yoga of Eating[16765:136139] [[FirebaseCore]] 12.7.0 - [FirebaseCore][I-COR000003] The default Firebase app has not yet been configured. Add `FirebaseApp.configure()` to your application initialization. This can be done in in the App Delegate's application(_:didFinishLaunchingWithOptions:)` (or the `@main` struct's initializer in SwiftUI). Read more: https://firebase.google.com/docs/ios/setup#initialize_firebase_in_your_app
2026-05-15 06:39:06.205014+0530 Yoga of Eating[16765:136084] [MainViewModel.Lifecycle] Activity data refreshed
2026-05-15 06:39:06.205202+0530 Yoga of Eating[16765:136084] [HistoricalSync] Restore attempted without authenticated user
Test Case '-[Yoga_of_EatingTests.MainViewModelAIAnalysisTests test_performDeepAnalysis_analyzesUnanalyzedMeal]' passed (0.001 seconds).
Test Case '-[Yoga_of_EatingTests.MainViewModelAIAnalysisTests test_performDeepAnalysis_doesNotSetIsAIAnalyzed_onError]' started.
2026-05-15 06:39:06.206174+0530 Yoga of Eating[16765:136084] [MainViewModel.Lifecycle] Activity data refreshed
2026-05-15 06:39:06.206336+0530 Yoga of Eating[16765:136084] [HistoricalSync] Restore attempted without authenticated user
2026-05-15 06:39:06.206457+0530 Yoga of Eating[16765:136084] [AIAnalysis] AI analysis failed (meal redacted for privacy)
2026-05-15 06:39:06.206380+0530 Yoga of Eating[16765:136128] [[FirebaseCore]] 12.7.0 - [FirebaseCore][I-COR000003] The default Firebase app has not yet been configured. Add `FirebaseApp.configure()` to your application initialization. This canTest Case '-[Yoga_of_EatingTests.MainViewModelAIAnalysisTests test_performDeepAnalysis_doesNotSetIsAIAnalyzed_onError]' passed (0.001 seconds).
2026-05-15 06:39:06.207334+0530 Yoga of Eating[16765:136131] [ActivityData] Energy query failed: Authorization not determined
2026-05-15 06:39:06.207735+0530 Yoga of Eating[16765:136131] [ActivityData] Energy query failed: Authorization not determined
 be done in in the App Delegate's application(_:didFinishLaunchingWithOptions:)` (or the `@main` struct's initializer in SwiftUI). Read more: https://firebase.google.com/docs/ios/setup#initialize_firebase_in_your_app
Test Case '-[Yoga_of_EatingTests.MainViewModelAIAnalysisTests test_performDeepAnalysis_fallsBack_onAIError]' started.
2026-05-15 06:39:06.208364+0530 Yoga of Eating[16765:136127] [ActivityData] Energy query failed: Authorization not determined
2026-05-15 06:39:06.208454+0530 Yoga of Eating[16765:136126] [ActivityData] Energy query failed: Authorization not determined
2026-05-15 06:39:06.208578+0530 Yoga of Eating[16765:136084] [HistoricalSync] Restore attempted without authenticated user
2026-05-15 06:39:06.208738+0530 Yoga of Eating[16765:136084] [AIAnalysis] AI analysis failed (meal redacted for privacy)
Test Case '-[Yoga_of_EatingTests.MainViewModelAIAnalysisTests test_performDeepAnalysis_fallsBack_onAIError]' passed (0.001 seconds).
2026-05-15 06:39:06.208979+0530 Yoga of Eating[16765:136128] [[FirebaseCore]] 12.7.0 - [FirebaseCore][I-COR000003] The default Firebase app has not yet been configured. Add `FirebaseApp.configure()` to your application initialization. This can be done in in the App Delegate's application(_:didFinishLaunchingWithOptions:)` (or the `@main` struct's initializer in SwiftUI). Read more: https://firebase.google.com/docs/ios/setup#initialize_firebase_in_your_app
Test Case '-[Yoga_of_EatingTests.MainViewModelAIAnalysisTests test_performDeepAnalysis_preventsConcurrentDuplicateRequests]' started.
2026-05-15 06:39:06.209543+0530 Yoga of Eating[16765:136084] [MainViewModel.Lifecycle] Activity data refreshed
2026-05-15 06:39:06.209969+0530 Yoga of Eating[16765:136128] [ActivityData] Energy query failed: Authorization not determined
2026-05-15 06:39:06.210407+0530 Yoga of Eating[16765:136128] [ActivityData] Energy query failed: Authorization not determined
2026-05-15 06:39:06.209570+0530 Yoga of Eating[16765:136131] [[FirebaseCore]] 12.7.0 - [FirebaseCore][I-COR000003] The default Firebase app has not yet been configured. Add `FirebaseApp.configure()` to your application initialization. This can be done in in the App Delegate's application(_:didFinishLaunchingWithOptions:)` (or the `@main` struct's initializer in SwiftUI). Read more: https://firebase.google.com/docs/ios/setup#initialize_firebase_in_your_app
2026-05-15 06:39:06.210599+0530 Yoga of Eating[16765:136084] [HistoricalSync] Restore attempted without authenticated user
2026-05-15 06:39:06.210863+0530 Yoga of Eating[16765:136084] [MainViewModel.Lifecycle] Activity data refreshed
2026-05-15 06:39:06.210837+0530 Yoga of Eating[16765:136129] [[FirebaseCore]] 12.7.0 - [FirebaseCore][I-COR000003] The default Firebase app has not yet been configured. Add `FirebaseApp.configure()` to your application initialization. This can be done in in the App Delegate's application(_:didFinishLaunchingWithOptions:)` (or the `@main` struct's initializer in SwiftUI). Read more: https://firebase.google.com/docs/ios/setup#initialize_firebase_in_your_app
2026-05-15 06:39:06.211037+0530 Yoga of Eating[16765:136127] [ActivityData] Energy query failed: Authorization not determined
2026-05-15 06:39:06.211050+0530 Yoga of Eating[16765:136084] [HistoricalSync] Restore attempted without authenticated user
2026-05-15 06:39:06.211311+0530 Yoga of Eating[16765:136139] [ActivityData] Energy query failed: Authorization not determined
2026-05-15 06:39:06.212293+0530 Yoga of Eating[16765:136084] [MainViewModel.Lifecycle] Activity data refreshed
2026-05-15 06:39:06.212393+0530 Yoga of Eating[16765:136128] [ActivityData] Energy query failed: Authorization not determined
2026-05-15 06:39:06.212751+0530 Yoga of Eating[16765:136126] [ActivityData] Energy query failed: Authorization not determined
2026-05-15 06:39:06.213548+0530 Yoga of Eating[16765:136084] [MainViewModel.Lifecycle] Activity data refreshed
2026-05-15 06:39:06.213625+0530 Yoga of Eating[16765:136084] [MainViewModel.Lifecycle] Activity data refreshed
2026-05-15 06:39:06.214102+0530 Yoga of Eating[16765:136133] [ActivityData] Energy query failed: Authorization not determined
2026-05-15 06:39:06.214250+0530 Yoga of Eating[16765:136129] [ActivityData] Energy query failed: Authorization not determined
2026-05-15 06:39:06.214306+0530 Yoga of Eating[16765:136084] [MainViewModel.Lifecycle] Activity data refreshed
Test Case '-[Yoga_of_EatingTests.MainViewModelAIAnalysisTests test_performDeepAnalysis_preventsConcurrentDuplicateRequests]' passed (0.107 seconds).
Test Case '-[Yoga_of_EatingTests.MainViewModelAIAnalysisTests test_performDeepAnalysis_proceeds_whenContentMeaningfullyChanged]' started.
2026-05-15 06:39:06.317022+0530 Yoga of Eating[16765:136084] [HistoricalSync] Restore attempted without authenticated user
2026-05-15 06:39:06.317058+0530 Yoga of Eating[16765:136128] [[FirebaseCore]] 12.7.0 - [FirebaseCore][I-COR000003] The default Firebase app has not yet been configured. Add `FirebaseApp.configure()` to your application initialization. This can be done in in the App Delegate's application(_:didFinishLaunchingWithOptions:)` (or the `@main` struct's initializer in SwiftUI). Read more: https://firebase.google.com/docs/ios/setup#initialize_firebase_in_your_app
Test Case '-[Yoga_of_EatingTests.MainViewModelAIAnalysisTests test_performDeepAnalysis_proceeds_whenContentMeaningfullyChanged]' passed (0.001 seconds).
Test Case '-[Yoga_of_EatingTests.MainViewModelAIAnalysisTests test_performDeepAnalysis_proceeds_whenContentSufficient]' started.
2026-05-15 06:39:06.318252+0530 Yoga of Eating[16765:136133] [[FirebaseCore]] 12.7.0 - [FirebaseCore][I-COR000003] The default Firebase app has not yet been configured. Add `FirebaseApp.configure()` to your application initialization. This can be done in in the App Delegate's application(_:didFinishLaunchingWithOptions:)` (or the `@main` struct's initializer in SwiftUI). Read more: https://firebase.google.com/docs/ios/setup#initialize_firebase_in_your_app
2026-05-15 06:39:06.318545+0530 Yoga of Eating[16765:136084] [HistoricalSync] Restore attempted without authenticated user
Test Case '-[Yoga_of_EatingTests.MainViewModelAIAnalysisTests test_performDeepAnalysis_proceeds_whenContentSufficient]' passed (0.001 seconds).
2026-05-15 06:39:06.319023+0530 Yoga of Eating[16765:136133] [ActivityData] Energy query failed: Authorization not determined
2026-05-15 06:39:06.319156+0530 Yoga of Eating[16765:136129] [ActivityData] Energy query failed: Authorization not determined
Test Case '-[Yoga_of_EatingTests.MainViewModelAIAnalysisTests test_performDeepAnalysis_returnsEarly_whenMealNotFound]' started.
2026-05-15 06:39:06.319463+0530 Yoga of Eating[16765:136131] [[FirebaseCore]] 12.7.0 - [FirebaseCore][I-COR000003] The default Firebase app has not yet been configured. Add `FirebaseApp.configure()` to your application initialization. This can be done in in the App Delegate's application(_:didFinishLaunchingWithOptions:)` (or the `@main` struct's initializer in SwiftUI). Read more: https://firebase.google.com/docs/ios/setup#initialize_firebase_in_your_app
2026-05-15 06:39:06.319668+0530 Yoga of Eating[16765:136084] [HistoricalSync] Restore attempted without authenticated user
2026-05-15 06:39:06.320326+0530 Yoga of Eating[16765:136126] [ActivityData] Energy query failed: Authorization not determined
Test Case '-[Yoga_of_EatingTests.MainViewModelAIAnalysisTests test_performDeepAnalysis_returnsEarly_whenMealNotFound]' passed (0.001 seconds).
2026-05-15 06:39:06.320405+0530 Yoga of Eating[16765:136139] [ActivityData] Energy query failed: Authorization not determined
Test Case '-[Yoga_of_EatingTests.MainViewModelAIAnalysisTests test_performDeepAnalysis_setsIsAIAnalyzed_onSuccess]' started.
2026-05-15 06:39:06.320989+0530 Yoga of Eating[16765:136128] [[FirebaseCore]] 12.7.0 - [FirebaseCore][I-COR000003] The default Firebase app has not yet been configured. Add `FirebaseApp.configure()` to your application initialization. This can be done in in the App Delegate's application(_:didFinishLaunchingWithOptions:)` (or the `@main` struct's initializer in SwiftUI). Read more: https://firebase.google.com/docs/ios/setup#initialize_firebase_in_your_app
2026-05-15 06:39:06.321056+0530 Yoga of Eating[16765:136084] [MainViewModel.Lifecycle] Activity data refreshed
2026-05-15 06:39:06.321264+0530 Yoga of Eating[16765:136084] [HistoricalSync] Restore attempted without authenticated user
Test Case '-[Yoga_of_EatingTests.MainViewModelAIAnalysisTests test_performDeepAnalysis_setsIsAIAnalyzed_onSuccess]' passed (0.001 seconds).
2026-05-15 06:39:06.321717+0530 Yoga of Eating[16765:136127] [ActivityData] Energy query failed: Authorization not determined
2026-05-15 06:39:06.321777+0530 Yoga of Eating[16765:136127] [ActivityData] Energy query failed: Authorization not determined
Test Case '-[Yoga_of_EatingTests.MainViewModelAIAnalysisTests test_performDeepAnalysis_skipsAlreadyAnalyzedMeal]' started.
2026-05-15 06:39:06.322181+0530 Yoga of Eating[16765:136084] [MainViewModel.Lifecycle] Activity data refreshed
2026-05-15 06:39:06.322166+0530 Yoga of Eating[16765:136139] [[FirebaseCore]] 12.7.0 - [FirebaseCore][I-COR000003] The default Firebase app has not yet been configured. Add `FirebaseApp.configure()` to your application initialization. Th2026-05-15 06:39:06.322356+0530 Yoga of Eating[16765:136084] [HistoricalSync] Restore attempted without authenticated user
2026-05-15 06:39:06.322829+0530 Yoga of Eating[16765:136128] [ActivityData] Energy query failed: Authorization not determined
is can be done in in the App Delegate's application(_:didFinishLaunchingWithOptions:)` (or the `@main` struct's initializer in SwiftUI). Read more: https://firebase.google.com/docs/ios/setup#initialize_firebase_in_your_app
2026-05-15 06:39:06.322922+0530 Yoga of Eating[16765:136139] [ActivityData] Energy query failed: Authorization not determined
Test Case '-[Yoga_of_EatingTests.MainViewModelAIAnalysisTests test_performDeepAnalysis_skipsAlreadyAnalyzedMeal]' passed (0.001 seconds).
Test Case '-[Yoga_of_EatingTests.MainViewModelAIAnalysisTests test_performDeepAnalysis_skipsAnalysis_whenContentIdentical]' started.
2026-05-15 06:39:06.323680+0530 Yoga of Eating[16765:136139] [[FirebaseCore]] 12.7.0 - [FirebaseCore][I-COR000003] The default Firebase app has not yet been configured. Add `FirebaseApp.configure()` to your application initialization. This can be done in in the App Delegate's application(_:didFinishLaunchingWithOptions:)` (or the `@main` struct's initializer in SwiftUI). Read more: https://firebase.google.com/docs/ios/setup#initialize_firebase_in_your_app
2026-05-15 06:39:06.323753+0530 Yoga of Eating[16765:136084] [MainViewModel.Lifecycle] Activity data refreshed
2026-05-15 06:39:06.323943+0530 Yoga of Eating[16765:136084] [HistoricalSync] Restore attempted without authenticated user
Test Case '-[Yoga_of_EatingTests.MainViewModelAIAnalysisTests test_performDeepAnalysis_skipsAnalysis_whenContentIdentical]' passed (0.001 seconds).
2026-05-15 Test Case '-[Yoga_of_EatingTests.MainViewModelAIAnalysisTests test_performDeepAnalysis_skipsAnalysis_whenContentTooShort]' started.
06:39:06.324446+0530 Yoga of Eating[16765:136127] [ActivityData] Energy query failed: Authorization not determined
2026-05-15 06:39:06.325250+0530 Yoga of Eating[16765:136127] [ActivityData] Energy query failed: Authorization not determined
2026-05-15 06:39:06.325533+0530 Yoga of Eating[16765:136139] [[FirebaseCore]] 12.7.0 - [FirebaseCore][I-COR000003] The default Firebase app has not yet been configured. Add `FirebaseApp.configure()` to your application initialization. This can be done in in the App Delegate's application(_:didFinishLaunchingWithOptions:)` (or the `@main` struct's initializer in SwiftUI). Read more: https://firebase.google.com/docs/ios/setup#initialize_firebase_in_your_app
2026-05-15 06:39:06.325601+0530 Yoga of Eating[16765:136084] [MainViewModel.Lifecycle] Activity data refreshed
2026-05-15 06:39:06.325786+0530 Yoga of Eating[16765:136084] [HistoricalSync] Restore attempted without authenticated user
Test Case '-[Yoga_of_EatingTests.MainViewModelAIAnalysisTests test_performDeepAnalysis_skipsAnalysis_whenContentTooShort]' passed (0.002 seconds).
2026-05-15 06:39:06.326181+0530 Yoga of Eating[16765:136158] [ActivityData] Energy query failed: Authorization not determined
2026-05-15 06:39:06.326290+0530 Yoga oTest Case '-[Yoga_of_EatingTests.MainViewModelAIAnalysisTests test_performDeepAnalysis_skipsAnalysis_whenMultipleItemsTooShort]' started.
f Eating[16765:136128] [ActivityData] Energy query failed: Authorization not determined
2026-05-15 06:39:06.327052+0530 Yoga of Eating[16765:136084] [MainViewModel.Lifecycle] Activity data refreshed
2026-05-15 06:39:06.327005+0530 Yoga of Eating[16765:136128] [[FirebaseCore]] 12.7.0 - [FirebaseCore][I-COR000003] The default Firebase app has not yet been configured. Add `FirebaseApp.configure()` to your application initialization. This can be done in in the App Delegate's application(_:didFinishLaunchingWithOptions:)` (or the `@main` struct's initializer in SwiftUI). Read more: https://firebase.google.com/docs/ios/setup#initialize_firebase_in_your_app
2026-05-15 06:39:06.327256+0530 Yoga of Eating[16765:136084] [HistoricalSync] Restore attempted without authenticated user
Test Case '-[Yoga_of_EatingTests.MainViewModelAIAnalysisTests test_performDeepAnalysis_skipsAnalysis_whenMultipleItemsTooShort]' passed (0.001 seconds).
2026-05-15 06:39:06.327626+0530 Yoga of Eating[16765:136126] [ActivityData] Energy query failed: Authorization not determined
Test Case '-[Yoga_of_EatingTests.MainViewModelAIAnalysisTests test_performDeepAnalysis_updatesHealthScore_onSuccess]' started.
2026-05-15 06:39:06.327999+0530 Yoga of Eating[16765:136139] [ActivityData] Energy query failed: Authorization not determined
2026-05-15 06:39:06.328678+0530 Yoga of Eating[16765:136139] [[FirebaseCore]] 12.7.0 - [FirebaseCore][I-COR000003] The default Firebase app has not yet been configured. Add `FirebaseApp.configure()` to your application initialization. This can be done in in the App Delegate's application(_:didFinishLaunchingWithOptions:)` (or the `@main` struct's initializer in SwiftUI). Read more: https://firebase.google.com/docs/ios/setup#initialize_firebase_in_your_app
2026-05-15 06:39:06.328751+0530 Yoga of Eating[16765:136084] [MainViewModel.Lifecycle] Activity data refreshed
2026-05-15 06:39:06.328965+0530 Yoga of Eating[16765:136084] [HistoricalSync] Restore attempted without authenticated user
Test Case '-[Yoga_of_EatingTests.MainViewModelAIAnalysisTests test_performDeepAnalysis_updatesHealthScore_onSuccess]' passed (0.002 seconds).
2026-05-15 06:39:06.329417+0530 Yoga of Eating[16765:136139] [ActivityData] Energy query failed: Authorization not determined
2026-05-15 06:39:06.329499+0530 Yoga of Eating[16765:136128] [ActivityData] Energy query failed: Authorization not determined
Test Case '-[Yoga_of_EatingTests.MainViewModelAIAnalysisTests test_performDeepAnalysis_updatesSmileyState_onSuccess]' started.
2026-05-15 06:39:06.329932+0530 Yoga of Eating[16765:136084] [MainViewModel.Lifecycle] Activity data refreshed
2026-05-15 06:39:06.329906+0530 Yoga of Eating[16765:136126] [[FirebaseCore]] 12.7.0 - [FirebaseCore][I-COR000003] The default Firebase app has not yet been configured. Add `FirebaseApp.configure()` to your application initialization. This can be done in in the App Delegate's application(_:didFinishLaunchingWithOptions:)` (or the `@main` struct's initializer in SwiftUI). Read more: https://firebase.google.com/docs/ios/setup#initialize_firebase_in_your_app
2026-05-15 06:39:06.330122+0530 Yoga of Eating[16765:136084] [HistoricalSync] Restore attempted without authenticated user
2026-05-15 06:39:06.330864+0530 Yoga of Eating[16765:136131] [ActivityData] Energy query failed: Authorization not determined
2026-05-15 06:39:06.330928+0530 Yoga of Eating[16765:136131] [ActivityData] Energy query failed: Authorization not determined
Test Case '-[Yoga_of_EatingTests.MainViewModelAIAnalysisTests test_performDeepAnalysis_updatesSmileyState_onSuccess]' passed (0.009 seconds).
Test Case '-[Yoga_of_EatingTests.MainViewModelAIAnalysisTests test_performDeepAnalysis_usesAtomicInsertionForRaceConditionPrevention]' started.
2026-05-15 06:39:06.338725+0530 Yoga of Eating[16765:136126] [[FirebaseCore]] 12.7.0 - [FirebaseCore][I-COR000003] The default Firebase app has not yet been configured. Add `FirebaseApp.configure()` to your application initialization. This can be done in in the App Delegate's application(_:didFinishLaunchingWithOptions:)` (or the `@main` struct's initializer in SwiftUI). Read more: https://firebase.google.com/docs/ios/setup#initialize_firebase_in_your_app
2026-05-15 06:39:06.338825+0530 Yoga of Eating[16765:136084] [MainViewModel.Lifecycle] Activity data refreshed
2026-05-15 06:39:06.339068+0530 Yoga of Eating[16765:136084] [HistoricalSync] Restore attempted without authenticated user
2026-05-15 06:39:06.339335+0530 Yoga of Eating[16765:136084] [MainViewModel.Lifecycle] Activity data refreshed
2026-05-15 06:39:06.339341+0530 Yoga of Eating[16765:136131] [[FirebaseCore]] 12.7.0 - [FirebaseCore][I-COR000003] The default Firebase app has not yet been configured. Add `FirebaseApp.configure()` to your application initialization. This can be done in in the App Delegate's application(_:didFinishLaunchingWithOptions:)` (or the `@main` struct's initializer in SwiftUI). Read more: https://firebase.google.com/docs/ios/setup#initialize_firebase_in_your_app
2026-05-15 06:39:06.339504+0530 Yoga of Eating[16765:136084] [HistoricalSync] Restore attempted without authenticated user
2026-05-15 06:39:06.339591+0530 Yoga of Eating[16765:136127] [ActivityData] Energy query failed: Authorization not determined
2026-05-15 06:39:06.339704+0530 Yoga of Eating[16765:136127] [ActivityData] Energy query failed: Authorization not determined
2026-05-15 06:39:06.339878+0530 Yoga of Eating[16765:136084] [MainViewModel.Lifecycle] Activity data refreshed
2026-05-15 06:39:06.340378+0530 Yoga of Eating[16765:136128] [ActivityData] Energy query failed: Authorization not determined
2026-05-15 06:39:06.340632+0530 Yoga of Eating[16765:136131] [ActivityData] Energy query failed: Authorization not determined
2026-05-15 06:39:06.340780+0530 Yoga of Eating[16765:136131] [ActivityData] Energy query failed: Authorization not determined
2026-05-15 06:39:06.340822+0530 Yoga of Eating[16765:136084] [MainViewModel.Lifecycle] Activity data refreshed
2026-05-15 06:39:06.341153+0530 Yoga of Eating[16765:136139] [ActivityData] Energy query failed: Authorization not determined
2026-05-15 06:39:06.341270+0530 Yoga of Eating[16765:136084] [MainViewModel.Lifecycle] Activity data refreshed
Test Case '-[Yoga_of_EatingTests.MainViewModelAIAnalysisTests test_performDeepAnalysis_usesAtomicInsertionForRaceConditionPrevention]' passed (0.109 seconds).
Test Case '-[Yoga_of_EatingTests.MainViewModelAIAnalysisTests test_performDeepAnalysis_usesLocalScore_whenServiceNotAI]' started.
2026-05-15 06:39:06.448407+0530 Yoga of Eating[16765:136128] [[FirebaseCore]] 12.7.0 - [FirebaseCore][I-COR000003] The default Firebase app has not yet been configured. Add `FirebaseApp.configure()` to your application initialization. This can be done in in the App Delegate's application(_:didFinishLaunchingWithOptions:)` (or the `@main` struct's initializer in SwiftUI). Read more: https://firebase.google.com/docs/ios/setup#initialize_firebase_in_your_app
2026-05-15 06:39:06.448603+0530 Yoga of Eating[16765:136084] [HistoricalSync] Restore attempted without authenticated user
2026-05-15 06:39:06.448924+0530 Yoga of Eating[16765:136158] [[FirebaseCore]] 12.7.0 - [FirebaseCore][I-COR000003] The default Firebase app has not yet been configured. Add `FirebaseApp.configure()` to your application initialization. This can be done in in the App Delegate's application(_:didFinishLaunchingWithOptions:)` (or the `@main` struct's initializer in SwiftUI). Read more: https://firebase.google.com/docs/ios/setup#initialize_firebase_in_your_app
2026-05-15 06:39:06.474776+0530 Yoga of Eating[16765:136084] [plugin] AddInstanceForFactory: No factory registered for id <CFUUID 0x11071ac00> F8BB1C28-BAE8-11D6-9C31-00039315CD46
Test Case '-[Yoga_of_EatingTests.MainViewModelAIAnalysisTests test_performDeepAnalysis_usesLocalScore_whenServiceNotAI]' passed (0.040 seconds).
Test Case '-[Yoga_of_EatingTests.MainViewModelAIAnalysisTests test_reanalyzeAllMealsForSmileyState_allAnalyzedMeals_stillWorks]' started.
2026-05-15 06:39:06.488084+0530 Yoga of Eating[16765:136128] [[FirebaseCore]] 12.7.0 - [FirebaseCore][I-COR000003] The default Firebase app has not yet been configured. Add `FirebaseApp.configure()` to your application initialization. This can be done in in the App Delegate's application(_:didFinishLaunchingWithOptions:)` (or the `@main` struct's initializer in SwiftUI). Read more: https://firebase.google.com/docs/ios/setup#initialize_firebase_in_your_app
2026-05-15 06:39:06.488424+0530 Yoga of Eating[16765:136084] [HistoricalSync] Restore attempted without authenticated user
Test Case '-[Yoga_of_EatingTests.MainViewModelAIAnalysisTests test_reanalyzeAllMealsForSmileyState_allAnalyzedMeals_stillWorks]' passed (0.001 seconds).
Test Case '-[Yoga_of_EatingTests.MainViewModelAIAnalysisTests test_reanalyzeAllMealsForSmileyState_calculatesAverage_correctly]' started.
2026-05-15 06:39:06.489320+0530 Yoga of Eating[16765:136139] [ActivityData] Energy query failed: Authorization not determined
2026-05-15 06:39:06.489468+0530 Yoga of Eating[16765:136139] [ActivityData] Energy query failed: Authorization not determined
2026-05-15 06:39:06.489781+0530 Yoga of Eating[16765:136084] [HistoricalSync] Restore attempted without authenticated user
Test Case '-[Yoga_of_EatingTests.MainViewModelAIAnalysisTests test_reanalyzeAllMealsForSmileyState_calculatesAverage_correctly]' passed (0.001 seconds).
Test Case '-[Yoga_of_EatingTests.MainViewModelAIAnalysisTests test_reanalyzeAllMealsForSmileyState_doesNothing_whenMealsEmpty]' started.
2026-05-15 06:39:06.490707+0530 Yoga of Eating[16765:136084] [MainViewModel.Lifecycle] Activity data refreshed
2026-05-15 06:39:06.490933+0530 Yoga of Eating[16765:136084] [HistoricalSync] Restore attempted without authenticated user
2026-05-15 06:39:06.490980+0530 Yoga of Eating[16765:136139] [ActivityData] Energy query failed: Authorization not determined
Test Case '-[Yoga_of_EatingTests.MainViewModelAIAnalysisTests test_reanalyzeAllMealsForSmileyState_doesNothing_whenMealsEmpty]' passed (0.001 seconds).
2026-05-15 06:39:06.491387+0530 Yoga of Eating[16765:136129] [ActivityData] Energy query failed: Authorization not determined
Test Case '-[Yoga_of_EatingTests.MainViewModelAIAnalysisTests test_reanalyzeAllMealsForSmileyState_filtersOutUnanalyzedMeals]' started.
2026-05-15 06:39:06.492045+0530 Yoga of Eating[16765:136084] [HistoricalSync] Restore attempted without authenticated user
2026-05-15 06:39:06.492628+0530 Yoga of Eating[16765:136129] [ActivityData] Energy query failed: Authorization not determined
2026-05-15 06:39:06.492104+0530 Yoga of Eating[16765:136131] [[FirebaseCore]] 12.7.0 - [FirebaseCore][I-COR000003] The default Firebase app has not yet been configured. Add `FirebaseApp.configure()` to your application initialization. This can be done in in the App Delegate's application(_:didFinishLaunchingWithOptions:)` (or the `@main` struct's initializer in SwiftUI). Read more: https://firebase.google.com/docs/ios/setup#initialize_firebase_in_your_app
Test Case '-[Yoga_of_EatingTests.MainViewModelAIAnalysisTests test_reanalyzeAllMealsForSmileyState_filtersOutUnanalyzedMeals]' passed (0.002 seconds).
Test Case '-[Yoga_of_EatingTests.MainViewModelAIAnalysisTests test_reanalyzeAllMealsForSmileyState_naiveAverageWouldFail]' started.
2026-05-15 06:39:06.493605+0530 Yoga of Eating[16765:136084] [MainViewModel.Lifecycle] Activity data refreshed
2026-05-15 06:39:06.493090+0530 Yoga of Eating[16765:136131] [[FirebaseCore]] 12.7.0 - [FirebaseCore][I-COR000003] The default Firebase app has not yet been configured. Add `FirebaseApp.configure()` to your application initialization. This can be done in in the App Delegate's application(_:didFinishLaunchingWithOptions:)` (or the `@main` struct's initializer in SwiftUI). Read more: https://firebase.google.com/docs/ios/setup#initialize_firebase_in_your_app
2026-05-15 06:39:06.493743+0530 Yoga of Eating[16765:136128] [ActivityData] Energy query failed: Authorization not determined
2026-05-15 06:39:06.493796+0530 Yoga of Eating[16765:136084] [HistoricalSync] Restore attempted without authenticated user
2026-05-15 06:39:06.493724+0530 Yoga of Eating[16765:Test Case '-[Yoga_of_EatingTests.MainViewModelAIAnalysisTests test_reanalyzeAllMealsForSmileyState_naiveAverageWouldFail]' passed (0.001 seconds).
2026-05-15 06:39:06.495088+0530 Yoga of Eating[16765:136133] [ActivityData] Energy query failed: Authorization not determined
2026-05-15 06:39:06.496007+0530 Yoga of Eating[16765:136133] [ActivityData] Energy query failed: Authorization not determined
2026-05-15 06:39:06.496042+0530 Yoga of Eating[16765:136133] [ActivityData] Energy query failed: Authorization not determined
2026-05-15 06:39:06.496127+0530 Yoga of Eating[16765:136133] [ActivityData] Energy query failed: Authorization not determined
Test Case '-[Yoga_of_EatingTests.MainViewModelAIAnalysisTests test_reanalyzeAllMealsForSmileyState_withOnlyUnanalyzedMeals_returnsNeutral]' started.
136131] [[FirebaseCore]] 12.7.0 - [FirebaseCore][I-COR000003] The default Firebase app has not yet been configured. Add `FirebaseApp.configure()` to your application initialization. This can be done in in the App Delegate's application(_:didFinishLaunchingWithOptions:)` (or the `@main` struct's initializer in SwiftUI). Read more: https://firebase.google.com/docs/ios/setup#initialize_firebase_in_your_app
2026-05-15 06:39:06.496592+0530 Yoga of Eating[16765:136131] [[FirebaseCore]] 12.7.0 - [FirebaseCore][I-COR000003] The default Firebase app has not yet been configured. Add `FirebaseApp.configure()` to your application initialization. This can be done in in the App Delegate's application(_:didFinishLaunchingWithOptions:)` (or the `@main` struct's initializer in SwiftUI). Read more: https://firebase.google.com/docs/ios/setup#initialize_firebase_in_your_app
2026-05-15 06:39:06.496835+0530 Yoga of Eating[16765:136084] [HistoricalSync] Restore attempted without authenticated user
2026-05-15 06:39:06.496717+0530 YoTest Case '-[Yoga_of_EatingTests.MainViewModelAIAnalysisTests test_reanalyzeAllMealsForSmileyState_withOnlyUnanalyzedMeals_returnsNeutral]' passed (0.001 seconds).
2026-05-15 06:39:06.497370+0530 Yoga of Eating[16765:136129] [ActivityData] Energy query failed: Authorization not determined
ga of Eating[16765:136131] [[FirebaseCore]] 12.7.0 - [FirebaseCore][I-COR000003] The default Firebase app has not yet been configured. Add `FirebaseApp.configure()` to your application initialization. This can be done in in the App Delegate's application(_:didFinishLaunchingWithOptions:)` (or the `@main` struct's initializer in SwiftUI). Read more: https://firebase.google.com/docs/ios/setup#initialize_firebase_in_your_app
2026-05-15 06:39:06.497831+0530 Yoga of Eating[16765:136129] [ActivityData] Energy query failed: Authorization not determined
Test Case '-[Yoga_of_EatingTests.MainViewModelAIAnalysisTests test_triggerAIAnalysis_callsPerformDeepAnalysis]' started.
2026-05-15 06:39:06.498067+0530 Yoga of Eating[16765:136131] [[FirebaseCore]] 12.7.0 - [FirebaseCore][I-COR000003] The default Firebase app has not yet been configured. Add `FirebaseApp.configure()` to your application initialization. This can be done in in the App Delegate's application(_:didFinishLaunchingWithOptions:)` (or the `@main` struct's initializer in SwiftUI). Read more: https://firebase.google.com/docs/ios/setup#initialize_firebase_in_your_app
2026-05-15 06:39:06.498328+0530 Yoga of Eating[16765:136131] [[FirebaseCore]] 12.7.0 - [FirebaseCore][I-COR000003] The default Firebase app has not yet been configured. Add `FirebaseApp.configure()` to your application initialization. This can be done in in the App Delegate's application(_:didFinishLaunchingWithOptions:)` (or the `@main` struct's initializer in SwiftUI). Read more: https://firebase.google.com/docs/ios/setup#initialize_firebase_in_your_app
2026-05-15 06:39:06.498380+0530 Yoga of Eating[16765:136084] [MainViewModel.Lifecycle] Activity data refreshed
2026-05-15 06:39:06.498411+0530 Yoga of Eating[16765:136084] [MainViewModel.Lifecycle] Activity data refreshed
2026-05-15 06:39:06.498437+0530 Yoga of Eating[16765:136084] [MainViewModel.Lifecycle] Activity data refreshed
2026-05-15 06:39:06.498615+0530 Yoga of Eating[16765:136084] [HistoricalSync] Restore attempted without authenticated user
Test Case '-[Yoga_of_EatingTests.MainViewModelAIAnalysisTests test_triggerAIAnalysis_callsPerformDeepAnalysis]' passed (0.001 seconds).
2026-05-15 06:39:06.499048+0530 Yoga of Eating[16765:136139] [ActivityData] Energy query failed: Authorization not determined
2026-05-15 06:39:06.499169+0530 Yoga of Eating[16765:136128] [ActivityData] Energy query failed: Authorization not determined
Test Case '-[Yoga_of_EatingTests.MainViewModelAIAnalysisTests test_triggerAIAnalysis_resetsIsAIAnalyzedFlag]' started.
2026-05-15 06:39:06.499492+0530 Yoga of Eating[16765:136084] [MainViewModel.Lifecycle] Activity data refreshed
2026-05-15 06:39:06.499477+0530 Yoga of Eating[16765:136139] [[FirebaseCore]] 12.7.0 - [FirebaseCore][I-COR000003] The default Firebase app has not yet been configured. Add `FirebaseApp.configure()` to your application initialization. This can be done in in the App Delegate's application(_:didFinishLaunchingWithOptions:)` (or the `@main` struct's initializer in Swif2026-05-15 06:39:06.499666+0530 Yoga of Eating[16765:136084] [HistoricalSync] Restore attempted without authenticated user
tUI). Read more: https://firebase.google.com/docs/ios/setup#initialize_firebase_in_your_app
2026-05-15 06:39:06.501079+0530 Yoga of Eating[16765:136133] [ActivityData] Energy query failed: Authorization not determined
Test Case '-[Yoga_of_EatingTests.MainViewModelAIAnalysisTests test_triggerAIAnalysis_resetsIsAIAnalyzedFlag]' passed (0.002 seconds).
2026-05-15 06:39:06.501178+0530 Yoga of Eating[16765:136126] [ActivityData] Energy query failed: Authorization not determined
Test Case '-[Yoga_of_EatingTests.MainViewModelAIAnalysisTests test_triggerAIAnalysis_skipsIfContentTooShort]' started.
2026-05-15 06:39:06.501802+0530 Yoga of Eating[16765:136133] [[FirebaseCore]] 12.7.0 - [FirebaseCore][I-COR000003] The default Firebase app has not yet been configured. Add `FirebaseApp.configure()` to your application initialization. This can be done in in the App Delegate's application(_:didFinishLaunchingWithOptions:)` (or the `@main` struct's initializer in SwiftUI). Read more: https://firebase.google.com/docs/ios/setup#initialize_firebase_in_your_app
2026-05-15 06:39:06.501876+0530 Yoga of Eating[16765:136084] [MainViewModel.Lifecycle] Activity data refreshed
2026-05-15 06:39:06.502104+0530 Yoga of Eating[16765:136084] [HistoricalSync] Restore attempted without authenticated user
Test Case '-[Yoga_of_EatingTests.MainViewModelAIAnalysisTests test_triggerAIAnalysis_skipsIfContentTooShort]' passed (0.001 seconds).
Test Case '-[Yoga_of_EatingTests.MainViewModelAIAnalysisTests test_updateMeal_preservesAIAnalyzedFlag_whenItemsUnchanged]' started.
2026-05-15 06:39:06.502665+0530 Yoga of Eating[16765:136133] [ActivityData] Energy query failed: Authorization not determined
2026-05-15 06:39:06.502757+0530 Yoga of Eating[16765:136133] [ActivityData] Energy query failed: Authorization not determined
2026-05-15 06:39:06.503007+0530 Yoga of Eating[16765:136084] [MainViewModel.Lifecycle] Activity data refreshed
2026-05-15 06:39:06.502965+0530 Yoga of Eating[16765:136158] [[FirebaseCore]] 12.7.0 - [FirebaseCore][I-COR000003] The default Firebase app has not yet been configured. Add `FirebaseApp.configure()` to your application initialization. This can be done in in the App Delegate's application(_:didFinishLaunchingWithOptions:)` (or the `@main` struct's initializer in SwiftUI). Read more: https://firebase.google.com/docs/ios/setup#initialize_firebase_in_your_app
2026-05-15 06:39:06.503184+0530 Yoga of Eating[16765:136084] [HistoricalSync] Restore attempted without authenticated user
Test Case '-[Yoga_of_EatingTests.MainViewModelAIAnalysisTests test_updateMeal_preservesAIAnalyzedFlag_whenItemsUnchanged]' passed (0.001 seconds).
2026-05-15 06:39:06.503710+0530 Yoga of Eating[16765:136131] [ActivityData] Energy query failed: Authorization not determined
Test Case '-[Yoga_of_EatingTests.MainViewModelAIAnalysisTests test_updateMeal_resetsAIAnalyzedFlag_whenItemsChange]' started.
2026-05-15 06:39:06.503862+0530 Yoga of Eating[16765:136127] [ActivityData] Energy query failed: Authorization not determined
2026-05-15 06:39:06.504465+0530 Yoga of Eating[16765:136127] [[FirebaseCore]] 12.7.0 - [FirebaseCore][I-COR000003] The default Firebase app has not yet been configured. Add `FirebaseApp.configure()` to your application initialization. This can be done in in the App Delegate's application(_:didFinishLaunchingWithOptions:)` (or the `@main` struct's initializer in SwiftUI). Read more: https://firebase.google.com/docs/ios/setup#initialize_firebase_in_your_app
2026-05-15 06:39:06.504499+0530 Yoga of Eating[16765:136084] [MainViewModel.Lifecycle] Activity data refreshed
2026-05-15 06:39:06.504710+0530 Yoga of Eating[16765:136084] [HistoricalSync] Restore attempted without authenticated user
2026-05-15 06:39:06.505043+0530 Yoga of Eating[16765:136133] [ActivityData] Energy query failed: Authorization not determined
Test Case '-[Yoga_of_EatingTests.MainViewModelAIAnalysisTests test_updateMeal_resetsAIAnalyzedFlag_whenItemsChange]' passed (0.001 seconds).
2026-05-15 06:39:06.505146+0530 Yoga of Eating[16765:136127] [ActivityData] Energy query failed: Authorization not determined
Test Case '-[Yoga_of_EatingTests.MainViewModelAIAnalysisTests test_updateMeal_skipsAnalysis_whenItemsUnchanged]' started.
2026-05-15 06:39:06.505762+0530 Yoga of Eating[16765:136084] [MainViewModel.Lifecycle] Activity data refreshed
2026-05-15 06:39:06.505701+0530 Yoga of Eating[16765:136127] [[FirebaseCore]] 12.7.0 - [FirebaseCore][I-COR000003] The default Firebase app has not yet been configured. Add `FirebaseApp.configure()` to your application initialization. This can be done in in the App Delegate's application(_:didFinishLaunchingWithOptions:)` (or the `@main` struct's initializer in SwiftUI). Read more: https://firebase.google.com/docs/ios/setup#initialize_firebase_in_your_app
2026-05-15 06:39:06.505985+0530 Yoga of Eating[16765:136084] [HistoricalSync] Restore attempted without authenticated user
2026-05-15 06:39:06.506150+0530 Yoga of Eating[16765:136084] [MainViewModel.Lifecycle] Activity data refreshed
2026-05-15 06:39:06.506447+0530 Yoga of Eating[16765:136127] [ActivityData] Energy query failed: Authorization not determined
2026-05-15 06:39:06.506679+0530 Yoga of Eating[16765:136133] [ActivityData] Energy query failed: Authorization not determined
2026-05-15 06:39:06.506774+0530 Yoga of Eating[16765:136084] [MainViewModel.Lifecycle] Activity data refreshed
2026-05-15 06:39:06.507213+0530 Yoga of Eating[16765:136131] [ActivityData] Energy query failed: Authorization not determined
2026-05-15 06:39:06.507326+0530 Yoga of Eating[16765:136131] [ActivityData] Energy query failed: Authorization not determined
2026-05-15 06:39:06.507389+0530 Yoga of Eating[16765:136084] [MainViewModel.Lifecycle] Activity data refreshed
Test Case '-[Yoga_of_EatingTests.MainViewModelAIAnalysisTests test_updateMeal_skipsAnalysis_whenItemsUnchanged]' passed (0.104 seconds).
Test Case '-[Yoga_of_EatingTests.MainViewModelAIAnalysisTests test_updateMeal_triggersAI_onCheckmarkSubmission]' started.
2026-05-15 06:39:06.610230+0530 Yoga of Eating[16765:136133] [[FirebaseCore]] 12.7.0 - [FirebaseCore][I-COR000003] The default Firebase app has not yet been configured. Add `FirebaseApp.configure()` to your application initialization. This can be done in in the App Delegate's application(_:didFinishLaunchingWithOptions:)` (or the `@main` struct's initializer in SwiftUI). Read more: https://firebase.google.com/docs/ios/setup#initialize_firebase_in_your_app
2026-05-15 06:39:06.610472+0530 Yoga of Eating[16765:136084] [HistoricalSync] Restore attempted without authenticated user
2026-05-15 06:39:06.611896+0530 Yoga of Eating[16765:136131] [ActivityData] Energy query failed: Authorization not determined
2026-05-15 06:39:06.612076+0530 Yoga of Eating[16765:136131] [ActivityData] Energy query failed: Authorization not determined
2026-05-15 06:39:06.612147+0530 Yoga of Eating[16765:136084] [MainViewModel.Lifecycle] Activity data refreshed
Test Case '-[Yoga_of_EatingTests.MainViewModelAIAnalysisTests test_updateMeal_triggersAI_onCheckmarkSubmission]' passed (0.215 seconds).
Test Case '-[Yoga_of_EatingTests.MainViewModelAIAnalysisTests test_updateMealItems_skipsUpdate_whenOnlyWhitespaceChanged]' started.
2026-05-15 06:39:06.827190+0530 Yoga of Eating[16765:136139] [[FirebaseCore]] 12.7.0 - [FirebaseCore][I-COR000003] The default Firebase app has not yet been configured. Add `FirebaseApp.configure()` to your application initialization. This can be done in in the App Delegate's application(_:didFinishLaunchingWithOptions:)` (or the `@main` struct's initializer in SwiftUI). Read more: https://firebase.google.com/docs/ios/setup#initialize_firebase_in_your_app
2026-05-15 06:39:06.828266+0530 Yoga of Eating[16765:136084] [HistoricalSync] Restore attempted without authenticated user
2026-05-15 06:39:06.831042+0530 Yoga of Eating[16765:136133] [ActivityData] Energy query failed: Authorization not determined
2026-05-15 06:39:06.831348+0530 Yoga of Eating[16765:136139] [ActivityData] Energy query failed: Authorization not determined
2026-05-15 06:39:06.831527+0530 Yoga of Eating[16765:136084] [MainViewModel.Lifecycle] Activity data refreshed
Test Case '-[Yoga_of_EatingTests.MainViewModelAIAnalysisTests test_updateMealItems_skipsUpdate_whenOnlyWhitespaceChanged]' passed (0.209 seconds).
Test Suite 'MainViewModelAIAnalysisTests' passed at 2026-05-15 06:39:07.035.
	 Executed 37 tests, with 0 failures (0 unexpected) in 0.888 (0.900) seconds
Test Suite 'MainViewModelHighlightTests' started at 2026-05-15 06:39:07.035.
Test Case '-[Yoga_of_EatingTests.MainViewModelHighlightTests test_addHighlightTodo_appendsEntry]' started.
2026-05-15 06:39:07.036807+0530 Yoga of Eating[16765:136131] [[FirebaseCore]] 12.7.0 - [FirebaseCore][I-COR000003] The default Firebase app has not yet been configured. Add `FirebaseApp.configure()` to your application initialization. This can be done in in the App Delegate's application(_:didFinishLaunchingWithOptions:)` (or the `@main` struct's initializer in SwiftUI). Read more: https://firebase.google.com/docs/ios/setup#initialize_firebase_in_your_app
Test Case '-[Yoga_of_EatingTests.MainViewModelHighlightTests test_addHighlightTodo_appendsEntry]' passed (0.002 seconds).
Test Case '-[Yoga_of_EatingTests.MainViewModelHighlightTests test_addHighlightTodo_multipleEntries_allPersisted]' started.
2026-05-15 06:39:07.039656+0530 Yoga of Eating[16765:136139] [[FirebaseCore]] 12.7.0 - [FirebaseCore][I-COR000003] The default Firebase app has not yet been configured. Add `FirebaseApp.configure()` to your application initialization. This can be done in in the App Delegate's application(_:didFinishLaunchingWithOptions:)` (or the `@main` struct's initializer in SwiftUI). Read more: https://firebase.google.com/docs/ios/setup#initialize_firebase_in_your_app
Test Case '-[Yoga_of_EatingTests.MainViewModelHighlightTests test_addHighlightTodo_multipleEntries_allPersisted]' passed (0.002 seconds).
Test Case '-[Yoga_of_EatingTests.MainViewModelHighlightTests test_addHighlightTodo_noOp_whenNotViewingToday]' started.
2026-05-15 06:39:07.042109+0530 Yoga of Eating[16765:136139] [[FirebaseCore]] 12.7.0 - [FirebaseCore][I-COR000003] The default Firebase app has not yet been configured. Add `FirebaseApp.configure()` to your application initialization. This can be done in in the App Delegate's application(_:didFinishLaunchingWithOptions:)` (or the `@main` struct's initializer in SwiftUI). Read more: https://firebase.google.com/docs/ios/setup#initialize_firebase_in_your_app
Test Case '-[Yoga_of_EatingTests.MainViewModelHighlightTests test_addHighlightTodo_noOp_whenNotViewingToday]' passed (0.001 seconds).
Test Case '-[Yoga_of_EatingTests.MainViewModelHighlightTests test_addHighlightTodo_trimsWhitespace]' started.
2026-05-15 06:39:07.043745+0530 Yoga of Eating[16765:136139] [[FirebaseCore]] 12.7.0 - [FirebaseCore][I-COR000003] The default Firebase app has not yet been configured. Add `FirebaseApp.configure()` to your application initialization. This can be done in in the App Delegate's application(_:didFinishLaunchingWithOptions:)` (or the `@main` struct's initializer in SwiftUI). Read more: https://firebase.google.com/docs/ios/setup#initialize_firebase_in_your_app
Test Case '-[Yoga_of_EatingTests.MainViewModelHighlightTests test_addHighlightTodo_trimsWhitespace]' passed (0.002 seconds).
Test Case '-[Yoga_of_EatingTests.MainViewModelHighlightTests test_addHighlightTodo_whitespaceOnly_doesNotAdd]' started.
2026-05-15 06:39:07.046118+0530 Yoga of Eating[16765:136129] [[FirebaseCore]] 12.7.0 - [FirebaseCore][I-COR000003] The default Firebase app has not yet been configured. Add `FirebaseApp.configure()` to your application initialization. This can be done in in the App Delegate's application(_:didFinishLaunchingWithOptions:)` (or the `@main` struct's initializer in SwiftUI). Read more: https://firebase.google.com/docs/ios/setup#initialize_firebase_in_your_app
Test Case '-[Yoga_of_EatingTests.MainViewModelHighlightTests test_addHighlightTodo_whitespaceOnly_doesNotAdd]' passed (0.001 seconds).
Test Case '-[Yoga_of_EatingTests.MainViewModelHighlightTests test_removeHighlightTodo_noOp_whenNotViewingToday]' started.
2026-05-15 06:39:07.047444+0530 Yoga of Eating[16765:136139] [[FirebaseCore]] 12.7.0 - [FirebaseCore][I-COR000003] The default Firebase app has not yet been configured. Add `FirebaseApp.configure()` to your application initialization. This can be done in in the App Delegate's application(_:didFinishLaunchingWithOptions:)` (or the `@main` struct's initializer in SwiftUI). Read more: https://firebase.google.com/docs/ios/setup#initialize_firebase_in_your_app
Test Case '-[Yoga_of_EatingTests.MainViewModelHighlightTests test_removeHighlightTodo_noOp_whenNotViewingToday]' passed (0.001 seconds).
Test Case '-[Yoga_of_EatingTests.MainViewModelHighlightTests test_removeHighlightTodo_removesById]' started.
2026-05-15 06:39:07.048963+0530 Yoga of Eating[16765:136139] [[FirebaseCore]] 12.7.0 - [FirebaseCore][I-COR000003] The default Firebase app has not yet been configured. Add `FirebaseApp.configure()` to your application initialization. This can be done in in the App Delegate's application(_:didFinishLaunchingWithOptions:)` (or the `@main` struct's initializer in SwiftUI). Read more: https://firebase.google.com/docs/ios/setup#initialize_firebase_in_your_app
Test Case '-[Yoga_of_EatingTests.MainViewModelHighlightTests test_removeHighlightTodo_removesById]' passed (0.001 seconds).
Test Case '-[Yoga_of_EatingTests.MainViewModelHighlightTests test_removeHighlightTodo_unknownId_doesNothing]' started.
2026-05-15 06:39:07.050832+0530 Yoga of Eating[16765:136139] [[FirebaseCore]] 12.7.0 - [FirebaseCore][I-COR000003] The default Firebase app has not yet been configured. Add `FirebaseApp.configure()` to your application initialization. This can be done in in the App Delegate's application(_:didFinishLaunchingWithOptions:)` (or the `@main` struct's initializer in SwiftUI). Read more: https://firebase.google.com/docs/ios/setup#initialize_firebase_in_your_app
Test Case '-[Yoga_of_EatingTests.MainViewModelHighlightTests test_removeHighlightTodo_unknownId_doesNothing]' passed (0.002 seconds).
Test Case '-[Yoga_of_EatingTests.MainViewModelHighlightTests test_updateHighlightMorningThoughts_emptyString_setsNil]' started.
2026-05-15 06:39:07.053042+0530 Yoga of Eating[16765:136131] [[FirebaseCore]] 12.7.0 - [FirebaseCore][I-COR000003] The default Firebase app has not yet been configured. Add `FirebaseApp.configure()` to your application initialization. This can be done in in the App Delegate's application(_:didFinishLaunchingWithOptions:)` (or the `@main` struct's initializer in SwiftUI). Read more: https://firebase.google.com/docs/ios/setup#initialize_firebase_in_your_app
Test Case '-[Yoga_of_EatingTests.MainViewModelHighlightTests test_updateHighlightMorningThoughts_emptyString_setsNil]' passed (0.001 seconds).
Test Case '-[Yoga_of_EatingTests.MainViewModelHighlightTests test_updateHighlightMorningThoughts_noOp_whenNotViewingToday]' started.
2026-05-15 06:39:07.054454+0530 Yoga of Eating[16765:136131] [[FirebaseCore]] 12.7.0 - [FirebaseCore][I-COR000003] The default Firebase app has not yet been configured. Add `FirebaseApp.configure()` to your application initialization. This can be done in in the App Delegate's application(_:didFinishLaunchingWithOptions:)` (or the `@main` struct's initializer in SwiftUI). Read more: https://firebase.google.com/docs/ios/setup#initialize_firebase_in_your_app
Test Case '-[Yoga_of_EatingTests.MainViewModelHighlightTests test_updateHighlightMorningThoughts_noOp_whenNotViewingToday]' passed (0.001 seconds).
Test Case '-[Yoga_of_EatingTests.MainViewModelHighlightTests test_updateHighlightMorningThoughts_persistsText]' started.
2026-05-15 06:39:07.055362+0530 Yoga of Eating[16765:136129] [[FirebaseCore]] 12.7.0 - [FirebaseCore][I-COR000003] The default Firebase app has not yet been configured. Add `FirebaseApp.configure()` to your application initialization. This can be done in in the App Delegate's application(_:didFinishLaunchingWithOptions:)` (or the `@main` struct's initializer in SwiftUI). Read more: https://firebase.google.com/docs/ios/setup#initialize_firebase_in_your_app
Test Case '-[Yoga_of_EatingTests.MainViewModelHighlightTests test_updateHighlightMorningThoughts_persistsText]' passed (0.001 seconds).
Test Case '-[Yoga_of_EatingTests.MainViewModelHighlightTests test_updateHighlightSleepNotes_emptyString_setsNil]' started.
2026-05-15 06:39:07.056592+0530 Yoga of Eating[16765:136133] [[FirebaseCore]] 12.7.0 - [FirebaseCore][I-COR000003] The default Firebase app has not yet been configured. Add `FirebaseApp.configure()` to your application initialization. This can be done in in the App Delegate's application(_:didFinishLaunchingWithOptions:)` (or the `@main` struct's initializer in SwiftUI). Read more: https://firebase.google.com/docs/ios/setup#initialize_firebase_in_your_app
Test Case '-[Yoga_of_EatingTests.MainViewModelHighlightTests test_updateHighlightSleepNotes_emptyString_setsNil]' passed (0.001 seconds).
Test Case '-[Yoga_of_EatingTests.MainViewModelHighlightTests test_updateHighlightSleepNotes_noOp_whenNotViewingToday]' started.
2026-05-15 06:39:07.057641+0530 Yoga of Eating[16765:136133] [[FirebaseCore]] 12.7.0 - [FirebaseCore][I-COR000003] The default Firebase app has not yet been configured. Add `FirebaseApp.configure()` to your application initialization. This can be done in in the App Delegate's application(_:didFinishLaunchingWithOptions:)` (or the `@main` struct's initializer in SwiftUI). Read more: https://firebase.google.com/docs/ios/setup#initialize_firebase_in_your_app
Test Case '-[Yoga_of_EatingTests.MainViewModelHighlightTests test_updateHighlightSleepNotes_noOp_whenNotViewingToday]' passed (0.001 seconds).
Test Case '-[Yoga_of_EatingTests.MainViewModelHighlightTests test_updateHighlightSleepNotes_persistsToSnapshot]' started.
2026-05-15 06:39:07.058405+0530 Yoga of Eating[16765:136133] [[FirebaseCore]] 12.7.0 - [FirebaseCore][I-COR000003] The default Firebase app has not yet been configured. Add `FirebaseApp.configure()` to your application initialization. This can be done in in the App Delegate's application(_:didFinishLaunchingWithOptions:)` (or the `@main` struct's initializer in SwiftUI). Read more: https://firebase.google.com/docs/ios/setup#initialize_firebase_in_your_app
Test Case '-[Yoga_of_EatingTests.MainViewModelHighlightTests test_updateHighlightSleepNotes_persistsToSnapshot]' passed (0.001 seconds).
Test Case '-[Yoga_of_EatingTests.MainViewModelHighlightTests test_updateHighlightSleepQuality_alsoMirrorsToLegacyReflection]' started.
2026-05-15 06:39:07.059202+0530 Yoga of Eating[16765:136131] [[FirebaseCore]] 12.7.0 - [FirebaseCore][I-COR000003] The default Firebase app has not yet been configured. Add `FirebaseApp.configure()` to your application initialization. This can be done in in the App Delegate's application(_:didFinishLaunchingWithOptions:)` (or the `@main` struct's initializer in SwiftUI). Read more: https://firebase.google.com/docs/ios/setup#initialize_firebase_in_your_app
Test Case '-[Yoga_of_EatingTests.MainViewModelHighlightTests test_updateHighlightSleepQuality_alsoMirrorsToLegacyReflection]' passed (0.001 seconds).
Test Case '-[Yoga_of_EatingTests.MainViewModelHighlightTests test_updateHighlightSleepQuality_nil_clearsLegacyReflectionSleepQuality]' started.
2026-05-15 06:39:07.060168+0530 Yoga of Eating[16765:136133] [[FirebaseCore]] 12.7.0 - [FirebaseCore][I-COR000003] The default Firebase app has not yet been configured. Add `FirebaseApp.configure()` to your application initialization. This can be done in in the App Delegate's application(_:didFinishLaunchingWithOptions:)` (or the `@main` struct's initializer in SwiftUI). Read more: https://firebase.google.com/docs/ios/setup#initialize_firebase_in_your_app
Test Case '-[Yoga_of_EatingTests.MainViewModelHighlightTests test_updateHighlightSleepQuality_nil_clearsLegacyReflectionSleepQuality]' passed (0.001 seconds).
Test Case '-[Yoga_of_EatingTests.MainViewModelHighlightTests test_updateHighlightSleepQuality_nil_clearsSleepQuality]' started.
2026-05-15 06:39:07.060921+0530 Yoga of Eating[16765:136129] [[FirebaseCore]] 12.7.0 - [FirebaseCore][I-COR000003] The default Firebase app has not yet been configured. Add `FirebaseApp.configure()` to your application initialization. This can be done in in the App Delegate's application(_:didFinishLaunchingWithOptions:)` (or the `@main` struct's initializer in SwiftUI). Read more: https://firebase.google.com/docs/ios/setup#initialize_firebase_in_your_app
Test Case '-[Yoga_of_EatingTests.MainViewModelHighlightTests test_updateHighlightSleepQuality_nil_clearsSleepQuality]' passed (0.001 seconds).
Test Case '-[Yoga_of_EatingTests.MainViewModelHighlightTests test_updateHighlightSleepQuality_noOp_whenNotViewingToday]' started.
2026-05-15 06:39:07.061753+0530 Yoga of Eating[16765:136139] [[FirebaseCore]] 12.7.0 - [FirebaseCore][I-COR000003] The default Firebase app has not yet been configured. Add `FirebaseApp.configure()` to your application initialization. This can be done in in the App Delegate's application(_:didFinishLaunchingWithOptions:)` (or the `@main` struct's initializer in SwiftUI). Read more: https://firebase.google.com/docs/ios/setup#initialize_firebase_in_your_app
Test Case '-[Yoga_of_EatingTests.MainViewModelHighlightTests test_updateHighlightSleepQuality_noOp_whenNotViewingToday]' passed (0.001 seconds).
Test Case '-[Yoga_of_EatingTests.MainViewModelHighlightTests test_updateHighlightSleepQuality_persistsToSnapshot]' started.
2026-05-15 06:39:07.062557+0530 Yoga of Eating[16765:136129] [[FirebaseCore]] 12.7.0 - [FirebaseCore][I-COR000003] The default Firebase app has not yet been configured. Add `FirebaseApp.configure()` to your application initialization. This can be done in in the App Delegate's application(_:didFinishLaunchingWithOptions:)` (or the `@main` struct's initializer in SwiftUI). Read more: https://firebase.google.com/docs/ios/setup#initialize_firebase_in_your_app
Test Case '-[Yoga_of_EatingTests.MainViewModelHighlightTests test_updateHighlightSleepQuality_persistsToSnapshot]' passed (0.001 seconds).
Test Suite 'MainViewModelHighlightTests' passed at 2026-05-15 06:39:07.063.
	 Executed 19 tests, with 0 failures (0 unexpected) in 0.021 (0.028) seconds
Test Suite 'MainViewModelInsightUnificationTests' started at 2026-05-15 06:39:07.063.
Test Case '-[Yoga_of_EatingTests.MainViewModelInsightUnificationTests test_currentInsight_isNil_onInit]' started.
2026-05-15 06:39:07.063643+0530 Yoga of Eating[16765:136131] [[FirebaseCore]] 12.7.0 - [FirebaseCore][I-COR000003] The default Firebase app has not yet been configured. Add `FirebaseApp.configure()` to your application initialization. This can be done in in the App Delegate's application(_:didFinishLaunchingWithOptions:)` (or the `@main` struct's initializer in SwiftUI). Read more: https://firebase.google.com/docs/ios/setup#initialize_firebase_in_your_app
Test Case '-[Yoga_of_EatingTests.MainViewModelInsightUnificationTests test_currentInsight_isNil_onInit]' passed (0.000 seconds).
Test Case '-[Yoga_of_EatingTests.MainViewModelInsightUnificationTests test_currentInsight_isUnifiedType]' started.
2026-05-15 06:39:07.064368+0530 Yoga of Eating[16765:136133] [[FirebaseCore]] 12.7.0 - [FirebaseCore][I-COR000003] The default Firebase app has not yet been configured. Add `FirebaseApp.configure()` to your application initialization. This can be done in in the App Delegate's application(_:didFinishLaunchingWithOptions:)` (or the `@main` struct's initializer in SwiftUI). Read more: https://firebase.google.com/docs/ios/setup#initialize_firebase_in_your_app
Test Case '-[Yoga_of_EatingTests.MainViewModelInsightUnificationTests test_currentInsight_isUnifiedType]' passed (0.000 seconds).
Test Case '-[Yoga_of_EatingTests.MainViewModelInsightUnificationTests test_dismissInsight_closesSheet]' started.
2026-05-15 06:39:07.065035+0530 Yoga of Eating[16765:136129] [[FirebaseCore]] 12.7.0 - [FirebaseCore][I-COR000003] The default Firebase app has not yet been configured. Add `FirebaseApp.configure()` to your application initialization. This can be done in in the App Delegate's application(_:didFinishLaunchingWithOptions:)` (or the `@main` struct's initializer in SwiftUI). Read more: https://firebase.google.com/docs/ios/setup#initialize_firebase_in_your_app
Test Case '-[Yoga_of_EatingTests.MainViewModelInsightUnificationTests test_dismissInsight_closesSheet]' passed (0.000 seconds).
Test Case '-[Yoga_of_EatingTests.MainViewModelInsightUnificationTests test_dismissInsight_marksInsightAsViewed]' started.
2026-05-15 06:39:07.065685+0530 Yoga of Eating[16765:136129] [[FirebaseCore]] 12.7.0 - [FirebaseCore][I-COR000003] The default Firebase app has not yet been configured. Add `FirebaseApp.configure()` to your application initialization. This can be done in in the App Delegate's application(_:didFinishLaunchingWithOptions:)` (or the `@main` struct's initializer in SwiftUI). Read more: https://firebase.google.com/docs/ios/setup#initialize_firebase_in_your_app
Test Case '-[Yoga_of_EatingTests.MainViewModelInsightUnificationTests test_dismissInsight_marksInsightAsViewed]' passed (0.000 seconds).
Test Case '-[Yoga_of_EatingTests.MainViewModelInsightUnificationTests test_hasUnreadInsight_falseAfterViewed]' started.
2026-05-15 06:39:07.066411+0530 Yoga of Eating[16765:136139] [[FirebaseCore]] 12.7.0 - [FirebaseCore][I-COR000003] The default Firebase app has not yet been configured. Add `FirebaseApp.configure()` to your application initialization. This can be done in in the App Delegate's application(_:didFinishLaunchingWithOptions:)` (or the `@main` struct's initializer in SwiftUI). Read more: https://firebase.google.com/docs/ios/setup#initialize_firebase_in_your_app
Test Case '-[Yoga_of_EatingTests.MainViewModelInsightUnificationTests test_hasUnreadInsight_falseAfterViewed]' passed (0.000 seconds).
Test Case '-[Yoga_of_EatingTests.MainViewModelInsightUnificationTests test_hasUnreadInsight_falseWhenNil]' started.
2026-05-15 06:39:07.067433+0530 Yoga of Eating[16765:136139] [[FirebaseCore]] 12.7.0 - [FirebaseCore][I-COR000003] The default Firebase app has not yet been configured. Add `FirebaseApp.configure()` to your application initialization. This can be done in in the App Delegate's application(_:didFinishLaunchingWithOptions:)` (or the `@main` struct's initializer in SwiftUI). Read more: https://firebase.google.com/docs/ios/setup#initialize_firebase_in_your_app
Test Case '-[Yoga_of_EatingTests.MainViewModelInsightUnificationTests test_hasUnreadInsight_falseWhenNil]' passed (0.001 seconds).
Test Case '-[Yoga_of_EatingTests.MainViewModelInsightUnificationTests test_hasUnreadInsight_trueWhenInsightNotViewed]' started.
2026-05-15 06:39:07.068293+0530 Yoga of Eating[16765:136127] [[FirebaseCore]] 12.7.0 - [FirebaseCore][I-COR000003] The default Firebase app has not yet been configured. Add `FirebaseApp.configure()` to your application initialization. This can be done in in the App Delegate's application(_:didFinishLaunchingWithOptions:)` (or the `@main` struct's initializer in SwiftUI). Read more: https://firebase.google.com/docs/ios/setup#initialize_firebase_in_your_app
Test Case '-[Yoga_of_EatingTests.MainViewModelInsightUnificationTests test_hasUnreadInsight_trueWhenInsightNotViewed]' passed (0.001 seconds).
Test Case '-[Yoga_of_EatingTests.MainViewModelInsightUnificationTests test_mainViewModel_hasNoInsightServiceProperty]' started.
2026-05-15 06:39:07.068941+0530 Yoga of Eating[16765:136127] [[FirebaseCore]] 12.7.0 - [FirebaseCore][I-COR000003] The default Firebase app has not yet been configured. Add `FirebaseApp.configure()` to your application initialization. This can be done in in the App Delegate's application(_:didFinishLaunchingWithOptions:)` (or the `@main` struct's initializer in SwiftUI). Read more: https://firebase.google.com/docs/ios/setup#initialize_firebase_in_your_app
2026-05-15 06:39:07.069056+0530 Yoga of Eating[16765:136127] [[FirebaseCore]] 12.7.0 - [FirebaseCore][I-COR000003] The default Firebase app has not yet been configured. Add `FirebaseApp.configure()` to your application initialization. This can be done in in the App Delegate's application(_:didFinishLaunchingWithOptions:)` (or the `@main` struct's initializer in SwiftUI). Read more: https://firebase.google.com/docs/ios/setup#initialize_firebase_in_your_app
Test Case '-[Yoga_of_EatingTests.MainViewModelInsightUnificationTests test_mainViewModel_hasNoInsightServiceProperty]' passed (0.007 seconds).
Test Case '-[Yoga_of_EatingTests.MainViewModelInsightUnificationTests test_resetDay_clearsCurrentInsight]' started.
2026-05-15 06:39:07.076531+0530 Yoga of Eating[16765:136139] [[FirebaseCore]] 12.7.0 - [FirebaseCore][I-COR000003] The default Firebase app has not yet been configured. Add `FirebaseApp.configure()` to your application initialization. This can be done in in the App Delegate's application(_:didFinishLaunchingWithOptions:)` (or the `@main` struct's initializer in SwiftUI). Read more: https://firebase.google.com/docs/ios/setup#initialize_firebase_in_your_app
Test Case '-[Yoga_of_EatingTests.MainViewModelInsightUnificationTests test_resetDay_clearsCurrentInsight]' passed (0.001 seconds).
Test Case '-[Yoga_of_EatingTests.MainViewModelInsightUnificationTests test_triggerInsightGeneration_callsLifecycleService]' started.
2026-05-15 06:39:07.077445+0530 Yoga of Eating[16765:136127] [[FirebaseCore]] 12.7.0 - [FirebaseCore][I-COR000003] The default Firebase app has not yet been configured. Add `FirebaseApp.configure()` to your application initialization. This can be done in in the App Delegate's application(_:didFinishLaunchingWithOptions:)` (or the `@main` struct's initializer in SwiftUI). Read more: https://firebase.google.com/docs/ios/setup#initialize_firebase_in_your_app
2026-05-15 06:39:07.080122+0530 Yoga of Eating[16765:136084] [Reflection] Failed to fetch HealthKit sleep data: Authorization not determined
2026-05-15 06:39:07.080270+0530 Yoga of Eating[16765:136084] [Reflection] Failed to fetch HealthKit sleep data: Authorization not determined
2026-05-15 06:39:07.080490+0530 Yoga of Eating[16765:136084] [Reflection] Failed to fetch HealthKit sleep data: Authorization not determined
2026-05-15 06:39:07.080847+0530 Yoga of Eating[16765:136084] [Reflection] Failed to fetch HealthKit sleep data: Authorization not determined
2026-05-15 06:39:07.081876+0530 Yoga of Eating[16765:136084] [Reflection] Failed to fetch HealthKit sleep data: Authorization not determined
2026-05-15 06:39:07.082391+0530 Yoga of Eating[16765:136084] [Reflection] Failed to fetch HealthKit sleep data: Authorization not determined
2026-05-15 06:39:07.082993+0530 Yoga of Eating[16765:136084] [Reflection] Failed to fetch HealthKit sleep data: Authorization not determined
2026-05-15 06:39:07.084176+0530 Yoga of Eating[16765:136084] [Reflection] Failed to fetch HealthKit sleep data: Authorization not determined
2026-05-15 06:39:07.085821+0530 Yoga of Eating[16765:136084] [Reflection] Failed to fetch HealthKit sleep data: Authorization not determined
2026-05-15 06:39:07.087523+0530 Yoga of Eating[16765:136084] [Reflection] Failed to fetch HealthKit sleep data: Authorization not determined
2026-05-15 06:39:07.087739+0530 Yoga of Eating[16765:136084] [Reflection] Failed to fetch HealthKit sleep data: Authorization not determined
2026-05-15 06:39:07.087993+0530 Yoga of Eating[16765:136084] [Reflection] Failed to fetch HealthKit sleep data: Authorization not determined
2026-05-15 06:39:07.088257+0530 Yoga of Eating[16765:136084] [Reflection] Failed to fetch HealthKit sleep data: Authorization not determined
2026-05-15 06:39:07.088758+0530 Yoga of Eating[16765:136084] [Reflection] Failed to fetch HealthKit sleep data: Authorization not determined
2026-05-15 06:39:07.089049+0530 Yoga of Eating[16765:136084] [Reflection] Failed to fetch HealthKit sleep data: Authorization not determined
2026-05-15 06:39:07.089475+0530 Yoga of Eating[16765:136084] [Reflection] Failed to fetch HealthKit sleep data: Authorization not determined
2026-05-15 06:39:07.089769+0530 Yoga of Eating[16765:136084] [Reflection] Failed to fetch HealthKit sleep data: Authorization not determined
2026-05-15 06:39:07.090149+0530 Yoga of Eating[16765:136084] [Reflection] Failed to fetch HealthKit sleep data: Authorization not determined
2026-05-15 06:39:07.090384+0530 Yoga of Eating[16765:136084] [Reflection] Failed to fetch HealthKit sleep data: Authorization not determined
2026-05-15 06:39:07.090636+0530 Yoga of Eating[16765:136084] [Reflection] Failed to fetch HealthKit sleep data: Authorization not determined
2026-05-15 06:39:07.090955+0530 Yoga of Eating[16765:136084] [Reflection] Failed to fetch HealthKit sleep data: Authorization not determined
2026-05-15 06:39:07.091338+0530 Yoga of Eating[16765:136084] [Reflection] Failed to fetch HealthKit sleep data: Authorization not determined
2026-05-15 06:39:07.091662+0530 Yoga of Eating[16765:136084] [Reflection] Failed to fetch HealthKit sleep data: Authorization not determined
2026-05-15 06:39:07.091973+0530 Yoga of Eating[16765:136084] [Reflection] Failed to fetch HealthKit sleep data: Authorization not determined
2026-05-15 06:39:07.092215+0530 Yoga of Eating[16765:136084] [Reflection] Failed to fetch HealthKit sleep data: Authorization not determined
2026-05-15 06:39:07.092604+0530 Yoga of Eating[16765:136084] [Reflection] Failed to fetch HealthKit sleep data: Authorization not determined
2026-05-15 06:39:07.092848+0530 Yoga of Eating[16765:136084] [Reflection] Failed to fetch HealthKit sleep data: Authorization not determined
FirebaseAuth/Auth.swift:155: Fatal error: The default FirebaseApp instance must be configured before the default Auth instance can be initialized. One way to ensure this is to call `FirebaseApp.configure()` in the App Delegate's `application(_:didFinishLaunchingWithOptions:)` (or the `@main` struct's initializer in SwiftUI).
2026-05-15 06:39:07.093000+0530 Yoga of Eating[16765:136084] FirebaseAuth/Auth.swift:155: Fatal error: The default FirebaseApp instance must be configured before the default Auth instance can be initialized. One way to ensure this is to call `FirebaseApp.configure()` in the App Delegate's `application(_:didFinishLaunchingWithOptions:)` (or the `@main` struct's initializer in SwiftUI).
2026-05-15 06:39:29.001999+0530 Yoga of Eating[16809:136624] [[FirebaseCore]] 12.7.0 - [FirebaseCore][I-COR000003] The default Firebase app has not yet been configured. Add `FirebaseApp.configure()` to your application initialization. This can be done in in the App Delegate's application(_:didFinishLaunchingWithOptions:)` (or the `@main` struct's initializer in SwiftUI). Read more: https://firebase.google.com/docs/ios/setup#initialize_firebase_in_your_app
2026-05-15 06:39:29.002737+0530 Yoga of Eating[16809:136624] [[FirebaseCore]] 12.7.0 - [FirebaseCore][I-COR000003] The default Firebase app has not yet been configured. Add `FirebaseApp.configure()` to your application initialization. This can be done in in the App Delegate's application(_:didFinishLaunchingWithOptions:)` (or the `@main` struct's initializer in SwiftUI). Read more: https://firebase.google.com/docs/ios/setup#initialize_firebase_in_your_app
2026-05-15 06:39:29.007145+0530 Yoga of Eating[16809:136621] [[FirebaseCore]] 12.7.0 - [FirebaseCore][I-COR000003] The default Firebase app has not yet been configured. Add `FirebaseApp.configure()` to your application initialization. This can be done in in the App Delegate's application(_:didFinishLaunchingWithOptions:)` (or the `@main` struct's initializer in SwiftUI). Read more: https://firebase.google.com/docs/ios/setup#initialize_firebase_in_your_app
2026-05-15 06:39:29.007669+0530 Yoga of Eating[16809:136621] [[FirebaseCore]] 12.7.0 - [FirebaseCore][I-COR000003] The default Firebase app has not yet been configured. Add `FirebaseApp.configure()` to your application initialization. This can be done in in the App Delegate's application(_:didFinishLaunchingWithOptions:)` (or the `@main` struct's initializer in SwiftUI). Read more: https://firebase.google.com/docs/ios/setup#initialize_firebase_in_your_app
2026-05-15 06:39:29.100841+0530 Yoga of Eating[16809:136624] [[FirebaseCore]] 12.7.0 - [FirebaseCore][I-COR000003] The default Firebase app has not yet been configured. Add `FirebaseApp.configure()` to your application initialization. This can be done in in the App Delegate's application(_:didFinishLaunchingWithOptions:)` (or the `@main` struct's initializer in SwiftUI). Read more: https://firebase.google.com/docs/ios/setup#initialize_firebase_in_your_app
2026-05-15 06:39:29.103443+0530 Yoga of Eating[16809:136592] [Auth] No previous session to restore: We couldn't restore your session. Please sign in again.
2026-05-15 06:39:29.137009+0530 Yoga of Eating[16809:136621] [ActivityData] Energy query failed: Authorization not determined
2026-05-15 06:39:29.137075+0530 Yoga of Eating[16809:136621] [ActivityData] Energy query failed: Authorization not determined

Restarting after unexpected exit, crash, or test timeout; summary will include totals from previous launches.

2026-05-15 06:39:29.215594+0530 Yoga of Eating[16809:136592] [MainViewModel.Lifecycle] Activity data refreshed
2026-05-15 06:39:29.230042+0530 Yoga of Eating[16809:136628] Could not get attrs using token.pid for connection com.apple.xpc.anonymous.0x10d685cc0.peer[15846].0x10d451c80, pid -1: 144: Requestor lacks required entitlement
Test Suite 'Selected tests' started at 2026-05-15 06:39:29.249.
Test Suite 'Yoga of EatingTests.xctest' started at 2026-05-15 06:39:29.249.
Test Suite 'MainViewModelInsightUnificationTests' started at 2026-05-15 06:39:29.249.
Test Case '-[Yoga_of_EatingTests.MainViewModelInsightUnificationTests test_triggerInsightGeneration_isIdempotent_whenInsightAlreadyExistsForToday]' started.
2026-05-15 06:39:29.250419+0530 Yoga of Eating[16809:136623] [[FirebaseCore]] 12.7.0 - [FirebaseCore][I-COR000003] The default Firebase app has not yet been configured. Add `FirebaseApp.configure()` to your application initialization. This can be done in in the App Delegate's application(_:didFinishLaunchingWithOptions:)` (or the `@main` struct's initializer in SwiftUI). Read more: https://firebase.google.com/docs/ios/setup#initialize_firebase_in_your_app
Test Case '-[Yoga_of_EatingTests.MainViewModelInsightUnificationTests test_triggerInsightGeneration_isIdempotent_whenInsightAlreadyExistsForToday]' passed (0.059 seconds).
Test Case '-[Yoga_of_EatingTests.MainViewModelInsightUnificationTests test_triggerInsightGeneration_setsCurrentInsight_onSuccess]' started.
2026-05-15 06:39:29.309937+0530 Yoga of Eating[16809:136621] [[FirebaseCore]] 12.7.0 - [FirebaseCore][I-COR000003] The default Firebase app has not yet been configured. Add `FirebaseApp.configure()` to your application initialization. This can be done in in the App Delegate's application(_:didFinishLaunchingWithOptions:)` (or the `@main` struct's initializer in SwiftUI). Read more: https://firebase.google.com/docs/ios/setup#initialize_firebase_in_your_app
2026-05-15 06:39:29.320878+0530 Yoga of Eating[16809:136592] [Reflection] Failed to fetch HealthKit sleep data: Authorization not determined
2026-05-15 06:39:29.321571+0530 Yoga of Eating[16809:136592] [Reflection] Failed to fetch HealthKit sleep data: Authorization not determined
2026-05-15 06:39:29.322104+0530 Yoga of Eating[16809:136592] [Reflection] Failed to fetch HealthKit sleep data: Authorization not determined
FirebaseAuth/Auth.swift:155: Fatal error: The default FirebaseApp instance must be configured before the default Auth instance can be initialized. One way to ensure this is to call `FirebaseApp.configure()` in the App Delegate's `application(_:didFinishLaunchingWithOptions:)` (or the `@main` struct's initializer in SwiftUI).
2026-05-15 06:39:29.322208+0530 Yoga of Eating[16809:136592] FirebaseAuth/Auth.swift:155: Fatal error: The default FirebaseApp instance must be configured before the default Auth instance can be initialized. One way to ensure this is to call `FirebaseApp.configure()` in the App Delegate's `application(_:didFinishLaunchingWithOptions:)` (or the `@main` struct's initializer in SwiftUI).
2026-05-15 06:39:51.546206+0530 Yoga of Eating[16836:137032] [[FirebaseCore]] 12.7.0 - [FirebaseCore][I-COR000003] The default Firebase app has not yet been configured. Add `FirebaseApp.configure()` to your application initialization. This can be done in in the App Delegate's application(_:didFinishLaunchingWithOptions:)` (or the `@main` struct's initializer in SwiftUI). Read more: https://firebase.google.com/docs/ios/setup#initialize_firebase_in_your_app
2026-05-15 06:39:51.546956+0530 Yoga of Eating[16836:137032] [[FirebaseCore]] 12.7.0 - [FirebaseCore][I-COR000003] The default Firebase app has not yet been configured. Add `FirebaseApp.configure()` to your application initialization. This can be done in in the App Delegate's application(_:didFinishLaunchingWithOptions:)` (or the `@main` struct's initializer in SwiftUI). Read more: https://firebase.google.com/docs/ios/setup#initialize_firebase_in_your_app
2026-05-15 06:39:51.551118+0530 Yoga of Eating[16836:137035] [[FirebaseCore]] 12.7.0 - [FirebaseCore][I-COR000003] The default Firebase app has not yet been configured. Add `FirebaseApp.configure()` to your application initialization. This can be done in in the App Delegate's application(_:didFinishLaunchingWithOptions:)` (or the `@main` struct's initializer in SwiftUI). Read more: https://firebase.google.com/docs/ios/setup#initialize_firebase_in_your_app
2026-05-15 06:39:51.551694+0530 Yoga of Eating[16836:137035] [[FirebaseCore]] 12.7.0 - [FirebaseCore][I-COR000003] The default Firebase app has not yet been configured. Add `FirebaseApp.configure()` to your application initialization. This can be done in in the App Delegate's application(_:didFinishLaunchingWithOptions:)` (or the `@main` struct's initializer in SwiftUI). Read more: https://firebase.google.com/docs/ios/setup#initialize_firebase_in_your_app
2026-05-15 06:39:51.622772+0530 Yoga of Eating[16836:137035] [[FirebaseCore]] 12.7.0 - [FirebaseCore][I-COR000003] The default Firebase app has not yet been configured. Add `FirebaseApp.configure()` to your application initialization. This can be done in in the App Delegate's application(_:didFinishLaunchingWithOptions:)` (or the `@main` struct's initializer in SwiftUI). Read more: https://firebase.google.com/docs/ios/setup#initialize_firebase_in_your_app
2026-05-15 06:39:51.625909+0530 Yoga of Eating[16836:137001] [Auth] No previous session to restore: We couldn't restore your session. Please sign in again.
2026-05-15 06:39:51.648032+0530 Yoga of Eating[16836:137035] [ActivityData] Energy query failed: Authorization not determined
2026-05-15 06:39:51.659823+0530 Yoga of Eating[16836:137035] [ActivityData] Energy query failed: Authorization not determined

Restarting after unexpected exit, crash, or test timeout; summary will include totals from previous launches.

2026-05-15 06:39:51.735678+0530 Yoga of Eating[16836:137001] [MainViewModel.Lifecycle] Activity data refreshed
2026-05-15 06:39:51.748984+0530 Yoga of Eating[16836:137035] Could not get attrs using token.pid for connection com.apple.xpc.anonymous.0x10be85cc0.peer[15846].0x10bc51c80, pid -1: 144: Requestor lacks required entitlement
Test Suite 'Selected tests' started at 2026-05-15 06:39:51.769.
Test Suite 'Yoga of EatingTests.xctest' started at 2026-05-15 06:39:51.769.
Test Suite 'MainViewModelInsightUnificationTests' started at 2026-05-15 06:39:51.769.
Test Suite 'MainViewModelInsightUnificationTests' passed at 2026-05-15 06:39:51.769.
	 Executed 0 tests, with 0 failures (0 unexpected) in 0.000 (0.000) seconds
Test Suite 'MainViewModelProtocolTests' started at 2026-05-15 06:39:51.770.
Test Case '-[Yoga_of_EatingTests.MainViewModelProtocolTests test_historicalDataService_setMainViewModel_isCalledOnInit]' started.
2026-05-15 06:39:51.770791+0530 Yoga of Eating[16836:137033] [[FirebaseCore]] 12.7.0 - [FirebaseCore][I-COR000003] The default Firebase app has not yet been configured. Add `FirebaseApp.configure()` to your application initialization. This can be done in in the App Delegate's application(_:didFinishLaunchingWithOptions:)` (or the `@main` struct's initializer in SwiftUI). Read more: https://firebase.google.com/docs/ios/setup#initialize_firebase_in_your_app
2026-05-15 06:39:51.770931+0530 Yoga of Eating[16836:137033] [[FirebaseCore]] 12.7.0 - [FirebaseCore][I-COR000003] The default Firebase app has not yet been configured. Add `FirebaseApp.configure()` to your application initialization. This can be done in in the App Delegate's application(_:didFinishLaunchingWithOptions:)` (or the `@main` struct's initializer in SwiftUI). Read more: https://firebase.google.com/docs/ios/setup#initialize_firebase_in_your_app
Test Case '-[Yoga_of_EatingTests.MainViewModelProtocolTests test_historicalDataService_setMainViewModel_isCalledOnInit]' passed (0.002 seconds).
Test Case '-[Yoga_of_EatingTests.MainViewModelProtocolTests test_historicalDataService_setMainViewModel_receivesMainViewModelInstance]' started.
Test Case '-[Yoga_of_EatingTests.MainViewModelProtocolTests test_historicalDataService_setMainViewModel_receivesMainViewModelInstance]' passed (0.000 seconds).
2026-05-15 06:39:51.772800+0530 Yoga of Eating[16836:137033] [[FirebaseCore]] 12.7.0 - [FirebaseCore][I-COR000003] The default Firebase app has not yet been configured. Add `FirebaseApp.configure()` to your application initialization. This can be done in in the App Delegate's application(_:didFinishLaunchingWithOptions:)` (or the `@main` struct's initializer in SwiftUI). Read more: https://firebase.google.com/docs/ios/setup#initialize_firebase_in_your_app
2026-05-15 06:39:51.772993+0530 Yoga of Eating[16836:137033] [[FirebaseCore]] 12.7.0 - [FirebaseCore][I-COR000003] The default Firebase app has not yet been configured. Add `FirebaseApp.configure()` to your application initialization. This can be done in in the App Delegate's application(_:didFinishLaunchingWithOptions:)` (or the `@main` struct's initializer in SwiftUI). Read more: https://firebase.google.com/docs/ios/setup#initialize_firebase_in_your_app
Test Case '-[Yoga_of_EatingTests.MainViewModelProtocolTests test_mainViewModel_conformsToMainViewModelProtocol]' started.
2026-05-15 06:39:51.773852+0530 Yoga of Eating[16836:137032] [[FirebaseCore]] 12.7.0 - [FirebaseCore][I-COR000003] The default Firebase app has not yet been configured. Add `FirebaseApp.configure()` to your application initialization. This can be done in in the App Delegate's application(_:didFinishLaunchingWithOptions:)` (or the `@main` struct's initializer in SwiftUI). Read more: https://firebase.google.com/docs/ios/setup#initialize_firebase_in_your_app
2026-05-15 06:39:51.773984+0530 Yoga of Eating[16836:137032] [[FirebaseCore]] 12.7.0 - [FirebaseCore][I-COR000003] The default Firebase app has not yet been configured. Add `FirebaseApp.configure()` to your application initialization. This can be done in in the App Delegate's application(_:didFinishLaunchingWithOptions:)` (or the `@main` struct's initializer in SwiftUI). Read more: https://firebase.google.com/docs/ios/setup#initialize_firebase_in_your_app
Test Case '-[Yoga_of_EatingTests.MainViewModelProtocolTests test_mainViewModel_conformsToMainViewModelProtocol]' passed (0.009 seconds).
Test Case '-[Yoga_of_EatingTests.MainViewModelProtocolTests test_mainViewModel_init_doesNotRequireConcreteHistoricalDataService]' started.
Test Case '-[Yoga_of_EatingTests.MainViewModelProtocolTests test_mainViewModel_init_doesNotRequireConcreteHistoricalDataService]' passed (0.001 seconds).
Test Suite 'MainViewModelProtocolTests' passed at 2026-05-15 06:39:51.783.
	 Executed 4 tests, with 0 failures (0 unexpected) in 0.012 (0.014) seconds
2026-05-15 06:39:51.783025+0530 Yoga of Eating[16836:137033] [[FirebaseCore]] 12.7.0 - [FirebaseCore][I-COR000003] The default Firebase app has not yet been configured. Add `FirebaseApp.configure()` to your application initialization. This can be done in in the App Delegate's application(_:didFinishLaunchingWithOptions:)` (or the `@main` struct's initializer in SwiftUI). Read more: https://firebase.google.com/docs/ios/setup#initialize_firebase_in_your_app
Test Suite 'MainViewModelReflectTests' started at 2026-05-15 06:39:51.783.
Test Case '-[Yoga_of_EatingTests.MainViewModelReflectTests test_toggleTodoAccomplished_noOp_whenNotViewingToday]' started.
2026-05-15 06:39:51.783771+0530 Yoga of Eating[16836:137033] [[FirebaseCore]] 12.7.0 - [FirebaseCore][I-COR000003] The default Firebase app has not yet been configured. Add `FirebaseApp.configure()` to your application initialization. This can be done in in the App Delegate's application(_:didFinishLaunchingWithOptions:)` (or the `@main` struct's initializer in SwiftUI). Read more: https://firebase.google.com/docs/ios/setup#initialize_firebase_in_your_app
2026-05-15 06:39:51.783912+0530 Yoga of Eating[16836:137033] [[FirebaseCore]] 12.7.0 - [FirebaseCore][I-COR000003] The default Firebase app has not yet been configured. Add `FirebaseApp.configure()` to your application initialization. This can be done in in the App Delegate's application(_:didFinishLaunchingWithOptions:)` (or the `@main` struct's initializer in SwiftUI). Read more: https://firebase.google.com/docs/ios/setup#initialize_firebase_in_your_app
Test Case '-[Yoga_of_EatingTests.MainViewModelReflectTests test_toggleTodoAccomplished_noOp_whenNotViewingToday]' passed (0.009 seconds).
Test Case '-[Yoga_of_EatingTests.MainViewModelReflectTests test_toggleTodoAccomplished_setsAccomplishedTrue]' started.
2026-05-15 06:39:51.793252+0530 Yoga of Eating[16836:137032] [[FirebaseCore]] 12.7.0 - [FirebaseCore][I-COR000003] The default Firebase app has not yet been configured. Add `FirebaseApp.configure()` to your application initialization. This can be done in in the App Delegate's application(_:didFinishLaunchingWithOptions:)` (or the `@main` struct's initializer in SwiftUI). Read more: https://firebase.google.com/docs/ios/setup#initialize_firebase_in_your_app
Test Case '-[Yoga_of_EatingTests.MainViewModelReflectTests test_toggleTodoAccomplished_setsAccomplishedTrue]' passed (0.001 seconds).
Test Case '-[Yoga_of_EatingTests.MainViewModelReflectTests test_toggleTodoAccomplished_togglesBackToFalse]' started.
2026-05-15 06:39:51.793940+0530 Yoga of Eating[16836:137032] [[FirebaseCore]] 12.7.0 - [FirebaseCore][I-COR000003] The default Firebase app has not yet been configured. Add `FirebaseApp.configure()` to your application initialization. This can be done in in the App Delegate's application(_:didFinishLaunchingWithOptions:)` (or the `@main` struct's initializer in SwiftUI). Read more: https://firebase.google.com/docs/ios/setup#initialize_firebase_in_your_app
Test Case '-[Yoga_of_EatingTests.MainViewModelReflectTests test_toggleTodoAccomplished_togglesBackToFalse]' passed (0.000 seconds).
Test Case '-[Yoga_of_EatingTests.MainViewModelReflectTests test_toggleTodoAccomplished_unknownId_doesNothing]' started.
2026-05-15 06:39:51.794494+0530 Yoga of Eating[16836:137033] [[FirebaseCore]] 12.7.0 - [FirebaseCore][I-COR000003] The default Firebase app has not yet been configured. Add `FirebaseApp.configure()` to your application initialization. This can be done in in the App Delegate's application(_:didFinishLaunchingWithOptions:)` (or the `@main` struct's initializer in SwiftUI). Read more: https://firebase.google.com/docs/ios/setup#initialize_firebase_in_your_app
Test Case '-[Yoga_of_EatingTests.MainViewModelReflectTests test_toggleTodoAccomplished_unknownId_doesNothing]' passed (0.000 seconds).
Test Case '-[Yoga_of_EatingTests.MainViewModelReflectTests test_toggleTodoAccomplished_updatesHighlightDataAsSourceOfTruth]' started.
2026-05-15 06:39:51.795073+0530 Yoga of Eating[16836:137031] [[FirebaseCore]] 12.7.0 - [FirebaseCore][I-COR000003] The default Firebase app has not yet been configured. Add `FirebaseApp.configure()` to your application initialization. This can be done in in the App Delegate's application(_:didFinishLaunchingWithOptions:)` (or the `@main` struct's initializer in SwiftUI). Read more: https://firebase.google.com/docs/ios/setup#initialize_firebase_in_your_app
Test Case '-[Yoga_of_EatingTests.MainViewModelReflectTests test_toggleTodoAccomplished_updatesHighlightDataAsSourceOfTruth]' passed (0.000 seconds).
Test Case '-[Yoga_of_EatingTests.MainViewModelReflectTests test_updateReflectFeeling_alsoMirrorsToLegacyReflection]' started.
2026-05-15 06:39:51.795680+0530 Yoga of Eating[16836:137031] [[FirebaseCore]] 12.7.0 - [FirebaseCore][I-COR000003] The default Firebase app has not yet been configured. Add `FirebaseApp.configure()` to your application initialization. This can be done in in the App Delegate's application(_:didFinishLaunchingWithOptions:)` (or the `@main` struct's initializer in SwiftUI). Read more: https://firebase.google.com/docs/ios/setup#initialize_firebase_in_your_app
Test Case '-[Yoga_of_EatingTests.MainViewModelReflectTests test_updateReflectFeeling_alsoMirrorsToLegacyReflection]' passed (0.000 seconds).
Test Case '-[Yoga_of_EatingTests.MainViewModelReflectTests test_updateReflectFeeling_nil_clearsFeelingInSnapshot]' started.
2026-05-15 06:39:51.796775+0530 Yoga of Eating[16836:137032] [[FirebaseCore]] 12.7.0 - [FirebaseCore][I-COR000003] The default Firebase app has not yet been configured. Add `FirebaseApp.configure()` to your application initialization. This can be done in in the App Delegate's application(_:didFinishLaunchingWithOptions:)` (or the `@main` struct's initializer in SwiftUI). Read more: https://firebase.google.com/docs/ios/setup#initialize_firebase_in_your_app
Test Case '-[Yoga_of_EatingTests.MainViewModelReflectTests test_updateReflectFeeling_nil_clearsFeelingInSnapshot]' passed (0.001 seconds).
Test Case '-[Yoga_of_EatingTests.MainViewModelReflectTests test_updateReflectFeeling_nil_clearsLegacyReflectionFeeling]' started.
2026-05-15 06:39:51.797299+0530 Yoga of Eating[16836:137032] [[FirebaseCore]] 12.7.0 - [FirebaseCore][I-COR000003] The default Firebase app has not yet been configured. Add `FirebaseApp.configure()` to your application initialization. This can be done in in the App Delegate's application(_:didFinishLaunchingWithOptions:)` (or the `@main` struct's initializer in SwiftUI). Read more: https://firebase.google.com/docs/ios/setup#initialize_firebase_in_your_app
Test Case '-[Yoga_of_EatingTests.MainViewModelReflectTests test_updateReflectFeeling_nil_clearsLegacyReflectionFeeling]' passed (0.000 seconds).
Test Case '-[Yoga_of_EatingTests.MainViewModelReflectTests test_updateReflectFeeling_noOp_whenNotViewingToday]' started.
Test Case '-[Yoga_of_EatingTests.MainViewModelReflectTests test_updateReflectFeeling_noOp_whenNotViewingToday]' passed (0.000 seconds).
Test Case '-[Yoga_of_EatingTests.MainViewModelReflectTests test_updateReflectFeeling_persistsToSnapshot]'2026-05-15 06:39:51.797858+0530 Yoga of Eating[16836:137032] [[FirebaseCore]] 12.7.0 - [FirebaseCore][I-COR000003] The default Firebase app has not yet been configured. Add `FirebaseApp.configure()` to your application initialization. This can be done in in the App Delegate's application(_:didFinishLaunchingWithOptions:)` (or the `@main` struct's initializer in SwiftUI). Read more: https://firebase.google.com/docs/ios/setup#initialize_firebase_in_your_app
 started.
Test Case '-[Yoga_of_EatingTests.MainViewModelReflectTests test_updateReflectFeeling_persistsToSnapshot]' passed (0.002 seconds).
Test Case '-[Yoga_of_EatingTests.MainViewModelReflectTests test_updateReflectJournalText_emptyString_setsNil]' started.
Test Case '-[Yoga_of_EatingTests.MainViewModelReflectTests test_updateReflectJournalText_emptyString_setsNil]' passed (0.000 seconds).
Test Case '-[Yoga_of_EatingTests.MainViewModelReflectTests test_updateReflectJournalText_noOp_whenNotViewingToday]' started.
2026-05-15 06:39:51.800324+0530 Yoga of Eating[16836:137042] [[FirebaseCore]] 12.7.0 - [FirebaseCore][I-COR000003] The default Firebase app has not yet been configured. Add `FirebaseApp.configure()` to your application initialization. This can be done in in the App Delegate's application(_:didFinishLaunchingWithOptions:)` (or the `@main` struct's initializer in SwiftUI). Read more: https://firebase.google.com/docs/ios/setup#initialize_firebase_in_your_app
Test Case '-[Yoga_of_EatingTests.MainViewModelReflectTests test_updateReflectJournalText_noOp_whenNotViewingToday]' passed (0.000 seconds).
2026-05-15 06:39:51.801308+0530 Yoga of Eating[16836:137042] [[FirebaseCore]] 12.7.0 - [FirebaseCore][I-COR000003] The default Firebase app has not yet been configured. Add `FirebaseApp.configure()` to your application initialization. This can be done in in the App Delegate's application(_:didFinishLaunchingWithOptions:)` (or the `@main` struct's initializer in SwiftUI). Read more: https://firebase.google.com/docs/ios/setup#initialize_firebase_in_your_app
Test Case '-[Yoga_of_EatingTests.MainViewModelReflectTests test_updateReflectJournalText_persistsToSnapshot]' started.
2026-05-15 06:39:51.803359+0530 Yoga of Eating[16836:137042] [[FirebaseCore]] 12.7.0 - [FirebaseCore][I-COR000003] The default Firebase app has not yet been configured. Add `FirebaseApp.configure()` to your application initialization. This can be done in in the App Delegate's application(_:didFinishLaunchingWithOptions:)` (or the `@main` struct's initializer in SwiftUI). Read more: https://firebase.google.com/docs/ios/setup#initialize_firebase_in_your_app
2026-05-15 06:39:51.803534+0530 Yoga of Eating[16836:137042] [[FirebaseCore]] 12.7.0 - [FirebaseCore][I-COR000003] The default Firebase app has not yet been configured. Add `FirebaseApp.configure()` to your application initialization. This can be done in in the App Delegate's application(_:didFinishLaunchingWithOptions:)` (or the `@main` struct's initializer in SwiftUI). Read more: https://firebase.google.com/docs/ios/setup#initialize_firebase_in_your_app
Test Case '-[Yoga_of_EatingTests.MainViewModelReflectTests test_updateReflectJournalText_persistsToSnapshot]' passed (0.002 seconds).
Test Case '-[Yoga_of_EatingTests.MainViewModelReflectTests test_updateReflectJournalText_updatesExistingEntry]' started.
2026-05-15 06:39:51.804098+0530 Yoga of Eating[16836:137031] [[FirebaseCore]] 12.7.0 - [FirebaseCore][I-COR000003] The default Firebase app has not yet been configured. Add `FirebaseApp.configure()` to your application initialization. This can be done in in the App Delegate's application(_:didFinishLaunchingWithOptions:)` (or the `@main` struct's initializer in SwiftUI). Read more: https://firebase.google.com/docs/ios/setup#initialize_firebase_in_your_app
Test Case '-[Yoga_of_EatingTests.MainViewModelReflectTests test_updateReflectJournalText_updatesExistingEntry]' passed (0.000 seconds).
Test Suite 'MainViewModelReflectTests' passed at 2026-05-15 06:39:51.804.
	 Executed 14 tests, with 0 failures (0 unexpected) in 0.019 (0.021) seconds
Test Suite 'MainViewModelTests' started at 2026-05-15 06:39:51.805.
Test Case '-[Yoga_of_EatingTests.MainViewModelTests test_addingMeal_updatesStateAndMeals]' started.
2026-05-15 06:39:51.804939+0530 Yoga of Eating[16836:137033] [[FirebaseCore]] 12.7.0 - [FirebaseCore][I-COR000003] The default Firebase app has not yet been configured. Add `FirebaseApp.configure()` to your application initialization. This can be done in in the App Delegate's application(_:didFinishLaunchingWithOptions:)` (or the `@main` struct's initializer in SwiftUI). Read more: https://firebase.google.com/docs/ios/setup#initialize_firebase_in_your_app
Test Case '-[Yoga_of_EatingTests.MainViewModelTests test_addingMeal_updatesStateAndMeals]' passed (0.003 seconds).
Test Case '-[Yoga_of_EatingTests.MainViewModelTests test_copyMealToToday_createsNewMealWithTodayTimestamp]' started.
2026-05-15 06:39:51.807990+0530 Yoga of Eating[16836:137033] [[FirebaseCore]] 12.7.0 - [FirebaseCore][I-COR000003] The default Firebase app has not yet been configured. Add `FirebaseApp.configure()` to your application initialization. This can be done in in the App Delegate's application(_:didFinishLaunchingWithOptions:)` (or the `@main` struct's initializer in SwiftUI). Read more: https://firebase.google.com/docs/ios/setup#initialize_firebase_in_your_app
Test Case '-[Yoga_of_EatingTests.MainViewModelTests test_copyMealToToday_createsNewMealWithTodayTimestamp]' passed (0.000 seconds).
Test Case '-[Yoga_of_EatingTests.MainViewModelTests test_copyMealToToday_preservesItemsAndMealType]' started.
2026-05-15 06:39:51.808501+0530 Yoga of Eating[16836:137031] [[FirebaseCore]] 12.7.0 - [FirebaseCore][I-COR000003] The default Firebase app has not yet been configured. Add `FirebaseApp.configure()` to your application initialization. This can be done in in the App Delegate's application(_:didFinishLaunchingWithOptions:)` (or the `@main` struct's initializer in SwiftUI). Read more: https://firebase.google.com/docs/ios/setup#initialize_firebase_in_your_app
Test Case '-[Yoga_of_EatingTests.MainViewModelTests test_copyMealToToday_preservesItemsAndMealType]' passed (0.000 seconds).
Test Case '-[Yoga_of_EatingTests.MainViewModelTests test_createNewMeal_capturesCurrentTimestamp]' started.
2026-05-15 06:39:51.809075+0530 Yoga of Eating[16836:137033] [[FirebaseCore]] 12.7.0 - [FirebaseCore][I-COR000003] The default Firebase app has not yet been configured. Add `FirebaseApp.configure()` to your application initialization. This can be done in in the App Delegate's application(_:didFinishLaunchingWithOptions:)` (or the `@main` struct's initializer in SwiftUI). Read more: https://firebase.google.com/docs/ios/setup#initialize_firebase_in_your_app
Test Case '-[Yoga_of_EatingTests.MainViewModelTests test_createNewMeal_capturesCurrentTimestamp]' passed (0.000 seconds).
Test Case '-[Yoga_of_EatingTests.MainViewModelTests test_createNewMeal_timestampIsSavedToPersistence]' started.
2026-05-15 06:39:51.809679+0530 Yoga of Eating[16836:137033] [[FirebaseCore]] 12.7.0 - [FirebaseCore][I-COR000003] The default Firebase app has not yet been configured. Add `FirebaseApp.configure()` to your application initialization. This can be done in in the App Delegate's application(_:didFinishLaunchingWithOptions:)` (or the `@main` struct's initializer in SwiftUI). Read more: https://firebase.google.com/docs/ios/setup#initialize_firebase_in_your_app
Test Case '-[Yoga_of_EatingTests.MainViewModelTests test_createNewMeal_timestampIsSavedToPersistence]' passed (0.000 seconds).
Test Case '-[Yoga_of_EatingTests.MainViewModelTests test_deleteAllData_clearsAllState]' started.
2026-05-15 06:39:51.810154+0530 Yoga of Eating[16836:137042] [[FirebaseCore]] 12.7.0 - [FirebaseCore][I-COR000003] The default Firebase app has not yet been configured. Add `FirebaseApp.configure()` to your application initialization. This can be done in in the App Delegate's application(_:didFinishLaunchingWithOptions:)` (or the `@main` struct's initializer in SwiftUI). Read more: https://firebase.google.com/docs/ios/setup#initialize_firebase_in_your_app
Test Case '-[Yoga_of_EatingTests.MainViewModelTests test_deleteAllData_clearsAllState]' passed (0.002 seconds).
Test Case '-[Yoga_of_EatingTests.MainViewModelTests test_deletingMeal_updatesState]' started.
2026-05-15 06:39:51.812423+0530 Yoga of Eating[16836:137032] [[FirebaseCore]] 12.7.0 - [FirebaseCore][I-COR000003] The default Firebase app has not yet been configured. Add `FirebaseApp.configure()` to your application initialization. This can be done in in the App Delegate's application(_:didFinishLaunchingWithOptions:)` (or the `@main` struct's initializer in SwiftUI). Read more: https://firebase.google.com/docs/ios/setup#initialize_firebase_in_your_app
2026-05-15 06:39:51.812788+0530 Yoga of Eating[16836:137001] [MainViewModel.Lifecycle] Cloud restore skipped — user has explicitly deleted all data on this device.
2026-05-15 06:39:51.828961+0530 Yoga of Eating[16836:137001] [plugin] AddInstanceForFactory: No factory registered for id <CFUUID 0x10bf3a920> F8BB1C28-BAE8-11D6-9C31-00039315CD46
Test Case '-[Yoga_of_EatingTests.MainViewModelTests test_deletingMeal_updatesState]' passed (0.029 seconds).
Test Case '-[Yoga_of_EatingTests.MainViewModelTests test_fastingPeriods_emptyForSingleMeal]' started.
2026-05-15 06:39:51.842131+0530 Yoga of Eating[16836:137001] [MainViewModel.Lifecycle] Cloud restore skipped — user has explicitly deleted all data on this device.
2026-05-15 06:39:51.842179+0530 Yoga of Eating[16836:137042] [[FirebaseCore]] 12.7.0 - [FirebaseCore][I-COR000003] The default Firebase app has not yet been configured. Add `FirebaseApp.configure()` to your application initialization. This can be done in in the App Delegate's application(_:didFinishLaunchingWithOptions:)` (or the `@main` struct's initializer in SwiftUI). Read more: https://firebase.google.com/docs/ios/setup#initialize_firebase_in_your_app
Test Case '-[Yoga_of_EatingTests.MainViewModelTests test_fastingPeriods_emptyForSingleMeal]' passed (0.001 seconds).
Test Case '-[Yoga_of_EatingTests.MainViewModelTests test_fastingPeriods_isCachedCorrectly]' started.
2026-05-15 06:39:51.842804+0530 Yoga of Eating[16836:137001] [MainViewModel.Lifecycle] Cloud restore skipped — user has explicitly deleted all data on this device.
2026-05-15 06:39:51.842809+0530 Yoga of Eating[16836:137032] [[FirebaseCore]] 12.7.0 - [FirebaseCore][I-COR000003] The default Firebase app has not yet been configured. Add `FirebaseApp.configure()` to your application initialization. This can be done in in the App Delegate's application(_:didFinishLaunchingWithOptions:)` (or the `@main` struct's initializer in SwiftUI). Read more: https://firebase.google.com/docs/ios/setup#initialize_firebase_in_your_app
Test Case '-[Yoga_of_EatingTests.MainViewModelTests test_fastingPeriods_isCachedCorrectly]' passed (0.000 seconds).
Test Case '-[Yoga_of_EatingTests.MainViewModelTests test_getRecentUniqueMeals_deduplicatesByItems]' started.
2026-05-15 06:39:51.843689+0530 Yoga of Eating[16836:137001] [MainViewModel.Lifecycle] Cloud restore skipped — user has explicitly deleted all data on this device.
2026-05-15 06:39:51.843693+0530 Yoga of Eating[16836:137032] [[FirebaseCore]] 12.7.0 - [FirebaseCore][I-COR000003] The default Firebase app has not yet been configured. Add `FirebaseApp.configure()` to your application initialization. This can be done in in the App Delegate's application(_:didFinishLaunchingWithOptions:)` (or the `@main` struct's initializer in SwiftUI). Read more: https://firebase.google.com/docs/ios/setup#initialize_firebase_in_your_app
Test Case '-[Yoga_of_EatingTests.MainViewModelTests test_getRecentUniqueMeals_deduplicatesByItems]' passed (0.001 seconds).
Test Case '-[Yoga_of_EatingTests.MainViewModelTests test_getRecentUniqueMeals_returnsEmptyWhenNoHistory]' started.
2026-05-15 06:39:51.844348+0530 Yoga of Eating[16836:137001] [MainViewModel.Lifecycle] Cloud restore skipped — user has explicitly deleted all data on this device.
2026-05-15 06:39:51.844409+0530 Yoga of Eating[16836:137042] [[FirebaseCore]] 12.7.0 - [FirebaseCore][I-COR000003] The default Firebase app has not yet been configured. Add `FirebaseApp.configure()` to your application initialization. This can be done in in the App Delegate's application(_:didFinishLaunchingWithOptions:)` (or the `@main` struct's initializer in SwiftUI). Read more: https://firebase.google.com/docs/ios/setup#initialize_firebase_in_your_app
Test Case '-[Yoga_of_EatingTests.MainViewModelTests test_getRecentUniqueMeals_returnsEmptyWhenNoHistory]' passed (0.000 seconds).
Test Case '-[Yoga_of_EatingTests.MainViewModelTests test_getRecentUniqueMeals_returnsLast3DaysMeals]' started.
2026-05-15 06:39:51.844867+0530 Yoga of Eating[16836:137001] [MainViewModel.Lifecycle] Cloud restore skipped — user has explicitly deleted all data on this device.
2026-05-15 06:39:51.844876+0530 Yoga of Eating[16836:137032] [[FirebaseCore]] 12.7.0 - [FirebaseCore][I-COR000003] The default Firebase app has not yet been configured. Add `FirebaseApp.configure()` to your application initialization. This can be done in in the App Delegate's application(_:didFinishLaunchingWithOptions:)` (or the `@main` struct's initializer in SwiftUI). Read more: https://firebase.google.com/docs/ios/setup#initialize_firebase_in_your_app
Test Case '-[Yoga_of_EatingTests.MainViewModelTests test_getRecentUniqueMeals_returnsLast3DaysMeals]' passed (0.000 seconds).
Test Case '-[Yoga_of_EatingTests.MainViewModelTests test_initialState_isNeutral]' started.
2026-05-15 06:39:51.846974+0530 Yoga of Eating[16836:137001] [MainViewModel.Lifecycle] Cloud restore skipped — user has explicitly deleted all data on this device.
Test Case '-[Yoga_of_EatingTests.MainViewModelTests test_initialState_isNeutral]' passed (0.000 seconds).
2026-05-15 06:39:51.847011+0530 Yoga of Eating[16836:137033] [[FirebaseCore]] 12.7.0 - [FirebaseCore][I-COR000003] The default Firebase app has not yet been configured. Add `FirebaseApp.configure()` to your application initialization. This can be done in in the App Delegate's application(_:didFinishLaunchingWithOptions:)` (or the `@main` struct's initializer in SwiftUI). Read more: https://firebase.google.com/docs/ios/setup#initialize_firebase_in_your_app
Test Case '-[Yoga_of_EatingTests.MainViewModelTests test_meals_updatesWhenMealCreated]' started.
2026-05-15 06:39:51.847511+0530 Yoga of Eating[16836:137001] [MainViewModel.Lifecycle] Cloud restore skipped — user has explicitly deleted all data on this device.
2026-05-15 06:39:51.847552+0530 Yoga of Eating[16836:137042] [[FirebaseCore]] 12.7.0 - [FirebaseCore][I-COR000003] The default Firebase app has not yet been configured. Add `FirebaseApp.configure()` to your application initialization. This can be done in in the App Delegate's application(_:didFinishLaunchingWithOptions:)` (or the `@main` struct's initializer in SwiftUI). Read more: https://firebase.google.com/docs/ios/setup#initialize_firebase_in_your_app
Test Case '-[Yoga_of_EatingTests.MainViewModelTests test_meals_updatesWhenMealCreated]' passed (0.000 seconds).
Test Case '-[Yoga_of_EatingTests.MainViewModelTests test_mealsAreSortedCorrectly_viaFastingPeriods]' started.
2026-05-15 06:39:51.848030+0530 Yoga of Eating[16836:137001] [MainViewModel.Lifecycle] Cloud restore skipped — user has explicitly delet2026-05-15 06:39:51.848048+0530 Yoga of Eating[16836:137031] [[FirebaseCore]] 12.7.0 - [FirebaseCore][I-COR000003] The default Firebase app has not yet been configured. Add `FirebaseApp.configure()` to your application initialization. This can be done in in the App Delegate's application(_:didFinishLaunchingWithOptions:)` (or the `@main` struct's initializer in SwiftUI). Read more: https://firebase.google.com/docs/ios/setup#initialize_firebase_in_your_app
ed all data on this device.
Test Case '-[Yoga_of_EatingTests.MainViewModelTests test_mealsAreSortedCorrectly_viaFastingPeriods]' passed (0.006 seconds).
Test Case '-[Yoga_of_EatingTests.MainViewModelTests test_multipleMeals_haveDistinctTimestamps]' started.
2026-05-15 06:39:51.854235+0530 Yoga of Eating[16836:137042] [[FirebaseCore]] 12.7.0 - [FirebaseCore][I-COR000003] The default Firebase app has not yet been configured. Add `FirebaseApp.configure()` to your application initialization. This can be done in in the App Delegate's application(_:didFinishLaunchingWithOptions:)` (or the `@main` struct's initializer in SwiftUI). Read more: https://firebase.google.com/docs/ios/setup#initialize_firebase_in_your_app
2026-05-15 06:39:51.854251+0530 Yoga of Eating[16836:137001] [MainViewModel.Lifecycle] Cloud restore skipped — user has explicitly deleted all data on this device.
Test Case '-[Yoga_of_EatingTests.MainViewModelTests test_multipleMeals_haveDistinctTimestamps]' passed (0.012 seconds).
Test Case '-[Yoga_of_EatingTests.MainViewModelTests test_performDeepAnalysis_handlesFailureGracefully]' started.
2026-05-15 06:39:51.866042+0530 Yoga of Eating[16836:137001] [MainViewModel.Lifecycle] Cloud restore skipped — user has explicitly deleted all data on this device.
2026-05-15 06:39:51.866327+0530 Yoga of Eating[16836:137032] [[FirebaseCore]] 12.7.0 - [FirebaseCore][I-COR000003] The default Firebase app has not yet been configured. Add `FirebaseApp.configure()` to your application initialization. This can be done in in the App Delegate's application(_:didFinishLaunchingWithOptions:)` (or the `@main` struct's initializer in SwiftUI). Read more: https://firebase.google.com/docs/ios/setup#initialize_firebase_in_your_app
2026-05-15 06:39:51.867744+0530 Yoga of Eating[16836:137001] [MainViewModel.Lifecycle] Cloud restore skipped — user has explicitly deleted all data on this device.
2026-05-15 06:39:51.867752+0530 Yoga of Eating[16836:137033] [[FirebaseCore]] 12.7.0 - [FirebaseCore][I-COR000003] The default Firebase app has not yet been configured. Add `FirebaseApp.configure()` to your application initialization. This can be done in in the App Delegate's application(_:didFinishLaunchingWithOptions:)` (or the `@main` struct's initializer in SwiftUI). Read more: https://firebase.google.com/docs/ios/setup#initialize_firebase_in_your_app
2026-05-15 06:39:51.869447+0530 Yoga of Eating[16836:137001] [AIAnalysisCoordinator] AI analysis failed (meal redacted for privacy)
2026-05-15 06:39:51.871118+0530 Yoga of Eating[16836:137035] [ActivityData] Energy query failed: Authorization not determined
2026-05-15 06:39:51.871320+0530 Yoga of Eating[16836:137035] [ActivityData] Energy query failed: Authorization not determined
2026-05-15 06:39:51.871418+0530 Yoga of Eating[16836:137001] [MainViewModel.Lifecycle] Activity data refreshed
2026-05-15 06:39:51.871635+0530 Yoga of Eating[16836:137033] [ActivityData] Energy query failed: Authorization not determined
2026-05-15 06:39:51.871994+0530 Yoga of Eating[16836:137032] [ActivityData] Energy query failed: Authorization not determined
2026-05-15 06:39:51.872185+0530 Yoga of Eating[16836:137001] [MainViewModel.Lifecycle] Activity data refreshed
Test Case '-[Yoga_of_EatingTests.MainViewModelTests test_performDeepAnalysis_handlesFailureGracefully]' passed (0.110 seconds).
Test Case '-[Yoga_of_EatingTests.MainViewModelTests test_performDeepAnalysis_preventsDuplicateRequests]' started.
2026-05-15 06:39:51.976612+0530 Yoga of Eating[16836:137001] [MainViewModel.Lifecycle] Cloud restore skipped — user has explicitly deleted all data on this device.
2026-05-15 06:39:51.976606+0530 Yoga of Eating[16836:137032] [[FirebaseCore]] 12.7.0 - [FirebaseCore][I-COR000003] The default Firebase app has not yet been configured. Add `FirebaseApp.configure()` to your application initialization. This can be done in in the App Delegate's application(_:didFinishLaunchingWithOptions:)` (or the `@main` struct's initializer in SwiftUI). Read more: https://firebase.google.com/docs/ios/setup#initialize_firebase_in_your_app
2026-05-15 06:39:51.976810+0530 Yoga of Eating[16836:137001] [MainViewModel.Lifecycle] Cloud restore skipped — user has explicitly deleted all data on this device.
2026-05-15 06:39:51.976859+0530 Yoga of Eating[16836:137035] [[FirebaseCore]] 12.7.0 - [FirebaseCore][I-COR000003] The default Firebase app has not yet been configured. Add `FirebaseApp.configure()` to your application initialization. This can be done in in the App Delegate's application(_:didFinishLaunchingWithOptions:)` (or the `@main` struct's initializer in SwiftUI). Read more: https://firebase.google.com/docs/ios/setup#initialize_firebase_in_your_app
2026-05-15 06:39:51.978160+0530 Yoga of Eating[16836:137035] [ActivityData] Energy query failed: Authorization not determined
2026-05-15 06:39:51.978261+0530 Yoga of Eating[16836:137033] [ActivityData] Energy query failed: Authorization not determined
2026-05-15 06:39:51.978351+0530 Yoga of Eating[16836:137035] [ActivityData] Energy query failed: Authorization not determined
2026-05-15 06:39:51.978360+0530 Yoga of Eating[16836:137001] [MainViewModel.Lifecycle] Activity data refreshed
2026-05-15 06:39:51.978527+0530 Yoga of Eating[16836:137035] [ActivityData] Energy query failed: Authorization not determined
2026-05-15 06:39:51.978630+0530 Yoga of Eating[16836:137001] [MainViewModel.Lifecycle] Activity data refreshed
Test Case '-[Yoga_of_EatingTests.MainViewModelTests test_performDeepAnalysis_preventsDuplicateRequests]' passed (0.161 seconds).
Test Case '-[Yoga_of_EatingTests.MainViewModelTests test_performDeepAnalysis_updatesHealthScoreFromAI]' started.
2026-05-15 06:39:52.138735+0530 Yoga of Eating[16836:137030] [[FirebaseCore]] 12.7.0 - [FirebaseCore][I-COR000003] The default Firebase app has not yet been configured. Add `FirebaseApp.configure()` to your application initialization. This can be done in in the App Delegate's application(_:didFinishLaunchingWithOptions:)` (or the `@main` struct's initializer in SwiftUI). Read more: https://firebase.google.com/docs/ios/setup#initialize_firebase_in_your_app
2026-05-15 06:39:52.138796+0530 Yoga of Eating[16836:137001] [MainViewModel.Lifecycle] Cloud restore skipped — user has explicitly deleted all data on this device.
2026-05-15 06:39:52.139156+0530 Yoga of Eating[16836:137001] [MainViewModel.Lifecycle] Cloud restore skipped — user has explicitly deleted all data on this device.
2026-05-15 06:39:52.139175+0530 Yoga of Eating[16836:137032] [[FirebaseCore]] 12.7.0 - [FirebaseCore][I-COR000003] The default Firebase app has not yet been configured. Add `FirebaseApp.configure()` to your application initialization. This can be done in in the App Delegate's application(_:didFinishLaunchingWithOptions:)` (or the `@main` struct's initializer in SwiftUI). Read more: https://firebase.google.com/docs/ios/setup#initialize_firebase_in_your_app
2026-05-15 06:39:52.141147+0530 Yoga of Eating[16836:137035] [ActivityData] Energy query failed: Authorization not determined
2026-05-15 06:39:52.141398+0530 Yoga of Eating[16836:137030] [ActivityData] Energy query failed: Authorization not determined
2026-05-15 06:39:52.141659+0530 Yoga of Eating[16836:137001] [MainViewModel.Lifecycle] Activity data refreshed
2026-05-15 06:39:52.141662+0530 Yoga of Eating[16836:137030] [ActivityData] Energy query failed: Authorization not determined
2026-05-15 06:39:52.141827+0530 Yoga of Eating[16836:137030] [ActivityData] Energy query failed: Authorization not determined
2026-05-15 06:39:52.142007+0530 Yoga of Eating[16836:137001] [MainViewModel.Lifecycle] Activity data refreshed
Test Case '-[Yoga_of_EatingTests.MainViewModelTests test_performDeepAnalysis_updatesHealthScoreFromAI]' passed (0.103 seconds).
Test Case '-[Yoga_of_EatingTests.MainViewModelTests test_resetDay_archivesData]' started.
2026-05-15 06:39:52.242186+0530 Yoga of Eating[16836:137030] [[FirebaseCore]] 12.7.0 - [FirebaseCore][I-COR000003] The default Firebase app has not yet been configured. Add `FirebaseApp.configure()` to your application initialization. This can be done in in the App Delegate's application(_:didFinishLaunchingWithOptions:)` (or the `@main` struct's initializer in SwiftUI). Read more: https://firebase.google.com/docs/ios/setup#initialize_firebase_in_your_app
2026-05-15 06:39:52.242425+0530 Yoga of Eating[16836:137001] [MainViewModel.Lifecycle] Cloud restore skipped — user has explicitly deleted all data on this device.
Test Case '-[Yoga_of_EatingTests.MainViewModelTests test_resetDay_archivesData]' passed (0.024 seconds).
Test Case '-[Yoga_of_EatingTests.MainViewModelTests test_resetDay_clearsEverything]' started.
2026-05-15 06:39:52.265786+0530 Yoga of Eating[16836:137030] [[FirebaseCore]] 12.7.0 - [FirebaseCore][I-COR000003] The default Firebase app has not yet been configured. Add `FirebaseApp.configure()` to your application initialization. This can be done in in the App Delegate's application(_:didFinishLaunchingWithOptions:)` (or the `@main` struct's initializer in SwiftUI). Read more: https://firebase.google.com/docs/ios/setup#initialize_firebase_in_your_app
2026-05-15 06:39:52.265841+0530 Yoga of Eating[16836:137001] [MainViewModel.Lifecycle] Cloud restore skipped — user has explicitly deleted all data on this device.
Test Case '-[Yoga_of_EatingTests.MainViewModelTests test_resetDay_clearsEverything]' passed (0.001 seconds).
Test Case '-[Yoga_of_EatingTests.MainViewModelTests test_saveEveningMindCheck_updatesHistoricalData]' started.
2026-05-15 06:39:52.266863+0530 Yoga of Eating[16836:137001] [MainViewModel.Lifecycle] Cloud restore skipped — user has explicitly deleted all data on this device.
2026-05-15 06:39:52.267150+0530 Yoga of Eating[16836:137030] [[FirebaseCore]] 12.7.0 - [FirebaseCore][I-COR000003] The default Firebase app has not yet been configured. Add `FirebaseApp.configure()` to your application initialization. This can be done in in the App Delegate's application(_:didFinishLaunchingWithOptions:)` (or the `@main` struct's initializer in SwiftUI). Read more: https://firebase.google.com/docs/ios/setup#initialize_firebase_in_your_app
Test Case '-[Yoga_of_EatingTests.MainViewModelTests test_saveEveningMindCheck_updatesHistoricalData]' passed (0.021 seconds).
Test Case '-[Yoga_of_EatingTests.MainViewModelTests test_saveMorningMindCheck_updatesHistoricalData]' started.
2026-05-15 06:39:52.288262+0530 Yoga of Eating[16836:137035] [[FirebaseCore]] 12.7.0 - [FirebaseCore][I-COR000003] The default Firebase app has not yet been configured. Add `FirebaseApp.configure()` to your application initialization. This can be done in in the App Delegate's application(_:didFinishLaunchingWithOptions:)` (or the `@main` struct's initializer in SwiftUI). Read more: https://firebase.google.com/docs/ios/setup#initialize_firebase_in_your_app
2026-05-15 06:39:52.288303+0530 Yoga of Eating[16836:137001] [MainViewModel.Lifecycle] Cloud restore skipped — user has explicitly deleted all data on this device.
Test Case '-[Yoga_of_EatingTests.MainViewModelTests test_saveMorningMindCheck_updatesHistoricalData]' passed (0.001 seconds).
Test Case '-[Yoga_of_EatingTests.MainViewModelTests test_todaysEveningMindCheck_returnsEntriesWhenLogged]' started.
2026-05-15 06:39:52.289815+0530 Yoga of Eating[16836:137001] [MainViewModel.Lifecycle] Cloud restore skipped — user has explicitly deleted all data on this device.
2026-05-15 06:39:52.289832+0530 Yoga of Eating[16836:137032] [[FirebaseCore]] 12.7.0 - [FirebaseCore][I-COR000003] The default Firebase app has not yet been configured. Add `FirebaseApp.configure()` to your application initialization. This can be done in in the App Delegate's application(_:didFinishLaunchingWithOptions:)` (or the `@main` struct's initializer in SwiftUI). Read more: https://firebase.google.com/docs/ios/setup#initialize_firebase_in_your_app
Test Case '-[Yoga_of_EatingTests.MainViewModelTests test_todaysEveningMindCheck_returnsEntriesWhenLogged]' passed (0.001 seconds).
Test Case '-[Yoga_of_EatingTests.MainViewModelTests test_todaysMorningMindCheck_returnsEntriesWhenLogged]' started.
2026-05-15 06:39:52.290627+0530 Yoga of Eating[16836:137001] [MainViewModel.Lifecycle] Cloud restore skipped — user has explicitly deleted all data on this device.
2026-05-15 06:39:52.290634+0530 Yoga of Eating[16836:137042] [[FirebaseCore]] 12.7.0 - [FirebaseCore][I-COR000003] The default Firebase app has not yet been configured. Add `FirebaseApp.configure()` to your application initialization. This can be done in in the App Delegate's application(_:didFinishLaunchingWithOptions:)` (or the `@main` struct's initializer in SwiftUI). Read more: https://firebase.google.com/docs/ios/setup#initialize_firebase_in_your_app
Test Case '-[Yoga_of_EatingTests.MainViewModelTests test_todaysMorningMindCheck_returnsEntriesWhenLogged]' passed (0.001 seconds).
Test Case '-[Yoga_of_EatingTests.MainViewModelTests test_updateMeal_doesNotChangeTimestamp]' started.
2026-05-15 06:39:52.291386+0530 Yoga of Eating[16836:137001] [MainViewModel.Lifecycle] Cloud restore skipped — user has explicitly deleted all data on this device.
2026-05-15 06:39:52.291387+0530 Yoga of Eating[16836:137032] [[FirebaseCore]] 12.7.0 - [FirebaseCore][I-COR000003] The default Firebase app has not yet been configured. Add `FirebaseApp.configure()` to your application initialization. This can be done in in the App Delegate's application(_:didFinishLaunchingWithOptions:)` (or the `@main` struct's initializer in SwiftUI). Read more: https://firebase.google.com/docs/ios/setup#initialize_firebase_in_your_app
Test Case '-[Yoga_of_EatingTests.MainViewModelTests test_updateMeal_doesNotChangeTimestamp]' passed (0.001 seconds).
Test Case '-[Yoga_of_EatingTests.MainViewModelTests test_updateMealTimestamp_changesTimestamp]' started.
2026-05-15 06:39:52.292289+0530 Yoga of Eating[16836:137001] [MainViewModel.Lifecycle] Cloud restore skipped — user has explicitly deleted all data on this device.
2026-05-15 06:39:52.292298+0530 Yoga of Eating[16836:137032] [[FirebaseCore]] 12.7.0 - [FirebaseCore][I-COR000003] The default Firebase app has not yet been configured. Add `FirebaseApp.configure()` to your application initialization. This can be done in in the App Delegate's application(_:didFinishLaunchingWithOptions:)` (or the `@main` struct's initializer in SwiftUI). Read more: https://firebase.google.com/docs/ios/setup#initialize_firebase_in_your_app
Test Case '-[Yoga_of_EatingTests.MainViewModelTests test_updateMealTimestamp_changesTimestamp]' passed (0.001 seconds).
Test Case '-[Yoga_of_EatingTests.MainViewModelTests test_updateMealTimestamp_invalidId_doesNothing]' started.
2026-05-15 06:39:52.292983+0530 Yoga of Eating[16836:137001] [MainViewModel.Lifecycle] Cloud restore skipped — user has explicitly deleted all data on this device.
2026-05-15 06:39:52.292999+0530 Yoga of Eating[16836:137042] [[FirebaseCore]] 12.7.0 - [FirebaseCore][I-COR000003] The default Firebase app has not yet been configured. Add `FirebaseApp.configure()` to your application initialization. This can be done in in the App Delegate's application(_:didFinishLaunchingWithOptions:)` (or the `@main` struct's initializer in SwiftUI). Read more: https://firebase.google.com/docs/ios/setup#initialize_firebase_in_your_app
Test Case '-[Yoga_of_EatingTests.MainViewModelTests test_updateMealTimestamp_invalidId_doesNothing]' passed (0.001 seconds).
Test Case '-[Yoga_of_EatingTests.MainViewModelTests test_updateMealTimestamp_preservesOtherMealProperties]' started.
2026-05-15 06:39:52.293649+0530 Yoga of Eating[16836:137001] [MainViewModel.Lifecycle] Cloud restore skipped — user has explicitly deleted all data on this device.
2026-05-15 06:39:52.293636+0530 Yoga of Eating[16836:137042] [[FirebaseCore]] 12.7.0 - [FirebaseCore][I-COR000003] The default Firebase app has not yet been configured. Add `FirebaseApp.configure()` to your application initialization. This can be done in in the App Delegate's application(_:didFinishLaunchingWithOptions:)` (or the `@main` struct's initializer in SwiftUI). Read more: https://firebase.google.com/docs/ios/setup#initialize_firebase_in_your_app
Test Case '-[Yoga_of_EatingTests.MainViewModelTests test_updateMealTimestamp_preservesOtherMealProperties]' passed (0.001 seconds).
Test Case '-[Yoga_of_EatingTests.MainViewModelTests test_updateMealTimestamp_savesPersistence]' started.
2026-05-15 06:39:52.294339+0530 Yoga of Eating[16836:137001] [MainViewModel.Lifecycle] Cloud restore skipped — user has explicitly deleted all data on this device.
2026-05-15 06:39:52.294375+0530 Yoga of Eating[16836:137042] [[FirebaseCore]] 12.7.0 - [FirebaseCore][I-COR000003] The default Firebase app has not yet been configured. Add `FirebaseApp.configure()` to your application initialization. This can be done in in the App Delegate's application(_:didFinishLaunchingWithOptions:)` (or the `@main` struct's initializer in SwiftUI). Read more: https://firebase.google.com/docs/ios/setup#initialize_firebase_in_your_app
Test Case '-[Yoga_of_EatingTests.MainViewModelTests test_updateMealTimestamp_savesPersistence]' passed (0.000 seconds).
Test Case '-[Yoga_of_EatingTests.MainViewModelTests test_updatingMeal_withTypeAndItems_updatesCorrectly]' started.
2026-05-15 06:39:52.295012+0530 Yoga of Eating[16836:137001] [MainViewModel.Lifecycle] Cloud restore skipped — user has explicitly deleted all data on this device.
2026-05-15 06:39:52.295007+0530 Yoga of Eating[16836:137042] [[FirebaseCore]] 12.7.0 - [FirebaseCore][I-COR000003] The default Firebase app has not yet been configured. Add `FirebaseApp.configure()` to your application initialization. This can be done in in the App Delegate's application(_:didFinishLaunchingWithOptions:)` (or the `@main` struct's initializer in SwiftUI). Read more: https://firebase.google.com/docs/ios/setup#initialize_firebase_in_your_app
Test Case '-[Yoga_of_EatingTests.MainViewModelTests test_updatingMeal_withTypeAndItems_updatesCorrectly]' passed (0.001 seconds).
Test Suite 'MainViewModelTests' passed at 2026-05-15 06:39:52.295.
	 Executed 31 tests, with 0 failures (0 unexpected) in 0.483 (0.491) seconds
Test Suite 'MainViewModelTextSignalIntegrationTests' started at 2026-05-15 06:39:52.296.
Test Case '-[Yoga_of_EatingTests.MainViewModelTextSignalIntegrationTests test_signals_neverContainUserText]' started.
2026-05-15 06:39:52.295945+0530 Yoga of Eating[16836:137030] [[FirebaseCore]] 12.7.0 - [FirebaseCore][I-COR000003] The default Firebase app has not yet been configured. Add `FirebaseApp.configure()` to your application initialization. This can be done in in the App Delegate's application(_:didFinishLaunchingWithOptions:)` (or the `@main` struct's initializer in SwiftUI). Read more: https://firebase.google.com/docs/ios/setup#initialize_firebase_in_your_app
2026-05-15 06:39:52.296039+0530 Yoga of Eating[16836:137030] [[FirebaseCore]] 12.7.0 - [FirebaseCore][I-COR000003] The default Firebase app has not yet been configured. Add `FirebaseApp.configure()` to your application initialization. This can be done in in the App Delegate's application(_:didFinishLaunchingWithOptions:)` (or the `@main` struct's initializer in SwiftUI). Read more: https://firebase.google.com/docs/ios/setup#initialize_firebase_in_your_app
Test Case '-[Yoga_of_EatingTests.MainViewModelTextSignalIntegrationTests test_signals_neverContainUserText]' passed (0.001 seconds).
Test Case '-[Yoga_of_EatingTests.MainViewModelTextSignalIntegrationTests test_updateHighlightMorningThoughts_clear_storesClearSignal]' started.
2026-05-15 06:39:52.296730+0530 Yoga of Eating[16836:137043] [[FirebaseCore]] 12.7.0 - [FirebaseCore][I-COR000003] The default Firebase app has not yet been configured. Add `FirebaseApp.configure()` to your application initialization. This can be done in in the App Delegate's application(_:didFinishLaunchingWithOptions:)` (or the `@main` struct's initializer in SwiftUI). Read more: https://firebase.google.com/docs/ios/setup#initialize_firebase_in_your_app
2026-05-15 06:39:52.296866+0530 Yoga of Eating[16836:137043] [[FirebaseCore]] 12.7.0 - [FirebaseCore][I-COR000003] The default Firebase app has not yet been configured. Add `FirebaseApp.configure()` to your application initialization. This can be done in in the App Delegate's application(_:didFinishLaunchingWithOptions:)` (or the `@main` struct's initializer in SwiftUI). Read more: https://firebase.google.com/docs/ios/setup#initialize_firebase_in_your_app
Test Case '-[Yoga_of_EatingTests.MainViewModelTextSignalIntegrationTests test_updateHighlightMorningThoughts_clear_storesClearSignal]' passed (0.009 seconds).
Test Case '-[Yoga_of_EatingTests.MainViewModelTextSignalIntegrationTests test_updateHighlightMorningThoughts_empty_storesNeutralSignal]' started.
2026-05-15 06:39:52.306120+0530 Yoga of Eating[16836:137042] [[FirebaseCore]] 12.7.0 - [FirebaseCore][I-COR000003] The default Firebase app has not yet been configured. Add `FirebaseApp.configure()` to your application initialization. This can be done in in the App Delegate's application(_:didFinishLaunchingWithOptions:)` (or the `@main` struct's initializer in SwiftUI). Read more: https://firebase.google.com/docs/ios/setup#initialize_firebase_in_your_app
2026-05-15 06:39:52.306225+0530 Yoga of Eating[16836:137042] [[FirebaseCore]] 12.7.0 - [FirebaseCore][I-COR000003] The default Firebase app has not yet been configured. Add `FirebaseApp.configure()` to your application initialization. This can be done in in the App Delegate's application(_:didFinishLaunchingWithOptions:)` (or the `@main` struct's initializer in SwiftUI). Read more: https://firebase.google.com/docs/ios/setup#initialize_firebase_in_your_app
Test Case '-[Yoga_of_EatingTests.MainViewModelTextSignalIntegrationTests test_updateHighlightMorningThoughts_empty_storesNeutralSignal]' passed (0.001 seconds).
Test Case '-[Yoga_of_EatingTests.MainViewModelTextSignalIntegrationTests test_updateHighlightMorningThoughts_grateful_storesGratefulSignal]' started.
2026-05-15 06:39:52.306844+0530 Yoga of Eating[16836:137043] [[FirebaseCore]] 12.7.0 - [FirebaseCore][I-COR000003] The default Firebase app has not yet been configured. Add `FirebaseApp.configure()` to your application initialization. This can be done in in the App Delegate's application(_:didFinishLaunchingWithOptions:)` (or the `@main` struct's initializer in SwiftUI). Read more: https://firebase.google.com/docs/ios/setup#initialize_firebase_in_your_app
2026-05-15 06:39:52.306942+0530 Yoga of Eating[16836:137043] [[FirebaseCore]] 12.7.0 - [FirebaseCore][I-COR000003] The default Firebase app has not yet been configured. Add `FirebaseApp.configure()` to your application initialization. This can be done in in the App Delegate's application(_:didFinishLaunchingWithOptions:)` (or the `@main` struct's initializer in SwiftUI). Read more: https://firebase.google.com/docs/ios/setup#initialize_firebase_in_your_app
Test Case '-[Yoga_of_EatingTests.MainViewModelTextSignalIntegrationTests test_updateHighlightMorningThoughts_grateful_storesGratefulSignal]' passed (0.001 seconds).
Test Case '-[Yoga_of_EatingTests.MainViewModelTextSignalIntegrationTests test_updateHighlightMorningThoughts_plainText_storesNeutralSignal]' started.
2026-05-15 06:39:52.307717+0530 Yoga of Eating[16836:137035] [[FirebaseCore]] 12.7.0 - [FirebaseCore][I-COR000003] The default Firebase app has not yet been configured. Add `FirebaseApp.configure()` to your application initialization. This can be done in in the App Delegate's application(_:didFinishLaunchingWithOptions:)` (or the `@main` struct's initializer in SwiftUI). Read more: https://firebase.google.com/docs/ios/setup#initialize_firebase_in_your_app
2026-05-15 06:39:52.307800+0530 Yoga of Eating[16836:137035] [[FirebaseCore]] 12.7.0 - [FirebaseCore][I-COR000003] The default Firebase app has not yet been configured. Add `FirebaseApp.configure()` to your application initialization. This can be done in in the App Delegate's application(_:didFinishLaunchingWithOptions:)` (or the `@main` struct's initializer in SwiftUI). Read more: https://firebase.google.com/docs/ios/setup#initialize_firebase_in_your_app
Test Case '-[Yoga_of_EatingTests.MainViewModelTextSignalIntegrationTests test_updateHighlightMorningThoughts_plainText_storesNeutralSignal]' passed (0.001 seconds).
Test Case '-[Yoga_of_EatingTests.MainViewModelTextSignalIntegrationTests test_updateHighlightMorningThoughts_stressed_storesStressedSignal]' started.
2026-05-15 06:39:52.308396+0530 Yoga of Eating[16836:137043] [[FirebaseCore]] 12.7.0 - [FirebaseCore][I-COR000003] The default Firebase app has not yet been configured. Add `FirebaseApp.configure()` to your application initialization. This can be done in in the App Delegate's application(_:didFinishLaunchingWithOptions:)` (or the `@main` struct's initializer in SwiftUI). Read more: https://firebase.google.com/docs/ios/setup#initialize_firebase_in_your_app
2026-05-15 06:39:52.308477+0530 Yoga of Eating[16836:137043] [[FirebaseCore]] 12.7.0 - [FirebaseCore][I-COR000003] The default Firebase app has not yet been configured. Add `FirebaseApp.configure()` to your application initialization. This can be done in in the App Delegate's application(_:didFinishLaunchingWithOptions:)` (or the `@main` struct's initializer in SwiftUI). Read more: https://firebase.google.com/docs/ios/setup#initialize_firebase_in_your_app
Test Case '-[Yoga_of_EatingTests.MainViewModelTextSignalIntegrationTests test_updateHighlightMorningThoughts_stressed_storesStressedSignal]' passed (0.000 seconds).
Test Case '-[Yoga_of_EatingTests.MainViewModelTextSignalIntegrationTests test_updateReflectJournalText_grateful_storesGratefulSignal]' started.
2026-05-15 06:39:52.309010+0530 Yoga of Eating[16836:137042] [[FirebaseCore]] 12.7.0 - [FirebaseCore][I-COR000003] The default Firebase app has not yet been configured. Add `FirebaseApp.configure()` to your application initialization. This can be done in in the App Delegate's application(_:didFinishLaunchingWithOptions:)` (or the `@main` struct's initializer in SwiftUI). Read more: https://firebase.google.com/docs/ios/setup#initialize_firebase_in_your_app
2026-05-15 06:39:52.309132+0530 Yoga of Eating[16836:137042] [[FirebaseCore]] 12.7.0 - [FirebaseCore][I-COR000003] The default Firebase app has not yet been configured. Add `FirebaseApp.configure()` to your application initialization. This can be done in in the App Delegate's application(_:didFinishLaunchingWithOptions:)` (or the `@main` struct's initializer in SwiftUI). Read more: https://firebase.google.com/docs/ios/setup#initialize_firebase_in_your_app
Test Case '-[Yoga_of_EatingTests.MainViewModelTextSignalIntegrationTests test_updateReflectJournalText_grateful_storesGratefulSignal]' passed (0.000 seconds).
Test Case '-[Yoga_of_EatingTests.MainViewModelTextSignalIntegrationTests test_updateReflectJournalText_overwhelmed_storesOverwhelmedSignal]' started.
2026-05-15 06:39:52.309655+0530 Yoga of Eating[16836:137035] [[FirebaseCore]] 12.7.0 - [FirebaseCore][I-COR000003] The default Firebase app has not yet been configured. Add `FirebaseApp.configure()` to your application initialization. This can be done in in the App Delegate's application(_:didFinishLaunchingWithOptions:)` (or the `@main` struct's initializer in SwiftUI). Read more: https://firebase.google.com/docs/ios/setup#initialize_firebase_in_your_app
2026-05-15 06:39:52.309723+0530 Yoga of Eating[16836:137035] [[FirebaseCore]] 12.7.0 - [FirebaseCore][I-COR000003] The default Firebase app has not yet been configured. Add `FirebaseApp.configure()` to your application initialization. This can be done in in the App Delegate's application(_:didFinishLaunchingWithOptions:)` (or the `@main` struct's initializer in SwiftUI). Read more: https://firebase.google.com/docs/ios/setup#initialize_firebase_in_your_app
Test Case '-[Yoga_of_EatingTests.MainViewModelTextSignalIntegrationTests test_updateReflectJournalText_overwhelmed_storesOverwhelmedSignal]' passed (0.001 seconds).
Test Case '-[Yoga_of_EatingTests.MainViewModelTextSignalIntegrationTests test_updateReflectJournalText_plainText_storesNeutralSignal]' started.
2026-05-15 06:39:52.310377+0530 Yoga of Eating[16836:137043] [[FirebaseCore]] 12.7.0 - [FirebaseCore][I-COR000003] The default Firebase app has not yet been configured. Add `FirebaseApp.configure()` to your application initialization. This can be done in in the App Delegate's application(_:didFinishLaunchingWithOptions:)` (or the `@main` struct's initializer in SwiftUI). Read more: https://firebase.google.com/docs/ios/setup#initialize_firebase_in_your_app
2026-05-15 06:39:52.310433+0530 Yoga of Eating[16836:137043] [[FirebaseCore]] 12.7.0 - [FirebaseCore][I-COR000003] The default Firebase app has not yet been configured. Add `FirebaseApp.configure()` to your application initialization. This can be done in in the App Delegate's application(_:didFinishLaunchingWithOptions:)` (or the `@main` struct's initializer in SwiftUI). Read more: https://firebase.google.com/docs/ios/setup#initialize_firebase_in_your_app
Test Case '-[Yoga_of_EatingTests.MainViewModelTextSignalIntegrationTests test_updateReflectJournalText_plainText_storesNeutralSignal]' passed (0.001 seconds).
Test Case '-[Yoga_of_EatingTests.MainViewModelTextSignalIntegrationTests test_updateReflectJournalText_selfCompassionate_storesSelfCompassionateSignal]' started.
2026-05-15 06:39:52.311058+0530 Yoga of Eating[16836:137030] [[FirebaseCore]] 12.7.0 - [FirebaseCore][I-COR000003] The default Firebase app has not yet been configured. Add `FirebaseApp.configure()` to your application initialization. This can be done in in the App Delegate's application(_:didFinishLaunchingWithOptions:)` (or the `@main` struct's initializer in SwiftUI). Read more: https://firebase.google.com/docs/ios/setup#initialize_firebase_in_your_app
2026-05-15 06:39:52.311132+0530 Yoga of Eating[16836:137030] [[FirebaseCore]] 12.7.0 - [FirebaseCore][I-COR000003] The default Firebase app has not yet been configured. Add `FirebaseApp.configure()` to your application initialization. This can be done in in the App Delegate's application(_:didFinishLaunchingWithOptions:)` (or the `@main` struct's initializer in SwiftUI). Read more: https://firebase.google.com/docs/ios/setup#initialize_firebase_in_your_app
Test Case '-[Yoga_of_EatingTests.MainViewModelTextSignalIntegrationTests test_updateReflectJournalText_selfCompassionate_storesSelfCompassionateSignal]' passed (0.000 seconds).
Test Suite 'MainViewModelTextSignalIntegrationTests' passed at 2026-05-15 06:39:52.311.
	 Executed 10 tests, with 0 failures (0 unexpected) in 0.014 (0.016) seconds
Test Suite 'MainViewModelValidationIntegrationTests' started at 2026-05-15 06:39:52.312.
Test Case '-[Yoga_of_EatingTests.MainViewModelValidationIntegrationTests test_afterValidationError_validInputSucceeds]' started.
2026-05-15 06:39:52.312184+0530 Yoga of Eating[16836:137035] [[FirebaseCore]] 12.7.0 - [FirebaseCore][I-COR000003] The default Firebase app has not yet been configured. Add `FirebaseApp.configure()` to your application initialization. This can be done in in the App Delegate's application(_:didFinishLaunchingWithOptions:)` (or the `@main` struct's initializer in SwiftUI). Read more: https://firebase.google.com/docs/ios/setup#initialize_firebase_in_your_app
2026-05-15 06:39:52.312242+0530 Yoga of Eating[16836:137035] [[FirebaseCore]] 12.7.0 - [FirebaseCore][I-COR000003] The default Firebase app has not yet been configured. Add `FirebaseApp.configure()` to your application initialization. This can be done in in the App Delegate's application(_:didFinishLaunchingWithOptions:)` (or the `@main` struct's initializer in SwiftUI). Read more: https://firebase.google.com/docs/ios/setup#initialize_firebase_in_your_app
Test Case '-[Yoga_of_EatingTests.MainViewModelValidationIntegrationTests test_afterValidationError_validInputSucceeds]' passed (0.005 seconds).
Test Case '-[Yoga_of_EatingTests.MainViewModelValidationIntegrationTests test_allFieldsWithValidData_allPersist]' started.
2026-05-15 06:39:52.317469+0530 Yoga of Eating[16836:137035] [[FirebaseCore]] 12.7.0 - [FirebaseCore][I-COR000003] The default Firebase app has not yet been configured. Add `FirebaseApp.configure()` to your application initialization. This can be done in in the App Delegate's application(_:didFinishLaunchingWithOptions:)` (or the `@main` struct's initializer in SwiftUI). Read more: https://firebase.google.com/docs/ios/setup#initialize_firebase_in_your_app
2026-05-15 06:39:52.317646+0530 Yoga of Eating[16836:137035] [[FirebaseCore]] 12.7.0 - [FirebaseCore][I-COR000003] The default Firebase app has not yet been configured. Add `FirebaseApp.configure()` to your application initialization. This can be done in in the App Delegate's application(_:didFinishLaunchingWithOptions:)` (or the `@main` struct's initializer in SwiftUI). Read more: https://firebase.google.com/docs/ios/setup#initialize_firebase_in_your_app
Test Case '-[Yoga_of_EatingTests.MainViewModelValidationIntegrationTests test_allFieldsWithValidData_allPersist]' passed (0.001 seconds).
Test Case '-[Yoga_of_EatingTests.MainViewModelValidationIntegrationTests test_controlCharacters_filtered]' started.
2026-05-15 06:39:52.318702+0530 Yoga of Eating[16836:137035] [[FirebaseCore]] 12.7.0 - [FirebaseCore][I-COR000003] The default Firebase app has not yet been configured. Add `FirebaseApp.configure()` to your application initialization. This can be done in in the App Delegate's application(_:didFinishLaunchingWithOptions:)` (or the `@main` struct's initializer in SwiftUI). Read more: https://firebase.google.com/docs/ios/setup#initialize_firebase_in_your_app
2026-05-15 06:39:52.318785+0530 Yoga of Eating[16836:137035] [[FirebaseCore]] 12.7.0 - [FirebaseCore][I-COR000003] The default Firebase app has not yet been configured. Add `FirebaseApp.configure()` to your application initialization. This can be done in in the App Delegate's application(_:didFinishLaunchingWithOptions:)` (or the `@main` struct's initializer in SwiftUI). Read more: https://firebase.google.com/docs/ios/setup#initialize_firebase_in_your_app
Test Case '-[Yoga_of_EatingTests.MainViewModelValidationIntegrationTests test_controlCharacters_filtered]' passed (0.001 seconds).
Test Case '-[Yoga_of_EatingTests.MainViewModelValidationIntegrationTests test_emojis_preserved]' started.
2026-05-15 06:39:52.319337+0530 Yoga of Eating[16836:137042] [[FirebaseCore]] 12.7.0 - [FirebaseCore][I-COR000003] The default Firebase app has not yet been configured. Add `FirebaseApp.configure()` to your application initialization. This can be done in in the App Delegate's application(_:didFinishLaunchingWithOptions:)` (or the `@main` struct's initializer in SwiftUI). Read more: https://firebase.google.com/docs/ios/setup#initialize_firebase_in_your_app
2026-05-15 06:39:52.319409+0530 Yoga of Eating[16836:137042] [[FirebaseCore]] 12.7.0 - [FirebaseCore][I-COR000003] The default Firebase app has not yet been configured. Add `FirebaseApp.configure()` to your application initialization. This can be done in in the App Delegate's application(_:didFinishLaunchingWithOptions:)` (or the `@main` struct's initializer in SwiftUI). Read more: https://firebase.google.com/docs/ios/setup#initialize_firebase_in_your_app
Test Case '-[Yoga_of_EatingTests.MainViewModelValidationIntegrationTests test_emojis_preserved]' passed (0.001 seconds).
Test Case '-[Yoga_of_EatingTests.MainViewModelValidationIntegrationTests test_emptyOptionalField_journalEntry_succeeds]' started.
2026-05-15 06:39:52.320077+0530 Yoga of Eating[16836:137043] [[FirebaseCore]] 12.7.0 - [FirebaseCore][I-COR000003] The default Firebase app has not yet been configured. Add `FirebaseApp.configure()` to your application initialization. This can be done in in the App Delegate's application(_:didFinishLaunchingWithOptions:)` (or the `@main` struct's initializer in SwiftUI). Read more: https://firebase.google.com/docs/ios/setup#initialize_firebase_in_your_app
Test Case '-[Yoga_of_EatingTests.MainViewModelValidationIntegrationTests test_emptyOptionalField_journalEntry_succeeds]' passed (0.001 seconds).
2026-05-15 06:39:52.320218+0530 Yoga of Eating[16836:137043] [[FirebaseCore]] 12.7.0 - [FirebaseCore][I-COR000003] The default Firebase app has not yet been configured. Add `FirebaseApp.configure()` to your application initialization. This can be done in in the App Delegate's application(_:didFinishLaunchingWithOptions:)` (or the `@main` struct's initializer in SwiftUI). Read more: https://firebase.google.com/docs/ios/setup#initialize_firebase_in_your_app
Test Case '-[Yoga_of_EatingTests.MainViewModelValidationIntegrationTests test_emptyOptionalField_morningThoughts_succeeds]' started.
2026-05-15 06:39:52.320825+0530 Yoga of Eating[16836:137030] [[FirebaseCore]] 12.7.0 - [FirebaseCore][I-COR000003] The default Firebase app has not yet been configured. Add `FirebaseApp.configure()` to your application initialization. This can be done in in the App Delegate's application(_:didFinishLaunchingWithOptions:)` (or the `@main` struct's initializer in SwiftUI). Read more: https://firebase.google.com/docs/ios/setup#initialize_firebase_in_your_app
2026-05-15 06:39:52.320915+0530 Yoga of Eating[16836:137030] [[FirebaseCore]] 12.7.0 - [FirebaseCore][I-COR000003] The default Firebase app has not yet been configured. Add `FirebaseApp.configure()` to your application initialization. This can be done in in the App Delegate's application(_:didFinishLaunchingWithOptions:)` (or the `@main` struct's initializer in SwiftUI). Read more: https://firebase.google.com/docs/ios/setup#initialize_firebase_in_your_app
Test Case '-[Yoga_of_EatingTests.MainViewModelValidationIntegrationTests test_emptyOptionalField_morningThoughts_succeeds]' passed (0.001 seconds).
Test Case '-[Yoga_of_EatingTests.MainViewModelValidationIntegrationTests test_emptyOptionalField_sleepNotes_succeeds]' started.
2026-05-15 06:39:52.321465+0530 Yoga of Eating[16836:137042] [[FirebaseCore]] 12.7.0 - [FirebaseCore][I-COR000003] The default Firebase app has not yet been configured. Add `FirebaseApp.configure()` to your application initialization. This can be done in in the App Delegate's application(_:didFinishLaunchingWithOptions:)` (or the `@main` struct's initializer in SwiftUI). Read more: https://firebase.google.com/docs/ios/setup#initialize_firebase_in_your_app
2026-05-15 06:39:52.321546+0530 Yoga of Eating[16836:137042] [[FirebaseCore]] 12.7.0 - [FirebaseCore][I-COR000003] The default Firebase app has not yet been configured. Add `FirebaseApp.configure()` to your application initialization. This can be done in in the App Delegate's application(_:didFinishLaunchingWithOptions:)` (or the `@main` struct's initializer in SwiftUI). Read more: https://firebase.google.com/docs/ios/setup#initialize_firebase_in_your_app
Test Case '-[Yoga_of_EatingTests.MainViewModelValidationIntegrationTests test_emptyOptionalField_sleepNotes_succeeds]' passed (0.000 seconds).
Test Case '-[Yoga_of_EatingTests.MainViewModelValidationIntegrationTests test_emptyRequiredField_todoItem_isRejected]' started.
2026-05-15 06:39:52.322292+0530 Yoga of Eating[16836:137043] [[FirebaseCore]] 12.7.0 - [FirebaseCore][I-COR000003] The default Firebase app has not yet been configured. Add `FirebaseApp.configure()` to your application initialization. This can be done in in the App Delegate's application(_:didFinishLaunchingWithOptions:)` (or the `@main` struct's initializer in SwiftUI). Read more: https://firebase.google.com/docs/ios/setup#initialize_firebase_in_your_app
Test Case '-[Yoga_of_EatingTests.MainViewModelValidationIntegrationTests test_emptyRequiredField_todoItem_isRejected]' passed (0.001 seconds).
Test Case '-[Yoga_of_EatingTests.MainViewModelValidationIntegrationTests test_greaterThanOperator_allowedInMealDescription]' started.
2026-05-15 06:39:52.322580+0530 Yoga of Eating[16836:137043] [[FirebaseCore]] 12.7.0 - [FirebaseCore][I-COR000003] The default Firebase app has not yet been configured. Add `FirebaseApp.configure()` to your application initialization. This can be done in in the App Delegate's application(_:didFinishLaunchingWithOptions:)` (or the `@main` struct's initializer in SwiftUI). Read more: https://firebase.google.com/docs/ios/setup#initialize_firebase_in_your_app
2026-05-15 06:39:52.322916+0530 Yoga of Eating[16836:137043] [[FirebaseCore]] 12.7.0 - [FirebaseCore][I-COR000003] The default Firebase app has not yet been configured. Add `FirebaseApp.configure()` to your application initialization. This can be done in in the App Delegate's application(_:didFinishLaunchingWithOptions:)` (or the `@main` struct's initializer in SwiftUI). Read more: https://firebase.google.com/docs/ios/setup#initialize_firebase_in_your_app
2026-05-15 06:39:52.322991+0530 Yoga of Eating[16836:137043] [[FirebaseCore]] 12.7.0 - [FirebaseCore][I-COR000003] The default Firebase app has not yet been configured. Add `FirebaseApp.configure()` to your application initialization. This can be done in in the App Delegate's application(_:didFinishLaunchingWithOptions:)` (or the `@main` struct's initializer in SwiftUI). Read more: https://firebase.google.com/docs/ios/setup#initialize_firebase_in_your_app
Test Case '-[Yoga_of_EatingTests.MainViewModelValidationIntegrationTests test_greaterThanOperator_allowedInMealDescription]' passed (0.002 seconds).
Test Case '-[Yoga_of_EatingTests.MainViewModelValidationIntegrationTests test_iframeTag_isDetectedAndBlocked]' started.
2026-05-15 06:39:52.325201+0530 Yoga of Eating[16836:137042] [[FirebaseCore]] 12.7.0 - [FirebaseCore][I-COR000003] The default Firebase app has not yet been configured. Add `FirebaseApp.configure()` to your application initialization. This can be done in in the App Delegate's application(_:didFinishLaunchingWithOptions:)` (or the `@main` struct's initializer in SwiftUI). Read more: https://firebase.google.com/docs/ios/setup#initialize_firebase_in_your_app
2026-05-15 06:39:52.325296+0530 Yoga of Eating[16836:137042] [[FirebaseCore]] 12.7.0 - [FirebaseCore][I-COR000003] The default Firebase app has not yet been configured. Add `FirebaseApp.configure()` to your application initialization. This can be done in in the App Delegate's application(_:didFinishLaunchingWithOptions:)` (or the `@main` struct's initializer in SwiftUI). Read more: https://firebase.google.com/docs/ios/setup#initialize_firebase_in_your_app
Test Case '-[Yoga_of_EatingTests.MainViewModelValidationIntegrationTests test_iframeTag_isDetectedAndBlocked]' passed (0.001 seconds).
Test Case '-[Yoga_of_EatingTests.MainViewModelValidationIntegrationTests test_imageTag_isDetectedAndBlocked]' started.
2026-05-15 06:39:52.325906+0530 Yoga of Eating[16836:137042] [[FirebaseCore]] 12.7.0 - [FirebaseCore][I-COR000003] The default Firebase app has not yet been configured. Add `FirebaseApp.configure()` to your application initialization. This can be done in in the App Delegate's application(_:didFinishLaunchingWithOptions:)` (or the `@main` struct's initializer in SwiftUI). Read more: https://firebase.google.com/docs/ios/setup#initialize_firebase_in_your_app
Test Case '-[Yoga_of_EatingTests.MainViewModelValidationIntegrationTests test_imageTag_isDetectedAndBlocked]' passed (0.000 seconds).
2026-05-15 06:39:52.326024+0530 Yoga of Eating[16836:137042] [[FirebaseCore]] 12.7.0 - [FirebaseCore][I-COR000003] The default Firebase app has not yet been configured. Add `FirebaseApp.configure()` to your application initialization. This can be done in in the App Delegate's application(_:didFinishLaunchingWithOptions:)` (or the `@main` struct's initializer in SwiftUI). Read more: https://firebase.google.com/docs/ios/setup#initialize_firebase_in_your_app
Test Case '-[Yoga_of_EatingTests.MainViewModelValidationIntegrationTests test_internalWhitespace_preserved]' started.
2026-05-15 06:39:52.326487+0530 Yoga of Eating[16836:137032] [[FirebaseCore]] 12.7.0 - [FirebaseCore][I-COR000003] The default Firebase app has not yet been configured. Add `FirebaseApp.configure()` to your application initialization. This can be done in in the App Delegate's application(_:didFinishLaunchingWithOptions:)` (or the `@main` struct's initializer in SwiftUI). Read more: https://firebase.google.com/docs/ios/setup#initialize_firebase_in_your_app
2026-05-15 06:39:52.326562+0530 Yoga of Eating[16836:137032] [[FirebaseCore]] 12.7.0 - [FirebaseCore][I-COR000003] The default Firebase app has not yet been configured. Add `FirebaseApp.configure()` to your application initialization. This can be done in in the App Delegate's application(_:didFinishLaunchingWithOptions:)` (or the `@main` struct's initializer in SwiftUI). Read more: https://firebase.google.com/docs/ios/setup#initialize_firebase_in_your_app
Test Case '-[Yoga_of_EatingTests.MainViewModelValidationIntegrationTests test_internalWhitespace_preserved]' passed (0.001 seconds).
Test Case '-[Yoga_of_EatingTests.MainViewModelValidationIntegrationTests test_invalidJournalText_blocksPeristence_setsError]' started.
2026-05-15 06:39:52.327276+0530 Yoga of Eating[16836:137032] [[FirebaseCore]] 12.7.0 - [FirebaseCore][I-COR000003] The default Firebase app has not yet been configured. Add `FirebaseApp.configure()` to your application initialization. This can be done in in the App Delegate's application(_:didFinishLaunchingWithOptions:)` (or the `@main` struct's initializer in SwiftUI). Read more: https://firebase.google.com/docs/ios/setup#initialize_firebase_in_your_app
2026-05-15 06:39:52.327343+0530 Yoga of Eating[16836:137032] [[FirebaseCore]] 12.7.0 - [FirebaseCore][I-COR000003] The default Firebase app has not yet been configured. Add `FirebaseApp.configure()` to your application initialization. This can be done in in the App Delegate's application(_:didFinishLaunchingWithOptions:)` (or the `@main` struct's initializer in SwiftUI). Read more: https://firebase.google.com/docs/ios/setup#initialize_firebase_in_your_app
Test Case '-[Yoga_of_EatingTests.MainViewModelValidationIntegrationTests test_invalidJournalText_blocksPeristence_setsError]' passed (0.007 seconds).
Test Case '-[Yoga_of_EatingTests.MainViewModelValidationIntegrationTests test_invalidMorningThoughts_blocksPeristence_setsError]' started.
2026-05-15 06:39:52.334940+0530 Yoga of Eating[16836:137032] [[FirebaseCore]] 12.7.0 - [FirebaseCore][I-COR000003] The default Firebase app has not yet been configured. Add `FirebaseApp.configure()` to your application initialization. This can be done in in the App Delegate's application(_:didFinishLaunchingWithOptions:)` (or the `@main` struct's initializer in SwiftUI). Read more: https://firebase.google.com/docs/ios/setup#initialize_firebase_in_your_app
2026-05-15 06:39:52.335085+0530 Yoga of Eating[16836:137032] [[FirebaseCore]] 12.7.0 - [FirebaseCore][I-COR000003] The default Firebase app has not yet been configured. Add `FirebaseApp.configure()` to your application initialization. This can be done in in the App Delegate's application(_:didFinishLaunchingWithOptions:)` (or the `@main` struct's initializer in SwiftUI). Read more: https://firebase.google.com/docs/ios/setup#initialize_firebase_in_your_app
Test Case '-[Yoga_of_EatingTests.MainViewModelValidationIntegrationTests test_invalidMorningThoughts_blocksPeristence_setsError]' passed (0.001 seconds).
Test Case '-[Yoga_of_EatingTests.MainViewModelValidationIntegrationTests test_invalidSleepNotes_blocksPeristence_setsError]' started.
2026-05-15 06:39:52.335768+0530 Yoga of Eating[16836:137042] [[FirebaseCore]] 12.7.0 - [FirebaseCore][I-COR000003] The default Firebase app has not yet been configured. Add `FirebaseApp.configure()` to your application initialization. This can be done in in the App Delegate's application(_:didFinishLaunchingWithOptions:)` (or the `@main` struct's initializer in SwiftUI). Read more: https://firebase.google.com/docs/ios/setup#initialize_firebase_in_your_app
Test Case '-[Yoga_of_EatingTests.MainViewModelValidationIntegrationTests test_invalidSleepNotes_blocksPeristence_setsError]' passed (0.001 seconds).
2026-05-15 06:39:52.335983+0530 Yoga of Eating[16836:137042] [[FirebaseCore]] 12.7.0 - [FirebaseCore][I-COR000003] The default Firebase app has not yet been configured. Add `FirebaseApp.configure()` to your application initialization. This can be done in in the App Delegate's application(_:didFinishLaunchingWithOptions:)` (or the `@main` struct's initializer in SwiftUI). Read more: https://firebase.google.com/docs/ios/setup#initialize_firebase_in_your_app
Test Case '-[Yoga_of_EatingTests.MainViewModelValidationIntegrationTests test_invalidTodoItem_blocksAddition_setsError]' started.
2026-05-15 06:39:52.336442+0530 Yoga of Eating[16836:137032] [[FirebaseCore]] 12.7.0 - [FirebaseCore][I-COR000003] The default Firebase app has not yet been configured. Add `FirebaseApp.configure()` to your application initialization. This can be done in in the App Delegate's application(_:didFinishLaunchingWithOptions:)` (or the `@main` struct's initializer in SwiftUI). Read more: https://firebase.google.com/docs/ios/setup#initialize_firebase_in_your_app
Test Case '-[Yoga_of_EatingTests.MainViewModelValidationIntegrationTests test_invalidTodoItem_blocksAddition_setsError]' passed (0.001 seconds).
2026-05-15 06:39:52.336614+0530 Yoga of Eating[16836:137032] [[FirebaseCore]] 12.7.0 - [FirebaseCore][I-COR000003] The default Firebase app has not yet been configured. Add `FirebaseApp.configure()` to your application initialization. This can be done in in the App Delegate's application(_:didFinishLaunchingWithOptions:)` (or the `@main` struct's initializer in SwiftUI). Read more: https://firebase.google.com/docs/ios/setup#initialize_firebase_in_your_app
Test Case '-[Yoga_of_EatingTests.MainViewModelValidationIntegrationTests test_javascriptProtocol_isDetectedAndBlocked]' started.
2026-05-15 06:39:52.337139+0530 Yoga of Eating[16836:137042] [[FirebaseCore]] 12.7.0 - [FirebaseCore][I-COR000003] The default Firebase app has not yet been configured. Add `FirebaseApp.configure()` to your application initialization. This can be done in in the App Delegate's application(_:didFinishLaunchingWithOptions:)` (or the `@main` struct's initializer in SwiftUI). Read more: https://firebase.google.com/docs/ios/setup#initialize_firebase_in_your_app
Test Case '-[Yoga_of_EatingTests.MainViewModelValidationIntegrationTests test_javascriptProtocol_isDetectedAndBlocked]' passed (0.000 seconds).
2026-05-15 06:39:52.337275+0530 Yoga of Eating[16836:137042] [[FirebaseCore]] 12.7.0 - [FirebaseCore][I-COR000003] The default Firebase app has not yet been configured. Add `FirebaseApp.configure()` to your application initialization. This can be done in in the App Delegate's application(_:didFinishLaunchingWithOptions:)` (or the `@main` struct's initializer in SwiftUI). Read more: https://firebase.google.com/docs/ios/setup#initialize_firebase_in_your_app
Test Case '-[Yoga_of_EatingTests.MainViewModelValidationIntegrationTests test_journalEntry_exceedingMaxLength_isTruncated]' started.
2026-05-15 06:39:52.337766+0530 Yoga of Eating[16836:137030] [[FirebaseCore]] 12.7.0 - [FirebaseCore][I-COR000003] The default Firebase app has not yet been configured. Add `FirebaseApp.configure()` to your application initialization. This can be done in in the App Delegate's application(_:didFinishLaunchingWithOptions:)` (or the `@main` struct's initializer in SwiftUI). Read more: https://firebase.google.com/docs/ios/setup#initialize_firebase_in_your_app
2026-05-15 06:39:52.337838+0530 Yoga of Eating[16836:137030] [[FirebaseCore]] 12.7.0 - [FirebaseCore][I-COR000003] The default Firebase app has not yet been configured. Add `FirebaseApp.configure()` to your application initialization. This can be done in in the App Delegate's application(_:didFinishLaunchingWithOptions:)` (or the `@main` struct's initializer in SwiftUI). Read more: https://firebase.google.com/docs/ios/setup#initialize_firebase_in_your_app
Test Case '-[Yoga_of_EatingTests.MainViewModelValidationIntegrationTests test_journalEntry_exceedingMaxLength_isTruncated]' passed (0.002 seconds).
Test Case '-[Yoga_of_EatingTests.MainViewModelValidationIntegrationTests test_leadingTrailingWhitespace_isTrimmed]' started.
2026-05-15 06:39:52.340160+0530 Yoga of Eating[16836:137043] [[FirebaseCore]] 12.7.0 - [FirebaseCore][I-COR000003] The default Firebase app has not yet been configured. Add `FirebaseApp.configure()` to your application initialization. This can be done in in the App Delegate's application(_:didFinishLaunchingWithOptions:)` (or the `@main` struct's initializer in SwiftUI). Read more: https://firebase.google.com/docs/ios/setup#initialize_firebase_in_your_app
Test Case '-[Yoga_of_EatingTests.MainViewModelValidationIntegrationTests test_leadingTrailingWhitespace_isTrimmed]' passed (0.000 seconds).
2026-05-15 06:39:52.340306+0530 Yoga of Eating[16836:137043] [[FirebaseCore]] 12.7.0 - [FirebaseCore][I-COR000003] The default Firebase app has not yet been configured. Add `FirebaseApp.configure()` to your application initialization. This can be done in in the App Delegate's application(_:didFinishLaunchingWithOptions:)` (or the `@main` struct's initializer in SwiftUI). Read more: https://firebase.google.com/docs/ios/setup#initialize_firebase_in_your_app
Test Case '-[Yoga_of_EatingTests.MainViewModelValidationIntegrationTests test_lessThanOperator_allowedInMealDescription]' started.
2026-05-15 06:39:52.340829+0530 Yoga of Eating[16836:137042] [[FirebaseCore]] 12.7.0 - [FirebaseCore][I-COR000003] The default Firebase app has not yet been configured. Add `FirebaseApp.configure()` to your application initialization. This can be done in in the App Delegate's application(_:didFinishLaunchingWithOptions:)` (or the `@main` struct's initializer in SwiftUI). Read more: https://firebase.google.com/docs/ios/setup#initialize_firebase_in_your_app
2026-05-15 06:39:52.340904+0530 Yoga of Eating[16836:137042] [[FirebaseCore]] 12.7.0 - [FirebaseCore][I-COR000003] The default Firebase app has not yet been configured. Add `FirebaseApp.configure()` to your application initialization. This can be done in in the App Delegate's application(_:didFinishLaunchingWithOptions:)` (or the `@main` struct's initializer in SwiftUI). Read more: https://firebase.google.com/docs/ios/setup#initialize_firebase_in_your_app
Test Case '-[Yoga_of_EatingTests.MainViewModelValidationIntegrationTests test_lessThanOperator_allowedInMealDescription]' passed (0.001 seconds).
Test Case '-[Yoga_of_EatingTests.MainViewModelValidationIntegrationTests test_mealDescription_caseInsensitiveXSSDetection]' started.
2026-05-15 06:39:52.341443+0530 Yoga of Eating[16836:137042] [[FirebaseCore]] 12.7.0 - [FirebaseCore][I-COR000003] The default Firebase app has not yet been configured. Add `FirebaseApp.configure()` to your application initialization. This can be done in in the App Delegate's application(_:didFinishLaunchingWithOptions:)` (or the `@main` struct's initializer in SwiftUI). Read more: https://firebase.google.com/docs/ios/setup#initialize_firebase_in_your_app
2026-05-15 06:39:52.341527+0530 Yoga of Eating[16836:137042] [[FirebaseCore]] 12.7.0 - [FirebaseCore][I-COR000003] The default Firebase app has not yet been configured. Add `FirebaseApp.configure()` to your application initialization. This can be done in in the App Delegate's application(_:didFinishLaunchingWithOptions:)` (or the `@main` struct's initializer in SwiftUI). Read more: https://firebase.google.com/docs/ios/setup#initialize_firebase_in_your_app
Test Case '-[Yoga_of_EatingTests.MainViewModelValidationIntegrationTests test_mealDescription_caseInsensitiveXSSDetection]' passed (0.000 seconds).
Test Case '-[Yoga_of_EatingTests.MainViewModelValidationIntegrationTests test_mealDescription_withValidItems_succeeds]' started.
2026-05-15 06:39:52.342076+0530 Yoga of Eating[16836:137042] [[FirebaseCore]] 12.7.0 - [FirebaseCore][I-COR000003] The default Firebase app has not yet been configured. Add `FirebaseApp.configure()` to your application initialization. This can be done in in the App Delegate's application(_:didFinishLaunchingWithOptions:)` (or the `@main` struct's initializer in SwiftUI). Read more: https://firebase.google.com/docs/ios/setup#initialize_firebase_in_your_app
2026-05-15 06:39:52.342173+0530 Yoga of Eating[16836:137042] [[FirebaseCore]] 12.7.0 - [FirebaseCore][I-COR000003] The default Firebase app has not yet been configured. Add `FirebaseApp.configure()` to your application initialization. This can be done in in the App Delegate's application(_:didFinishLaunchingWithOptions:)` (or the `@main` struct's initializer in SwiftUI). Read more: https://firebase.google.com/docs/ios/setup#initialize_firebase_in_your_app
Test Case '-[Yoga_of_EatingTests.MainViewModelValidationIntegrationTests test_mealDescription_withValidItems_succeeds]' passed (0.001 seconds).
Test Case '-[Yoga_of_EatingTests.MainViewModelValidationIntegrationTests test_morningThoughts_atMaxLength_isPersisted]' started.
2026-05-15 06:39:52.342800+0530 Yoga of Eating[16836:137042] [[FirebaseCore]] 12.7.0 - [FirebaseCore][I-COR000003] The default Firebase app has not yet been configured. Add `FirebaseApp.configure()` to your application initialization. This can be done in in the App Delegate's application(_:didFinishLaunchingWithOptions:)` (or the `@main` struct's initializer in SwiftUI). Read more: https://firebase.google.com/docs/ios/setup#initialize_firebase_in_your_app
2026-05-15 06:39:52.342886+0530 Yoga of Eating[16836:137042] [[FirebaseCore]] 12.7.0 - [FirebaseCore][I-COR000003] The default Firebase app has not yet been configured. Add `FirebaseApp.configure()` to your application initialization. This can be done in in the App Delegate's application(_:didFinishLaunchingWithOptions:)` (or the `@main` struct's initializer in SwiftUI). Read more: https://firebase.google.com/docs/ios/setup#initialize_firebase_in_your_app
Test Case '-[Yoga_of_EatingTests.MainViewModelValidationIntegrationTests test_morningThoughts_atMaxLength_isPersisted]' passed (0.002 seconds).
Test Case '-[Yoga_of_EatingTests.MainViewModelValidationIntegrationTests test_multipleFieldErrors_lastErrorIsUpdated]' started.
2026-05-15 06:39:52.345199+0530 Yoga of Eating[16836:137032] [[FirebaseCore]] 12.7.0 - [FirebaseCore][I-COR000003] The default Firebase app has not yet been configured. Add `FirebaseApp.configure()` to your application initialization. This can be done in in the App Delegate's application(_:didFinishLaunchingWithOptions:)` (or the `@main` struct's initializer in SwiftUI). Read more: https://firebase.google.com/docs/ios/setup#initialize_firebase_in_your_app
2026-05-15 06:39:52.345281+0530 Yoga of Eating[16836:137032] [[FirebaseCore]] 12.7.0 - [FirebaseCore][I-COR000003] The default Firebase app has not yet been configured. Add `FirebaseApp.configure()` to your application initialization. This can be done in in the App Delegate's application(_:didFinishLaunchingWithOptions:)` (or the `@main` struct's initializer in SwiftUI). Read more: https://firebase.google.com/docs/ios/setup#initialize_firebase_in_your_app
Test Case '-[Yoga_of_EatingTests.MainViewModelValidationIntegrationTests test_multipleFieldErrors_lastErrorIsUpdated]' passed (0.000 seconds).
Test Case '-[Yoga_of_EatingTests.MainViewModelValidationIntegrationTests test_newlines_preserved]' started.
2026-05-15 06:39:52.345817+0530 Yoga of Eating[16836:137032] [[FirebaseCore]] 12.7.0 - [FirebaseCore][I-COR000003] The default Firebase app has not yet been configured. Add `FirebaseApp.configure()` to your application initialization. This can be done in in the App Delegate's application(_:didFinishLaunchingWithOptions:)` (or the `@main` struct's initializer in SwiftUI). Read more: https://firebase.google.com/docs/ios/setup#initialize_firebase_in_your_app
2026-05-15 06:39:52.345896+0530 Yoga of Eating[16836:137032] [[FirebaseCore]] 12.7.0 - [FirebaseCore][I-COR000003] The default Firebase app has not yet been configured. Add `FirebaseApp.configure()` to your application initialization. This can be done in in the App Delegate's application(_:didFinishLaunchingWithOptions:)` (or the `@main` struct's initializer in SwiftUI). Read more: https://firebase.google.com/docs/ios/setup#initialize_firebase_in_your_app
Test Case '-[Yoga_of_EatingTests.MainViewModelValidationIntegrationTests test_newlines_preserved]' passed (0.001 seconds).
Test Case '-[Yoga_of_EatingTests.MainViewModelValidationIntegrationTests test_nullBytes_filtered]' started.
2026-05-15 06:39:52.346513+0530 Yoga of Eating[16836:137032] [[FirebaseCore]] 12.7.0 - [FirebaseCore][I-COR000003] The default Firebase app has not yet been configured. Add `FirebaseApp.configure()` to your application initialization. This can be done in in the App Delegate's application(_:didFinishLaunchingWithOptions:)` (or the `@main` struct's initializer in SwiftUI). Read more: https://firebase.google.com/docs/ios/setup#initialize_firebase_in_your_app
2026-05-15 06:39:52.346588+0530 Yoga of Eating[16836:137032] [[FirebaseCore]] 12.7.0 - [FirebaseCore][I-COR000003] The default Firebase app has not yet been configured. Add `FirebaseApp.configure()` to your application initialization. This can be done in in the App Delegate's application(_:didFinishLaunchingWithOptions:)` (or the `@main` struct's initializer in SwiftUI). Read more: https://firebase.google.com/docs/ios/setup#initialize_firebase_in_your_app
Test Case '-[Yoga_of_EatingTests.MainViewModelValidationIntegrationTests test_nullBytes_filtered]' passed (0.000 seconds).
Test Case '-[Yoga_of_EatingTests.MainViewModelValidationIntegrationTests test_onclickEventHandler_isDetectedAndBlocked]' started.
2026-05-15 06:39:52.347190+0530 Yoga of Eating[16836:137035] [[FirebaseCore]] 12.7.0 - [FirebaseCore][I-COR000003] The default Firebase app has not yet been configured. Add `FirebaseApp.configure()` to your application initialization. This can be done in in the App Delegate's application(_:didFinishLaunchingWithOptions:)` (or the `@main` struct's initializer in SwiftUI). Read more: https://firebase.google.com/docs/ios/setup#initialize_firebase_in_your_app
2026-05-15 06:39:52.347260+0530 Yoga of Eating[16836:137035] [[FirebaseCore]] 12.7.0 - [FirebaseCore][I-COR000003] The default Firebase app has not yet been configured. Add `FirebaseApp.configure()` to your application initialization. This can be done in in the App Delegate's application(_:didFinishLaunchingWithOptions:)` (or the `@main` struct's initializer in SwiftUI). Read more: https://firebase.google.com/docs/ios/setup#initialize_firebase_in_your_app
Test Case '-[Yoga_of_EatingTests.MainViewModelValidationIntegrationTests test_onclickEventHandler_isDetectedAndBlocked]' passed (0.000 seconds).
Test Case '-[Yoga_of_EatingTests.MainViewModelValidationIntegrationTests test_oneInvalidField_setsErrorWithoutAffectingValidField]' started.
Test Case '-[Yoga_of_EatingTests.MainViewModelValidationIntegrationTests test_oneInvalidField_setsErrorWithoutAffectingValidField]' passed (0.000 seconds).
2026-05-15 06:39:52.347846+0530 Yoga of Eating[16836:137032] [[FirebaseCore]] 12.7.0 - [FirebaseCore][I-COR000003] The default Firebase app has not yet been configured. Add `FirebaseApp.configure()` to your application initialization. This can be done in in the App Delegate's application(_:didFinishLaunchingWithOptions:)` (or the `@main` struct's initializer in SwiftUI). Read more: https://firebase.google.com/docs/ios/setup#initialize_firebase_in_your_app
Test Case '-[Yoga_of_EatingTests.MainViewModelValidationIntegrationTests test_punctuation_preserved]' started.
2026-05-15 06:39:52.348154+0530 Yoga of Eating[16836:137032] [[FirebaseCore]] 12.7.0 - [FirebaseCore][I-COR000003] The default Firebase app has not yet been configured. Add `FirebaseApp.configure()` to your application initialization. This can be done in in the App Delegate's application(_:didFinishLaunchingWithOptions:)` (or the `@main` struct's initializer in SwiftUI). Read more: https://firebase.google.com/docs/ios/setup#initialize_firebase_in_your_app
2026-05-15 06:39:52.348436+0530 Yoga of Eating[16836:137035] [[FirebaseCore]] 12.7.0 - [FirebaseCore][I-COR000003] The default Firebase app has not yet been configured. Add `FirebaseApp.configure()` to your application initialization. This can be done in in the App Delegate's application(_:didFinishLaunchingWithOptions:)` (or the `@main` struct's initializer in SwiftUI). Read more: https://firebase.google.com/docs/ios/setup#initialize_firebase_in_your_app
2026-05-15 06:39:52.348496+0530 Yoga of Eating[16836:137035] [[FirebaseCore]] 12.7.0 - [FirebaseCore][I-COR000003] The default Firebase app has not yet been configured. Add `FirebaseApp.configure()` to your application initialization. This can be done in in the App Delegate's application(_:didFinishLaunchingWithOptions:)` (or the `@main` struct's initializer in SwiftUI). Read more: https://firebase.google.com/docs/ios/setup#initialize_firebase_in_your_app
Test Case '-[Yoga_of_EatingTests.MainViewModelValidationIntegrationTests test_punctuation_preserved]' passed (0.001 seconds).
Test Case '-[Yoga_of_EatingTests.MainViewModelValidationIntegrationTests test_repeatedPatternDetection_blocked]' started.
2026-05-15 06:39:52.349287+0530 Yoga of Eating[16836:137032] [[FirebaseCore]] 12.7.0 - [FirebaseCore][I-COR000003] The default Firebase app has not yet been configured. Add `FirebaseApp.configure()` to your application initialization. This can be done in in the App Delegate's application(_:didFinishLaunchingWithOptions:)` (or the `@main` struct's initializer in SwiftUI). Read more: https://firebase.google.com/docs/ios/setup#initialize_firebase_in_your_app
Test Case '-[Yoga_of_EatingTests.MainViewModelValidationIntegrationTests test_repeatedPatternDetection_blocked]' passed (0.001 seconds).
Test Case '-[Yoga_of_EatingTests.MainViewModelValidationIntegrationTests test_scriptTag_isDetectedAndBlocked]' started.
Test Case '-[Yoga_of_EatingTests.MainViewModelValidationIntegrationTests test_scriptTag_isDetectedAndBlocked]' passed (0.000 seconds).
2026-05-15 06:39:52.349495+0530 Yoga of Eating[16836:137032] [[FirebaseCore]] 12.7.0 - [FirebaseCore][I-COR000003] The default Firebase app has not yet been configured. Add `FirebaseApp.configure()` to your application initialization. This can be done in in the App Delegate's application(_:didFinishLaunchingWithOptions:)` (or the `@main` struct's initializer in SwiftUI). Read more: https://firebase.google.com/docs/ios/setup#initialize_firebase_in_your_app
Test Case '-[Yoga_of_EatingTests.MainViewModelValidationIntegrationTests test_singleCharacterInput_accepted]' started.
2026-05-15 06:39:52.350413+0530 Yoga of Eating[16836:137032] [[FirebaseCore]] 12.7.0 - [FirebaseCore][I-COR000003] The default Firebase app has not yet been configured. Add `FirebaseApp.configure()` to your application initialization. This can be done in in the App Delegate's application(_:didFinishLaunchingWithOptions:)` (or the `@main` struct's initializer in SwiftUI). Read more: https://firebase.google.com/docs/ios/setup#initialize_firebase_in_your_app
2026-05-15 06:39:52.350512+0530 Yoga of Eating[16836:137032] [[FirebaseCore]] 12.7.0 - [FirebaseCore][I-COR000003] The default Firebase app has not yet been configured. Add `FirebaseApp.configure()` to your application initialization. This can be done in in the App Delegate's application(_:didFinishLaunchingWithOptions:)` (or the `@main` struct's initializer in SwiftUI). Read more: https://firebase.google.com/docs/ios/setup#initialize_firebase_in_your_app
2026-05-15 06:39:52.350566+0530 Yoga of Eating[16836:137032] [[FirebaseCore]] 12.7.0 - [FirebaseCore][I-COR000003] The default Firebase app has not yet been configured. Add `FirebaseApp.configure()` to your application initialization. This can be done in in the App Delegate's application(_:didFinishLaunchingWithOptions:)` (or the `@main` struct's initializer in SwiftUI). Read more: https://firebase.google.com/docs/ios/setup#initialize_firebase_in_your_app
Test Case '-[Yoga_of_EatingTests.MainViewModelValidationIntegrationTests test_singleCharacterInput_accepted]' passed (0.001 seconds).
2026-05-15 06:39:52.350664+0530 Yoga of Eating[16836:137032] [[FirebaseCore]] 12.7.0 - [FirebaseCore][I-COR000003] The default Firebase app has not yet been configured. Add `FirebaseApp.configure()` to your application initialization. This can be done in in the App Delegate's application(_:didFinishLaunchingWithOptions:)` (or the `@main` struct's initializer in SwiftUI). Read more: https://firebase.google.com/docs/ios/setup#initialize_firebase_in_your_app
Test Case '-[Yoga_of_EatingTests.MainViewModelValidationIntegrationTests test_sleepNotes_exceedingMaxLength_isTruncated]' started.
2026-05-15 06:39:52.351754+0530 Yoga of Eating[16836:137043] [[FirebaseCore]] 12.7.0 - [FirebaseCore][I-COR000003] The default Firebase app has not yet been configured. Add `FirebaseApp.configure()` to your application initialization. This can be done in in the App Delegate's application(_:didFinishLaunchingWithOptions:)` (or the `@main` struct's initializer in SwiftUI). Read more: https://firebase.google.com/docs/ios/setup#initialize_firebase_in_your_app
2026-05-15 06:39:52.351837+0530 Yoga of Eating[16836:137043] [[FirebaseCore]] 12.7.0 - [FirebaseCore][I-COR000003] The default Firebase app has not yet been configured. Add `FirebaseApp.configure()` to your application initialization. This can be done in in the App Delegate's application(_:didFinishLaunchingWithOptions:)` (or the `@main` struct's initializer in SwiftUI). Read more: https://firebase.google.com/docs/ios/setup#initialize_firebase_in_your_app
Test Case '-[Yoga_of_EatingTests.MainViewModelValidationIntegrationTests test_sleepNotes_exceedingMaxLength_isTruncated]' passed (0.001 seconds).
Test Case '-[Yoga_of_EatingTests.MainViewModelValidationIntegrationTests test_specialCharacters_preserved]' started.
2026-05-15 06:39:52.353047+0530 Yoga of Eating[16836:137043] [[FirebaseCore]] 12.7.0 - [FirebaseCore][I-COR000003] The default Firebase app has not yet been configured. Add `FirebaseApp.configure()` to your application initialization. This can be done in in the App Delegate's application(_:didFinishLaunchingWithOptions:)` (or the `@main` struct's initializer in SwiftUI). Read more: https://firebase.google.com/docs/ios/setup#initialize_firebase_in_your_app
Test Case '-[Yoga_of_EatingTests.MainViewModelValidationIntegrationTests test_specialCharacters_preserved]' passed (0.001 seconds).
2026-05-15 06:39:52.353368+0530 Yoga of Eating[16836:137043] [[FirebaseCore]] 12.7.0 - [FirebaseCore][I-COR000003] The default Firebase app has not yet been configured. Add `FirebaseApp.configure()` to your application initialization. This can be done in in the App Delegate's application(_:didFinishLaunchingWithOptions:)` (or the `@main` struct's initializer in SwiftUI). Read more: https://firebase.google.com/docs/ios/setup#initialize_firebase_in_your_app
Test Case '-[Yoga_of_EatingTests.MainViewModelValidationIntegrationTests test_todoItem_exceedingMaxLength_isRejected]' started.
2026-05-15 06:39:52.353710+0530 Yoga of Eating[16836:137035] [[FirebaseCore]] 12.7.0 - [FirebaseCore][I-COR000003] The default Firebase app has not yet been configured. Add `FirebaseApp.configure()` to your application initialization. This can be done in in the App Delegate's application(_:didFinishLaunchingWithOptions:)` (or the `@main` struct's initializer in SwiftUI). Read more: https://firebase.google.com/docs/ios/setup#initialize_firebase_in_your_app
Test Case '-[Yoga_of_EatingTests.MainViewModelValidationIntegrationTests test_todoItem_exceedingMaxLength_isRejected]' passed (0.000 seconds).
2026-05-15 06:39:52.353793+0530 Yoga of Eating[16836:137035] [[FirebaseCore]] 12.7.0 - [FirebaseCore][I-COR000003] The default Firebase app has not yet been configured. Add `FirebaseApp.configure()` to your application initialization. This can be done in in the App Delegate's application(_:didFinishLaunchingWithOptions:)` (or the `@main` struct's initializer in SwiftUI). Read more: https://firebase.google.com/docs/ios/setup#initialize_firebase_in_your_app
Test Case '-[Yoga_of_EatingTests.MainViewModelValidationIntegrationTests test_unicodeCharacters_accepted]' started.
2026-05-15 06:39:52.354336+0530 Yoga of Eating[16836:137042] [[FirebaseCore]] 12.7.0 - [FirebaseCore][I-COR000003] The default Firebase app has not yet been configured. Add `FirebaseApp.configure()` to your application initialization. This can be done in in the App Delegate's application(_:didFinishLaunchingWithOptions:)` (or the `@main` struct's initializer in SwiftUI). Read more: https://firebase.google.com/docs/ios/setup#initialize_firebase_in_your_app
2026-05-15 06:39:52.354418+0530 Yoga of Eating[16836:137042] [[FirebaseCore]] 12.7.0 - [FirebaseCore][I-COR000003] The default Firebase app has not yet been configured. Add `FirebaseApp.configure()` to your application initialization. This can be done in in the App Delegate's application(_:didFinishLaunchingWithOptions:)` (or the `@main` struct's initializer in SwiftUI). Read more: https://firebase.google.com/docs/ios/setup#initialize_firebase_in_your_app
Test Case '-[Yoga_of_EatingTests.MainViewModelValidationIntegrationTests test_unicodeCharacters_accepted]' passed (0.001 seconds).
Test Case '-[Yoga_of_EatingTests.MainViewModelValidationIntegrationTests test_validJournalText_persistToReflectData]' started.
2026-05-15 06:39:52.355101+0530 Yoga of Eating[16836:137032] [[FirebaseCore]] 12.7.0 - [FirebaseCore][I-COR000003] The default Firebase app has not yet been configured. Add `FirebaseApp.configure()` to your application initialization. This can be done in in the App Delegate's application(_:didFinishLaunchingWithOptions:)` (or the `@main` struct's initializer in SwiftUI). Read more: https://firebase.google.com/docs/ios/setup#initialize_firebase_in_your_app
2026-05-15 06:39:52.355178+0530 Yoga of Eating[16836:137032] [[FirebaseCore]] 12.7.0 - [FirebaseCore][I-COR000003] The default Firebase app has not yet been configured. Add `FirebaseApp.configure()` to your application initialization. This can be done in in the App Delegate's application(_:didFinishLaunchingWithOptions:)` (or the `@main` struct's initializer in SwiftUI). Read more: https://firebase.google.com/docs/ios/setup#initialize_firebase_in_your_app
Test Case '-[Yoga_of_EatingTests.MainViewModelValidationIntegrationTests test_validJournalText_persistToReflectData]' passed (0.001 seconds).
Test Case '-[Yoga_of_EatingTests.MainViewModelValidationIntegrationTests test_validMorningThoughts_persistToHighlightData]' started.
2026-05-15 06:39:52.355884+0530 Yoga of Eating[16836:137035] [[FirebaseCore]] 12.7.0 - [FirebaseCore][I-COR000003] The default Firebase app has not yet been configured. Add `FirebaseApp.configure()` to your application initialization. This can be done in in the App Delegate's application(_:didFinishLaunchingWithOptions:)` (or the `@main` struct's initializer in SwiftUI). Read more: https://firebase.google.com/docs/ios/setup#initialize_firebase_in_your_app
2026-05-15 06:39:52.355959+0530 Yoga of Eating[16836:137035] [[FirebaseCore]] 12.7.0 - [FirebaseCore][I-COR000003] The default Firebase app has not yet been configured. Add `FirebaseApp.configure()` to your application initialization. This can be done in in the App Delegate's application(_:didFinishLaunchingWithOptions:)` (or the `@main` struct's initializer in SwiftUI). Read more: https://firebase.google.com/docs/ios/setup#initialize_firebase_in_your_app
Test Case '-[Yoga_of_EatingTests.MainViewModelValidationIntegrationTests test_validMorningThoughts_persistToHighlightData]' passed (0.001 seconds).
Test Case '-[Yoga_of_EatingTests.MainViewModelValidationIntegrationTests test_validSleepNotes_persistToHighlightData]' started.
2026-05-15 06:39:52.356674+0530 Yoga of Eating[16836:137042] [[FirebaseCore]] 12.7.0 - [FirebaseCore][I-COR000003] The default Firebase app has not yet been configured. Add `FirebaseApp.configure()` to your application initialization. This can be done in in the App Delegate's application(_:didFinishLaunchingWithOptions:)` (or the `@main` struct's initializer in SwiftUI). Read more: https://firebase.google.com/docs/ios/setup#initialize_firebase_in_your_app
2026-05-15 06:39:52.356832+0530 Yoga of Eating[16836:137042] [[FirebaseCore]] 12.7.0 - [FirebaseCore][I-COR000003] The default Firebase app has not yet been configured. Add `FirebaseApp.configure()` to your application initialization. This can be done in in the App Delegate's application(_:didFinishLaunchingWithOptions:)` (or the `@main` struct's initializer in SwiftUI). Read more: https://firebase.google.com/docs/ios/setup#initialize_firebase_in_your_app
Test Case '-[Yoga_of_EatingTests.MainViewModelValidationIntegrationTests test_validSleepNotes_persistToHighlightData]' passed (0.001 seconds).
Test Case '-[Yoga_of_EatingTests.MainViewModelValidationIntegrationTests test_validTodoItem_addsToHighlightTodos]' started.
2026-05-15 06:39:52.357468+0530 Yoga of Eating[16836:137035] [[FirebaseCore]] 12.7.0 - [FirebaseCore][I-COR000003] The default Firebase app has not yet been configured. Add `FirebaseApp.configure()` to your application initialization. This can be done in in the App Delegate's application(_:didFinishLaunchingWithOptions:)` (or the `@main` struct's initializer in SwiftUI). Read more: https://firebase.google.com/docs/ios/setup#initialize_firebase_in_your_app
Test Case '-[Yoga_of_EatingTests.MainViewModelValidationIntegrationTests test_validTodoItem_addsToHighlightTodos]' passed (0.001 seconds).
2026-05-15 06:39:52.357610+0530 Yoga of Eating[16836:137035] [[FirebaseCore]] 12.7.0 - [FirebaseCore][I-COR000003] The default Firebase app has not yet been configured. Add `FirebaseApp.configure()` to your application initialization. This can be done in in the App Delegate's application(_:didFinishLaunchingWithOptions:)` (or the `@main` struct's initializer in SwiftUI). Read more: https://firebase.google.com/docs/ios/setup#initialize_firebase_in_your_app
Test Case '-[Yoga_of_EatingTests.MainViewModelValidationIntegrationTests test_whitespaceOnlyString_treatedAsEmpty]' started.
2026-05-15 06:39:52.358193+0530 Yoga of Eating[16836:137042] [[FirebaseCore]] 12.7.0 - [FirebaseCore][I-COR000003] The default Firebase app has not yet been configured. Add `FirebaseApp.configure()` to your application initialization. This can be done in in the App Delegate's application(_:didFinishLaunchingWithOptions:)` (or the `@main` struct's initializer in SwiftUI). Read more: https://firebase.google.com/docs/ios/setup#initialize_firebase_in_your_app
Test Case '-[Yoga_of_EatingTests.MainViewModelValidationIntegrationTests test_whitespaceOnlyString_treatedAsEmpty]' passed (0.000 seconds).
Test Suite 'MainViewModelValidationIntegrationTests' passed at 2026-05-15 06:39:52.358.
	 Executed 41 tests, with 0 failures (0 unexpected) in 0.039 (0.047) seconds
2026-05-15 06:39:52.358407+0530 Yoga of Eating[16836:137042] [[FirebaseCore]] 12.7.0 - [FirebaseCore][I-COR000003] The default Firebase app has not yet been configured. Add `FirebaseApp.configure()` to your application initialization. This can be done in in the App Delegate's application(_:didFinishLaunchingWithOptions:)` (or the `@main` struct's initializer in SwiftUI). Read more: https://firebase.google.com/docs/ios/setup#initialize_firebase_in_your_app
Test Suite 'MainViewModelValidationTests' started at 2026-05-15 06:39:52.359.
Test Case '-[Yoga_of_EatingTests.MainViewModelValidationTests test_addHighlightTodo_withEmptyString_doesNotAdd]' started.
2026-05-15 06:39:52.358978+0530 Yoga of Eating[16836:137043] [[FirebaseCore]] 12.7.0 - [FirebaseCore][I-COR000003] The default Firebase app has not yet been configured. Add `FirebaseApp.configure()` to your application initialization. This can be done in in the App Delegate's application(_:didFinishLaunchingWithOptions:)` (or the `@main` struct's initializer in SwiftUI). Read more: https://firebase.google.com/docs/ios/setup#initialize_firebase_in_your_app
Test Case '-[Yoga_of_EatingTests.MainViewModelValidationTests test_addHighlightTodo_withEmptyString_doesNotAdd]' passed (0.000 seconds).
2026-05-15 06:39:52.359054+0530 Yoga of Eating[16836:137043] [[FirebaseCore]] 12.7.0 - [FirebaseCore][I-COR000003] The default Firebase app has not yet been configured. Add `FirebaseApp.configure()` to your application initialization. This can be done in in the App Delegate's application(_:didFinishLaunchingWithOptions:)` (or the `@main` struct's initializer in SwiftUI). Read more: https://firebase.google.com/docs/ios/setup#initialize_firebase_in_your_app
Test Case '-[Yoga_of_EatingTests.MainViewModelValidationTests test_addHighlightTodo_withSuspiciousContent_setsErrorState]' started.
2026-05-15 06:39:52.359584+0530 Yoga of Eating[16836:137030] [[FirebaseCore]] 12.7.0 - [FirebaseCore][I-COR000003] The default Firebase app has not yet been configured. Add `FirebaseApp.configure()` to your application initialization. This can be done in in the App Delegate's application(_:didFinishLaunchingWithOptions:)` (or the `@main` struct's initializer in SwiftUI). Read more: https://firebase.google.com/docs/ios/setup#initialize_firebase_in_your_app
Test Case '-[Yoga_of_EatingTests.MainViewModelValidationTests test_addHighlightTodo_withSuspiciousContent_setsErrorState]' passed (0.000 seconds).
2026-05-15 06:39:52.359762+0530 Yoga of Eating[16836:137030] [[FirebaseCore]] 12.7.0 - [FirebaseCore][I-COR000003] The default Firebase app has not yet been configured. Add `FirebaseApp.configure()` to your application initialization. This can be done in in the App Delegate's application(_:didFinishLaunchingWithOptions:)` (or the `@main` struct's initializer in SwiftUI). Read more: https://firebase.google.com/docs/ios/setup#initialize_firebase_in_your_app
Test Case '-[Yoga_of_EatingTests.MainViewModelValidationTests test_addHighlightTodo_withValidInput_succeeds]' started.
2026-05-15 06:39:52.360157+0530 Yoga of Eating[16836:137043] [[FirebaseCore]] 12.7.0 - [FirebaseCore][I-COR000003] The default Firebase app has not yet been configured. Add `FirebaseApp.configure()` to your application initialization. This can be done in in the App Delegate's application(_:didFinishLaunchingWithOptions:)` (or the `@main` struct's initializer in SwiftUI). Read more: https://firebase.google.com/docs/ios/setup#initialize_firebase_in_your_app
Test Case '-[Yoga_of_EatingTests.MainViewModelValidationTests test_addHighlightTodo_withValidInput_succeeds]' passed (0.000 seconds).
2026-05-15 06:39:52.360231+0530 Yoga of Eating[16836:137043] [[FirebaseCore]] 12.7.0 - [FirebaseCore][I-COR000003] The default Firebase app has not yet been configured. Add `FirebaseApp.configure()` to your application initialization. This can be done in in the App Delegate's application(_:didFinishLaunchingWithOptions:)` (or the `@main` struct's initializer in SwiftUI). Read more: https://firebase.google.com/docs/ios/setup#initialize_firebase_in_your_app
Test Case '-[Yoga_of_EatingTests.MainViewModelValidationTests test_updateHighlightMorningThoughts_withEmptyString_allowsOptional]' started.
2026-05-15 06:39:52.360888+0530 Yoga of Eating[16836:137043] [[FirebaseCore]] 12.7.0 - [FirebaseCore][I-COR000003] The default Firebase app has not yet been configured. Add `FirebaseApp.configure()` to your application initialization. This can be done in in the App Delegate's application(_:didFinishLaunchingWithOptions:)` (or the `@main` struct's initializer in SwiftUI). Read more: https://firebase.google.com/docs/ios/setup#initialize_firebase_in_your_app
Test Case '-[Yoga_of_EatingTests.MainViewModelValidationTests test_updateHighlightMorningThoughts_withEmptyString_allowsOptional]' passed (0.001 seconds).
2026-05-15 06:39:52.361101+0530 Yoga of Eating[16836:137043] [[FirebaseCore]] 12.7.0 - [FirebaseCore][I-COR000003] The default Firebase app has not yet been configured. Add `FirebaseApp.configure()` to your application initialization. This can be done in in the App Delegate's application(_:didFinishLaunchingWithOptions:)` (or the `@main` struct's initializer in SwiftUI). Read more: https://firebase.google.com/docs/ios/setup#initialize_firebase_in_your_app
Test Case '-[Yoga_of_EatingTests.MainViewModelValidationTests test_updateHighlightMorningThoughts_withSuspiciousContent_setsErrorState]' started.
2026-05-15 06:39:52.361565+0530 Yoga of Eating[16836:137035] [[FirebaseCore]] 12.7.0 - [FirebaseCore][I-COR000003] The default Firebase app has not yet been configured. Add `FirebaseApp.configure()` to your application initialization. This can be done in in the App Delegate's application(_:didFinishLaunchingWithOptions:)` (or the `@main` struct's initializer in SwiftUI). Read more: https://firebase.google.com/docs/ios/setup#initialize_firebase_in_your_app
2026-05-15 06:39:52.361626+0530 Yoga of Eating[16836:137035] [[FirebaseCore]] 12.7.0 - [FirebaseCore][I-COR000003] The default Firebase app has not yet been configured. Add `FirebaseApp.configure()` to your application initialization. This can be done in in the App Delegate's application(_:didFinishLaunchingWithOptions:)` (or the `@main` struct's initializer in SwiftUI). Read more: https://firebase.google.com/docs/ios/setup#initialize_firebase_in_your_app
Test Case '-[Yoga_of_EatingTests.MainViewModelValidationTests test_updateHighlightMorningThoughts_withSuspiciousContent_setsErrorState]' passed (0.000 seconds).
Test Case '-[Yoga_of_EatingTests.MainViewModelValidationTests test_updateHighlightMorningThoughts_withValidInput_succeeds]' started.
2026-05-15 06:39:52.362169+0530 Yoga of Eating[16836:137042] [[FirebaseCore]] 12.7.0 - [FirebaseCore][I-COR000003] The default Firebase app has not yet been configured. Add `FirebaseApp.configure()` to your application initialization. This can be done in in the App Delegate's application(_:didFinishLaunchingWithOptions:)` (or the `@main` struct's initializer in SwiftUI). Read more: https://firebase.google.com/docs/ios/setup#initialize_firebase_in_your_app
2026-05-15 06:39:52.362232+0530 Yoga of Eating[16836:137042] [[FirebaseCore]] 12.7.0 - [FirebaseCore][I-COR000003] The default Firebase app has not yet been configured. Add `FirebaseApp.configure()` to your application initialization. This can be done in in the App Delegate's application(_:didFinishLaunchingWithOptions:)` (or the `@main` struct's initializer in SwiftUI). Read more: https://firebase.google.com/docs/ios/setup#initialize_firebase_in_your_app
Test Case '-[Yoga_of_EatingTests.MainViewModelValidationTests test_updateHighlightMorningThoughts_withValidInput_succeeds]' passed (0.001 seconds).
Test Case '-[Yoga_of_EatingTests.MainViewModelValidationTests test_updateHighlightSleepNotes_withEmptyString_allowsOptional]' started.
2026-05-15 06:39:52.362892+0530 Yoga of Eating[16836:137043] [[FirebaseCore]] 12.7.0 - [FirebaseCore][I-COR000003] The default Firebase app has not yet been configured. Add `FirebaseApp.configure()` to your application initialization. This can be done in in the App Delegate's application(_:didFinishLaunchingWithOptions:)` (or the `@main` struct's initializer in SwiftUI). Read more: https://firebase.google.com/docs/ios/setup#initialize_firebase_in_your_app
2026-05-15 06:39:52.362956+0530 Yoga of Eating[16836:137043] [[FirebaseCore]] 12.7.0 - [FirebaseCore][I-COR000003] The default Firebase app has not yet been configured. Add `FirebaseApp.configure()` to your application initialization. This can be done in in the App Delegate's application(_:didFinishLaunchingWithOptions:)` (or the `@main` struct's initializer in SwiftUI). Read more: https://firebase.google.com/docs/ios/setup#initialize_firebase_in_your_app
Test Case '-[Yoga_of_EatingTests.MainViewModelValidationTests test_updateHighlightSleepNotes_withEmptyString_allowsOptional]' passed (0.000 seconds).
Test Case '-[Yoga_of_EatingTests.MainViewModelValidationTests test_updateHighlightSleepNotes_withSuspiciousContent_setsErrorState]' started.
2026-05-15 06:39:52.363567+0530 Yoga of Eating[16836:137042] [[FirebaseCore]] 12.7.0 - [FirebaseCore][I-COR000003] The default Firebase app has not yet been configured. Add `FirebaseApp.configure()` to your application initialization. This can be done in in the App Delegate's application(_:didFinishLaunchingWithOptions:)` (or the `@main` struct's initializer in SwiftUI). Read more: https://firebase.google.com/docs/ios/setup#initialize_firebase_in_your_app
Test Case '-[Yoga_of_EatingTests.MainViewModelValidationTests test_updateHighlightSleepNotes_withSuspiciousContent_setsErrorState]' passed (0.000 seconds).
2026-05-15 06:39:52.363645+0530 Yoga of Eating[16836:137042] [[FirebaseCore]] 12.7.0 - [FirebaseCore][I-COR000003] The default Firebase app has not yet been configured. Add `FirebaseApp.configure()` to your application initialization. This can be done in in the App Delegate's application(_:didFinishLaunchingWithOptions:)` (or the `@main` struct's initializer in SwiftUI). Read more: https://firebase.google.com/docs/ios/setup#initialize_firebase_in_your_app
Test Case '-[Yoga_of_EatingTests.MainViewModelValidationTests test_updateHighlightSleepNotes_withValidInput_clearsErrorState]' started.
2026-05-15 06:39:52.364216+0530 Yoga of Eating[16836:137043] [[FirebaseCore]] 12.7.0 - [FirebaseCore][I-COR000003] The default Firebase app has not yet been configured. Add `FirebaseApp.configure()` to your application initialization. This can be done in in the App Delegate's application(_:didFinishLaunchingWithOptions:)` (or the `@main` struct's initializer in SwiftUI). Read more: https://firebase.google.com/docs/ios/setup#initialize_firebase_in_your_app
2026-05-15 06:39:52.364277+0530 Yoga of Eating[16836:137043] [[FirebaseCore]] 12.7.0 - [FirebaseCore][I-COR000003] The default Firebase app has not yet been configured. Add `FirebaseApp.configure()` to your application initialization. This can be done in in the App Delegate's application(_:didFinishLaunchingWithOptions:)` (or the `@main` struct's initializer in SwiftUI). Read more: https://firebase.google.com/docs/ios/setup#initialize_firebase_in_your_app
Test Case '-[Yoga_of_EatingTests.MainViewModelValidationTests test_updateHighlightSleepNotes_withValidInput_clearsErrorState]' passed (0.001 seconds).
Test Case '-[Yoga_of_EatingTests.MainViewModelValidationTests test_updateMeal_withComparisonOperators_passes]' started.
2026-05-15 06:39:52.364866+0530 Yoga of Eating[16836:137043] [[FirebaseCore]] 12.7.0 - [FirebaseCore][I-COR000003] The default Firebase app has not yet been configured. Add `FirebaseApp.configure()` to your application initialization. This can be done in in the App Delegate's application(_:didFinishLaunchingWithOptions:)` (or the `@main` struct's initializer in SwiftUI). Read more: https://firebase.google.com/docs/ios/setup#initialize_firebase_in_your_app
2026-05-15 06:39:52.364927+0530 Yoga of Eating[16836:137043] [[FirebaseCore]] 12.7.0 - [FirebaseCore][I-COR000003] The default Firebase app has not yet been configured. Add `FirebaseApp.configure()` to your application initialization. This can be done in in the App Delegate's application(_:didFinishLaunchingWithOptions:)` (or the `@main` struct's initializer in SwiftUI). Read more: https://firebase.google.com/docs/ios/setup#initialize_firebase_in_your_app
Test Case '-[Yoga_of_EatingTests.MainViewModelValidationTests test_updateMeal_withComparisonOperators_passes]' passed (0.000 seconds).
Test Case '-[Yoga_of_EatingTests.MainViewModelValidationTests test_updateMeal_withSuspiciousContent_setsErrorState]' started.
2026-05-15 06:39:52.365509+0530 Yoga of Eating[16836:137035] [[FirebaseCore]] 12.7.0 - [FirebaseCore][I-COR000003] The default Firebase app has not yet been configured. Add `FirebaseApp.configure()` to your application initialization. This can be done in in the App Delegate's application(_:didFinishLaunchingWithOptions:)` (or the `@main` struct's initializer in SwiftUI). Read more: https://firebase.google.com/docs/ios/setup#initialize_firebase_in_your_app
Test Case '-[Yoga_of_EatingTests.MainViewModelValidationTests test_updateMeal_withSuspiciousContent_setsErrorState]' passed (0.000 seconds).
2026-05-15 06:39:52.365710+0530 Yoga of Eating[16836:137035] [[FirebaseCore]] 12.7.0 - [FirebaseCore][I-COR000003] The default Firebase app has not yet been configured. Add `FirebaseApp.configure()` to your application initialization. This can be done in in the App Delegate's application(_:didFinishLaunchingWithOptions:)` (or the `@main` struct's initializer in SwiftUI). Read more: https://firebase.google.com/docs/ios/setup#initialize_firebase_in_your_app
Test Case '-[Yoga_of_EatingTests.MainViewModelValidationTests test_updateMeal_withValidInput_succeeds]' started.
2026-05-15 06:39:52.366152+0530 Yoga of Eating[16836:137035] [[FirebaseCore]] 12.7.0 - [FirebaseCore][I-COR000003] The default Firebase app has not yet been configured. Add `FirebaseApp.configure()` to your application initialization. This can be done in in the App DelegaTest Case '-[Yoga_of_EatingTests.MainViewModelValidationTests test_updateMeal_withValidInput_succeeds]' passed (0.001 seconds).
te's application(_:didFinishLaunchingWithOptions:)` (or the `@main` struct's initializer in SwiftUI). Read more: https://firebase.google.com/docs/ios/setup#initialize_firebase_in_your_app
Test Case '-[Yoga_of_EatingTests.MainViewModelValidationTests test_updateReflectJournalText_withEmptyString_allowsOptional]' started.
2026-05-15 06:39:52.366571+0530 Yoga of Eating[16836:137035] [[FirebaseCore]] 12.7.0 - [FirebaseCore][I-COR000003] The default Firebase app has not yet been configured. Add `FirebaseApp.configure()` to your application initialization. This can be done in in the App Delegate's application(_:didFinishLaunchingWithOptions:)` (or the `@main` struct's initializer in SwiftUI). Read more: https://firebase.google.com/docs/ios/setup#initialize_firebase_in_your_app
2026-05-15 06:39:52.367061+0530 Yoga of Eating[16836:137042] [[FirebaseCore]] 12.7.0 - [FirebaseCore][I-COR000003] The default Firebase app has not yet been configured. Add `FirebaseApp.configure()` to your application initialization. This can be done in in the App Delegate's application(_:didFinishLaunchingWithOptions:)` (or the `@main` struct's initializer in SwiftUI). Read more: https://firebase.google.com/docs/ios/setup#initialize_firebase_in_your_app
2026-05-15 06:39:52.367128+0530 Yoga of Eating[16836:137042] [[FirebaseCore]] 12.7.0 - [FirebaseCore][I-COR000003] The default Firebase app has not yet been configured. Add `FirebaseApp.configure()` to your application initialization. This can be done in in the App Delegate's application(_:didFinishLaunchingWithOptions:)` (or the `@main` struct's initializer in SwiftUI). Read more: https://firebase.google.com/docs/ios/setup#initialize_firebase_in_your_app
Test Case '-[Yoga_of_EatingTests.MainViewModelValidationTests test_updateReflectJournalText_withEmptyString_allowsOptional]' passed (0.001 seconds).
Test Case '-[Yoga_of_EatingTests.MainViewModelValidationTests test_updateReflectJournalText_withSuspiciousContent_setsErrorState]' started.
2026-05-15 06:39:52.367856+0530 Yoga of Eating[16836:137035] [[FirebaseCore]] 12.7.0 - [FirebaseCore][I-COR000003] The default Firebase app has not yet been configured. Add `FirebaseApp.configure()` to your application initialization. ThTest Case '-[Yoga_of_EatingTests.MainViewModelValidationTests test_updateReflectJournalText_withSuspiciousContent_setsErrorState]' passed (0.001 seconds).
is can be done in in the App Delegate's application(_:didFinishLaunchingWithOptions:)` (or the `@main` struct's initializer in SwiftUI). Read more: https://firebase.google.com/docs/ios/setup#initialize_firebase_in_your_app
2026-05-15 06:39:52.368179+0530 Yoga of Eating[16836:137035] [[FirebaseCore]] 12.7.0 - [FirebaseCore][I-COR000003] The default Firebase app has not yet been configured. Add `FirebaseApp.configure()` to your application initialization. This can be done in in the App Delegate's application(_:didFinishLaunchingWithOptions:)` (or the `@main` struct's initializer in SwiftUI). Read more: https://firebase.google.com/docs/ios/setup#initialize_firebase_in_your_app
Test Case '-[Yoga_of_EatingTests.MainViewModelValidationTests test_updateReflectJournalText_withValidInput_succeeds]' started.
2026-05-15 06:39:52.368598+0530 Yoga of Eating[16836:137042] [[FirebaseCore]] 12.7.0 - [FirebaseCore][I-COR000003] The default Firebase app has not yet been configured. Add `FirebaseApp.configure()` to your application initialization. This can be done in in the App Delegate's application(_:didFinishLaunchingWithOptions:)` (or the `@main` struct's initializer in SwiftUI). Read more: https://firebase.google.com/docs/ios/setup#initialize_firebase_in_your_app
2026-05-15 06:39:52.368678+0530 Yoga of Eating[16836:137042] [[FirebaseCore]] 12.7.0 - [FirebaseCore][I-COR000003] The default Firebase app has not yet been configured. Add `FirebaseApp.configure()` to your application initialization. This can be done in in the App Delegate's application(_:didFinishLaunchingWithOptions:)` (or the `@main` struct's initializer in SwiftUI). Read more: https://firebase.google.com/docs/ios/setup#initialize_firebase_in_your_app
Test Case '-[Yoga_of_EatingTests.MainViewModelValidationTests test_updateReflectJournalText_withValidInput_succeeds]' passed (0.001 seconds).
Test Case '-[Yoga_of_EatingTests.MainViewModelValidationTests test_userCanClearErrorByDismissingAlert]' started.
2026-05-15 06:39:52.369305+0530 Yoga of Eating[16836:137043] [[FirebaseCore]] 12.7.0 - [FirebaseCore][I-COR000003] The default Firebase app has not yet been configured. Add `FirebaseApp.configure()` to your application initialization. This can be done in in the App Delegate's application(_:didFinishLaunchingWithOptions:)` (or the `@main` struct's initializer in SwiftUI). Read more: https://firebase.google.com/docs/ios/setup#initialize_firebase_in_your_app
Test Case '-[Yoga_of_EatingTests.MainViewModelValidationTests test_userCanClearErrorByDismissingAlert]' passed (0.000 seconds).
2026-05-15 06:39:52.369368+0530 Yoga of Eating[16836:137043] [[FirebaseCore]] 12.7.0 - [FirebaseCore][I-COR000003] The default Firebase app has not yet been configured. Add `FirebaseApp.configure()` to your application initialization. This can be done in in the App Delegate's application(_:didFinishLaunchingWithOptions:)` (or the `@main` struct's initializer in SwiftUI). Read more: https://firebase.google.com/docs/ios/setup#initialize_firebase_in_your_app
Test Case '-[Yoga_of_EatingTests.MainViewModelValidationTests test_validationErrorIsNotAutomaticallyCleared]' started.
2026-05-15 06:39:52.369885+0530 Yoga of Eating[16836:137042] [[FirebaseCore]] 12.7.0 - [FirebaseCore][I-COR000003] The default Firebase app has not yet been configured. Add `FirebaseApp.configure()` to your application initialization. This can be done in in the App Delegate's application(_:didFinishLaunchingWithOptions:)` (or the `@main` struct's initializer in SwiftUI). Read more: https://firebase.google.com/docs/ios/setup#initialize_firebase_in_your_app
2026-05-15 06:39:52.369943+0530 Yoga of Eating[16836:137042] [[FirebaseCore]] 12.7.0 - [FirebaseCore][I-COR000003] The default Firebase app has not yet been configured. Add `FirebaseApp.configure()` to your application initialization. This can be done in in the App Delegate's application(_:didFinishLaunchingWithOptions:)` (or the `@main` struct's initializer in SwiftUI). Read more: https://firebase.google.com/docs/ios/setup#initialize_firebase_in_your_app
Test Case '-[Yoga_of_EatingTests.MainViewModelValidationTests test_validationErrorIsNotAutomaticallyCleared]' passed (0.000 seconds).
Test Suite 'MainViewModelValidationTests' passed at 2026-05-15 06:39:52.370.
	 Executed 17 tests, with 0 failures (0 unexpected) in 0.009 (0.012) seconds
Test Suite 'ManualRestoreTests' started at 2026-05-15 06:39:52.370.
Test Case '-[Yoga_of_EatingTests.ManualRestoreTests test_initialRestoreStatus_isIdle]' started.
Test Case '-[Yoga_of_EatingTests.ManualRestoreTests test_initialRestoreStatus_isIdle]' passed (0.016 seconds).
Test Case '-[Yoga_of_EatingTests.ManualRestoreTests test_performCloudRestore_callsRestoreFromFirebase]' started.
2026-05-15 06:39:52.388674+0530 Yoga of Eating[16836:137001] [Settings.Restore] Manual cloud restore succeeded
Test Case '-[Yoga_of_EatingTests.ManualRestoreTests test_performCloudRestore_callsRestoreFromFirebase]' passed (0.214 seconds).
Test Case '-[Yoga_of_EatingTests.ManualRestoreTests test_performCloudRestore_clearsDeletionFlag_beforeRestore]' started.
2026-05-15 06:39:52.610986+0530 Yoga of Eating[16836:137001] [Settings.Restore] Manual cloud restore succeeded
Test Case '-[Yoga_of_EatingTests.ManualRestoreTests test_performCloudRestore_clearsDeletionFlag_beforeRestore]' passed (0.011 seconds).
Test Case '-[Yoga_of_EatingTests.ManualRestoreTests test_performCloudRestore_onFailure_statusEventuallyReturnsToIdle]' started.
2026-05-15 06:39:52.623788+0530 Yoga of Eating[16836:137001] [Settings.Restore] Manual cloud restore failed: Please sign in to continue.
Test Case '-[Yoga_of_EatingTests.ManualRestoreTests test_performCloudRestore_onFailure_statusEventuallyReturnsToIdle]' passed (3.247 seconds).
Test Case '-[Yoga_of_EatingTests.ManualRestoreTests test_performCloudRestore_onSuccess_statusEventuallyReturnsToIdle]' started.
2026-05-15 06:39:55.866878+0530 Yoga of Eating[16836:137001] [Settings.Restore] Manual cloud restore succeeded
Test Case '-[Yoga_of_EatingTests.ManualRestoreTests test_performCloudRestore_onSuccess_statusEventuallyReturnsToIdle]' passed (2.228 seconds).
Test Case '-[Yoga_of_EatingTests.ManualRestoreTests test_performCloudRestore_whenFlagNotSet_doesNotSetIt]' started.
2026-05-15 06:39:58.097510+0530 Yoga of Eating[16836:137001] [Settings.Restore] Manual cloud restore succeeded
Test Case '-[Yoga_of_EatingTests.ManualRestoreTests test_performCloudRestore_whenFlagNotSet_doesNotSetIt]' passed (0.009 seconds).
Test Case '-[Yoga_of_EatingTests.ManualRestoreTests test_restoreStatusText_error_matchesStrings]' started.
Test Case '-[Yoga_of_EatingTests.ManualRestoreTests test_restoreStatusText_error_matchesStrings]' passed (0.005 seconds).
Test Case '-[Yoga_of_EatingTests.ManualRestoreTests test_restoreStatusText_idle_matchesStrings]' started.
Test Case '-[Yoga_of_EatingTests.ManualRestoreTests test_restoreStatusText_idle_matchesStrings]' passed (0.004 seconds).
Test Case '-[Yoga_of_EatingTests.ManualRestoreTests test_restoreStatusText_restoring_matchesStrings]' started.
Test Case '-[Yoga_of_EatingTests.ManualRestoreTests test_restoreStatusText_restoring_matchesStrings]' passed (0.003 seconds).
Test Case '-[Yoga_of_EatingTests.ManualRestoreTests test_restoreStatusText_success_matchesStrings]' started.
Test Case '-[Yoga_of_EatingTests.ManualRestoreTests test_restoreStatusText_success_matchesStrings]' passed (0.003 seconds).
Test Suite 'ManualRestoreTests' passed at 2026-05-15 06:39:58.115.
	 Executed 10 tests, with 0 failures (0 unexpected) in 5.739 (5.744) seconds
Test Suite 'MealActionButtonVisibilityTests' started at 2026-05-15 06:39:58.115.
Test Case '-[Yoga_of_EatingTests.MealActionButtonVisibilityTests test_doneButton_hiddenWhenFocusedButNoContent]' started.
Test Case '-[Yoga_of_EatingTests.MealActionButtonVisibilityTests test_doneButton_hiddenWhenFocusedButNoContent]' passed (0.001 seconds).
Test Case '-[Yoga_of_EatingTests.MealActionButtonVisibilityTests test_doneButton_hiddenWhenNotFocused]' started.
Test Case '-[Yoga_of_EatingTests.MealActionButtonVisibilityTests test_doneButton_hiddenWhenNotFocused]' passed (0.001 seconds).
Test Case '-[Yoga_of_EatingTests.MealActionButtonVisibilityTests test_doneButton_visibleWhenFocused]' started.
Test Case '-[Yoga_of_EatingTests.MealActionButtonVisibilityTests test_doneButton_visibleWhenFocused]' passed (0.001 seconds).
Test Case '-[Yoga_of_EatingTests.MealActionButtonVisibilityTests test_emptyTextField_noDoneButton]' started.
Test Case '-[Yoga_of_EatingTests.MealActionButtonVisibilityTests test_emptyTextField_noDoneButton]' passed (0.001 seconds).
Test Case '-[Yoga_of_EatingTests.MealActionButtonVisibilityTests test_emptyTextField_stillShowRecentMeals]' started.
Test Case '-[Yoga_of_EatingTests.MealActionButtonVisibilityTests test_emptyTextField_stillShowRecentMeals]' passed (0.001 seconds).
Test Case '-[Yoga_of_EatingTests.MealActionButtonVisibilityTests test_focusGain_hideRecentMealsShowDone]' started.
Test Case '-[Yoga_of_EatingTests.MealActionButtonVisibilityTests test_focusGain_hideRecentMealsShowDone]' passed (0.001 seconds).
Test Case '-[Yoga_of_EatingTests.MealActionButtonVisibilityTests test_focusLoss_hideDoneShowRecentMeals]' started.
Test Case '-[Yoga_of_EatingTests.MealActionButtonVisibilityTests test_focusLoss_hideDoneShowRecentMeals]' passed (0.001 seconds).
Test Case '-[Yoga_of_EatingTests.MealActionButtonVisibilityTests test_neverShowMoreThanTwoButtonsSimultaneously]' started.
Test Case '-[Yoga_of_EatingTests.MealActionButtonVisibilityTests test_neverShowMoreThanTwoButtonsSimultaneously]' passed (0.001 seconds).
Test Case '-[Yoga_of_EatingTests.MealActionButtonVisibilityTests test_recentMealsButton_hiddenWhenFocused]' started.
Test Case '-[Yoga_of_EatingTests.MealActionButtonVisibilityTests test_recentMealsButton_hiddenWhenFocused]' passed (0.001 seconds).
Test Case '-[Yoga_of_EatingTests.MealActionButtonVisibilityTests test_recentMealsButton_visibleWhenNotFocusedAndHasRecents]' started.
Test Case '-[Yoga_of_EatingTests.MealActionButtonVisibilityTests test_recentMealsButton_visibleWhenNotFocusedAndHasRecents]' passed (0.001 seconds).
Test Case '-[Yoga_of_EatingTests.MealActionButtonVisibilityTests test_recentMealsButton_visibleWhenNotFocusedAndNoRecents]' started.
Test Case '-[Yoga_of_EatingTests.MealActionButtonVisibilityTests test_recentMealsButton_visibleWhenNotFocusedAndNoRecents]' passed (0.001 seconds).
Test Case '-[Yoga_of_EatingTests.MealActionButtonVisibilityTests test_timestampButton_alwaysVisible]' started.
Test Case '-[Yoga_of_EatingTests.MealActionButtonVisibilityTests test_timestampButton_alwaysVisible]' passed (0.000 seconds).
Test Suite 'MealActionButtonVisibilityTests' passed at 2026-05-15 06:39:58.125.
	 Executed 12 tests, with 0 failures (0 unexpected) in 0.007 (0.010) seconds
Test Suite 'MealCardVisualFeedbackTests' started at 2026-05-15 06:39:58.125.
Test Case '-[Yoga_of_EatingTests.MealCardVisualFeedbackTests test_feedback_perfectScore_hasGreenTint]' started.
Test Case '-[Yoga_of_EatingTests.MealCardVisualFeedbackTests test_feedback_perfectScore_hasGreenTint]' passed (0.006 seconds).
Test Case '-[Yoga_of_EatingTests.MealCardVisualFeedbackTests test_feedback_zeroScore_hasOrangeTint]' started.
Test Case '-[Yoga_of_EatingTests.MealCardVisualFeedbackTests test_feedback_zeroScore_hasOrangeTint]' passed (0.000 seconds).
Test Case '-[Yoga_of_EatingTests.MealCardVisualFeedbackTests test_mealCard_accentBarCornerRadius_isPositive]' started.
Test Case '-[Yoga_of_EatingTests.MealCardVisualFeedbackTests test_mealCard_accentBarCornerRadius_isPositive]' passed (0.001 seconds).
Test Case '-[Yoga_of_EatingTests.MealCardVisualFeedbackTests test_mealCard_accentBarWidth_matchesTheme]' started.
Test Case '-[Yoga_of_EatingTests.MealCardVisualFeedbackTests test_mealCard_accentBarWidth_matchesTheme]' passed (0.000 seconds).
Test Case '-[Yoga_of_EatingTests.MealCardVisualFeedbackTests test_mealCardBackground_accentBarUsesDisplayColor_breakfast]' started.
Test Case '-[Yoga_of_EatingTests.MealCardVisualFeedbackTests test_mealCardBackground_accentBarUsesDisplayColor_breakfast]' passed (0.000 seconds).
Test Case '-[Yoga_of_EatingTests.MealCardVisualFeedbackTests test_mealCardBackground_accentBarUsesDisplayColor_dinner]' started.
Test Case '-[Yoga_of_EatingTests.MealCardVisualFeedbackTests test_mealCardBackground_accentBarUsesDisplayColor_dinner]' passed (0.000 seconds).
Test Case '-[Yoga_of_EatingTests.MealCardVisualFeedbackTests test_mealCardBackground_accentBarUsesDisplayColor_drinks]' started.
Test Case '-[Yoga_of_EatingTests.MealCardVisualFeedbackTests test_mealCardBackground_accentBarUsesDisplayColor_drinks]' passed (0.000 seconds).
Test Case '-[Yoga_of_EatingTests.MealCardVisualFeedbackTests test_mealCardBackground_accentBarUsesDisplayColor_lunch]' started.
Test Case '-[Yoga_of_EatingTests.MealCardVisualFeedbackTests test_mealCardBackground_accentBarUsesDisplayColor_lunch]' passed (0.000 seconds).
Test Case '-[Yoga_of_EatingTests.MealCardVisualFeedbackTests test_mealCardBackground_accentBarUsesDisplayColor_snacks]' started.
Test Case '-[Yoga_of_EatingTests.MealCardVisualFeedbackTests test_mealCardBackground_accentBarUsesDisplayColor_snacks]' passed (0.000 seconds).
Test Case '-[Yoga_of_EatingTests.MealCardVisualFeedbackTests test_mealCardBackground_cardFillColor_isSemanticBackground]' started.
Test Case '-[Yoga_of_EatingTests.MealCardVisualFeedbackTests test_mealCardBackground_cardFillColor_isSemanticBackground]' passed (0.005 seconds).
Test Case '-[Yoga_of_EatingTests.MealCardVisualFeedbackTests test_readOnlyMealCard_fillColor_isSemanticBackground]' started.
Test Case '-[Yoga_of_EatingTests.MealCardVisualFeedbackTests test_readOnlyMealCard_fillColor_isSemanticBackground]' passed (0.000 seconds).
Test Case '-[Yoga_of_EatingTests.MealCardVisualFeedbackTests test_tintColor_highScore_returnsPositive]' started.
Test Case '-[Yoga_of_EatingTests.MealCardVisualFeedbackTests test_tintColor_highScore_returnsPositive]' passed (0.000 seconds).
Test Case '-[Yoga_of_EatingTests.MealCardVisualFeedbackTests test_tintColor_lowScore_returnsWarning]' started.
Test Case '-[Yoga_of_EatingTests.MealCardVisualFeedbackTests test_tintColor_lowScore_returnsWarning]' passed (0.000 seconds).
Test Case '-[Yoga_of_EatingTests.MealCardVisualFeedbackTests test_tintColor_mediumScore_returnsClear]' started.
Test Case '-[Yoga_of_EatingTests.MealCardVisualFeedbackTests test_tintColor_mediumScore_returnsClear]' passed (0.000 seconds).
Test Case '-[Yoga_of_EatingTests.MealCardVisualFeedbackTests test_tintOpacity_highScore_returnsGreenTint]' started.
Test Case '-[Yoga_of_EatingTests.MealCardVisualFeedbackTests test_tintOpacity_highScore_returnsGreenTint]' passed (0.000 seconds).
Test Case '-[Yoga_of_EatingTests.MealCardVisualFeedbackTests test_tintOpacity_lowScore_returnsOrangeTint]' started.
Test Case '-[Yoga_of_EatingTests.MealCardVisualFeedbackTests test_tintOpacity_lowScore_returnsOrangeTint]' passed (0.000 seconds).
Test Case '-[Yoga_of_EatingTests.MealCardVisualFeedbackTests test_tintOpacity_mediumScore_returnsNoTint]' started.
Test Case '-[Yoga_of_EatingTests.MealCardVisualFeedbackTests test_tintOpacity_mediumScore_returnsNoTint]' passed (0.000 seconds).
Test Suite 'MealCardVisualFeedbackTests' passed at 2026-05-15 06:39:58.146.
	 Executed 17 tests, with 0 failures (0 unexpected) in 0.017 (0.021) seconds
Test Suite 'MealEntryUXTests' started at 2026-05-15 06:39:58.146.
Test Case '-[Yoga_of_EatingTests.MealEntryUXTests test_focusLoss_isNoOp_compilationProof]' started.
Test Case '-[Yoga_of_EatingTests.MealEntryUXTests test_focusLoss_isNoOp_compilationProof]' passed (0.000 seconds).
Test Case '-[Yoga_of_EatingTests.MealEntryUXTests test_handleSubmit_withEmptyRawText_doesNotCallOnUpdate]' started.
Test Case '-[Yoga_of_EatingTests.MealEntryUXTests test_handleSubmit_withEmptyRawText_doesNotCallOnUpdate]' passed (0.000 seconds).
Test Case '-[Yoga_of_EatingTests.MealEntryUXTests test_parseItems_multiline_returnsEachLineAsItem]' started.
Test Case '-[Yoga_of_EatingTests.MealEntryUXTests test_parseItems_multiline_returnsEachLineAsItem]' passed (0.000 seconds).
Test Case '-[Yoga_of_EatingTests.MealEntryUXTests test_parseItems_withBlankLines_filtersEmpty]' started.
Test Case '-[Yoga_of_EatingTests.MealEntryUXTests test_parseItems_withBlankLines_filtersEmpty]' passed (0.000 seconds).
Test Case '-[Yoga_of_EatingTests.MealEntryUXTests test_parseItems_withWhitespaceOnly_returnsEmpty]' started.
Test Case '-[Yoga_of_EatingTests.MealEntryUXTests test_parseItems_withWhitespaceOnly_returnsEmpty]' passed (0.001 seconds).
Test Case '-[Yoga_of_EatingTests.MealEntryUXTests test_recentMealSelection_doesNotCallOnUpdate]' started.
Test Case '-[Yoga_of_EatingTests.MealEntryUXTests test_recentMealSelection_doesNotCallOnUpdate]' passed (0.000 seconds).
Test Suite 'MealEntryUXTests' passed at 2026-05-15 06:39:58.150.
	 Executed 6 tests, with 0 failures (0 unexpected) in 0.003 (0.004) seconds
Test Suite 'MealEstimatedCaloriesTests' started at 2026-05-15 06:39:58.150.
Test Case '-[Yoga_of_EatingTests.MealEstimatedCaloriesTests test_meal_codable_estimatedCalories_decodesFromLegacyJSON_returnsNil]' started.
Test Case '-[Yoga_of_EatingTests.MealEstimatedCaloriesTests test_meal_codable_estimatedCalories_decodesFromLegacyJSON_returnsNil]' passed (0.002 seconds).
Test Case '-[Yoga_of_EatingTests.MealEstimatedCaloriesTests test_meal_codable_estimatedCalories_roundTrips]' started.
Test Case '-[Yoga_of_EatingTests.MealEstimatedCaloriesTests test_meal_codable_estimatedCalories_roundTrips]' passed (0.000 seconds).
Test Case '-[Yoga_of_EatingTests.MealEstimatedCaloriesTests test_meal_estimatedCalories_canBeSetViaInit]' started.
Test Case '-[Yoga_of_EatingTests.MealEstimatedCaloriesTests test_meal_estimatedCalories_canBeSetViaInit]' passed (0.000 seconds).
Test Case '-[Yoga_of_EatingTests.MealEstimatedCaloriesTests test_meal_estimatedCalories_defaultsToNil]' started.
Test Case '-[Yoga_of_EatingTests.MealEstimatedCaloriesTests test_meal_estimatedCalories_defaultsToNil]' passed (0.000 seconds).
Test Suite 'MealEstimatedCaloriesTests' passed at 2026-05-15 06:39:58.154.
	 Executed 4 tests, with 0 failures (0 unexpected) in 0.003 (0.003) seconds
Test Suite 'MealLogicTests' started at 2026-05-15 06:39:58.154.
Test Case '-[Yoga_of_EatingTests.MealLogicTests test_calculateNextState_healthyScore_shrinksScale]' started.
Test Case '-[Yoga_of_EatingTests.MealLogicTests test_calculateNextState_healthyScore_shrinksScale]' passed (0.000 seconds).
Test Case '-[Yoga_of_EatingTests.MealLogicTests test_calculateNextState_neutralScore_driftsToward1]' started.
Test Case '-[Yoga_of_EatingTests.MealLogicTests test_calculateNextState_neutralScore_driftsToward1]' passed (0.000 seconds).
Test Case '-[Yoga_of_EatingTests.MealLogicTests test_calculateNextState_unhealthyScore_growsScale]' started.
Test Case '-[Yoga_of_EatingTests.MealLogicTests test_calculateNextState_unhealthyScore_growsScale]' passed (0.000 seconds).
Test Case '-[Yoga_of_EatingTests.MealLogicTests test_healthScore_forAverageFood_isNeutral]' started.
Test Case '-[Yoga_of_EatingTests.MealLogicTests test_healthScore_forAverageFood_isNeutral]' passed (0.000 seconds).
Test Case '-[Yoga_of_EatingTests.MealLogicTests test_healthScore_forHealthyFood_isHigh]' started.
Test Case '-[Yoga_of_EatingTests.MealLogicTests test_healthScore_forHealthyFood_isHigh]' passed (0.000 seconds).
Test Case '-[Yoga_of_EatingTests.MealLogicTests test_healthScore_forUnhealthyFood_isLow]' started.
Test Case '-[Yoga_of_EatingTests.MealLogicTests test_healthScore_forUnhealthyFood_isLow]' passed (0.000 seconds).
Test Case '-[Yoga_of_EatingTests.MealLogicTests test_multiItem_healthScore_forAllHealthy_isHigh]' started.
Test Case '-[Yoga_of_EatingTests.MealLogicTests test_multiItem_healthScore_forAllHealthy_isHigh]' passed (0.000 seconds).
Test Case '-[Yoga_of_EatingTests.MealLogicTests test_multiItem_healthScore_forEmptyList_isNeutral]' started.
Test Case '-[Yoga_of_EatingTests.MealLogicTests test_multiItem_healthScore_forEmptyList_isNeutral]' passed (0.000 seconds).
Test Case '-[Yoga_of_EatingTests.MealLogicTests test_multiItem_healthScore_isAggregate]' started.
Test Case '-[Yoga_of_EatingTests.MealLogicTests test_multiItem_healthScore_isAggregate]' passed (0.000 seconds).
Test Case '-[Yoga_of_EatingTests.MealLogicTests test_smileyMood_isNeutral_forAverageFood]' started.
Test Case '-[Yoga_of_EatingTests.MealLogicTests test_smileyMood_isNeutral_forAverageFood]' passed (0.000 seconds).
Test Case '-[Yoga_of_EatingTests.MealLogicTests test_smileyScale_bloats_whenHealthScoreIsLow]' started.
Test Case '-[Yoga_of_EatingTests.MealLogicTests test_smileyScale_bloats_whenHealthScoreIsLow]' passed (0.000 seconds).
Test Case '-[Yoga_of_EatingTests.MealLogicTests test_smileyScale_shrinks_whenHealthScoreIsHigh]' started.
Test Case '-[Yoga_of_EatingTests.MealLogicTests test_smileyScale_shrinks_whenHealthScoreIsHigh]' passed (0.000 seconds).
Test Suite 'MealLogicTests' passed at 2026-05-15 06:39:58.160.
	 Executed 12 tests, with 0 failures (0 unexpected) in 0.004 (0.006) seconds
Test Suite 'MealScoreBadgeTests' started at 2026-05-15 06:39:58.160.
Test Case '-[Yoga_of_EatingTests.MealScoreBadgeTests test_badgeColor_betweenHealthyAndExcellent]' started.
Test Case '-[Yoga_of_EatingTests.MealScoreBadgeTests test_badgeColor_betweenHealthyAndExcellent]' passed (0.000 seconds).
Test Case '-[Yoga_of_EatingTests.MealScoreBadgeTests test_badgeColor_exceeds75]' started.
Test Case '-[Yoga_of_EatingTests.MealScoreBadgeTests test_badgeColor_exceeds75]' passed (0.000 seconds).
Test Case '-[Yoga_of_EatingTests.MealScoreBadgeTests test_badgeColor_low]' started.
Test Case '-[Yoga_of_EatingTests.MealScoreBadgeTests test_badgeColor_low]' passed (0.000 seconds).
Test Case '-[Yoga_of_EatingTests.MealScoreBadgeTests test_badgeColor_moderate]' started.
Test Case '-[Yoga_of_EatingTests.MealScoreBadgeTests test_badgeColor_moderate]' passed (0.000 seconds).
Test Case '-[Yoga_of_EatingTests.MealScoreBadgeTests test_badgeColor_nilScore]' started.
Test Case '-[Yoga_of_EatingTests.MealScoreBadgeTests test_badgeColor_nilScore]' passed (0.000 seconds).
Test Case '-[Yoga_of_EatingTests.MealScoreBadgeTests test_badgeVisible_scoreBoundaryAt0_35]' started.
Test Case '-[Yoga_of_EatingTests.MealScoreBadgeTests test_badgeVisible_scoreBoundaryAt0_35]' passed (0.000 seconds).
Test Case '-[Yoga_of_EatingTests.MealScoreBadgeTests test_badgeVisible_scoreBoundaryAt0_55]' started.
Test Case '-[Yoga_of_EatingTests.MealScoreBadgeTests test_badgeVisible_scoreBoundaryAt0_55]' passed (0.000 seconds).
Test Case '-[Yoga_of_EatingTests.MealScoreBadgeTests test_formattedScore_100Percent]' started.
Test Case '-[Yoga_of_EatingTests.MealScoreBadgeTests test_formattedScore_100Percent]' passed (0.000 seconds).
Test Case '-[Yoga_of_EatingTests.MealScoreBadgeTests test_formattedScore_75Percent]' started.
Test Case '-[Yoga_of_EatingTests.MealScoreBadgeTests test_formattedScore_75Percent]' passed (0.000 seconds).
Test Case '-[Yoga_of_EatingTests.MealScoreBadgeTests test_formattedScore_returnsEmptyForNil]' started.
Test Case '-[Yoga_of_EatingTests.MealScoreBadgeTests test_formattedScore_returnsEmptyForNil]' passed (0.000 seconds).
Test Case '-[Yoga_of_EatingTests.MealScoreBadgeTests test_formattedScore_returnsEmptyForZeroScore]' started.
Test Case '-[Yoga_of_EatingTests.MealScoreBadgeTests test_formattedScore_returnsEmptyForZeroScore]' passed (0.000 seconds).
Test Case '-[Yoga_of_EatingTests.MealScoreBadgeTests test_formattedScore_roundsDown]' started.
Test Case '-[Yoga_of_EatingTests.MealScoreBadgeTests test_formattedScore_roundsDown]' passed (0.000 seconds).
Test Case '-[Yoga_of_EatingTests.MealScoreBadgeTests test_formattedScore_singleDigit]' started.
Test Case '-[Yoga_of_EatingTests.MealScoreBadgeTests test_formattedScore_singleDigit]' passed (0.000 seconds).
Test Case '-[Yoga_of_EatingTests.MealScoreBadgeTests test_regression_stubScore_wouldDisplayIfPassedDirectly]' started.
Test Case '-[Yoga_of_EatingTests.MealScoreBadgeTests test_regression_stubScore_wouldDisplayIfPassedDirectly]' passed (0.000 seconds).
Test Case '-[Yoga_of_EatingTests.MealScoreBadgeTests test_regression_unanalyzedMeal_badgeHiddenWhenNilPassed]' started.
Test Case '-[Yoga_of_EatingTests.MealScoreBadgeTests test_regression_unanalyzedMeal_badgeHiddenWhenNilPassed]' passed (0.000 seconds).
Test Case '-[Yoga_of_EatingTests.MealScoreBadgeTests test_shouldDisplay_falseWhenScoreIsNil]' started.
Test Case '-[Yoga_of_EatingTests.MealScoreBadgeTests test_shouldDisplay_falseWhenScoreIsNil]' passed (0.000 seconds).
Test Case '-[Yoga_of_EatingTests.MealScoreBadgeTests test_shouldDisplay_falseWhenScoreIsZero]' started.
Test Case '-[Yoga_of_EatingTests.MealScoreBadgeTests test_shouldDisplay_falseWhenScoreIsZero]' passed (0.000 seconds).
Test Case '-[Yoga_of_EatingTests.MealScoreBadgeTests test_shouldDisplay_trueForHighAIScore]' started.
Test Case '-[Yoga_of_EatingTests.MealScoreBadgeTests test_shouldDisplay_trueForHighAIScore]' passed (0.000 seconds).
Test Case '-[Yoga_of_EatingTests.MealScoreBadgeTests test_shouldDisplay_trueForLowAIScore]' started.
Test Case '-[Yoga_of_EatingTests.MealScoreBadgeTests test_shouldDisplay_trueForLowAIScore]' passed (0.000 seconds).
Test Case '-[Yoga_of_EatingTests.MealScoreBadgeTests test_shouldDisplay_trueWhenScoreIsPositive]' started.
Test Case '-[Yoga_of_EatingTests.MealScoreBadgeTests test_shouldDisplay_trueWhenScoreIsPositive]' passed (0.000 seconds).
Test Suite 'MealScoreBadgeTests' passed at 2026-05-15 06:39:58.170.
	 Executed 20 tests, with 0 failures (0 unexpected) in 0.006 (0.010) seconds
Test Suite 'MealSubmissionViewModelTests' started at 2026-05-15 06:39:58.170.
Test Case '-[Yoga_of_EatingTests.MealSubmissionViewModelTests test_concurrentUpdateMealCalls_triggersAIExactlyOnce]' started.
2026-05-15 06:39:58.170297+0530 Yoga of Eating[16836:137031] [[FirebaseCore]] 12.7.0 - [FirebaseCore][I-COR000003] The default Firebase app has not yet been configured. Add `FirebaseApp.configure()` to your application initialization. This can be done in in the App Delegate's application(_:didFinishLaunchingWithOptions:)` (or the `@main` struct's initializer in SwiftUI). Read more: https://firebase.google.com/docs/ios/setup#initialize_firebase_in_your_app
2026-05-15 06:39:58.172596+0530 Yoga of Eating[16836:137001] [AIAnalysisCoordinator] AI analysis failed (meal redacted for privacy)
Test Case '-[Yoga_of_EatingTests.MealSubmissionViewModelTests test_concurrentUpdateMealCalls_triggersAIExactlyOnce]' passed (0.206 seconds).
Test Case '-[Yoga_of_EatingTests.MealSubmissionViewModelTests test_updateMeal_existingMeal_replacesItemsNotMerges]' started.
2026-05-15 06:39:58.378595+0530 Yoga of Eating[16836:137035] [[FirebaseCore]] 12.7.0 - [FirebaseCore][I-COR000003] The default Firebase app has not yet been configured. Add `FirebaseApp.configure()` to your application initialization. This can be done in in the App Delegate's application(_:didFinishLaunchingWithOptions:)` (or the `@main` struct's initializer in SwiftUI). Read more: https://firebase.google.com/docs/ios/setup#initialize_firebase_in_your_app
Test Case '-[Yoga_of_EatingTests.MealSubmissionViewModelTests test_updateMeal_existingMeal_replacesItemsNotMerges]' passed (0.003 seconds).
Test Case '-[Yoga_of_EatingTests.MealSubmissionViewModelTests test_updateMeal_itemExceeding500Chars_setsValidationError]' started.
2026-05-15 06:39:58.381298+0530 Yoga of Eating[16836:137033] [[FirebaseCore]] 12.7.0 - [FirebaseCore][I-COR000003] The default Firebase app has not yet been configured. Add `FirebaseApp.configure()` to your application initialization. This can be done in in the App Delegate's application(_:didFinishLaunchingWithOptions:)` (or the `@main` struct's initializer in SwiftUI). Read more: https://firebase.google.com/docs/ios/setup#initialize_firebase_in_your_app
Test Case '-[Yoga_of_EatingTests.MealSubmissionViewModelTests test_updateMeal_itemExceeding500Chars_setsValidationError]' passed (0.002 seconds).
Test Case '-[Yoga_of_EatingTests.MealSubmissionViewModelTests test_updateMeal_storesOnlySanitizedItems]' started.
2026-05-15 06:39:58.383666+0530 Yoga of Eating[16836:137033] [[FirebaseCore]] 12.7.0 - [FirebaseCore][I-COR000003] The default Firebase app has not yet been configured. Add `FirebaseApp.configure()` to your application initialization. This can be done in in the App Delegate's application(_:didFinishLaunchingWithOptions:)` (or the `@main` struct's initializer in SwiftUI). Read more: https://firebase.google.com/docs/ios/setup#initialize_firebase_in_your_app
Test Case '-[Yoga_of_EatingTests.MealSubmissionViewModelTests test_updateMeal_storesOnlySanitizedItems]' passed (0.002 seconds).
Test Case '-[Yoga_of_EatingTests.MealSubmissionViewModelTests test_updateMeal_withComparisonOperators_isAccepted]' started.
2026-05-15 06:39:58.386697+0530 Yoga of Eating[16836:137031] [[FirebaseCore]] 12.7.0 - [FirebaseCore][I-COR000003] The default Firebase app has not yet been configured. Add `FirebaseApp.configure()` to your application initialization. This can be done in in the App Delegate's application(_:didFinishLaunchingWithOptions:)` (or the `@main` struct's initializer in SwiftUI). Read more: https://firebase.google.com/docs/ios/setup#initialize_firebase_in_your_app
Test Case '-[Yoga_of_EatingTests.MealSubmissionViewModelTests test_updateMeal_withComparisonOperators_isAccepted]' passed (0.003 seconds).
Test Case '-[Yoga_of_EatingTests.MealSubmissionViewModelTests test_updateMeal_withEmptyItems_onMealWithContent_doesNotOverwriteItems]' started.
2026-05-15 06:39:58.389342+0530 Yoga of Eating[16836:137031] [[FirebaseCore]] 12.7.0 - [FirebaseCore][I-COR000003] The default Firebase app has not yet been configured. Add `FirebaseApp.configure()` to your application initialization. This can be done in in the App Delegate's application(_:didFinishLaunchingWithOptions:)` (or the `@main` struct's initializer in SwiftUI). Read more: https://firebase.google.com/docs/ios/setup#initialize_firebase_in_your_app
Test Case '-[Yoga_of_EatingTests.MealSubmissionViewModelTests test_updateMeal_withEmptyItems_onMealWithContent_doesNotOverwriteItems]' passed (0.002 seconds).
Test Case '-[Yoga_of_EatingTests.MealSubmissionViewModelTests test_updateMeal_withInvalidDescription_setsValidationError]' started.
2026-05-15 06:39:58.391446+0530 Yoga of Eating[16836:137031] [[FirebaseCore]] 12.7.0 - [FirebaseCore][I-COR000003] The default Firebase app has not yet been configured. Add `FirebaseApp.configure()` to your application initialization. This can be done in in the App Delegate's application(_:didFinishLaunchingWithOptions:)` (or the `@main` struct's initializer in SwiftUI). Read more: https://firebase.google.com/docs/ios/setup#initialize_firebase_in_your_app
Test Case '-[Yoga_of_EatingTests.MealSubmissionViewModelTests test_updateMeal_withInvalidDescription_setsValidationError]' passed (0.002 seconds).
Test Case '-[Yoga_of_EatingTests.MealSubmissionViewModelTests test_updateMeal_withValidDescription_callsAI]' started.
2026-05-15 06:39:58.393405+0530 Yoga of Eating[16836:137031] [[FirebaseCore]] 12.7.0 - [FirebaseCore][I-COR000003] The default Firebase app has not yet been configured. Add `FirebaseApp.configure()` to your application initialization. This can be done in in the App Delegate's application(_:didFinishLaunchingWithOptions:)` (or the `@main` struct's initializer in SwiftUI). Read more: https://firebase.google.com/docs/ios/setup#initialize_firebase_in_your_app
Test Case '-[Yoga_of_EatingTests.MealSubmissionViewModelTests test_updateMeal_withValidDescription_callsAI]' passed (0.206 seconds).
Test Case '-[Yoga_of_EatingTests.MealSubmissionViewModelTests test_updateMeal_withValidDescription_savesData]' started.
2026-05-15 06:39:58.601041+0530 Yoga of Eating[16836:137033] [[FirebaseCore]] 12.7.0 - [FirebaseCore][I-COR000003] The default Firebase app has not yet been configured. Add `FirebaseApp.configure()` to your application initialization. This can be done in in the App Delegate's application(_:didFinishLaunchingWithOptions:)` (or the `@main` struct's initializer in SwiftUI). Read more: https://firebase.google.com/docs/ios/setup#initialize_firebase_in_your_app
Test Case '-[Yoga_of_EatingTests.MealSubmissionViewModelTests test_updateMeal_withValidDescription_savesData]' passed (0.003 seconds).
Test Case '-[Yoga_of_EatingTests.MealSubmissionViewModelTests test_updateMeal_withWhitespaceOnlyItems_isNoOp]' started.
2026-05-15 06:39:58.604781+0530 Yoga of Eating[16836:137033] [[FirebaseCore]] 12.7.0 - [FirebaseCore][I-COR000003] The default Firebase app has not yet been configured. Add `FirebaseApp.configure()` to your application initialization. This can be done in in the App Delegate's application(_:didFinishLaunchingWithOptions:)` (or the `@main` struct's initializer in SwiftUI). Read more: https://firebase.google.com/docs/ios/setup#initialize_firebase_in_your_app
Test Case '-[Yoga_of_EatingTests.MealSubmissionViewModelTests test_updateMeal_withWhitespaceOnlyItems_isNoOp]' passed (0.002 seconds).
Test Case '-[Yoga_of_EatingTests.MealSubmissionViewModelTests test_updateMeal_withXSSPayload_doesNotPersistAndSetsAlert]' started.
2026-05-15 06:39:58.607279+0530 Yoga of Eating[16836:137042] [[FirebaseCore]] 12.7.0 - [FirebaseCore][I-COR000003] The default Firebase app has not yet been configured. Add `FirebaseApp.configure()` to your application initialization. This can be done in in the App Delegate's application(_:didFinishLaunchingWithOptions:)` (or the `@main` struct's initializer in SwiftUI). Read more: https://firebase.google.com/docs/ios/setup#initialize_firebase_in_your_app
Test Case '-[Yoga_of_EatingTests.MealSubmissionViewModelTests test_updateMeal_withXSSPayload_doesNotPersistAndSetsAlert]' passed (0.002 seconds).
Test Case '-[Yoga_of_EatingTests.MealSubmissionViewModelTests test_updateMealItems_withSuspiciousContent_doesNotPersist]' started.
2026-05-15 06:39:58.609550+0530 Yoga of Eating[16836:137033] [[FirebaseCore]] 12.7.0 - [FirebaseCore][I-COR000003] The default Firebase app has not yet been configured. Add `FirebaseApp.configure()` to your application initialization. This can be done in in the App Delegate's application(_:didFinishLaunchingWithOptions:)` (or the `@main` struct's initializer in SwiftUI). Read more: https://firebase.google.com/docs/ios/setup#initialize_firebase_in_your_app
Test Case '-[Yoga_of_EatingTests.MealSubmissionViewModelTests test_updateMealItems_withSuspiciousContent_doesNotPersist]' passed (0.002 seconds).
Test Suite 'MealSubmissionViewModelTests' passed at 2026-05-15 06:39:58.610.
	 Executed 12 tests, with 0 failures (0 unexpected) in 0.434 (0.441) seconds
Test Suite 'MealTests' started at 2026-05-15 06:39:58.611.
Test Case '-[Yoga_of_EatingTests.MealTests test_meal_aiInsight_canBeSet]' started.
Test Case '-[Yoga_of_EatingTests.MealTests test_meal_aiInsight_canBeSet]' passed (0.001 seconds).
Test Case '-[Yoga_of_EatingTests.MealTests test_meal_aiInsight_defaultsToNil]' started.
Test Case '-[Yoga_of_EatingTests.MealTests test_meal_aiInsight_defaultsToNil]' passed (0.001 seconds).
Test Case '-[Yoga_of_EatingTests.MealTests test_meal_aiInsight_nilPreserved_afterSerialization]' started.
Test Case '-[Yoga_of_EatingTests.MealTests test_meal_aiInsight_nilPreserved_afterSerialization]' passed (0.001 seconds).
Test Case '-[Yoga_of_EatingTests.MealTests test_meal_aiInsight_serialization_roundtrip]' started.
Test Case '-[Yoga_of_EatingTests.MealTests test_meal_aiInsight_serialization_roundtrip]' passed (0.001 seconds).
Test Case '-[Yoga_of_EatingTests.MealTests test_meal_description_backward_compatibility]' started.
Test Case '-[Yoga_of_EatingTests.MealTests test_meal_description_backward_compatibility]' passed (0.001 seconds).
Test Case '-[Yoga_of_EatingTests.MealTests test_meal_hasAIInsight_computed]' started.
Test Case '-[Yoga_of_EatingTests.MealTests test_meal_hasAIInsight_computed]' passed (0.001 seconds).
Test Case '-[Yoga_of_EatingTests.MealTests test_meal_init_defaults]' started.
Test Case '-[Yoga_of_EatingTests.MealTests test_meal_init_defaults]' passed (0.001 seconds).
Test Case '-[Yoga_of_EatingTests.MealTests test_meal_legacyInit_defaults]' started.
Test Case '-[Yoga_of_EatingTests.MealTests test_meal_legacyInit_defaults]' passed (0.001 seconds).
Test Case '-[Yoga_of_EatingTests.MealTests test_meal_suggestedMealType_breakfast]' started.
Test Case '-[Yoga_of_EatingTests.MealTests test_meal_suggestedMealType_breakfast]' passed (0.001 seconds).
Test Case '-[Yoga_of_EatingTests.MealTests test_meal_suggestedMealType_dinner]' started.
Test Case '-[Yoga_of_EatingTests.MealTests test_meal_suggestedMealType_dinner]' passed (0.001 seconds).
Test Case '-[Yoga_of_EatingTests.MealTests test_meal_suggestedMealType_lunch]' started.
Test Case '-[Yoga_of_EatingTests.MealTests test_meal_suggestedMealType_lunch]' passed (0.001 seconds).
Test Case '-[Yoga_of_EatingTests.MealTests test_meal_suggestedMealType_snacks]' started.
Test Case '-[Yoga_of_EatingTests.MealTests test_meal_suggestedMealType_snacks]' passed (0.001 seconds).
Test Case '-[Yoga_of_EatingTests.MealTests test_meal_timestamp_autoCaptured_onCreation]' started.
Test Case '-[Yoga_of_EatingTests.MealTests test_meal_timestamp_autoCaptured_onCreation]' passed (0.001 seconds).
Test Case '-[Yoga_of_EatingTests.MealTests test_meal_timestamp_customValue_isPreserved]' started.
Test Case '-[Yoga_of_EatingTests.MealTests test_meal_timestamp_customValue_isPreserved]' passed (0.001 seconds).
Test Case '-[Yoga_of_EatingTests.MealTests test_meal_timestamp_differentMeals_haveDifferentTimestamps]' started.
Test Case '-[Yoga_of_EatingTests.MealTests test_meal_timestamp_differentMeals_haveDifferentTimestamps]' passed (0.012 seconds).
Test Case '-[Yoga_of_EatingTests.MealTests test_meal_timestamp_serialization_roundtrip]' started.
Test Case '-[Yoga_of_EatingTests.MealTests test_meal_timestamp_serialization_roundtrip]' passed (0.001 seconds).
Test Case '-[Yoga_of_EatingTests.MealTests test_mealType_displayNames]' started.
Test Case '-[Yoga_of_EatingTests.MealTests test_mealType_displayNames]' passed (0.001 seconds).
Test Case '-[Yoga_of_EatingTests.MealTests test_mergeItems_caseInsensitiveDuplicates_areNotAdded]' started.
Test Case '-[Yoga_of_EatingTests.MealTests test_mergeItems_caseInsensitiveDuplicates_areNotAdded]' passed (0.001 seconds).
Test Case '-[Yoga_of_EatingTests.MealTests test_mergeItems_duplicateItems_areNotAdded]' started.
Test Case '-[Yoga_of_EatingTests.MealTests test_mergeItems_duplicateItems_areNotAdded]' passed (0.001 seconds).
Test Case '-[Yoga_of_EatingTests.MealTests test_mergeItems_emptyExisting_returnsNewItems]' started.
Test Case '-[Yoga_of_EatingTests.MealTests test_mergeItems_emptyExisting_returnsNewItems]' passed (0.001 seconds).
Test Case '-[Yoga_of_EatingTests.MealTests test_mergeItems_existingItems_appendsNewItems]' started.
Test Case '-[Yoga_of_EatingTests.MealTests test_mergeItems_existingItems_appendsNewItems]' passed (0.001 seconds).
Test Case '-[Yoga_of_EatingTests.MealTests test_mergeItems_whitespaceVariants_areNotAdded]' started.
Test Case '-[Yoga_of_EatingTests.MealTests test_mergeItems_whitespaceVariants_areNotAdded]' passed (0.001 seconds).
Test Suite 'MealTests' passed at 2026-05-15 06:39:58.644.
	 Executed 22 tests, with 0 failures (0 unexpected) in 0.026 (0.034) seconds
Test Suite 'MindCheckEntryTests' started at 2026-05-15 06:39:58.645.
Test Case '-[Yoga_of_EatingTests.MindCheckEntryTests test_mindCheckCategory_allCases_hasCorrectCount]' started.
Test Case '-[Yoga_of_EatingTests.MindCheckEntryTests test_mindCheckCategory_allCases_hasCorrectCount]' passed (0.001 seconds).
Test Case '-[Yoga_of_EatingTests.MindCheckEntryTests test_mindCheckCategory_categoriesForContext_evening]' started.
Test Case '-[Yoga_of_EatingTests.MindCheckEntryTests test_mindCheckCategory_categoriesForContext_evening]' passed (0.001 seconds).
Test Case '-[Yoga_of_EatingTests.MindCheckEntryTests test_mindCheckCategory_categoriesForContext_morning]' started.
Test Case '-[Yoga_of_EatingTests.MindCheckEntryTests test_mindCheckCategory_categoriesForContext_morning]' passed (0.001 seconds).
Test Case '-[Yoga_of_EatingTests.MindCheckEntryTests test_mindCheckCategory_context_returnsCorrectContext]' started.
Test Case '-[Yoga_of_EatingTests.MindCheckEntryTests test_mindCheckCategory_context_returnsCorrectContext]' passed (0.001 seconds).
Test Case '-[Yoga_of_EatingTests.MindCheckEntryTests test_mindCheckCategory_displayName_returnsCorrectName]' started.
Test Case '-[Yoga_of_EatingTests.MindCheckEntryTests test_mindCheckCategory_displayName_returnsCorrectName]' passed (0.001 seconds).
Test Case '-[Yoga_of_EatingTests.MindCheckEntryTests test_mindCheckCategory_emoji_returnsCorrectEmoji]' started.
Test Case '-[Yoga_of_EatingTests.MindCheckEntryTests test_mindCheckCategory_emoji_returnsCorrectEmoji]' passed (0.001 seconds).
Test Case '-[Yoga_of_EatingTests.MindCheckEntryTests test_mindCheckCategory_evening_hasExpectedCases]' started.
Test Case '-[Yoga_of_EatingTests.MindCheckEntryTests test_mindCheckCategory_evening_hasExpectedCases]' passed (0.000 seconds).
Test Case '-[Yoga_of_EatingTests.MindCheckEntryTests test_mindCheckCategory_morning_hasExpectedCases]' started.
Test Case '-[Yoga_of_EatingTests.MindCheckEntryTests test_mindCheckCategory_morning_hasExpectedCases]' passed (0.000 seconds).
Test Case '-[Yoga_of_EatingTests.MindCheckEntryTests test_mindCheckContext_hasExpectedCases]' started.
Test Case '-[Yoga_of_EatingTests.MindCheckEntryTests test_mindCheckContext_hasExpectedCases]' passed (0.000 seconds).
Test Case '-[Yoga_of_EatingTests.MindCheckEntryTests test_mindCheckContext_rawValues_areCorrect]' started.
Test Case '-[Yoga_of_EatingTests.MindCheckEntryTests test_mindCheckContext_rawValues_areCorrect]' passed (0.000 seconds).
Test Case '-[Yoga_of_EatingTests.MindCheckEntryTests test_mindCheckEntry_codable_allCategories]' started.
Test Case '-[Yoga_of_EatingTests.MindCheckEntryTests test_mindCheckEntry_codable_allCategories]' passed (0.001 seconds).
Test Case '-[Yoga_of_EatingTests.MindCheckEntryTests test_mindCheckEntry_codable_encodesAndDecodes]' started.
Test Case '-[Yoga_of_EatingTests.MindCheckEntryTests test_mindCheckEntry_codable_encodesAndDecodes]' passed (0.000 seconds).
Test Case '-[Yoga_of_EatingTests.MindCheckEntryTests test_mindCheckEntry_equatable_returnsFalseForDifferentIds]' started.
Test Case '-[Yoga_of_EatingTests.MindCheckEntryTests test_mindCheckEntry_equatable_returnsFalseForDifferentIds]' passed (0.000 seconds).
Test Case '-[Yoga_of_EatingTests.MindCheckEntryTests test_mindCheckEntry_equatable_returnsTrueForIdenticalEntries]' started.
Test Case '-[Yoga_of_EatingTests.MindCheckEntryTests test_mindCheckEntry_equatable_returnsTrueForIdenticalEntries]' passed (0.000 seconds).
Test Case '-[Yoga_of_EatingTests.MindCheckEntryTests test_mindCheckEntry_identifiable_hasUniqueId]' started.
Test Case '-[Yoga_of_EatingTests.MindCheckEntryTests test_mindCheckEntry_identifiable_hasUniqueId]' passed (0.000 seconds).
Test Case '-[Yoga_of_EatingTests.MindCheckEntryTests test_mindCheckEntry_init_setsAllProperties]' started.
Test Case '-[Yoga_of_EatingTests.MindCheckEntryTests test_mindCheckEntry_init_setsAllProperties]' passed (0.000 seconds).
Test Case '-[Yoga_of_EatingTests.MindCheckEntryTests test_mindCheckEntry_withEmptyText_handlesCorrectly]' started.
Test Case '-[Yoga_of_EatingTests.MindCheckEntryTests test_mindCheckEntry_withEmptyText_handlesCorrectly]' passed (0.000 seconds).
Test Case '-[Yoga_of_EatingTests.MindCheckEntryTests test_mindCheckEntry_withLongText_handlesCorrectly]' started.
Test Case '-[Yoga_of_EatingTests.MindCheckEntryTests test_mindCheckEntry_withLongText_handlesCorrectly]' passed (0.000 seconds).
Test Case '-[Yoga_of_EatingTests.MindCheckEntryTests test_mindCheckEntry_withSpecialCharacters_handlesCorrectly]' started.
Test Case '-[Yoga_of_EatingTests.MindCheckEntryTests test_mindCheckEntry_withSpecialCharacters_handlesCorrectly]' passed (0.000 seconds).
Test Suite 'MindCheckEntryTests' passed at 2026-05-15 06:39:58.659.
	 Executed 19 tests, with 0 failures (0 unexpected) in 0.010 (0.014) seconds
Test Suite 'MindCheckServiceTests' started at 2026-05-15 06:39:58.659.
Test Case '-[Yoga_of_EatingTests.MindCheckServiceTests test_getEveningMindCheck_returnsEntriesForToday]' started.
Test Case '-[Yoga_of_EatingTests.MindCheckServiceTests test_getEveningMindCheck_returnsEntriesForToday]' passed (0.001 seconds).
Test Case '-[Yoga_of_EatingTests.MindCheckServiceTests test_getEveningMindCheck_returnsNilWhenNotLogged]' started.
Test Case '-[Yoga_of_EatingTests.MindCheckServiceTests test_getEveningMindCheck_returnsNilWhenNotLogged]' passed (0.000 seconds).
Test Case '-[Yoga_of_EatingTests.MindCheckServiceTests test_getMorningMindCheck_returnsEntriesForToday]' started.
Test Case '-[Yoga_of_EatingTests.MindCheckServiceTests test_getMorningMindCheck_returnsEntriesForToday]' passed (0.000 seconds).
Test Case '-[Yoga_of_EatingTests.MindCheckServiceTests test_getMorningMindCheck_returnsNilWhenNotLogged]' started.
Test Case '-[Yoga_of_EatingTests.MindCheckServiceTests test_getMorningMindCheck_returnsNilWhenNotLogged]' passed (0.000 seconds).
Test Case '-[Yoga_of_EatingTests.MindCheckServiceTests test_hasEveningMindCheckForToday_returnsFalseWhenNotLogged]' started.
Test Case '-[Yoga_of_EatingTests.MindCheckServiceTests test_hasEveningMindCheckForToday_returnsFalseWhenNotLogged]' passed (0.000 seconds).
Test Case '-[Yoga_of_EatingTests.MindCheckServiceTests test_hasEveningMindCheckForToday_returnsTrueWhenLogged]' started.
Test Case '-[Yoga_of_EatingTests.MindCheckServiceTests test_hasEveningMindCheckForToday_returnsTrueWhenLogged]' passed (0.000 seconds).
Test Case '-[Yoga_of_EatingTests.MindCheckServiceTests test_hasMorningMindCheckForToday_returnsFalseWhenNotLogged]' started.
Test Case '-[Yoga_of_EatingTests.MindCheckServiceTests test_hasMorningMindCheckForToday_returnsFalseWhenNotLogged]' passed (0.000 seconds).
Test Case '-[Yoga_of_EatingTests.MindCheckServiceTests test_hasMorningMindCheckForToday_returnsTrueWhenLogged]' started.
Test Case '-[Yoga_of_EatingTests.MindCheckServiceTests test_hasMorningMindCheckForToday_returnsTrueWhenLogged]' passed (0.000 seconds).
Test Case '-[Yoga_of_EatingTests.MindCheckServiceTests test_saveEveningMindCheck_persistsToSnapshot]' started.
Test Case '-[Yoga_of_EatingTests.MindCheckServiceTests test_saveEveningMindCheck_persistsToSnapshot]' passed (0.010 seconds).
Test Case '-[Yoga_of_EatingTests.MindCheckServiceTests test_saveMorningMindCheck_mergesWithExistingSnapshot]' started.
Test Case '-[Yoga_of_EatingTests.MindCheckServiceTests test_saveMorningMindCheck_mergesWithExistingSnapshot]' passed (0.000 seconds).
Test Case '-[Yoga_of_EatingTests.MindCheckServiceTests test_saveMorningMindCheck_persistsToSnapshot]' started.
Test Case '-[Yoga_of_EatingTests.MindCheckServiceTests test_saveMorningMindCheck_persistsToSnapshot]' passed (0.000 seconds).
Test Suite 'MindCheckServiceTests' passed at 2026-05-15 06:39:58.676.
	 Executed 11 tests, with 0 failures (0 unexpected) in 0.014 (0.017) seconds
Test Suite 'NotificationManagerTests' started at 2026-05-15 06:39:58.676.
Test Case '-[Yoga_of_EatingTests.NotificationManagerTests test_scheduleMealReminder_createsRequest]' started.
Test Case '-[Yoga_of_EatingTests.NotificationManagerTests test_scheduleMealReminder_createsRequest]' passed (0.002 seconds).
Test Case '-[Yoga_of_EatingTests.NotificationManagerTests test_scheduleMealReminder_defaultsToEnabled_whenKeyMissing]' started.
Test Case '-[Yoga_of_EatingTests.NotificationManagerTests test_scheduleMealReminder_defaultsToEnabled_whenKeyMissing]' passed (0.002 seconds).
Test Case '-[Yoga_of_EatingTests.NotificationManagerTests test_scheduleMealReminder_doesNotSchedule_whenExplicitlyDisabled]' started.
Test Case '-[Yoga_of_EatingTests.NotificationManagerTests test_scheduleMealReminder_doesNotSchedule_whenExplicitlyDisabled]' passed (0.002 seconds).
Test Case '-[Yoga_of_EatingTests.NotificationManagerTests test_scheduleMorningNudge_createsRequest]' started.
Test Case '-[Yoga_of_EatingTests.NotificationManagerTests test_scheduleMorningNudge_createsRequest]' passed (0.002 seconds).
Test Case '-[Yoga_of_EatingTests.NotificationManagerTests test_scheduleMorningNudge_defaultsToEnabled_whenKeyMissing]' started.
Test Case '-[Yoga_of_EatingTests.NotificationManagerTests test_scheduleMorningNudge_defaultsToEnabled_whenKeyMissing]' passed (0.001 seconds).
Test Case '-[Yoga_of_EatingTests.NotificationManagerTests test_scheduleMorningNudge_doesNotSchedule_whenExplicitlyDisabled]' started.
Test Case '-[Yoga_of_EatingTests.NotificationManagerTests test_scheduleMorningNudge_doesNotSchedule_whenExplicitlyDisabled]' passed (0.002 seconds).
Test Suite 'NotificationManagerTests' passed at 2026-05-15 06:39:58.689.
	 Executed 6 tests, with 0 failures (0 unexpected) in 0.012 (0.013) seconds
Test Suite 'NotificationTimingABTestTests' started at 2026-05-15 06:39:58.689.
Test Case '-[Yoga_of_EatingTests.NotificationTimingABTestTests test_predictWakeTime_boundaryHour23_returnsValue]' started.
Test Case '-[Yoga_of_EatingTests.NotificationTimingABTestTests test_predictWakeTime_boundaryHour23_returnsValue]' passed (0.001 seconds).
Test Case '-[Yoga_of_EatingTests.NotificationTimingABTestTests test_predictWakeTime_invalidHour_returnsDefault]' started.
Test Case '-[Yoga_of_EatingTests.NotificationTimingABTestTests test_predictWakeTime_invalidHour_returnsDefault]' passed (0.001 seconds).
Test Case '-[Yoga_of_EatingTests.NotificationTimingABTestTests test_predictWakeTime_invalidMinute_returnsDefault]' started.
Test Case '-[Yoga_of_EatingTests.NotificationTimingABTestTests test_predictWakeTime_invalidMinute_returnsDefault]' passed (0.001 seconds).
Test Case '-[Yoga_of_EatingTests.NotificationTimingABTestTests test_predictWakeTime_malformedString_returnsDefault]' started.
Test Case '-[Yoga_of_EatingTests.NotificationTimingABTestTests test_predictWakeTime_malformedString_returnsDefault]' passed (0.001 seconds).
Test Case '-[Yoga_of_EatingTests.NotificationTimingABTestTests test_predictWakeTime_noStoredValue_returnsDefault]' started.
Test Case '-[Yoga_of_EatingTests.NotificationTimingABTestTests test_predictWakeTime_noStoredValue_returnsDefault]' passed (0.000 seconds).
Test Case '-[Yoga_of_EatingTests.NotificationTimingABTestTests test_predictWakeTime_validTime_returnsParsedValue]' started.
Test Case '-[Yoga_of_EatingTests.NotificationTimingABTestTests test_predictWakeTime_validTime_returnsParsedValue]' passed (0.001 seconds).
Test Suite 'NotificationTimingABTestTests' passed at 2026-05-15 06:39:58.696.
	 Executed 6 tests, with 0 failures (0 unexpected) in 0.006 (0.007) seconds
Test Suite 'PartialRestoreTests' started at 2026-05-15 06:39:58.696.
Test Case '-[Yoga_of_EatingTests.PartialRestoreTests test_restoreFromFirebase_withPartialCloudData_mergesAllReturnedSnapshots]' started.
2026-05-15 06:39:58.696518+0530 Yoga of Eating[16836:137001] [HistoricalSync] Restore: fetched 2 snapshots for user
Test Case '-[Yoga_of_EatingTests.PartialRestoreTests test_restoreFromFirebase_withPartialCloudData_mergesAllReturnedSnapshots]' passed (0.001 seconds).
Test Suite 'PartialRestoreTests' passed at 2026-05-15 06:39:58.697.
	 Executed 1 test, with 0 failures (0 unexpected) in 0.001 (0.001) seconds
Test Suite 'PatternAnalysisEnrichmentTests' started at 2026-05-15 06:39:58.697.
Test Case '-[Yoga_of_EatingTests.PatternAnalysisEnrichmentTests test_carryOverLoad_confidence_isValidRange]' started.
Test Case '-[Yoga_of_EatingTests.PatternAnalysisEnrichmentTests test_carryOverLoad_confidence_isValidRange]' passed (0.000 seconds).
Test Case '-[Yoga_of_EatingTests.PatternAnalysisEnrichmentTests test_carryOverLoad_doesNotFire_withFewerThanThreeLowDays]' started.
Test Case '-[Yoga_of_EatingTests.PatternAnalysisEnrichmentTests test_carryOverLoad_doesNotFire_withFewerThanThreeLowDays]' passed (0.000 seconds).
Test Case '-[Yoga_of_EatingTests.PatternAnalysisEnrichmentTests test_carryOverLoad_fallsBackToAvgScore_whenNoDimensionsPresent]' started.
Test Case '-[Yoga_of_EatingTests.PatternAnalysisEnrichmentTests test_carryOverLoad_fallsBackToAvgScore_whenNoDimensionsPresent]' passed (0.000 seconds).
Test Case '-[Yoga_of_EatingTests.PatternAnalysisEnrichmentTests test_carryOverLoad_fires_whenThreePlusLowWellbeingDays]' started.
Test Case '-[Yoga_of_EatingTests.PatternAnalysisEnrichmentTests test_carryOverLoad_fires_whenThreePlusLowWellbeingDays]' passed (0.000 seconds).
Test Case '-[Yoga_of_EatingTests.PatternAnalysisEnrichmentTests test_generateCorrelationCards_includesNewCorrelations]' started.
Test Case '-[Yoga_of_EatingTests.PatternAnalysisEnrichmentTests test_generateCorrelationCards_includesNewCorrelations]' passed (0.000 seconds).
Test Case '-[Yoga_of_EatingTests.PatternAnalysisEnrichmentTests test_intentionFollowthrough_confidence_isValidRange]' started.
Test Case '-[Yoga_of_EatingTests.PatternAnalysisEnrichmentTests test_intentionFollowthrough_confidence_isValidRange]' passed (0.000 seconds).
Test Case '-[Yoga_of_EatingTests.PatternAnalysisEnrichmentTests test_intentionFollowthrough_doesNotFire_whenCompletionRateHigh]' started.
Test Case '-[Yoga_of_EatingTests.PatternAnalysisEnrichmentTests test_intentionFollowthrough_doesNotFire_whenCompletionRateHigh]' passed (0.000 seconds).
Test Case '-[Yoga_of_EatingTests.PatternAnalysisEnrichmentTests test_intentionFollowthrough_doesNotFire_withFewerThanMinTodos]' started.
Test Case '-[Yoga_of_EatingTests.PatternAnalysisEnrichmentTests test_intentionFollowthrough_doesNotFire_withFewerThanMinTodos]' passed (0.000 seconds).
Test Case '-[Yoga_of_EatingTests.PatternAnalysisEnrichmentTests test_intentionFollowthrough_fires_whenCompletionRateLow]' started.
Test Case '-[Yoga_of_EatingTests.PatternAnalysisEnrichmentTests test_intentionFollowthrough_fires_whenCompletionRateLow]' passed (0.000 seconds).
Test Case '-[Yoga_of_EatingTests.PatternAnalysisEnrichmentTests test_journalTonePrediction_doesNotFire_whenToneIsPositive]' started.
Test Case '-[Yoga_of_EatingTests.PatternAnalysisEnrichmentTests test_journalTonePrediction_doesNotFire_whenToneIsPositive]' passed (0.000 seconds).
Test Case '-[Yoga_of_EatingTests.PatternAnalysisEnrichmentTests test_journalTonePrediction_doesNotFire_withInsufficientData]' started.
Test Case '-[Yoga_of_EatingTests.PatternAnalysisEnrichmentTests test_journalTonePrediction_doesNotFire_withInsufficientData]' passed (0.000 seconds).
Test Case '-[Yoga_of_EatingTests.PatternAnalysisEnrichmentTests test_journalTonePrediction_fires_whenOverwhelmedPrecedesLowWellbeing]' started.
Test Case '-[Yoga_of_EatingTests.PatternAnalysisEnrichmentTests test_journalTonePrediction_fires_whenOverwhelmedPrecedesLowWellbeing]' passed (0.000 seconds).
Test Case '-[Yoga_of_EatingTests.PatternAnalysisEnrichmentTests test_sleepMismatch_doesNotFire_whenNoSleepRatingPresent]' started.
Test Case '-[Yoga_of_EatingTests.PatternAnalysisEnrichmentTests test_sleepMismatch_doesNotFire_whenNoSleepRatingPresent]' passed (0.000 seconds).
Test Case '-[Yoga_of_EatingTests.PatternAnalysisEnrichmentTests test_sleepMismatch_doesNotFire_whenSleepRatingMatchesCognition]' started.
Test Case '-[Yoga_of_EatingTests.PatternAnalysisEnrichmentTests test_sleepMismatch_doesNotFire_whenSleepRatingMatchesCognition]' passed (0.000 seconds).
Test Case '-[Yoga_of_EatingTests.PatternAnalysisEnrichmentTests test_sleepMismatch_fires_whenGreatSleepRatingButLowClarityDimension]' started.
Test Case '-[Yoga_of_EatingTests.PatternAnalysisEnrichmentTests test_sleepMismatch_fires_whenGreatSleepRatingButLowClarityDimension]' passed (0.000 seconds).
Test Case '-[Yoga_of_EatingTests.PatternAnalysisEnrichmentTests test_sleepRecoveryCarryover_confidence_isValidRange]' started.
Test Case '-[Yoga_of_EatingTests.PatternAnalysisEnrichmentTests test_sleepRecoveryCarryover_confidence_isValidRange]' passed (0.000 seconds).
Test Case '-[Yoga_of_EatingTests.PatternAnalysisEnrichmentTests test_sleepRecoveryCarryover_doesNotFire_whenNoSleepData]' started.
Test Case '-[Yoga_of_EatingTests.PatternAnalysisEnrichmentTests test_sleepRecoveryCarryover_doesNotFire_whenNoSleepData]' passed (0.000 seconds).
Test Case '-[Yoga_of_EatingTests.PatternAnalysisEnrichmentTests test_sleepRecoveryCarryover_doesNotFire_whenOnlyOnePoorNight]' started.
Test Case '-[Yoga_of_EatingTests.PatternAnalysisEnrichmentTests test_sleepRecoveryCarryover_doesNotFire_whenOnlyOnePoorNight]' passed (0.000 seconds).
Test Case '-[Yoga_of_EatingTests.PatternAnalysisEnrichmentTests test_sleepRecoveryCarryover_fires_whenTwoConsecutivePoorSleepNights]' started.
Test Case '-[Yoga_of_EatingTests.PatternAnalysisEnrichmentTests test_sleepRecoveryCarryover_fires_whenTwoConsecutivePoorSleepNights]' passed (0.000 seconds).
Test Suite 'PatternAnalysisEnrichmentTests' passed at 2026-05-15 06:39:58.706.
	 Executed 19 tests, with 0 failures (0 unexpected) in 0.006 (0.009) seconds
Test Suite 'PersistenceServiceTests' started at 2026-05-15 06:39:58.707.
Test Case '-[Yoga_of_EatingTests.PersistenceServiceTests test_appData_mealTimestamp_persistsCorrectly]' started.
Test Case '-[Yoga_of_EatingTests.PersistenceServiceTests test_appData_mealTimestamp_persistsCorrectly]' passed (0.002 seconds).
Test Case '-[Yoga_of_EatingTests.PersistenceServiceTests test_appData_multipleMeals_timestampsPreserved]' started.
Test Case '-[Yoga_of_EatingTests.PersistenceServiceTests test_appData_multipleMeals_timestampsPreserved]' passed (0.000 seconds).
Test Case '-[Yoga_of_EatingTests.PersistenceServiceTests test_appData_serialization_roundtrip]' started.
Test Case '-[Yoga_of_EatingTests.PersistenceServiceTests test_appData_serialization_roundtrip]' passed (0.000 seconds).
Test Case '-[Yoga_of_EatingTests.PersistenceServiceTests test_deleteAll_removesFile]' started.
Test Case '-[Yoga_of_EatingTests.PersistenceServiceTests test_deleteAll_removesFile]' passed (0.001 seconds).
Test Suite 'PersistenceServiceTests' passed at 2026-05-15 06:39:58.711.
	 Executed 4 tests, with 0 failures (0 unexpected) in 0.003 (0.004) seconds
Test Suite 'PersonalizedHapticFeedbackTests' started at 2026-05-15 06:39:58.711.
Test Case '-[Yoga_of_EatingTests.PersonalizedHapticFeedbackTests test_getFeedbackStyle_boundaryHealthy_returnsSoft]' started.
Test Case '-[Yoga_of_EatingTests.PersonalizedHapticFeedbackTests test_getFeedbackStyle_boundaryHealthy_returnsSoft]' passed (0.001 seconds).
Test Case '-[Yoga_of_EatingTests.PersonalizedHapticFeedbackTests test_getFeedbackStyle_boundaryUnhealthy_returnsLight]' started.
Test Case '-[Yoga_of_EatingTests.PersonalizedHapticFeedbackTests test_getFeedbackStyle_boundaryUnhealthy_returnsLight]' passed (0.001 seconds).
Test Case '-[Yoga_of_EatingTests.PersonalizedHapticFeedbackTests test_getFeedbackStyle_consistency_acrossRiskLevels]' started.
Test Case '-[Yoga_of_EatingTests.PersonalizedHapticFeedbackTests test_getFeedbackStyle_consistency_acrossRiskLevels]' passed (0.001 seconds).
Test Case '-[Yoga_of_EatingTests.PersonalizedHapticFeedbackTests test_getFeedbackStyle_healthyMeal_sameForAllRiskLevels]' started.
Test Case '-[Yoga_of_EatingTests.PersonalizedHapticFeedbackTests test_getFeedbackStyle_healthyMeal_sameForAllRiskLevels]' passed (0.001 seconds).
Test Case '-[Yoga_of_EatingTests.PersonalizedHapticFeedbackTests test_getFeedbackStyle_healthyMealHighRisk_returnsSoft]' started.
Test Case '-[Yoga_of_EatingTests.PersonalizedHapticFeedbackTests test_getFeedbackStyle_healthyMealHighRisk_returnsSoft]' passed (0.001 seconds).
Test Case '-[Yoga_of_EatingTests.PersonalizedHapticFeedbackTests test_getFeedbackStyle_healthyMealLowRisk_returnsSoft]' started.
Test Case '-[Yoga_of_EatingTests.PersonalizedHapticFeedbackTests test_getFeedbackStyle_healthyMealLowRisk_returnsSoft]' passed (0.001 seconds).
Test Case '-[Yoga_of_EatingTests.PersonalizedHapticFeedbackTests test_getFeedbackStyle_neutralMeal_returnsLight]' started.
Test Case '-[Yoga_of_EatingTests.PersonalizedHapticFeedbackTests test_getFeedbackStyle_neutralMeal_returnsLight]' passed (0.001 seconds).
Test Case '-[Yoga_of_EatingTests.PersonalizedHapticFeedbackTests test_getFeedbackStyle_perfectScore_returnsSoft]' started.
Test Case '-[Yoga_of_EatingTests.PersonalizedHapticFeedbackTests test_getFeedbackStyle_perfectScore_returnsSoft]' passed (0.001 seconds).
Test Case '-[Yoga_of_EatingTests.PersonalizedHapticFeedbackTests test_getFeedbackStyle_unhealthyMealHighRisk_returnsHeavy]' started.
Test Case '-[Yoga_of_EatingTests.PersonalizedHapticFeedbackTests test_getFeedbackStyle_unhealthyMealHighRisk_returnsHeavy]' passed (0.001 seconds).
Test Case '-[Yoga_of_EatingTests.PersonalizedHapticFeedbackTests test_getFeedbackStyle_unhealthyMealLowRisk_returnsLight]' started.
Test Case '-[Yoga_of_EatingTests.PersonalizedHapticFeedbackTests test_getFeedbackStyle_unhealthyMealLowRisk_returnsLight]' passed (0.001 seconds).
Test Case '-[Yoga_of_EatingTests.PersonalizedHapticFeedbackTests test_getFeedbackStyle_unhealthyMealMediumRisk_returnsMedium]' started.
Test Case '-[Yoga_of_EatingTests.PersonalizedHapticFeedbackTests test_getFeedbackStyle_unhealthyMealMediumRisk_returnsMedium]' passed (0.001 seconds).
Test Case '-[Yoga_of_EatingTests.PersonalizedHapticFeedbackTests test_getFeedbackStyle_worstScoreHighRisk_returnsHeavy]' started.
Test Case '-[Yoga_of_EatingTests.PersonalizedHapticFeedbackTests test_getFeedbackStyle_worstScoreHighRisk_returnsHeavy]' passed (0.001 seconds).
Test Case '-[Yoga_of_EatingTests.PersonalizedHapticFeedbackTests test_playMealFeedbackHaptic_respectsUserPreferences]' started.
Test Case '-[Yoga_of_EatingTests.PersonalizedHapticFeedbackTests test_playMealFeedbackHaptic_respectsUserPreferences]' passed (0.001 seconds).
Test Case '-[Yoga_of_EatingTests.PersonalizedHapticFeedbackTests test_playMealFeedbackHaptic_withHapticsDisabled_doesNotCrash]' started.
Test Case '-[Yoga_of_EatingTests.PersonalizedHapticFeedbackTests test_playMealFeedbackHaptic_withHapticsDisabled_doesNotCrash]' passed (0.001 seconds).
Test Case '-[Yoga_of_EatingTests.PersonalizedHapticFeedbackTests test_playMealFeedbackHaptic_withHealthyMeal_doesNotThrow]' started.
Test Case '-[Yoga_of_EatingTests.PersonalizedHapticFeedbackTests test_playMealFeedbackHaptic_withHealthyMeal_doesNotThrow]' passed (0.001 seconds).
Test Case '-[Yoga_of_EatingTests.PersonalizedHapticFeedbackTests test_playMealFeedbackHaptic_withUnhealthyMealHighRisk_doesNotThrow]' started.
Test Case '-[Yoga_of_EatingTests.PersonalizedHapticFeedbackTests test_playMealFeedbackHaptic_withUnhealthyMealHighRisk_doesNotThrow]' passed (0.001 seconds).
Test Suite 'PersonalizedHapticFeedbackTests' passed at 2026-05-15 06:39:58.725.
	 Executed 16 tests, with 0 failures (0 unexpected) in 0.012 (0.015) seconds
Test Suite 'PersonalizedMealScoringTests' started at 2026-05-15 06:39:58.725.
Test Case '-[Yoga_of_EatingTests.PersonalizedMealScoringTests test_applySensitivity_highRiskUser_significantAdjustment]' started.
Test Case '-[Yoga_of_EatingTests.PersonalizedMealScoringTests test_applySensitivity_highRiskUser_significantAdjustment]' passed (0.000 seconds).
Test Case '-[Yoga_of_EatingTests.PersonalizedMealScoringTests test_applySensitivity_lowRiskUser_minimalAdjustment]' started.
Test Case '-[Yoga_of_EatingTests.PersonalizedMealScoringTests test_applySensitivity_lowRiskUser_minimalAdjustment]' passed (0.000 seconds).
Test Case '-[Yoga_of_EatingTests.PersonalizedMealScoringTests test_calculateHealthScore_emptyList_returnsNeutral]' started.
Test Case '-[Yoga_of_EatingTests.PersonalizedMealScoringTests test_calculateHealthScore_emptyList_returnsNeutral]' passed (0.000 seconds).
Test Case '-[Yoga_of_EatingTests.PersonalizedMealScoringTests test_calculateHealthScore_healthyMeal_returnsHighScore]' started.
Test Case '-[Yoga_of_EatingTests.PersonalizedMealScoringTests test_calculateHealthScore_healthyMeal_returnsHighScore]' passed (0.000 seconds).
Test Case '-[Yoga_of_EatingTests.PersonalizedMealScoringTests test_calculateHealthScore_healthyMealForAtRiskUser_returnsHigherScore]' started.
Test Case '-[Yoga_of_EatingTests.PersonalizedMealScoringTests test_calculateHealthScore_healthyMealForAtRiskUser_returnsHigherScore]' passed (0.000 seconds).
Test Case '-[Yoga_of_EatingTests.PersonalizedMealScoringTests test_calculateHealthScore_missingUserProfile_usesDefaultScoring]' started.
Test Case '-[Yoga_of_EatingTests.PersonalizedMealScoringTests test_calculateHealthScore_missingUserProfile_usesDefaultScoring]' passed (0.000 seconds).
Test Case '-[Yoga_of_EatingTests.PersonalizedMealScoringTests test_calculateHealthScore_multipleItems_averagesCorrectly]' started.
Test Case '-[Yoga_of_EatingTests.PersonalizedMealScoringTests test_calculateHealthScore_multipleItems_averagesCorrectly]' passed (0.000 seconds).
Test Case '-[Yoga_of_EatingTests.PersonalizedMealScoringTests test_calculateHealthScore_neutralMeal_returnsNeutralScore]' started.
Test Case '-[Yoga_of_EatingTests.PersonalizedMealScoringTests test_calculateHealthScore_neutralMeal_returnsNeutralScore]' passed (0.000 seconds).
Test Case '-[Yoga_of_EatingTests.PersonalizedMealScoringTests test_calculateHealthScore_unhealthyMeal_returnsLowScore]' started.
Test Case '-[Yoga_of_EatingTests.PersonalizedMealScoringTests test_calculateHealthScore_unhealthyMeal_returnsLowScore]' passed (0.000 seconds).
Test Case '-[Yoga_of_EatingTests.PersonalizedMealScoringTests test_calculateHealthScore_unhealthyMealForAtRiskUser_returnsLowerScore]' started.
Test Case '-[Yoga_of_EatingTests.PersonalizedMealScoringTests test_calculateHealthScore_unhealthyMealForAtRiskUser_returnsLowerScore]' passed (0.000 seconds).
Test Case '-[Yoga_of_EatingTests.PersonalizedMealScoringTests test_calculateNextState_healthyMealForAtRiskUser_largerShrink]' started.
Test Case '-[Yoga_of_EatingTests.PersonalizedMealScoringTests test_calculateNextState_healthyMealForAtRiskUser_largerShrink]' passed (0.000 seconds).
Test Case '-[Yoga_of_EatingTests.PersonalizedMealScoringTests test_calculateNextState_healthyUserNeutralMeal_standardBehavior]' started.
Test Case '-[Yoga_of_EatingTests.PersonalizedMealScoringTests test_calculateNextState_healthyUserNeutralMeal_standardBehavior]' passed (0.000 seconds).
Test Case '-[Yoga_of_EatingTests.PersonalizedMealScoringTests test_calculateNextState_unhealthyMealForAtRiskUser_largerBloat]' started.
Test Case '-[Yoga_of_EatingTests.PersonalizedMealScoringTests test_calculateNextState_unhealthyMealForAtRiskUser_largerBloat]' passed (0.000 seconds).
Test Case '-[Yoga_of_EatingTests.PersonalizedMealScoringTests test_contextualAdjustment_friedFoodForHighRisk_significantlyWorse]' started.
Test Case '-[Yoga_of_EatingTests.PersonalizedMealScoringTests test_contextualAdjustment_friedFoodForHighRisk_significantlyWorse]' passed (0.000 seconds).
Test Case '-[Yoga_of_EatingTests.PersonalizedMealScoringTests test_contextualAdjustment_friedFoodForLowRisk_moderatePenalty]' started.
Test Case '-[Yoga_of_EatingTests.PersonalizedMealScoringTests test_contextualAdjustment_friedFoodForLowRisk_moderatePenalty]' passed (0.000 seconds).
Test Case '-[Yoga_of_EatingTests.PersonalizedMealScoringTests test_contextualAdjustment_vegetablesForHighRisk_bonusPoints]' started.
Test Case '-[Yoga_of_EatingTests.PersonalizedMealScoringTests test_contextualAdjustment_vegetablesForHighRisk_bonusPoints]' passed (0.000 seconds).
Test Suite 'PersonalizedMealScoringTests' passed at 2026-05-15 06:39:58.733.
	 Executed 16 tests, with 0 failures (0 unexpected) in 0.005 (0.007) seconds
Test Suite 'QuoteServiceTests' started at 2026-05-15 06:39:58.733.
Test Case '-[Yoga_of_EatingTests.QuoteServiceTests test_getDailyQuote_cyclesBackAfter30Days]' started.
Test Case '-[Yoga_of_EatingTests.QuoteServiceTests test_getDailyQuote_cyclesBackAfter30Days]' passed (0.003 seconds).
Test Case '-[Yoga_of_EatingTests.QuoteServiceTests test_getDailyQuote_cyclesThrough30Days]' started.
Test Case '-[Yoga_of_EatingTests.QuoteServiceTests test_getDailyQuote_cyclesThrough30Days]' passed (0.000 seconds).
Test Case '-[Yoga_of_EatingTests.QuoteServiceTests test_getDailyQuote_defaultsToToday]' started.
Test Case '-[Yoga_of_EatingTests.QuoteServiceTests test_getDailyQuote_defaultsToToday]' passed (0.000 seconds).
Test Case '-[Yoga_of_EatingTests.QuoteServiceTests test_getDailyQuote_returnsDifferentQuoteForDifferentDay]' started.
Test Case '-[Yoga_of_EatingTests.QuoteServiceTests test_getDailyQuote_returnsDifferentQuoteForDifferentDay]' passed (0.000 seconds).
Test Case '-[Yoga_of_EatingTests.QuoteServiceTests test_getDailyQuote_returnsSameQuoteForSameDay]' started.
Test Case '-[Yoga_of_EatingTests.QuoteServiceTests test_getDailyQuote_returnsSameQuoteForSameDay]' passed (0.000 seconds).
Test Case '-[Yoga_of_EatingTests.QuoteServiceTests test_mindfulQuote_equality]' started.
Test Case '-[Yoga_of_EatingTests.QuoteServiceTests test_mindfulQuote_equality]' passed (0.000 seconds).
Test Case '-[Yoga_of_EatingTests.QuoteServiceTests test_mindfulQuote_formatted_withAuthor]' started.
Test Case '-[Yoga_of_EatingTests.QuoteServiceTests test_mindfulQuote_formatted_withAuthor]' passed (0.000 seconds).
Test Case '-[Yoga_of_EatingTests.QuoteServiceTests test_mindfulQuote_formatted_withoutAuthor]' started.
Test Case '-[Yoga_of_EatingTests.QuoteServiceTests test_mindfulQuote_formatted_withoutAuthor]' passed (0.000 seconds).
Test Case '-[Yoga_of_EatingTests.QuoteServiceTests test_quotes_allHaveText]' started.
Test Case '-[Yoga_of_EatingTests.QuoteServiceTests test_quotes_allHaveText]' passed (0.000 seconds).
Test Case '-[Yoga_of_EatingTests.QuoteServiceTests test_quotes_fallbackWorksWhenJSONMissing]' started.
Test Case '-[Yoga_of_EatingTests.QuoteServiceTests test_quotes_fallbackWorksWhenJSONMissing]' passed (0.000 seconds).
Test Case '-[Yoga_of_EatingTests.QuoteServiceTests test_quotes_has30Quotes]' started.
Test Case '-[Yoga_of_EatingTests.QuoteServiceTests test_quotes_has30Quotes]' passed (0.000 seconds).
Test Case '-[Yoga_of_EatingTests.QuoteServiceTests test_quotes_loadedFromJSONOrFallback]' started.
Test Case '-[Yoga_of_EatingTests.QuoteServiceTests test_quotes_loadedFromJSONOrFallback]' passed (0.000 seconds).
Test Suite 'QuoteServiceTests' passed at 2026-05-15 06:39:58.741.
	 Executed 12 tests, with 0 failures (0 unexpected) in 0.006 (0.008) seconds
Test Suite 'RecentMealsFeatureTests' started at 2026-05-15 06:39:58.741.
Test Case '-[Yoga_of_EatingTests.RecentMealsFeatureTests test_getRecentUniqueMeals_capsAtEightResults]' started.
2026-05-15 06:39:58.741463+0530 Yoga of Eating[16836:137031] [[FirebaseCore]] 12.7.0 - [FirebaseCore][I-COR000003] The default Firebase app has not yet been configured. Add `FirebaseApp.configure()` to your application initialization. This can be done in in the App Delegate's application(_:didFinishLaunchingWithOptions:)` (or the `@main` struct's initializer in SwiftUI). Read more: https://firebase.google.com/docs/ios/setup#initialize_firebase_in_your_app
Test Case '-[Yoga_of_EatingTests.RecentMealsFeatureTests test_getRecentUniqueMeals_capsAtEightResults]' passed (0.001 seconds).
Test Case '-[Yoga_of_EatingTests.RecentMealsFeatureTests test_getRecentUniqueMeals_deduplicatesIdenticalMeals]' started.
2026-05-15 06:39:58.742172+0530 Yoga of Eating[16836:137031] [[FirebaseCore]] 12.7.0 - [FirebaseCore][I-COR000003] The default Firebase app has not yet been configured. Add `FirebaseApp.configure()` to your application initialization. This can be done in in the App Delegate's application(_:didFinishLaunchingWithOptions:)` (or the `@main` struct's initializer in SwiftUI). Read more: https://firebase.google.com/docs/ios/setup#initialize_firebase_in_your_app
Test Case '-[Yoga_of_EatingTests.RecentMealsFeatureTests test_getRecentUniqueMeals_deduplicatesIdenticalMeals]' passed (0.000 seconds).
Test Case '-[Yoga_of_EatingTests.RecentMealsFeatureTests test_getRecentUniqueMeals_deduplicationIsCaseInsensitive]' started.
2026-05-15 06:39:58.742765+0530 Yoga of Eating[16836:137042] [[FirebaseCore]] 12.7.0 - [FirebaseCore][I-COR000003] The default Firebase app has not yet been configured. Add `FirebaseApp.configure()` to your application initialization. This can be done in in the App Delegate's application(_:didFinishLaunchingWithOptions:)` (or the `@main` struct's initializer in SwiftUI). Read more: https://firebase.google.com/docs/ios/setup#initialize_firebase_in_your_app
Test Case '-[Yoga_of_EatingTests.RecentMealsFeatureTests test_getRecentUniqueMeals_deduplicationIsCaseInsensitive]' passed (0.000 seconds).
Test Case '-[Yoga_of_EatingTests.RecentMealsFeatureTests test_getRecentUniqueMeals_excludesMealsOlderThan3Days]' started.
2026-05-15 06:39:58.743297+0530 Yoga of Eating[16836:137033] [[FirebaseCore]] 12.7.0 - [FirebaseCore][I-COR000003] The default Firebase app has not yet been configured. Add `FirebaseApp.configure()` to your application initialization. This can be done in in the App Delegate's application(_:didFinishLaunchingWithOptions:)` (or the `@main` struct's initializer in SwiftUI). Read more: https://firebase.google.com/docs/ios/setup#initialize_firebase_in_your_app
Test Case '-[Yoga_of_EatingTests.RecentMealsFeatureTests test_getRecentUniqueMeals_excludesMealsOlderThan3Days]' passed (0.000 seconds).
Test Case '-[Yoga_of_EatingTests.RecentMealsFeatureTests test_getRecentUniqueMeals_returnsMealsFromAllThreePastDays]' started.
2026-05-15 06:39:58.743836+0530 Yoga of Eating[16836:137042] [[FirebaseCore]] 12.7.0 - [FirebaseCore][I-COR000003] The default Firebase app has not yet been configured. Add `FirebaseApp.configure()` to your application initialization. This can be done in in the App Delegate's application(_:didFinishLaunchingWithOptions:)` (or the `@main` struct's initializer in SwiftUI). Read more: https://firebase.google.com/docs/ios/setup#initialize_firebase_in_your_app
Test Case '-[Yoga_of_EatingTests.RecentMealsFeatureTests test_getRecentUniqueMeals_returnsMealsFromAllThreePastDays]' passed (0.000 seconds).
Test Case '-[Yoga_of_EatingTests.RecentMealsFeatureTests test_getRecentUniqueMeals_returnsYesterdaysMeals]' started.
2026-05-15 06:39:58.744459+0530 Yoga of Eating[16836:137033] [[FirebaseCore]] 12.7.0 - [FirebaseCore][I-COR000003] The default Firebase app has not yet been configured. Add `FirebaseApp.configure()` to your application initialization. This can be done in in the App Delegate's application(_:didFinishLaunchingWithOptions:)` (or the `@main` struct's initializer in SwiftUI). Read more: https://firebase.google.com/docs/ios/setup#initialize_firebase_in_your_app
Test Case '-[Yoga_of_EatingTests.RecentMealsFeatureTests test_getRecentUniqueMeals_returnsYesterdaysMeals]' passed (0.000 seconds).
Test Case '-[Yoga_of_EatingTests.RecentMealsFeatureTests test_getRecentUniqueMeals_withNoHistoricalData_returnsEmpty]' started.
2026-05-15 06:39:58.745017+0530 Yoga of Eating[16836:137033] [[FirebaseCore]] 12.7.0 - [FirebaseCore][I-COR000003] The default Firebase app has not yet been configured. Add `FirebaseApp.configure()` to your application initialization. This can be done in in the App Delegate's application(_:didFinishLaunchingWithOptions:)` (or the `@main` struct's initializer in SwiftUI). Read more: https://firebase.google.com/docs/ios/setup#initialize_firebase_in_your_app
Test Case '-[Yoga_of_EatingTests.RecentMealsFeatureTests test_getRecentUniqueMeals_withNoHistoricalData_returnsEmpty]' passed (0.000 seconds).
Test Case '-[Yoga_of_EatingTests.RecentMealsFeatureTests test_recentMealsButtonVisibility_falseWhenFocused]' started.
2026-05-15 06:39:58.745563+0530 Yoga of Eating[16836:137042] [[FirebaseCore]] 12.7.0 - [FirebaseCore][I-COR000003] The default Firebase app has not yet been configured. Add `FirebaseApp.configure()` to your application initialization. This can be done in in the App Delegate's application(_:didFinishLaunchingWithOptions:)` (or the `@main` struct's initializer in SwiftUI). Read more: https://firebase.google.com/docs/ios/setup#initialize_firebase_in_your_app
Test Case '-[Yoga_of_EatingTests.RecentMealsFeatureTests test_recentMealsButtonVisibility_falseWhenFocused]' passed (0.000 seconds).
Test Case '-[Yoga_of_EatingTests.RecentMealsFeatureTests test_recentMealsButtonVisibility_trueWhenNotFocused_noData]' started.
2026-05-15 06:39:58.746002+0530 Yoga of Eating[16836:137035] [[FirebaseCore]] 12.7.0 - [FirebaseCore][I-COR000003] The default Firebase app has not yet been configured. Add `FirebaseApp.configure()` to your application initialization. This can be done in in the App Delegate's application(_:didFinishLaunchingWithOptions:)` (or the `@main` struct's initializer in SwiftUI). Read more: https://firebase.google.com/docs/ios/setup#initialize_firebase_in_your_app
Test Case '-[Yoga_of_EatingTests.RecentMealsFeatureTests test_recentMealsButtonVisibility_trueWhenNotFocused_noData]' passed (0.000 seconds).
Test Case '-[Yoga_of_EatingTests.RecentMealsFeatureTests test_recentMealsButtonVisibility_trueWhenNotFocused_withData]' started.
2026-05-15 06:39:58.746465+0530 Yoga of Eating[16836:137042] [[FirebaseCore]] 12.7.0 - [FirebaseCore][I-COR000003] The default Firebase app has not yet been configured. Add `FirebaseApp.configure()` to your application initialization. This can be done in in the App Delegate's application(_:didFinishLaunchingWithOptions:)` (or the `@main` struct's initializer in SwiftUI). Read more: https://firebase.google.com/docs/ios/setup#initialize_firebase_in_your_app
Test Case '-[Yoga_of_EatingTests.RecentMealsFeatureTests test_recentMealsButtonVisibility_trueWhenNotFocused_withData]' passed (0.000 seconds).
Test Suite 'RecentMealsFeatureTests' passed at 2026-05-15 06:39:58.747.
	 Executed 10 tests, with 0 failures (0 unexpected) in 0.004 (0.006) seconds
Test Suite 'RecentMealsSheetViewTests' started at 2026-05-15 06:39:58.747.
Test Case '-[Yoga_of_EatingTests.RecentMealsSheetViewTests test_emptyMeals_viewInitializes]' started.
Test Case '-[Yoga_of_EatingTests.RecentMealsSheetViewTests test_emptyMeals_viewInitializes]' passed (0.008 seconds).
Test Case '-[Yoga_of_EatingTests.RecentMealsSheetViewTests test_onSelectMeal_callbackReceivesMeal]' started.
Test Case '-[Yoga_of_EatingTests.RecentMealsSheetViewTests test_onSelectMeal_callbackReceivesMeal]' passed (0.000 seconds).
Test Case '-[Yoga_of_EatingTests.RecentMealsSheetViewTests test_relativeDateString_threeDaysAgo_returnsDaysAgo]' started.
Test Case '-[Yoga_of_EatingTests.RecentMealsSheetViewTests test_relativeDateString_threeDaysAgo_returnsDaysAgo]' passed (0.000 seconds).
Test Case '-[Yoga_of_EatingTests.RecentMealsSheetViewTests test_relativeDateString_today_returnsToday]' started.
Test Case '-[Yoga_of_EatingTests.RecentMealsSheetViewTests test_relativeDateString_today_returnsToday]' passed (0.000 seconds).
Test Case '-[Yoga_of_EatingTests.RecentMealsSheetViewTests test_relativeDateString_twoDaysAgo_returnsDaysAgo]' started.
Test Case '-[Yoga_of_EatingTests.RecentMealsSheetViewTests test_relativeDateString_twoDaysAgo_returnsDaysAgo]' passed (0.000 seconds).
Test Case '-[Yoga_of_EatingTests.RecentMealsSheetViewTests test_relativeDateString_yesterday_returnsYesterday]' started.
Test Case '-[Yoga_of_EatingTests.RecentMealsSheetViewTests test_relativeDateString_yesterday_returnsYesterday]' passed (0.000 seconds).
Test Suite 'RecentMealsSheetViewTests' passed at 2026-05-15 06:39:58.758.
	 Executed 6 tests, with 0 failures (0 unexpected) in 0.010 (0.011) seconds
Test Suite 'ReflectDataModelTests' started at 2026-05-15 06:39:58.758.
Test Case '-[Yoga_of_EatingTests.ReflectDataModelTests test_defaultInit_hasNoContent]' started.
Test Case '-[Yoga_of_EatingTests.ReflectDataModelTests test_defaultInit_hasNoContent]' passed (0.000 seconds).
Test Case '-[Yoga_of_EatingTests.ReflectDataModelTests test_encodeDecode_nilFieldsRoundTrip]' started.
Test Case '-[Yoga_of_EatingTests.ReflectDataModelTests test_encodeDecode_nilFieldsRoundTrip]' passed (0.000 seconds).
Test Case '-[Yoga_of_EatingTests.ReflectDataModelTests test_encodeDecode_roundTrip]' started.
Test Case '-[Yoga_of_EatingTests.ReflectDataModelTests test_encodeDecode_roundTrip]' passed (0.000 seconds).
Test Case '-[Yoga_of_EatingTests.ReflectDataModelTests test_equatable]' started.
Test Case '-[Yoga_of_EatingTests.ReflectDataModelTests test_equatable]' passed (0.000 seconds).
Test Case '-[Yoga_of_EatingTests.ReflectDataModelTests test_hasContent_falseForWhitespaceOnlyText]' started.
Test Case '-[Yoga_of_EatingTests.ReflectDataModelTests test_hasContent_falseForWhitespaceOnlyText]' passed (0.000 seconds).
Test Case '-[Yoga_of_EatingTests.ReflectDataModelTests test_hasContent_trueWhenFeelingSet]' started.
Test Case '-[Yoga_of_EatingTests.ReflectDataModelTests test_hasContent_trueWhenFeelingSet]' passed (0.000 seconds).
Test Case '-[Yoga_of_EatingTests.ReflectDataModelTests test_hasContent_trueWhenJournalTextSet]' started.
Test Case '-[Yoga_of_EatingTests.ReflectDataModelTests test_hasContent_trueWhenJournalTextSet]' passed (0.000 seconds).
Test Suite 'ReflectDataModelTests' passed at 2026-05-15 06:39:58.761.
	 Executed 7 tests, with 0 failures (0 unexpected) in 0.002 (0.003) seconds
Test Suite 'RetryTests' started at 2026-05-15 06:39:58.762.
Test Case '-[Yoga_of_EatingTests.RetryTests test_restore_authFailure_doesNotRetry]' started.
2026-05-15 06:39:58.761952+0530 Yoga of Eating[16836:137001] [HistoricalSync] Restore attempted without authenticated user
Test Case '-[Yoga_of_EatingTests.RetryTests test_restore_authFailure_doesNotRetry]' passed (0.001 seconds).
Test Case '-[Yoga_of_EatingTests.RetryTests test_restore_failsAfterMaxRetryAttempts]' started.
2026-05-15 06:39:58.763985+0530 Yoga of Eating[16836:137001] [HistoricalSync] Attempt 1/3 failed: Fetch failed (simulated transient). Retrying.
2026-05-15 06:39:58.764132+0530 Yoga of Eating[16836:137001] [HistoricalSync] Attempt 2/3 failed: Fetch failed (simulated transient). Retrying.
2026-05-15 06:39:58.764188+0530 Yoga of Eating[16836:137001] [HistoricalSync] Operation failed after 3 attempts
Test Case '-[Yoga_of_EatingTests.RetryTests test_restore_failsAfterMaxRetryAttempts]' passed (0.002 seconds).
Test Case '-[Yoga_of_EatingTests.RetryTests test_restore_onFirstAttemptSuccess_callsFetchExactlyOnce]' started.
2026-05-15 06:39:58.764976+0530 Yoga of Eating[16836:137001] [HistoricalSync] Restore: fetched 0 snapshots for user
Test Case '-[Yoga_of_EatingTests.RetryTests test_restore_onFirstAttemptSuccess_callsFetchExactlyOnce]' passed (0.001 seconds).
Test Case '-[Yoga_of_EatingTests.RetryTests test_restore_retriesOnTransientFailure_andSucceedsOnSecondAttempt]' started.
2026-05-15 06:39:58.765621+0530 Yoga of Eating[16836:137001] [HistoricalSync] Attempt 1/3 failed: Fetch failed (simulated transient). Retrying.
2026-05-15 06:39:58.765699+0530 Yoga of Eating[16836:137001] [HistoricalSync] Restore: fetched 0 snapshots for user
Test Case '-[Yoga_of_EatingTests.RetryTests test_restore_retriesOnTransientFailure_andSucceedsOnSecondAttempt]' passed (0.001 seconds).
Test Case '-[Yoga_of_EatingTests.RetryTests test_sync_failsAfterMaxRetryAttempts]' started.
2026-05-15 06:39:58.766388+0530 Yoga of Eating[16836:137001] [HistoricalSync] Full sync: 1 snapshots
2026-05-15 06:39:58.766430+0530 Yoga of Eating[16836:137001] [HistoricalSync] Attempt 1/3 failed: Batch upload failed (simulated transient). Retrying.
2026-05-15 06:39:58.766480+0530 Yoga of Eating[16836:137001] [HistoricalSync] Attempt 2/3 failed: Batch upload failed (simulated transient). Retrying.
2026-05-15 06:39:58.766530+0530 Yoga of Eating[16836:137001] [HistoricalSync] Operation failed after 3 attempts
Test Case '-[Yoga_of_EatingTests.RetryTests test_sync_failsAfterMaxRetryAttempts]' passed (0.001 seconds).
Test Case '-[Yoga_of_EatingTests.RetryTests test_sync_retriesOnTransientFailure_andSucceedsOnSecondAttempt]' started.
2026-05-15 06:39:58.767146+0530 Yoga of Eating[16836:137001] [HistoricalSync] Full sync: 1 snapshots
2026-05-15 06:39:58.767179+0530 Yoga of Eating[16836:137001] [HistoricalSync] Attempt 1/3 failed: Batch upload failed (simulated transient). Retrying.
2026-05-15 06:39:58.767255+0530 Yoga of Eating[16836:137001] [HistoricalSync] Sync completed at 2026-05-15 01:09:58 +0000
Test Case '-[Yoga_of_EatingTests.RetryTests test_sync_retriesOnTransientFailure_andSucceedsOnSecondAttempt]' passed (0.001 seconds).
Test Suite 'RetryTests' passed at 2026-05-15 06:39:58.768.
	 Executed 6 tests, with 0 failures (0 unexpected) in 0.005 (0.006) seconds
Test Suite 'ScoreBreakdownSheetTests' started at 2026-05-15 06:39:58.768.
Test Case '-[Yoga_of_EatingTests.ScoreBreakdownSheetTests test_scoreBreakdownViewModel_displayInsight_fallsBackToTemplate]' started.
2026-05-15 06:39:58.768158+0530 Yoga of Eating[16836:137035] [[FirebaseCore]] 12.7.0 - [FirebaseCore][I-COR000003] The default Firebase app has not yet been configured. Add `FirebaseApp.configure()` to your application initialization. This can be done in in the App Delegate's application(_:didFinishLaunchingWithOptions:)` (or the `@main` struct's initializer in SwiftUI). Read more: https://firebase.google.com/docs/ios/setup#initialize_firebase_in_your_app
Test Case '-[Yoga_of_EatingTests.ScoreBreakdownSheetTests test_scoreBreakdownViewModel_displayInsight_fallsBackToTemplate]' passed (0.001 seconds).
Test Case '-[Yoga_of_EatingTests.ScoreBreakdownSheetTests test_scoreBreakdownViewModel_displayInsight_usesAIInsight]' started.
2026-05-15 06:39:58.769799+0530 Yoga of Eating[16836:137033] [[FirebaseCore]] 12.7.0 - [FirebaseCore][I-COR000003] The default Firebase app has not yet been configured. Add `FirebaseApp.configure()` to your application initialization. This can be done in in the App Delegate's application(_:didFinishLaunchingWithOptions:)` (or the `@main` struct's initializer in SwiftUI). Read more: https://firebase.google.com/docs/ios/setup#initialize_firebase_in_your_app
Test Case '-[Yoga_of_EatingTests.ScoreBreakdownSheetTests test_scoreBreakdownViewModel_displayInsight_usesAIInsight]' passed (0.000 seconds).
Test Case '-[Yoga_of_EatingTests.ScoreBreakdownSheetTests test_scoreBreakdownViewModel_formattedScore]' started.
2026-05-15 06:39:58.770300+0530 Yoga of Eating[16836:137035] [[FirebaseCore]] 12.7.0 - [FirebaseCore][I-COR000003] The default Firebase app has not yet been configured. Add `FirebaseApp.configure()` to your application initialization. This can be done in in the App Delegate's application(_:didFinishLaunchingWithOptions:)` (or the `@main` struct's initializer in SwiftUI). Read more: https://firebase.google.com/docs/ios/setup#initialize_firebase_in_your_app
Test Case '-[Yoga_of_EatingTests.ScoreBreakdownSheetTests test_scoreBreakdownViewModel_formattedScore]' passed (0.000 seconds).
Test Case '-[Yoga_of_EatingTests.ScoreBreakdownSheetTests test_scoreBreakdownViewModel_mealDescription]' started.
2026-05-15 06:39:58.770801+0530 Yoga of Eating[16836:137042] [[FirebaseCore]] 12.7.0 - [FirebaseCore][I-COR000003] The default Firebase app has not yet been configured. Add `FirebaseApp.configure()` to your application initialization. This can be done in in the App Delegate's application(_:didFinishLaunchingWithOptions:)` (or the `@main` struct's initializer in SwiftUI). Read more: https://firebase.google.com/docs/ios/setup#initialize_firebase_in_your_app
Test Case '-[Yoga_of_EatingTests.ScoreBreakdownSheetTests test_scoreBreakdownViewModel_mealDescription]' passed (0.000 seconds).
Test Case '-[Yoga_of_EatingTests.ScoreBreakdownSheetTests test_scoreBreakdownViewModel_mealDescription_handlesEmptyItems]' started.
2026-05-15 06:39:58.771257+0530 Yoga of Eating[16836:137035] [[FirebaseCore]] 12.7.0 - [FirebaseCore][I-COR000003] The default Firebase app has not yet been configured. Add `FirebaseApp.configure()` to your application initialization. This can be done in in the App Delegate's application(_:didFinishLaunchingWithOptions:)` (or the `@main` struct's initializer in SwiftUI). Read more: https://firebase.google.com/docs/ios/setup#initialize_firebase_in_your_app
Test Case '-[Yoga_of_EatingTests.ScoreBreakdownSheetTests test_scoreBreakdownViewModel_mealDescription_handlesEmptyItems]' passed (0.000 seconds).
Test Case '-[Yoga_of_EatingTests.ScoreBreakdownSheetTests test_scoreReasoningGenerator_categorizes_excellentScore]' started.
Test Case '-[Yoga_of_EatingTests.ScoreBreakdownSheetTests test_scoreReasoningGenerator_categorizes_excellentScore]' passed (0.000 seconds).
Test Case '-[Yoga_of_EatingTests.ScoreBreakdownSheetTests test_scoreReasoningGenerator_categorizes_goodScore]' started.
Test Case '-[Yoga_of_EatingTests.ScoreBreakdownSheetTests test_scoreReasoningGenerator_categorizes_goodScore]' passed (0.000 seconds).
Test Case '-[Yoga_of_EatingTests.ScoreBreakdownSheetTests test_scoreReasoningGenerator_categorizes_moderateScore]' started.
Test Case '-[Yoga_of_EatingTests.ScoreBreakdownSheetTests test_scoreReasoningGenerator_categorizes_moderateScore]' passed (0.000 seconds).
Test Case '-[Yoga_of_EatingTests.ScoreBreakdownSheetTests test_scoreReasoningGenerator_categorizes_poorScore]' started.
Test Case '-[Yoga_of_EatingTests.ScoreBreakdownSheetTests test_scoreReasoningGenerator_categorizes_poorScore]' passed (0.000 seconds).
Test Case '-[Yoga_of_EatingTests.ScoreBreakdownSheetTests test_scoreReasoningGenerator_generatesReasoning_forHighProteinMeal]' started.
Test Case '-[Yoga_of_EatingTests.ScoreBreakdownSheetTests test_scoreReasoningGenerator_generatesReasoning_forHighProteinMeal]' passed (0.000 seconds).
Test Case '-[Yoga_of_EatingTests.ScoreBreakdownSheetTests test_scoreReasoningGenerator_generatesReasoning_forUnhealthyMeal]' started.
Test Case '-[Yoga_of_EatingTests.ScoreBreakdownSheetTests test_scoreReasoningGenerator_generatesReasoning_forUnhealthyMeal]' passed (0.000 seconds).
Test Case '-[Yoga_of_EatingTests.ScoreBreakdownSheetTests test_scoreReasoningGenerator_includesMealItems_inReasoning]' started.
Test Case '-[Yoga_of_EatingTests.ScoreBreakdownSheetTests test_scoreReasoningGenerator_includesMealItems_inReasoning]' passed (0.000 seconds).
Test Case '-[Yoga_of_EatingTests.ScoreBreakdownSheetTests test_scoreReasoningGenerator_returnsEmptyString_forEmptyMeal]' started.
Test Case '-[Yoga_of_EatingTests.ScoreBreakdownSheetTests test_scoreReasoningGenerator_returnsEmptyString_forEmptyMeal]' passed (0.000 seconds).
Test Case '-[Yoga_of_EatingTests.ScoreBreakdownSheetTests test_scoreReasoningGenerator_returnsEmptyString_whenNotAnalyzed]' started.
Test Case '-[Yoga_of_EatingTests.ScoreBreakdownSheetTests test_scoreReasoningGenerator_returnsEmptyString_whenNotAnalyzed]' passed (0.000 seconds).
Test Suite 'ScoreBreakdownSheetTests' passed at 2026-05-15 06:39:58.775.
	 Executed 14 tests, with 0 failures (0 unexpected) in 0.005 (0.008) seconds
Test Suite 'ScoringThresholdsTests' started at 2026-05-15 06:39:58.776.
Test Case '-[Yoga_of_EatingTests.ScoringThresholdsTests test_allThresholds_areInStandaloneFile]' started.
Test Case '-[Yoga_of_EatingTests.ScoringThresholdsTests test_allThresholds_areInStandaloneFile]' passed (0.000 seconds).
Test Case '-[Yoga_of_EatingTests.ScoringThresholdsTests test_caloriePillApproachingFraction_isExactlySeventyPercent]' started.
Test Case '-[Yoga_of_EatingTests.ScoringThresholdsTests test_caloriePillApproachingFraction_isExactlySeventyPercent]' passed (0.000 seconds).
Test Case '-[Yoga_of_EatingTests.ScoringThresholdsTests test_caloriePillOverFraction_isExactlyNinetyFivePercent]' started.
Test Case '-[Yoga_of_EatingTests.ScoringThresholdsTests test_caloriePillOverFraction_isExactlyNinetyFivePercent]' passed (0.000 seconds).
Test Case '-[Yoga_of_EatingTests.ScoringThresholdsTests test_caloriePillThresholds_approachingIsLessThanOver]' started.
Test Case '-[Yoga_of_EatingTests.ScoringThresholdsTests test_caloriePillThresholds_approachingIsLessThanOver]' passed (0.000 seconds).
Test Case '-[Yoga_of_EatingTests.ScoringThresholdsTests test_caloriePillThresholds_areInValidRange]' started.
Test Case '-[Yoga_of_EatingTests.ScoringThresholdsTests test_caloriePillThresholds_areInValidRange]' passed (0.000 seconds).
Test Case '-[Yoga_of_EatingTests.ScoringThresholdsTests test_foodDebtBadDay_isBetweenUnhealthyAndHealthy]' started.
Test Case '-[Yoga_of_EatingTests.ScoringThresholdsTests test_foodDebtBadDay_isBetweenUnhealthyAndHealthy]' passed (0.000 seconds).
Test Case '-[Yoga_of_EatingTests.ScoringThresholdsTests test_healthyThreshold_isGreaterThanUnhealthyThreshold]' started.
Test Case '-[Yoga_of_EatingTests.ScoringThresholdsTests test_healthyThreshold_isGreaterThanUnhealthyThreshold]' passed (0.000 seconds).
Test Case '-[Yoga_of_EatingTests.ScoringThresholdsTests test_healthyThreshold_isWithinZeroToOne]' started.
Test Case '-[Yoga_of_EatingTests.ScoringThresholdsTests test_healthyThreshold_isWithinZeroToOne]' passed (0.000 seconds).
Test Case '-[Yoga_of_EatingTests.ScoringThresholdsTests test_high_isAboveHealthy]' started.
Test Case '-[Yoga_of_EatingTests.ScoringThresholdsTests test_high_isAboveHealthy]' passed (0.000 seconds).
Test Case '-[Yoga_of_EatingTests.ScoringThresholdsTests test_minimumConsistentDays_isPositive]' started.
Test Case '-[Yoga_of_EatingTests.ScoringThresholdsTests test_minimumConsistentDays_isPositive]' passed (0.000 seconds).
Test Case '-[Yoga_of_EatingTests.ScoringThresholdsTests test_neutral_isExactlyHalf]' started.
Test Case '-[Yoga_of_EatingTests.ScoringThresholdsTests test_neutral_isExactlyHalf]' passed (0.000 seconds).
Test Case '-[Yoga_of_EatingTests.ScoringThresholdsTests test_unhealthyThreshold_isWithinZeroToOne]' started.
Test Case '-[Yoga_of_EatingTests.ScoringThresholdsTests test_unhealthyThreshold_isWithinZeroToOne]' passed (0.000 seconds).
Test Suite 'ScoringThresholdsTests' passed at 2026-05-15 06:39:58.781.
	 Executed 12 tests, with 0 failures (0 unexpected) in 0.004 (0.005) seconds
Test Suite 'SensoryServiceTests' started at 2026-05-15 06:39:58.781.
Test Case '-[Yoga_of_EatingTests.SensoryServiceTests test_playNudge_capturesCorrectStyle_forHeavy]' started.
Test Case '-[Yoga_of_EatingTests.SensoryServiceTests test_playNudge_capturesCorrectStyle_forHeavy]' passed (0.000 seconds).
Test Case '-[Yoga_of_EatingTests.SensoryServiceTests test_playNudge_capturesCorrectStyle_forLight]' started.
Test Case '-[Yoga_of_EatingTests.SensoryServiceTests test_playNudge_capturesCorrectStyle_forLight]' passed (0.000 seconds).
Test Case '-[Yoga_of_EatingTests.SensoryServiceTests test_playNudge_capturesCorrectStyle_forMedium]' started.
Test Case '-[Yoga_of_EatingTests.SensoryServiceTests test_playNudge_capturesCorrectStyle_forMedium]' passed (0.000 seconds).
Test Case '-[Yoga_of_EatingTests.SensoryServiceTests test_playNudge_capturesCorrectStyle_forSoft]' started.
Test Case '-[Yoga_of_EatingTests.SensoryServiceTests test_playNudge_capturesCorrectStyle_forSoft]' passed (0.000 seconds).
Test Case '-[Yoga_of_EatingTests.SensoryServiceTests test_playSound_capturesCorrectName_forChime]' started.
Test Case '-[Yoga_of_EatingTests.SensoryServiceTests test_playSound_capturesCorrectName_forChime]' passed (0.000 seconds).
Test Case '-[Yoga_of_EatingTests.SensoryServiceTests test_playSound_capturesCorrectName_forThump]' started.
Test Case '-[Yoga_of_EatingTests.SensoryServiceTests test_playSound_capturesCorrectName_forThump]' passed (0.000 seconds).
Test Case '-[Yoga_of_EatingTests.SensoryServiceTests test_playSound_capturesCorrectName_forTink]' started.
Test Case '-[Yoga_of_EatingTests.SensoryServiceTests test_playSound_capturesCorrectName_forTink]' passed (0.000 seconds).
Test Case '-[Yoga_of_EatingTests.SensoryServiceTests test_playSound_forSmileyState_selectsCorrectSound_whenScaleAbove1]' started.
Test Case '-[Yoga_of_EatingTests.SensoryServiceTests test_playSound_forSmileyState_selectsCorrectSound_whenScaleAbove1]' passed (0.000 seconds).
Test Case '-[Yoga_of_EatingTests.SensoryServiceTests test_playSound_forSmileyState_selectsCorrectSound_whenScaleBelow1]' started.
Test Case '-[Yoga_of_EatingTests.SensoryServiceTests test_playSound_forSmileyState_selectsCorrectSound_whenScaleBelow1]' passed (0.000 seconds).
Test Case '-[Yoga_of_EatingTests.SensoryServiceTests test_playSound_usesDefaultSound_forUnknownName]' started.
Test Case '-[Yoga_of_EatingTests.SensoryServiceTests test_playSound_usesDefaultSound_forUnknownName]' passed (0.000 seconds).
Test Suite 'SensoryServiceTests' passed at 2026-05-15 06:39:58.786.
	 Executed 10 tests, with 0 failures (0 unexpected) in 0.003 (0.005) seconds
Test Suite 'SettingsHealthInsightsTests' started at 2026-05-15 06:39:58.786.
Test Case '-[Yoga_of_EatingTests.SettingsHealthInsightsTests test_healthData_neverLeavesDevice]' started.
Test Case '-[Yoga_of_EatingTests.SettingsHealthInsightsTests test_healthData_neverLeavesDevice]' passed (0.010 seconds).
Test Case '-[Yoga_of_EatingTests.SettingsHealthInsightsTests test_healthInsights_displayCorrectBMI]' started.
Test Case '-[Yoga_of_EatingTests.SettingsHealthInsightsTests test_healthInsights_displayCorrectBMI]' passed (0.002 seconds).
Test Case '-[Yoga_of_EatingTests.SettingsHealthInsightsTests test_healthInsights_displayCorrectRiskLevel_highRisk]' started.
Test Case '-[Yoga_of_EatingTests.SettingsHealthInsightsTests test_healthInsights_displayCorrectRiskLevel_highRisk]' passed (0.002 seconds).
Test Case '-[Yoga_of_EatingTests.SettingsHealthInsightsTests test_healthInsights_displayCorrectRiskLevel_lowRisk]' started.
Test Case '-[Yoga_of_EatingTests.SettingsHealthInsightsTests test_healthInsights_displayCorrectRiskLevel_lowRisk]' passed (0.002 seconds).
Test Case '-[Yoga_of_EatingTests.SettingsHealthInsightsTests test_healthInsights_displayCorrectRiskLevel_mediumRisk]' started.
Test Case '-[Yoga_of_EatingTests.SettingsHealthInsightsTests test_healthInsights_displayCorrectRiskLevel_mediumRisk]' passed (0.002 seconds).
Test Case '-[Yoga_of_EatingTests.SettingsHealthInsightsTests test_healthInsights_displayCorrectTDEE]' started.
Test Case '-[Yoga_of_EatingTests.SettingsHealthInsightsTests test_healthInsights_displayCorrectTDEE]' passed (0.002 seconds).
Test Case '-[Yoga_of_EatingTests.SettingsHealthInsightsTests test_healthInsights_formatsCorrectly]' started.
Test Case '-[Yoga_of_EatingTests.SettingsHealthInsightsTests test_healthInsights_formatsCorrectly]' passed (0.002 seconds).
Test Case '-[Yoga_of_EatingTests.SettingsHealthInsightsTests test_healthInsights_handlesInvalidAge]' started.
Test Case '-[Yoga_of_EatingTests.SettingsHealthInsightsTests test_healthInsights_handlesInvalidAge]' passed (0.001 seconds).
Test Case '-[Yoga_of_EatingTests.SettingsHealthInsightsTests test_healthInsights_handlesInvalidHeight]' started.
Test Case '-[Yoga_of_EatingTests.SettingsHealthInsightsTests test_healthInsights_handlesInvalidHeight]' passed (0.001 seconds).
Test Case '-[Yoga_of_EatingTests.SettingsHealthInsightsTests test_healthInsights_handlesInvalidWeight]' started.
Test Case '-[Yoga_of_EatingTests.SettingsHealthInsightsTests test_healthInsights_handlesInvalidWeight]' passed (0.001 seconds).
Test Case '-[Yoga_of_EatingTests.SettingsHealthInsightsTests test_healthInsightsSection_showsOnlyWhenEnabled]' started.
Test Case '-[Yoga_of_EatingTests.SettingsHealthInsightsTests test_healthInsightsSection_showsOnlyWhenEnabled]' passed (0.001 seconds).
Test Case '-[Yoga_of_EatingTests.SettingsHealthInsightsTests test_showHealthInsights_defaultsToFalse]' started.
Test Case '-[Yoga_of_EatingTests.SettingsHealthInsightsTests test_showHealthInsights_defaultsToFalse]' passed (0.001 seconds).
Test Case '-[Yoga_of_EatingTests.SettingsHealthInsightsTests test_showHealthInsightsToggle_persistsValue]' started.
Test Case '-[Yoga_of_EatingTests.SettingsHealthInsightsTests test_showHealthInsightsToggle_persistsValue]' passed (0.001 seconds).
Test Suite 'SettingsHealthInsightsTests' passed at 2026-05-15 06:39:58.815.
	 Executed 13 tests, with 0 failures (0 unexpected) in 0.027 (0.029) seconds
Test Suite 'SettingsViewModelTests' started at 2026-05-15 06:39:58.815.
Test Case '-[Yoga_of_EatingTests.SettingsViewModelTests test_settingsViewModel_signInWithGoogle_isCalledThroughViewModel_notDirectly]' started.
Test Case '-[Yoga_of_EatingTests.SettingsViewModelTests test_settingsViewModel_signInWithGoogle_isCalledThroughViewModel_notDirectly]' passed (0.002 seconds).
Test Case '-[Yoga_of_EatingTests.SettingsViewModelTests test_signInWithGoogle_failure_setsAuthError]' started.
2026-05-15 06:39:58.818649+0530 Yoga of Eating[16836:137001] [Settings] Google sign-in failed: Mock Error
Test Case '-[Yoga_of_EatingTests.SettingsViewModelTests test_signInWithGoogle_failure_setsAuthError]' passed (0.001 seconds).
Test Case '-[Yoga_of_EatingTests.SettingsViewModelTests test_signInWithGoogle_success_clearsAuthError]' started.
2026-05-15 06:39:58.820066+0530 Yoga of Eating[16836:137001] [Settings] Google sign-in succeeded
Test Case '-[Yoga_of_EatingTests.SettingsViewModelTests test_signInWithGoogle_success_clearsAuthError]' passed (0.001 seconds).
Test Case '-[Yoga_of_EatingTests.SettingsViewModelTests test_syncWithHealthKit_gender_largeOutOfRangeValue_isClamped]' started.
Test Case '-[Yoga_of_EatingTests.SettingsViewModelTests test_syncWithHealthKit_gender_largeOutOfRangeValue_isClamped]' passed (0.002 seconds).
Test Case '-[Yoga_of_EatingTests.SettingsViewModelTests test_syncWithHealthKit_gender_maxValidValue_isThree]' started.
Test Case '-[Yoga_of_EatingTests.SettingsViewModelTests test_syncWithHealthKit_gender_maxValidValue_isThree]' passed (0.001 seconds).
Test Case '-[Yoga_of_EatingTests.SettingsViewModelTests test_syncWithHealthKit_gender_negativeValue_isClamped]' started.
Test Case '-[Yoga_of_EatingTests.SettingsViewModelTests test_syncWithHealthKit_gender_negativeValue_isClamped]' passed (0.001 seconds).
Test Case '-[Yoga_of_EatingTests.SettingsViewModelTests test_syncWithHealthKit_gender_outOfRangeValue_4_isClamped]' started.
Test Case '-[Yoga_of_EatingTests.SettingsViewModelTests test_syncWithHealthKit_gender_outOfRangeValue_4_isClamped]' passed (0.002 seconds).
Test Case '-[Yoga_of_EatingTests.SettingsViewModelTests test_syncWithHealthKit_gender_validValue_0_isPreserved]' started.
Test Case '-[Yoga_of_EatingTests.SettingsViewModelTests test_syncWithHealthKit_gender_validValue_0_isPreserved]' passed (0.001 seconds).
Test Case '-[Yoga_of_EatingTests.SettingsViewModelTests test_syncWithHealthKit_gender_validValue_1_isPreserved]' started.
Test Case '-[Yoga_of_EatingTests.SettingsViewModelTests test_syncWithHealthKit_gender_validValue_1_isPreserved]' passed (0.001 seconds).
Test Case '-[Yoga_of_EatingTests.SettingsViewModelTests test_syncWithHealthKit_gender_validValue_2_isPreserved]' started.
Test Case '-[Yoga_of_EatingTests.SettingsViewModelTests test_syncWithHealthKit_gender_validValue_2_isPreserved]' passed (0.002 seconds).
Test Suite 'SettingsViewModelTests' passed at 2026-05-15 06:39:58.832.
	 Executed 10 tests, with 0 failures (0 unexpected) in 0.015 (0.017) seconds
Test Suite 'SettingsViewSyncTests' started at 2026-05-15 06:39:58.832.
Test Case '-[Yoga_of_EatingTests.SettingsViewSyncTests test_performSync_callsHistoricalService]' started.
2026-05-15 06:39:58.832909+0530 Yoga of Eating[16836:137001] [HistoricalSync] Full sync: 0 snapshots
2026-05-15 06:39:58.832976+0530 Yoga of Eating[16836:137001] [HistoricalSync] Sync completed at 2026-05-15 01:09:58 +0000
Test Case '-[Yoga_of_EatingTests.SettingsViewSyncTests test_performSync_callsHistoricalService]' passed (0.001 seconds).
Test Case '-[Yoga_of_EatingTests.SettingsViewSyncTests test_performSync_completesSuccessfully_whenNoErrors]' started.
2026-05-15 06:39:58.833728+0530 Yoga of Eating[16836:137001] [HistoricalSync] Full sync: 0 snapshots
2026-05-15 06:39:58.833770+0530 Yoga of Eating[16836:137001] [HistoricalSync] Sync completed at 2026-05-15 01:09:58 +0000
Test Case '-[Yoga_of_EatingTests.SettingsViewSyncTests test_performSync_completesSuccessfully_whenNoErrors]' passed (0.001 seconds).
Test Case '-[Yoga_of_EatingTests.SettingsViewSyncTests test_performSync_handlesAuthenticationError]' started.
2026-05-15 06:39:58.834408+0530 Yoga of Eating[16836:137001] [HistoricalSync] Sync attempted without authenticated user
Test Case '-[Yoga_of_EatingTests.SettingsViewSyncTests test_performSync_handlesAuthenticationError]' passed (0.000 seconds).
Test Case '-[Yoga_of_EatingTests.SettingsViewSyncTests test_performSync_throwsError_whenSyncFails]' started.
2026-05-15 06:39:58.835045+0530 Yoga of Eating[16836:137001] [HistoricalSync] Full sync: 1 snapshots
2026-05-15 06:39:58.835084+0530 Yoga of Eating[16836:137001] [HistoricalSync] Attempt 1/3 failed: Batch upload failed. Retrying.
2026-05-15 06:39:59.846441+0530 Yoga of Eating[16836:137001] [HistoricalSync] Attempt 2/3 failed: Batch upload failed. Retrying.
2026-05-15 06:40:00.851183+0530 Yoga of Eating[16836:137001] [HistoricalSync] Operation failed after 3 attempts
Test Case '-[Yoga_of_EatingTests.SettingsViewSyncTests test_performSync_throwsError_whenSyncFails]' passed (2.018 seconds).
Test Case '-[Yoga_of_EatingTests.SettingsViewSyncTests test_successState_revertsAfterDelay]' started.
2026-05-15 06:40:00.854896+0530 Yoga of Eating[16836:137001] [HistoricalSync] Full sync: 0 snapshots
2026-05-15 06:40:00.855164+0530 Yoga of Eating[16836:137001] [HistoricalSync] Sync completed at 2026-05-15 01:10:00 +0000
Test Case '-[Yoga_of_EatingTests.SettingsViewSyncTests test_successState_revertsAfterDelay]' passed (0.103 seconds).
Test Case '-[Yoga_of_EatingTests.SettingsViewSyncTests test_syncStatus_startsAsIdle]' started.
Test Case '-[Yoga_of_EatingTests.SettingsViewSyncTests test_syncStatus_startsAsIdle]' passed (0.001 seconds).
Test Suite 'SettingsViewSyncTests' passed at 2026-05-15 06:40:00.959.
	 Executed 6 tests, with 0 failures (0 unexpected) in 2.124 (2.127) seconds
Test Suite 'SimplifiedMealEntryTests' started at 2026-05-15 06:40:00.960.
Test Case '-[Yoga_of_EatingTests.SimplifiedMealEntryTests test_checkmarkIcon_hiddenWhenFocusedButEmpty]' started.
Test Case '-[Yoga_of_EatingTests.SimplifiedMealEntryTests test_checkmarkIcon_hiddenWhenFocusedButEmpty]' passed (0.001 seconds).
Test Case '-[Yoga_of_EatingTests.SimplifiedMealEntryTests test_checkmarkIcon_hiddenWhenNotFocused]' started.
Test Case '-[Yoga_of_EatingTests.SimplifiedMealEntryTests test_checkmarkIcon_hiddenWhenNotFocused]' passed (0.001 seconds).
Test Case '-[Yoga_of_EatingTests.SimplifiedMealEntryTests test_checkmarkIcon_visibleWhenFocusedWithContent]' started.
Test Case '-[Yoga_of_EatingTests.SimplifiedMealEntryTests test_checkmarkIcon_visibleWhenFocusedWithContent]' passed (0.001 seconds).
Test Case '-[Yoga_of_EatingTests.SimplifiedMealEntryTests test_emptyField_onlyTimestampShown]' started.
Test Case '-[Yoga_of_EatingTests.SimplifiedMealEntryTests test_emptyField_onlyTimestampShown]' passed (0.001 seconds).
Test Case '-[Yoga_of_EatingTests.SimplifiedMealEntryTests test_focusedEmptyField_onlyTimestampShown]' started.
Test Case '-[Yoga_of_EatingTests.SimplifiedMealEntryTests test_focusedEmptyField_onlyTimestampShown]' passed (0.001 seconds).
Test Case '-[Yoga_of_EatingTests.SimplifiedMealEntryTests test_footerButtonCount_maxTwo]' started.
Test Case '-[Yoga_of_EatingTests.SimplifiedMealEntryTests test_footerButtonCount_maxTwo]' passed (0.001 seconds).
Test Case '-[Yoga_of_EatingTests.SimplifiedMealEntryTests test_noDoneButtonLabel_reducesVisualClutter]' started.
Test Case '-[Yoga_of_EatingTests.SimplifiedMealEntryTests test_noDoneButtonLabel_reducesVisualClutter]' passed (0.001 seconds).
Test Suite 'SimplifiedMealEntryTests' passed at 2026-05-15 06:40:00.970.
	 Executed 7 tests, with 0 failures (0 unexpected) in 0.006 (0.010) seconds
Test Suite 'SleepDataModelTests' started at 2026-05-15 06:40:00.970.
Test Case '-[Yoga_of_EatingTests.SleepDataModelTests test_efficiency_calculatesCorrectly]' started.
Test Case '-[Yoga_of_EatingTests.SleepDataModelTests test_efficiency_calculatesCorrectly]' passed (0.001 seconds).
Test Case '-[Yoga_of_EatingTests.SleepDataModelTests test_efficiency_returnsZeroForZeroTimeInBed]' started.
Test Case '-[Yoga_of_EatingTests.SleepDataModelTests test_efficiency_returnsZeroForZeroTimeInBed]' passed (0.001 seconds).
Test Case '-[Yoga_of_EatingTests.SleepDataModelTests test_formattedDuration_formatsCorrectly]' started.
Test Case '-[Yoga_of_EatingTests.SleepDataModelTests test_formattedDuration_formatsCorrectly]' passed (0.001 seconds).
Test Case '-[Yoga_of_EatingTests.SleepDataModelTests test_sleepQuality_mapsScoreCorrectly]' started.
Test Case '-[Yoga_of_EatingTests.SleepDataModelTests test_sleepQuality_mapsScoreCorrectly]' passed (0.001 seconds).
Test Suite 'SleepDataModelTests' passed at 2026-05-15 06:40:00.975.
	 Executed 4 tests, with 0 failures (0 unexpected) in 0.003 (0.005) seconds
Test Suite 'SleepDataProcessorTests' started at 2026-05-15 06:40:00.975.
Test Case '-[Yoga_of_EatingTests.SleepDataProcessorTests test_calculateSessionDurations_countsOnlyAsleepTime]' started.
Test Case '-[Yoga_of_EatingTests.SleepDataProcessorTests test_calculateSessionDurations_countsOnlyAsleepTime]' passed (0.001 seconds).
Test Case '-[Yoga_of_EatingTests.SleepDataProcessorTests test_calculateSessionDurations_handlesREMAndDeepSleep]' started.
Test Case '-[Yoga_of_EatingTests.SleepDataProcessorTests test_calculateSessionDurations_handlesREMAndDeepSleep]' passed (0.001 seconds).
Test Case '-[Yoga_of_EatingTests.SleepDataProcessorTests test_calculateSleepScore_penalizesLowEfficiency]' started.
Test Case '-[Yoga_of_EatingTests.SleepDataProcessorTests test_calculateSleepScore_penalizesLowEfficiency]' passed (0.001 seconds).
Test Case '-[Yoga_of_EatingTests.SleepDataProcessorTests test_calculateSleepScore_penalizesShortSleep]' started.
Test Case '-[Yoga_of_EatingTests.SleepDataProcessorTests test_calculateSleepScore_penalizesShortSleep]' passed (0.001 seconds).
Test Case '-[Yoga_of_EatingTests.SleepDataProcessorTests test_calculateSleepScore_returns100ForIdealSleep]' started.
Test Case '-[Yoga_of_EatingTests.SleepDataProcessorTests test_calculateSleepScore_returns100ForIdealSleep]' passed (0.001 seconds).
Test Case '-[Yoga_of_EatingTests.SleepDataProcessorTests test_calculateSleepScore_returnsNilForZeroDuration]' started.
Test Case '-[Yoga_of_EatingTests.SleepDataProcessorTests test_calculateSleepScore_returnsNilForZeroDuration]' passed (0.001 seconds).
Test Case '-[Yoga_of_EatingTests.SleepDataProcessorTests test_identifySleepSessions_combinesSamplesWithSmallGaps]' started.
Test Case '-[Yoga_of_EatingTests.SleepDataProcessorTests test_identifySleepSessions_combinesSamplesWithSmallGaps]' passed (0.001 seconds).
Test Case '-[Yoga_of_EatingTests.SleepDataProcessorTests test_identifySleepSessions_returnsEmptyForNoSamples]' started.
Test Case '-[Yoga_of_EatingTests.SleepDataProcessorTests test_identifySleepSessions_returnsEmptyForNoSamples]' passed (0.001 seconds).
Test Case '-[Yoga_of_EatingTests.SleepDataProcessorTests test_identifySleepSessions_separatesSessionsByTwoHourGap]' started.
Test Case '-[Yoga_of_EatingTests.SleepDataProcessorTests test_identifySleepSessions_separatesSessionsByTwoHourGap]' passed (0.001 seconds).
Test Case '-[Yoga_of_EatingTests.SleepDataProcessorTests test_selectPreferredSource_prefersAppleWatch]' started.
Test Case '-[Yoga_of_EatingTests.SleepDataProcessorTests test_selectPreferredSource_prefersAppleWatch]' passed (0.001 seconds).
Test Case '-[Yoga_of_EatingTests.SleepDataProcessorTests test_selectPreferredSource_returnsNilForEmptySources]' started.
Test Case '-[Yoga_of_EatingTests.SleepDataProcessorTests test_selectPreferredSource_returnsNilForEmptySources]' passed (0.001 seconds).
Test Suite 'SleepDataProcessorTests' passed at 2026-05-15 06:40:00.986.
	 Executed 11 tests, with 0 failures (0 unexpected) in 0.007 (0.011) seconds
Test Suite 'SmartDefaultTabTests' started at 2026-05-15 06:40:00.986.
Test Case '-[Yoga_of_EatingTests.SmartDefaultTabTests test_afterNoon_noSleep_returnsEnergise]' started.
Test Case '-[Yoga_of_EatingTests.SmartDefaultTabTests test_afterNoon_noSleep_returnsEnergise]' passed (0.000 seconds).
Test Case '-[Yoga_of_EatingTests.SmartDefaultTabTests test_afterNoon_withSleep_returnsEnergise]' started.
Test Case '-[Yoga_of_EatingTests.SmartDefaultTabTests test_afterNoon_withSleep_returnsEnergise]' passed (0.000 seconds).
Test Case '-[Yoga_of_EatingTests.SmartDefaultTabTests test_atNoon_noSleep_returnsEnergise]' started.
Test Case '-[Yoga_of_EatingTests.SmartDefaultTabTests test_atNoon_noSleep_returnsEnergise]' passed (0.000 seconds).
Test Case '-[Yoga_of_EatingTests.SmartDefaultTabTests test_beforeNoon_noSleep_returnsHighlight]' started.
Test Case '-[Yoga_of_EatingTests.SmartDefaultTabTests test_beforeNoon_noSleep_returnsHighlight]' passed (0.001 seconds).
Test Case '-[Yoga_of_EatingTests.SmartDefaultTabTests test_beforeNoon_withSleep_returnsEnergise]' started.
Test Case '-[Yoga_of_EatingTests.SmartDefaultTabTests test_beforeNoon_withSleep_returnsEnergise]' passed (0.001 seconds).
Test Case '-[Yoga_of_EatingTests.SmartDefaultTabTests test_elevenAM_noSleep_returnsHighlight]' started.
Test Case '-[Yoga_of_EatingTests.SmartDefaultTabTests test_elevenAM_noSleep_returnsHighlight]' passed (0.000 seconds).
Test Case '-[Yoga_of_EatingTests.SmartDefaultTabTests test_midnight_noSleep_returnsHighlight]' started.
Test Case '-[Yoga_of_EatingTests.SmartDefaultTabTests test_midnight_noSleep_returnsHighlight]' passed (0.000 seconds).
Test Suite 'SmartDefaultTabTests' passed at 2026-05-15 06:40:00.992.
	 Executed 7 tests, with 0 failures (0 unexpected) in 0.003 (0.005) seconds
Test Suite 'SmileyViewTests' started at 2026-05-15 06:40:00.992.
Test Case '-[Yoga_of_EatingTests.SmileyViewTests test_emojiForMood_returnsCorrectEmoji]' started.
Test Case '-[Yoga_of_EatingTests.SmileyViewTests test_emojiForMood_returnsCorrectEmoji]' passed (0.000 seconds).
Test Case '-[Yoga_of_EatingTests.SmileyViewTests test_smileyPulse_activatesWhenTodayEmpty]' started.
Test Case '-[Yoga_of_EatingTests.SmileyViewTests test_smileyPulse_activatesWhenTodayEmpty]' passed (0.000 seconds).
Test Case '-[Yoga_of_EatingTests.SmileyViewTests test_smileyPulse_deactivatesAfterFirstMeal]' started.
Test Case '-[Yoga_of_EatingTests.SmileyViewTests test_smileyPulse_deactivatesAfterFirstMeal]' passed (0.000 seconds).
Test Case '-[Yoga_of_EatingTests.SmileyViewTests test_smileyPulse_neverActivatesOnHistoricalDays]' started.
Test Case '-[Yoga_of_EatingTests.SmileyViewTests test_smileyPulse_neverActivatesOnHistoricalDays]' passed (0.000 seconds).
Test Suite 'SmileyViewTests' passed at 2026-05-15 06:40:00.994.
	 Executed 4 tests, with 0 failures (0 unexpected) in 0.002 (0.003) seconds
Test Suite 'SnapshotPayloadBuilderTests' started at 2026-05-15 06:40:00.995.
Test Case '-[Yoga_of_EatingTests.SnapshotPayloadBuilderTests test_buildPayload_includesAppleSleepData_whenPresent]' started.
Test Case '-[Yoga_of_EatingTests.SnapshotPayloadBuilderTests test_buildPayload_includesAppleSleepData_whenPresent]' passed (0.002 seconds).
Test Case '-[Yoga_of_EatingTests.SnapshotPayloadBuilderTests test_buildPayload_includesDayName_healthScore_isToday]' started.
Test Case '-[Yoga_of_EatingTests.SnapshotPayloadBuilderTests test_buildPayload_includesDayName_healthScore_isToday]' passed (0.001 seconds).
Test Case '-[Yoga_of_EatingTests.SnapshotPayloadBuilderTests test_buildPayload_includesMeals_whenPresent]' started.
Test Case '-[Yoga_of_EatingTests.SnapshotPayloadBuilderTests test_buildPayload_includesMeals_whenPresent]' passed (0.002 seconds).
Test Case '-[Yoga_of_EatingTests.SnapshotPayloadBuilderTests test_buildPayload_includesMorningMindCheck_whenPresent]' started.
Test Case '-[Yoga_of_EatingTests.SnapshotPayloadBuilderTests test_buildPayload_includesMorningMindCheck_whenPresent]' passed (0.001 seconds).
Test Case '-[Yoga_of_EatingTests.SnapshotPayloadBuilderTests test_buildPayload_includesSleepQuality_whenReflectionPresent]' started.
Test Case '-[Yoga_of_EatingTests.SnapshotPayloadBuilderTests test_buildPayload_includesSleepQuality_whenReflectionPresent]' passed (0.001 seconds).
Test Case '-[Yoga_of_EatingTests.SnapshotPayloadBuilderTests test_buildPayload_mealItems_areIncluded_forServerAnalysis]' started.
Test Case '-[Yoga_of_EatingTests.SnapshotPayloadBuilderTests test_buildPayload_mealItems_areIncluded_forServerAnalysis]' passed (0.002 seconds).
Test Case '-[Yoga_of_EatingTests.SnapshotPayloadBuilderTests test_buildPayload_multipleSnapshots_isToday_onlyForMatchingDate]' started.
Test Case '-[Yoga_of_EatingTests.SnapshotPayloadBuilderTests test_buildPayload_multipleSnapshots_isToday_onlyForMatchingDate]' passed (0.001 seconds).
Test Case '-[Yoga_of_EatingTests.SnapshotPayloadBuilderTests test_buildPayload_omitsMeals_whenEmpty]' started.
Test Case '-[Yoga_of_EatingTests.SnapshotPayloadBuilderTests test_buildPayload_omitsMeals_whenEmpty]' passed (0.000 seconds).
Test Case '-[Yoga_of_EatingTests.SnapshotPayloadBuilderTests test_mindCheckEntryPayload_includesTextAndCategory]' started.
Test Case '-[Yoga_of_EatingTests.SnapshotPayloadBuilderTests test_mindCheckEntryPayload_includesTextAndCategory]' passed (0.000 seconds).
Test Case '-[Yoga_of_EatingTests.SnapshotPayloadBuilderTests test_mindCheckEntryPayload_nonTodo_omitsIsAccomplished]' started.
Test Case '-[Yoga_of_EatingTests.SnapshotPayloadBuilderTests test_mindCheckEntryPayload_nonTodo_omitsIsAccomplished]' passed (0.000 seconds).
Test Case '-[Yoga_of_EatingTests.SnapshotPayloadBuilderTests test_mindCheckEntryPayload_todo_includesIsAccomplished]' started.
Test Case '-[Yoga_of_EatingTests.SnapshotPayloadBuilderTests test_mindCheckEntryPayload_todo_includesIsAccomplished]' passed (0.000 seconds).
Test Suite 'SnapshotPayloadBuilderTests' passed at 2026-05-15 06:40:01.006.
	 Executed 11 tests, with 0 failures (0 unexpected) in 0.009 (0.012) seconds
Test Suite 'SnapshotTotalCaloriesTests' started at 2026-05-15 06:40:01.007.
Test Case '-[Yoga_of_EatingTests.SnapshotTotalCaloriesTests test_dailySmileySnapshot_codable_totalCalories_decodesFromLegacyJSON_returnsNil]' started.
Test Case '-[Yoga_of_EatingTests.SnapshotTotalCaloriesTests test_dailySmileySnapshot_codable_totalCalories_decodesFromLegacyJSON_returnsNil]' passed (0.000 seconds).
Test Case '-[Yoga_of_EatingTests.SnapshotTotalCaloriesTests test_dailySmileySnapshot_codable_totalCalories_roundTrips]' started.
Test Case '-[Yoga_of_EatingTests.SnapshotTotalCaloriesTests test_dailySmileySnapshot_codable_totalCalories_roundTrips]' passed (0.000 seconds).
Test Case '-[Yoga_of_EatingTests.SnapshotTotalCaloriesTests test_dailySmileySnapshot_totalCalories_canBeSetViaInit]' started.
Test Case '-[Yoga_of_EatingTests.SnapshotTotalCaloriesTests test_dailySmileySnapshot_totalCalories_canBeSetViaInit]' passed (0.000 seconds).
Test Case '-[Yoga_of_EatingTests.SnapshotTotalCaloriesTests test_dailySmileySnapshot_totalCalories_defaultsToNil]' started.
Test Case '-[Yoga_of_EatingTests.SnapshotTotalCaloriesTests test_dailySmileySnapshot_totalCalories_defaultsToNil]' passed (0.000 seconds).
Test Case '-[Yoga_of_EatingTests.SnapshotTotalCaloriesTests test_dailySmileySnapshot_withTotalCalories_builder_preservesOtherFields]' started.
Test Case '-[Yoga_of_EatingTests.SnapshotTotalCaloriesTests test_dailySmileySnapshot_withTotalCalories_builder_preservesOtherFields]' passed (0.000 seconds).
Test Case '-[Yoga_of_EatingTests.SnapshotTotalCaloriesTests test_dailySmileySnapshot_withTotalCalories_builder_setsValue]' started.
Test Case '-[Yoga_of_EatingTests.SnapshotTotalCaloriesTests test_dailySmileySnapshot_withTotalCalories_builder_setsValue]' passed (0.000 seconds).
Test Suite 'SnapshotTotalCaloriesTests' passed at 2026-05-15 06:40:01.010.
	 Executed 6 tests, with 0 failures (0 unexpected) in 0.002 (0.004) seconds
Test Suite 'SynthesisSchedulerTests' started at 2026-05-15 06:40:01.010.
Test Case '-[Yoga_of_EatingTests.SynthesisSchedulerTests test_schedule_allNonSleepTriggers_respectDebounce]' started.
Test Case '-[Yoga_of_EatingTests.SynthesisSchedulerTests test_schedule_allNonSleepTriggers_respectDebounce]' passed (0.055 seconds).
Test Case '-[Yoga_of_EatingTests.SynthesisSchedulerTests test_schedule_differentTriggersInWindow_lastTriggerWins]' started.
Test Case '-[Yoga_of_EatingTests.SynthesisSchedulerTests test_schedule_differentTriggersInWindow_lastTriggerWins]' passed (0.012 seconds).
Test Case '-[Yoga_of_EatingTests.SynthesisSchedulerTests test_schedule_newTrigger_cancelsPreviousPendingTask]' started.
Test Case '-[Yoga_of_EatingTests.SynthesisSchedulerTests test_schedule_newTrigger_cancelsPreviousPendingTask]' passed (0.012 seconds).
Test Case '-[Yoga_of_EatingTests.SynthesisSchedulerTests test_schedule_rapidTriggersInDebounceWindow_produceSingleCall]' started.
Test Case '-[Yoga_of_EatingTests.SynthesisSchedulerTests test_schedule_rapidTriggersInDebounceWindow_produceSingleCall]' passed (0.012 seconds).
Test Case '-[Yoga_of_EatingTests.SynthesisSchedulerTests test_schedule_sleepLogged_alwaysFiresRegardlessOfPendingTask]' started.
Test Case '-[Yoga_of_EatingTests.SynthesisSchedulerTests test_schedule_sleepLogged_alwaysFiresRegardlessOfPendingTask]' passed (0.013 seconds).
Test Case '-[Yoga_of_EatingTests.SynthesisSchedulerTests test_schedule_sleepLogged_bypassesDebounce]' started.
Test Case '-[Yoga_of_EatingTests.SynthesisSchedulerTests test_schedule_sleepLogged_bypassesDebounce]' passed (0.013 seconds).
Test Case '-[Yoga_of_EatingTests.SynthesisSchedulerTests test_schedule_triggerAfterDebounceWindow_producesTwoSeparateCalls]' started.
Test Case '-[Yoga_of_EatingTests.SynthesisSchedulerTests test_schedule_triggerAfterDebounceWindow_producesTwoSeparateCalls]' passed (0.024 seconds).
Test Suite 'SynthesisSchedulerTests' passed at 2026-05-15 06:40:01.155.
	 Executed 7 tests, with 0 failures (0 unexpected) in 0.142 (0.145) seconds
Test Suite 'TabViewDataIsolationTests' started at 2026-05-15 06:40:01.156.
Test Case '-[Yoga_of_EatingTests.TabViewDataIsolationTests test_highlightViewContract_dateMatchesToday_whenViewingToday]' started.
2026-05-15 06:40:01.156917+0530 Yoga of Eating[16836:137206] [[FirebaseCore]] 12.7.0 - [FirebaseCore][I-COR000003] The default Firebase app has not yet been configured. Add `FirebaseApp.configure()` to your application initialization. This can be done in in the App Delegate's application(_:didFinishLaunchingWithOptions:)` (or the `@main` struct's initializer in SwiftUI). Read more: https://firebase.google.com/docs/ios/setup#initialize_firebase_in_your_app
2026-05-15 06:40:01.157097+0530 Yoga of Eating[16836:137206] [[FirebaseCore]] 12.7.0 - [FirebaseCore][I-COR000003] The default Firebase app has not yet been configured. Add `FirebaseApp.configure()` to your application initialization. This can be done in in the App Delegate's application(_:didFinishLaunchingWithOptions:)` (or the `@main` struct's initializer in SwiftUI). Read more: https://firebase.google.com/docs/ios/setup#initialize_firebase_in_your_app
Test Case '-[Yoga_of_EatingTests.TabViewDataIsolationTests test_highlightViewContract_dateMatchesToday_whenViewingToday]' passed (0.001 seconds).
Test Case '-[Yoga_of_EatingTests.TabViewDataIsolationTests test_highlightViewContract_dateMatchesYesterday_afterNavigation]' started.
2026-05-15 06:40:01.159051+0530 Yoga of Eating[16836:137035] [[FirebaseCore]] 12.7.0 - [FirebaseCore][I-COR000003] The default Firebase app has not yet been configured. Add `FirebaseApp.configure()` to your application initialization. This can be done in in the App Delegate's application(_:didFinishLaunchingWithOptions:)` (or the `@main` struct's initializer in SwiftUI). Read more: https://firebase.google.com/docs/ios/setup#initialize_firebase_in_your_app
2026-05-15 06:40:01.159163+0530 Yoga of Eating[16836:137035] [[FirebaseCore]] 12.7.0 - [FirebaseCore][I-COR000003] The default Firebase app has not yet been configured. Add `FirebaseApp.configure()` to your application initialization. This can be done in in the App Delegate's application(_:didFinishLaunchingWithOptions:)` (or the `@main` struct's initializer in SwiftUI). Read more: https://firebase.google.com/docs/ios/setup#initialize_firebase_in_your_app
Test Case '-[Yoga_of_EatingTests.TabViewDataIsolationTests test_highlightViewContract_dateMatchesYesterday_afterNavigation]' passed (0.001 seconds).
Test Case '-[Yoga_of_EatingTests.TabViewDataIsolationTests test_highlightViewContract_sameContentDifferentDate_isNotEqual]' started.
2026-05-15 06:40:01.161003+0530 Yoga of Eating[16836:137035] [[FirebaseCore]] 12.7.0 - [FirebaseCore][I-COR000003] The default Firebase app has not yet been configured. Add `FirebaseApp.configure()` to your application initialization. This can be done in in the App Delegate's application(_:didFinishLaunchingWithOptions:)` (or the `@main` struct's initializer in SwiftUI). Read more: https://firebase.google.com/docs/ios/setup#initialize_firebase_in_your_app
2026-05-15 06:40:01.161105+0530 Yoga of Eating[16836:137035] [[FirebaseCore]] 12.7.0 - [FirebaseCore][I-COR000003] The default Firebase app has not yet been configured. Add `FirebaseApp.configure()` to your application initialization. This can be done in in the App Delegate's application(_:didFinishLaunchingWithOptions:)` (or the `@main` struct's initializer in SwiftUI). Read more: https://firebase.google.com/docs/ios/setup#initialize_firebase_in_your_app
Test Case '-[Yoga_of_EatingTests.TabViewDataIsolationTests test_highlightViewContract_sameContentDifferentDate_isNotEqual]' passed (0.001 seconds).
Test Case '-[Yoga_of_EatingTests.TabViewDataIsolationTests test_highlightViewContract_sameContentSameDate_isEqual]' started.
2026-05-15 06:40:01.162595+0530 Yoga of Eating[16836:137031] [[FirebaseCore]] 12.7.0 - [FirebaseCore][I-COR000003] The default Firebase app has not yet been configured. Add `FirebaseApp.configure()` to your application initialization. This can be done in in the App Delegate's application(_:didFinishLaunchingWithOptions:)` (or the `@main` struct's initializer in SwiftUI). Read more: https://firebase.google.com/docs/ios/setup#initialize_firebase_in_your_app
2026-05-15 06:40:01.162682+0530 Yoga of Eating[16836:137031] [[FirebaseCore]] 12.7.0 - [FirebaseCore][I-COR000003] The default Firebase app has not yet been configured. Add `FirebaseApp.configure()` to your application initialization. This can be done in in the App Delegate's application(_:didFinishLaunchingWithOptions:)` (or the `@main` struct's initializer in SwiftUI). Read more: https://firebase.google.com/docs/ios/setup#initialize_firebase_in_your_app
Test Case '-[Yoga_of_EatingTests.TabViewDataIsolationTests test_highlightViewContract_sameContentSameDate_isEqual]' passed (0.001 seconds).
Test Case '-[Yoga_of_EatingTests.TabViewDataIsolationTests test_highlightViewData_cannotAccessMeals]' started.
2026-05-15 06:40:01.163974+0530 Yoga of Eating[16836:137035] [[FirebaseCore]] 12.7.0 - [FirebaseCore][I-COR000003] The default Firebase app has not yet been configured. Add `FirebaseApp.configure()` to your application initialization. This can be done in in the App Delegate's application(_:didFinishLaunchingWithOptions:)` (or the `@main` struct's initializer in SwiftUI). Read more: https://firebase.google.com/docs/ios/setup#initialize_firebase_in_your_app
2026-05-15 06:40:01.164049+0530 Yoga of Eating[16836:137035] [[FirebaseCore]] 12.7.0 - [FirebaseCore][I-COR000003] The default Firebase app has not yet been configured. Add `FirebaseApp.configure()` to your application initialization. This can be done in in the App Delegate's application(_:didFinishLaunchingWithOptions:)` (or the `@main` struct's initializer in SwiftUI). Read more: https://firebase.google.com/docs/ios/setup#initialize_firebase_in_your_app
Test Case '-[Yoga_of_EatingTests.TabViewDataIsolationTests test_highlightViewData_cannotAccessMeals]' passed (0.001 seconds).
Test Case '-[Yoga_of_EatingTests.TabViewDataIsolationTests test_highlightViewData_cannotAccessSmileyState]' started.
2026-05-15 06:40:01.165379+0530 Yoga of Eating[16836:137035] [[FirebaseCore]] 12.7.0 - [FirebaseCore][I-COR000003] The default Firebase app has not yet been configured. Add `FirebaseApp.configure()` to your application initialization. This can be done in in the App Delegate's application(_:didFinishLaunchingWithOptions:)` (or the `@main` struct's initializer in SwiftUI). Read more: https://firebase.google.com/docs/ios/setup#initialize_firebase_in_your_app
2026-05-15 06:40:01.165466+0530 Yoga of Eating[16836:137035] [[FirebaseCore]] 12.7.0 - [FirebaseCore][I-COR000003] The default Firebase app has not yet been configured. Add `FirebaseApp.configure()` to your application initialization. This can be done in in the App Delegate's application(_:didFinishLaunchingWithOptions:)` (or the `@main` struct's initializer in SwiftUI). Read more: https://firebase.google.com/docs/ios/setup#initialize_firebase_in_your_app
Test Case '-[Yoga_of_EatingTests.TabViewDataIsolationTests test_highlightViewData_cannotAccessSmileyState]' passed (0.001 seconds).
Test Case '-[Yoga_of_EatingTests.TabViewDataIsolationTests test_highlightViewData_defaultsToEmpty]' started.
2026-05-15 06:40:01.166659+0530 Yoga of Eating[16836:137205] [[FirebaseCore]] 12.7.0 - [FirebaseCore][I-COR000003] The default Firebase app has not yet been configured. Add `FirebaseApp.configure()` to your application initialization. This can be done in in the App Delegate's application(_:didFinishLaunchingWithOptions:)` (or the `@main` struct's initializer in SwiftUI). Read more: https://firebase.google.com/docs/ios/setup#initialize_firebase_in_your_app
2026-05-15 06:40:01.166737+0530 Yoga of Eating[16836:137205] [[FirebaseCore]] 12.7.0 - [FirebaseCore][I-COR000003] The default Firebase app has not yet been configured. Add `FirebaseApp.configure()` to your application initialization. This can be done in in the App Delegate's application(_:didFinishLaunchingWithOptions:)` (or the `@main` struct's initializer in SwiftUI). Read more: https://firebase.google.com/docs/ios/setup#initialize_firebase_in_your_app
Test Case '-[Yoga_of_EatingTests.TabViewDataIsolationTests test_highlightViewData_defaultsToEmpty]' passed (0.001 seconds).
Test Case '-[Yoga_of_EatingTests.TabViewDataIsolationTests test_highlightViewData_reflectsSavedHighlightData]' started.
2026-05-15 06:40:01.167918+0530 Yoga of Eating[16836:137031] [[FirebaseCore]] 12.7.0 - [FirebaseCore][I-COR000003] The default Firebase app has not yet been configured. Add `FirebaseApp.configure()` to your application initialization. This can be done in in the App Delegate's application(_:didFinishLaunchingWithOptions:)` (or the `@main` struct's initializer in SwiftUI). Read more: https://firebase.google.com/docs/ios/setup#initialize_firebase_in_your_app
2026-05-15 06:40:01.167995+0530 Yoga of Eating[16836:137031] [[FirebaseCore]] 12.7.0 - [FirebaseCore][I-COR000003] The default Firebase app has not yet been configured. Add `FirebaseApp.configure()` to your application initialization. This can be done in in the App Delegate's application(_:didFinishLaunchingWithOptions:)` (or the `@main` struct's initializer in SwiftUI). Read more: https://firebase.google.com/docs/ios/setup#initialize_firebase_in_your_app
Test Case '-[Yoga_of_EatingTests.TabViewDataIsolationTests test_highlightViewData_reflectsSavedHighlightData]' passed (0.001 seconds).
Test Case '-[Yoga_of_EatingTests.TabViewDataIsolationTests test_highlightViewData_showsHistoricalData]' started.
2026-05-15 06:40:01.169259+0530 Yoga of Eating[16836:137031] [[FirebaseCore]] 12.7.0 - [FirebaseCore][I-COR000003] The default Firebase app has not yet been configured. Add `FirebaseApp.configure()` to your application initialization. This can be done in in the App Delegate's application(_:didFinishLaunchingWithOptions:)` (or the `@main` struct's initializer in SwiftUI). Read more: https://firebase.google.com/docs/ios/setup#initialize_firebase_in_your_app
2026-05-15 06:40:01.169373+0530 Yoga of Eating[16836:137031] [[FirebaseCore]] 12.7.0 - [FirebaseCore][I-COR000003] The default Firebase app has not yet been configured. Add `FirebaseApp.configure()` to your application initialization. This can be done in in the App Delegate's application(_:didFinishLaunchingWithOptions:)` (or the `@main` struct's initializer in SwiftUI). Read more: https://firebase.google.com/docs/ios/setup#initialize_firebase_in_your_app
Test Case '-[Yoga_of_EatingTests.TabViewDataIsolationTests test_highlightViewData_showsHistoricalData]' passed (0.001 seconds).
Test Case '-[Yoga_of_EatingTests.TabViewDataIsolationTests test_reflectViewContract_dateMatchesToday_whenViewingToday]' started.
2026-05-15 06:40:01.170497+0530 Yoga of Eating[16836:137206] [[FirebaseCore]] 12.7.0 - [FirebaseCore][I-COR000003] The default Firebase app has not yet been configured. Add `FirebaseApp.configure()` to your application initialization. This can be done in in the App Delegate's application(_:didFinishLaunchingWithOptions:)` (or the `@main` struct's initializer in SwiftUI). Read more: https://firebase.google.com/docs/ios/setup#initialize_firebase_in_your_app
2026-05-15 06:40:01.170568+0530 Yoga of Eating[16836:137206] [[FirebaseCore]] 12.7.0 - [FirebaseCore][I-COR000003] The default Firebase app has not yet been configured. Add `FirebaseApp.configure()` to your application initialization. This can be done in in the App Delegate's application(_:didFinishLaunchingWithOptions:)` (or the `@main` struct's initializer in SwiftUI). Read more: https://firebase.google.com/docs/ios/setup#initialize_firebase_in_your_app
Test Case '-[Yoga_of_EatingTests.TabViewDataIsolationTests test_reflectViewContract_dateMatchesToday_whenViewingToday]' passed (0.001 seconds).
Test Case '-[Yoga_of_EatingTests.TabViewDataIsolationTests test_reflectViewContract_dateMatchesYesterday_afterNavigation]' started.
2026-05-15 06:40:01.171489+0530 Yoga of Eating[16836:137035] [[FirebaseCore]] 12.7.0 - [FirebaseCore][I-COR000003] The default Firebase app has not yet been configured. Add `FirebaseApp.configure()` to your application initialization. This can be done in in the App Delegate's application(_:didFinishLaunchingWithOptions:)` (or the `@main` struct's initializer in SwiftUI). Read more: https://firebase.google.com/docs/ios/setup#initialize_firebase_in_your_app
2026-05-15 06:40:01.171554+0530 Yoga of Eating[16836:137035] [[FirebaseCore]] 12.7.0 - [FirebaseCore][I-COR000003] The default Firebase app has not yet been configured. Add `FirebaseApp.configure()` to your application initialization. This can be done in in the App Delegate's application(_:didFinishLaunchingWithOptions:)` (or the `@main` struct's initializer in SwiftUI). Read more: https://firebase.google.com/docs/ios/setup#initialize_firebase_in_your_app
Test Case '-[Yoga_of_EatingTests.TabViewDataIsolationTests test_reflectViewContract_dateMatchesYesterday_afterNavigation]' passed (0.001 seconds).
Test Case '-[Yoga_of_EatingTests.TabViewDataIsolationTests test_reflectViewContract_sameContentDifferentDate_isNotEqual]' started.
2026-05-15 06:40:01.172346+0530 Yoga of Eating[16836:137205] [[FirebaseCore]] 12.7.0 - [FirebaseCore][I-COR000003] The default Firebase app has not yet been configured. Add `FirebaseApp.configure()` to your application initialization. This can be done in in the App Delegate's application(_:didFinishLaunchingWithOptions:)` (or the `@main` struct's initializer in SwiftUI). Read more: https://firebase.google.com/docs/ios/setup#initialize_firebase_in_your_app
Test Case '-[Yoga_of_EatingTests.TabViewDataIsolationTests test_reflectViewContract_sameContentDifferentDate_isNotEqual]' passed (0.001 seconds).
2026-05-15 06:40:01.172429+0530 Yoga of Eating[16836:137205] [[FirebaseCore]] 12.7.0 - [FirebaseCore][I-COR000003] The default Firebase app has not yet been configured. Add `FirebaseApp.configure()` to your application initialization. This can be done in in the App Delegate's application(_:didFinishLaunchingWithOptions:)` (or the `@main` struct's initializer in SwiftUI). Read more: https://firebase.google.com/docs/ios/setup#initialize_firebase_in_your_app
Test Case '-[Yoga_of_EatingTests.TabViewDataIsolationTests test_reflectViewContract_sameContentSameDate_isEqual]' started.
2026-05-15 06:40:01.173073+0530 Yoga of Eating[16836:137035] [[FirebaseCore]] 12.7.0 - [FirebaseCore][I-COR000003] The default Firebase app has not yet been configured. Add `FirebaseApp.configure()` to your application initialization. This can be done in in the App Delegate's application(_:didFinishLaunchingWithOptions:)` (or the `@main` struct's initializer in SwiftUI). Read more: https://firebase.google.com/docs/ios/setup#initialize_firebase_in_your_app
Test Case '-[Yoga_of_EatingTests.TabViewDataIsolationTests test_reflectViewContract_sameContentSameDate_isEqual]' passed (0.001 seconds).
2026-05-15 06:40:01.173157+0530 Yoga of Eating[16836:137035] [[FirebaseCore]] 12.7.0 - [FirebaseCore][I-COR000003] The default Firebase app has not yet been configured. Add `FirebaseApp.configure()` to your application initialization. This can be done in in the App Delegate's application(_:didFinishLaunchingWithOptions:)` (or the `@main` struct's initializer in SwiftUI). Read more: https://firebase.google.com/docs/ios/setup#initialize_firebase_in_your_app
Test Case '-[Yoga_of_EatingTests.TabViewDataIsolationTests test_reflectViewData_cannotAccessMeals]' started.
2026-05-15 06:40:01.173876+0530 Yoga of Eating[16836:137205] [[FirebaseCore]] 12.7.0 - [FirebaseCore][I-COR000003] The default Firebase app has not yet been configured. Add `FirebaseApp.configure()` to your application initialization. This can be done in in the App Delegate's application(_:didFinishLaunchingWithOptions:)` (or the `@main` struct's initializer in SwiftUI). Read more: https://firebase.google.com/docs/ios/setup#initialize_firebase_in_your_app
Test Case '-[Yoga_of_EatingTests.TabViewDataIsolationTests test_reflectViewData_cannotAccessMeals]' passed (0.001 seconds).
2026-05-15 06:40:01.173978+0530 Yoga of Eating[16836:137205] [[FirebaseCore]] 12.7.0 - [FirebaseCore][I-COR000003] The default Firebase app has not yet been configured. Add `FirebaseApp.configure()` to your application initialization. This can be done in in the App Delegate's application(_:didFinishLaunchingWithOptions:)` (or the `@main` struct's initializer in SwiftUI). Read more: https://firebase.google.com/docs/ios/setup#initialize_firebase_in_your_app
Test Case '-[Yoga_of_EatingTests.TabViewDataIsolationTests test_reflectViewData_cannotAccessSmileyState]' started.
2026-05-15 06:40:01.174574+0530 Yoga of Eating[16836:137206] [[FirebaseCore]] 12.7.0 - [FirebaseCore][I-COR000003] The default Firebase app has not yet been configured. Add `FirebaseApp.configure()` to your application initialization. This can be done in in the App Delegate's application(_:didFinishLaunchingWithOptions:)` (or the `@main` struct's initializer in SwiftUI). Read more: https://firebase.google.com/docs/ios/setup#initialize_firebase_in_your_app
2026-05-15 06:40:01.174637+0530 Yoga of Eating[16836:137206] [[FirebaseCore]] 12.7.0 - [FirebaseCore][I-COR000003] The default Firebase app has not yet been configured. Add `FirebaseApp.configure()` to your application initialization. This can be done in in the App Delegate's application(_:didFinishLaunchingWithOptions:)` (or the `@main` struct's initializer in SwiftUI). Read more: https://firebase.google.com/docs/ios/setup#initialize_firebase_in_your_app
Test Case '-[Yoga_of_EatingTests.TabViewDataIsolationTests test_reflectViewData_cannotAccessSmileyState]' passed (0.000 seconds).
Test Case '-[Yoga_of_EatingTests.TabViewDataIsolationTests test_reflectViewData_defaultsToEmpty]' started.
2026-05-15 06:40:01.175308+0530 Yoga of Eating[16836:137206] [[FirebaseCore]] 12.7.0 - [FirebaseCore][I-COR000003] The default Firebase app has not yet been configured. Add `FirebaseApp.configure()` to your application initialization. This can be done in in the App Delegate's application(_:didFinishLaunchingWithOptions:)` (or the `@main` struct's initializer in SwiftUI). Read more: https://firebase.google.com/docs/ios/setup#initialize_firebase_in_your_app
Test Case '-[Yoga_of_EatingTests.TabViewDataIsolationTests test_reflectViewData_defaultsToEmpty]' passed (0.000 seconds).
2026-05-15 06:40:01.175394+0530 Yoga of Eating[16836:137206] [[FirebaseCore]] 12.7.0 - [FirebaseCore][I-COR000003] The default Firebase app has not yet been configured. Add `FirebaseApp.configure()` to your application initialization. This can be done in in the App Delegate's application(_:didFinishLaunchingWithOptions:)` (or the `@main` struct's initializer in SwiftUI). Read more: https://firebase.google.com/docs/ios/setup#initialize_firebase_in_your_app
Test Case '-[Yoga_of_EatingTests.TabViewDataIsolationTests test_reflectViewData_includesMorningTodosFromHighlight]' started.
2026-05-15 06:40:01.176022+0530 Yoga of Eating[16836:137206] [[FirebaseCore]] 12.7.0 - [FirebaseCore][I-COR000003] The default Firebase app has not yet been configured. Add `FirebaseApp.configure()` to your application initialization. This can be done in in the App Delegate's application(_:didFinishLaunchingWithOptions:)` (or the `@main` struct's initializer in SwiftUI). Read more: https://firebase.google.com/docs/ios/setup#initialize_firebase_in_your_app
2026-05-15 06:40:01.176085+0530 Yoga of Eating[16836:137206] [[FirebaseCore]] 12.7.0 - [FirebaseCore][I-COR000003] The default Firebase app has not yet been configured. Add `FirebaseApp.configure()` to your application initialization. This can be done in in the App Delegate's application(_:didFinishLaunchingWithOptions:)` (or the `@main` struct's initializer in SwiftUI). Read more: https://firebase.google.com/docs/ios/setup#initialize_firebase_in_your_app
Test Case '-[Yoga_of_EatingTests.TabViewDataIsolationTests test_reflectViewData_includesMorningTodosFromHighlight]' passed (0.001 seconds).
Test Case '-[Yoga_of_EatingTests.TabViewDataIsolationTests test_reflectViewData_reflectsSavedReflectData]' started.
2026-05-15 06:40:01.176862+0530 Yoga of Eating[16836:137206] [[FirebaseCore]] 12.7.0 - [FirebaseCore][I-COR000003] The default Firebase app has not yet been configured. Add `FirebaseApp.configure()` to your application initialization. This can be done in in the App Delegate's application(_:didFinishLaunchingWithOptions:)` (or the `@main` struct's initializer in SwiftUI). Read more: https://firebase.google.com/docs/ios/setup#initialize_firebase_in_your_app
2026-05-15 06:40:01.176922+0530 Yoga of Eating[16836:137206] [[FirebaseCore]] 12.7.0 - [FirebaseCore][I-COR000003] The default Firebase app has not yet been configured. Add `FirebaseApp.configure()` to your application initialization. This can be done in in the App Delegate's application(_:didFinishLaunchingWithOptions:)` (or the `@main` struct's initializer in SwiftUI). Read more: https://firebase.google.com/docs/ios/setup#initialize_firebase_in_your_app
Test Case '-[Yoga_of_EatingTests.TabViewDataIsolationTests test_reflectViewData_reflectsSavedReflectData]' passed (0.001 seconds).
Test Case '-[Yoga_of_EatingTests.TabViewDataIsolationTests test_tabData_syncWithSelectedDate]' started.
2026-05-15 06:40:01.177607+0530 Yoga of Eating[16836:137205] [[FirebaseCore]] 12.7.0 - [FirebaseCore][I-COR000003] The default Firebase app has not yet been configured. Add `FirebaseApp.configure()` to your application initialization. This can be done in in the App Delegate's application(_:didFinishLaunchingWithOptions:)` (or the `@main` struct's initializer in SwiftUI). Read more: https://firebase.google.com/docs/ios/setup#initialize_firebase_in_your_app
2026-05-15 06:40:01.177664+0530 Yoga of Eating[16836:137205] [[FirebaseCore]] 12.7.0 - [FirebaseCore][I-COR000003] The default Firebase app has not yet been configured. Add `FirebaseApp.configure()` to your application initialization. This can be done in in the App Delegate's application(_:didFinishLaunchingWithOptions:)` (or the `@main` struct's initializer in SwiftUI). Read more: https://firebase.google.com/docs/ios/setup#initialize_firebase_in_your_app
Test Case '-[Yoga_of_EatingTests.TabViewDataIsolationTests test_tabData_syncWithSelectedDate]' passed (0.001 seconds).
Test Suite 'TabViewDataIsolationTests' passed at 2026-05-15 06:40:01.178.
	 Executed 19 tests, with 0 failures (0 unexpected) in 0.015 (0.022) seconds
Test Suite 'TextEntryBehaviourTests' started at 2026-05-15 06:40:01.178.
Test Case '-[Yoga_of_EatingTests.TextEntryBehaviourTests test_highlightViewContract_sleepNotesChange_dateIdentityPreserved]' started.
2026-05-15 06:40:01.178673+0530 Yoga of Eating[16836:137035] [[FirebaseCore]] 12.7.0 - [FirebaseCore][I-COR000003] The default Firebase app has not yet been configured. Add `FirebaseApp.configure()` to your application initialization. This can be done in in the App Delegate's application(_:didFinishLaunchingWithOptions:)` (or the `@main` struct's initializer in SwiftUI). Read more: https://firebase.google.com/docs/ios/setup#initialize_firebase_in_your_app
Test Case '-[Yoga_of_EatingTests.TextEntryBehaviourTests test_highlightViewContract_sleepNotesChange_dateIdentityPreserved]' passed (0.001 seconds).
Test Case '-[Yoga_of_EatingTests.TextEntryBehaviourTests test_highlightViewData_date_changesOnDateNavigation]' started.
2026-05-15 06:40:01.179463+0530 Yoga of Eating[16836:137035] [[FirebaseCore]] 12.7.0 - [FirebaseCore][I-COR000003] The default Firebase app has not yet been configured. Add `FirebaseApp.configure()` to your application initialization. This can be done in in the App Delegate's application(_:didFinishLaunchingWithOptions:)` (or the `@main` struct's initializer in SwiftUI). Read more: https://firebase.google.com/docs/ios/setup#initialize_firebase_in_your_app
Test Case '-[Yoga_of_EatingTests.TextEntryBehaviourTests test_highlightViewData_date_changesOnDateNavigation]' passed (0.000 seconds).
Test Case '-[Yoga_of_EatingTests.TextEntryBehaviourTests test_highlightViewData_date_unchangedWhenMorningThoughtsUpdated]' started.
2026-05-15 06:40:01.180127+0530 Yoga of Eating[16836:137035] [[FirebaseCore]] 12.7.0 - [FirebaseCore][I-COR000003] The default Firebase app has not yet been configured. Add `FirebaseApp.configure()` to your application initialization. This can be done in in the App Delegate's application(_:didFinishLaunchingWithOptions:)` (or the `@main` struct's initializer in SwiftUI). Read more: https://firebase.google.com/docs/ios/setup#initialize_firebase_in_your_app
Test Case '-[Yoga_of_EatingTests.TextEntryBehaviourTests test_highlightViewData_date_unchangedWhenMorningThoughtsUpdated]' passed (0.001 seconds).
Test Case '-[Yoga_of_EatingTests.TextEntryBehaviourTests test_highlightViewData_date_unchangedWhenSleepNotesUpdated]' started.
2026-05-15 06:40:01.180990+0530 Yoga of Eating[16836:137031] [[FirebaseCore]] 12.7.0 - [FirebaseCore][I-COR000003] The default Firebase app has not yet been configured. Add `FirebaseApp.configure()` to your application initialization. This can be done in in the App Delegate's application(_:didFinishLaunchingWithOptions:)` (or the `@main` struct's initializer in SwiftUI). Read more: https://firebase.google.com/docs/ios/setup#initialize_firebase_in_your_app
Test Case '-[Yoga_of_EatingTests.TextEntryBehaviourTests test_highlightViewData_date_unchangedWhenSleepNotesUpdated]' passed (0.001 seconds).
Test Case '-[Yoga_of_EatingTests.TextEntryBehaviourTests test_highlightViewData_date_unchangedWhenSleepQualityUpdated]' started.
2026-05-15 06:40:01.181879+0530 Yoga of Eating[16836:137206] [[FirebaseCore]] 12.7.0 - [FirebaseCore][I-COR000003] The default Firebase app has not yet been configured. Add `FirebaseApp.configure()` to your application initialization. This can be done in in the App Delegate's application(_:didFinishLaunchingWithOptions:)` (or the `@main` struct's initializer in SwiftUI). Read more: https://firebase.google.com/docs/ios/setup#initialize_firebase_in_your_app
Test Case '-[Yoga_of_EatingTests.TextEntryBehaviourTests test_highlightViewData_date_unchangedWhenSleepQualityUpdated]' passed (0.001 seconds).
Test Case '-[Yoga_of_EatingTests.TextEntryBehaviourTests test_highlightViewData_date_unchangedWhenTodoAdded]' started.
2026-05-15 06:40:01.182841+0530 Yoga of Eating[16836:137035] [[FirebaseCore]] 12.7.0 - [FirebaseCore][I-COR000003] The default Firebase app has not yet been configured. Add `FirebaseApp.configure()` to your application initialization. This can be done in in the App Delegate's application(_:didFinishLaunchingWithOptions:)` (or the `@main` struct's initializer in SwiftUI). Read more: https://firebase.google.com/docs/ios/setup#initialize_firebase_in_your_app
Test Case '-[Yoga_of_EatingTests.TextEntryBehaviourTests test_highlightViewData_date_unchangedWhenTodoAdded]' passed (0.001 seconds).
Test Case '-[Yoga_of_EatingTests.TextEntryBehaviourTests test_reflectViewData_date_changesOnDateNavigation]' started.
2026-05-15 06:40:01.183616+0530 Yoga of Eating[16836:137206] [[FirebaseCore]] 12.7.0 - [FirebaseCore][I-COR000003] The default Firebase app has not yet been configured. Add `FirebaseApp.configure()` to your application initialization. This can be done in in the App Delegate's application(_:didFinishLaunchingWithOptions:)` (or the `@main` struct's initializer in SwiftUI). Read more: https://firebase.google.com/docs/ios/setup#initialize_firebase_in_your_app
Test Case '-[Yoga_of_EatingTests.TextEntryBehaviourTests test_reflectViewData_date_changesOnDateNavigation]' passed (0.000 seconds).
Test Case '-[Yoga_of_EatingTests.TextEntryBehaviourTests test_reflectViewData_date_unchangedWhenFeelingUpdated]' started.
2026-05-15 06:40:01.184341+0530 Yoga of Eating[16836:137031] [[FirebaseCore]] 12.7.0 - [FirebaseCore][I-COR000003] The default Firebase app has not yet been configured. Add `FirebaseApp.configure()` to your application initialization. This can be done in in the App Delegate's application(_:didFinishLaunchingWithOptions:)` (or the `@main` struct's initializer in SwiftUI). Read more: https://firebase.google.com/docs/ios/setup#initialize_firebase_in_your_app
Test Case '-[Yoga_of_EatingTests.TextEntryBehaviourTests test_reflectViewData_date_unchangedWhenFeelingUpdated]' passed (0.001 seconds).
Test Case '-[Yoga_of_EatingTests.TextEntryBehaviourTests test_reflectViewData_date_unchangedWhenJournalTextUpdated]' started.
2026-05-15 06:40:01.185117+0530 Yoga of Eating[16836:137206] [[FirebaseCore]] 12.7.0 - [FirebaseCore][I-COR000003] The default Firebase app has not yet been configured. Add `FirebaseApp.configure()` to your application initialization. This can be done in in the App Delegate's application(_:didFinishLaunchingWithOptions:)` (or the `@main` struct's initializer in SwiftUI). Read more: https://firebase.google.com/docs/ios/setup#initialize_firebase_in_your_app
Test Case '-[Yoga_of_EatingTests.TextEntryBehaviourTests test_reflectViewData_date_unchangedWhenJournalTextUpdated]' passed (0.001 seconds).
Test Case '-[Yoga_of_EatingTests.TextEntryBehaviourTests test_updateHighlightMorningThoughts_exactLimit_persists]' started.
2026-05-15 06:40:01.185870+0530 Yoga of Eating[16836:137206] [[FirebaseCore]] 12.7.0 - [FirebaseCore][I-COR000003] The default Firebase app has not yet been configured. Add `FirebaseApp.configure()` to your application initialization. This can be done in in the App Delegate's application(_:didFinishLaunchingWithOptions:)` (or the `@main` struct's initializer in SwiftUI). Read more: https://firebase.google.com/docs/ios/setup#initialize_firebase_in_your_app
Test Case '-[Yoga_of_EatingTests.TextEntryBehaviourTests test_updateHighlightMorningThoughts_exactLimit_persists]' passed (0.004 seconds).
Test Case '-[Yoga_of_EatingTests.TextEntryBehaviourTests test_updateHighlightMorningThoughts_overLimit_isTruncated]' started.
2026-05-15 06:40:01.189932+0530 Yoga of Eating[16836:137035] [[FirebaseCore]] 12.7.0 - [FirebaseCore][I-COR000003] The default Firebase app has not yet been configured. Add `FirebaseApp.configure()` to your application initialization. This can be done in in the App Delegate's application(_:didFinishLaunchingWithOptions:)` (or the `@main` struct's initializer in SwiftUI). Read more: https://firebase.google.com/docs/ios/setup#initialize_firebase_in_your_app
Test Case '-[Yoga_of_EatingTests.TextEntryBehaviourTests test_updateHighlightMorningThoughts_overLimit_isTruncated]' passed (0.004 seconds).
Test Case '-[Yoga_of_EatingTests.TextEntryBehaviourTests test_updateHighlightSleepNotes_empty_storesNil]' started.
2026-05-15 06:40:01.193754+0530 Yoga of Eating[16836:137035] [[FirebaseCore]] 12.7.0 - [FirebaseCore][I-COR000003] The default Firebase app has not yet been configured. Add `FirebaseApp.configure()` to your application initialization. This can be done in in the App Delegate's application(_:didFinishLaunchingWithOptions:)` (or the `@main` struct's initializer in SwiftUI). Read more: https://firebase.google.com/docs/ios/setup#initialize_firebase_in_your_app
Test Case '-[Yoga_of_EatingTests.TextEntryBehaviourTests test_updateHighlightSleepNotes_empty_storesNil]' passed (0.001 seconds).
Test Case '-[Yoga_of_EatingTests.TextEntryBehaviourTests test_updateHighlightSleepNotes_exactLimit_persists]' started.
2026-05-15 06:40:01.194535+0530 Yoga of Eating[16836:137042] [[FirebaseCore]] 12.7.0 - [FirebaseCore][I-COR000003] The default Firebase app has not yet been configured. Add `FirebaseApp.configure()` to your application initialization. This can be done in in the App Delegate's application(_:didFinishLaunchingWithOptions:)` (or the `@main` struct's initializer in SwiftUI). Read more: https://firebase.google.com/docs/ios/setup#initialize_firebase_in_your_app
Test Case '-[Yoga_of_EatingTests.TextEntryBehaviourTests test_updateHighlightSleepNotes_exactLimit_persists]' passed (0.002 seconds).
Test Case '-[Yoga_of_EatingTests.TextEntryBehaviourTests test_updateHighlightSleepNotes_overLimit_isTruncated]' started.
2026-05-15 06:40:01.196296+0530 Yoga of Eating[16836:137031] [[FirebaseCore]] 12.7.0 - [FirebaseCore][I-COR000003] The default Firebase app has not yet been configured. Add `FirebaseApp.configure()` to your application initialization. This can be done in in the App Delegate's application(_:didFinishLaunchingWithOptions:)` (or the `@main` struct's initializer in SwiftUI). Read more: https://firebase.google.com/docs/ios/setup#initialize_firebase_in_your_app
Test Case '-[Yoga_of_EatingTests.TextEntryBehaviourTests test_updateHighlightSleepNotes_overLimit_isTruncated]' passed (0.001 seconds).
Test Case '-[Yoga_of_EatingTests.TextEntryBehaviourTests test_updateReflectJournalText_empty_storesNil]' started.
2026-05-15 06:40:01.197772+0530 Yoga of Eating[16836:137031] [[FirebaseCore]] 12.7.0 - [FirebaseCore][I-COR000003] The default Firebase app has not yet been configured. Add `FirebaseApp.configure()` to your application initialization. This can be done in in the App Delegate's application(_:didFinishLaunchingWithOptions:)` (or the `@main` struct's initializer in SwiftUI). Read more: https://firebase.google.com/docs/ios/setup#initialize_firebase_in_your_app
Test Case '-[Yoga_of_EatingTests.TextEntryBehaviourTests test_updateReflectJournalText_empty_storesNil]' passed (0.000 seconds).
Test Case '-[Yoga_of_EatingTests.TextEntryBehaviourTests test_updateReflectJournalText_exactLimit_persists]' started.
2026-05-15 06:40:01.198444+0530 Yoga of Eating[16836:137206] [[FirebaseCore]] 12.7.0 - [FirebaseCore][I-COR000003] The default Firebase app has not yet been configured. Add `FirebaseApp.configure()` to your application initialization. This can be done in in the App Delegate's application(_:didFinishLaunchingWithOptions:)` (or the `@main` struct's initializer in SwiftUI). Read more: https://firebase.google.com/docs/ios/setup#initialize_firebase_in_your_app
Test Case '-[Yoga_of_EatingTests.TextEntryBehaviourTests test_updateReflectJournalText_exactLimit_persists]' passed (0.003 seconds).
Test Case '-[Yoga_of_EatingTests.TextEntryBehaviourTests test_updateReflectJournalText_overLimit_isTruncated]' started.
2026-05-15 06:40:01.201960+0530 Yoga of Eating[16836:137031] [[FirebaseCore]] 12.7.0 - [FirebaseCore][I-COR000003] The default Firebase app has not yet been configured. Add `FirebaseApp.configure()` to your application initialization. This can be done in in the App Delegate's application(_:didFinishLaunchingWithOptions:)` (or the `@main` struct's initializer in SwiftUI). Read more: https://firebase.google.com/docs/ios/setup#initialize_firebase_in_your_app
Test Case '-[Yoga_of_EatingTests.TextEntryBehaviourTests test_updateReflectJournalText_overLimit_isTruncated]' passed (0.003 seconds).
Test Suite 'TextEntryBehaviourTests' passed at 2026-05-15 06:40:01.205.
	 Executed 17 tests, with 0 failures (0 unexpected) in 0.023 (0.027) seconds
Test Suite 'TextEntryConstantsTests' started at 2026-05-15 06:40:01.205.
Test Case '-[Yoga_of_EatingTests.TextEntryConstantsTests test_maxCharacters_is1000]' started.
Test Case '-[Yoga_of_EatingTests.TextEntryConstantsTests test_maxCharacters_is1000]' passed (0.000 seconds).
Test Case '-[Yoga_of_EatingTests.TextEntryConstantsTests test_maxCharacters_isPositive]' started.
Test Case '-[Yoga_of_EatingTests.TextEntryConstantsTests test_maxCharacters_isPositive]' passed (0.000 seconds).
Test Case '-[Yoga_of_EatingTests.TextEntryConstantsTests test_textEntryDebounce_ssotIsTimingConstants_andIs500ms]' started.
Test Case '-[Yoga_of_EatingTests.TextEntryConstantsTests test_textEntryDebounce_ssotIsTimingConstants_andIs500ms]' passed (0.000 seconds).
Test Suite 'TextEntryConstantsTests' passed at 2026-05-15 06:40:01.207.
	 Executed 3 tests, with 0 failures (0 unexpected) in 0.001 (0.002) seconds
Test Suite 'TextSignalExtractorTests' started at 2026-05-15 06:40:01.207.
Test Case '-[Yoga_of_EatingTests.TextSignalExtractorTests test_achievedKeyword_returnsAgentive]' started.
Test Case '-[Yoga_of_EatingTests.TextSignalExtractorTests test_achievedKeyword_returnsAgentive]' passed (0.000 seconds).
Test Case '-[Yoga_of_EatingTests.TextSignalExtractorTests test_anxiousKeyword_returnsStressed]' started.
Test Case '-[Yoga_of_EatingTests.TextSignalExtractorTests test_anxiousKeyword_returnsStressed]' passed (0.000 seconds).
Test Case '-[Yoga_of_EatingTests.TextSignalExtractorTests test_clarityScore_emptyText_returnsHalf]' started.
Test Case '-[Yoga_of_EatingTests.TextSignalExtractorTests test_clarityScore_emptyText_returnsHalf]' passed (0.000 seconds).
Test Case '-[Yoga_of_EatingTests.TextSignalExtractorTests test_clarityScore_overwhelmedText_isLowerThanClearText]' started.
Test Case '-[Yoga_of_EatingTests.TextSignalExtractorTests test_clarityScore_overwhelmedText_isLowerThanClearText]' passed (0.000 seconds).
Test Case '-[Yoga_of_EatingTests.TextSignalExtractorTests test_clarityScore_returnsValueBetweenZeroAndOne]' started.
Test Case '-[Yoga_of_EatingTests.TextSignalExtractorTests test_clarityScore_returnsValueBetweenZeroAndOne]' passed (0.000 seconds).
Test Case '-[Yoga_of_EatingTests.TextSignalExtractorTests test_clearKeyword_returnsClear]' started.
Test Case '-[Yoga_of_EatingTests.TextSignalExtractorTests test_clearKeyword_returnsClear]' passed (0.000 seconds).
Test Case '-[Yoga_of_EatingTests.TextSignalExtractorTests test_committedKeyword_returnsAgentive]' started.
Test Case '-[Yoga_of_EatingTests.TextSignalExtractorTests test_committedKeyword_returnsAgentive]' passed (0.000 seconds).
Test Case '-[Yoga_of_EatingTests.TextSignalExtractorTests test_emptyString_returnsNeutral]' started.
Test Case '-[Yoga_of_EatingTests.TextSignalExtractorTests test_emptyString_returnsNeutral]' passed (0.000 seconds).
Test Case '-[Yoga_of_EatingTests.TextSignalExtractorTests test_extractorConformsToProtocol]' started.
Test Case '-[Yoga_of_EatingTests.TextSignalExtractorTests test_extractorConformsToProtocol]' passed (0.000 seconds).
Test Case '-[Yoga_of_EatingTests.TextSignalExtractorTests test_focusedKeyword_returnsClear]' started.
Test Case '-[Yoga_of_EatingTests.TextSignalExtractorTests test_focusedKeyword_returnsClear]' passed (0.000 seconds).
Test Case '-[Yoga_of_EatingTests.TextSignalExtractorTests test_gentleKeyword_returnsSelfCompassionate]' started.
Test Case '-[Yoga_of_EatingTests.TextSignalExtractorTests test_gentleKeyword_returnsSelfCompassionate]' passed (0.000 seconds).
Test Case '-[Yoga_of_EatingTests.TextSignalExtractorTests test_gratefulKeyword_returnsGrateful]' started.
Test Case '-[Yoga_of_EatingTests.TextSignalExtractorTests test_gratefulKeyword_returnsGrateful]' passed (0.000 seconds).
Test Case '-[Yoga_of_EatingTests.TextSignalExtractorTests test_mixedText_canProduceMultipleSignals]' started.
Test Case '-[Yoga_of_EatingTests.TextSignalExtractorTests test_mixedText_canProduceMultipleSignals]' passed (0.000 seconds).
Test Case '-[Yoga_of_EatingTests.TextSignalExtractorTests test_noKeywords_returnsNeutral]' started.
Test Case '-[Yoga_of_EatingTests.TextSignalExtractorTests test_noKeywords_returnsNeutral]' passed (0.000 seconds).
Test Case '-[Yoga_of_EatingTests.TextSignalExtractorTests test_overwhelmedKeyword_returnsOverwhelmed]' started.
Test Case '-[Yoga_of_EatingTests.TextSignalExtractorTests test_overwhelmedKeyword_returnsOverwhelmed]' passed (0.000 seconds).
Test Case '-[Yoga_of_EatingTests.TextSignalExtractorTests test_selfCareKeyword_returnsSelfCompassionate]' started.
Test Case '-[Yoga_of_EatingTests.TextSignalExtractorTests test_selfCareKeyword_returnsSelfCompassionate]' passed (0.000 seconds).
Test Case '-[Yoga_of_EatingTests.TextSignalExtractorTests test_sentimentScore_negativeText_isBelow_positiveText]' started.
Test Case '-[Yoga_of_EatingTests.TextSignalExtractorTests test_sentimentScore_negativeText_isBelow_positiveText]' passed (0.000 seconds).
Test Case '-[Yoga_of_EatingTests.TextSignalExtractorTests test_sentimentScore_returnsValueBetweenZeroAndOne]' started.
Test Case '-[Yoga_of_EatingTests.TextSignalExtractorTests test_sentimentScore_returnsValueBetweenZeroAndOne]' passed (0.000 seconds).
Test Case '-[Yoga_of_EatingTests.TextSignalExtractorTests test_stressedKeyword_returnsStressed]' started.
Test Case '-[Yoga_of_EatingTests.TextSignalExtractorTests test_stressedKeyword_returnsStressed]' passed (0.000 seconds).
Test Case '-[Yoga_of_EatingTests.TextSignalExtractorTests test_thankfulKeyword_returnsGrateful]' started.
Test Case '-[Yoga_of_EatingTests.TextSignalExtractorTests test_thankfulKeyword_returnsGrateful]' passed (0.000 seconds).
Test Case '-[Yoga_of_EatingTests.TextSignalExtractorTests test_tooMuchKeyword_returnsOverwhelmed]' started.
Test Case '-[Yoga_of_EatingTests.TextSignalExtractorTests test_tooMuchKeyword_returnsOverwhelmed]' passed (0.000 seconds).
Test Case '-[Yoga_of_EatingTests.TextSignalExtractorTests test_uppercaseKeyword_isRecognised]' started.
Test Case '-[Yoga_of_EatingTests.TextSignalExtractorTests test_uppercaseKeyword_isRecognised]' passed (0.000 seconds).
Test Case '-[Yoga_of_EatingTests.TextSignalExtractorTests test_whitespaceOnly_returnsNeutral]' started.
Test Case '-[Yoga_of_EatingTests.TextSignalExtractorTests test_whitespaceOnly_returnsNeutral]' passed (0.000 seconds).
Test Suite 'TextSignalExtractorTests' passed at 2026-05-15 06:40:01.220.
	 Executed 23 tests, with 0 failures (0 unexpected) in 0.009 (0.013) seconds
Test Suite 'TextSignalTests' started at 2026-05-15 06:40:01.220.
Test Case '-[Yoga_of_EatingTests.TextSignalTests test_agentive_exists]' started.
Test Case '-[Yoga_of_EatingTests.TextSignalTests test_agentive_exists]' passed (0.000 seconds).
Test Case '-[Yoga_of_EatingTests.TextSignalTests test_allCases_haveNonEmptyDisplayName]' started.
Test Case '-[Yoga_of_EatingTests.TextSignalTests test_allCases_haveNonEmptyDisplayName]' passed (0.000 seconds).
Test Case '-[Yoga_of_EatingTests.TextSignalTests test_arrayOfSignals_codableRoundTrip]' started.
Test Case '-[Yoga_of_EatingTests.TextSignalTests test_arrayOfSignals_codableRoundTrip]' passed (0.000 seconds).
Test Case '-[Yoga_of_EatingTests.TextSignalTests test_clear_exists]' started.
Test Case '-[Yoga_of_EatingTests.TextSignalTests test_clear_exists]' passed (0.000 seconds).
Test Case '-[Yoga_of_EatingTests.TextSignalTests test_codableRoundTrip_allCases]' started.
Test Case '-[Yoga_of_EatingTests.TextSignalTests test_codableRoundTrip_allCases]' passed (0.000 seconds).
Test Case '-[Yoga_of_EatingTests.TextSignalTests test_grateful_exists]' started.
Test Case '-[Yoga_of_EatingTests.TextSignalTests test_grateful_exists]' passed (0.000 seconds).
Test Case '-[Yoga_of_EatingTests.TextSignalTests test_hasAtLeastSevenCases]' started.
Test Case '-[Yoga_of_EatingTests.TextSignalTests test_hasAtLeastSevenCases]' passed (0.000 seconds).
Test Case '-[Yoga_of_EatingTests.TextSignalTests test_mealUpdated_trigger_exists]' started.
Test Case '-[Yoga_of_EatingTests.TextSignalTests test_mealUpdated_trigger_exists]' passed (0.004 seconds).
Test Case '-[Yoga_of_EatingTests.TextSignalTests test_neutral_exists]' started.
Test Case '-[Yoga_of_EatingTests.TextSignalTests test_neutral_exists]' passed (0.000 seconds).
Test Case '-[Yoga_of_EatingTests.TextSignalTests test_overwhelmed_exists]' started.
Test Case '-[Yoga_of_EatingTests.TextSignalTests test_overwhelmed_exists]' passed (0.000 seconds).
Test Case '-[Yoga_of_EatingTests.TextSignalTests test_rawValues_areDistinct]' started.
Test Case '-[Yoga_of_EatingTests.TextSignalTests test_rawValues_areDistinct]' passed (0.000 seconds).
Test Case '-[Yoga_of_EatingTests.TextSignalTests test_selfCompassionate_exists]' started.
Test Case '-[Yoga_of_EatingTests.TextSignalTests test_selfCompassionate_exists]' passed (0.000 seconds).
Test Case '-[Yoga_of_EatingTests.TextSignalTests test_sleepLogged_trigger_exists]' started.
Test Case '-[Yoga_of_EatingTests.TextSignalTests test_sleepLogged_trigger_exists]' passed (0.000 seconds).
Test Case '-[Yoga_of_EatingTests.TextSignalTests test_stressed_exists]' started.
Test Case '-[Yoga_of_EatingTests.TextSignalTests test_stressed_exists]' passed (0.000 seconds).
Test Case '-[Yoga_of_EatingTests.TextSignalTests test_synthesisTrigger_codableRoundTrip]' started.
Test Case '-[Yoga_of_EatingTests.TextSignalTests test_synthesisTrigger_codableRoundTrip]' passed (0.000 seconds).
Test Case '-[Yoga_of_EatingTests.TextSignalTests test_synthesisTrigger_hasAtLeastSixCases]' started.
Test Case '-[Yoga_of_EatingTests.TextSignalTests test_synthesisTrigger_hasAtLeastSixCases]' passed (0.000 seconds).
Test Case '-[Yoga_of_EatingTests.TextSignalTests test_synthesisTrigger_rawValues_areDistinct]' started.
Test Case '-[Yoga_of_EatingTests.TextSignalTests test_synthesisTrigger_rawValues_areDistinct]' passed (0.000 seconds).
Test Suite 'TextSignalTests' passed at 2026-05-15 06:40:01.232.
	 Executed 17 tests, with 0 failures (0 unexpected) in 0.009 (0.012) seconds
Test Suite 'ThemeTests' started at 2026-05-15 06:40:01.232.
Test Case '-[Yoga_of_EatingTests.ThemeTests test_animation_standardDuration_isPositive]' started.
Test Case '-[Yoga_of_EatingTests.ThemeTests test_animation_standardDuration_isPositive]' passed (0.000 seconds).
Test Case '-[Yoga_of_EatingTests.ThemeTests test_animation_standardDuration_isReasonable]' started.
Test Case '-[Yoga_of_EatingTests.ThemeTests test_animation_standardDuration_isReasonable]' passed (0.000 seconds).
Test Case '-[Yoga_of_EatingTests.ThemeTests test_background_glowBlurRadius_isDefined]' started.
Test Case '-[Yoga_of_EatingTests.ThemeTests test_background_glowBlurRadius_isDefined]' passed (0.000 seconds).
Test Case '-[Yoga_of_EatingTests.ThemeTests test_background_glowOpacity_isDefined]' started.
Test Case '-[Yoga_of_EatingTests.ThemeTests test_background_glowOpacity_isDefined]' passed (0.000 seconds).
Test Case '-[Yoga_of_EatingTests.ThemeTests test_background_glowSize_isDefined]' started.
Test Case '-[Yoga_of_EatingTests.ThemeTests test_background_glowSize_isDefined]' passed (0.000 seconds).
Test Case '-[Yoga_of_EatingTests.ThemeTests test_caloriePill_fillColors_areDefined]' started.
Test Case '-[Yoga_of_EatingTests.ThemeTests test_caloriePill_fillColors_areDefined]' passed (0.002 seconds).
Test Case '-[Yoga_of_EatingTests.ThemeTests test_caloriePill_geometry_arePositive]' started.
Test Case '-[Yoga_of_EatingTests.ThemeTests test_caloriePill_geometry_arePositive]' passed (0.000 seconds).
Test Case '-[Yoga_of_EatingTests.ThemeTests test_caloriePill_pillBackground_isDefined]' started.
Test Case '-[Yoga_of_EatingTests.ThemeTests test_caloriePill_pillBackground_isDefined]' passed (0.000 seconds).
Test Case '-[Yoga_of_EatingTests.ThemeTests test_caloriePill_textPrimary_isDefined]' started.
Test Case '-[Yoga_of_EatingTests.ThemeTests test_caloriePill_textPrimary_isDefined]' passed (0.000 seconds).
Test Case '-[Yoga_of_EatingTests.ThemeTests test_caloriePill_thresholds_areInValidRange]' started.
Test Case '-[Yoga_of_EatingTests.ThemeTests test_caloriePill_thresholds_areInValidRange]' passed (0.000 seconds).
Test Case '-[Yoga_of_EatingTests.ThemeTests test_dateContext_morningHourThreshold_isTen]' started.
Test Case '-[Yoga_of_EatingTests.ThemeTests test_dateContext_morningHourThreshold_isTen]' passed (0.000 seconds).
Test Case '-[Yoga_of_EatingTests.ThemeTests test_layout_bottomScrollBuffer_isPinned]' started.
Test Case '-[Yoga_of_EatingTests.ThemeTests test_layout_bottomScrollBuffer_isPinned]' passed (0.000 seconds).
Test Case '-[Yoga_of_EatingTests.ThemeTests test_mealCardBorder_hasConsistentWidth]' started.
Test Case '-[Yoga_of_EatingTests.ThemeTests test_mealCardBorder_hasConsistentWidth]' passed (0.000 seconds).
Test Case '-[Yoga_of_EatingTests.ThemeTests test_mealCardBorder_usesSemanticColor]' started.
Test Case '-[Yoga_of_EatingTests.ThemeTests test_mealCardBorder_usesSemanticColor]' passed (0.000 seconds).
Test Case '-[Yoga_of_EatingTests.ThemeTests test_scoreBadge_usesSemanticColors]' started.
Test Case '-[Yoga_of_EatingTests.ThemeTests test_scoreBadge_usesSemanticColors]' passed (0.000 seconds).
Test Case '-[Yoga_of_EatingTests.ThemeTests test_scoreBreakdownSheet_usesSystemBackgrounds]' started.
Test Case '-[Yoga_of_EatingTests.ThemeTests test_scoreBreakdownSheet_usesSystemBackgrounds]' passed (0.000 seconds).
Test Case '-[Yoga_of_EatingTests.ThemeTests test_scoreCategory_colors_areDefined]' started.
Test Case '-[Yoga_of_EatingTests.ThemeTests test_scoreCategory_colors_areDefined]' passed (0.000 seconds).
Test Case '-[Yoga_of_EatingTests.ThemeTests test_theme_backgroundColors_exist]' started.
Test Case '-[Yoga_of_EatingTests.ThemeTests test_theme_backgroundColors_exist]' passed (0.000 seconds).
Test Case '-[Yoga_of_EatingTests.ThemeTests test_theme_cornerRadius_values]' started.
Test Case '-[Yoga_of_EatingTests.ThemeTests test_theme_cornerRadius_values]' passed (0.000 seconds).
Test Case '-[Yoga_of_EatingTests.ThemeTests test_theme_spacing_values]' started.
Test Case '-[Yoga_of_EatingTests.ThemeTests test_theme_spacing_values]' passed (0.000 seconds).
Test Case '-[Yoga_of_EatingTests.ThemeTests test_timeline_fastingDefaultColor_isDefined]' started.
Test Case '-[Yoga_of_EatingTests.ThemeTests test_timeline_fastingDefaultColor_isDefined]' passed (0.000 seconds).
Test Case '-[Yoga_of_EatingTests.ThemeTests test_timeline_fastingSignificantColor_isDefined]' started.
Test Case '-[Yoga_of_EatingTests.ThemeTests test_timeline_fastingSignificantColor_isDefined]' passed (0.000 seconds).
Test Case '-[Yoga_of_EatingTests.ThemeTests test_timeline_spineOpacity_isCorrectValue]' started.
Test Case '-[Yoga_of_EatingTests.ThemeTests test_timeline_spineOpacity_isCorrectValue]' passed (0.000 seconds).
Test Case '-[Yoga_of_EatingTests.ThemeTests test_timeline_spineOpacity_isInValidRange]' started.
Test Case '-[Yoga_of_EatingTests.ThemeTests test_timeline_spineOpacity_isInValidRange]' passed (0.000 seconds).
Test Case '-[Yoga_of_EatingTests.ThemeTests test_timeline_spineWidth_isCorrectValue]' started.
Test Case '-[Yoga_of_EatingTests.ThemeTests test_timeline_spineWidth_isCorrectValue]' passed (0.000 seconds).
Test Case '-[Yoga_of_EatingTests.ThemeTests test_timeline_spineWidth_isPositive]' started.
Test Case '-[Yoga_of_EatingTests.ThemeTests test_timeline_spineWidth_isPositive]' passed (0.000 seconds).
Test Suite 'ThemeTests' passed at 2026-05-15 06:40:01.246.
	 Executed 26 tests, with 0 failures (0 unexpected) in 0.010 (0.014) seconds
Test Suite 'TimePickerSheetViewTests' started at 2026-05-15 06:40:01.246.
Test Case '-[Yoga_of_EatingTests.TimePickerSheetViewTests test_onCancelCallback_canBeSet]' started.
Test Case '-[Yoga_of_EatingTests.TimePickerSheetViewTests test_onCancelCallback_canBeSet]' passed (0.000 seconds).
Test Case '-[Yoga_of_EatingTests.TimePickerSheetViewTests test_onSaveCallback_canBeSet]' started.
Test Case '-[Yoga_of_EatingTests.TimePickerSheetViewTests test_onSaveCallback_canBeSet]' passed (0.000 seconds).
Test Case '-[Yoga_of_EatingTests.TimePickerSheetViewTests test_viewInitializes_withPastDate]' started.
Test Case '-[Yoga_of_EatingTests.TimePickerSheetViewTests test_viewInitializes_withPastDate]' passed (0.015 seconds).
Test Case '-[Yoga_of_EatingTests.TimePickerSheetViewTests test_viewInitializes_withValidDate]' started.
Test Case '-[Yoga_of_EatingTests.TimePickerSheetViewTests test_viewInitializes_withValidDate]' passed (0.000 seconds).
Test Suite 'TimePickerSheetViewTests' passed at 2026-05-15 06:40:01.263.
	 Executed 4 tests, with 0 failures (0 unexpected) in 0.016 (0.017) seconds
Test Suite 'TimingConstantsTests' started at 2026-05-15 06:40:01.263.
Test Case '-[Yoga_of_EatingTests.TimingConstantsTests test_dayResetPollIntervalNanoseconds_isAtLeastTenSeconds]' started.
Test Case '-[Yoga_of_EatingTests.TimingConstantsTests test_dayResetPollIntervalNanoseconds_isAtLeastTenSeconds]' passed (0.000 seconds).
Test Case '-[Yoga_of_EatingTests.TimingConstantsTests test_dayResetPollIntervalNanoseconds_isPositive]' started.
Test Case '-[Yoga_of_EatingTests.TimingConstantsTests test_dayResetPollIntervalNanoseconds_isPositive]' passed (0.000 seconds).
Test Case '-[Yoga_of_EatingTests.TimingConstantsTests test_dayResetPollIntervalNanoseconds_isUnderFiveMinutes]' started.
Test Case '-[Yoga_of_EatingTests.TimingConstantsTests test_dayResetPollIntervalNanoseconds_isUnderFiveMinutes]' passed (0.000 seconds).
Test Case '-[Yoga_of_EatingTests.TimingConstantsTests test_syncErrorDisplayNanoseconds_isGreaterThanSuccessDisplay]' started.
Test Case '-[Yoga_of_EatingTests.TimingConstantsTests test_syncErrorDisplayNanoseconds_isGreaterThanSuccessDisplay]' passed (0.000 seconds).
Test Case '-[Yoga_of_EatingTests.TimingConstantsTests test_syncMaxRetryAttempts_isAtLeastOne]' started.
Test Case '-[Yoga_of_EatingTests.TimingConstantsTests test_syncMaxRetryAttempts_isAtLeastOne]' passed (0.000 seconds).
Test Case '-[Yoga_of_EatingTests.TimingConstantsTests test_syncRetryDelayNanoseconds_isPositive]' started.
Test Case '-[Yoga_of_EatingTests.TimingConstantsTests test_syncRetryDelayNanoseconds_isPositive]' passed (0.000 seconds).
Test Case '-[Yoga_of_EatingTests.TimingConstantsTests test_syncSuccessDisplayNanoseconds_isPositive]' started.
Test Case '-[Yoga_of_EatingTests.TimingConstantsTests test_syncSuccessDisplayNanoseconds_isPositive]' passed (0.000 seconds).
Test Case '-[Yoga_of_EatingTests.TimingConstantsTests test_textEntryDebounce_is500ms]' started.
Test Case '-[Yoga_of_EatingTests.TimingConstantsTests test_textEntryDebounce_is500ms]' passed (0.000 seconds).
Test Case '-[Yoga_of_EatingTests.TimingConstantsTests test_textEntryDebounce_isReasonableForUX]' started.
Test Case '-[Yoga_of_EatingTests.TimingConstantsTests test_textEntryDebounce_isReasonableForUX]' passed (0.000 seconds).
Test Suite 'TimingConstantsTests' passed at 2026-05-15 06:40:01.267.
	 Executed 9 tests, with 0 failures (0 unexpected) in 0.003 (0.004) seconds
Test Suite 'TodoCarryOverTests' started at 2026-05-15 06:40:01.267.
Test Case '-[Yoga_of_EatingTests.TodoCarryOverTests test_carriedOverCount_clampedAt365]' started.
Test Case '-[Yoga_of_EatingTests.TodoCarryOverTests test_carriedOverCount_clampedAt365]' passed (0.000 seconds).
Test Case '-[Yoga_of_EatingTests.TodoCarryOverTests test_carriedOverCount_clampedAtZeroForNegative]' started.
Test Case '-[Yoga_of_EatingTests.TodoCarryOverTests test_carriedOverCount_clampedAtZeroForNegative]' passed (0.000 seconds).
Test Case '-[Yoga_of_EatingTests.TodoCarryOverTests test_carriedOverCount_incrementsEachDayCarried]' started.
Test Case '-[Yoga_of_EatingTests.TodoCarryOverTests test_carriedOverCount_incrementsEachDayCarried]' passed (0.000 seconds).
Test Case '-[Yoga_of_EatingTests.TodoCarryOverTests test_carriedOverCount_isZeroForFreshTodo]' started.
Test Case '-[Yoga_of_EatingTests.TodoCarryOverTests test_carriedOverCount_isZeroForFreshTodo]' passed (0.000 seconds).
Test Case '-[Yoga_of_EatingTests.TodoCarryOverTests test_incompleteTodosForCarryOver_doesNotCarryCompletedTodos]' started.
Test Case '-[Yoga_of_EatingTests.TodoCarryOverTests test_incompleteTodosForCarryOver_doesNotCarryCompletedTodos]' passed (0.000 seconds).
Test Case '-[Yoga_of_EatingTests.TodoCarryOverTests test_incompleteTodosForCarryOver_doesNotCarryExplicitlyMarkedFalse]' started.
Test Case '-[Yoga_of_EatingTests.TodoCarryOverTests test_incompleteTodosForCarryOver_doesNotCarryExplicitlyMarkedFalse]' passed (0.000 seconds).
Test Case '-[Yoga_of_EatingTests.TodoCarryOverTests test_incompleteTodosForCarryOver_emptyWhenNoHighlightData]' started.
Test Case '-[Yoga_of_EatingTests.TodoCarryOverTests test_incompleteTodosForCarryOver_emptyWhenNoHighlightData]' passed (0.000 seconds).
Test Case '-[Yoga_of_EatingTests.TodoCarryOverTests test_incompleteTodosForCarryOver_emptyWhenNoSnapshot]' started.
Test Case '-[Yoga_of_EatingTests.TodoCarryOverTests test_incompleteTodosForCarryOver_emptyWhenNoSnapshot]' passed (0.000 seconds).
Test Case '-[Yoga_of_EatingTests.TodoCarryOverTests test_incompleteTodosForCarryOver_incrementsCarriedOverCount]' started.
Test Case '-[Yoga_of_EatingTests.TodoCarryOverTests test_incompleteTodosForCarryOver_incrementsCarriedOverCount]' passed (0.000 seconds).
Test Case '-[Yoga_of_EatingTests.TodoCarryOverTests test_incompleteTodosForCarryOver_returnsOnlyIncompleteTodos]' started.
Test Case '-[Yoga_of_EatingTests.TodoCarryOverTests test_incompleteTodosForCarryOver_returnsOnlyIncompleteTodos]' passed (0.000 seconds).
Test Case '-[Yoga_of_EatingTests.TodoCarryOverTests test_mindCheckEntry_codableRoundTrip_withCarriedOverCount]' started.
Test Case '-[Yoga_of_EatingTests.TodoCarryOverTests test_mindCheckEntry_codableRoundTrip_withCarriedOverCount]' passed (0.000 seconds).
Test Case '-[Yoga_of_EatingTests.TodoCarryOverTests test_mindCheckEntry_decodesLegacyJSON_withoutCarriedOverCount_defaultsToZero]' started.
Test Case '-[Yoga_of_EatingTests.TodoCarryOverTests test_mindCheckEntry_decodesLegacyJSON_withoutCarriedOverCount_defaultsToZero]' passed (0.000 seconds).
Test Case '-[Yoga_of_EatingTests.TodoCarryOverTests test_resetDay_doesNotCreateHighlightDataWhenNoIncompleteTodos]' started.
2026-05-15 06:40:01.273314+0530 Yoga of Eating[16836:137205] [[FirebaseCore]] 12.7.0 - [FirebaseCore][I-COR000003] The default Firebase app has not yet been configured. Add `FirebaseApp.configure()` to your application initialization. This can be done in in the App Delegate's application(_:didFinishLaunchingWithOptions:)` (or the `@main` struct's initializer in SwiftUI). Read more: https://firebase.google.com/docs/ios/setup#initialize_firebase_in_your_app
Test Case '-[Yoga_of_EatingTests.TodoCarryOverTests test_resetDay_doesNotCreateHighlightDataWhenNoIncompleteTodos]' passed (0.000 seconds).
2026-05-15 06:40:01.273415+0530 Yoga of Eating[16836:137205] [[FirebaseCore]] 12.7.0 - [FirebaseCore][I-COR000003] The default Firebase app has not yet been configured. Add `FirebaseApp.configure()` to your application initialization. This can be done in in the App Delegate's application(_:didFinishLaunchingWithOptions:)` (or the `@main` struct's initializer in SwiftUI). Read more: https://firebase.google.com/docs/ios/setup#initialize_firebase_in_your_app
Test Case '-[Yoga_of_EatingTests.TodoCarryOverTests test_resetDay_mergesCarriedTodosWithExistingHighlightData]' started.
2026-05-15 06:40:01.273884+0530 Yoga of Eating[16836:137035] [[FirebaseCore]] 12.7.0 - [FirebaseCore][I-COR000003] The default Firebase app has not yet been configured. Add `FirebaseApp.configure()` to your application initialization. This can be done in in the App Delegate's application(_:didFinishLaunchingWithOptions:)` (or the `@main` struct's initializer in SwiftUI). Read more: https://firebase.google.com/docs/ios/setup#initialize_firebase_in_your_app
2026-05-15 06:40:01.273952+0530 Yoga of Eating[16836:137035] [[FirebaseCore]] 12.7.0 - [FirebaseCore][I-COR000003] The default Firebase app has not yet been configured. Add `FirebaseApp.configure()` to your application initialization. This can be done in in the App Delegate's application(_:didFinishLaunchingWithOptions:)` (or the `@main` struct's initializer in SwiftUI). Read more: https://firebase.google.com/docs/ios/setup#initialize_firebase_in_your_app
Test Case '-[Yoga_of_EatingTests.TodoCarryOverTests test_resetDay_mergesCarriedTodosWithExistingHighlightData]' passed (0.000 seconds).
Test Case '-[Yoga_of_EatingTests.TodoCarryOverTests test_resetDay_populatesTodaySnapshotWithCarriedTodos]' started.
2026-05-15 06:40:01.274435+0530 Yoga of Eating[16836:137206] [[FirebaseCore]] 12.7.0 - [FirebaseCore][I-COR000003] The default Firebase app has not yet been configured. Add `FirebaseApp.configure()` to your application initialization. This can be done in in the App Delegate's application(_:didFinishLaunchingWithOptions:)` (or the `@main` struct's initializer in SwiftUI). Read more: https://firebase.google.com/docs/ios/setup#initialize_firebase_in_your_app
2026-05-15 06:40:01.274527+0530 Yoga of Eating[16836:137206] [[FirebaseCore]] 12.7.0 - [FirebaseCore][I-COR000003] The default Firebase app has not yet been configured. Add `FirebaseApp.configure()` to your application initialization. This can be done in in the App Delegate's application(_:didFinishLaunchingWithOptions:)` (or the `@main` struct's initializer in SwiftUI). Read more: https://firebase.google.com/docs/ios/setup#initialize_firebase_in_your_app
Test Case '-[Yoga_of_EatingTests.TodoCarryOverTests test_resetDay_populatesTodaySnapshotWithCarriedTodos]' passed (0.004 seconds).
Test Suite 'TodoCarryOverTests' passed at 2026-05-15 06:40:01.278.
	 Executed 15 tests, with 0 failures (0 unexpected) in 0.008 (0.011) seconds
Test Suite 'WellbeingBreakdownSheetTests' started at 2026-05-15 06:40:01.278.
Test Case '-[Yoga_of_EatingTests.WellbeingBreakdownSheetTests test_handleSmileyLongPress_noDataNoSheets]' started.
2026-05-15 06:40:01.278515+0530 Yoga of Eating[16836:137205] [[FirebaseCore]] 12.7.0 - [FirebaseCore][I-COR000003] The default Firebase app has not yet been configured. Add `FirebaseApp.configure()` to your application initialization. This can be done in in the App Delegate's application(_:didFinishLaunchingWithOptions:)` (or the `@main` struct's initializer in SwiftUI). Read more: https://firebase.google.com/docs/ios/setup#initialize_firebase_in_your_app
Test Case '-[Yoga_of_EatingTests.WellbeingBreakdownSheetTests test_handleSmileyLongPress_noDataNoSheets]' passed (0.000 seconds).
Test Case '-[Yoga_of_EatingTests.WellbeingBreakdownSheetTests test_handleSmileyLongPress_withBreakdownContract_opensBreakdownSheet]' started.
2026-05-15 06:40:01.279065+0530 Yoga of Eating[16836:137205] [[FirebaseCore]] 12.7.0 - [FirebaseCore][I-COR000003] The default Firebase app has not yet been configured. Add `FirebaseApp.configure()` to your application initialization. This can be done in in the App Delegate's application(_:didFinishLaunchingWithOptions:)` (or the `@main` struct's initializer in SwiftUI). Read more: https://firebase.google.com/docs/ios/setup#initialize_firebase_in_your_app
Test Case '-[Yoga_of_EatingTests.WellbeingBreakdownSheetTests test_handleSmileyLongPress_withBreakdownContract_opensBreakdownSheet]' passed (0.000 seconds).
Test Case '-[Yoga_of_EatingTests.WellbeingBreakdownSheetTests test_wellbeingBreakdownContract_containsCausalNarrative]' started.
2026-05-15 06:40:01.279623+0530 Yoga of Eating[16836:137205] [[FirebaseCore]] 12.7.0 - [FirebaseCore][I-COR000003] The default Firebase app has not yet been configured. Add `FirebaseApp.configure()` to your application initialization. This can be done in in the App Delegate's application(_:didFinishLaunchingWithOptions:)` (or the `@main` struct's initializer in SwiftUI). Read more: https://firebase.google.com/docs/ios/setup#initialize_firebase_in_your_app
Test Case '-[Yoga_of_EatingTests.WellbeingBreakdownSheetTests test_wellbeingBreakdownContract_containsCausalNarrative]' passed (0.000 seconds).
Test Case '-[Yoga_of_EatingTests.WellbeingBreakdownSheetTests test_wellbeingBreakdownContract_containsDimensions]' started.
2026-05-15 06:40:01.280161+0530 Yoga of Eating[16836:137205] [[FirebaseCore]] 12.7.0 - [FirebaseCore][I-COR000003] The default Firebase app has not yet been configured. Add `FirebaseApp.configure()` to your application initialization. This can be done in in the App Delegate's application(_:didFinishLaunchingWithOptions:)` (or the `@main` struct's initializer in SwiftUI). Read more: https://firebase.google.com/docs/ios/setup#initialize_firebase_in_your_app
Test Case '-[Yoga_of_EatingTests.WellbeingBreakdownSheetTests test_wellbeingBreakdownContract_containsDimensions]' passed (0.003 seconds).
Test Case '-[Yoga_of_EatingTests.WellbeingBreakdownSheetTests test_wellbeingBreakdownContract_containsDominantDimension]' started.
2026-05-15 06:40:01.283791+0530 Yoga of Eating[16836:137035] [[FirebaseCore]] 12.7.0 - [FirebaseCore][I-COR000003] The default Firebase app has not yet been configured. Add `FirebaseApp.configure()` to your application initialization. This can be done in in the App Delegate's application(_:didFinishLaunchingWithOptions:)` (or the `@main` struct's initializer in SwiftUI). Read more: https://firebase.google.com/docs/ios/setup#initialize_firebase_in_your_app
Test Case '-[Yoga_of_EatingTests.WellbeingBreakdownSheetTests test_wellbeingBreakdownContract_containsDominantDimension]' passed (0.003 seconds).
Test Case '-[Yoga_of_EatingTests.WellbeingBreakdownSheetTests test_wellbeingBreakdownContract_isNilWhenNoMeals]' started.
2026-05-15 06:40:01.287239+0530 Yoga of Eating[16836:137035] [[FirebaseCore]] 12.7.0 - [FirebaseCore][I-COR000003] The default Firebase app has not yet been configured. Add `FirebaseApp.configure()` to your application initialization. This can be done in in the App Delegate's application(_:didFinishLaunchingWithOptions:)` (or the `@main` struct's initializer in SwiftUI). Read more: https://firebase.google.com/docs/ios/setup#initialize_firebase_in_your_app
Test Case '-[Yoga_of_EatingTests.WellbeingBreakdownSheetTests test_wellbeingBreakdownContract_isNilWhenNoMeals]' passed (0.000 seconds).
Test Case '-[Yoga_of_EatingTests.WellbeingBreakdownSheetTests test_wellbeingBreakdownContract_isNilWhenNotViewingToday]' started.
2026-05-15 06:40:01.287837+0530 Yoga of Eating[16836:137035] [[FirebaseCore]] 12.7.0 - [FirebaseCore][I-COR000003] The default Firebase app has not yet been configured. Add `FirebaseApp.configure()` to your application initialization. This can be done in in the App Delegate's application(_:didFinishLaunchingWithOptions:)` (or the `@main` struct's initializer in SwiftUI). Read more: https://firebase.google.com/docs/ios/setup#initialize_firebase_in_your_app
Test Case '-[Yoga_of_EatingTests.WellbeingBreakdownSheetTests test_wellbeingBreakdownContract_isNilWhenNotViewingToday]' passed (0.000 seconds).
Test Case '-[Yoga_of_EatingTests.WellbeingBreakdownSheetTests test_wellbeingBreakdownContract_isNotNilWithMealsToday]' started.
2026-05-15 06:40:01.288371+0530 Yoga of Eating[16836:137035] [[FirebaseCore]] 12.7.0 - [FirebaseCore][I-COR000003] The default Firebase app has not yet been configured. Add `FirebaseApp.configure()` to your application initialization. This can be done in in the App Delegate's application(_:didFinishLaunchingWithOptions:)` (or the `@main` struct's initializer in SwiftUI). Read more: https://firebase.google.com/docs/ios/setup#initialize_firebase_in_your_app
Test Case '-[Yoga_of_EatingTests.WellbeingBreakdownSheetTests test_wellbeingBreakdownContract_isNotNilWithMealsToday]' passed (0.003 seconds).
Test Case '-[Yoga_of_EatingTests.WellbeingBreakdownSheetTests test_wellbeingBreakdownContract_weakDimensionsAllBelowNeutralThreshold]' started.
2026-05-15 06:40:01.291544+0530 Yoga of Eating[16836:137031] [[FirebaseCore]] 12.7.0 - [FirebaseCore][I-COR000003] The default Firebase app has not yet been configured. Add `FirebaseApp.configure()` to your application initialization. This can be done in in the App Delegate's application(_:didFinishLaunchingWithOptions:)` (or the `@main` struct's initializer in SwiftUI). Read more: https://firebase.google.com/docs/ios/setup#initialize_firebase_in_your_app
Test Case '-[Yoga_of_EatingTests.WellbeingBreakdownSheetTests test_wellbeingBreakdownContract_weakDimensionsAllBelowNeutralThreshold]' passed (0.000 seconds).
Test Case '-[Yoga_of_EatingTests.WellbeingBreakdownSheetTests test_wellbeingBreakdownContract_weakDimensionsAtMostTwo]' started.
2026-05-15 06:40:01.292086+0530 Yoga of Eating[16836:137042] [[FirebaseCore]] 12.7.0 - [FirebaseCore][I-COR000003] The default Firebase app has not yet been configured. Add `FirebaseApp.configure()` to your application initialization. This can be done in in the App Delegate's application(_:didFinishLaunchingWithOptions:)` (or the `@main` struct's initializer in SwiftUI). Read more: https://firebase.google.com/docs/ios/setup#initialize_firebase_in_your_app
Test Case '-[Yoga_of_EatingTests.WellbeingBreakdownSheetTests test_wellbeingBreakdownContract_weakDimensionsAtMostTwo]' passed (0.000 seconds).
Test Case '-[Yoga_of_EatingTests.WellbeingBreakdownSheetTests test_wellbeingBreakdownSheetContract_equatable]' started.
2026-05-15 06:40:01.292574+0530 Yoga of Eating[16836:137031] [[FirebaseCore]] 12.7.0 - [FirebaseCore][I-COR000003] The default Firebase app has not yet been configured. Add `FirebaseApp.configure()` to your application initialization. This can be done in in the App Delegate's application(_:didFinishLaunchingWithOptions:)` (or the `@main` struct's initializer in SwiftUI). Read more: https://firebase.google.com/docs/ios/setup#initialize_firebase_in_your_app
Test Case '-[Yoga_of_EatingTests.WellbeingBreakdownSheetTests test_wellbeingBreakdownSheetContract_equatable]' passed (0.000 seconds).
Test Case '-[Yoga_of_EatingTests.WellbeingBreakdownSheetTests test_wellbeingBreakdownSheetContract_isValueType]' started.
2026-05-15 06:40:01.293126+0530 Yoga of Eating[16836:137042] [[FirebaseCore]] 12.7.0 - [FirebaseCore][I-COR000003] The default Firebase app has not yet been configured. Add `FirebaseApp.configure()` to your application initialization. This can be done in in the App Delegate's application(_:didFinishLaunchingWithOptions:)` (or the `@main` struct's initializer in SwiftUI). Read more: https://firebase.google.com/docs/ios/setup#initialize_firebase_in_your_app
Test Case '-[Yoga_of_EatingTests.WellbeingBreakdownSheetTests test_wellbeingBreakdownSheetContract_isValueType]' passed (0.000 seconds).
Test Suite 'WellbeingBreakdownSheetTests' passed at 2026-05-15 06:40:01.293.
	 Executed 12 tests, with 0 failures (0 unexpected) in 0.013 (0.015) seconds
Test Suite 'WellbeingDimensionsTests' started at 2026-05-15 06:40:01.293.
Test Case '-[Yoga_of_EatingTests.WellbeingDimensionsTests test_codableRoundTrip_preservesAllDimensions]' started.
Test Case '-[Yoga_of_EatingTests.WellbeingDimensionsTests test_codableRoundTrip_preservesAllDimensions]' passed (0.001 seconds).
Test Case '-[Yoga_of_EatingTests.WellbeingDimensionsTests test_dimensions_clampAboveOne_onInit]' started.
Test Case '-[Yoga_of_EatingTests.WellbeingDimensionsTests test_dimensions_clampAboveOne_onInit]' passed (0.000 seconds).
Test Case '-[Yoga_of_EatingTests.WellbeingDimensionsTests test_dimensions_clampBelowZero_onInit]' started.
Test Case '-[Yoga_of_EatingTests.WellbeingDimensionsTests test_dimensions_clampBelowZero_onInit]' passed (0.000 seconds).
Test Case '-[Yoga_of_EatingTests.WellbeingDimensionsTests test_equatable_differentValues_areNotEqual]' started.
Test Case '-[Yoga_of_EatingTests.WellbeingDimensionsTests test_equatable_differentValues_areNotEqual]' passed (0.000 seconds).
Test Case '-[Yoga_of_EatingTests.WellbeingDimensionsTests test_equatable_sameValues_areEqual]' started.
Test Case '-[Yoga_of_EatingTests.WellbeingDimensionsTests test_equatable_sameValues_areEqual]' passed (0.000 seconds).
Test Case '-[Yoga_of_EatingTests.WellbeingDimensionsTests test_neutral_hasAllPointFive]' started.
Test Case '-[Yoga_of_EatingTests.WellbeingDimensionsTests test_neutral_hasAllPointFive]' passed (0.000 seconds).
Test Case '-[Yoga_of_EatingTests.WellbeingDimensionsTests test_neutral_overall_isPointFive]' started.
Test Case '-[Yoga_of_EatingTests.WellbeingDimensionsTests test_neutral_overall_isPointFive]' passed (0.000 seconds).
Test Case '-[Yoga_of_EatingTests.WellbeingDimensionsTests test_overall_allOne_isOne]' started.
Test Case '-[Yoga_of_EatingTests.WellbeingDimensionsTests test_overall_allOne_isOne]' passed (0.000 seconds).
Test Case '-[Yoga_of_EatingTests.WellbeingDimensionsTests test_overall_allZero_isZero]' started.
Test Case '-[Yoga_of_EatingTests.WellbeingDimensionsTests test_overall_allZero_isZero]' passed (0.000 seconds).
Test Case '-[Yoga_of_EatingTests.WellbeingDimensionsTests test_overall_isAverageOfFourDimensions]' started.
Test Case '-[Yoga_of_EatingTests.WellbeingDimensionsTests test_overall_isAverageOfFourDimensions]' passed (0.000 seconds).
Test Case '-[Yoga_of_EatingTests.WellbeingDimensionsTests test_wellbeingDimension_allCases_haveDisplayName]' started.
Test Case '-[Yoga_of_EatingTests.WellbeingDimensionsTests test_wellbeingDimension_allCases_haveDisplayName]' passed (0.000 seconds).
Test Case '-[Yoga_of_EatingTests.WellbeingDimensionsTests test_wellbeingDimension_codableRoundTrip]' started.
Test Case '-[Yoga_of_EatingTests.WellbeingDimensionsTests test_wellbeingDimension_codableRoundTrip]' passed (0.000 seconds).
Test Case '-[Yoga_of_EatingTests.WellbeingDimensionsTests test_wellbeingDimension_rawValues_areDistinct]' started.
Test Case '-[Yoga_of_EatingTests.WellbeingDimensionsTests test_wellbeingDimension_rawValues_areDistinct]' passed (0.000 seconds).
Test Suite 'WellbeingDimensionsTests' passed at 2026-05-15 06:40:01.301.
	 Executed 13 tests, with 0 failures (0 unexpected) in 0.005 (0.007) seconds
Test Suite 'YearlyCalendarViewModelTests' started at 2026-05-15 06:40:01.301.
Test Case '-[Yoga_of_EatingTests.YearlyCalendarViewModelTests test_allCells_includesPlaceholdersForWeekdayAlignment]' started.
Test Case '-[Yoga_of_EatingTests.YearlyCalendarViewModelTests test_allCells_includesPlaceholdersForWeekdayAlignment]' passed (0.002 seconds).
Test Case '-[Yoga_of_EatingTests.YearlyCalendarViewModelTests test_allCells_jan1AppearsInCorrectWeekdayColumn_2023]' started.
Test Case '-[Yoga_of_EatingTests.YearlyCalendarViewModelTests test_allCells_jan1AppearsInCorrectWeekdayColumn_2023]' passed (0.001 seconds).
Test Case '-[Yoga_of_EatingTests.YearlyCalendarViewModelTests test_allCells_jan1AppearsInCorrectWeekdayColumn_2024]' started.
Test Case '-[Yoga_of_EatingTests.YearlyCalendarViewModelTests test_allCells_jan1AppearsInCorrectWeekdayColumn_2024]' passed (0.001 seconds).
Test Case '-[Yoga_of_EatingTests.YearlyCalendarViewModelTests test_allCells_jan1AppearsInCorrectWeekdayColumn_2026]' started.
Test Case '-[Yoga_of_EatingTests.YearlyCalendarViewModelTests test_allCells_jan1AppearsInCorrectWeekdayColumn_2026]' passed (0.001 seconds).
Test Case '-[Yoga_of_EatingTests.YearlyCalendarViewModelTests test_allCells_totalCountIncludesPlaceholders]' started.
Test Case '-[Yoga_of_EatingTests.YearlyCalendarViewModelTests test_allCells_totalCountIncludesPlaceholders]' passed (0.001 seconds).
Test Case '-[Yoga_of_EatingTests.YearlyCalendarViewModelTests test_allDates_excludesPlaceholders]' started.
Test Case '-[Yoga_of_EatingTests.YearlyCalendarViewModelTests test_allDates_excludesPlaceholders]' passed (0.001 seconds).
Test Case '-[Yoga_of_EatingTests.YearlyCalendarViewModelTests test_changingYear_refetchesSnapshots]' started.
Test Case '-[Yoga_of_EatingTests.YearlyCalendarViewModelTests test_changingYear_refetchesSnapshots]' passed (0.001 seconds).
Test Case '-[Yoga_of_EatingTests.YearlyCalendarViewModelTests test_currentDay_appearsInCorrectColumn]' started.
Test Case '-[Yoga_of_EatingTests.YearlyCalendarViewModelTests test_currentDay_appearsInCorrectColumn]' passed (0.001 seconds).
Test Case '-[Yoga_of_EatingTests.YearlyCalendarViewModelTests test_fetchSnapshots_updatesSnapshots]' started.
Test Case '-[Yoga_of_EatingTests.YearlyCalendarViewModelTests test_fetchSnapshots_updatesSnapshots]' passed (0.001 seconds).
Test Case '-[Yoga_of_EatingTests.YearlyCalendarViewModelTests test_initialLayout_hasDefaultConfiguration]' started.
Test Case '-[Yoga_of_EatingTests.YearlyCalendarViewModelTests test_initialLayout_hasDefaultConfiguration]' passed (0.001 seconds).
Test Case '-[Yoga_of_EatingTests.YearlyCalendarViewModelTests test_initialState_isCurrentYear]' started.
Test Case '-[Yoga_of_EatingTests.YearlyCalendarViewModelTests test_initialState_isCurrentYear]' passed (0.001 seconds).
Test Case '-[Yoga_of_EatingTests.YearlyCalendarViewModelTests test_monthLabelOffsets_calculatedCorrectly]' started.
Test Case '-[Yoga_of_EatingTests.YearlyCalendarViewModelTests test_monthLabelOffsets_calculatedCorrectly]' passed (0.001 seconds).
Test Case '-[Yoga_of_EatingTests.YearlyCalendarViewModelTests test_selectingSnapshot_updatesSelectedSnapshot]' started.
Test Case '-[Yoga_of_EatingTests.YearlyCalendarViewModelTests test_selectingSnapshot_updatesSelectedSnapshot]' passed (0.001 seconds).
Test Case '-[Yoga_of_EatingTests.YearlyCalendarViewModelTests test_updateLayout_calculatesAppropiateCellSize]' started.
Test Case '-[Yoga_of_EatingTests.YearlyCalendarViewModelTests test_updateLayout_calculatesAppropiateCellSize]' passed (0.001 seconds).
Test Case '-[Yoga_of_EatingTests.YearlyCalendarViewModelTests test_updateLayout_forLandscape_setsHorizontalDirection]' started.
Test Case '-[Yoga_of_EatingTests.YearlyCalendarViewModelTests test_updateLayout_forLandscape_setsHorizontalDirection]' passed (0.001 seconds).
Test Case '-[Yoga_of_EatingTests.YearlyCalendarViewModelTests test_updateLayout_forPortrait_setsVerticalDirection]' started.
Test Case '-[Yoga_of_EatingTests.YearlyCalendarViewModelTests test_updateLayout_forPortrait_setsVerticalDirection]' passed (0.001 seconds).
Test Case '-[Yoga_of_EatingTests.YearlyCalendarViewModelTests test_updateLayout_onlyUpdatesWhenMeaningfulChange]' started.
Test Case '-[Yoga_of_EatingTests.YearlyCalendarViewModelTests test_updateLayout_onlyUpdatesWhenMeaningfulChange]' passed (0.001 seconds).
Test Case '-[Yoga_of_EatingTests.YearlyCalendarViewModelTests test_yearDates_hasCorrectCountAndStart]' started.
Test Case '-[Yoga_of_EatingTests.YearlyCalendarViewModelTests test_yearDates_hasCorrectCountAndStart]' passed (0.001 seconds).
Test Suite 'YearlyCalendarViewModelTests' passed at 2026-05-15 06:40:01.320.
	 Executed 18 tests, with 0 failures (0 unexpected) in 0.016 (0.019) seconds
Test Suite 'Yoga_of_EatingTests' started at 2026-05-15 06:40:01.320.
Test Case '-[Yoga_of_EatingTests.Yoga_of_EatingTests testExample]' started.
Test Case '-[Yoga_of_EatingTests.Yoga_of_EatingTests testExample]' passed (0.000 seconds).
Test Case '-[Yoga_of_EatingTests.Yoga_of_EatingTests testPerformanceExample]' started.
2026-05-15 06:40:01.322692+0530 Yoga of Eating[16836:137001] [Reflection] Failed to fetch HealthKit sleep data: Authorization not determined
2026-05-15 06:40:01.322835+0530 Yoga of Eating[16836:137001] [Reflection] Failed to fetch HealthKit sleep data: Authorization not determined
2026-05-15 06:40:01.323198+0530 Yoga of Eating[16836:137001] [Reflection] Failed to fetch HealthKit sleep data: Authorization not determined
2026-05-15 06:40:01.323358+0530 Yoga of Eating[16836:137001] [Reflection] Failed to fetch HealthKit sleep data: Authorization not determined
2026-05-15 06:40:01.324328+0530 Yoga of Eating[16836:137001] [Reflection] Failed to fetch HealthKit sleep data: Authorization not determined
2026-05-15 06:40:01.324505+0530 Yoga of Eating[16836:137001] [Reflection] Failed to fetch HealthKit sleep data: Authorization not determined
2026-05-15 06:40:01.324725+0530 Yoga of Eating[16836:137001] [Reflection] Failed to fetch HealthKit sleep data: Authorization not determined
2026-05-15 06:40:01.324940+0530 Yoga of Eating[16836:137001] [Reflection] Failed to fetch HealthKit sleep data: Authorization not determined
2026-05-15 06:40:01.325449+0530 Yoga of Eating[16836:137001] [Reflection] Failed to fetch HealthKit sleep data: Authorization not determined
2026-05-15 06:40:01.325635+0530 Yoga of Eating[16836:137001] [Reflection] Failed to fetch HealthKit sleep data: Authorization not determined
2026-05-15 06:40:01.325733+0530 Yoga of Eating[16836:137001] [Reflection] Failed to fetch HealthKit sleep data: Authorization not determined
2026-05-15 06:40:01.325870+0530 Yoga of Eating[16836:137001] [Reflection] Failed to fetch HealthKit sleep data: Authorization not determined
/Users/sunil/Downloads/YogaofEating/Yoga of EatingTests/Yoga_of_EatingTests.swift:44: Test Case '-[Yoga_of_EatingTests.Yoga_of_EatingTests testPerformanceExample]' measured [Time, seconds] average: 0.000, relative standard deviation: 133.474%, values: [0.000098, 0.000018, 0.000011, 0.000011, 0.000010, 0.000010, 0.000009, 0.000010, 0.000009, 0.000009], performanceMetricID:com.apple.XCTPerformanceMetric_WallClockTime, baselineName: "", baselineAverage: , polarity: prefers smaller, maxPercentRegression: 10.000%, maxPercentRelativeStandardDeviation: 10.000%, maxRegression: 0.100, maxStandardDeviation: 0.100
Test Case '-[Yoga_of_EatingTests.Yoga_of_EatingTests testPerformanceExample]' passed (0.310 seconds).
Test Suite 'Yoga_of_EatingTests' passed at 2026-05-15 06:40:01.631.
	 Executed 2 tests, with 0 failures (0 unexpected) in 0.310 (0.311) seconds
Test Suite 'Yoga of EatingTests.xctest' passed at 2026-05-15 06:40:01.631.
	 Executed 671 tests, with 0 failures (0 unexpected) in 9.704 (9.862) seconds
Test Suite 'Selected tests' passed at 2026-05-15 06:40:01.631.
	 Executed 671 tests, with 0 failures (0 unexpected) in 9.704 (9.862) seconds

Test session results, code coverage, and logs:
	/Users/sunil/Library/Developer/Xcode/DerivedData/Yoga_of_Eating-ducgyjnlphnmtmcobbndvvbfdgcp/Logs/Test/Test-Yoga of Eating-2026.05.15_06-31-23-+0530.xcresult

Testing started
